Dataset=plsda_latent_features side=left model=SqueezeNet
Test people=73; sampling=N of N with replacement; seed=42; saved Prediction unchanged
Attempted=1000; valid=1000; skipped=0
{
  "Accuracy": {
    "original": 0.7123287671232876,
    "bootstrap_mean": 0.7144109589041097,
    "bootstrap_std": 0.052706268874787444,
    "ci95_lower": 0.6027397260273972,
    "ci95_upper": 0.8082191780821918
  },
  "BalancedAccuracy": {
    "original": 0.7164484451718494,
    "bootstrap_mean": 0.7184483156124614,
    "bootstrap_std": 0.05597435551927541,
    "ci95_lower": 0.6029089673913044,
    "ci95_upper": 0.8243140243902439
  },
  "Sensitivity_Class0": {
    "original": 0.7021276595744681,
    "bootstrap_mean": 0.7052045661220427,
    "bootstrap_std": 0.06473725791018194,
    "ci95_lower": 0.5777777777777777,
    "ci95_upper": 0.8235933503836316
  },
  "Specificity_Class0": {
    "original": 0.7307692307692307,
    "bootstrap_mean": 0.7316920651028801,
    "bootstrap_std": 0.09060419067052831,
    "ci95_lower": 0.55,
    "ci95_upper": 0.9131340579710143
  },
  "F1_Class0": {
    "original": 0.7586206896551724,
    "bootstrap_mean": 0.7593250754332806,
    "bootstrap_std": 0.0512126543158517,
    "ci95_lower": 0.65,
    "ci95_upper": 0.8510743627554245
  },
  "Sensitivity_Class1": {
    "original": 0.7307692307692307,
    "bootstrap_mean": 0.7316920651028801,
    "bootstrap_std": 0.09060419067052831,
    "ci95_lower": 0.55,
    "ci95_upper": 0.9131340579710143
  },
  "Specificity_Class1": {
    "original": 0.7021276595744681,
    "bootstrap_mean": 0.7052045661220427,
    "bootstrap_std": 0.06473725791018194,
    "ci95_lower": 0.5777777777777777,
    "ci95_upper": 0.8235933503836316
  },
  "F1_Class1": {
    "original": 0.6440677966101694,
    "bootstrap_mean": 0.6402825294806442,
    "bootstrap_std": 0.07350765991461185,
    "ci95_lower": 0.4888888888888889,
    "ci95_upper": 0.78125
  },
  "F1_macro": {
    "original": 0.7013442431326709,
    "bootstrap_mean": 0.6998038024569625,
    "bootstrap_std": 0.05463711644363065,
    "ci95_lower": 0.5853145381864086,
    "ci95_upper": 0.8048239920275205
  },
  "AUC": {
    "original": 0.8424713584288053,
    "bootstrap_mean": 0.845891293200812,
    "bootstrap_std": 0.05272795163434384,
    "ci95_lower": 0.7343737754702194,
    "ci95_upper": 0.943030639675225
  }
}
