Command: ["C:\\Users\\IHCK\\AppData\\Local\\Programs\\Python\\Python312\\python.exe", "-u", "C:\\Users\\IHCK\\Desktop\\1_10_69Final\\Hippocampal-Shape-Analysis-for-Epilepsy-Detection\\Model\\train_dataset_model.py", "--dataset", "augment_plsda_balanced", "--side", "right", "--model", "MLP", "--kind", "coef", "--train-csv", "C:\\Users\\IHCK\\Desktop\\1_10_69Final\\Hippocampal-Shape-Analysis-for-Epilepsy-Detection\\Output_Dataset\\augment_plsda_balanced\\right\\train_prepared.csv", "--test-csv", "C:\\Users\\IHCK\\Desktop\\1_10_69Final\\Hippocampal-Shape-Analysis-for-Epilepsy-Detection\\Output_Dataset\\augment_plsda_balanced\\right\\test_prepared.csv", "--output-dir", "C:\\Users\\IHCK\\Desktop\\1_10_69Final\\Hippocampal-Shape-Analysis-for-Epilepsy-Detection\\Model_Results\\dataset_runs_20261003_10fold\\augment_plsda_balanced\\right\\MLP", "--epochs", "80", "--folds", "10", "--pls-components", "8", "--seed", "42", "--threads", "2"]
10-fold CV: dataset=augment_plsda_balanced side=right model=MLP; original_train=300 test=77
Iteration 1, loss = 0.41444529
Iteration 2, loss = 0.10430355
Iteration 3, loss = 0.03232398
Iteration 4, loss = 0.01434319
Iteration 5, loss = 0.00902584
Iteration 6, loss = 0.00688400
Iteration 7, loss = 0.00586765
Iteration 8, loss = 0.00498893
Iteration 9, loss = 0.00450433
Iteration 10, loss = 0.00410832
Iteration 11, loss = 0.00366605
Iteration 12, loss = 0.00333964
Iteration 13, loss = 0.00309235
Iteration 14, loss = 0.00289695
Iteration 15, loss = 0.00276440
Iteration 16, loss = 0.00247426
Iteration 17, loss = 0.00242174
Iteration 18, loss = 0.00238206
Iteration 19, loss = 0.00218631
Iteration 20, loss = 0.00200620
Iteration 21, loss = 0.00185441
Iteration 22, loss = 0.00191199
Iteration 23, loss = 0.00184474
Iteration 24, loss = 0.00164065
Iteration 25, loss = 0.00153254
Iteration 26, loss = 0.00147429
Iteration 27, loss = 0.00141536
Iteration 28, loss = 0.00135909
Iteration 29, loss = 0.00135611
Iteration 30, loss = 0.00125951
Iteration 31, loss = 0.00125211
Iteration 32, loss = 0.00119896
Iteration 33, loss = 0.00116296
Iteration 34, loss = 0.00110776
Iteration 35, loss = 0.00107021
Iteration 36, loss = 0.00114490
Training loss did not improve more than tol=0.000100 for 10 consecutive epochs. Stopping.
fold=1/10 OOF_accuracy=0.766667 OOF_AUC=0.812500
Iteration 1, loss = 0.41393414
Iteration 2, loss = 0.08984627
Iteration 3, loss = 0.02756195
Iteration 4, loss = 0.01264774
Iteration 5, loss = 0.00801290
Iteration 6, loss = 0.00610637
Iteration 7, loss = 0.00495602
Iteration 8, loss = 0.00429542
Iteration 9, loss = 0.00379469
Iteration 10, loss = 0.00335465
Iteration 11, loss = 0.00304341
Iteration 12, loss = 0.00274296
Iteration 13, loss = 0.00248245
Iteration 14, loss = 0.00231100
Iteration 15, loss = 0.00209222
Iteration 16, loss = 0.00194369
Iteration 17, loss = 0.00181133
Iteration 18, loss = 0.00169470
Iteration 19, loss = 0.00157582
Iteration 20, loss = 0.00149741
Iteration 21, loss = 0.00139169
Iteration 22, loss = 0.00134282
Iteration 23, loss = 0.00126364
Iteration 24, loss = 0.00119492
Iteration 25, loss = 0.00113631
Iteration 26, loss = 0.00108623
Iteration 27, loss = 0.00103600
Iteration 28, loss = 0.00099723
Iteration 29, loss = 0.00094998
Iteration 30, loss = 0.00091168
Iteration 31, loss = 0.00086980
Iteration 32, loss = 0.00083528
Training loss did not improve more than tol=0.000100 for 10 consecutive epochs. Stopping.
fold=2/10 OOF_accuracy=0.833333 OOF_AUC=0.903409
Iteration 1, loss = 0.42300276
Iteration 2, loss = 0.09718825
Iteration 3, loss = 0.03073849
Iteration 4, loss = 0.01575473
Iteration 5, loss = 0.01104564
Iteration 6, loss = 0.00889890
Iteration 7, loss = 0.00768717
Iteration 8, loss = 0.00686560
Iteration 9, loss = 0.00613601
Iteration 10, loss = 0.00551410
Iteration 11, loss = 0.00506676
Iteration 12, loss = 0.00468156
Iteration 13, loss = 0.00431279
Iteration 14, loss = 0.00392742
Iteration 15, loss = 0.00367237
Iteration 16, loss = 0.00334963
Iteration 17, loss = 0.00310812
Iteration 18, loss = 0.00296046
Iteration 19, loss = 0.00275267
Iteration 20, loss = 0.00248367
Iteration 21, loss = 0.00230227
Iteration 22, loss = 0.00218077
Iteration 23, loss = 0.00204970
Iteration 24, loss = 0.00191836
Iteration 25, loss = 0.00177505
Iteration 26, loss = 0.00167312
Iteration 27, loss = 0.00157654
Iteration 28, loss = 0.00149071
Iteration 29, loss = 0.00142840
Iteration 30, loss = 0.00135049
Iteration 31, loss = 0.00128606
Iteration 32, loss = 0.00121913
Iteration 33, loss = 0.00118828
Iteration 34, loss = 0.00113311
Iteration 35, loss = 0.00108490
Iteration 36, loss = 0.00103750
Iteration 37, loss = 0.00100425
Training loss did not improve more than tol=0.000100 for 10 consecutive epochs. Stopping.
fold=3/10 OOF_accuracy=0.733333 OOF_AUC=0.818182
Iteration 1, loss = 0.34282049
Iteration 2, loss = 0.06453950
Iteration 3, loss = 0.02102344
Iteration 4, loss = 0.01189153
Iteration 5, loss = 0.00839543
Iteration 6, loss = 0.00680454
Iteration 7, loss = 0.00587958
Iteration 8, loss = 0.00509022
Iteration 9, loss = 0.00456111
Iteration 10, loss = 0.00416089
Iteration 11, loss = 0.00372734
Iteration 12, loss = 0.00341605
Iteration 13, loss = 0.00313326
Iteration 14, loss = 0.00289094
Iteration 15, loss = 0.00270639
Iteration 16, loss = 0.00244466
Iteration 17, loss = 0.00234913
Iteration 18, loss = 0.00219543
Iteration 19, loss = 0.00201202
Iteration 20, loss = 0.00192434
Iteration 21, loss = 0.00179981
Iteration 22, loss = 0.00172220
Iteration 23, loss = 0.00162596
Iteration 24, loss = 0.00158163
Iteration 25, loss = 0.00145044
Iteration 26, loss = 0.00143345
Iteration 27, loss = 0.00136754
Iteration 28, loss = 0.00129921
Iteration 29, loss = 0.00122355
Iteration 30, loss = 0.00118497
Iteration 31, loss = 0.00112770
Iteration 32, loss = 0.00109662
Iteration 33, loss = 0.00110810
Iteration 34, loss = 0.00101195
Iteration 35, loss = 0.00099164
Iteration 36, loss = 0.00094704
Training loss did not improve more than tol=0.000100 for 10 consecutive epochs. Stopping.
fold=4/10 OOF_accuracy=0.833333 OOF_AUC=0.750000
Iteration 1, loss = 0.42379787
Iteration 2, loss = 0.09776170
Iteration 3, loss = 0.03229668
Iteration 4, loss = 0.01546214
Iteration 5, loss = 0.01032524
Iteration 6, loss = 0.00815876
Iteration 7, loss = 0.00689981
Iteration 8, loss = 0.00602692
Iteration 9, loss = 0.00540380
Iteration 10, loss = 0.00490264
Iteration 11, loss = 0.00446893
Iteration 12, loss = 0.00405952
Iteration 13, loss = 0.00373509
Iteration 14, loss = 0.00344632
Iteration 15, loss = 0.00318325
Iteration 16, loss = 0.00301113
Iteration 17, loss = 0.00280662
Iteration 18, loss = 0.00259938
Iteration 19, loss = 0.00239352
Iteration 20, loss = 0.00223747
Iteration 21, loss = 0.00208199
Iteration 22, loss = 0.00194161
Iteration 23, loss = 0.00182587
Iteration 24, loss = 0.00171039
Iteration 25, loss = 0.00162156
Iteration 26, loss = 0.00161146
Iteration 27, loss = 0.00144352
Iteration 28, loss = 0.00136380
Iteration 29, loss = 0.00129620
Iteration 30, loss = 0.00124604
Iteration 31, loss = 0.00118434
Iteration 32, loss = 0.00113505
Iteration 33, loss = 0.00108346
Iteration 34, loss = 0.00103212
Iteration 35, loss = 0.00099669
Iteration 36, loss = 0.00096161
Iteration 37, loss = 0.00091895
Iteration 38, loss = 0.00089145
Training loss did not improve more than tol=0.000100 for 10 consecutive epochs. Stopping.
fold=5/10 OOF_accuracy=0.900000 OOF_AUC=0.965909
Iteration 1, loss = 0.42925631
Iteration 2, loss = 0.09950456
Iteration 3, loss = 0.02945267
Iteration 4, loss = 0.01332419
Iteration 5, loss = 0.00843833
Iteration 6, loss = 0.00637448
Iteration 7, loss = 0.00517834
Iteration 8, loss = 0.00444537
Iteration 9, loss = 0.00395347
Iteration 10, loss = 0.00349060
Iteration 11, loss = 0.00310384
Iteration 12, loss = 0.00281817
Iteration 13, loss = 0.00255083
Iteration 14, loss = 0.00233979
Iteration 15, loss = 0.00217601
Iteration 16, loss = 0.00200008
Iteration 17, loss = 0.00186337
Iteration 18, loss = 0.00172981
Iteration 19, loss = 0.00162534
Iteration 20, loss = 0.00152617
Iteration 21, loss = 0.00144425
Iteration 22, loss = 0.00136490
Iteration 23, loss = 0.00130501
Iteration 24, loss = 0.00123442
Iteration 25, loss = 0.00116924
Iteration 26, loss = 0.00111721
Iteration 27, loss = 0.00107417
Iteration 28, loss = 0.00102582
Iteration 29, loss = 0.00098059
Iteration 30, loss = 0.00094921
Training loss did not improve more than tol=0.000100 for 10 consecutive epochs. Stopping.
fold=6/10 OOF_accuracy=0.800000 OOF_AUC=0.903409
Iteration 1, loss = 0.41613077
Iteration 2, loss = 0.08363337
Iteration 3, loss = 0.02596646
Iteration 4, loss = 0.01335522
Iteration 5, loss = 0.00922017
Iteration 6, loss = 0.00735806
Iteration 7, loss = 0.00602163
Iteration 8, loss = 0.00514449
Iteration 9, loss = 0.00453432
Iteration 10, loss = 0.00398365
Iteration 11, loss = 0.00377842
Iteration 12, loss = 0.00325541
Iteration 13, loss = 0.00294837
Iteration 14, loss = 0.00276660
Iteration 15, loss = 0.00257275
Iteration 16, loss = 0.00233810
Iteration 17, loss = 0.00222568
Iteration 18, loss = 0.00208018
Iteration 19, loss = 0.00191140
Iteration 20, loss = 0.00180189
Iteration 21, loss = 0.00172296
Iteration 22, loss = 0.00164149
Iteration 23, loss = 0.00152841
Iteration 24, loss = 0.00145196
Iteration 25, loss = 0.00139498
Iteration 26, loss = 0.00138576
Iteration 27, loss = 0.00126880
Iteration 28, loss = 0.00124365
Iteration 29, loss = 0.00117887
Iteration 30, loss = 0.00115222
Iteration 31, loss = 0.00115703
Iteration 32, loss = 0.00104263
Iteration 33, loss = 0.00100890
Iteration 34, loss = 0.00101547
Iteration 35, loss = 0.00094718
Iteration 36, loss = 0.00092568
Iteration 37, loss = 0.00089137
Iteration 38, loss = 0.00086218
Iteration 39, loss = 0.00083641
Iteration 40, loss = 0.00079603
Iteration 41, loss = 0.00078966
Iteration 42, loss = 0.00077048
Iteration 43, loss = 0.00075839
Training loss did not improve more than tol=0.000100 for 10 consecutive epochs. Stopping.
fold=7/10 OOF_accuracy=0.866667 OOF_AUC=0.869318
Iteration 1, loss = 0.34513270
Iteration 2, loss = 0.05486816
Iteration 3, loss = 0.01439114
Iteration 4, loss = 0.00674685
Iteration 5, loss = 0.00421739
Iteration 6, loss = 0.00326103
Iteration 7, loss = 0.00265976
Iteration 8, loss = 0.00229244
Iteration 9, loss = 0.00202213
Iteration 10, loss = 0.00176682
Iteration 11, loss = 0.00158608
Iteration 12, loss = 0.00142430
Iteration 13, loss = 0.00129809
Iteration 14, loss = 0.00117843
Iteration 15, loss = 0.00107722
Iteration 16, loss = 0.00100177
Iteration 17, loss = 0.00092804
Iteration 18, loss = 0.00086181
Iteration 19, loss = 0.00081601
Iteration 20, loss = 0.00076341
Iteration 21, loss = 0.00072400
Iteration 22, loss = 0.00068939
Iteration 23, loss = 0.00065579
Iteration 24, loss = 0.00063058
Iteration 25, loss = 0.00060684
Iteration 26, loss = 0.00058453
Training loss did not improve more than tol=0.000100 for 10 consecutive epochs. Stopping.
fold=8/10 OOF_accuracy=0.700000 OOF_AUC=0.710227
Iteration 1, loss = 0.40908015
Iteration 2, loss = 0.10055800
Iteration 3, loss = 0.03089190
Iteration 4, loss = 0.01402528
Iteration 5, loss = 0.00890436
Iteration 6, loss = 0.00671547
Iteration 7, loss = 0.00532865
Iteration 8, loss = 0.00448596
Iteration 9, loss = 0.00382933
Iteration 10, loss = 0.00340799
Iteration 11, loss = 0.00307118
Iteration 12, loss = 0.00271888
Iteration 13, loss = 0.00246158
Iteration 14, loss = 0.00224645
Iteration 15, loss = 0.00208802
Iteration 16, loss = 0.00191463
Iteration 17, loss = 0.00176625
Iteration 18, loss = 0.00163747
Iteration 19, loss = 0.00152906
Iteration 20, loss = 0.00144894
Iteration 21, loss = 0.00135572
Iteration 22, loss = 0.00127803
Iteration 23, loss = 0.00121005
Iteration 24, loss = 0.00116370
Iteration 25, loss = 0.00110926
Iteration 26, loss = 0.00105632
Iteration 27, loss = 0.00100418
Iteration 28, loss = 0.00097363
Iteration 29, loss = 0.00093172
Iteration 30, loss = 0.00089871
Training loss did not improve more than tol=0.000100 for 10 consecutive epochs. Stopping.
fold=9/10 OOF_accuracy=0.733333 OOF_AUC=0.767045
Iteration 1, loss = 0.39586737
Iteration 2, loss = 0.08278073
Iteration 3, loss = 0.02434863
Iteration 4, loss = 0.01174407
Iteration 5, loss = 0.00764549
Iteration 6, loss = 0.00581758
Iteration 7, loss = 0.00474895
Iteration 8, loss = 0.00399590
Iteration 9, loss = 0.00346324
Iteration 10, loss = 0.00304973
Iteration 11, loss = 0.00271487
Iteration 12, loss = 0.00248232
Iteration 13, loss = 0.00219849
Iteration 14, loss = 0.00200125
Iteration 15, loss = 0.00181947
Iteration 16, loss = 0.00167757
Iteration 17, loss = 0.00155007
Iteration 18, loss = 0.00143999
Iteration 19, loss = 0.00133568
Iteration 20, loss = 0.00125848
Iteration 21, loss = 0.00117162
Iteration 22, loss = 0.00110497
Iteration 23, loss = 0.00103821
Iteration 24, loss = 0.00098457
Iteration 25, loss = 0.00093590
Iteration 26, loss = 0.00088909
Iteration 27, loss = 0.00084768
Iteration 28, loss = 0.00080269
Iteration 29, loss = 0.00076396
Iteration 30, loss = 0.00073351
Training loss did not improve more than tol=0.000100 for 10 consecutive epochs. Stopping.
fold=10/10 OOF_accuracy=0.766667 OOF_AUC=0.767196
Iteration 1, loss = 0.43001953
Iteration 2, loss = 0.09649305
Iteration 3, loss = 0.03189099
Iteration 4, loss = 0.01624220
Iteration 5, loss = 0.01165660
Iteration 6, loss = 0.00932874
Iteration 7, loss = 0.00793507
Iteration 8, loss = 0.00688473
Iteration 9, loss = 0.00618710
Iteration 10, loss = 0.00549031
Iteration 11, loss = 0.00503766
Iteration 12, loss = 0.00468287
Iteration 13, loss = 0.00437893
Iteration 14, loss = 0.00402085
Iteration 15, loss = 0.00369475
Iteration 16, loss = 0.00340493
Iteration 17, loss = 0.00323677
Iteration 18, loss = 0.00307638
Iteration 19, loss = 0.00298426
Iteration 20, loss = 0.00267432
Iteration 21, loss = 0.00252101
Iteration 22, loss = 0.00237708
Iteration 23, loss = 0.00223138
Iteration 24, loss = 0.00219820
Iteration 25, loss = 0.00206295
Iteration 26, loss = 0.00192588
Iteration 27, loss = 0.00179209
Iteration 28, loss = 0.00177803
Iteration 29, loss = 0.00166969
Iteration 30, loss = 0.00159474
Iteration 31, loss = 0.00153103
Iteration 32, loss = 0.00145765
Iteration 33, loss = 0.00140771
Iteration 34, loss = 0.00133064
Iteration 35, loss = 0.00128998
Iteration 36, loss = 0.00126437
Iteration 37, loss = 0.00121932
Iteration 38, loss = 0.00114821
Iteration 39, loss = 0.00116848
Iteration 40, loss = 0.00107516
Training loss did not improve more than tol=0.000100 for 10 consecutive epochs. Stopping.
{"cv_oof": {"accuracy": 0.7933333333333333, "balanced_accuracy": 0.7339759851175376, "sensitivity": 0.6049382716049383, "specificity": 0.863013698630137, "f1_macro": 0.7357954545454546, "roc_auc": 0.8214668245109645, "confusion_matrix": [[189, 30], [32, 49]], "classification_report": {"0": {"precision": 0.8552036199095022, "recall": 0.863013698630137, "f1-score": 0.8590909090909091, "support": 219.0}, "1": {"precision": 0.620253164556962, "recall": 0.6049382716049383, "f1-score": 0.6125, "support": 81.0}, "accuracy": 0.7933333333333333, "macro avg": {"precision": 0.737728392233232, "recall": 0.7339759851175376, "f1-score": 0.7357954545454546, "support": 300.0}, "weighted avg": {"precision": 0.7917669969643164, "recall": 0.7933333333333333, "f1-score": 0.7925113636363638, "support": 300.0}}}, "test": {"accuracy": 0.8181818181818182, "balanced_accuracy": 0.7410714285714286, "sensitivity": 0.5714285714285714, "specificity": 0.9107142857142857, "f1_macro": 0.7554446460980035, "roc_auc": 0.8052721088435373, "confusion_matrix": [[51, 5], [9, 12]], "classification_report": {"0": {"precision": 0.85, "recall": 0.9107142857142857, "f1-score": 0.8793103448275862, "support": 56.0}, "1": {"precision": 0.7058823529411765, "recall": 0.5714285714285714, "f1-score": 0.631578947368421, "support": 21.0}, "accuracy": 0.8181818181818182, "macro avg": {"precision": 0.7779411764705882, "recall": 0.7410714285714286, "f1-score": 0.7554446460980035, "support": 77.0}, "weighted avg": {"precision": 0.8106951871657754, "recall": 0.8181818181818182, "f1-score": 0.8117472364296321, "support": 77.0}}}, "folds": 10, "original_train_rows": 300, "train_rows": 2182, "test_rows": 77, "elapsed_seconds": 13.5}
