Command: ["C:\\Users\\IHCK\\AppData\\Local\\Programs\\Python\\Python312\\python.exe", "-u", "C:\\Users\\IHCK\\Desktop\\1_10_69Final\\Hippocampal-Shape-Analysis-for-Epilepsy-Detection\\Model\\train_dataset_model.py", "--dataset", "augment_plsda_balanced", "--side", "left", "--model", "ResNetAE", "--kind", "coef", "--train-csv", "C:\\Users\\IHCK\\Desktop\\1_10_69Final\\Hippocampal-Shape-Analysis-for-Epilepsy-Detection\\Output_Dataset\\augment_plsda_balanced\\left\\train_prepared.csv", "--test-csv", "C:\\Users\\IHCK\\Desktop\\1_10_69Final\\Hippocampal-Shape-Analysis-for-Epilepsy-Detection\\Output_Dataset\\augment_plsda_balanced\\left\\test_prepared.csv", "--output-dir", "C:\\Users\\IHCK\\Desktop\\1_10_69Final\\Hippocampal-Shape-Analysis-for-Epilepsy-Detection\\Model_Results\\dataset_runs_20261003_10fold\\augment_plsda_balanced\\left\\ResNetAE", "--epochs", "80", "--folds", "10", "--pls-components", "8", "--seed", "42", "--threads", "2"]
10-fold CV: dataset=augment_plsda_balanced side=left model=ResNetAE; original_train=300 test=73
Device=cuda; epochs=80; batch=32; model=ResNetAutoencoder1D
epoch=1/80 loss=5.165434 seconds=0.80
epoch=2/80 loss=1.314230 seconds=0.34
epoch=3/80 loss=0.769890 seconds=0.31
epoch=4/80 loss=0.599621 seconds=0.36
epoch=5/80 loss=0.577926 seconds=0.33
epoch=6/80 loss=0.506993 seconds=0.27
epoch=7/80 loss=0.413586 seconds=0.39
epoch=8/80 loss=0.418974 seconds=0.30
epoch=9/80 loss=0.388243 seconds=0.30
epoch=10/80 loss=0.320450 seconds=0.31
epoch=11/80 loss=0.356490 seconds=0.30
epoch=12/80 loss=0.341283 seconds=0.33
epoch=13/80 loss=0.318890 seconds=0.30
epoch=14/80 loss=0.313164 seconds=0.36
epoch=15/80 loss=0.321418 seconds=0.30
epoch=16/80 loss=0.301406 seconds=0.31
epoch=17/80 loss=0.269273 seconds=0.31
epoch=18/80 loss=0.247652 seconds=0.31
epoch=19/80 loss=0.254208 seconds=0.31
epoch=20/80 loss=0.258969 seconds=0.30
epoch=21/80 loss=0.239980 seconds=0.34
epoch=22/80 loss=0.189479 seconds=0.36
epoch=23/80 loss=0.210979 seconds=0.30
epoch=24/80 loss=0.233817 seconds=0.30
epoch=25/80 loss=0.210215 seconds=0.31
epoch=26/80 loss=0.223962 seconds=0.31
epoch=27/80 loss=0.202870 seconds=0.34
epoch=28/80 loss=0.191564 seconds=0.33
epoch=29/80 loss=0.204238 seconds=0.28
epoch=30/80 loss=0.172610 seconds=0.30
epoch=31/80 loss=0.163796 seconds=0.28
epoch=32/80 loss=0.184125 seconds=0.31
epoch=33/80 loss=0.169915 seconds=0.28
epoch=34/80 loss=0.181661 seconds=0.33
epoch=35/80 loss=0.192705 seconds=0.33
epoch=36/80 loss=0.156419 seconds=0.31
epoch=37/80 loss=0.158176 seconds=0.31
epoch=38/80 loss=0.184048 seconds=0.36
epoch=39/80 loss=0.155465 seconds=0.31
epoch=40/80 loss=0.147853 seconds=0.31
epoch=41/80 loss=0.159474 seconds=0.34
epoch=42/80 loss=0.143856 seconds=0.28
epoch=43/80 loss=0.148165 seconds=0.30
epoch=44/80 loss=0.138815 seconds=0.30
epoch=45/80 loss=0.133070 seconds=0.28
epoch=46/80 loss=0.144075 seconds=0.28
epoch=47/80 loss=0.146149 seconds=0.28
epoch=48/80 loss=0.136871 seconds=0.28
epoch=49/80 loss=0.147055 seconds=0.34
epoch=50/80 loss=0.163263 seconds=0.30
epoch=51/80 loss=0.155088 seconds=0.28
epoch=52/80 loss=0.136765 seconds=0.30
epoch=53/80 loss=0.146823 seconds=0.28
epoch=54/80 loss=0.136509 seconds=0.28
epoch=55/80 loss=0.138995 seconds=0.30
epoch=56/80 loss=0.126554 seconds=0.34
epoch=57/80 loss=0.141987 seconds=0.27
epoch=58/80 loss=0.118441 seconds=0.28
epoch=59/80 loss=0.132055 seconds=0.30
epoch=60/80 loss=0.115394 seconds=0.30
epoch=61/80 loss=0.134343 seconds=0.28
epoch=62/80 loss=0.132420 seconds=0.31
epoch=63/80 loss=0.116908 seconds=0.38
epoch=64/80 loss=0.126125 seconds=0.38
epoch=65/80 loss=0.121331 seconds=0.34
epoch=66/80 loss=0.113036 seconds=0.31
epoch=67/80 loss=0.099259 seconds=0.31
epoch=68/80 loss=0.108308 seconds=0.31
epoch=69/80 loss=0.104941 seconds=0.34
epoch=70/80 loss=0.114378 seconds=0.38
epoch=71/80 loss=0.130711 seconds=0.33
epoch=72/80 loss=0.111195 seconds=0.33
epoch=73/80 loss=0.111469 seconds=0.33
epoch=74/80 loss=0.118169 seconds=0.33
epoch=75/80 loss=0.105645 seconds=0.33
epoch=76/80 loss=0.110658 seconds=0.39
epoch=77/80 loss=0.099921 seconds=0.38
epoch=78/80 loss=0.098435 seconds=0.38
epoch=79/80 loss=0.096154 seconds=0.34
epoch=80/80 loss=0.103047 seconds=0.30
fold=1/10 OOF_accuracy=0.766667 OOF_AUC=0.720000
Device=cuda; epochs=80; batch=32; model=ResNetAutoencoder1D
epoch=1/80 loss=5.240797 seconds=0.28
epoch=2/80 loss=1.213014 seconds=0.28
epoch=3/80 loss=0.829250 seconds=0.28
epoch=4/80 loss=0.593316 seconds=0.27
epoch=5/80 loss=0.533754 seconds=0.28
epoch=6/80 loss=0.489696 seconds=0.36
epoch=7/80 loss=0.429159 seconds=0.39
epoch=8/80 loss=0.463920 seconds=0.30
epoch=9/80 loss=0.392464 seconds=0.34
epoch=10/80 loss=0.373353 seconds=0.28
epoch=11/80 loss=0.373387 seconds=0.28
epoch=12/80 loss=0.323178 seconds=0.30
epoch=13/80 loss=0.318706 seconds=0.28
epoch=14/80 loss=0.342985 seconds=0.36
epoch=15/80 loss=0.317211 seconds=0.30
epoch=16/80 loss=0.288412 seconds=0.27
epoch=17/80 loss=0.269928 seconds=0.28
epoch=18/80 loss=0.281156 seconds=0.30
epoch=19/80 loss=0.256998 seconds=0.28
epoch=20/80 loss=0.264772 seconds=0.28
epoch=21/80 loss=0.256805 seconds=0.34
epoch=22/80 loss=0.255522 seconds=0.28
epoch=23/80 loss=0.222374 seconds=0.30
epoch=24/80 loss=0.226372 seconds=0.33
epoch=25/80 loss=0.237747 seconds=0.30
epoch=26/80 loss=0.244982 seconds=0.30
epoch=27/80 loss=0.210973 seconds=0.28
epoch=28/80 loss=0.187502 seconds=0.33
epoch=29/80 loss=0.187185 seconds=0.30
epoch=30/80 loss=0.206947 seconds=0.30
epoch=31/80 loss=0.182861 seconds=0.31
epoch=32/80 loss=0.168044 seconds=0.30
epoch=33/80 loss=0.160954 seconds=0.30
epoch=34/80 loss=0.174076 seconds=0.30
epoch=35/80 loss=0.201907 seconds=0.33
epoch=36/80 loss=0.166091 seconds=0.31
epoch=37/80 loss=0.155840 seconds=0.30
epoch=38/80 loss=0.172826 seconds=0.30
epoch=39/80 loss=0.154395 seconds=0.33
epoch=40/80 loss=0.159603 seconds=0.31
epoch=41/80 loss=0.148148 seconds=0.30
epoch=42/80 loss=0.163564 seconds=0.34
epoch=43/80 loss=0.159774 seconds=0.33
epoch=44/80 loss=0.151037 seconds=0.33
epoch=45/80 loss=0.149435 seconds=0.30
epoch=46/80 loss=0.139934 seconds=0.28
epoch=47/80 loss=0.147163 seconds=0.30
epoch=48/80 loss=0.144301 seconds=0.28
epoch=49/80 loss=0.144212 seconds=0.28
epoch=50/80 loss=0.142780 seconds=0.34
epoch=51/80 loss=0.149649 seconds=0.30
epoch=52/80 loss=0.149092 seconds=0.33
epoch=53/80 loss=0.128425 seconds=0.30
epoch=54/80 loss=0.122534 seconds=0.30
epoch=55/80 loss=0.136694 seconds=0.30
epoch=56/80 loss=0.124056 seconds=0.28
epoch=57/80 loss=0.134139 seconds=0.34
epoch=58/80 loss=0.133826 seconds=0.30
epoch=59/80 loss=0.130393 seconds=0.30
epoch=60/80 loss=0.132423 seconds=0.31
epoch=61/80 loss=0.130848 seconds=0.31
epoch=62/80 loss=0.135189 seconds=0.28
epoch=63/80 loss=0.119741 seconds=0.30
epoch=64/80 loss=0.114134 seconds=0.34
epoch=65/80 loss=0.120316 seconds=0.31
epoch=66/80 loss=0.120967 seconds=0.31
epoch=67/80 loss=0.126092 seconds=0.34
epoch=68/80 loss=0.127289 seconds=0.31
epoch=69/80 loss=0.131187 seconds=0.33
epoch=70/80 loss=0.129506 seconds=0.31
epoch=71/80 loss=0.131736 seconds=0.33
epoch=72/80 loss=0.131370 seconds=0.30
epoch=73/80 loss=0.111830 seconds=0.31
epoch=74/80 loss=0.121538 seconds=0.30
epoch=75/80 loss=0.103113 seconds=0.33
epoch=76/80 loss=0.108375 seconds=0.31
epoch=77/80 loss=0.112869 seconds=0.31
epoch=78/80 loss=0.110121 seconds=0.34
epoch=79/80 loss=0.099192 seconds=0.30
epoch=80/80 loss=0.110346 seconds=0.30
fold=2/10 OOF_accuracy=0.666667 OOF_AUC=0.650000
Device=cuda; epochs=80; batch=32; model=ResNetAutoencoder1D
epoch=1/80 loss=5.214307 seconds=0.33
epoch=2/80 loss=1.152991 seconds=0.38
epoch=3/80 loss=0.879544 seconds=0.31
epoch=4/80 loss=0.619237 seconds=0.30
epoch=5/80 loss=0.563143 seconds=0.33
epoch=6/80 loss=0.525737 seconds=0.31
epoch=7/80 loss=0.483305 seconds=0.31
epoch=8/80 loss=0.463535 seconds=0.31
epoch=9/80 loss=0.429583 seconds=0.34
epoch=10/80 loss=0.363937 seconds=0.30
epoch=11/80 loss=0.360644 seconds=0.34
epoch=12/80 loss=0.331578 seconds=0.30
epoch=13/80 loss=0.321935 seconds=0.30
epoch=14/80 loss=0.292091 seconds=0.31
epoch=15/80 loss=0.277441 seconds=0.31
epoch=16/80 loss=0.273803 seconds=0.36
epoch=17/80 loss=0.258136 seconds=0.30
epoch=18/80 loss=0.289498 seconds=0.30
epoch=19/80 loss=0.257733 seconds=0.28
epoch=20/80 loss=0.252090 seconds=0.28
epoch=21/80 loss=0.224633 seconds=0.28
epoch=22/80 loss=0.222621 seconds=0.28
epoch=23/80 loss=0.232016 seconds=0.33
epoch=24/80 loss=0.225677 seconds=0.27
epoch=25/80 loss=0.202935 seconds=0.30
epoch=26/80 loss=0.203246 seconds=0.28
epoch=27/80 loss=0.207989 seconds=0.28
epoch=28/80 loss=0.199574 seconds=0.31
epoch=29/80 loss=0.197435 seconds=0.30
epoch=30/80 loss=0.178312 seconds=0.33
epoch=31/80 loss=0.167774 seconds=0.33
epoch=32/80 loss=0.192775 seconds=0.30
epoch=33/80 loss=0.166806 seconds=0.36
epoch=34/80 loss=0.145000 seconds=0.33
epoch=35/80 loss=0.166955 seconds=0.30
epoch=36/80 loss=0.206451 seconds=0.31
epoch=37/80 loss=0.148597 seconds=0.34
epoch=38/80 loss=0.162903 seconds=0.30
epoch=39/80 loss=0.157110 seconds=0.30
epoch=40/80 loss=0.191979 seconds=0.28
epoch=41/80 loss=0.164736 seconds=0.28
epoch=42/80 loss=0.167422 seconds=0.28
epoch=43/80 loss=0.165392 seconds=0.28
epoch=44/80 loss=0.140492 seconds=0.30
epoch=45/80 loss=0.133813 seconds=0.36
epoch=46/80 loss=0.140263 seconds=0.28
epoch=47/80 loss=0.151443 seconds=0.31
epoch=48/80 loss=0.155828 seconds=0.28
epoch=49/80 loss=0.139072 seconds=0.31
epoch=50/80 loss=0.133121 seconds=0.30
epoch=51/80 loss=0.142774 seconds=0.44
epoch=52/80 loss=0.145367 seconds=0.34
epoch=53/80 loss=0.131899 seconds=0.30
epoch=54/80 loss=0.124289 seconds=0.30
epoch=55/80 loss=0.120861 seconds=0.28
epoch=56/80 loss=0.145644 seconds=0.28
epoch=57/80 loss=0.140232 seconds=0.30
epoch=58/80 loss=0.112744 seconds=0.33
epoch=59/80 loss=0.128079 seconds=0.31
epoch=60/80 loss=0.139922 seconds=0.28
epoch=61/80 loss=0.116627 seconds=0.28
epoch=62/80 loss=0.116707 seconds=0.30
epoch=63/80 loss=0.098605 seconds=0.30
epoch=64/80 loss=0.114341 seconds=0.28
epoch=65/80 loss=0.137273 seconds=0.30
epoch=66/80 loss=0.121338 seconds=0.36
epoch=67/80 loss=0.115369 seconds=0.30
epoch=68/80 loss=0.117803 seconds=0.30
epoch=69/80 loss=0.110083 seconds=0.30
epoch=70/80 loss=0.108312 seconds=0.31
epoch=71/80 loss=0.116931 seconds=0.28
epoch=72/80 loss=0.130570 seconds=0.30
epoch=73/80 loss=0.111601 seconds=0.33
epoch=74/80 loss=0.110244 seconds=0.30
epoch=75/80 loss=0.099944 seconds=0.28
epoch=76/80 loss=0.110007 seconds=0.31
epoch=77/80 loss=0.115736 seconds=0.31
epoch=78/80 loss=0.104506 seconds=0.30
epoch=79/80 loss=0.115189 seconds=0.30
epoch=80/80 loss=0.108666 seconds=0.41
fold=3/10 OOF_accuracy=0.666667 OOF_AUC=0.641148
Device=cuda; epochs=80; batch=32; model=ResNetAutoencoder1D
epoch=1/80 loss=5.335222 seconds=0.28
epoch=2/80 loss=1.336090 seconds=0.30
epoch=3/80 loss=0.871106 seconds=0.30
epoch=4/80 loss=0.638699 seconds=0.31
epoch=5/80 loss=0.605050 seconds=0.30
epoch=6/80 loss=0.547383 seconds=0.31
epoch=7/80 loss=0.507560 seconds=0.30
epoch=8/80 loss=0.432895 seconds=0.28
epoch=9/80 loss=0.391376 seconds=0.30
epoch=10/80 loss=0.374235 seconds=0.28
epoch=11/80 loss=0.333739 seconds=0.30
epoch=12/80 loss=0.303344 seconds=0.34
epoch=13/80 loss=0.294623 seconds=0.28
epoch=14/80 loss=0.316979 seconds=0.30
epoch=15/80 loss=0.290788 seconds=0.28
epoch=16/80 loss=0.296357 seconds=0.30
epoch=17/80 loss=0.304867 seconds=0.30
epoch=18/80 loss=0.295016 seconds=0.28
epoch=19/80 loss=0.278310 seconds=0.36
epoch=20/80 loss=0.237055 seconds=0.33
epoch=21/80 loss=0.231118 seconds=0.31
epoch=22/80 loss=0.216914 seconds=0.30
epoch=23/80 loss=0.216612 seconds=0.30
epoch=24/80 loss=0.218486 seconds=0.33
epoch=25/80 loss=0.209868 seconds=0.30
epoch=26/80 loss=0.223241 seconds=0.34
epoch=27/80 loss=0.244042 seconds=0.31
epoch=28/80 loss=0.203976 seconds=0.31
epoch=29/80 loss=0.210202 seconds=0.33
epoch=30/80 loss=0.199387 seconds=0.30
epoch=31/80 loss=0.192593 seconds=0.34
epoch=32/80 loss=0.221053 seconds=0.38
epoch=33/80 loss=0.189915 seconds=0.33
epoch=34/80 loss=0.163094 seconds=0.31
epoch=35/80 loss=0.168011 seconds=0.30
epoch=36/80 loss=0.205776 seconds=0.28
epoch=37/80 loss=0.164323 seconds=0.28
epoch=38/80 loss=0.168836 seconds=0.27
epoch=39/80 loss=0.150366 seconds=0.28
epoch=40/80 loss=0.150105 seconds=0.31
epoch=41/80 loss=0.146443 seconds=0.28
epoch=42/80 loss=0.160808 seconds=0.28
epoch=43/80 loss=0.158398 seconds=0.27
epoch=44/80 loss=0.153268 seconds=0.28
epoch=45/80 loss=0.152041 seconds=0.28
epoch=46/80 loss=0.157592 seconds=0.28
epoch=47/80 loss=0.146039 seconds=0.31
epoch=48/80 loss=0.156286 seconds=0.30
epoch=49/80 loss=0.153224 seconds=0.28
epoch=50/80 loss=0.160857 seconds=0.28
epoch=51/80 loss=0.149687 seconds=0.28
epoch=52/80 loss=0.135316 seconds=0.28
epoch=53/80 loss=0.139581 seconds=0.28
epoch=54/80 loss=0.133630 seconds=0.27
epoch=55/80 loss=0.117504 seconds=0.34
epoch=56/80 loss=0.111561 seconds=0.28
epoch=57/80 loss=0.149450 seconds=0.28
epoch=58/80 loss=0.141821 seconds=0.28
epoch=59/80 loss=0.131611 seconds=0.28
epoch=60/80 loss=0.116175 seconds=0.28
epoch=61/80 loss=0.110546 seconds=0.30
epoch=62/80 loss=0.121668 seconds=0.34
epoch=63/80 loss=0.128368 seconds=0.28
epoch=64/80 loss=0.118738 seconds=0.39
epoch=65/80 loss=0.129435 seconds=0.30
epoch=66/80 loss=0.135037 seconds=0.30
epoch=67/80 loss=0.129957 seconds=0.30
epoch=68/80 loss=0.137463 seconds=0.30
epoch=69/80 loss=0.115573 seconds=0.33
epoch=70/80 loss=0.116622 seconds=0.30
epoch=71/80 loss=0.116489 seconds=0.30
epoch=72/80 loss=0.111575 seconds=0.31
epoch=73/80 loss=0.122558 seconds=0.31
epoch=74/80 loss=0.120956 seconds=0.30
epoch=75/80 loss=0.110229 seconds=0.33
epoch=76/80 loss=0.116007 seconds=0.36
epoch=77/80 loss=0.117622 seconds=0.33
epoch=78/80 loss=0.109406 seconds=0.31
epoch=79/80 loss=0.109049 seconds=0.31
epoch=80/80 loss=0.096776 seconds=0.33
fold=4/10 OOF_accuracy=0.666667 OOF_AUC=0.674641
Device=cuda; epochs=80; batch=32; model=ResNetAutoencoder1D
epoch=1/80 loss=4.814398 seconds=0.38
epoch=2/80 loss=1.264960 seconds=0.34
epoch=3/80 loss=0.868461 seconds=0.30
epoch=4/80 loss=0.552533 seconds=0.30
epoch=5/80 loss=0.576081 seconds=0.30
epoch=6/80 loss=0.501119 seconds=0.31
epoch=7/80 loss=0.423374 seconds=0.36
epoch=8/80 loss=0.431249 seconds=0.31
epoch=9/80 loss=0.392670 seconds=0.31
epoch=10/80 loss=0.411489 seconds=0.31
epoch=11/80 loss=0.395113 seconds=0.30
epoch=12/80 loss=0.299668 seconds=0.31
epoch=13/80 loss=0.301058 seconds=0.31
epoch=14/80 loss=0.285962 seconds=0.36
epoch=15/80 loss=0.297862 seconds=0.30
epoch=16/80 loss=0.289419 seconds=0.31
epoch=17/80 loss=0.259970 seconds=0.30
epoch=18/80 loss=0.289229 seconds=0.31
epoch=19/80 loss=0.253264 seconds=0.31
epoch=20/80 loss=0.252509 seconds=0.31
epoch=21/80 loss=0.235549 seconds=0.36
epoch=22/80 loss=0.220148 seconds=0.27
epoch=23/80 loss=0.228799 seconds=0.28
epoch=24/80 loss=0.229686 seconds=0.27
epoch=25/80 loss=0.191856 seconds=0.27
epoch=26/80 loss=0.204679 seconds=0.34
epoch=27/80 loss=0.217905 seconds=0.27
epoch=28/80 loss=0.204990 seconds=0.38
epoch=29/80 loss=0.188353 seconds=0.30
epoch=30/80 loss=0.181920 seconds=0.31
epoch=31/80 loss=0.191798 seconds=0.30
epoch=32/80 loss=0.187576 seconds=0.31
epoch=33/80 loss=0.169178 seconds=0.28
epoch=34/80 loss=0.175946 seconds=0.30
epoch=35/80 loss=0.160849 seconds=0.38
epoch=36/80 loss=0.186514 seconds=0.38
epoch=37/80 loss=0.163189 seconds=0.44
epoch=38/80 loss=0.159432 seconds=0.34
epoch=39/80 loss=0.159606 seconds=0.31
epoch=40/80 loss=0.157133 seconds=0.31
epoch=41/80 loss=0.160658 seconds=0.34
epoch=42/80 loss=0.172296 seconds=0.33
epoch=43/80 loss=0.167469 seconds=0.33
epoch=44/80 loss=0.152355 seconds=0.31
epoch=45/80 loss=0.145568 seconds=0.30
epoch=46/80 loss=0.154365 seconds=0.31
epoch=47/80 loss=0.154903 seconds=0.33
epoch=48/80 loss=0.131037 seconds=0.38
epoch=49/80 loss=0.141828 seconds=0.33
epoch=50/80 loss=0.135194 seconds=0.33
epoch=51/80 loss=0.143195 seconds=0.31
epoch=52/80 loss=0.137582 seconds=0.33
epoch=53/80 loss=0.141734 seconds=0.31
epoch=54/80 loss=0.132628 seconds=0.39
epoch=55/80 loss=0.137854 seconds=0.33
epoch=56/80 loss=0.134810 seconds=0.30
epoch=57/80 loss=0.109826 seconds=0.28
epoch=58/80 loss=0.102120 seconds=0.30
epoch=59/80 loss=0.120038 seconds=0.31
epoch=60/80 loss=0.121591 seconds=0.30
epoch=61/80 loss=0.104343 seconds=0.28
epoch=62/80 loss=0.132564 seconds=0.27
epoch=63/80 loss=0.141270 seconds=0.30
epoch=64/80 loss=0.137078 seconds=0.30
epoch=65/80 loss=0.127730 seconds=0.30
epoch=66/80 loss=0.120440 seconds=0.28
epoch=67/80 loss=0.111898 seconds=0.28
epoch=68/80 loss=0.138165 seconds=0.30
epoch=69/80 loss=0.137161 seconds=0.31
epoch=70/80 loss=0.118121 seconds=0.30
epoch=71/80 loss=0.103092 seconds=0.28
epoch=72/80 loss=0.114092 seconds=0.30
epoch=73/80 loss=0.098326 seconds=0.28
epoch=74/80 loss=0.113999 seconds=0.31
epoch=75/80 loss=0.102417 seconds=0.31
epoch=76/80 loss=0.112016 seconds=0.36
epoch=77/80 loss=0.109996 seconds=0.31
epoch=78/80 loss=0.114212 seconds=0.30
epoch=79/80 loss=0.100088 seconds=0.31
epoch=80/80 loss=0.102106 seconds=0.31
fold=5/10 OOF_accuracy=0.700000 OOF_AUC=0.801435
Device=cuda; epochs=80; batch=32; model=ResNetAutoencoder1D
epoch=1/80 loss=5.540168 seconds=0.34
epoch=2/80 loss=1.329667 seconds=0.31
epoch=3/80 loss=0.889432 seconds=0.33
epoch=4/80 loss=0.696756 seconds=0.33
epoch=5/80 loss=0.619753 seconds=0.34
epoch=6/80 loss=0.528139 seconds=0.36
epoch=7/80 loss=0.413589 seconds=0.38
epoch=8/80 loss=0.478498 seconds=0.30
epoch=9/80 loss=0.407304 seconds=0.31
epoch=10/80 loss=0.438817 seconds=0.36
epoch=11/80 loss=0.382168 seconds=0.30
epoch=12/80 loss=0.332748 seconds=0.30
epoch=13/80 loss=0.305198 seconds=0.31
epoch=14/80 loss=0.286790 seconds=0.31
epoch=15/80 loss=0.294430 seconds=0.30
epoch=16/80 loss=0.294728 seconds=0.30
epoch=17/80 loss=0.307211 seconds=0.31
epoch=18/80 loss=0.283441 seconds=0.31
epoch=19/80 loss=0.246197 seconds=0.30
epoch=20/80 loss=0.246305 seconds=0.31
epoch=21/80 loss=0.240279 seconds=0.31
epoch=22/80 loss=0.233465 seconds=0.30
epoch=23/80 loss=0.224992 seconds=0.31
epoch=24/80 loss=0.202557 seconds=0.30
epoch=25/80 loss=0.200559 seconds=0.30
epoch=26/80 loss=0.220131 seconds=0.30
epoch=27/80 loss=0.219126 seconds=0.30
epoch=28/80 loss=0.218443 seconds=0.31
epoch=29/80 loss=0.212536 seconds=0.30
epoch=30/80 loss=0.193948 seconds=0.30
epoch=31/80 loss=0.183845 seconds=0.28
epoch=32/80 loss=0.179643 seconds=0.30
epoch=33/80 loss=0.174682 seconds=0.38
epoch=34/80 loss=0.174235 seconds=0.30
epoch=35/80 loss=0.195342 seconds=0.31
epoch=36/80 loss=0.186495 seconds=0.28
epoch=37/80 loss=0.168278 seconds=0.28
epoch=38/80 loss=0.159725 seconds=0.28
epoch=39/80 loss=0.161025 seconds=0.33
epoch=40/80 loss=0.171647 seconds=0.28
epoch=41/80 loss=0.160988 seconds=0.30
epoch=42/80 loss=0.163828 seconds=0.33
epoch=43/80 loss=0.154391 seconds=0.27
epoch=44/80 loss=0.167667 seconds=0.28
epoch=45/80 loss=0.161554 seconds=0.28
epoch=46/80 loss=0.143524 seconds=0.27
epoch=47/80 loss=0.146868 seconds=0.28
epoch=48/80 loss=0.146572 seconds=0.27
epoch=49/80 loss=0.149382 seconds=0.30
epoch=50/80 loss=0.151506 seconds=0.36
epoch=51/80 loss=0.145192 seconds=0.27
epoch=52/80 loss=0.137161 seconds=0.28
epoch=53/80 loss=0.126608 seconds=0.28
epoch=54/80 loss=0.139876 seconds=0.27
epoch=55/80 loss=0.135720 seconds=0.27
epoch=56/80 loss=0.122069 seconds=0.28
epoch=57/80 loss=0.122877 seconds=0.33
epoch=58/80 loss=0.138789 seconds=0.28
epoch=59/80 loss=0.128230 seconds=0.27
epoch=60/80 loss=0.127218 seconds=0.28
epoch=61/80 loss=0.130478 seconds=0.34
epoch=62/80 loss=0.135178 seconds=0.33
epoch=63/80 loss=0.123945 seconds=0.33
epoch=64/80 loss=0.133715 seconds=0.38
epoch=65/80 loss=0.140120 seconds=0.34
epoch=66/80 loss=0.132873 seconds=0.34
epoch=67/80 loss=0.122643 seconds=0.34
epoch=68/80 loss=0.112407 seconds=0.39
epoch=69/80 loss=0.108524 seconds=0.33
epoch=70/80 loss=0.110186 seconds=0.36
epoch=71/80 loss=0.118082 seconds=0.38
epoch=72/80 loss=0.122595 seconds=0.34
epoch=73/80 loss=0.127957 seconds=0.33
epoch=74/80 loss=0.119750 seconds=0.34
epoch=75/80 loss=0.111213 seconds=0.33
epoch=76/80 loss=0.097483 seconds=0.34
epoch=77/80 loss=0.109324 seconds=0.34
epoch=78/80 loss=0.128562 seconds=0.30
epoch=79/80 loss=0.137489 seconds=0.30
epoch=80/80 loss=0.108035 seconds=0.30
fold=6/10 OOF_accuracy=0.766667 OOF_AUC=0.856459
Device=cuda; epochs=80; batch=32; model=ResNetAutoencoder1D
epoch=1/80 loss=4.910160 seconds=0.36
epoch=2/80 loss=1.111742 seconds=0.33
epoch=3/80 loss=0.866583 seconds=0.30
epoch=4/80 loss=0.585340 seconds=0.30
epoch=5/80 loss=0.578233 seconds=0.30
epoch=6/80 loss=0.571013 seconds=0.28
epoch=7/80 loss=0.471503 seconds=0.30
epoch=8/80 loss=0.412220 seconds=0.38
epoch=9/80 loss=0.405013 seconds=0.28
epoch=10/80 loss=0.409828 seconds=0.28
epoch=11/80 loss=0.415016 seconds=0.28
epoch=12/80 loss=0.326881 seconds=0.33
epoch=13/80 loss=0.271526 seconds=0.30
epoch=14/80 loss=0.282077 seconds=0.28
epoch=15/80 loss=0.269840 seconds=0.30
epoch=16/80 loss=0.320020 seconds=0.36
epoch=17/80 loss=0.257862 seconds=0.28
epoch=18/80 loss=0.296124 seconds=0.30
epoch=19/80 loss=0.238078 seconds=0.27
epoch=20/80 loss=0.250931 seconds=0.30
epoch=21/80 loss=0.254728 seconds=0.28
epoch=22/80 loss=0.198206 seconds=0.28
epoch=23/80 loss=0.225295 seconds=0.34
epoch=24/80 loss=0.204401 seconds=0.28
epoch=25/80 loss=0.199016 seconds=0.27
epoch=26/80 loss=0.222411 seconds=0.28
epoch=27/80 loss=0.222697 seconds=0.34
epoch=28/80 loss=0.204078 seconds=0.33
epoch=29/80 loss=0.208824 seconds=0.28
epoch=30/80 loss=0.211065 seconds=0.33
epoch=31/80 loss=0.205912 seconds=0.31
epoch=32/80 loss=0.187933 seconds=0.30
epoch=33/80 loss=0.163528 seconds=0.30
epoch=34/80 loss=0.167240 seconds=0.31
epoch=35/80 loss=0.191875 seconds=0.30
epoch=36/80 loss=0.175020 seconds=0.31
epoch=37/80 loss=0.152147 seconds=0.34
epoch=38/80 loss=0.164600 seconds=0.30
epoch=39/80 loss=0.156074 seconds=0.36
epoch=40/80 loss=0.170956 seconds=0.28
epoch=41/80 loss=0.152668 seconds=0.36
epoch=42/80 loss=0.147153 seconds=0.34
epoch=43/80 loss=0.147093 seconds=0.30
epoch=44/80 loss=0.150801 seconds=0.34
epoch=45/80 loss=0.165100 seconds=0.34
epoch=46/80 loss=0.149811 seconds=0.34
epoch=47/80 loss=0.140799 seconds=0.30
epoch=48/80 loss=0.142712 seconds=0.31
epoch=49/80 loss=0.137458 seconds=0.30
epoch=50/80 loss=0.149899 seconds=0.31
epoch=51/80 loss=0.134136 seconds=0.38
epoch=52/80 loss=0.126665 seconds=0.28
epoch=53/80 loss=0.118650 seconds=0.30
epoch=54/80 loss=0.124342 seconds=0.31
epoch=55/80 loss=0.133760 seconds=0.31
epoch=56/80 loss=0.115943 seconds=0.30
epoch=57/80 loss=0.119319 seconds=0.34
epoch=58/80 loss=0.134075 seconds=0.31
epoch=59/80 loss=0.141011 seconds=0.28
epoch=60/80 loss=0.132437 seconds=0.31
epoch=61/80 loss=0.133635 seconds=0.31
epoch=62/80 loss=0.127792 seconds=0.30
epoch=63/80 loss=0.125503 seconds=0.30
epoch=64/80 loss=0.134209 seconds=0.31
epoch=65/80 loss=0.118799 seconds=0.31
epoch=66/80 loss=0.121828 seconds=0.27
epoch=67/80 loss=0.126775 seconds=0.30
epoch=68/80 loss=0.135028 seconds=0.30
epoch=69/80 loss=0.146663 seconds=0.28
epoch=70/80 loss=0.122151 seconds=0.33
epoch=71/80 loss=0.123271 seconds=0.33
epoch=72/80 loss=0.117011 seconds=0.34
epoch=73/80 loss=0.131525 seconds=0.28
epoch=74/80 loss=0.122263 seconds=0.28
epoch=75/80 loss=0.121144 seconds=0.31
epoch=76/80 loss=0.118053 seconds=0.28
epoch=77/80 loss=0.112311 seconds=0.31
epoch=78/80 loss=0.105460 seconds=0.31
epoch=79/80 loss=0.107450 seconds=0.33
epoch=80/80 loss=0.107787 seconds=0.30
fold=7/10 OOF_accuracy=0.800000 OOF_AUC=0.818182
Device=cuda; epochs=80; batch=32; model=ResNetAutoencoder1D
epoch=1/80 loss=5.326108 seconds=0.34
epoch=2/80 loss=1.267463 seconds=0.31
epoch=3/80 loss=0.841282 seconds=0.36
epoch=4/80 loss=0.569308 seconds=0.34
epoch=5/80 loss=0.562605 seconds=0.31
epoch=6/80 loss=0.557431 seconds=0.39
epoch=7/80 loss=0.487936 seconds=0.41
epoch=8/80 loss=0.446061 seconds=0.34
epoch=9/80 loss=0.410139 seconds=0.38
epoch=10/80 loss=0.414435 seconds=0.36
epoch=11/80 loss=0.388296 seconds=0.31
epoch=12/80 loss=0.357533 seconds=0.28
epoch=13/80 loss=0.290887 seconds=0.28
epoch=14/80 loss=0.302583 seconds=0.28
epoch=15/80 loss=0.284396 seconds=0.28
epoch=16/80 loss=0.309389 seconds=0.33
epoch=17/80 loss=0.300273 seconds=0.34
epoch=18/80 loss=0.276831 seconds=0.38
epoch=19/80 loss=0.255636 seconds=0.27
epoch=20/80 loss=0.233546 seconds=0.30
epoch=21/80 loss=0.233349 seconds=0.30
epoch=22/80 loss=0.224667 seconds=0.38
epoch=23/80 loss=0.235980 seconds=0.41
epoch=24/80 loss=0.232695 seconds=0.38
epoch=25/80 loss=0.232167 seconds=0.34
epoch=26/80 loss=0.210934 seconds=0.31
epoch=27/80 loss=0.211830 seconds=0.30
epoch=28/80 loss=0.201547 seconds=0.30
epoch=29/80 loss=0.179730 seconds=0.36
epoch=30/80 loss=0.210660 seconds=0.30
epoch=31/80 loss=0.211891 seconds=0.30
epoch=32/80 loss=0.172157 seconds=0.31
epoch=33/80 loss=0.179970 seconds=0.30
epoch=34/80 loss=0.195260 seconds=0.31
epoch=35/80 loss=0.163937 seconds=0.30
epoch=36/80 loss=0.171421 seconds=0.34
epoch=37/80 loss=0.164145 seconds=0.30
epoch=38/80 loss=0.196823 seconds=0.30
epoch=39/80 loss=0.168915 seconds=0.31
epoch=40/80 loss=0.168071 seconds=0.34
epoch=41/80 loss=0.162413 seconds=0.30
epoch=42/80 loss=0.175714 seconds=0.31
epoch=43/80 loss=0.147379 seconds=0.38
epoch=44/80 loss=0.169831 seconds=0.33
epoch=45/80 loss=0.165574 seconds=0.31
epoch=46/80 loss=0.165598 seconds=0.30
epoch=47/80 loss=0.138720 seconds=0.36
epoch=48/80 loss=0.138935 seconds=0.34
epoch=49/80 loss=0.160382 seconds=0.31
epoch=50/80 loss=0.153713 seconds=0.33
epoch=51/80 loss=0.142444 seconds=0.30
epoch=52/80 loss=0.140399 seconds=0.30
epoch=53/80 loss=0.140182 seconds=0.33
epoch=54/80 loss=0.136886 seconds=0.30
epoch=55/80 loss=0.128538 seconds=0.28
epoch=56/80 loss=0.134392 seconds=0.31
epoch=57/80 loss=0.129279 seconds=0.38
epoch=58/80 loss=0.124202 seconds=0.34
epoch=59/80 loss=0.134084 seconds=0.33
epoch=60/80 loss=0.133958 seconds=0.31
epoch=61/80 loss=0.113858 seconds=0.33
epoch=62/80 loss=0.131965 seconds=0.34
epoch=63/80 loss=0.124291 seconds=0.38
epoch=64/80 loss=0.123014 seconds=0.33
epoch=65/80 loss=0.135332 seconds=0.33
epoch=66/80 loss=0.136923 seconds=0.36
epoch=67/80 loss=0.126880 seconds=0.28
epoch=68/80 loss=0.129140 seconds=0.28
epoch=69/80 loss=0.141550 seconds=0.31
epoch=70/80 loss=0.120492 seconds=0.36
epoch=71/80 loss=0.126026 seconds=0.28
epoch=72/80 loss=0.114773 seconds=0.31
epoch=73/80 loss=0.107513 seconds=0.30
epoch=74/80 loss=0.119963 seconds=0.30
epoch=75/80 loss=0.110831 seconds=0.28
epoch=76/80 loss=0.125987 seconds=0.30
epoch=77/80 loss=0.118937 seconds=0.36
epoch=78/80 loss=0.112240 seconds=0.28
epoch=79/80 loss=0.124899 seconds=0.31
epoch=80/80 loss=0.109659 seconds=0.31
fold=8/10 OOF_accuracy=0.666667 OOF_AUC=0.684211
Device=cuda; epochs=80; batch=32; model=ResNetAutoencoder1D
epoch=1/80 loss=5.131702 seconds=0.39
epoch=2/80 loss=1.219578 seconds=0.33
epoch=3/80 loss=0.890800 seconds=0.31
epoch=4/80 loss=0.660911 seconds=0.31
epoch=5/80 loss=0.577414 seconds=0.33
epoch=6/80 loss=0.537884 seconds=0.33
epoch=7/80 loss=0.446258 seconds=0.33
epoch=8/80 loss=0.517673 seconds=0.34
epoch=9/80 loss=0.436523 seconds=0.30
epoch=10/80 loss=0.373362 seconds=0.28
epoch=11/80 loss=0.363398 seconds=0.31
epoch=12/80 loss=0.320822 seconds=0.34
epoch=13/80 loss=0.314990 seconds=0.31
epoch=14/80 loss=0.279869 seconds=0.34
epoch=15/80 loss=0.282543 seconds=0.34
epoch=16/80 loss=0.303715 seconds=0.30
epoch=17/80 loss=0.249801 seconds=0.38
epoch=18/80 loss=0.267384 seconds=0.31
epoch=19/80 loss=0.244966 seconds=0.30
epoch=20/80 loss=0.308493 seconds=0.30
epoch=21/80 loss=0.268509 seconds=0.31
epoch=22/80 loss=0.229578 seconds=0.34
epoch=23/80 loss=0.262506 seconds=0.30
epoch=24/80 loss=0.238811 seconds=0.30
epoch=25/80 loss=0.232848 seconds=0.30
epoch=26/80 loss=0.207094 seconds=0.31
epoch=27/80 loss=0.197155 seconds=0.30
epoch=28/80 loss=0.181352 seconds=0.30
epoch=29/80 loss=0.174227 seconds=0.34
epoch=30/80 loss=0.182979 seconds=0.30
epoch=31/80 loss=0.183440 seconds=0.28
epoch=32/80 loss=0.215978 seconds=0.28
epoch=33/80 loss=0.182608 seconds=0.28
epoch=34/80 loss=0.188785 seconds=0.27
epoch=35/80 loss=0.200594 seconds=0.28
epoch=36/80 loss=0.199512 seconds=0.34
epoch=37/80 loss=0.169901 seconds=0.36
epoch=38/80 loss=0.160581 seconds=0.31
epoch=39/80 loss=0.149591 seconds=0.33
epoch=40/80 loss=0.166122 seconds=0.31
epoch=41/80 loss=0.141480 seconds=0.31
epoch=42/80 loss=0.160939 seconds=0.31
epoch=43/80 loss=0.156747 seconds=0.36
epoch=44/80 loss=0.155853 seconds=0.31
epoch=45/80 loss=0.165550 seconds=0.39
epoch=46/80 loss=0.154553 seconds=0.31
epoch=47/80 loss=0.157779 seconds=0.28
epoch=48/80 loss=0.153731 seconds=0.30
epoch=49/80 loss=0.127766 seconds=0.34
epoch=50/80 loss=0.142669 seconds=0.34
epoch=51/80 loss=0.135368 seconds=0.30
epoch=52/80 loss=0.143217 seconds=0.30
epoch=53/80 loss=0.137182 seconds=0.28
epoch=54/80 loss=0.148629 seconds=0.28
epoch=55/80 loss=0.126370 seconds=0.31
epoch=56/80 loss=0.119647 seconds=0.28
epoch=57/80 loss=0.134993 seconds=0.36
epoch=58/80 loss=0.132687 seconds=0.30
epoch=59/80 loss=0.133147 seconds=0.30
epoch=60/80 loss=0.126613 seconds=0.28
epoch=61/80 loss=0.113454 seconds=0.30
epoch=62/80 loss=0.133957 seconds=0.28
epoch=63/80 loss=0.119683 seconds=0.30
epoch=64/80 loss=0.117788 seconds=0.33
epoch=65/80 loss=0.115443 seconds=0.31
epoch=66/80 loss=0.114527 seconds=0.30
epoch=67/80 loss=0.120248 seconds=0.30
epoch=68/80 loss=0.134667 seconds=0.31
epoch=69/80 loss=0.134137 seconds=0.31
epoch=70/80 loss=0.135368 seconds=0.31
epoch=71/80 loss=0.139052 seconds=0.38
epoch=72/80 loss=0.124137 seconds=0.34
epoch=73/80 loss=0.107327 seconds=0.30
epoch=74/80 loss=0.120019 seconds=0.30
epoch=75/80 loss=0.107900 seconds=0.28
epoch=76/80 loss=0.103701 seconds=0.30
epoch=77/80 loss=0.111510 seconds=0.30
epoch=78/80 loss=0.101463 seconds=0.38
epoch=79/80 loss=0.110819 seconds=0.31
epoch=80/80 loss=0.110065 seconds=0.31
fold=9/10 OOF_accuracy=0.766667 OOF_AUC=0.770335
Device=cuda; epochs=80; batch=32; model=ResNetAutoencoder1D
epoch=1/80 loss=5.150229 seconds=0.30
epoch=2/80 loss=1.278183 seconds=0.36
epoch=3/80 loss=0.879127 seconds=0.31
epoch=4/80 loss=0.638242 seconds=0.31
epoch=5/80 loss=0.623017 seconds=0.33
epoch=6/80 loss=0.573996 seconds=0.30
epoch=7/80 loss=0.461423 seconds=0.33
epoch=8/80 loss=0.502331 seconds=0.30
epoch=9/80 loss=0.438586 seconds=0.36
epoch=10/80 loss=0.373819 seconds=0.31
epoch=11/80 loss=0.355095 seconds=0.30
epoch=12/80 loss=0.328930 seconds=0.31
epoch=13/80 loss=0.335474 seconds=0.31
epoch=14/80 loss=0.309589 seconds=0.30
epoch=15/80 loss=0.267725 seconds=0.31
epoch=16/80 loss=0.292159 seconds=0.39
epoch=17/80 loss=0.307489 seconds=0.31
epoch=18/80 loss=0.290043 seconds=0.31
epoch=19/80 loss=0.243078 seconds=0.31
epoch=20/80 loss=0.224025 seconds=0.31
epoch=21/80 loss=0.242409 seconds=0.45
epoch=22/80 loss=0.257448 seconds=0.48
epoch=23/80 loss=0.253360 seconds=0.38
epoch=24/80 loss=0.236394 seconds=0.33
epoch=25/80 loss=0.236344 seconds=0.33
epoch=26/80 loss=0.225094 seconds=0.31
epoch=27/80 loss=0.248282 seconds=0.41
epoch=28/80 loss=0.219926 seconds=0.36
epoch=29/80 loss=0.196253 seconds=0.31
epoch=30/80 loss=0.188401 seconds=0.31
epoch=31/80 loss=0.203164 seconds=0.30
epoch=32/80 loss=0.196267 seconds=0.28
epoch=33/80 loss=0.186699 seconds=0.30
epoch=34/80 loss=0.174376 seconds=0.30
epoch=35/80 loss=0.186994 seconds=0.33
epoch=36/80 loss=0.204558 seconds=0.30
epoch=37/80 loss=0.160962 seconds=0.28
epoch=38/80 loss=0.161700 seconds=0.31
epoch=39/80 loss=0.170184 seconds=0.28
epoch=40/80 loss=0.177568 seconds=0.33
epoch=41/80 loss=0.184261 seconds=0.30
epoch=42/80 loss=0.154433 seconds=0.34
epoch=43/80 loss=0.157613 seconds=0.28
epoch=44/80 loss=0.175418 seconds=0.31
epoch=45/80 loss=0.160525 seconds=0.36
epoch=46/80 loss=0.161760 seconds=0.39
epoch=47/80 loss=0.150930 seconds=0.39
epoch=48/80 loss=0.142311 seconds=0.31
epoch=49/80 loss=0.141030 seconds=0.31
epoch=50/80 loss=0.150033 seconds=0.31
epoch=51/80 loss=0.155185 seconds=0.28
epoch=52/80 loss=0.153947 seconds=0.28
epoch=53/80 loss=0.134565 seconds=0.28
epoch=54/80 loss=0.128910 seconds=0.33
epoch=55/80 loss=0.127162 seconds=0.28
epoch=56/80 loss=0.139541 seconds=0.36
epoch=57/80 loss=0.117212 seconds=0.28
epoch=58/80 loss=0.133872 seconds=0.28
epoch=59/80 loss=0.138596 seconds=0.27
epoch=60/80 loss=0.135298 seconds=0.30
epoch=61/80 loss=0.123507 seconds=0.28
epoch=62/80 loss=0.112928 seconds=0.27
epoch=63/80 loss=0.104179 seconds=0.34
epoch=64/80 loss=0.133683 seconds=0.31
epoch=65/80 loss=0.111993 seconds=0.36
epoch=66/80 loss=0.126538 seconds=0.31
epoch=67/80 loss=0.115788 seconds=0.34
epoch=68/80 loss=0.128417 seconds=0.36
epoch=69/80 loss=0.112348 seconds=0.34
epoch=70/80 loss=0.110363 seconds=0.36
epoch=71/80 loss=0.111404 seconds=0.30
epoch=72/80 loss=0.116254 seconds=0.34
epoch=73/80 loss=0.123071 seconds=0.33
epoch=74/80 loss=0.122821 seconds=0.33
epoch=75/80 loss=0.109852 seconds=0.31
epoch=76/80 loss=0.115056 seconds=0.38
epoch=77/80 loss=0.117246 seconds=0.31
epoch=78/80 loss=0.115623 seconds=0.33
epoch=79/80 loss=0.117855 seconds=0.31
epoch=80/80 loss=0.114727 seconds=0.34
fold=10/10 OOF_accuracy=0.666667 OOF_AUC=0.712919
Device=cuda; epochs=80; batch=32; model=ResNetAutoencoder1D
epoch=1/80 loss=4.585018 seconds=0.72
epoch=2/80 loss=1.068842 seconds=0.69
epoch=3/80 loss=0.786292 seconds=0.83
epoch=4/80 loss=0.620265 seconds=0.59
epoch=5/80 loss=0.574000 seconds=0.44
epoch=6/80 loss=0.455280 seconds=0.38
epoch=7/80 loss=0.469861 seconds=0.33
epoch=8/80 loss=0.411248 seconds=0.39
epoch=9/80 loss=0.389062 seconds=0.42
epoch=10/80 loss=0.338446 seconds=0.38
epoch=11/80 loss=0.321530 seconds=0.33
epoch=12/80 loss=0.332443 seconds=0.45
epoch=13/80 loss=0.303461 seconds=0.44
epoch=14/80 loss=0.303618 seconds=0.38
epoch=15/80 loss=0.275591 seconds=0.39
epoch=16/80 loss=0.277657 seconds=0.36
epoch=17/80 loss=0.271324 seconds=0.38
epoch=18/80 loss=0.273268 seconds=0.38
epoch=19/80 loss=0.265964 seconds=0.42
epoch=20/80 loss=0.239589 seconds=0.42
epoch=21/80 loss=0.227210 seconds=0.36
epoch=22/80 loss=0.222630 seconds=0.38
epoch=23/80 loss=0.216726 seconds=0.34
epoch=24/80 loss=0.231454 seconds=0.38
epoch=25/80 loss=0.212473 seconds=0.42
epoch=26/80 loss=0.210533 seconds=0.33
epoch=27/80 loss=0.191003 seconds=0.31
epoch=28/80 loss=0.215167 seconds=0.38
epoch=29/80 loss=0.206174 seconds=0.33
epoch=30/80 loss=0.209740 seconds=0.33
epoch=31/80 loss=0.202391 seconds=0.44
epoch=32/80 loss=0.187534 seconds=0.31
epoch=33/80 loss=0.159782 seconds=0.33
epoch=34/80 loss=0.153090 seconds=0.33
epoch=35/80 loss=0.157839 seconds=0.31
epoch=36/80 loss=0.179136 seconds=0.36
epoch=37/80 loss=0.175046 seconds=0.42
epoch=38/80 loss=0.155460 seconds=0.39
epoch=39/80 loss=0.175980 seconds=0.33
epoch=40/80 loss=0.155220 seconds=0.36
epoch=41/80 loss=0.171270 seconds=0.36
epoch=42/80 loss=0.165315 seconds=0.38
epoch=43/80 loss=0.147516 seconds=0.47
epoch=44/80 loss=0.161929 seconds=0.34
epoch=45/80 loss=0.155444 seconds=0.39
epoch=46/80 loss=0.122788 seconds=0.38
epoch=47/80 loss=0.135547 seconds=0.39
epoch=48/80 loss=0.140454 seconds=0.39
epoch=49/80 loss=0.121628 seconds=0.38
epoch=50/80 loss=0.141504 seconds=0.33
epoch=51/80 loss=0.146733 seconds=0.33
epoch=52/80 loss=0.132750 seconds=0.34
epoch=53/80 loss=0.144697 seconds=0.33
epoch=54/80 loss=0.135818 seconds=0.36
epoch=55/80 loss=0.137947 seconds=0.39
epoch=56/80 loss=0.135922 seconds=0.34
epoch=57/80 loss=0.120695 seconds=0.34
epoch=58/80 loss=0.133026 seconds=0.39
epoch=59/80 loss=0.126861 seconds=0.31
epoch=60/80 loss=0.137351 seconds=0.34
epoch=61/80 loss=0.138240 seconds=0.45
epoch=62/80 loss=0.115188 seconds=0.34
epoch=63/80 loss=0.127622 seconds=0.36
epoch=64/80 loss=0.131826 seconds=0.39
epoch=65/80 loss=0.131039 seconds=0.33
epoch=66/80 loss=0.130334 seconds=0.36
epoch=67/80 loss=0.115088 seconds=0.34
epoch=68/80 loss=0.112415 seconds=0.36
epoch=69/80 loss=0.127793 seconds=0.36
epoch=70/80 loss=0.123275 seconds=0.34
epoch=71/80 loss=0.107776 seconds=0.33
epoch=72/80 loss=0.134873 seconds=0.31
epoch=73/80 loss=0.122458 seconds=0.38
epoch=74/80 loss=0.103851 seconds=0.31
epoch=75/80 loss=0.119376 seconds=0.41
epoch=76/80 loss=0.099377 seconds=0.33
epoch=77/80 loss=0.107187 seconds=0.31
epoch=78/80 loss=0.124967 seconds=0.33
epoch=79/80 loss=0.117371 seconds=0.39
epoch=80/80 loss=0.116113 seconds=0.33
{"cv_oof": {"accuracy": 0.7133333333333334, "balanced_accuracy": 0.6767939814814814, "sensitivity": 0.5462962962962963, "specificity": 0.8072916666666666, "f1_macro": 0.6806298276886513, "roc_auc": 0.7309992283950617, "confusion_matrix": [[155, 37], [49, 59]], "classification_report": {"0": {"precision": 0.7598039215686274, "recall": 0.8072916666666666, "f1-score": 0.7828282828282829, "support": 192.0}, "1": {"precision": 0.6145833333333334, "recall": 0.5462962962962963, "f1-score": 0.5784313725490197, "support": 108.0}, "accuracy": 0.7133333333333334, "macro avg": {"precision": 0.6871936274509804, "recall": 0.6767939814814814, "f1-score": 0.6806298276886513, "support": 300.0}, "weighted avg": {"precision": 0.7075245098039216, "recall": 0.7133333333333334, "f1-score": 0.7092453951277481, "support": 300.0}}}, "test": {"accuracy": 0.7671232876712328, "balanced_accuracy": 0.7504091653027822, "sensitivity": 0.6923076923076923, "specificity": 0.8085106382978723, "f1_macro": 0.7482247920470684, "roc_auc": 0.8281505728314239, "confusion_matrix": [[38, 9], [8, 18]], "classification_report": {"0": {"precision": 0.8260869565217391, "recall": 0.8085106382978723, "f1-score": 0.8172043010752689, "support": 47.0}, "1": {"precision": 0.6666666666666666, "recall": 0.6923076923076923, "f1-score": 0.6792452830188679, "support": 26.0}, "accuracy": 0.7671232876712328, "macro avg": {"precision": 0.7463768115942029, "recall": 0.7504091653027822, "f1-score": 0.7482247920470684, "support": 73.0}, "weighted avg": {"precision": 0.7693071272582888, "recall": 0.7671232876712328, "f1-score": 0.7680682124524412, "support": 73.0}}}, "folds": 10, "original_train_rows": 300, "train_rows": 1920, "test_rows": 73, "elapsed_seconds": 293.06200000003446}
