Command: ["C:\\Users\\IHCK\\AppData\\Local\\Programs\\Python\\Python312\\python.exe", "-u", "C:\\Users\\IHCK\\Desktop\\1_10_69Final\\Hippocampal-Shape-Analysis-for-Epilepsy-Detection\\Model\\train_dataset_model.py", "--dataset", "augment_plsda_balanced", "--side", "left", "--model", "SqueezeNet", "--kind", "coef", "--train-csv", "C:\\Users\\IHCK\\Desktop\\1_10_69Final\\Hippocampal-Shape-Analysis-for-Epilepsy-Detection\\Output_Dataset\\augment_plsda_balanced\\left\\train_prepared.csv", "--test-csv", "C:\\Users\\IHCK\\Desktop\\1_10_69Final\\Hippocampal-Shape-Analysis-for-Epilepsy-Detection\\Output_Dataset\\augment_plsda_balanced\\left\\test_prepared.csv", "--output-dir", "C:\\Users\\IHCK\\Desktop\\1_10_69Final\\Hippocampal-Shape-Analysis-for-Epilepsy-Detection\\Model_Results\\dataset_runs_20261003_10fold\\augment_plsda_balanced\\left\\SqueezeNet", "--epochs", "80", "--folds", "10", "--pls-components", "8", "--seed", "42", "--threads", "2"]
10-fold CV: dataset=augment_plsda_balanced side=left model=SqueezeNet; original_train=300 test=73
Device=cuda; epochs=80; batch=32; model=SqueezeNet1D
epoch=1/80 loss=0.653334 seconds=0.55
epoch=2/80 loss=0.470558 seconds=0.22
epoch=3/80 loss=0.374768 seconds=0.20
epoch=4/80 loss=0.304946 seconds=0.20
epoch=5/80 loss=0.249896 seconds=0.22
epoch=6/80 loss=0.223290 seconds=0.27
epoch=7/80 loss=0.184743 seconds=0.33
epoch=8/80 loss=0.153004 seconds=0.20
epoch=9/80 loss=0.169264 seconds=0.23
epoch=10/80 loss=0.105331 seconds=0.25
epoch=11/80 loss=0.084843 seconds=0.20
epoch=12/80 loss=0.083417 seconds=0.22
epoch=13/80 loss=0.061852 seconds=0.22
epoch=14/80 loss=0.066252 seconds=0.22
epoch=15/80 loss=0.053924 seconds=0.20
epoch=16/80 loss=0.053614 seconds=0.19
epoch=17/80 loss=0.041163 seconds=0.20
epoch=18/80 loss=0.033121 seconds=0.20
epoch=19/80 loss=0.032595 seconds=0.20
epoch=20/80 loss=0.049658 seconds=0.25
epoch=21/80 loss=0.024186 seconds=0.19
epoch=22/80 loss=0.026660 seconds=0.20
epoch=23/80 loss=0.025657 seconds=0.20
epoch=24/80 loss=0.033769 seconds=0.20
epoch=25/80 loss=0.022855 seconds=0.20
epoch=26/80 loss=0.013811 seconds=0.19
epoch=27/80 loss=0.027366 seconds=0.22
epoch=28/80 loss=0.021234 seconds=0.19
epoch=29/80 loss=0.017738 seconds=0.22
epoch=30/80 loss=0.077653 seconds=0.25
epoch=31/80 loss=0.018799 seconds=0.20
epoch=32/80 loss=0.012160 seconds=0.25
epoch=33/80 loss=0.008799 seconds=0.20
epoch=34/80 loss=0.011709 seconds=0.20
epoch=35/80 loss=0.026464 seconds=0.20
epoch=36/80 loss=0.013259 seconds=0.20
epoch=37/80 loss=0.006959 seconds=0.22
epoch=38/80 loss=0.004596 seconds=0.22
epoch=39/80 loss=0.005766 seconds=0.19
epoch=40/80 loss=0.035731 seconds=0.28
epoch=41/80 loss=0.029874 seconds=0.25
epoch=42/80 loss=0.010791 seconds=0.20
epoch=43/80 loss=0.005931 seconds=0.20
epoch=44/80 loss=0.003826 seconds=0.19
epoch=45/80 loss=0.004808 seconds=0.20
epoch=46/80 loss=0.006925 seconds=0.20
epoch=47/80 loss=0.004257 seconds=0.20
epoch=48/80 loss=0.004293 seconds=0.20
epoch=49/80 loss=0.003986 seconds=0.20
epoch=50/80 loss=0.007503 seconds=0.23
epoch=51/80 loss=0.009981 seconds=0.23
epoch=52/80 loss=0.003432 seconds=0.22
epoch=53/80 loss=0.001882 seconds=0.22
epoch=54/80 loss=0.003751 seconds=0.22
epoch=55/80 loss=0.013577 seconds=0.22
epoch=56/80 loss=0.003461 seconds=0.27
epoch=57/80 loss=0.006938 seconds=0.19
epoch=58/80 loss=0.010641 seconds=0.20
epoch=59/80 loss=0.026820 seconds=0.20
epoch=60/80 loss=0.026344 seconds=0.23
epoch=61/80 loss=0.005187 seconds=0.23
epoch=62/80 loss=0.005419 seconds=0.20
epoch=63/80 loss=0.001652 seconds=0.20
epoch=64/80 loss=0.001999 seconds=0.20
epoch=65/80 loss=0.001321 seconds=0.22
epoch=66/80 loss=0.000991 seconds=0.20
epoch=67/80 loss=0.000802 seconds=0.22
epoch=68/80 loss=0.000412 seconds=0.20
epoch=69/80 loss=0.000408 seconds=0.20
epoch=70/80 loss=0.000718 seconds=0.20
epoch=71/80 loss=0.000297 seconds=0.20
epoch=72/80 loss=0.001150 seconds=0.19
epoch=73/80 loss=0.002672 seconds=0.17
epoch=74/80 loss=0.000879 seconds=0.20
epoch=75/80 loss=0.000759 seconds=0.19
epoch=76/80 loss=0.000623 seconds=0.19
epoch=77/80 loss=0.000276 seconds=0.17
epoch=78/80 loss=0.000241 seconds=0.19
epoch=79/80 loss=0.000730 seconds=0.19
epoch=80/80 loss=0.000148 seconds=0.19
fold=1/10 OOF_accuracy=0.733333 OOF_AUC=0.735000
Device=cuda; epochs=80; batch=32; model=SqueezeNet1D
epoch=1/80 loss=0.543536 seconds=0.20
epoch=2/80 loss=0.085384 seconds=0.22
epoch=3/80 loss=0.049805 seconds=0.20
epoch=4/80 loss=0.059855 seconds=0.22
epoch=5/80 loss=0.027003 seconds=0.20
epoch=6/80 loss=0.040554 seconds=0.20
epoch=7/80 loss=0.026833 seconds=0.22
epoch=8/80 loss=0.026213 seconds=0.22
epoch=9/80 loss=0.020386 seconds=0.28
epoch=10/80 loss=0.023679 seconds=0.20
epoch=11/80 loss=0.019051 seconds=0.22
epoch=12/80 loss=0.014706 seconds=0.22
epoch=13/80 loss=0.013971 seconds=0.22
epoch=14/80 loss=0.017411 seconds=0.22
epoch=15/80 loss=0.016677 seconds=0.20
epoch=16/80 loss=0.018146 seconds=0.22
epoch=17/80 loss=0.012318 seconds=0.22
epoch=18/80 loss=0.010366 seconds=0.25
epoch=19/80 loss=0.008618 seconds=0.27
epoch=20/80 loss=0.005932 seconds=0.23
epoch=21/80 loss=0.010148 seconds=0.22
epoch=22/80 loss=0.007986 seconds=0.20
epoch=23/80 loss=0.005239 seconds=0.23
epoch=24/80 loss=0.007608 seconds=0.20
epoch=25/80 loss=0.005303 seconds=0.22
epoch=26/80 loss=0.004018 seconds=0.22
epoch=27/80 loss=0.002906 seconds=0.22
epoch=28/80 loss=0.003581 seconds=0.22
epoch=29/80 loss=0.004427 seconds=0.23
epoch=30/80 loss=0.007754 seconds=0.20
epoch=31/80 loss=0.005466 seconds=0.22
epoch=32/80 loss=0.004364 seconds=0.20
epoch=33/80 loss=0.006776 seconds=0.22
epoch=34/80 loss=0.003085 seconds=0.20
epoch=35/80 loss=0.002895 seconds=0.23
epoch=36/80 loss=0.000888 seconds=0.22
epoch=37/80 loss=0.001210 seconds=0.22
epoch=38/80 loss=0.000559 seconds=0.23
epoch=39/80 loss=0.000701 seconds=0.23
epoch=40/80 loss=0.000292 seconds=0.22
epoch=41/80 loss=0.000420 seconds=0.22
epoch=42/80 loss=0.000402 seconds=0.22
epoch=43/80 loss=0.000584 seconds=0.22
epoch=44/80 loss=0.000434 seconds=0.22
epoch=45/80 loss=0.000199 seconds=0.22
epoch=46/80 loss=0.000397 seconds=0.22
epoch=47/80 loss=0.002388 seconds=0.23
epoch=48/80 loss=0.014340 seconds=0.25
epoch=49/80 loss=0.031207 seconds=0.25
epoch=50/80 loss=0.004036 seconds=0.30
epoch=51/80 loss=0.001897 seconds=0.23
epoch=52/80 loss=0.001061 seconds=0.22
epoch=53/80 loss=0.000367 seconds=0.22
epoch=54/80 loss=0.000477 seconds=0.22
epoch=55/80 loss=0.000314 seconds=0.20
epoch=56/80 loss=0.000218 seconds=0.20
epoch=57/80 loss=0.000468 seconds=0.30
epoch=58/80 loss=0.000298 seconds=0.20
epoch=59/80 loss=0.000206 seconds=0.22
epoch=60/80 loss=0.000312 seconds=0.22
epoch=61/80 loss=0.000127 seconds=0.22
epoch=62/80 loss=0.000189 seconds=0.20
epoch=63/80 loss=0.000132 seconds=0.22
epoch=64/80 loss=0.000091 seconds=0.23
epoch=65/80 loss=0.000091 seconds=0.20
epoch=66/80 loss=0.000161 seconds=0.20
epoch=67/80 loss=0.000907 seconds=0.25
epoch=68/80 loss=0.002607 seconds=0.25
epoch=69/80 loss=0.001477 seconds=0.20
epoch=70/80 loss=0.013991 seconds=0.23
epoch=71/80 loss=0.007973 seconds=0.22
epoch=72/80 loss=0.000644 seconds=0.27
epoch=73/80 loss=0.000531 seconds=0.22
epoch=74/80 loss=0.000249 seconds=0.22
epoch=75/80 loss=0.000378 seconds=0.20
epoch=76/80 loss=0.001088 seconds=0.25
epoch=77/80 loss=0.000486 seconds=0.23
epoch=78/80 loss=0.000208 seconds=0.22
epoch=79/80 loss=0.000147 seconds=0.22
epoch=80/80 loss=0.000064 seconds=0.22
fold=2/10 OOF_accuracy=0.633333 OOF_AUC=0.615000
Device=cuda; epochs=80; batch=32; model=SqueezeNet1D
epoch=1/80 loss=0.552421 seconds=0.19
epoch=2/80 loss=0.103526 seconds=0.20
epoch=3/80 loss=0.063864 seconds=0.22
epoch=4/80 loss=0.046768 seconds=0.20
epoch=5/80 loss=0.045206 seconds=0.20
epoch=6/80 loss=0.030118 seconds=0.20
epoch=7/80 loss=0.030424 seconds=0.22
epoch=8/80 loss=0.026553 seconds=0.20
epoch=9/80 loss=0.028006 seconds=0.22
epoch=10/80 loss=0.017844 seconds=0.22
epoch=11/80 loss=0.017883 seconds=0.22
epoch=12/80 loss=0.025271 seconds=0.20
epoch=13/80 loss=0.016921 seconds=0.22
epoch=14/80 loss=0.014117 seconds=0.20
epoch=15/80 loss=0.017363 seconds=0.22
epoch=16/80 loss=0.014227 seconds=0.20
epoch=17/80 loss=0.023550 seconds=0.27
epoch=18/80 loss=0.019000 seconds=0.23
epoch=19/80 loss=0.009250 seconds=0.20
epoch=20/80 loss=0.012799 seconds=0.23
epoch=21/80 loss=0.017592 seconds=0.20
epoch=22/80 loss=0.026258 seconds=0.19
epoch=23/80 loss=0.020157 seconds=0.25
epoch=24/80 loss=0.011672 seconds=0.22
epoch=25/80 loss=0.008312 seconds=0.20
epoch=26/80 loss=0.011087 seconds=0.22
epoch=27/80 loss=0.019508 seconds=0.20
epoch=28/80 loss=0.010041 seconds=0.20
epoch=29/80 loss=0.009786 seconds=0.20
epoch=30/80 loss=0.005963 seconds=0.20
epoch=31/80 loss=0.009839 seconds=0.20
epoch=32/80 loss=0.008501 seconds=0.22
epoch=33/80 loss=0.006953 seconds=0.22
epoch=34/80 loss=0.011735 seconds=0.23
epoch=35/80 loss=0.007072 seconds=0.20
epoch=36/80 loss=0.004758 seconds=0.22
epoch=37/80 loss=0.003389 seconds=0.22
epoch=38/80 loss=0.005161 seconds=0.20
epoch=39/80 loss=0.004300 seconds=0.22
epoch=40/80 loss=0.010215 seconds=0.22
epoch=41/80 loss=0.015847 seconds=0.20
epoch=42/80 loss=0.005201 seconds=0.22
epoch=43/80 loss=0.005966 seconds=0.23
epoch=44/80 loss=0.002302 seconds=0.23
epoch=45/80 loss=0.005243 seconds=0.22
epoch=46/80 loss=0.005482 seconds=0.22
epoch=47/80 loss=0.001470 seconds=0.20
epoch=48/80 loss=0.001236 seconds=0.20
epoch=49/80 loss=0.002044 seconds=0.22
epoch=50/80 loss=0.004341 seconds=0.20
epoch=51/80 loss=0.003276 seconds=0.22
epoch=52/80 loss=0.008053 seconds=0.22
epoch=53/80 loss=0.007827 seconds=0.23
epoch=54/80 loss=0.003386 seconds=0.25
epoch=55/80 loss=0.004544 seconds=0.19
epoch=56/80 loss=0.005582 seconds=0.22
epoch=57/80 loss=0.010278 seconds=0.22
epoch=58/80 loss=0.002650 seconds=0.20
epoch=59/80 loss=0.002275 seconds=0.22
epoch=60/80 loss=0.001474 seconds=0.20
epoch=61/80 loss=0.007324 seconds=0.20
epoch=62/80 loss=0.004456 seconds=0.20
epoch=63/80 loss=0.001597 seconds=0.22
epoch=64/80 loss=0.025658 seconds=0.28
epoch=65/80 loss=0.013339 seconds=0.20
epoch=66/80 loss=0.004919 seconds=0.20
epoch=67/80 loss=0.004051 seconds=0.20
epoch=68/80 loss=0.000715 seconds=0.22
epoch=69/80 loss=0.001095 seconds=0.20
epoch=70/80 loss=0.001070 seconds=0.19
epoch=71/80 loss=0.000436 seconds=0.20
epoch=72/80 loss=0.000538 seconds=0.20
epoch=73/80 loss=0.001543 seconds=0.20
epoch=74/80 loss=0.001089 seconds=0.27
epoch=75/80 loss=0.000436 seconds=0.19
epoch=76/80 loss=0.004561 seconds=0.19
epoch=77/80 loss=0.000495 seconds=0.19
epoch=78/80 loss=0.000264 seconds=0.19
epoch=79/80 loss=0.001755 seconds=0.19
epoch=80/80 loss=0.000373 seconds=0.19
fold=3/10 OOF_accuracy=0.666667 OOF_AUC=0.631579
Device=cuda; epochs=80; batch=32; model=SqueezeNet1D
epoch=1/80 loss=0.554226 seconds=0.23
epoch=2/80 loss=0.064772 seconds=0.23
epoch=3/80 loss=0.046483 seconds=0.22
epoch=4/80 loss=0.031300 seconds=0.22
epoch=5/80 loss=0.030426 seconds=0.20
epoch=6/80 loss=0.025434 seconds=0.22
epoch=7/80 loss=0.020075 seconds=0.22
epoch=8/80 loss=0.017591 seconds=0.20
epoch=9/80 loss=0.027776 seconds=0.20
epoch=10/80 loss=0.021072 seconds=0.22
epoch=11/80 loss=0.015564 seconds=0.23
epoch=12/80 loss=0.015657 seconds=0.22
epoch=13/80 loss=0.017074 seconds=0.22
epoch=14/80 loss=0.017780 seconds=0.22
epoch=15/80 loss=0.013516 seconds=0.22
epoch=16/80 loss=0.011975 seconds=0.22
epoch=17/80 loss=0.017651 seconds=0.20
epoch=18/80 loss=0.008084 seconds=0.20
epoch=19/80 loss=0.017564 seconds=0.22
epoch=20/80 loss=0.031961 seconds=0.22
epoch=21/80 loss=0.013605 seconds=0.25
epoch=22/80 loss=0.013645 seconds=0.22
epoch=23/80 loss=0.012837 seconds=0.22
epoch=24/80 loss=0.015186 seconds=0.22
epoch=25/80 loss=0.012425 seconds=0.22
epoch=26/80 loss=0.015566 seconds=0.22
epoch=27/80 loss=0.016976 seconds=0.17
epoch=28/80 loss=0.014095 seconds=0.20
epoch=29/80 loss=0.009143 seconds=0.19
epoch=30/80 loss=0.010438 seconds=0.17
epoch=31/80 loss=0.015880 seconds=0.20
epoch=32/80 loss=0.011821 seconds=0.23
epoch=33/80 loss=0.012093 seconds=0.23
epoch=34/80 loss=0.019355 seconds=0.19
epoch=35/80 loss=0.013884 seconds=0.17
epoch=36/80 loss=0.017037 seconds=0.19
epoch=37/80 loss=0.014250 seconds=0.17
epoch=38/80 loss=0.006711 seconds=0.17
epoch=39/80 loss=0.010519 seconds=0.17
epoch=40/80 loss=0.012800 seconds=0.23
epoch=41/80 loss=0.012645 seconds=0.17
epoch=42/80 loss=0.008926 seconds=0.20
epoch=43/80 loss=0.010522 seconds=0.20
epoch=44/80 loss=0.013135 seconds=0.19
epoch=45/80 loss=0.010455 seconds=0.17
epoch=46/80 loss=0.008418 seconds=0.19
epoch=47/80 loss=0.012006 seconds=0.17
epoch=48/80 loss=0.005816 seconds=0.20
epoch=49/80 loss=0.010831 seconds=0.16
epoch=50/80 loss=0.006907 seconds=0.19
epoch=51/80 loss=0.006258 seconds=0.17
epoch=52/80 loss=0.010078 seconds=0.20
epoch=53/80 loss=0.005011 seconds=0.20
epoch=54/80 loss=0.015268 seconds=0.23
epoch=55/80 loss=0.032968 seconds=0.22
epoch=56/80 loss=0.008192 seconds=0.22
epoch=57/80 loss=0.008969 seconds=0.20
epoch=58/80 loss=0.004744 seconds=0.20
epoch=59/80 loss=0.004873 seconds=0.20
epoch=60/80 loss=0.009500 seconds=0.19
epoch=61/80 loss=0.010345 seconds=0.22
epoch=62/80 loss=0.011486 seconds=0.20
epoch=63/80 loss=0.005885 seconds=0.20
epoch=64/80 loss=0.008221 seconds=0.22
epoch=65/80 loss=0.007109 seconds=0.23
epoch=66/80 loss=0.005174 seconds=0.20
epoch=67/80 loss=0.004683 seconds=0.19
epoch=68/80 loss=0.003856 seconds=0.20
epoch=69/80 loss=0.006009 seconds=0.20
epoch=70/80 loss=0.012386 seconds=0.20
epoch=71/80 loss=0.008633 seconds=0.19
epoch=72/80 loss=0.006851 seconds=0.20
epoch=73/80 loss=0.004531 seconds=0.25
epoch=74/80 loss=0.011124 seconds=0.22
epoch=75/80 loss=0.006591 seconds=0.23
epoch=76/80 loss=0.003058 seconds=0.20
epoch=77/80 loss=0.005681 seconds=0.22
epoch=78/80 loss=0.008403 seconds=0.20
epoch=79/80 loss=0.005541 seconds=0.20
epoch=80/80 loss=0.006952 seconds=0.22
fold=4/10 OOF_accuracy=0.666667 OOF_AUC=0.684211
Device=cuda; epochs=80; batch=32; model=SqueezeNet1D
epoch=1/80 loss=0.573200 seconds=0.20
epoch=2/80 loss=0.122838 seconds=0.25
epoch=3/80 loss=0.099454 seconds=0.22
epoch=4/80 loss=0.063652 seconds=0.22
epoch=5/80 loss=0.055964 seconds=0.20
epoch=6/80 loss=0.062192 seconds=0.20
epoch=7/80 loss=0.046387 seconds=0.22
epoch=8/80 loss=0.041757 seconds=0.20
epoch=9/80 loss=0.039943 seconds=0.20
epoch=10/80 loss=0.036461 seconds=0.20
epoch=11/80 loss=0.031056 seconds=0.25
epoch=12/80 loss=0.033434 seconds=0.22
epoch=13/80 loss=0.025085 seconds=0.20
epoch=14/80 loss=0.028458 seconds=0.19
epoch=15/80 loss=0.030507 seconds=0.22
epoch=16/80 loss=0.022177 seconds=0.22
epoch=17/80 loss=0.026461 seconds=0.22
epoch=18/80 loss=0.020704 seconds=0.22
epoch=19/80 loss=0.023981 seconds=0.20
epoch=20/80 loss=0.031412 seconds=0.20
epoch=21/80 loss=0.025283 seconds=0.20
epoch=22/80 loss=0.024919 seconds=0.23
epoch=23/80 loss=0.018570 seconds=0.22
epoch=24/80 loss=0.017894 seconds=0.20
epoch=25/80 loss=0.012863 seconds=0.19
epoch=26/80 loss=0.017650 seconds=0.20
epoch=27/80 loss=0.014373 seconds=0.19
epoch=28/80 loss=0.016160 seconds=0.20
epoch=29/80 loss=0.028317 seconds=0.19
epoch=30/80 loss=0.017159 seconds=0.20
epoch=31/80 loss=0.014440 seconds=0.20
epoch=32/80 loss=0.015650 seconds=0.19
epoch=33/80 loss=0.008733 seconds=0.36
epoch=34/80 loss=0.016274 seconds=0.22
epoch=35/80 loss=0.009420 seconds=0.22
epoch=36/80 loss=0.007308 seconds=0.20
epoch=37/80 loss=0.009138 seconds=0.20
epoch=38/80 loss=0.010242 seconds=0.22
epoch=39/80 loss=0.007677 seconds=0.22
epoch=40/80 loss=0.012079 seconds=0.22
epoch=41/80 loss=0.015295 seconds=0.22
epoch=42/80 loss=0.004512 seconds=0.23
epoch=43/80 loss=0.023549 seconds=0.23
epoch=44/80 loss=0.005087 seconds=0.28
epoch=45/80 loss=0.005858 seconds=0.20
epoch=46/80 loss=0.005906 seconds=0.19
epoch=47/80 loss=0.005449 seconds=0.19
epoch=48/80 loss=0.005809 seconds=0.19
epoch=49/80 loss=0.002790 seconds=0.20
epoch=50/80 loss=0.006228 seconds=0.20
epoch=51/80 loss=0.009634 seconds=0.20
epoch=52/80 loss=0.005485 seconds=0.20
epoch=53/80 loss=0.003880 seconds=0.25
epoch=54/80 loss=0.021818 seconds=0.27
epoch=55/80 loss=0.012504 seconds=0.19
epoch=56/80 loss=0.007185 seconds=0.20
epoch=57/80 loss=0.004132 seconds=0.22
epoch=58/80 loss=0.016362 seconds=0.19
epoch=59/80 loss=0.003829 seconds=0.20
epoch=60/80 loss=0.003632 seconds=0.19
epoch=61/80 loss=0.013889 seconds=0.20
epoch=62/80 loss=0.008123 seconds=0.19
epoch=63/80 loss=0.001439 seconds=0.25
epoch=64/80 loss=0.003467 seconds=0.22
epoch=65/80 loss=0.009946 seconds=0.22
epoch=66/80 loss=0.013747 seconds=0.20
epoch=67/80 loss=0.004972 seconds=0.28
epoch=68/80 loss=0.003816 seconds=0.30
epoch=69/80 loss=0.001237 seconds=0.25
epoch=70/80 loss=0.001094 seconds=0.25
epoch=71/80 loss=0.000818 seconds=0.22
epoch=72/80 loss=0.000584 seconds=0.28
epoch=73/80 loss=0.000439 seconds=0.19
epoch=74/80 loss=0.000361 seconds=0.19
epoch=75/80 loss=0.000604 seconds=0.19
epoch=76/80 loss=0.000626 seconds=0.17
epoch=77/80 loss=0.000798 seconds=0.19
epoch=78/80 loss=0.000240 seconds=0.20
epoch=79/80 loss=0.000490 seconds=0.23
epoch=80/80 loss=0.000359 seconds=0.22
fold=5/10 OOF_accuracy=0.766667 OOF_AUC=0.755981
Device=cuda; epochs=80; batch=32; model=SqueezeNet1D
epoch=1/80 loss=0.680013 seconds=0.20
epoch=2/80 loss=0.500716 seconds=0.22
epoch=3/80 loss=0.340060 seconds=0.22
epoch=4/80 loss=0.235706 seconds=0.25
epoch=5/80 loss=0.156044 seconds=0.23
epoch=6/80 loss=0.114380 seconds=0.23
epoch=7/80 loss=0.071427 seconds=0.27
epoch=8/80 loss=0.056305 seconds=0.23
epoch=9/80 loss=0.044843 seconds=0.25
epoch=10/80 loss=0.029874 seconds=0.23
epoch=11/80 loss=0.067873 seconds=0.23
epoch=12/80 loss=0.040743 seconds=0.22
epoch=13/80 loss=0.027578 seconds=0.22
epoch=14/80 loss=0.032230 seconds=0.22
epoch=15/80 loss=0.027261 seconds=0.23
epoch=16/80 loss=0.020179 seconds=0.22
epoch=17/80 loss=0.024736 seconds=0.19
epoch=18/80 loss=0.017932 seconds=0.23
epoch=19/80 loss=0.012120 seconds=0.20
epoch=20/80 loss=0.021588 seconds=0.17
epoch=21/80 loss=0.014624 seconds=0.19
epoch=22/80 loss=0.032095 seconds=0.19
epoch=23/80 loss=0.015188 seconds=0.17
epoch=24/80 loss=0.012937 seconds=0.19
epoch=25/80 loss=0.009009 seconds=0.19
epoch=26/80 loss=0.014436 seconds=0.19
epoch=27/80 loss=0.014928 seconds=0.19
epoch=28/80 loss=0.016350 seconds=0.19
epoch=29/80 loss=0.017422 seconds=0.22
epoch=30/80 loss=0.004799 seconds=0.23
epoch=31/80 loss=0.013126 seconds=0.22
epoch=32/80 loss=0.011722 seconds=0.19
epoch=33/80 loss=0.010415 seconds=0.20
epoch=34/80 loss=0.005958 seconds=0.19
epoch=35/80 loss=0.002689 seconds=0.20
epoch=36/80 loss=0.001567 seconds=0.20
epoch=37/80 loss=0.001318 seconds=0.19
epoch=38/80 loss=0.000924 seconds=0.20
epoch=39/80 loss=0.001271 seconds=0.20
epoch=40/80 loss=0.001805 seconds=0.27
epoch=41/80 loss=0.001431 seconds=0.28
epoch=42/80 loss=0.004599 seconds=0.19
epoch=43/80 loss=0.003207 seconds=0.19
epoch=44/80 loss=0.115119 seconds=0.20
epoch=45/80 loss=0.024941 seconds=0.19
epoch=46/80 loss=0.009900 seconds=0.22
epoch=47/80 loss=0.007156 seconds=0.22
epoch=48/80 loss=0.004657 seconds=0.22
epoch=49/80 loss=0.004895 seconds=0.23
epoch=50/80 loss=0.002143 seconds=0.23
epoch=51/80 loss=0.001160 seconds=0.19
epoch=52/80 loss=0.002224 seconds=0.20
epoch=53/80 loss=0.001925 seconds=0.22
epoch=54/80 loss=0.001807 seconds=0.22
epoch=55/80 loss=0.000564 seconds=0.20
epoch=56/80 loss=0.000600 seconds=0.20
epoch=57/80 loss=0.000480 seconds=0.20
epoch=58/80 loss=0.000377 seconds=0.20
epoch=59/80 loss=0.000304 seconds=0.20
epoch=60/80 loss=0.000626 seconds=0.25
epoch=61/80 loss=0.000493 seconds=0.20
epoch=62/80 loss=0.000295 seconds=0.20
epoch=63/80 loss=0.000188 seconds=0.20
epoch=64/80 loss=0.000348 seconds=0.20
epoch=65/80 loss=0.000177 seconds=0.20
epoch=66/80 loss=0.000248 seconds=0.22
epoch=67/80 loss=0.000184 seconds=0.20
epoch=68/80 loss=0.000148 seconds=0.20
epoch=69/80 loss=0.000107 seconds=0.20
epoch=70/80 loss=0.000117 seconds=0.22
epoch=71/80 loss=0.000102 seconds=0.25
epoch=72/80 loss=0.001381 seconds=0.22
epoch=73/80 loss=0.000187 seconds=0.20
epoch=74/80 loss=0.000238 seconds=0.20
epoch=75/80 loss=0.000191 seconds=0.20
epoch=76/80 loss=0.000218 seconds=0.20
epoch=77/80 loss=0.000110 seconds=0.20
epoch=78/80 loss=0.000126 seconds=0.20
epoch=79/80 loss=0.000128 seconds=0.23
epoch=80/80 loss=0.001011 seconds=0.20
fold=6/10 OOF_accuracy=0.800000 OOF_AUC=0.818182
Device=cuda; epochs=80; batch=32; model=SqueezeNet1D
epoch=1/80 loss=0.614018 seconds=0.19
epoch=2/80 loss=0.213017 seconds=0.19
epoch=3/80 loss=0.109026 seconds=0.20
epoch=4/80 loss=0.087754 seconds=0.20
epoch=5/80 loss=0.087702 seconds=0.20
epoch=6/80 loss=0.067478 seconds=0.20
epoch=7/80 loss=0.041073 seconds=0.22
epoch=8/80 loss=0.045613 seconds=0.19
epoch=9/80 loss=0.027296 seconds=0.20
epoch=10/80 loss=0.024663 seconds=0.20
epoch=11/80 loss=0.030609 seconds=0.22
epoch=12/80 loss=0.020805 seconds=0.20
epoch=13/80 loss=0.035553 seconds=0.20
epoch=14/80 loss=0.029725 seconds=0.20
epoch=15/80 loss=0.017951 seconds=0.20
epoch=16/80 loss=0.031347 seconds=0.20
epoch=17/80 loss=0.019601 seconds=0.20
epoch=18/80 loss=0.011269 seconds=0.23
epoch=19/80 loss=0.011912 seconds=0.23
epoch=20/80 loss=0.016329 seconds=0.20
epoch=21/80 loss=0.020346 seconds=0.19
epoch=22/80 loss=0.017666 seconds=0.20
epoch=23/80 loss=0.010928 seconds=0.20
epoch=24/80 loss=0.008073 seconds=0.20
epoch=25/80 loss=0.004963 seconds=0.20
epoch=26/80 loss=0.008774 seconds=0.22
epoch=27/80 loss=0.009496 seconds=0.20
epoch=28/80 loss=0.009590 seconds=0.22
epoch=29/80 loss=0.009027 seconds=0.28
epoch=30/80 loss=0.010052 seconds=0.20
epoch=31/80 loss=0.014429 seconds=0.20
epoch=32/80 loss=0.016941 seconds=0.22
epoch=33/80 loss=0.019515 seconds=0.20
epoch=34/80 loss=0.006054 seconds=0.22
epoch=35/80 loss=0.002956 seconds=0.22
epoch=36/80 loss=0.004947 seconds=0.22
epoch=37/80 loss=0.010319 seconds=0.31
epoch=38/80 loss=0.031504 seconds=0.30
epoch=39/80 loss=0.008591 seconds=0.22
epoch=40/80 loss=0.005233 seconds=0.25
epoch=41/80 loss=0.003438 seconds=0.20
epoch=42/80 loss=0.004728 seconds=0.19
epoch=43/80 loss=0.003049 seconds=0.20
epoch=44/80 loss=0.005978 seconds=0.17
epoch=45/80 loss=0.007848 seconds=0.19
epoch=46/80 loss=0.003114 seconds=0.20
epoch=47/80 loss=0.001825 seconds=0.20
epoch=48/80 loss=0.001310 seconds=0.23
epoch=49/80 loss=0.007284 seconds=0.25
epoch=50/80 loss=0.005169 seconds=0.17
epoch=51/80 loss=0.004100 seconds=0.19
epoch=52/80 loss=0.006985 seconds=0.19
epoch=53/80 loss=0.015465 seconds=0.20
epoch=54/80 loss=0.003605 seconds=0.17
epoch=55/80 loss=0.003398 seconds=0.20
epoch=56/80 loss=0.004667 seconds=0.19
epoch=57/80 loss=0.002036 seconds=0.19
epoch=58/80 loss=0.005997 seconds=0.19
epoch=59/80 loss=0.004271 seconds=0.23
epoch=60/80 loss=0.016037 seconds=0.20
epoch=61/80 loss=0.007424 seconds=0.20
epoch=62/80 loss=0.003095 seconds=0.19
epoch=63/80 loss=0.004193 seconds=0.20
epoch=64/80 loss=0.000975 seconds=0.19
epoch=65/80 loss=0.001420 seconds=0.19
epoch=66/80 loss=0.006154 seconds=0.19
epoch=67/80 loss=0.008564 seconds=0.20
epoch=68/80 loss=0.003779 seconds=0.19
epoch=69/80 loss=0.002766 seconds=0.22
epoch=70/80 loss=0.010378 seconds=0.27
epoch=71/80 loss=0.013980 seconds=0.20
epoch=72/80 loss=0.001520 seconds=0.22
epoch=73/80 loss=0.005031 seconds=0.19
epoch=74/80 loss=0.000835 seconds=0.22
epoch=75/80 loss=0.000534 seconds=0.28
epoch=76/80 loss=0.000602 seconds=0.20
epoch=77/80 loss=0.001660 seconds=0.20
epoch=78/80 loss=0.000297 seconds=0.20
epoch=79/80 loss=0.000510 seconds=0.23
epoch=80/80 loss=0.000307 seconds=0.22
fold=7/10 OOF_accuracy=0.833333 OOF_AUC=0.744019
Device=cuda; epochs=80; batch=32; model=SqueezeNet1D
epoch=1/80 loss=0.592664 seconds=0.17
epoch=2/80 loss=0.147558 seconds=0.23
epoch=3/80 loss=0.072427 seconds=0.20
epoch=4/80 loss=0.074267 seconds=0.22
epoch=5/80 loss=0.037233 seconds=0.22
epoch=6/80 loss=0.037736 seconds=0.22
epoch=7/80 loss=0.036066 seconds=0.23
epoch=8/80 loss=0.028115 seconds=0.20
epoch=9/80 loss=0.025180 seconds=0.20
epoch=10/80 loss=0.020235 seconds=0.20
epoch=11/80 loss=0.025122 seconds=0.19
epoch=12/80 loss=0.020111 seconds=0.19
epoch=13/80 loss=0.018188 seconds=0.19
epoch=14/80 loss=0.017252 seconds=0.19
epoch=15/80 loss=0.012136 seconds=0.20
epoch=16/80 loss=0.018683 seconds=0.19
epoch=17/80 loss=0.012894 seconds=0.23
epoch=18/80 loss=0.013399 seconds=0.25
epoch=19/80 loss=0.009089 seconds=0.19
epoch=20/80 loss=0.011511 seconds=0.19
epoch=21/80 loss=0.018104 seconds=0.19
epoch=22/80 loss=0.015527 seconds=0.19
epoch=23/80 loss=0.007711 seconds=0.19
epoch=24/80 loss=0.007796 seconds=0.19
epoch=25/80 loss=0.017370 seconds=0.19
epoch=26/80 loss=0.010633 seconds=0.19
epoch=27/80 loss=0.011953 seconds=0.19
epoch=28/80 loss=0.005166 seconds=0.23
epoch=29/80 loss=0.004602 seconds=0.22
epoch=30/80 loss=0.004456 seconds=0.20
epoch=31/80 loss=0.011183 seconds=0.19
epoch=32/80 loss=0.003193 seconds=0.20
epoch=33/80 loss=0.002254 seconds=0.19
epoch=34/80 loss=0.008755 seconds=0.19
epoch=35/80 loss=0.011290 seconds=0.20
epoch=36/80 loss=0.008920 seconds=0.20
epoch=37/80 loss=0.010607 seconds=0.19
epoch=38/80 loss=0.009119 seconds=0.20
epoch=39/80 loss=0.005920 seconds=0.27
epoch=40/80 loss=0.004021 seconds=0.23
epoch=41/80 loss=0.004934 seconds=0.20
epoch=42/80 loss=0.003092 seconds=0.20
epoch=43/80 loss=0.002300 seconds=0.23
epoch=44/80 loss=0.002654 seconds=0.20
epoch=45/80 loss=0.004501 seconds=0.20
epoch=46/80 loss=0.003001 seconds=0.23
epoch=47/80 loss=0.008747 seconds=0.20
epoch=48/80 loss=0.004390 seconds=0.23
epoch=49/80 loss=0.003388 seconds=0.20
epoch=50/80 loss=0.001532 seconds=0.22
epoch=51/80 loss=0.006483 seconds=0.22
epoch=52/80 loss=0.007076 seconds=0.23
epoch=53/80 loss=0.001036 seconds=0.22
epoch=54/80 loss=0.004726 seconds=0.20
epoch=55/80 loss=0.005590 seconds=0.22
epoch=56/80 loss=0.016729 seconds=0.22
epoch=57/80 loss=0.005237 seconds=0.22
epoch=58/80 loss=0.001325 seconds=0.20
epoch=59/80 loss=0.000719 seconds=0.25
epoch=60/80 loss=0.002033 seconds=0.22
epoch=61/80 loss=0.000560 seconds=0.20
epoch=62/80 loss=0.000741 seconds=0.22
epoch=63/80 loss=0.001272 seconds=0.22
epoch=64/80 loss=0.006282 seconds=0.22
epoch=65/80 loss=0.000822 seconds=0.22
epoch=66/80 loss=0.004768 seconds=0.20
epoch=67/80 loss=0.002676 seconds=0.22
epoch=68/80 loss=0.000269 seconds=0.22
epoch=69/80 loss=0.001745 seconds=0.23
epoch=70/80 loss=0.009758 seconds=0.20
epoch=71/80 loss=0.005232 seconds=0.20
epoch=72/80 loss=0.000577 seconds=0.20
epoch=73/80 loss=0.000813 seconds=0.20
epoch=74/80 loss=0.010781 seconds=0.20
epoch=75/80 loss=0.009488 seconds=0.22
epoch=76/80 loss=0.000820 seconds=0.20
epoch=77/80 loss=0.000687 seconds=0.19
epoch=78/80 loss=0.000890 seconds=0.22
epoch=79/80 loss=0.000330 seconds=0.27
epoch=80/80 loss=0.000276 seconds=0.22
fold=8/10 OOF_accuracy=0.700000 OOF_AUC=0.727273
Device=cuda; epochs=80; batch=32; model=SqueezeNet1D
epoch=1/80 loss=0.659999 seconds=0.20
epoch=2/80 loss=0.447197 seconds=0.22
epoch=3/80 loss=0.347502 seconds=0.25
epoch=4/80 loss=0.249518 seconds=0.28
epoch=5/80 loss=0.205621 seconds=0.28
epoch=6/80 loss=0.154293 seconds=0.23
epoch=7/80 loss=0.137682 seconds=0.20
epoch=8/80 loss=0.122905 seconds=0.20
epoch=9/80 loss=0.100896 seconds=0.20
epoch=10/80 loss=0.085450 seconds=0.19
epoch=11/80 loss=0.067115 seconds=0.19
epoch=12/80 loss=0.077079 seconds=0.20
epoch=13/80 loss=0.063123 seconds=0.19
epoch=14/80 loss=0.046585 seconds=0.19
epoch=15/80 loss=0.047704 seconds=0.20
epoch=16/80 loss=0.043273 seconds=0.23
epoch=17/80 loss=0.032275 seconds=0.19
epoch=18/80 loss=0.027769 seconds=0.20
epoch=19/80 loss=0.029001 seconds=0.19
epoch=20/80 loss=0.030681 seconds=0.25
epoch=21/80 loss=0.021262 seconds=0.19
epoch=22/80 loss=0.025278 seconds=0.20
epoch=23/80 loss=0.017542 seconds=0.28
epoch=24/80 loss=0.040044 seconds=0.19
epoch=25/80 loss=0.016076 seconds=0.19
epoch=26/80 loss=0.015075 seconds=0.25
epoch=27/80 loss=0.011144 seconds=0.19
epoch=28/80 loss=0.015361 seconds=0.20
epoch=29/80 loss=0.015804 seconds=0.30
epoch=30/80 loss=0.015615 seconds=0.20
epoch=31/80 loss=0.019355 seconds=0.20
epoch=32/80 loss=0.017501 seconds=0.20
epoch=33/80 loss=0.007959 seconds=0.19
epoch=34/80 loss=0.005901 seconds=0.22
epoch=35/80 loss=0.010727 seconds=0.22
epoch=36/80 loss=0.003062 seconds=0.25
epoch=37/80 loss=0.003424 seconds=0.22
epoch=38/80 loss=0.004433 seconds=0.22
epoch=39/80 loss=0.004276 seconds=0.20
epoch=40/80 loss=0.003164 seconds=0.22
epoch=41/80 loss=0.010553 seconds=0.19
epoch=42/80 loss=0.019598 seconds=0.22
epoch=43/80 loss=0.007281 seconds=0.22
epoch=44/80 loss=0.006327 seconds=0.20
epoch=45/80 loss=0.001232 seconds=0.20
epoch=46/80 loss=0.006081 seconds=0.27
epoch=47/80 loss=0.005973 seconds=0.20
epoch=48/80 loss=0.015609 seconds=0.22
epoch=49/80 loss=0.016263 seconds=0.20
epoch=50/80 loss=0.004949 seconds=0.22
epoch=51/80 loss=0.001576 seconds=0.20
epoch=52/80 loss=0.002590 seconds=0.23
epoch=53/80 loss=0.001921 seconds=0.23
epoch=54/80 loss=0.006333 seconds=0.23
epoch=55/80 loss=0.005189 seconds=0.25
epoch=56/80 loss=0.001306 seconds=0.23
epoch=57/80 loss=0.001205 seconds=0.20
epoch=58/80 loss=0.000760 seconds=0.22
epoch=59/80 loss=0.000612 seconds=0.23
epoch=60/80 loss=0.003355 seconds=0.25
epoch=61/80 loss=0.042998 seconds=0.23
epoch=62/80 loss=0.007204 seconds=0.23
epoch=63/80 loss=0.003122 seconds=0.25
epoch=64/80 loss=0.001642 seconds=0.23
epoch=65/80 loss=0.001746 seconds=0.27
epoch=66/80 loss=0.000881 seconds=0.23
epoch=67/80 loss=0.000466 seconds=0.23
epoch=68/80 loss=0.001004 seconds=0.23
epoch=69/80 loss=0.003611 seconds=0.22
epoch=70/80 loss=0.000928 seconds=0.23
epoch=71/80 loss=0.000684 seconds=0.22
epoch=72/80 loss=0.000790 seconds=0.23
epoch=73/80 loss=0.000429 seconds=0.22
epoch=74/80 loss=0.000252 seconds=0.22
epoch=75/80 loss=0.001398 seconds=0.25
epoch=76/80 loss=0.000586 seconds=0.23
epoch=77/80 loss=0.000212 seconds=0.22
epoch=78/80 loss=0.000420 seconds=0.22
epoch=79/80 loss=0.000180 seconds=0.25
epoch=80/80 loss=0.000135 seconds=0.22
fold=9/10 OOF_accuracy=0.666667 OOF_AUC=0.775120
Device=cuda; epochs=80; batch=32; model=SqueezeNet1D
epoch=1/80 loss=0.566571 seconds=0.20
epoch=2/80 loss=0.096433 seconds=0.19
epoch=3/80 loss=0.050695 seconds=0.19
epoch=4/80 loss=0.039957 seconds=0.19
epoch=5/80 loss=0.026795 seconds=0.20
epoch=6/80 loss=0.025662 seconds=0.17
epoch=7/80 loss=0.030493 seconds=0.19
epoch=8/80 loss=0.022364 seconds=0.23
epoch=9/80 loss=0.023788 seconds=0.17
epoch=10/80 loss=0.020169 seconds=0.17
epoch=11/80 loss=0.014748 seconds=0.20
epoch=12/80 loss=0.022031 seconds=0.23
epoch=13/80 loss=0.015390 seconds=0.19
epoch=14/80 loss=0.014602 seconds=0.19
epoch=15/80 loss=0.015550 seconds=0.19
epoch=16/80 loss=0.017860 seconds=0.19
epoch=17/80 loss=0.014178 seconds=0.19
epoch=18/80 loss=0.012667 seconds=0.17
epoch=19/80 loss=0.011248 seconds=0.20
epoch=20/80 loss=0.015074 seconds=0.19
epoch=21/80 loss=0.011778 seconds=0.19
epoch=22/80 loss=0.014280 seconds=0.20
epoch=23/80 loss=0.011052 seconds=0.27
epoch=24/80 loss=0.014438 seconds=0.19
epoch=25/80 loss=0.009338 seconds=0.19
epoch=26/80 loss=0.015985 seconds=0.19
epoch=27/80 loss=0.008898 seconds=0.22
epoch=28/80 loss=0.016466 seconds=0.19
epoch=29/80 loss=0.007095 seconds=0.20
epoch=30/80 loss=0.009057 seconds=0.20
epoch=31/80 loss=0.015732 seconds=0.19
epoch=32/80 loss=0.009190 seconds=0.22
epoch=33/80 loss=0.009445 seconds=0.22
epoch=34/80 loss=0.007052 seconds=0.22
epoch=35/80 loss=0.006422 seconds=0.20
epoch=36/80 loss=0.009145 seconds=0.19
epoch=37/80 loss=0.017917 seconds=0.22
epoch=38/80 loss=0.013111 seconds=0.22
epoch=39/80 loss=0.004074 seconds=0.23
epoch=40/80 loss=0.005656 seconds=0.20
epoch=41/80 loss=0.009486 seconds=0.20
epoch=42/80 loss=0.005929 seconds=0.19
epoch=43/80 loss=0.004135 seconds=0.20
epoch=44/80 loss=0.007995 seconds=0.25
epoch=45/80 loss=0.006314 seconds=0.20
epoch=46/80 loss=0.005921 seconds=0.20
epoch=47/80 loss=0.014074 seconds=0.19
epoch=48/80 loss=0.003586 seconds=0.20
epoch=49/80 loss=0.006477 seconds=0.23
epoch=50/80 loss=0.010097 seconds=0.25
epoch=51/80 loss=0.005350 seconds=0.23
epoch=52/80 loss=0.005592 seconds=0.20
epoch=53/80 loss=0.007550 seconds=0.23
epoch=54/80 loss=0.006713 seconds=0.23
epoch=55/80 loss=0.008360 seconds=0.20
epoch=56/80 loss=0.005144 seconds=0.22
epoch=57/80 loss=0.006897 seconds=0.22
epoch=58/80 loss=0.002456 seconds=0.22
epoch=59/80 loss=0.004756 seconds=0.22
epoch=60/80 loss=0.008496 seconds=0.20
epoch=61/80 loss=0.013564 seconds=0.22
epoch=62/80 loss=0.003107 seconds=0.20
epoch=63/80 loss=0.002950 seconds=0.23
epoch=64/80 loss=0.008594 seconds=0.22
epoch=65/80 loss=0.005094 seconds=0.23
epoch=66/80 loss=0.002450 seconds=0.22
epoch=67/80 loss=0.005190 seconds=0.22
epoch=68/80 loss=0.011983 seconds=0.20
epoch=69/80 loss=0.007285 seconds=0.22
epoch=70/80 loss=0.007799 seconds=0.22
epoch=71/80 loss=0.004017 seconds=0.20
epoch=72/80 loss=0.010068 seconds=0.22
epoch=73/80 loss=0.005902 seconds=0.22
epoch=74/80 loss=0.007087 seconds=0.23
epoch=75/80 loss=0.000726 seconds=0.23
epoch=76/80 loss=0.001879 seconds=0.20
epoch=77/80 loss=0.003112 seconds=0.22
epoch=78/80 loss=0.003680 seconds=0.22
epoch=79/80 loss=0.004326 seconds=0.20
epoch=80/80 loss=0.001366 seconds=0.22
fold=10/10 OOF_accuracy=0.600000 OOF_AUC=0.638756
Device=cuda; epochs=80; batch=32; model=SqueezeNet1D
epoch=1/80 loss=0.497366 seconds=0.27
epoch=2/80 loss=0.088115 seconds=0.23
epoch=3/80 loss=0.066613 seconds=0.33
epoch=4/80 loss=0.049798 seconds=0.28
epoch=5/80 loss=0.038542 seconds=0.25
epoch=6/80 loss=0.036608 seconds=0.25
epoch=7/80 loss=0.038523 seconds=0.25
epoch=8/80 loss=0.037372 seconds=0.25
epoch=9/80 loss=0.025943 seconds=0.25
epoch=10/80 loss=0.037419 seconds=0.25
epoch=11/80 loss=0.029162 seconds=0.23
epoch=12/80 loss=0.025058 seconds=0.23
epoch=13/80 loss=0.022632 seconds=0.25
epoch=14/80 loss=0.033299 seconds=0.22
epoch=15/80 loss=0.026459 seconds=0.23
epoch=16/80 loss=0.024526 seconds=0.27
epoch=17/80 loss=0.020796 seconds=0.27
epoch=18/80 loss=0.022143 seconds=0.28
epoch=19/80 loss=0.018509 seconds=0.20
epoch=20/80 loss=0.020206 seconds=0.22
epoch=21/80 loss=0.018987 seconds=0.20
epoch=22/80 loss=0.015812 seconds=0.22
epoch=23/80 loss=0.018146 seconds=0.22
epoch=24/80 loss=0.014928 seconds=0.22
epoch=25/80 loss=0.014017 seconds=0.22
epoch=26/80 loss=0.012478 seconds=0.25
epoch=27/80 loss=0.015950 seconds=0.27
epoch=28/80 loss=0.012257 seconds=0.22
epoch=29/80 loss=0.016343 seconds=0.22
epoch=30/80 loss=0.020326 seconds=0.22
epoch=31/80 loss=0.014989 seconds=0.20
epoch=32/80 loss=0.012434 seconds=0.22
epoch=33/80 loss=0.019006 seconds=0.23
epoch=34/80 loss=0.010973 seconds=0.23
epoch=35/80 loss=0.012306 seconds=0.23
epoch=36/80 loss=0.011525 seconds=0.27
epoch=37/80 loss=0.027973 seconds=0.22
epoch=38/80 loss=0.026684 seconds=0.22
epoch=39/80 loss=0.009904 seconds=0.27
epoch=40/80 loss=0.010803 seconds=0.22
epoch=41/80 loss=0.011684 seconds=0.23
epoch=42/80 loss=0.022357 seconds=0.28
epoch=43/80 loss=0.017716 seconds=0.27
epoch=44/80 loss=0.011463 seconds=0.27
epoch=45/80 loss=0.011150 seconds=0.25
epoch=46/80 loss=0.015273 seconds=0.25
epoch=47/80 loss=0.010038 seconds=0.28
epoch=48/80 loss=0.011909 seconds=0.27
epoch=49/80 loss=0.011999 seconds=0.25
epoch=50/80 loss=0.012442 seconds=0.27
epoch=51/80 loss=0.008727 seconds=0.27
epoch=52/80 loss=0.009146 seconds=0.27
epoch=53/80 loss=0.010312 seconds=0.28
epoch=54/80 loss=0.023986 seconds=0.23
epoch=55/80 loss=0.008404 seconds=0.23
epoch=56/80 loss=0.008927 seconds=0.25
epoch=57/80 loss=0.007395 seconds=0.25
epoch=58/80 loss=0.005348 seconds=0.23
epoch=59/80 loss=0.008207 seconds=0.23
epoch=60/80 loss=0.006350 seconds=0.23
epoch=61/80 loss=0.004797 seconds=0.28
epoch=62/80 loss=0.016446 seconds=0.31
epoch=63/80 loss=0.011591 seconds=0.22
epoch=64/80 loss=0.007036 seconds=0.22
epoch=65/80 loss=0.011497 seconds=0.22
epoch=66/80 loss=0.005648 seconds=0.19
epoch=67/80 loss=0.010049 seconds=0.20
epoch=68/80 loss=0.009564 seconds=0.19
epoch=69/80 loss=0.005919 seconds=0.20
epoch=70/80 loss=0.005249 seconds=0.20
epoch=71/80 loss=0.011828 seconds=0.23
epoch=72/80 loss=0.010674 seconds=0.23
epoch=73/80 loss=0.012931 seconds=0.20
epoch=74/80 loss=0.007189 seconds=0.22
epoch=75/80 loss=0.007774 seconds=0.20
epoch=76/80 loss=0.007445 seconds=0.20
epoch=77/80 loss=0.004468 seconds=0.20
epoch=78/80 loss=0.006122 seconds=0.20
epoch=79/80 loss=0.007300 seconds=0.19
epoch=80/80 loss=0.003397 seconds=0.23
{"cv_oof": {"accuracy": 0.7066666666666667, "balanced_accuracy": 0.677662037037037, "sensitivity": 0.5740740740740741, "specificity": 0.78125, "f1_macro": 0.6790507683330091, "roc_auc": 0.7175443672839505, "confusion_matrix": [[150, 42], [46, 62]], "classification_report": {"0": {"precision": 0.7653061224489796, "recall": 0.78125, "f1-score": 0.7731958762886598, "support": 192.0}, "1": {"precision": 0.5961538461538461, "recall": 0.5740740740740741, "f1-score": 0.5849056603773585, "support": 108.0}, "accuracy": 0.7066666666666667, "macro avg": {"precision": 0.6807299843014128, "recall": 0.677662037037037, "f1-score": 0.6790507683330091, "support": 300.0}, "weighted avg": {"precision": 0.7044113029827315, "recall": 0.7066666666666667, "f1-score": 0.7054113985605913, "support": 300.0}}}, "test": {"accuracy": 0.726027397260274, "balanced_accuracy": 0.718494271685761, "sensitivity": 0.6923076923076923, "specificity": 0.7446808510638298, "f1_macro": 0.7103174603174603, "roc_auc": 0.8113747954173486, "confusion_matrix": [[35, 12], [8, 18]], "classification_report": {"0": {"precision": 0.813953488372093, "recall": 0.7446808510638298, "f1-score": 0.7777777777777778, "support": 47.0}, "1": {"precision": 0.6, "recall": 0.6923076923076923, "f1-score": 0.6428571428571429, "support": 26.0}, "accuracy": 0.726027397260274, "macro avg": {"precision": 0.7069767441860465, "recall": 0.718494271685761, "f1-score": 0.7103174603174603, "support": 73.0}, "weighted avg": {"precision": 0.7377508760751832, "recall": 0.726027397260274, "f1-score": 0.7297238530115243, "support": 73.0}}}, "folds": 10, "original_train_rows": 300, "train_rows": 1920, "test_rows": 73, "elapsed_seconds": 201.125}
