Command: ["C:\\Users\\IHCK\\AppData\\Local\\Programs\\Python\\Python312\\python.exe", "-u", "C:\\Users\\IHCK\\Desktop\\1_10_69Final\\Hippocampal-Shape-Analysis-for-Epilepsy-Detection\\Model\\train_dataset_model.py", "--dataset", "augment_plsda_balanced", "--side", "right", "--model", "ResNetAE", "--kind", "coef", "--train-csv", "C:\\Users\\IHCK\\Desktop\\1_10_69Final\\Hippocampal-Shape-Analysis-for-Epilepsy-Detection\\Output_Dataset\\augment_plsda_balanced\\right\\train_prepared.csv", "--test-csv", "C:\\Users\\IHCK\\Desktop\\1_10_69Final\\Hippocampal-Shape-Analysis-for-Epilepsy-Detection\\Output_Dataset\\augment_plsda_balanced\\right\\test_prepared.csv", "--output-dir", "C:\\Users\\IHCK\\Desktop\\1_10_69Final\\Hippocampal-Shape-Analysis-for-Epilepsy-Detection\\Model_Results\\dataset_runs_20261003_10fold\\augment_plsda_balanced\\right\\ResNetAE", "--epochs", "80", "--folds", "10", "--pls-components", "8", "--seed", "42", "--threads", "2"]
10-fold CV: dataset=augment_plsda_balanced side=right model=ResNetAE; original_train=300 test=77
Device=cuda; epochs=80; batch=32; model=ResNetAutoencoder1D
epoch=1/80 loss=4.919239 seconds=0.72
epoch=2/80 loss=1.196240 seconds=0.31
epoch=3/80 loss=0.827992 seconds=0.31
epoch=4/80 loss=0.598193 seconds=0.33
epoch=5/80 loss=0.536615 seconds=0.34
epoch=6/80 loss=0.474913 seconds=0.34
epoch=7/80 loss=0.370325 seconds=0.39
epoch=8/80 loss=0.396627 seconds=0.33
epoch=9/80 loss=0.394379 seconds=0.33
epoch=10/80 loss=0.326881 seconds=0.39
epoch=11/80 loss=0.373177 seconds=0.36
epoch=12/80 loss=0.283732 seconds=0.34
epoch=13/80 loss=0.258662 seconds=0.38
epoch=14/80 loss=0.295263 seconds=0.33
epoch=15/80 loss=0.289921 seconds=0.34
epoch=16/80 loss=0.272014 seconds=0.34
epoch=17/80 loss=0.255930 seconds=0.34
epoch=18/80 loss=0.243683 seconds=0.38
epoch=19/80 loss=0.290262 seconds=0.42
epoch=20/80 loss=0.242730 seconds=0.36
epoch=21/80 loss=0.214789 seconds=0.38
epoch=22/80 loss=0.208326 seconds=0.34
epoch=23/80 loss=0.208949 seconds=0.33
epoch=24/80 loss=0.208566 seconds=0.34
epoch=25/80 loss=0.214484 seconds=0.39
epoch=26/80 loss=0.206136 seconds=0.33
epoch=27/80 loss=0.188478 seconds=0.34
epoch=28/80 loss=0.188741 seconds=0.33
epoch=29/80 loss=0.193621 seconds=0.34
epoch=30/80 loss=0.177560 seconds=0.34
epoch=31/80 loss=0.164177 seconds=0.39
epoch=32/80 loss=0.184530 seconds=0.33
epoch=33/80 loss=0.180457 seconds=0.31
epoch=34/80 loss=0.190522 seconds=0.34
epoch=35/80 loss=0.161418 seconds=0.31
epoch=36/80 loss=0.137298 seconds=0.34
epoch=37/80 loss=0.151936 seconds=0.34
epoch=38/80 loss=0.153129 seconds=0.33
epoch=39/80 loss=0.162901 seconds=0.34
epoch=40/80 loss=0.144993 seconds=0.34
epoch=41/80 loss=0.154888 seconds=0.33
epoch=42/80 loss=0.177318 seconds=0.31
epoch=43/80 loss=0.160647 seconds=0.31
epoch=44/80 loss=0.159403 seconds=0.38
epoch=45/80 loss=0.168499 seconds=0.34
epoch=46/80 loss=0.147007 seconds=0.31
epoch=47/80 loss=0.153382 seconds=0.33
epoch=48/80 loss=0.145386 seconds=0.30
epoch=49/80 loss=0.137063 seconds=0.31
epoch=50/80 loss=0.147756 seconds=0.33
epoch=51/80 loss=0.131415 seconds=0.39
epoch=52/80 loss=0.137037 seconds=0.33
epoch=53/80 loss=0.149470 seconds=0.30
epoch=54/80 loss=0.130621 seconds=0.33
epoch=55/80 loss=0.128015 seconds=0.33
epoch=56/80 loss=0.127704 seconds=0.31
epoch=57/80 loss=0.113264 seconds=0.38
epoch=58/80 loss=0.126308 seconds=0.41
epoch=59/80 loss=0.126621 seconds=0.36
epoch=60/80 loss=0.120410 seconds=0.38
epoch=61/80 loss=0.105184 seconds=0.39
epoch=62/80 loss=0.134436 seconds=0.38
epoch=63/80 loss=0.115824 seconds=0.41
epoch=64/80 loss=0.118188 seconds=0.39
epoch=65/80 loss=0.116619 seconds=0.36
epoch=66/80 loss=0.106405 seconds=0.36
epoch=67/80 loss=0.123378 seconds=0.39
epoch=68/80 loss=0.157882 seconds=0.36
epoch=69/80 loss=0.119978 seconds=0.39
epoch=70/80 loss=0.102618 seconds=0.36
epoch=71/80 loss=0.103710 seconds=0.36
epoch=72/80 loss=0.112138 seconds=0.33
epoch=73/80 loss=0.105680 seconds=0.33
epoch=74/80 loss=0.110853 seconds=0.30
epoch=75/80 loss=0.104319 seconds=0.38
epoch=76/80 loss=0.100174 seconds=0.33
epoch=77/80 loss=0.106370 seconds=0.31
epoch=78/80 loss=0.103886 seconds=0.30
epoch=79/80 loss=0.094825 seconds=0.33
epoch=80/80 loss=0.092945 seconds=0.30
fold=1/10 OOF_accuracy=0.766667 OOF_AUC=0.795455
Device=cuda; epochs=80; batch=32; model=ResNetAutoencoder1D
epoch=1/80 loss=4.388451 seconds=0.34
epoch=2/80 loss=0.990370 seconds=0.31
epoch=3/80 loss=0.682236 seconds=0.39
epoch=4/80 loss=0.637125 seconds=0.33
epoch=5/80 loss=0.543243 seconds=0.34
epoch=6/80 loss=0.475473 seconds=0.36
epoch=7/80 loss=0.415115 seconds=0.36
epoch=8/80 loss=0.384664 seconds=0.33
epoch=9/80 loss=0.336896 seconds=0.36
epoch=10/80 loss=0.352086 seconds=0.31
epoch=11/80 loss=0.329323 seconds=0.33
epoch=12/80 loss=0.306680 seconds=0.36
epoch=13/80 loss=0.281187 seconds=0.33
epoch=14/80 loss=0.262330 seconds=0.31
epoch=15/80 loss=0.270551 seconds=0.36
epoch=16/80 loss=0.271110 seconds=0.34
epoch=17/80 loss=0.234598 seconds=0.31
epoch=18/80 loss=0.240226 seconds=0.38
epoch=19/80 loss=0.220322 seconds=0.34
epoch=20/80 loss=0.226206 seconds=0.34
epoch=21/80 loss=0.244436 seconds=0.38
epoch=22/80 loss=0.198027 seconds=0.33
epoch=23/80 loss=0.197823 seconds=0.33
epoch=24/80 loss=0.193511 seconds=0.34
epoch=25/80 loss=0.219098 seconds=0.36
epoch=26/80 loss=0.209638 seconds=0.33
epoch=27/80 loss=0.210872 seconds=0.33
epoch=28/80 loss=0.175825 seconds=0.36
epoch=29/80 loss=0.157458 seconds=0.33
epoch=30/80 loss=0.149430 seconds=0.38
epoch=31/80 loss=0.159447 seconds=0.33
epoch=32/80 loss=0.161208 seconds=0.33
epoch=33/80 loss=0.165240 seconds=0.33
epoch=34/80 loss=0.162700 seconds=0.33
epoch=35/80 loss=0.147037 seconds=0.33
epoch=36/80 loss=0.159365 seconds=0.34
epoch=37/80 loss=0.164457 seconds=0.33
epoch=38/80 loss=0.140332 seconds=0.36
epoch=39/80 loss=0.151068 seconds=0.33
epoch=40/80 loss=0.141400 seconds=0.34
epoch=41/80 loss=0.151253 seconds=0.33
epoch=42/80 loss=0.127986 seconds=0.34
epoch=43/80 loss=0.130552 seconds=0.36
epoch=44/80 loss=0.147992 seconds=0.36
epoch=45/80 loss=0.173932 seconds=0.34
epoch=46/80 loss=0.175739 seconds=0.34
epoch=47/80 loss=0.129216 seconds=0.36
epoch=48/80 loss=0.146083 seconds=0.38
epoch=49/80 loss=0.146972 seconds=0.38
epoch=50/80 loss=0.214337 seconds=0.36
epoch=51/80 loss=0.139425 seconds=0.33
epoch=52/80 loss=0.138752 seconds=0.31
epoch=53/80 loss=0.132368 seconds=0.47
epoch=54/80 loss=0.112283 seconds=0.41
epoch=55/80 loss=0.119657 seconds=0.36
epoch=56/80 loss=0.129737 seconds=0.38
epoch=57/80 loss=0.113699 seconds=0.34
epoch=58/80 loss=0.115240 seconds=0.31
epoch=59/80 loss=0.124183 seconds=0.34
epoch=60/80 loss=0.115197 seconds=0.33
epoch=61/80 loss=0.115801 seconds=0.34
epoch=62/80 loss=0.113247 seconds=0.36
epoch=63/80 loss=0.103528 seconds=0.33
epoch=64/80 loss=0.113803 seconds=0.33
epoch=65/80 loss=0.132744 seconds=0.33
epoch=66/80 loss=0.116871 seconds=0.33
epoch=67/80 loss=0.109304 seconds=0.38
epoch=68/80 loss=0.137602 seconds=0.41
epoch=69/80 loss=0.135919 seconds=0.44
epoch=70/80 loss=0.108720 seconds=0.34
epoch=71/80 loss=0.097604 seconds=0.36
epoch=72/80 loss=0.108684 seconds=0.42
epoch=73/80 loss=0.100887 seconds=0.45
epoch=74/80 loss=0.134092 seconds=0.36
epoch=75/80 loss=0.097891 seconds=0.36
epoch=76/80 loss=0.100100 seconds=0.31
epoch=77/80 loss=0.095701 seconds=0.33
epoch=78/80 loss=0.101228 seconds=0.34
epoch=79/80 loss=0.114918 seconds=0.36
epoch=80/80 loss=0.098275 seconds=0.34
fold=2/10 OOF_accuracy=0.833333 OOF_AUC=0.880682
Device=cuda; epochs=80; batch=32; model=ResNetAutoencoder1D
epoch=1/80 loss=4.633649 seconds=0.33
epoch=2/80 loss=1.048579 seconds=0.30
epoch=3/80 loss=0.725068 seconds=0.33
epoch=4/80 loss=0.655706 seconds=0.33
epoch=5/80 loss=0.543166 seconds=0.31
epoch=6/80 loss=0.479552 seconds=0.31
epoch=7/80 loss=0.414992 seconds=0.30
epoch=8/80 loss=0.403710 seconds=0.38
epoch=9/80 loss=0.361537 seconds=0.30
epoch=10/80 loss=0.346474 seconds=0.33
epoch=11/80 loss=0.320399 seconds=0.31
epoch=12/80 loss=0.317060 seconds=0.31
epoch=13/80 loss=0.280905 seconds=0.33
epoch=14/80 loss=0.266175 seconds=0.33
epoch=15/80 loss=0.280392 seconds=0.33
epoch=16/80 loss=0.240117 seconds=0.33
epoch=17/80 loss=0.249624 seconds=0.42
epoch=18/80 loss=0.247447 seconds=0.36
epoch=19/80 loss=0.227101 seconds=0.34
epoch=20/80 loss=0.226563 seconds=0.31
epoch=21/80 loss=0.217973 seconds=0.31
epoch=22/80 loss=0.201953 seconds=0.31
epoch=23/80 loss=0.197654 seconds=0.36
epoch=24/80 loss=0.202794 seconds=0.33
epoch=25/80 loss=0.208495 seconds=0.33
epoch=26/80 loss=0.192339 seconds=0.31
epoch=27/80 loss=0.226481 seconds=0.33
epoch=28/80 loss=0.193482 seconds=0.31
epoch=29/80 loss=0.157606 seconds=0.34
epoch=30/80 loss=0.168140 seconds=0.38
epoch=31/80 loss=0.183758 seconds=0.36
epoch=32/80 loss=0.164403 seconds=0.34
epoch=33/80 loss=0.193665 seconds=0.36
epoch=34/80 loss=0.173852 seconds=0.39
epoch=35/80 loss=0.151327 seconds=0.34
epoch=36/80 loss=0.174271 seconds=0.33
epoch=37/80 loss=0.161914 seconds=0.38
epoch=38/80 loss=0.158421 seconds=0.34
epoch=39/80 loss=0.166839 seconds=0.34
epoch=40/80 loss=0.149497 seconds=0.36
epoch=41/80 loss=0.147883 seconds=0.33
epoch=42/80 loss=0.131370 seconds=0.38
epoch=43/80 loss=0.123592 seconds=0.38
epoch=44/80 loss=0.150118 seconds=0.30
epoch=45/80 loss=0.147061 seconds=0.34
epoch=46/80 loss=0.141870 seconds=0.33
epoch=47/80 loss=0.141355 seconds=0.31
epoch=48/80 loss=0.132710 seconds=0.33
epoch=49/80 loss=0.143296 seconds=0.38
epoch=50/80 loss=0.136970 seconds=0.33
epoch=51/80 loss=0.119784 seconds=0.33
epoch=52/80 loss=0.135773 seconds=0.33
epoch=53/80 loss=0.173785 seconds=0.33
epoch=54/80 loss=0.119735 seconds=0.33
epoch=55/80 loss=0.136208 seconds=0.36
epoch=56/80 loss=0.119679 seconds=0.36
epoch=57/80 loss=0.124032 seconds=0.39
epoch=58/80 loss=0.130635 seconds=0.34
epoch=59/80 loss=0.123886 seconds=0.31
epoch=60/80 loss=0.112685 seconds=0.38
epoch=61/80 loss=0.112349 seconds=0.36
epoch=62/80 loss=0.123675 seconds=0.34
epoch=63/80 loss=0.116233 seconds=0.33
epoch=64/80 loss=0.106768 seconds=0.33
epoch=65/80 loss=0.106933 seconds=0.33
epoch=66/80 loss=0.098155 seconds=0.34
epoch=67/80 loss=0.109725 seconds=0.31
epoch=68/80 loss=0.137869 seconds=0.39
epoch=69/80 loss=0.119492 seconds=0.33
epoch=70/80 loss=0.127329 seconds=0.31
epoch=71/80 loss=0.093813 seconds=0.31
epoch=72/80 loss=0.100407 seconds=0.30
epoch=73/80 loss=0.094968 seconds=0.30
epoch=74/80 loss=0.098247 seconds=0.34
epoch=75/80 loss=0.098409 seconds=0.36
epoch=76/80 loss=0.104810 seconds=0.33
epoch=77/80 loss=0.103055 seconds=0.34
epoch=78/80 loss=0.114534 seconds=0.33
epoch=79/80 loss=0.102700 seconds=0.36
epoch=80/80 loss=0.100614 seconds=0.33
fold=3/10 OOF_accuracy=0.800000 OOF_AUC=0.772727
Device=cuda; epochs=80; batch=32; model=ResNetAutoencoder1D
epoch=1/80 loss=4.958112 seconds=0.36
epoch=2/80 loss=1.178851 seconds=0.34
epoch=3/80 loss=0.794364 seconds=0.38
epoch=4/80 loss=0.626463 seconds=0.36
epoch=5/80 loss=0.557558 seconds=0.41
epoch=6/80 loss=0.492199 seconds=0.34
epoch=7/80 loss=0.418007 seconds=0.31
epoch=8/80 loss=0.406620 seconds=0.33
epoch=9/80 loss=0.411777 seconds=0.31
epoch=10/80 loss=0.368043 seconds=0.33
epoch=11/80 loss=0.360813 seconds=0.36
epoch=12/80 loss=0.289542 seconds=0.31
epoch=13/80 loss=0.282586 seconds=0.41
epoch=14/80 loss=0.281972 seconds=0.31
epoch=15/80 loss=0.302174 seconds=0.31
epoch=16/80 loss=0.287228 seconds=0.31
epoch=17/80 loss=0.244864 seconds=0.34
epoch=18/80 loss=0.260577 seconds=0.34
epoch=19/80 loss=0.208024 seconds=0.30
epoch=20/80 loss=0.230550 seconds=0.30
epoch=21/80 loss=0.216154 seconds=0.30
epoch=22/80 loss=0.186150 seconds=0.31
epoch=23/80 loss=0.240612 seconds=0.30
epoch=24/80 loss=0.215595 seconds=0.34
epoch=25/80 loss=0.230217 seconds=0.34
epoch=26/80 loss=0.211906 seconds=0.33
epoch=27/80 loss=0.188939 seconds=0.33
epoch=28/80 loss=0.186416 seconds=0.33
epoch=29/80 loss=0.167751 seconds=0.31
epoch=30/80 loss=0.177134 seconds=0.31
epoch=31/80 loss=0.176933 seconds=0.36
epoch=32/80 loss=0.169850 seconds=0.34
epoch=33/80 loss=0.175566 seconds=0.33
epoch=34/80 loss=0.220491 seconds=0.31
epoch=35/80 loss=0.176308 seconds=0.39
epoch=36/80 loss=0.152396 seconds=0.33
epoch=37/80 loss=0.150192 seconds=0.36
epoch=38/80 loss=0.168337 seconds=0.33
epoch=39/80 loss=0.145118 seconds=0.34
epoch=40/80 loss=0.149908 seconds=0.33
epoch=41/80 loss=0.151675 seconds=0.33
epoch=42/80 loss=0.129445 seconds=0.34
epoch=43/80 loss=0.152279 seconds=0.33
epoch=44/80 loss=0.147767 seconds=0.36
epoch=45/80 loss=0.165795 seconds=0.33
epoch=46/80 loss=0.145219 seconds=0.33
epoch=47/80 loss=0.141404 seconds=0.33
epoch=48/80 loss=0.142924 seconds=0.33
epoch=49/80 loss=0.149690 seconds=0.33
epoch=50/80 loss=0.136868 seconds=0.39
epoch=51/80 loss=0.129011 seconds=0.34
epoch=52/80 loss=0.141086 seconds=0.34
epoch=53/80 loss=0.152053 seconds=0.34
epoch=54/80 loss=0.120127 seconds=0.33
epoch=55/80 loss=0.127998 seconds=0.33
epoch=56/80 loss=0.129224 seconds=0.36
epoch=57/80 loss=0.132210 seconds=0.34
epoch=58/80 loss=0.131537 seconds=0.33
epoch=59/80 loss=0.124368 seconds=0.48
epoch=60/80 loss=0.110308 seconds=0.41
epoch=61/80 loss=0.117324 seconds=0.36
epoch=62/80 loss=0.140190 seconds=0.42
epoch=63/80 loss=0.117977 seconds=0.36
epoch=64/80 loss=0.115227 seconds=0.31
epoch=65/80 loss=0.113241 seconds=0.39
epoch=66/80 loss=0.119153 seconds=0.34
epoch=67/80 loss=0.116076 seconds=0.34
epoch=68/80 loss=0.125727 seconds=0.42
epoch=69/80 loss=0.103247 seconds=0.38
epoch=70/80 loss=0.120742 seconds=0.38
epoch=71/80 loss=0.110701 seconds=0.34
epoch=72/80 loss=0.116758 seconds=0.33
epoch=73/80 loss=0.107359 seconds=0.38
epoch=74/80 loss=0.121435 seconds=0.45
epoch=75/80 loss=0.103425 seconds=0.36
epoch=76/80 loss=0.107091 seconds=0.30
epoch=77/80 loss=0.100772 seconds=0.30
epoch=78/80 loss=0.116694 seconds=0.31
epoch=79/80 loss=0.105551 seconds=0.30
epoch=80/80 loss=0.114304 seconds=0.33
fold=4/10 OOF_accuracy=0.833333 OOF_AUC=0.767045
Device=cuda; epochs=80; batch=32; model=ResNetAutoencoder1D
epoch=1/80 loss=4.800124 seconds=0.28
epoch=2/80 loss=1.006325 seconds=0.36
epoch=3/80 loss=0.697760 seconds=0.34
epoch=4/80 loss=0.582245 seconds=0.38
epoch=5/80 loss=0.499434 seconds=0.36
epoch=6/80 loss=0.483657 seconds=0.36
epoch=7/80 loss=0.409167 seconds=0.36
epoch=8/80 loss=0.349826 seconds=0.36
epoch=9/80 loss=0.369029 seconds=0.34
epoch=10/80 loss=0.329675 seconds=0.41
epoch=11/80 loss=0.332555 seconds=0.41
epoch=12/80 loss=0.337426 seconds=0.36
epoch=13/80 loss=0.288765 seconds=0.36
epoch=14/80 loss=0.286893 seconds=0.36
epoch=15/80 loss=0.280171 seconds=0.36
epoch=16/80 loss=0.273946 seconds=0.41
epoch=17/80 loss=0.277941 seconds=0.31
epoch=18/80 loss=0.262493 seconds=0.33
epoch=19/80 loss=0.217726 seconds=0.31
epoch=20/80 loss=0.237539 seconds=0.31
epoch=21/80 loss=0.227011 seconds=0.33
epoch=22/80 loss=0.204492 seconds=0.41
epoch=23/80 loss=0.198384 seconds=0.36
epoch=24/80 loss=0.192038 seconds=0.31
epoch=25/80 loss=0.177546 seconds=0.33
epoch=26/80 loss=0.170825 seconds=0.33
epoch=27/80 loss=0.181944 seconds=0.36
epoch=28/80 loss=0.186262 seconds=0.34
epoch=29/80 loss=0.168727 seconds=0.36
epoch=30/80 loss=0.172530 seconds=0.31
epoch=31/80 loss=0.179408 seconds=0.33
epoch=32/80 loss=0.171412 seconds=0.36
epoch=33/80 loss=0.175051 seconds=0.36
epoch=34/80 loss=0.178467 seconds=0.36
epoch=35/80 loss=0.172068 seconds=0.36
epoch=36/80 loss=0.161857 seconds=0.34
epoch=37/80 loss=0.142766 seconds=0.36
epoch=38/80 loss=0.140150 seconds=0.34
epoch=39/80 loss=0.147658 seconds=0.36
epoch=40/80 loss=0.146864 seconds=0.34
epoch=41/80 loss=0.142131 seconds=0.38
epoch=42/80 loss=0.134848 seconds=0.34
epoch=43/80 loss=0.149117 seconds=0.34
epoch=44/80 loss=0.140412 seconds=0.34
epoch=45/80 loss=0.149628 seconds=0.34
epoch=46/80 loss=0.141399 seconds=0.34
epoch=47/80 loss=0.137375 seconds=0.38
epoch=48/80 loss=0.121508 seconds=0.38
epoch=49/80 loss=0.147168 seconds=0.34
epoch=50/80 loss=0.143169 seconds=0.34
epoch=51/80 loss=0.144890 seconds=0.34
epoch=52/80 loss=0.129913 seconds=0.34
epoch=53/80 loss=0.136186 seconds=0.33
epoch=54/80 loss=0.128956 seconds=0.36
epoch=55/80 loss=0.129956 seconds=0.34
epoch=56/80 loss=0.121315 seconds=0.34
epoch=57/80 loss=0.117691 seconds=0.34
epoch=58/80 loss=0.125022 seconds=0.33
epoch=59/80 loss=0.117114 seconds=0.34
epoch=60/80 loss=0.120812 seconds=0.45
epoch=61/80 loss=0.128083 seconds=0.34
epoch=62/80 loss=0.125790 seconds=0.34
epoch=63/80 loss=0.121456 seconds=0.33
epoch=64/80 loss=0.146853 seconds=0.33
epoch=65/80 loss=0.118068 seconds=0.33
epoch=66/80 loss=0.103196 seconds=0.34
epoch=67/80 loss=0.112182 seconds=0.33
epoch=68/80 loss=0.177456 seconds=0.33
epoch=69/80 loss=0.117388 seconds=0.31
epoch=70/80 loss=0.102176 seconds=0.33
epoch=71/80 loss=0.103253 seconds=0.31
epoch=72/80 loss=0.114767 seconds=0.38
epoch=73/80 loss=0.104488 seconds=0.33
epoch=74/80 loss=0.112713 seconds=0.33
epoch=75/80 loss=0.102861 seconds=0.33
epoch=76/80 loss=0.092802 seconds=0.30
epoch=77/80 loss=0.097672 seconds=0.33
epoch=78/80 loss=0.094581 seconds=0.33
epoch=79/80 loss=0.109297 seconds=0.38
epoch=80/80 loss=0.103751 seconds=0.30
fold=5/10 OOF_accuracy=0.866667 OOF_AUC=0.965909
Device=cuda; epochs=80; batch=32; model=ResNetAutoencoder1D
epoch=1/80 loss=4.926454 seconds=0.31
epoch=2/80 loss=1.119253 seconds=0.30
epoch=3/80 loss=0.697458 seconds=0.34
epoch=4/80 loss=0.579965 seconds=0.33
epoch=5/80 loss=0.547880 seconds=0.31
epoch=6/80 loss=0.451056 seconds=0.30
epoch=7/80 loss=0.415549 seconds=0.30
epoch=8/80 loss=0.370868 seconds=0.30
epoch=9/80 loss=0.362219 seconds=0.30
epoch=10/80 loss=0.351400 seconds=0.38
epoch=11/80 loss=0.303197 seconds=0.36
epoch=12/80 loss=0.312242 seconds=0.38
epoch=13/80 loss=0.314855 seconds=0.36
epoch=14/80 loss=0.264986 seconds=0.36
epoch=15/80 loss=0.292475 seconds=0.38
epoch=16/80 loss=0.238026 seconds=0.42
epoch=17/80 loss=0.251067 seconds=0.36
epoch=18/80 loss=0.213342 seconds=0.38
epoch=19/80 loss=0.232843 seconds=0.38
epoch=20/80 loss=0.205964 seconds=0.38
epoch=21/80 loss=0.219867 seconds=0.36
epoch=22/80 loss=0.176824 seconds=0.39
epoch=23/80 loss=0.183427 seconds=0.38
epoch=24/80 loss=0.200154 seconds=0.36
epoch=25/80 loss=0.187771 seconds=0.38
epoch=26/80 loss=0.200640 seconds=0.38
epoch=27/80 loss=0.199428 seconds=0.36
epoch=28/80 loss=0.173195 seconds=0.48
epoch=29/80 loss=0.157102 seconds=0.31
epoch=30/80 loss=0.156717 seconds=0.34
epoch=31/80 loss=0.157090 seconds=0.45
epoch=32/80 loss=0.154500 seconds=0.36
epoch=33/80 loss=0.149749 seconds=0.39
epoch=34/80 loss=0.159391 seconds=0.39
epoch=35/80 loss=0.167202 seconds=0.33
epoch=36/80 loss=0.156212 seconds=0.33
epoch=37/80 loss=0.170925 seconds=0.33
epoch=38/80 loss=0.147449 seconds=0.33
epoch=39/80 loss=0.151959 seconds=0.38
epoch=40/80 loss=0.136986 seconds=0.36
epoch=41/80 loss=0.140038 seconds=0.36
epoch=42/80 loss=0.139656 seconds=0.34
epoch=43/80 loss=0.127620 seconds=0.34
epoch=44/80 loss=0.128171 seconds=0.36
epoch=45/80 loss=0.138395 seconds=0.39
epoch=46/80 loss=0.128774 seconds=0.36
epoch=47/80 loss=0.139553 seconds=0.34
epoch=48/80 loss=0.144607 seconds=0.33
epoch=49/80 loss=0.137911 seconds=0.33
epoch=50/80 loss=0.187820 seconds=0.34
epoch=51/80 loss=0.138010 seconds=0.33
epoch=52/80 loss=0.116680 seconds=0.38
epoch=53/80 loss=0.137631 seconds=0.33
epoch=54/80 loss=0.115365 seconds=0.31
epoch=55/80 loss=0.111462 seconds=0.33
epoch=56/80 loss=0.106715 seconds=0.42
epoch=57/80 loss=0.108800 seconds=0.45
epoch=58/80 loss=0.099200 seconds=0.44
epoch=59/80 loss=0.108120 seconds=0.33
epoch=60/80 loss=0.109813 seconds=0.33
epoch=61/80 loss=0.110586 seconds=0.33
epoch=62/80 loss=0.115454 seconds=0.33
epoch=63/80 loss=0.103620 seconds=0.34
epoch=64/80 loss=0.114101 seconds=0.61
epoch=65/80 loss=0.108387 seconds=0.81
epoch=66/80 loss=0.100374 seconds=0.77
epoch=67/80 loss=0.106063 seconds=0.72
epoch=68/80 loss=0.117022 seconds=0.67
epoch=69/80 loss=0.118201 seconds=0.36
epoch=70/80 loss=0.100008 seconds=0.36
epoch=71/80 loss=0.095480 seconds=0.39
epoch=72/80 loss=0.086466 seconds=0.39
epoch=73/80 loss=0.094903 seconds=0.47
epoch=74/80 loss=0.100707 seconds=0.34
epoch=75/80 loss=0.107080 seconds=0.36
epoch=76/80 loss=0.103523 seconds=0.39
epoch=77/80 loss=0.085732 seconds=0.42
epoch=78/80 loss=0.088064 seconds=0.36
epoch=79/80 loss=0.091399 seconds=0.34
epoch=80/80 loss=0.102283 seconds=0.33
fold=6/10 OOF_accuracy=0.766667 OOF_AUC=0.892045
Device=cuda; epochs=80; batch=32; model=ResNetAutoencoder1D
epoch=1/80 loss=4.622639 seconds=0.36
epoch=2/80 loss=1.004194 seconds=0.31
epoch=3/80 loss=0.736266 seconds=0.34
epoch=4/80 loss=0.603706 seconds=0.36
epoch=5/80 loss=0.531434 seconds=0.33
epoch=6/80 loss=0.514093 seconds=0.34
epoch=7/80 loss=0.467816 seconds=0.42
epoch=8/80 loss=0.403724 seconds=0.31
epoch=9/80 loss=0.370106 seconds=0.33
epoch=10/80 loss=0.323142 seconds=0.30
epoch=11/80 loss=0.352473 seconds=0.38
epoch=12/80 loss=0.313939 seconds=0.38
epoch=13/80 loss=0.303114 seconds=0.52
epoch=14/80 loss=0.254854 seconds=0.36
epoch=15/80 loss=0.274459 seconds=0.36
epoch=16/80 loss=0.267093 seconds=0.38
epoch=17/80 loss=0.247274 seconds=0.36
epoch=18/80 loss=0.235291 seconds=0.52
epoch=19/80 loss=0.230140 seconds=0.36
epoch=20/80 loss=0.198446 seconds=0.36
epoch=21/80 loss=0.218698 seconds=0.34
epoch=22/80 loss=0.186821 seconds=0.36
epoch=23/80 loss=0.197221 seconds=0.36
epoch=24/80 loss=0.189504 seconds=0.39
epoch=25/80 loss=0.176699 seconds=0.33
epoch=26/80 loss=0.191763 seconds=0.38
epoch=27/80 loss=0.193784 seconds=0.31
epoch=28/80 loss=0.173540 seconds=0.31
epoch=29/80 loss=0.150258 seconds=0.31
epoch=30/80 loss=0.179002 seconds=0.36
epoch=31/80 loss=0.182307 seconds=0.34
epoch=32/80 loss=0.161562 seconds=0.30
epoch=33/80 loss=0.158106 seconds=0.33
epoch=34/80 loss=0.169946 seconds=0.31
epoch=35/80 loss=0.157026 seconds=0.31
epoch=36/80 loss=0.156916 seconds=0.31
epoch=37/80 loss=0.158267 seconds=0.38
epoch=38/80 loss=0.150055 seconds=0.34
epoch=39/80 loss=0.139956 seconds=0.31
epoch=40/80 loss=0.134330 seconds=0.33
epoch=41/80 loss=0.151113 seconds=0.33
epoch=42/80 loss=0.153755 seconds=0.36
epoch=43/80 loss=0.163867 seconds=0.36
epoch=44/80 loss=0.167225 seconds=0.39
epoch=45/80 loss=0.142255 seconds=0.36
epoch=46/80 loss=0.144475 seconds=0.36
epoch=47/80 loss=0.137498 seconds=0.36
epoch=48/80 loss=0.137938 seconds=0.36
epoch=49/80 loss=0.130964 seconds=0.47
epoch=50/80 loss=0.194209 seconds=0.34
epoch=51/80 loss=0.141466 seconds=0.33
epoch=52/80 loss=0.132386 seconds=0.36
epoch=53/80 loss=0.120173 seconds=0.33
epoch=54/80 loss=0.124456 seconds=0.34
epoch=55/80 loss=0.127936 seconds=0.41
epoch=56/80 loss=0.114296 seconds=0.34
epoch=57/80 loss=0.123915 seconds=0.34
epoch=58/80 loss=0.108881 seconds=0.34
epoch=59/80 loss=0.118921 seconds=0.34
epoch=60/80 loss=0.125646 seconds=0.34
epoch=61/80 loss=0.146789 seconds=0.36
epoch=62/80 loss=0.123196 seconds=0.44
epoch=63/80 loss=0.111237 seconds=0.31
epoch=64/80 loss=0.105850 seconds=0.33
epoch=65/80 loss=0.113712 seconds=0.33
epoch=66/80 loss=0.110832 seconds=0.31
epoch=67/80 loss=0.118413 seconds=0.30
epoch=68/80 loss=0.131308 seconds=0.38
epoch=69/80 loss=0.097146 seconds=0.31
epoch=70/80 loss=0.100803 seconds=0.33
epoch=71/80 loss=0.097296 seconds=0.31
epoch=72/80 loss=0.091994 seconds=0.31
epoch=73/80 loss=0.102696 seconds=0.31
epoch=74/80 loss=0.109667 seconds=0.34
epoch=75/80 loss=0.103923 seconds=0.42
epoch=76/80 loss=0.113362 seconds=0.38
epoch=77/80 loss=0.090152 seconds=0.33
epoch=78/80 loss=0.117254 seconds=0.34
epoch=79/80 loss=0.118470 seconds=0.33
epoch=80/80 loss=0.099697 seconds=0.33
fold=7/10 OOF_accuracy=0.800000 OOF_AUC=0.852273
Device=cuda; epochs=80; batch=32; model=ResNetAutoencoder1D
epoch=1/80 loss=4.875210 seconds=0.30
epoch=2/80 loss=1.146324 seconds=0.31
epoch=3/80 loss=0.706523 seconds=0.31
epoch=4/80 loss=0.629545 seconds=0.30
epoch=5/80 loss=0.531630 seconds=0.34
epoch=6/80 loss=0.444700 seconds=0.33
epoch=7/80 loss=0.381732 seconds=0.30
epoch=8/80 loss=0.368450 seconds=0.36
epoch=9/80 loss=0.328959 seconds=0.31
epoch=10/80 loss=0.303754 seconds=0.33
epoch=11/80 loss=0.324292 seconds=0.36
epoch=12/80 loss=0.279045 seconds=0.39
epoch=13/80 loss=0.286794 seconds=0.34
epoch=14/80 loss=0.293650 seconds=0.31
epoch=15/80 loss=0.256739 seconds=0.33
epoch=16/80 loss=0.245191 seconds=0.31
epoch=17/80 loss=0.237915 seconds=0.39
epoch=18/80 loss=0.237007 seconds=0.34
epoch=19/80 loss=0.207453 seconds=0.34
epoch=20/80 loss=0.226705 seconds=0.33
epoch=21/80 loss=0.210349 seconds=0.33
epoch=22/80 loss=0.180406 seconds=0.31
epoch=23/80 loss=0.199767 seconds=0.31
epoch=24/80 loss=0.184670 seconds=0.39
epoch=25/80 loss=0.183408 seconds=0.39
epoch=26/80 loss=0.185849 seconds=0.31
epoch=27/80 loss=0.182552 seconds=0.31
epoch=28/80 loss=0.170718 seconds=0.31
epoch=29/80 loss=0.164206 seconds=0.31
epoch=30/80 loss=0.184858 seconds=0.38
epoch=31/80 loss=0.164543 seconds=0.36
epoch=32/80 loss=0.180518 seconds=0.33
epoch=33/80 loss=0.175512 seconds=0.33
epoch=34/80 loss=0.164795 seconds=0.33
epoch=35/80 loss=0.150244 seconds=0.31
epoch=36/80 loss=0.188001 seconds=0.33
epoch=37/80 loss=0.150307 seconds=0.38
epoch=38/80 loss=0.140264 seconds=0.34
epoch=39/80 loss=0.137004 seconds=0.34
epoch=40/80 loss=0.157128 seconds=0.34
epoch=41/80 loss=0.139867 seconds=0.38
epoch=42/80 loss=0.150191 seconds=0.31
epoch=43/80 loss=0.129382 seconds=0.42
epoch=44/80 loss=0.141614 seconds=0.30
epoch=45/80 loss=0.144708 seconds=0.31
epoch=46/80 loss=0.133877 seconds=0.31
epoch=47/80 loss=0.136341 seconds=0.30
epoch=48/80 loss=0.134705 seconds=0.34
epoch=49/80 loss=0.140293 seconds=0.34
epoch=50/80 loss=0.144706 seconds=0.44
epoch=51/80 loss=0.113788 seconds=0.45
epoch=52/80 loss=0.119971 seconds=0.38
epoch=53/80 loss=0.138827 seconds=0.33
epoch=54/80 loss=0.128251 seconds=0.41
epoch=55/80 loss=0.130928 seconds=0.36
epoch=56/80 loss=0.130997 seconds=0.38
epoch=57/80 loss=0.128573 seconds=0.33
epoch=58/80 loss=0.123045 seconds=0.33
epoch=59/80 loss=0.125353 seconds=0.31
epoch=60/80 loss=0.122303 seconds=0.33
epoch=61/80 loss=0.132088 seconds=0.34
epoch=62/80 loss=0.107231 seconds=0.38
epoch=63/80 loss=0.111057 seconds=0.31
epoch=64/80 loss=0.101490 seconds=0.33
epoch=65/80 loss=0.120071 seconds=0.45
epoch=66/80 loss=0.105908 seconds=0.38
epoch=67/80 loss=0.099351 seconds=0.44
epoch=68/80 loss=0.108019 seconds=0.36
epoch=69/80 loss=0.093411 seconds=0.33
epoch=70/80 loss=0.099694 seconds=0.30
epoch=71/80 loss=0.096358 seconds=0.33
epoch=72/80 loss=0.108826 seconds=0.31
epoch=73/80 loss=0.099312 seconds=0.31
epoch=74/80 loss=0.110584 seconds=0.39
epoch=75/80 loss=0.096347 seconds=0.33
epoch=76/80 loss=0.103840 seconds=0.31
epoch=77/80 loss=0.098899 seconds=0.31
epoch=78/80 loss=0.103967 seconds=0.33
epoch=79/80 loss=0.107118 seconds=0.31
epoch=80/80 loss=0.097106 seconds=0.42
fold=8/10 OOF_accuracy=0.700000 OOF_AUC=0.738636
Device=cuda; epochs=80; batch=32; model=ResNetAutoencoder1D
epoch=1/80 loss=4.598831 seconds=0.36
epoch=2/80 loss=1.115677 seconds=0.36
epoch=3/80 loss=0.682957 seconds=0.33
epoch=4/80 loss=0.556697 seconds=0.38
epoch=5/80 loss=0.486055 seconds=0.34
epoch=6/80 loss=0.466624 seconds=0.33
epoch=7/80 loss=0.402905 seconds=0.34
epoch=8/80 loss=0.385827 seconds=0.34
epoch=9/80 loss=0.340376 seconds=0.34
epoch=10/80 loss=0.311622 seconds=0.36
epoch=11/80 loss=0.310116 seconds=0.34
epoch=12/80 loss=0.274578 seconds=0.36
epoch=13/80 loss=0.283224 seconds=0.38
epoch=14/80 loss=0.262080 seconds=0.33
epoch=15/80 loss=0.257397 seconds=0.33
epoch=16/80 loss=0.234512 seconds=0.33
epoch=17/80 loss=0.220852 seconds=0.36
epoch=18/80 loss=0.227179 seconds=0.34
epoch=19/80 loss=0.237779 seconds=0.30
epoch=20/80 loss=0.221521 seconds=0.33
epoch=21/80 loss=0.205149 seconds=0.33
epoch=22/80 loss=0.185731 seconds=0.33
epoch=23/80 loss=0.199893 seconds=0.31
epoch=24/80 loss=0.202192 seconds=0.33
epoch=25/80 loss=0.185321 seconds=0.34
epoch=26/80 loss=0.171811 seconds=0.33
epoch=27/80 loss=0.174446 seconds=0.34
epoch=28/80 loss=0.203692 seconds=0.34
epoch=29/80 loss=0.164427 seconds=0.36
epoch=30/80 loss=0.163280 seconds=0.36
epoch=31/80 loss=0.157574 seconds=0.33
epoch=32/80 loss=0.144756 seconds=0.33
epoch=33/80 loss=0.145117 seconds=0.33
epoch=34/80 loss=0.167828 seconds=0.34
epoch=35/80 loss=0.141110 seconds=0.38
epoch=36/80 loss=0.136909 seconds=0.39
epoch=37/80 loss=0.142366 seconds=0.33
epoch=38/80 loss=0.146966 seconds=0.33
epoch=39/80 loss=0.158508 seconds=0.31
epoch=40/80 loss=0.143419 seconds=0.31
epoch=41/80 loss=0.140517 seconds=0.33
epoch=42/80 loss=0.135529 seconds=0.36
epoch=43/80 loss=0.125793 seconds=0.38
epoch=44/80 loss=0.124997 seconds=0.30
epoch=45/80 loss=0.137980 seconds=0.34
epoch=46/80 loss=0.129354 seconds=0.34
epoch=47/80 loss=0.121779 seconds=0.34
epoch=48/80 loss=0.118021 seconds=0.34
epoch=49/80 loss=0.131213 seconds=0.41
epoch=50/80 loss=0.134428 seconds=0.33
epoch=51/80 loss=0.115947 seconds=0.33
epoch=52/80 loss=0.137088 seconds=0.33
epoch=53/80 loss=0.129490 seconds=0.36
epoch=54/80 loss=0.115899 seconds=0.33
epoch=55/80 loss=0.129712 seconds=0.39
epoch=56/80 loss=0.118260 seconds=0.34
epoch=57/80 loss=0.108838 seconds=0.33
epoch=58/80 loss=0.107550 seconds=0.34
epoch=59/80 loss=0.115531 seconds=0.33
epoch=60/80 loss=0.094596 seconds=0.34
epoch=61/80 loss=0.124840 seconds=0.39
epoch=62/80 loss=0.112829 seconds=0.33
epoch=63/80 loss=0.126808 seconds=0.31
epoch=64/80 loss=0.113283 seconds=0.33
epoch=65/80 loss=0.108955 seconds=0.33
epoch=66/80 loss=0.097140 seconds=0.34
epoch=67/80 loss=0.120042 seconds=0.33
epoch=68/80 loss=0.154311 seconds=0.39
epoch=69/80 loss=0.117986 seconds=0.31
epoch=70/80 loss=0.092773 seconds=0.31
epoch=71/80 loss=0.096743 seconds=0.33
epoch=72/80 loss=0.095064 seconds=0.33
epoch=73/80 loss=0.088200 seconds=0.31
epoch=74/80 loss=0.124806 seconds=0.38
epoch=75/80 loss=0.112218 seconds=0.34
epoch=76/80 loss=0.093603 seconds=0.33
epoch=77/80 loss=0.091592 seconds=0.34
epoch=78/80 loss=0.108679 seconds=0.38
epoch=79/80 loss=0.091285 seconds=0.44
epoch=80/80 loss=0.096078 seconds=0.41
fold=9/10 OOF_accuracy=0.666667 OOF_AUC=0.784091
Device=cuda; epochs=80; batch=32; model=ResNetAutoencoder1D
epoch=1/80 loss=4.982137 seconds=0.36
epoch=2/80 loss=1.194208 seconds=0.38
epoch=3/80 loss=0.778689 seconds=0.38
epoch=4/80 loss=0.641978 seconds=0.42
epoch=5/80 loss=0.522451 seconds=0.34
epoch=6/80 loss=0.477310 seconds=0.41
epoch=7/80 loss=0.404509 seconds=0.38
epoch=8/80 loss=0.339836 seconds=0.34
epoch=9/80 loss=0.365521 seconds=0.39
epoch=10/80 loss=0.307425 seconds=0.38
epoch=11/80 loss=0.293123 seconds=0.38
epoch=12/80 loss=0.296116 seconds=0.34
epoch=13/80 loss=0.285218 seconds=0.39
epoch=14/80 loss=0.278130 seconds=0.34
epoch=15/80 loss=0.254402 seconds=0.41
epoch=16/80 loss=0.259871 seconds=0.36
epoch=17/80 loss=0.225641 seconds=0.34
epoch=18/80 loss=0.251363 seconds=0.34
epoch=19/80 loss=0.218764 seconds=0.36
epoch=20/80 loss=0.183567 seconds=0.33
epoch=21/80 loss=0.191535 seconds=0.34
epoch=22/80 loss=0.217276 seconds=0.36
epoch=23/80 loss=0.189052 seconds=0.30
epoch=24/80 loss=0.168570 seconds=0.30
epoch=25/80 loss=0.171428 seconds=0.33
epoch=26/80 loss=0.183119 seconds=0.30
epoch=27/80 loss=0.196346 seconds=0.31
epoch=28/80 loss=0.166712 seconds=0.36
epoch=29/80 loss=0.170958 seconds=0.33
epoch=30/80 loss=0.177646 seconds=0.30
epoch=31/80 loss=0.168656 seconds=0.31
epoch=32/80 loss=0.152754 seconds=0.33
epoch=33/80 loss=0.159210 seconds=0.31
epoch=34/80 loss=0.144772 seconds=0.31
epoch=35/80 loss=0.138685 seconds=0.38
epoch=36/80 loss=0.143373 seconds=0.30
epoch=37/80 loss=0.146120 seconds=0.31
epoch=38/80 loss=0.140344 seconds=0.33
epoch=39/80 loss=0.139162 seconds=0.38
epoch=40/80 loss=0.151538 seconds=0.36
epoch=41/80 loss=0.129565 seconds=0.39
epoch=42/80 loss=0.132145 seconds=0.38
epoch=43/80 loss=0.132010 seconds=0.41
epoch=44/80 loss=0.139370 seconds=0.38
epoch=45/80 loss=0.149633 seconds=0.36
epoch=46/80 loss=0.130627 seconds=0.38
epoch=47/80 loss=0.143838 seconds=0.41
epoch=48/80 loss=0.134250 seconds=0.38
epoch=49/80 loss=0.126025 seconds=0.38
epoch=50/80 loss=0.127128 seconds=0.36
epoch=51/80 loss=0.115277 seconds=0.45
epoch=52/80 loss=0.122469 seconds=0.53
epoch=53/80 loss=0.122116 seconds=0.33
epoch=54/80 loss=0.102831 seconds=0.33
epoch=55/80 loss=0.109974 seconds=0.31
epoch=56/80 loss=0.106712 seconds=0.33
epoch=57/80 loss=0.115022 seconds=0.30
epoch=58/80 loss=0.116375 seconds=0.33
epoch=59/80 loss=0.104950 seconds=0.36
epoch=60/80 loss=0.117764 seconds=0.31
epoch=61/80 loss=0.107229 seconds=0.34
epoch=62/80 loss=0.111064 seconds=0.47
epoch=63/80 loss=0.113698 seconds=0.33
epoch=64/80 loss=0.133559 seconds=0.38
epoch=65/80 loss=0.117376 seconds=0.38
epoch=66/80 loss=0.100679 seconds=0.31
epoch=67/80 loss=0.112065 seconds=0.31
epoch=68/80 loss=0.113611 seconds=0.31
epoch=69/80 loss=0.103191 seconds=0.36
epoch=70/80 loss=0.100657 seconds=0.34
epoch=71/80 loss=0.102350 seconds=0.39
epoch=72/80 loss=0.099793 seconds=0.34
epoch=73/80 loss=0.104133 seconds=0.33
epoch=74/80 loss=0.094201 seconds=0.34
epoch=75/80 loss=0.094855 seconds=0.34
epoch=76/80 loss=0.102088 seconds=0.34
epoch=77/80 loss=0.090646 seconds=0.36
epoch=78/80 loss=0.100088 seconds=0.34
epoch=79/80 loss=0.090342 seconds=0.31
epoch=80/80 loss=0.097374 seconds=0.33
fold=10/10 OOF_accuracy=0.800000 OOF_AUC=0.788360
Device=cuda; epochs=80; batch=32; model=ResNetAutoencoder1D
epoch=1/80 loss=4.944399 seconds=0.42
epoch=2/80 loss=1.019246 seconds=0.48
epoch=3/80 loss=0.805547 seconds=0.38
epoch=4/80 loss=0.580479 seconds=0.38
epoch=5/80 loss=0.476217 seconds=0.38
epoch=6/80 loss=0.555303 seconds=0.41
epoch=7/80 loss=0.423244 seconds=0.39
epoch=8/80 loss=0.464759 seconds=0.36
epoch=9/80 loss=0.369504 seconds=0.38
epoch=10/80 loss=0.325063 seconds=0.36
epoch=11/80 loss=0.334781 seconds=0.38
epoch=12/80 loss=0.290325 seconds=0.41
epoch=13/80 loss=0.290016 seconds=0.39
epoch=14/80 loss=0.301881 seconds=0.42
epoch=15/80 loss=0.271651 seconds=0.36
epoch=16/80 loss=0.268988 seconds=0.36
epoch=17/80 loss=0.293543 seconds=0.38
epoch=18/80 loss=0.324578 seconds=0.52
epoch=19/80 loss=0.234380 seconds=0.36
epoch=20/80 loss=0.260709 seconds=0.34
epoch=21/80 loss=0.242548 seconds=0.36
epoch=22/80 loss=0.257917 seconds=0.36
epoch=23/80 loss=0.195614 seconds=0.42
epoch=24/80 loss=0.212181 seconds=0.38
epoch=25/80 loss=0.286321 seconds=0.36
epoch=26/80 loss=0.239584 seconds=0.36
epoch=27/80 loss=0.217216 seconds=0.39
epoch=28/80 loss=0.297285 seconds=0.39
epoch=29/80 loss=0.205296 seconds=0.41
epoch=30/80 loss=0.208132 seconds=0.34
epoch=31/80 loss=0.188752 seconds=0.38
epoch=32/80 loss=0.166297 seconds=0.36
epoch=33/80 loss=0.175495 seconds=0.42
epoch=34/80 loss=0.185204 seconds=0.39
epoch=35/80 loss=0.154756 seconds=0.39
epoch=36/80 loss=0.151021 seconds=0.38
epoch=37/80 loss=0.165691 seconds=0.39
epoch=38/80 loss=0.168653 seconds=0.39
epoch=39/80 loss=0.149263 seconds=0.38
epoch=40/80 loss=0.173206 seconds=0.41
epoch=41/80 loss=0.137703 seconds=0.39
epoch=42/80 loss=0.173486 seconds=0.38
epoch=43/80 loss=0.133481 seconds=0.36
epoch=44/80 loss=0.154187 seconds=0.38
epoch=45/80 loss=0.159216 seconds=0.38
epoch=46/80 loss=0.151056 seconds=0.42
epoch=47/80 loss=0.177620 seconds=0.39
epoch=48/80 loss=0.163054 seconds=0.39
epoch=49/80 loss=0.161605 seconds=0.41
epoch=50/80 loss=0.147297 seconds=0.38
epoch=51/80 loss=0.170037 seconds=0.42
epoch=52/80 loss=0.135026 seconds=0.39
epoch=53/80 loss=0.133915 seconds=0.38
epoch=54/80 loss=0.132312 seconds=0.36
epoch=55/80 loss=0.121199 seconds=0.34
epoch=56/80 loss=0.120611 seconds=0.36
epoch=57/80 loss=0.129315 seconds=0.39
epoch=58/80 loss=0.132473 seconds=0.38
epoch=59/80 loss=0.161141 seconds=0.41
epoch=60/80 loss=0.140950 seconds=0.36
epoch=61/80 loss=0.150922 seconds=0.36
epoch=62/80 loss=0.157344 seconds=0.34
epoch=63/80 loss=0.140874 seconds=0.39
epoch=64/80 loss=0.124971 seconds=0.36
epoch=65/80 loss=0.124006 seconds=0.36
epoch=66/80 loss=0.170633 seconds=0.36
epoch=67/80 loss=0.133591 seconds=0.38
epoch=68/80 loss=0.109831 seconds=0.34
epoch=69/80 loss=0.108420 seconds=0.48
epoch=70/80 loss=0.119735 seconds=0.36
epoch=71/80 loss=0.103809 seconds=0.38
epoch=72/80 loss=0.110894 seconds=0.38
epoch=73/80 loss=0.113780 seconds=0.38
epoch=74/80 loss=0.099540 seconds=0.39
epoch=75/80 loss=0.107434 seconds=0.41
epoch=76/80 loss=0.118427 seconds=0.39
epoch=77/80 loss=0.107486 seconds=0.36
epoch=78/80 loss=0.129252 seconds=0.38
epoch=79/80 loss=0.109243 seconds=0.38
epoch=80/80 loss=0.109961 seconds=0.41
{"cv_oof": {"accuracy": 0.7833333333333333, "balanced_accuracy": 0.7115677321156773, "sensitivity": 0.5555555555555556, "specificity": 0.867579908675799, "f1_macro": 0.7172888727799928, "roc_auc": 0.8159986470488754, "confusion_matrix": [[190, 29], [36, 45]], "classification_report": {"0": {"precision": 0.8407079646017699, "recall": 0.867579908675799, "f1-score": 0.8539325842696629, "support": 219.0}, "1": {"precision": 0.6081081081081081, "recall": 0.5555555555555556, "f1-score": 0.5806451612903226, "support": 81.0}, "accuracy": 0.7833333333333333, "macro avg": {"precision": 0.724408036354939, "recall": 0.7115677321156773, "f1-score": 0.7172888727799928, "support": 300.0}, "weighted avg": {"precision": 0.7779060033484811, "recall": 0.7833333333333333, "f1-score": 0.780144980065241, "support": 300.0}}}, "test": {"accuracy": 0.8181818181818182, "balanced_accuracy": 0.7261904761904763, "sensitivity": 0.5238095238095238, "specificity": 0.9285714285714286, "f1_macro": 0.7462335216572504, "roc_auc": 0.7942176870748299, "confusion_matrix": [[52, 4], [10, 11]], "classification_report": {"0": {"precision": 0.8387096774193549, "recall": 0.9285714285714286, "f1-score": 0.8813559322033898, "support": 56.0}, "1": {"precision": 0.7333333333333333, "recall": 0.5238095238095238, "f1-score": 0.6111111111111112, "support": 21.0}, "accuracy": 0.8181818181818182, "macro avg": {"precision": 0.7860215053763441, "recall": 0.7261904761904763, "f1-score": 0.7462335216572504, "support": 77.0}, "weighted avg": {"precision": 0.8099706744868035, "recall": 0.8181818181818182, "f1-score": 0.8076527991782229, "support": 77.0}}}, "folds": 10, "original_train_rows": 300, "train_rows": 2182, "test_rows": 77, "elapsed_seconds": 323.079000000027}
