Command: ["C:\\Users\\IHCK\\AppData\\Local\\Programs\\Python\\Python312\\python.exe", "-u", "C:\\Users\\IHCK\\Desktop\\1_10_69Final\\Hippocampal-Shape-Analysis-for-Epilepsy-Detection\\Model\\train_dataset_model.py", "--dataset", "augment_plsda_balanced", "--side", "right", "--model", "MobileNet", "--kind", "coef", "--train-csv", "C:\\Users\\IHCK\\Desktop\\1_10_69Final\\Hippocampal-Shape-Analysis-for-Epilepsy-Detection\\Output_Dataset\\augment_plsda_balanced\\right\\train_prepared.csv", "--test-csv", "C:\\Users\\IHCK\\Desktop\\1_10_69Final\\Hippocampal-Shape-Analysis-for-Epilepsy-Detection\\Output_Dataset\\augment_plsda_balanced\\right\\test_prepared.csv", "--output-dir", "C:\\Users\\IHCK\\Desktop\\1_10_69Final\\Hippocampal-Shape-Analysis-for-Epilepsy-Detection\\Model_Results\\dataset_runs_20261003_10fold\\augment_plsda_balanced\\right\\MobileNet", "--epochs", "80", "--folds", "10", "--pls-components", "8", "--seed", "42", "--threads", "2"]
10-fold CV: dataset=augment_plsda_balanced side=right model=MobileNet; original_train=300 test=77
Device=cuda; epochs=80; batch=32; model=MobileNetV2_1D
epoch=1/80 loss=0.176224 seconds=0.81
epoch=2/80 loss=0.023260 seconds=0.47
epoch=3/80 loss=0.011665 seconds=0.53
epoch=4/80 loss=0.017919 seconds=0.47
epoch=5/80 loss=0.011769 seconds=0.47
epoch=6/80 loss=0.013318 seconds=0.45
epoch=7/80 loss=0.003870 seconds=0.47
epoch=8/80 loss=0.001507 seconds=0.47
epoch=9/80 loss=0.005697 seconds=0.45
epoch=10/80 loss=0.004599 seconds=0.44
epoch=11/80 loss=0.013910 seconds=0.45
epoch=12/80 loss=0.002699 seconds=0.52
epoch=13/80 loss=0.006029 seconds=0.44
epoch=14/80 loss=0.025228 seconds=0.45
epoch=15/80 loss=0.011620 seconds=0.42
epoch=16/80 loss=0.005887 seconds=0.45
epoch=17/80 loss=0.001904 seconds=0.52
epoch=18/80 loss=0.005170 seconds=0.61
epoch=19/80 loss=0.000821 seconds=0.53
epoch=20/80 loss=0.000537 seconds=0.44
epoch=21/80 loss=0.000523 seconds=0.53
epoch=22/80 loss=0.000232 seconds=0.47
epoch=23/80 loss=0.000264 seconds=0.44
epoch=24/80 loss=0.000557 seconds=0.45
epoch=25/80 loss=0.000387 seconds=0.48
epoch=26/80 loss=0.000229 seconds=0.53
epoch=27/80 loss=0.000443 seconds=0.44
epoch=28/80 loss=0.013542 seconds=0.45
epoch=29/80 loss=0.013412 seconds=0.45
epoch=30/80 loss=0.004654 seconds=0.53
epoch=31/80 loss=0.000653 seconds=0.47
epoch=32/80 loss=0.000676 seconds=0.45
epoch=33/80 loss=0.000271 seconds=0.45
epoch=34/80 loss=0.000178 seconds=0.48
epoch=35/80 loss=0.000193 seconds=0.47
epoch=36/80 loss=0.000477 seconds=0.42
epoch=37/80 loss=0.000184 seconds=0.45
epoch=38/80 loss=0.000114 seconds=0.48
epoch=39/80 loss=0.004852 seconds=0.48
epoch=40/80 loss=0.002810 seconds=0.50
epoch=41/80 loss=0.004340 seconds=0.48
epoch=42/80 loss=0.004423 seconds=0.48
epoch=43/80 loss=0.000576 seconds=0.47
epoch=44/80 loss=0.000868 seconds=0.64
epoch=45/80 loss=0.001272 seconds=0.47
epoch=46/80 loss=0.000422 seconds=0.50
epoch=47/80 loss=0.000568 seconds=0.47
epoch=48/80 loss=0.011652 seconds=0.52
epoch=49/80 loss=0.000325 seconds=0.50
epoch=50/80 loss=0.001954 seconds=0.47
epoch=51/80 loss=0.003488 seconds=0.45
epoch=52/80 loss=0.000407 seconds=0.44
epoch=53/80 loss=0.002097 seconds=0.53
epoch=54/80 loss=0.006517 seconds=0.45
epoch=55/80 loss=0.002140 seconds=0.45
epoch=56/80 loss=0.004814 seconds=0.44
epoch=57/80 loss=0.001646 seconds=0.50
epoch=58/80 loss=0.000400 seconds=0.44
epoch=59/80 loss=0.000212 seconds=0.42
epoch=60/80 loss=0.000099 seconds=0.42
epoch=61/80 loss=0.000146 seconds=0.42
epoch=62/80 loss=0.000131 seconds=0.50
epoch=63/80 loss=0.000052 seconds=0.44
epoch=64/80 loss=0.000089 seconds=0.44
epoch=65/80 loss=0.000059 seconds=0.45
epoch=66/80 loss=0.000073 seconds=0.52
epoch=67/80 loss=0.000138 seconds=0.48
epoch=68/80 loss=0.000057 seconds=0.47
epoch=69/80 loss=0.000142 seconds=0.44
epoch=70/80 loss=0.000020 seconds=0.44
epoch=71/80 loss=0.000023 seconds=0.47
epoch=72/80 loss=0.000168 seconds=0.50
epoch=73/80 loss=0.000065 seconds=0.56
epoch=74/80 loss=0.000040 seconds=0.48
epoch=75/80 loss=0.000041 seconds=0.48
epoch=76/80 loss=0.002462 seconds=0.53
epoch=77/80 loss=0.006023 seconds=0.62
epoch=78/80 loss=0.000447 seconds=0.59
epoch=79/80 loss=0.009971 seconds=0.44
epoch=80/80 loss=0.000949 seconds=0.52
fold=1/10 OOF_accuracy=0.733333 OOF_AUC=0.846591
Device=cuda; epochs=80; batch=32; model=MobileNetV2_1D
epoch=1/80 loss=0.153691 seconds=0.45
epoch=2/80 loss=0.015395 seconds=0.48
epoch=3/80 loss=0.008391 seconds=0.48
epoch=4/80 loss=0.020999 seconds=0.48
epoch=5/80 loss=0.019602 seconds=0.45
epoch=6/80 loss=0.016282 seconds=0.45
epoch=7/80 loss=0.005254 seconds=0.52
epoch=8/80 loss=0.003337 seconds=0.45
epoch=9/80 loss=0.003973 seconds=0.52
epoch=10/80 loss=0.011120 seconds=0.52
epoch=11/80 loss=0.006353 seconds=0.48
epoch=12/80 loss=0.001868 seconds=0.52
epoch=13/80 loss=0.000895 seconds=0.45
epoch=14/80 loss=0.000537 seconds=0.45
epoch=15/80 loss=0.001454 seconds=0.45
epoch=16/80 loss=0.012392 seconds=0.52
epoch=17/80 loss=0.007951 seconds=0.48
epoch=18/80 loss=0.022390 seconds=0.45
epoch=19/80 loss=0.001211 seconds=0.45
epoch=20/80 loss=0.000742 seconds=0.45
epoch=21/80 loss=0.000738 seconds=0.52
epoch=22/80 loss=0.000435 seconds=0.47
epoch=23/80 loss=0.000330 seconds=0.47
epoch=24/80 loss=0.000244 seconds=0.47
epoch=25/80 loss=0.000333 seconds=0.56
epoch=26/80 loss=0.000247 seconds=0.45
epoch=27/80 loss=0.000263 seconds=0.47
epoch=28/80 loss=0.000159 seconds=0.53
epoch=29/80 loss=0.000086 seconds=0.66
epoch=30/80 loss=0.000113 seconds=0.56
epoch=31/80 loss=0.000125 seconds=0.50
epoch=32/80 loss=0.000114 seconds=0.44
epoch=33/80 loss=0.000125 seconds=0.45
epoch=34/80 loss=0.000082 seconds=0.47
epoch=35/80 loss=0.000070 seconds=0.44
epoch=36/80 loss=0.000174 seconds=0.42
epoch=37/80 loss=0.000100 seconds=0.42
epoch=38/80 loss=0.000470 seconds=0.47
epoch=39/80 loss=0.033415 seconds=0.50
epoch=40/80 loss=0.006832 seconds=0.45
epoch=41/80 loss=0.001295 seconds=0.42
epoch=42/80 loss=0.000616 seconds=0.45
epoch=43/80 loss=0.000285 seconds=0.47
epoch=44/80 loss=0.000278 seconds=0.44
epoch=45/80 loss=0.000671 seconds=0.47
epoch=46/80 loss=0.003871 seconds=0.52
epoch=47/80 loss=0.016644 seconds=0.44
epoch=48/80 loss=0.012967 seconds=0.52
epoch=49/80 loss=0.000828 seconds=0.47
epoch=50/80 loss=0.000615 seconds=0.45
epoch=51/80 loss=0.001413 seconds=0.47
epoch=52/80 loss=0.000991 seconds=0.48
epoch=53/80 loss=0.004028 seconds=0.48
epoch=54/80 loss=0.015241 seconds=0.42
epoch=55/80 loss=0.007185 seconds=0.45
epoch=56/80 loss=0.002601 seconds=0.44
epoch=57/80 loss=0.000585 seconds=0.50
epoch=58/80 loss=0.000435 seconds=0.45
epoch=59/80 loss=0.000958 seconds=0.45
epoch=60/80 loss=0.002961 seconds=0.45
epoch=61/80 loss=0.003628 seconds=0.47
epoch=62/80 loss=0.014113 seconds=0.53
epoch=63/80 loss=0.005696 seconds=0.45
epoch=64/80 loss=0.001663 seconds=0.45
epoch=65/80 loss=0.000310 seconds=0.45
epoch=66/80 loss=0.000434 seconds=0.50
epoch=67/80 loss=0.003056 seconds=0.50
epoch=68/80 loss=0.007638 seconds=0.50
epoch=69/80 loss=0.002154 seconds=0.42
epoch=70/80 loss=0.000262 seconds=0.45
epoch=71/80 loss=0.000235 seconds=0.47
epoch=72/80 loss=0.000288 seconds=0.44
epoch=73/80 loss=0.000204 seconds=0.45
epoch=74/80 loss=0.000171 seconds=0.44
epoch=75/80 loss=0.004059 seconds=0.44
epoch=76/80 loss=0.000237 seconds=0.50
epoch=77/80 loss=0.000126 seconds=0.45
epoch=78/80 loss=0.000163 seconds=0.42
epoch=79/80 loss=0.000076 seconds=0.44
epoch=80/80 loss=0.000086 seconds=0.47
fold=2/10 OOF_accuracy=0.833333 OOF_AUC=0.863636
Device=cuda; epochs=80; batch=32; model=MobileNetV2_1D
epoch=1/80 loss=0.157664 seconds=0.45
epoch=2/80 loss=0.028737 seconds=0.45
epoch=3/80 loss=0.021931 seconds=0.47
epoch=4/80 loss=0.011027 seconds=0.48
epoch=5/80 loss=0.008009 seconds=0.44
epoch=6/80 loss=0.024420 seconds=0.47
epoch=7/80 loss=0.006879 seconds=0.48
epoch=8/80 loss=0.017327 seconds=0.56
epoch=9/80 loss=0.008571 seconds=0.48
epoch=10/80 loss=0.011966 seconds=0.48
epoch=11/80 loss=0.005750 seconds=0.52
epoch=12/80 loss=0.003727 seconds=0.56
epoch=13/80 loss=0.004037 seconds=0.53
epoch=14/80 loss=0.002376 seconds=0.50
epoch=15/80 loss=0.009894 seconds=0.48
epoch=16/80 loss=0.005639 seconds=0.50
epoch=17/80 loss=0.017250 seconds=0.45
epoch=18/80 loss=0.007789 seconds=0.44
epoch=19/80 loss=0.001068 seconds=0.62
epoch=20/80 loss=0.001282 seconds=0.47
epoch=21/80 loss=0.000672 seconds=0.53
epoch=22/80 loss=0.000285 seconds=0.44
epoch=23/80 loss=0.000265 seconds=0.42
epoch=24/80 loss=0.000220 seconds=0.44
epoch=25/80 loss=0.001352 seconds=0.47
epoch=26/80 loss=0.015095 seconds=0.52
epoch=27/80 loss=0.009211 seconds=0.53
epoch=28/80 loss=0.003519 seconds=0.53
epoch=29/80 loss=0.007438 seconds=0.44
epoch=30/80 loss=0.004307 seconds=0.47
epoch=31/80 loss=0.005229 seconds=0.47
epoch=32/80 loss=0.001347 seconds=0.61
epoch=33/80 loss=0.001841 seconds=0.53
epoch=34/80 loss=0.007735 seconds=0.50
epoch=35/80 loss=0.005594 seconds=0.45
epoch=36/80 loss=0.002935 seconds=0.44
epoch=37/80 loss=0.000588 seconds=0.44
epoch=38/80 loss=0.000170 seconds=0.42
epoch=39/80 loss=0.003458 seconds=0.48
epoch=40/80 loss=0.000304 seconds=0.47
epoch=41/80 loss=0.000244 seconds=0.45
epoch=42/80 loss=0.000184 seconds=0.47
epoch=43/80 loss=0.000095 seconds=0.80
epoch=44/80 loss=0.000219 seconds=0.72
epoch=45/80 loss=0.000127 seconds=0.92
epoch=46/80 loss=0.000092 seconds=0.80
epoch=47/80 loss=0.000214 seconds=0.50
epoch=48/80 loss=0.000122 seconds=0.53
epoch=49/80 loss=0.000044 seconds=0.48
epoch=50/80 loss=0.000065 seconds=0.55
epoch=51/80 loss=0.000077 seconds=0.48
epoch=52/80 loss=0.000856 seconds=0.48
epoch=53/80 loss=0.022618 seconds=0.48
epoch=54/80 loss=0.004856 seconds=0.55
epoch=55/80 loss=0.005202 seconds=0.47
epoch=56/80 loss=0.013366 seconds=0.48
epoch=57/80 loss=0.007303 seconds=0.48
epoch=58/80 loss=0.003648 seconds=0.50
epoch=59/80 loss=0.002300 seconds=0.53
epoch=60/80 loss=0.000614 seconds=0.52
epoch=61/80 loss=0.002362 seconds=0.44
epoch=62/80 loss=0.006534 seconds=0.42
epoch=63/80 loss=0.000166 seconds=0.56
epoch=64/80 loss=0.000283 seconds=0.59
epoch=65/80 loss=0.000091 seconds=0.48
epoch=66/80 loss=0.000105 seconds=0.50
epoch=67/80 loss=0.005099 seconds=0.58
epoch=68/80 loss=0.013582 seconds=0.47
epoch=69/80 loss=0.001164 seconds=0.48
epoch=70/80 loss=0.000466 seconds=0.47
epoch=71/80 loss=0.000179 seconds=0.59
epoch=72/80 loss=0.000334 seconds=0.50
epoch=73/80 loss=0.000295 seconds=0.48
epoch=74/80 loss=0.000110 seconds=0.48
epoch=75/80 loss=0.000176 seconds=0.52
epoch=76/80 loss=0.000072 seconds=0.50
epoch=77/80 loss=0.000094 seconds=0.47
epoch=78/80 loss=0.000086 seconds=0.47
epoch=79/80 loss=0.000044 seconds=0.48
epoch=80/80 loss=0.000141 seconds=0.52
fold=3/10 OOF_accuracy=0.800000 OOF_AUC=0.761364
Device=cuda; epochs=80; batch=32; model=MobileNetV2_1D
epoch=1/80 loss=0.144509 seconds=0.55
epoch=2/80 loss=0.020276 seconds=0.53
epoch=3/80 loss=0.021126 seconds=0.52
epoch=4/80 loss=0.023286 seconds=0.50
epoch=5/80 loss=0.015275 seconds=0.47
epoch=6/80 loss=0.013155 seconds=0.52
epoch=7/80 loss=0.007071 seconds=0.55
epoch=8/80 loss=0.002426 seconds=0.52
epoch=9/80 loss=0.003303 seconds=0.47
epoch=10/80 loss=0.007542 seconds=0.52
epoch=11/80 loss=0.001749 seconds=0.53
epoch=12/80 loss=0.011023 seconds=0.50
epoch=13/80 loss=0.012892 seconds=0.47
epoch=14/80 loss=0.005764 seconds=0.47
epoch=15/80 loss=0.015065 seconds=0.56
epoch=16/80 loss=0.006785 seconds=0.52
epoch=17/80 loss=0.000990 seconds=0.45
epoch=18/80 loss=0.007760 seconds=0.47
epoch=19/80 loss=0.001553 seconds=0.48
epoch=20/80 loss=0.028275 seconds=0.47
epoch=21/80 loss=0.004238 seconds=0.48
epoch=22/80 loss=0.000773 seconds=0.47
epoch=23/80 loss=0.002446 seconds=0.47
epoch=24/80 loss=0.004807 seconds=0.53
epoch=25/80 loss=0.000938 seconds=0.53
epoch=26/80 loss=0.000401 seconds=0.48
epoch=27/80 loss=0.003172 seconds=0.47
epoch=28/80 loss=0.006142 seconds=0.47
epoch=29/80 loss=0.002702 seconds=0.47
epoch=30/80 loss=0.008153 seconds=0.44
epoch=31/80 loss=0.001150 seconds=0.42
epoch=32/80 loss=0.000308 seconds=0.44
epoch=33/80 loss=0.000275 seconds=0.44
epoch=34/80 loss=0.000279 seconds=0.47
epoch=35/80 loss=0.000187 seconds=0.44
epoch=36/80 loss=0.000676 seconds=0.44
epoch=37/80 loss=0.000450 seconds=0.42
epoch=38/80 loss=0.000137 seconds=0.52
epoch=39/80 loss=0.000145 seconds=0.47
epoch=40/80 loss=0.000096 seconds=0.42
epoch=41/80 loss=0.000265 seconds=0.42
epoch=42/80 loss=0.000096 seconds=0.41
epoch=43/80 loss=0.000060 seconds=0.53
epoch=44/80 loss=0.000105 seconds=0.45
epoch=45/80 loss=0.000261 seconds=0.44
epoch=46/80 loss=0.009870 seconds=0.42
epoch=47/80 loss=0.005042 seconds=0.44
epoch=48/80 loss=0.005383 seconds=0.44
epoch=49/80 loss=0.008881 seconds=0.47
epoch=50/80 loss=0.005682 seconds=0.42
epoch=51/80 loss=0.009752 seconds=0.55
epoch=52/80 loss=0.005033 seconds=0.55
epoch=53/80 loss=0.019083 seconds=0.48
epoch=54/80 loss=0.002637 seconds=0.45
epoch=55/80 loss=0.002305 seconds=0.44
epoch=56/80 loss=0.007695 seconds=0.45
epoch=57/80 loss=0.000616 seconds=0.48
epoch=58/80 loss=0.003785 seconds=0.45
epoch=59/80 loss=0.003275 seconds=0.44
epoch=60/80 loss=0.000363 seconds=0.50
epoch=61/80 loss=0.000367 seconds=0.58
epoch=62/80 loss=0.000223 seconds=0.55
epoch=63/80 loss=0.004750 seconds=0.48
epoch=64/80 loss=0.002217 seconds=0.50
epoch=65/80 loss=0.000242 seconds=0.45
epoch=66/80 loss=0.000599 seconds=0.48
epoch=67/80 loss=0.002631 seconds=0.44
epoch=68/80 loss=0.011478 seconds=0.52
epoch=69/80 loss=0.004711 seconds=0.47
epoch=70/80 loss=0.000299 seconds=0.52
epoch=71/80 loss=0.000217 seconds=0.45
epoch=72/80 loss=0.000438 seconds=0.47
epoch=73/80 loss=0.000457 seconds=0.42
epoch=74/80 loss=0.000194 seconds=0.45
epoch=75/80 loss=0.000082 seconds=0.52
epoch=76/80 loss=0.000143 seconds=0.47
epoch=77/80 loss=0.000052 seconds=0.47
epoch=78/80 loss=0.000110 seconds=0.47
epoch=79/80 loss=0.000042 seconds=0.52
epoch=80/80 loss=0.000060 seconds=0.47
fold=4/10 OOF_accuracy=0.833333 OOF_AUC=0.738636
Device=cuda; epochs=80; batch=32; model=MobileNetV2_1D
epoch=1/80 loss=0.161276 seconds=0.50
epoch=2/80 loss=0.019555 seconds=0.48
epoch=3/80 loss=0.024460 seconds=0.48
epoch=4/80 loss=0.017998 seconds=0.48
epoch=5/80 loss=0.018734 seconds=0.47
epoch=6/80 loss=0.012919 seconds=0.48
epoch=7/80 loss=0.002152 seconds=0.48
epoch=8/80 loss=0.001607 seconds=0.45
epoch=9/80 loss=0.006030 seconds=0.47
epoch=10/80 loss=0.002105 seconds=0.45
epoch=11/80 loss=0.005627 seconds=0.50
epoch=12/80 loss=0.017142 seconds=0.50
epoch=13/80 loss=0.010962 seconds=0.47
epoch=14/80 loss=0.011185 seconds=0.47
epoch=15/80 loss=0.016860 seconds=0.45
epoch=16/80 loss=0.005645 seconds=0.50
epoch=17/80 loss=0.006353 seconds=0.50
epoch=18/80 loss=0.005371 seconds=0.47
epoch=19/80 loss=0.000995 seconds=0.48
epoch=20/80 loss=0.000700 seconds=0.47
epoch=21/80 loss=0.004220 seconds=0.50
epoch=22/80 loss=0.008352 seconds=0.45
epoch=23/80 loss=0.002371 seconds=0.48
epoch=24/80 loss=0.000543 seconds=0.48
epoch=25/80 loss=0.000580 seconds=0.47
epoch=26/80 loss=0.000692 seconds=0.44
epoch=27/80 loss=0.000470 seconds=0.41
epoch=28/80 loss=0.000241 seconds=0.44
epoch=29/80 loss=0.000113 seconds=0.45
epoch=30/80 loss=0.000181 seconds=0.48
epoch=31/80 loss=0.001376 seconds=0.42
epoch=32/80 loss=0.011770 seconds=0.42
epoch=33/80 loss=0.007825 seconds=0.44
epoch=34/80 loss=0.007884 seconds=0.44
epoch=35/80 loss=0.004644 seconds=0.53
epoch=36/80 loss=0.009771 seconds=0.45
epoch=37/80 loss=0.002436 seconds=0.45
epoch=38/80 loss=0.004846 seconds=0.45
epoch=39/80 loss=0.008367 seconds=0.47
epoch=40/80 loss=0.002873 seconds=0.45
epoch=41/80 loss=0.007529 seconds=0.48
epoch=42/80 loss=0.000530 seconds=0.50
epoch=43/80 loss=0.000293 seconds=0.45
epoch=44/80 loss=0.002594 seconds=0.52
epoch=45/80 loss=0.002847 seconds=0.44
epoch=46/80 loss=0.000400 seconds=0.45
epoch=47/80 loss=0.000174 seconds=0.48
epoch=48/80 loss=0.000560 seconds=0.47
epoch=49/80 loss=0.000090 seconds=0.50
epoch=50/80 loss=0.000201 seconds=0.45
epoch=51/80 loss=0.000113 seconds=0.45
epoch=52/80 loss=0.002210 seconds=0.50
epoch=53/80 loss=0.017806 seconds=0.47
epoch=54/80 loss=0.001553 seconds=0.55
epoch=55/80 loss=0.000364 seconds=0.44
epoch=56/80 loss=0.002305 seconds=0.44
epoch=57/80 loss=0.001661 seconds=0.44
epoch=58/80 loss=0.010572 seconds=0.52
epoch=59/80 loss=0.005010 seconds=0.45
epoch=60/80 loss=0.000341 seconds=0.44
epoch=61/80 loss=0.000295 seconds=0.45
epoch=62/80 loss=0.002374 seconds=0.48
epoch=63/80 loss=0.003155 seconds=0.48
epoch=64/80 loss=0.004502 seconds=0.45
epoch=65/80 loss=0.006196 seconds=0.48
epoch=66/80 loss=0.003264 seconds=0.48
epoch=67/80 loss=0.002494 seconds=0.50
epoch=68/80 loss=0.006770 seconds=0.45
epoch=69/80 loss=0.000613 seconds=0.45
epoch=70/80 loss=0.000275 seconds=0.47
epoch=71/80 loss=0.002129 seconds=0.45
epoch=72/80 loss=0.002019 seconds=0.50
epoch=73/80 loss=0.002751 seconds=0.45
epoch=74/80 loss=0.005942 seconds=0.47
epoch=75/80 loss=0.002957 seconds=0.44
epoch=76/80 loss=0.001049 seconds=0.48
epoch=77/80 loss=0.000361 seconds=0.45
epoch=78/80 loss=0.006252 seconds=0.42
epoch=79/80 loss=0.000225 seconds=0.45
epoch=80/80 loss=0.000159 seconds=0.42
fold=5/10 OOF_accuracy=0.866667 OOF_AUC=0.994318
Device=cuda; epochs=80; batch=32; model=MobileNetV2_1D
epoch=1/80 loss=0.150614 seconds=0.44
epoch=2/80 loss=0.020763 seconds=0.41
epoch=3/80 loss=0.030893 seconds=0.42
epoch=4/80 loss=0.016432 seconds=0.47
epoch=5/80 loss=0.020660 seconds=0.44
epoch=6/80 loss=0.022579 seconds=0.42
epoch=7/80 loss=0.005337 seconds=0.42
epoch=8/80 loss=0.001759 seconds=0.44
epoch=9/80 loss=0.004070 seconds=0.53
epoch=10/80 loss=0.001594 seconds=0.56
epoch=11/80 loss=0.000898 seconds=0.45
epoch=12/80 loss=0.001028 seconds=0.44
epoch=13/80 loss=0.000765 seconds=0.47
epoch=14/80 loss=0.009191 seconds=0.48
epoch=15/80 loss=0.023731 seconds=0.44
epoch=16/80 loss=0.017175 seconds=0.47
epoch=17/80 loss=0.004669 seconds=0.45
epoch=18/80 loss=0.001230 seconds=0.53
epoch=19/80 loss=0.000511 seconds=0.52
epoch=20/80 loss=0.003553 seconds=0.52
epoch=21/80 loss=0.010841 seconds=0.55
epoch=22/80 loss=0.003725 seconds=0.55
epoch=23/80 loss=0.002416 seconds=0.48
epoch=24/80 loss=0.003247 seconds=0.47
epoch=25/80 loss=0.001735 seconds=0.45
epoch=26/80 loss=0.003594 seconds=0.47
epoch=27/80 loss=0.001072 seconds=0.56
epoch=28/80 loss=0.000360 seconds=0.48
epoch=29/80 loss=0.000167 seconds=0.47
epoch=30/80 loss=0.000684 seconds=0.45
epoch=31/80 loss=0.004289 seconds=0.47
epoch=32/80 loss=0.005471 seconds=0.42
epoch=33/80 loss=0.005433 seconds=0.42
epoch=34/80 loss=0.000640 seconds=0.45
epoch=35/80 loss=0.000301 seconds=0.42
epoch=36/80 loss=0.006672 seconds=0.48
epoch=37/80 loss=0.018615 seconds=0.47
epoch=38/80 loss=0.009994 seconds=0.44
epoch=39/80 loss=0.001900 seconds=0.44
epoch=40/80 loss=0.000599 seconds=0.44
epoch=41/80 loss=0.001089 seconds=0.50
epoch=42/80 loss=0.000469 seconds=0.42
epoch=43/80 loss=0.000202 seconds=0.44
epoch=44/80 loss=0.000158 seconds=0.42
epoch=45/80 loss=0.002689 seconds=0.42
epoch=46/80 loss=0.021201 seconds=0.50
epoch=47/80 loss=0.004466 seconds=0.44
epoch=48/80 loss=0.001696 seconds=0.44
epoch=49/80 loss=0.001741 seconds=0.41
epoch=50/80 loss=0.000405 seconds=0.45
epoch=51/80 loss=0.000310 seconds=0.52
epoch=52/80 loss=0.000310 seconds=0.45
epoch=53/80 loss=0.000230 seconds=0.44
epoch=54/80 loss=0.000100 seconds=0.44
epoch=55/80 loss=0.000236 seconds=0.45
epoch=56/80 loss=0.000072 seconds=0.45
epoch=57/80 loss=0.000267 seconds=0.50
epoch=58/80 loss=0.000375 seconds=0.47
epoch=59/80 loss=0.000507 seconds=0.47
epoch=60/80 loss=0.000298 seconds=0.44
epoch=61/80 loss=0.000221 seconds=0.44
epoch=62/80 loss=0.000180 seconds=0.44
epoch=63/80 loss=0.000037 seconds=0.47
epoch=64/80 loss=0.000048 seconds=0.44
epoch=65/80 loss=0.000033 seconds=0.47
epoch=66/80 loss=0.019891 seconds=0.47
epoch=67/80 loss=0.009030 seconds=0.55
epoch=68/80 loss=0.019547 seconds=0.45
epoch=69/80 loss=0.000878 seconds=0.45
epoch=70/80 loss=0.000219 seconds=0.48
epoch=71/80 loss=0.000287 seconds=0.47
epoch=72/80 loss=0.000224 seconds=0.47
epoch=73/80 loss=0.003271 seconds=0.47
epoch=74/80 loss=0.000760 seconds=0.47
epoch=75/80 loss=0.000459 seconds=0.47
epoch=76/80 loss=0.000138 seconds=0.44
epoch=77/80 loss=0.000067 seconds=0.44
epoch=78/80 loss=0.003432 seconds=0.44
epoch=79/80 loss=0.001926 seconds=0.50
epoch=80/80 loss=0.006053 seconds=0.45
fold=6/10 OOF_accuracy=0.833333 OOF_AUC=0.875000
Device=cuda; epochs=80; batch=32; model=MobileNetV2_1D
epoch=1/80 loss=0.152766 seconds=0.45
epoch=2/80 loss=0.029528 seconds=0.47
epoch=3/80 loss=0.020428 seconds=0.50
epoch=4/80 loss=0.028408 seconds=0.44
epoch=5/80 loss=0.015951 seconds=0.45
epoch=6/80 loss=0.012882 seconds=0.45
epoch=7/80 loss=0.005897 seconds=0.48
epoch=8/80 loss=0.003914 seconds=0.45
epoch=9/80 loss=0.003067 seconds=0.45
epoch=10/80 loss=0.004603 seconds=0.44
epoch=11/80 loss=0.010511 seconds=0.48
epoch=12/80 loss=0.007131 seconds=0.47
epoch=13/80 loss=0.007539 seconds=0.44
epoch=14/80 loss=0.004661 seconds=0.42
epoch=15/80 loss=0.010357 seconds=0.42
epoch=16/80 loss=0.013344 seconds=0.48
epoch=17/80 loss=0.004809 seconds=0.48
epoch=18/80 loss=0.010415 seconds=0.44
epoch=19/80 loss=0.001693 seconds=0.44
epoch=20/80 loss=0.002274 seconds=0.41
epoch=21/80 loss=0.001328 seconds=0.52
epoch=22/80 loss=0.005225 seconds=0.42
epoch=23/80 loss=0.000771 seconds=0.44
epoch=24/80 loss=0.003883 seconds=0.42
epoch=25/80 loss=0.007428 seconds=0.42
epoch=26/80 loss=0.003170 seconds=0.50
epoch=27/80 loss=0.001599 seconds=0.44
epoch=28/80 loss=0.000904 seconds=0.44
epoch=29/80 loss=0.001762 seconds=0.52
epoch=30/80 loss=0.001466 seconds=0.44
epoch=31/80 loss=0.000950 seconds=0.48
epoch=32/80 loss=0.000257 seconds=0.44
epoch=33/80 loss=0.034332 seconds=0.45
epoch=34/80 loss=0.017521 seconds=0.44
epoch=35/80 loss=0.001708 seconds=0.48
epoch=36/80 loss=0.010566 seconds=0.45
epoch=37/80 loss=0.004676 seconds=0.47
epoch=38/80 loss=0.002197 seconds=0.44
epoch=39/80 loss=0.000450 seconds=0.45
epoch=40/80 loss=0.000646 seconds=0.48
epoch=41/80 loss=0.003873 seconds=0.42
epoch=42/80 loss=0.000702 seconds=0.44
epoch=43/80 loss=0.000282 seconds=0.45
epoch=44/80 loss=0.004040 seconds=0.44
epoch=45/80 loss=0.000987 seconds=0.48
epoch=46/80 loss=0.000345 seconds=0.45
epoch=47/80 loss=0.000249 seconds=0.45
epoch=48/80 loss=0.000179 seconds=0.50
epoch=49/80 loss=0.000142 seconds=0.48
epoch=50/80 loss=0.000259 seconds=0.44
epoch=51/80 loss=0.000117 seconds=0.44
epoch=52/80 loss=0.005664 seconds=0.45
epoch=53/80 loss=0.007351 seconds=0.53
epoch=54/80 loss=0.027066 seconds=0.58
epoch=55/80 loss=0.010348 seconds=0.50
epoch=56/80 loss=0.001961 seconds=0.47
epoch=57/80 loss=0.002900 seconds=0.45
epoch=58/80 loss=0.001874 seconds=0.48
epoch=59/80 loss=0.005694 seconds=0.47
epoch=60/80 loss=0.005593 seconds=0.45
epoch=61/80 loss=0.001082 seconds=0.45
epoch=62/80 loss=0.008187 seconds=0.45
epoch=63/80 loss=0.000927 seconds=0.47
epoch=64/80 loss=0.006650 seconds=0.50
epoch=65/80 loss=0.004136 seconds=0.45
epoch=66/80 loss=0.003458 seconds=0.44
epoch=67/80 loss=0.001761 seconds=0.44
epoch=68/80 loss=0.002065 seconds=0.44
epoch=69/80 loss=0.000165 seconds=0.42
epoch=70/80 loss=0.000198 seconds=0.42
epoch=71/80 loss=0.000096 seconds=0.44
epoch=72/80 loss=0.000174 seconds=0.42
epoch=73/80 loss=0.000197 seconds=0.55
epoch=74/80 loss=0.000231 seconds=0.50
epoch=75/80 loss=0.000070 seconds=0.50
epoch=76/80 loss=0.000098 seconds=0.47
epoch=77/80 loss=0.000047 seconds=0.48
epoch=78/80 loss=0.000110 seconds=0.47
epoch=79/80 loss=0.000036 seconds=0.47
epoch=80/80 loss=0.000035 seconds=0.48
fold=7/10 OOF_accuracy=0.866667 OOF_AUC=0.892045
Device=cuda; epochs=80; batch=32; model=MobileNetV2_1D
epoch=1/80 loss=0.148732 seconds=0.42
epoch=2/80 loss=0.014871 seconds=0.42
epoch=3/80 loss=0.019743 seconds=0.42
epoch=4/80 loss=0.011647 seconds=0.42
epoch=5/80 loss=0.006322 seconds=0.52
epoch=6/80 loss=0.015047 seconds=0.42
epoch=7/80 loss=0.008459 seconds=0.44
epoch=8/80 loss=0.017422 seconds=0.44
epoch=9/80 loss=0.002385 seconds=0.44
epoch=10/80 loss=0.001066 seconds=0.48
epoch=11/80 loss=0.001317 seconds=0.42
epoch=12/80 loss=0.001022 seconds=0.44
epoch=13/80 loss=0.000607 seconds=0.44
epoch=14/80 loss=0.001012 seconds=0.45
epoch=15/80 loss=0.012858 seconds=0.44
epoch=16/80 loss=0.009339 seconds=0.55
epoch=17/80 loss=0.009462 seconds=0.44
epoch=18/80 loss=0.007941 seconds=0.44
epoch=19/80 loss=0.000985 seconds=0.45
epoch=20/80 loss=0.000487 seconds=0.48
epoch=21/80 loss=0.000521 seconds=0.48
epoch=22/80 loss=0.000215 seconds=0.42
epoch=23/80 loss=0.000501 seconds=0.45
epoch=24/80 loss=0.000218 seconds=0.52
epoch=25/80 loss=0.000332 seconds=0.45
epoch=26/80 loss=0.000222 seconds=0.45
epoch=27/80 loss=0.000183 seconds=0.44
epoch=28/80 loss=0.000144 seconds=0.48
epoch=29/80 loss=0.000076 seconds=0.56
epoch=30/80 loss=0.000116 seconds=0.45
epoch=31/80 loss=0.000246 seconds=0.50
epoch=32/80 loss=0.000122 seconds=0.47
epoch=33/80 loss=0.000114 seconds=0.50
epoch=34/80 loss=0.000263 seconds=0.48
epoch=35/80 loss=0.007348 seconds=0.47
epoch=36/80 loss=0.010427 seconds=0.48
epoch=37/80 loss=0.010227 seconds=0.52
epoch=38/80 loss=0.007486 seconds=0.45
epoch=39/80 loss=0.005382 seconds=0.45
epoch=40/80 loss=0.002946 seconds=0.45
epoch=41/80 loss=0.000474 seconds=0.44
epoch=42/80 loss=0.000217 seconds=0.48
epoch=43/80 loss=0.000126 seconds=0.45
epoch=44/80 loss=0.000182 seconds=0.47
epoch=45/80 loss=0.000157 seconds=0.47
epoch=46/80 loss=0.000134 seconds=0.45
epoch=47/80 loss=0.000548 seconds=0.47
epoch=48/80 loss=0.000159 seconds=0.45
epoch=49/80 loss=0.000073 seconds=0.44
epoch=50/80 loss=0.000087 seconds=0.45
epoch=51/80 loss=0.000080 seconds=0.47
epoch=52/80 loss=0.003304 seconds=0.50
epoch=53/80 loss=0.024032 seconds=0.44
epoch=54/80 loss=0.003129 seconds=0.42
epoch=55/80 loss=0.002138 seconds=0.44
epoch=56/80 loss=0.000545 seconds=0.48
epoch=57/80 loss=0.006646 seconds=0.45
epoch=58/80 loss=0.022876 seconds=0.53
epoch=59/80 loss=0.002116 seconds=0.45
epoch=60/80 loss=0.000513 seconds=0.45
epoch=61/80 loss=0.001917 seconds=0.50
epoch=62/80 loss=0.001841 seconds=0.50
epoch=63/80 loss=0.000198 seconds=0.44
epoch=64/80 loss=0.004819 seconds=0.47
epoch=65/80 loss=0.001326 seconds=0.47
epoch=66/80 loss=0.000345 seconds=0.47
epoch=67/80 loss=0.000826 seconds=0.45
epoch=68/80 loss=0.003185 seconds=0.47
epoch=69/80 loss=0.000240 seconds=0.45
epoch=70/80 loss=0.000151 seconds=0.53
epoch=71/80 loss=0.000086 seconds=0.42
epoch=72/80 loss=0.000148 seconds=0.44
epoch=73/80 loss=0.005280 seconds=0.42
epoch=74/80 loss=0.000602 seconds=0.45
epoch=75/80 loss=0.000167 seconds=0.45
epoch=76/80 loss=0.000092 seconds=0.48
epoch=77/80 loss=0.000103 seconds=0.47
epoch=78/80 loss=0.000072 seconds=0.44
epoch=79/80 loss=0.000038 seconds=0.44
epoch=80/80 loss=0.000039 seconds=0.53
fold=8/10 OOF_accuracy=0.733333 OOF_AUC=0.750000
Device=cuda; epochs=80; batch=32; model=MobileNetV2_1D
epoch=1/80 loss=0.148572 seconds=0.47
epoch=2/80 loss=0.019819 seconds=0.52
epoch=3/80 loss=0.015791 seconds=0.52
epoch=4/80 loss=0.013772 seconds=0.55
epoch=5/80 loss=0.015779 seconds=0.47
epoch=6/80 loss=0.013949 seconds=0.48
epoch=7/80 loss=0.009573 seconds=0.53
epoch=8/80 loss=0.007884 seconds=0.47
epoch=9/80 loss=0.011796 seconds=0.50
epoch=10/80 loss=0.003176 seconds=0.47
epoch=11/80 loss=0.006949 seconds=0.52
epoch=12/80 loss=0.001902 seconds=0.45
epoch=13/80 loss=0.012161 seconds=0.56
epoch=14/80 loss=0.007695 seconds=0.61
epoch=15/80 loss=0.009879 seconds=0.47
epoch=16/80 loss=0.007940 seconds=0.45
epoch=17/80 loss=0.004252 seconds=0.44
epoch=18/80 loss=0.007351 seconds=0.45
epoch=19/80 loss=0.000811 seconds=0.45
epoch=20/80 loss=0.000532 seconds=0.58
epoch=21/80 loss=0.009354 seconds=0.44
epoch=22/80 loss=0.001830 seconds=0.45
epoch=23/80 loss=0.000592 seconds=0.44
epoch=24/80 loss=0.001400 seconds=0.45
epoch=25/80 loss=0.001294 seconds=0.56
epoch=26/80 loss=0.002723 seconds=0.44
epoch=27/80 loss=0.000360 seconds=0.44
epoch=28/80 loss=0.001175 seconds=0.55
epoch=29/80 loss=0.009228 seconds=0.52
epoch=30/80 loss=0.017191 seconds=0.42
epoch=31/80 loss=0.002590 seconds=0.44
epoch=32/80 loss=0.001367 seconds=0.42
epoch=33/80 loss=0.000378 seconds=0.67
epoch=34/80 loss=0.008915 seconds=0.84
epoch=35/80 loss=0.001452 seconds=0.84
epoch=36/80 loss=0.012505 seconds=0.88
epoch=37/80 loss=0.026077 seconds=0.58
epoch=38/80 loss=0.006171 seconds=0.69
epoch=39/80 loss=0.001797 seconds=0.84
epoch=40/80 loss=0.000693 seconds=0.55
epoch=41/80 loss=0.000519 seconds=0.52
epoch=42/80 loss=0.000281 seconds=0.48
epoch=43/80 loss=0.000311 seconds=0.56
epoch=44/80 loss=0.000304 seconds=0.50
epoch=45/80 loss=0.000488 seconds=0.52
epoch=46/80 loss=0.000162 seconds=0.50
epoch=47/80 loss=0.000296 seconds=0.53
epoch=48/80 loss=0.000098 seconds=0.59
epoch=49/80 loss=0.000225 seconds=0.45
epoch=50/80 loss=0.000109 seconds=0.48
epoch=51/80 loss=0.000183 seconds=0.55
epoch=52/80 loss=0.000296 seconds=0.45
epoch=53/80 loss=0.003528 seconds=0.45
epoch=54/80 loss=0.000420 seconds=0.50
epoch=55/80 loss=0.001294 seconds=0.48
epoch=56/80 loss=0.002204 seconds=0.53
epoch=57/80 loss=0.003601 seconds=0.50
epoch=58/80 loss=0.000272 seconds=0.45
epoch=59/80 loss=0.000170 seconds=0.45
epoch=60/80 loss=0.003885 seconds=0.53
epoch=61/80 loss=0.001195 seconds=0.47
epoch=62/80 loss=0.008788 seconds=0.47
epoch=63/80 loss=0.000228 seconds=0.48
epoch=64/80 loss=0.000347 seconds=0.50
epoch=65/80 loss=0.000108 seconds=0.55
epoch=66/80 loss=0.000092 seconds=0.50
epoch=67/80 loss=0.008330 seconds=0.45
epoch=68/80 loss=0.017742 seconds=0.44
epoch=69/80 loss=0.002552 seconds=0.56
epoch=70/80 loss=0.001380 seconds=0.45
epoch=71/80 loss=0.000556 seconds=0.48
epoch=72/80 loss=0.002117 seconds=0.48
epoch=73/80 loss=0.007220 seconds=0.52
epoch=74/80 loss=0.003914 seconds=0.48
epoch=75/80 loss=0.001602 seconds=0.47
epoch=76/80 loss=0.002018 seconds=0.45
epoch=77/80 loss=0.000613 seconds=0.47
epoch=78/80 loss=0.001002 seconds=0.56
epoch=79/80 loss=0.000185 seconds=0.47
epoch=80/80 loss=0.000306 seconds=0.47
fold=9/10 OOF_accuracy=0.700000 OOF_AUC=0.784091
Device=cuda; epochs=80; batch=32; model=MobileNetV2_1D
epoch=1/80 loss=0.145414 seconds=0.62
epoch=2/80 loss=0.028360 seconds=0.50
epoch=3/80 loss=0.018696 seconds=0.52
epoch=4/80 loss=0.009896 seconds=0.52
epoch=5/80 loss=0.013949 seconds=0.58
epoch=6/80 loss=0.009443 seconds=0.53
epoch=7/80 loss=0.002359 seconds=0.61
epoch=8/80 loss=0.006393 seconds=0.52
epoch=9/80 loss=0.002506 seconds=0.61
epoch=10/80 loss=0.001442 seconds=0.50
epoch=11/80 loss=0.001048 seconds=0.52
epoch=12/80 loss=0.000679 seconds=0.53
epoch=13/80 loss=0.006699 seconds=0.53
epoch=14/80 loss=0.021676 seconds=0.50
epoch=15/80 loss=0.014078 seconds=0.50
epoch=16/80 loss=0.003958 seconds=0.50
epoch=17/80 loss=0.003534 seconds=0.55
epoch=18/80 loss=0.001302 seconds=0.50
epoch=19/80 loss=0.000774 seconds=0.47
epoch=20/80 loss=0.005913 seconds=0.48
epoch=21/80 loss=0.000430 seconds=0.56
epoch=22/80 loss=0.001061 seconds=0.45
epoch=23/80 loss=0.000818 seconds=0.47
epoch=24/80 loss=0.000846 seconds=0.47
epoch=25/80 loss=0.000472 seconds=0.53
epoch=26/80 loss=0.001246 seconds=0.55
epoch=27/80 loss=0.000531 seconds=0.52
epoch=28/80 loss=0.000244 seconds=0.48
epoch=29/80 loss=0.000304 seconds=0.53
epoch=30/80 loss=0.026964 seconds=0.55
epoch=31/80 loss=0.011786 seconds=0.50
epoch=32/80 loss=0.008451 seconds=0.50
epoch=33/80 loss=0.002726 seconds=0.50
epoch=34/80 loss=0.000324 seconds=0.58
epoch=35/80 loss=0.002545 seconds=0.52
epoch=36/80 loss=0.002881 seconds=0.47
epoch=37/80 loss=0.000302 seconds=0.47
epoch=38/80 loss=0.000321 seconds=0.58
epoch=39/80 loss=0.000232 seconds=0.50
epoch=40/80 loss=0.000267 seconds=0.73
epoch=41/80 loss=0.000198 seconds=0.52
epoch=42/80 loss=0.000203 seconds=0.55
epoch=43/80 loss=0.000285 seconds=0.47
epoch=44/80 loss=0.000133 seconds=0.45
epoch=45/80 loss=0.000588 seconds=0.48
epoch=46/80 loss=0.003375 seconds=0.55
epoch=47/80 loss=0.000818 seconds=0.66
epoch=48/80 loss=0.000162 seconds=0.55
epoch=49/80 loss=0.000165 seconds=0.53
epoch=50/80 loss=0.000113 seconds=0.55
epoch=51/80 loss=0.000157 seconds=0.53
epoch=52/80 loss=0.000158 seconds=0.45
epoch=53/80 loss=0.000269 seconds=0.48
epoch=54/80 loss=0.001203 seconds=0.50
epoch=55/80 loss=0.000123 seconds=0.47
epoch=56/80 loss=0.000061 seconds=0.45
epoch=57/80 loss=0.000053 seconds=0.47
epoch=58/80 loss=0.027601 seconds=0.45
epoch=59/80 loss=0.013542 seconds=0.50
epoch=60/80 loss=0.000966 seconds=0.44
epoch=61/80 loss=0.002106 seconds=0.48
epoch=62/80 loss=0.005261 seconds=0.44
epoch=63/80 loss=0.007181 seconds=0.47
epoch=64/80 loss=0.006226 seconds=0.53
epoch=65/80 loss=0.001459 seconds=0.45
epoch=66/80 loss=0.000425 seconds=0.48
epoch=67/80 loss=0.002432 seconds=0.53
epoch=68/80 loss=0.000700 seconds=0.52
epoch=69/80 loss=0.000354 seconds=0.44
epoch=70/80 loss=0.005333 seconds=0.55
epoch=71/80 loss=0.000261 seconds=0.44
epoch=72/80 loss=0.000223 seconds=0.45
epoch=73/80 loss=0.000264 seconds=0.47
epoch=74/80 loss=0.000117 seconds=0.45
epoch=75/80 loss=0.000117 seconds=0.47
epoch=76/80 loss=0.000086 seconds=0.44
epoch=77/80 loss=0.000078 seconds=0.56
epoch=78/80 loss=0.000068 seconds=0.44
epoch=79/80 loss=0.000135 seconds=0.42
epoch=80/80 loss=0.000049 seconds=0.45
fold=10/10 OOF_accuracy=0.700000 OOF_AUC=0.767196
Device=cuda; epochs=80; batch=32; model=MobileNetV2_1D
epoch=1/80 loss=0.137153 seconds=0.58
epoch=2/80 loss=0.019050 seconds=0.62
epoch=3/80 loss=0.019236 seconds=0.55
epoch=4/80 loss=0.023991 seconds=0.59
epoch=5/80 loss=0.008813 seconds=0.50
epoch=6/80 loss=0.012331 seconds=0.50
epoch=7/80 loss=0.011721 seconds=0.53
epoch=8/80 loss=0.015831 seconds=0.58
epoch=9/80 loss=0.006261 seconds=0.52
epoch=10/80 loss=0.012068 seconds=0.53
epoch=11/80 loss=0.007038 seconds=0.53
epoch=12/80 loss=0.007704 seconds=0.59
epoch=13/80 loss=0.006694 seconds=0.53
epoch=14/80 loss=0.007879 seconds=0.53
epoch=15/80 loss=0.008979 seconds=0.55
epoch=16/80 loss=0.047372 seconds=0.64
epoch=17/80 loss=0.003923 seconds=0.50
epoch=18/80 loss=0.009340 seconds=0.52
epoch=19/80 loss=0.004160 seconds=0.50
epoch=20/80 loss=0.014419 seconds=0.59
epoch=21/80 loss=0.005497 seconds=0.50
epoch=22/80 loss=0.012493 seconds=0.52
epoch=23/80 loss=0.002782 seconds=0.53
epoch=24/80 loss=0.011676 seconds=0.56
epoch=25/80 loss=0.014072 seconds=0.47
epoch=26/80 loss=0.004031 seconds=0.52
epoch=27/80 loss=0.001888 seconds=0.50
epoch=28/80 loss=0.000735 seconds=0.55
epoch=29/80 loss=0.002610 seconds=0.56
epoch=30/80 loss=0.002272 seconds=0.50
epoch=31/80 loss=0.005154 seconds=0.48
epoch=32/80 loss=0.000988 seconds=0.56
epoch=33/80 loss=0.000736 seconds=0.50
epoch=34/80 loss=0.000626 seconds=0.50
epoch=35/80 loss=0.003427 seconds=0.52
epoch=36/80 loss=0.004349 seconds=0.52
epoch=37/80 loss=0.002405 seconds=0.55
epoch=38/80 loss=0.011749 seconds=0.52
epoch=39/80 loss=0.002196 seconds=0.52
epoch=40/80 loss=0.002155 seconds=0.52
epoch=41/80 loss=0.001396 seconds=0.55
epoch=42/80 loss=0.015251 seconds=0.53
epoch=43/80 loss=0.000801 seconds=0.52
epoch=44/80 loss=0.000787 seconds=0.52
epoch=45/80 loss=0.000419 seconds=0.59
epoch=46/80 loss=0.008234 seconds=0.52
epoch=47/80 loss=0.002113 seconds=0.50
epoch=48/80 loss=0.018129 seconds=0.48
epoch=49/80 loss=0.009433 seconds=0.55
epoch=50/80 loss=0.007373 seconds=0.50
epoch=51/80 loss=0.004385 seconds=0.50
epoch=52/80 loss=0.000690 seconds=0.48
epoch=53/80 loss=0.001820 seconds=0.53
epoch=54/80 loss=0.006292 seconds=0.55
epoch=55/80 loss=0.002168 seconds=0.48
epoch=56/80 loss=0.003070 seconds=0.48
epoch=57/80 loss=0.000558 seconds=0.53
epoch=58/80 loss=0.007357 seconds=0.52
epoch=59/80 loss=0.000913 seconds=0.48
epoch=60/80 loss=0.001465 seconds=0.53
epoch=61/80 loss=0.000350 seconds=0.52
epoch=62/80 loss=0.007186 seconds=0.62
epoch=63/80 loss=0.004945 seconds=0.52
epoch=64/80 loss=0.006067 seconds=0.48
epoch=65/80 loss=0.002983 seconds=0.55
epoch=66/80 loss=0.007591 seconds=0.55
epoch=67/80 loss=0.005473 seconds=0.47
epoch=68/80 loss=0.000959 seconds=0.50
epoch=69/80 loss=0.001522 seconds=0.61
epoch=70/80 loss=0.003138 seconds=0.64
epoch=71/80 loss=0.004378 seconds=0.48
epoch=72/80 loss=0.001704 seconds=0.45
epoch=73/80 loss=0.000178 seconds=0.48
epoch=74/80 loss=0.000210 seconds=0.56
epoch=75/80 loss=0.000305 seconds=0.52
epoch=76/80 loss=0.000572 seconds=0.50
epoch=77/80 loss=0.000995 seconds=0.50
epoch=78/80 loss=0.002145 seconds=0.59
epoch=79/80 loss=0.003881 seconds=0.55
epoch=80/80 loss=0.000664 seconds=0.52
{"cv_oof": {"accuracy": 0.79, "balanced_accuracy": 0.7200236766446813, "sensitivity": 0.5679012345679012, "specificity": 0.8721461187214612, "f1_macro": 0.7259876766944545, "roc_auc": 0.8099949264332826, "confusion_matrix": [[191, 28], [35, 46]], "classification_report": {"0": {"precision": 0.8451327433628318, "recall": 0.8721461187214612, "f1-score": 0.8584269662921349, "support": 219.0}, "1": {"precision": 0.6216216216216216, "recall": 0.5679012345679012, "f1-score": 0.5935483870967742, "support": 81.0}, "accuracy": 0.79, "macro avg": {"precision": 0.7333771824922267, "recall": 0.7200236766446813, "f1-score": 0.7259876766944545, "support": 300.0}, "weighted avg": {"precision": 0.7847847404927051, "recall": 0.79, "f1-score": 0.7869097499093874, "support": 300.0}}}, "test": {"accuracy": 0.8311688311688312, "balanced_accuracy": 0.75, "sensitivity": 0.5714285714285714, "specificity": 0.9285714285714286, "f1_macro": 0.7687687687687688, "roc_auc": 0.8103741496598639, "confusion_matrix": [[52, 4], [9, 12]], "classification_report": {"0": {"precision": 0.8524590163934426, "recall": 0.9285714285714286, "f1-score": 0.8888888888888888, "support": 56.0}, "1": {"precision": 0.75, "recall": 0.5714285714285714, "f1-score": 0.6486486486486487, "support": 21.0}, "accuracy": 0.8311688311688312, "macro avg": {"precision": 0.8012295081967213, "recall": 0.75, "f1-score": 0.7687687687687688, "support": 77.0}, "weighted avg": {"precision": 0.82451564828614, "recall": 0.8311688311688312, "f1-score": 0.8233688233688233, "support": 77.0}}}, "folds": 10, "original_train_rows": 300, "train_rows": 2182, "test_rows": 77, "elapsed_seconds": 440.26500000001397}
