Command: ["C:\\Users\\IHCK\\AppData\\Local\\Programs\\Python\\Python312\\python.exe", "-u", "C:\\Users\\IHCK\\Desktop\\1_10_69Final\\Hippocampal-Shape-Analysis-for-Epilepsy-Detection\\Model\\train_dataset_model.py", "--dataset", "augment_plsda_balanced", "--side", "left", "--model", "MLP", "--kind", "coef", "--train-csv", "C:\\Users\\IHCK\\Desktop\\1_10_69Final\\Hippocampal-Shape-Analysis-for-Epilepsy-Detection\\Output_Dataset\\augment_plsda_balanced\\left\\train_prepared.csv", "--test-csv", "C:\\Users\\IHCK\\Desktop\\1_10_69Final\\Hippocampal-Shape-Analysis-for-Epilepsy-Detection\\Output_Dataset\\augment_plsda_balanced\\left\\test_prepared.csv", "--output-dir", "C:\\Users\\IHCK\\Desktop\\1_10_69Final\\Hippocampal-Shape-Analysis-for-Epilepsy-Detection\\Model_Results\\dataset_runs_20261003_10fold\\augment_plsda_balanced\\left\\MLP", "--epochs", "80", "--folds", "10", "--pls-components", "8", "--seed", "42", "--threads", "2"]
10-fold CV: dataset=augment_plsda_balanced side=left model=MLP; original_train=300 test=73
Iteration 1, loss = 0.44582294
Iteration 2, loss = 0.15499698
Iteration 3, loss = 0.06643272
Iteration 4, loss = 0.03395084
Iteration 5, loss = 0.02291359
Iteration 6, loss = 0.01829470
Iteration 7, loss = 0.01544175
Iteration 8, loss = 0.01380022
Iteration 9, loss = 0.01253707
Iteration 10, loss = 0.01155438
Iteration 11, loss = 0.01067854
Iteration 12, loss = 0.00984383
Iteration 13, loss = 0.00940732
Iteration 14, loss = 0.00873897
Iteration 15, loss = 0.00849379
Iteration 16, loss = 0.00774944
Iteration 17, loss = 0.00749607
Iteration 18, loss = 0.00718688
Iteration 19, loss = 0.00673116
Iteration 20, loss = 0.00647096
Iteration 21, loss = 0.00627688
Iteration 22, loss = 0.00599436
Iteration 23, loss = 0.00584125
Iteration 24, loss = 0.00548516
Iteration 25, loss = 0.00516992
Iteration 26, loss = 0.00514169
Iteration 27, loss = 0.00483152
Iteration 28, loss = 0.00474687
Iteration 29, loss = 0.00466283
Iteration 30, loss = 0.00444511
Iteration 31, loss = 0.00417276
Iteration 32, loss = 0.00393818
Iteration 33, loss = 0.00388332
Iteration 34, loss = 0.00369017
Iteration 35, loss = 0.00353778
Iteration 36, loss = 0.00353326
Iteration 37, loss = 0.00329138
Iteration 38, loss = 0.00313180
Iteration 39, loss = 0.00306756
Iteration 40, loss = 0.00305692
Iteration 41, loss = 0.00300101
Iteration 42, loss = 0.00275870
Iteration 43, loss = 0.00252963
Iteration 44, loss = 0.00247335
Iteration 45, loss = 0.00246984
Iteration 46, loss = 0.00229652
Iteration 47, loss = 0.00218344
Iteration 48, loss = 0.00212386
Iteration 49, loss = 0.00203755
Iteration 50, loss = 0.00197837
Iteration 51, loss = 0.00184795
Iteration 52, loss = 0.00197736
Iteration 53, loss = 0.00183127
Iteration 54, loss = 0.00181554
Iteration 55, loss = 0.00168213
Iteration 56, loss = 0.00175663
Iteration 57, loss = 0.00156601
Iteration 58, loss = 0.00155824
Iteration 59, loss = 0.00152767
Iteration 60, loss = 0.00148251
Iteration 61, loss = 0.00139525
Iteration 62, loss = 0.00136533
Iteration 63, loss = 0.00133166
Iteration 64, loss = 0.00131198
Iteration 65, loss = 0.00124950
Iteration 66, loss = 0.00120365
Iteration 67, loss = 0.00121171
Iteration 68, loss = 0.00121650
Training loss did not improve more than tol=0.000100 for 10 consecutive epochs. Stopping.
fold=1/10 OOF_accuracy=0.766667 OOF_AUC=0.765000
Iteration 1, loss = 0.45982557
Iteration 2, loss = 0.13475919
Iteration 3, loss = 0.04942462
Iteration 4, loss = 0.02623125
Iteration 5, loss = 0.01807654
Iteration 6, loss = 0.01452699
Iteration 7, loss = 0.01243593
Iteration 8, loss = 0.01112613
Iteration 9, loss = 0.01003451
Iteration 10, loss = 0.00923348
Iteration 11, loss = 0.00856695
Iteration 12, loss = 0.00800313
Iteration 13, loss = 0.00749204
Iteration 14, loss = 0.00698253
Iteration 15, loss = 0.00640596
Iteration 16, loss = 0.00605512
Iteration 17, loss = 0.00561719
Iteration 18, loss = 0.00518696
Iteration 19, loss = 0.00483662
Iteration 20, loss = 0.00469628
Iteration 21, loss = 0.00432448
Iteration 22, loss = 0.00405091
Iteration 23, loss = 0.00380991
Iteration 24, loss = 0.00365871
Iteration 25, loss = 0.00342031
Iteration 26, loss = 0.00328385
Iteration 27, loss = 0.00308320
Iteration 28, loss = 0.00293971
Iteration 29, loss = 0.00282907
Iteration 30, loss = 0.00266848
Iteration 31, loss = 0.00261365
Iteration 32, loss = 0.00255832
Iteration 33, loss = 0.00232993
Iteration 34, loss = 0.00222655
Iteration 35, loss = 0.00213895
Iteration 36, loss = 0.00204496
Iteration 37, loss = 0.00194815
Iteration 38, loss = 0.00188118
Iteration 39, loss = 0.00178371
Iteration 40, loss = 0.00172065
Iteration 41, loss = 0.00165842
Iteration 42, loss = 0.00159758
Iteration 43, loss = 0.00153068
Iteration 44, loss = 0.00148441
Iteration 45, loss = 0.00143561
Training loss did not improve more than tol=0.000100 for 10 consecutive epochs. Stopping.
fold=2/10 OOF_accuracy=0.533333 OOF_AUC=0.610000
Iteration 1, loss = 0.46809737
Iteration 2, loss = 0.15055059
Iteration 3, loss = 0.05613752
Iteration 4, loss = 0.02741157
Iteration 5, loss = 0.01831353
Iteration 6, loss = 0.01418958
Iteration 7, loss = 0.01229190
Iteration 8, loss = 0.01067067
Iteration 9, loss = 0.00970695
Iteration 10, loss = 0.00872752
Iteration 11, loss = 0.00803250
Iteration 12, loss = 0.00743631
Iteration 13, loss = 0.00678854
Iteration 14, loss = 0.00648240
Iteration 15, loss = 0.00597092
Iteration 16, loss = 0.00550198
Iteration 17, loss = 0.00535212
Iteration 18, loss = 0.00494403
Iteration 19, loss = 0.00454082
Iteration 20, loss = 0.00443800
Iteration 21, loss = 0.00405969
Iteration 22, loss = 0.00375192
Iteration 23, loss = 0.00347415
Iteration 24, loss = 0.00326393
Iteration 25, loss = 0.00309760
Iteration 26, loss = 0.00293438
Iteration 27, loss = 0.00284997
Iteration 28, loss = 0.00265780
Iteration 29, loss = 0.00254752
Iteration 30, loss = 0.00250346
Iteration 31, loss = 0.00229642
Iteration 32, loss = 0.00222556
Iteration 33, loss = 0.00213365
Iteration 34, loss = 0.00204482
Iteration 35, loss = 0.00197260
Iteration 36, loss = 0.00197204
Iteration 37, loss = 0.00185874
Iteration 38, loss = 0.00175234
Iteration 39, loss = 0.00170945
Iteration 40, loss = 0.00160430
Iteration 41, loss = 0.00157941
Iteration 42, loss = 0.00156481
Iteration 43, loss = 0.00145426
Iteration 44, loss = 0.00138654
Iteration 45, loss = 0.00137008
Iteration 46, loss = 0.00131370
Iteration 47, loss = 0.00127359
Iteration 48, loss = 0.00124684
Iteration 49, loss = 0.00120538
Iteration 50, loss = 0.00116521
Iteration 51, loss = 0.00112483
Iteration 52, loss = 0.00108908
Iteration 53, loss = 0.00105895
Iteration 54, loss = 0.00107530
Training loss did not improve more than tol=0.000100 for 10 consecutive epochs. Stopping.
fold=3/10 OOF_accuracy=0.666667 OOF_AUC=0.669856
Iteration 1, loss = 0.47321202
Iteration 2, loss = 0.14582374
Iteration 3, loss = 0.05346316
Iteration 4, loss = 0.02759243
Iteration 5, loss = 0.01831429
Iteration 6, loss = 0.01416629
Iteration 7, loss = 0.01162306
Iteration 8, loss = 0.01023218
Iteration 9, loss = 0.00913683
Iteration 10, loss = 0.00821420
Iteration 11, loss = 0.00770239
Iteration 12, loss = 0.00703912
Iteration 13, loss = 0.00690182
Iteration 14, loss = 0.00619191
Iteration 15, loss = 0.00581970
Iteration 16, loss = 0.00555628
Iteration 17, loss = 0.00520697
Iteration 18, loss = 0.00494618
Iteration 19, loss = 0.00474452
Iteration 20, loss = 0.00455625
Iteration 21, loss = 0.00429744
Iteration 22, loss = 0.00407538
Iteration 23, loss = 0.00388431
Iteration 24, loss = 0.00377275
Iteration 25, loss = 0.00371417
Iteration 26, loss = 0.00347817
Iteration 27, loss = 0.00331909
Iteration 28, loss = 0.00321414
Iteration 29, loss = 0.00310822
Iteration 30, loss = 0.00298444
Iteration 31, loss = 0.00291249
Iteration 32, loss = 0.00297661
Iteration 33, loss = 0.00260770
Iteration 34, loss = 0.00254435
Iteration 35, loss = 0.00250897
Iteration 36, loss = 0.00240555
Iteration 37, loss = 0.00242762
Iteration 38, loss = 0.00230806
Iteration 39, loss = 0.00221481
Iteration 40, loss = 0.00211168
Iteration 41, loss = 0.00199309
Iteration 42, loss = 0.00201267
Iteration 43, loss = 0.00210180
Iteration 44, loss = 0.00195585
Iteration 45, loss = 0.00179071
Iteration 46, loss = 0.00178344
Iteration 47, loss = 0.00172727
Iteration 48, loss = 0.00165050
Iteration 49, loss = 0.00161176
Iteration 50, loss = 0.00149453
Iteration 51, loss = 0.00148029
Iteration 52, loss = 0.00148208
Iteration 53, loss = 0.00145144
Iteration 54, loss = 0.00137870
Iteration 55, loss = 0.00136859
Iteration 56, loss = 0.00135852
Iteration 57, loss = 0.00127541
Iteration 58, loss = 0.00126290
Iteration 59, loss = 0.00121831
Iteration 60, loss = 0.00120245
Iteration 61, loss = 0.00115737
Training loss did not improve more than tol=0.000100 for 10 consecutive epochs. Stopping.
fold=4/10 OOF_accuracy=0.666667 OOF_AUC=0.693780
Iteration 1, loss = 0.44857643
Iteration 2, loss = 0.12834677
Iteration 3, loss = 0.05099172
Iteration 4, loss = 0.02887397
Iteration 5, loss = 0.02088482
Iteration 6, loss = 0.01726980
Iteration 7, loss = 0.01527853
Iteration 8, loss = 0.01404262
Iteration 9, loss = 0.01311017
Iteration 10, loss = 0.01221450
Iteration 11, loss = 0.01173427
Iteration 12, loss = 0.01127645
Iteration 13, loss = 0.01074243
Iteration 14, loss = 0.01002500
Iteration 15, loss = 0.00955988
Iteration 16, loss = 0.00933524
Iteration 17, loss = 0.00881013
Iteration 18, loss = 0.00845922
Iteration 19, loss = 0.00817995
Iteration 20, loss = 0.00801448
Iteration 21, loss = 0.00763581
Iteration 22, loss = 0.00721738
Iteration 23, loss = 0.00715669
Iteration 24, loss = 0.00682088
Iteration 25, loss = 0.00654777
Iteration 26, loss = 0.00631250
Iteration 27, loss = 0.00603799
Iteration 28, loss = 0.00585972
Iteration 29, loss = 0.00557605
Iteration 30, loss = 0.00537300
Iteration 31, loss = 0.00513763
Iteration 32, loss = 0.00493878
Iteration 33, loss = 0.00477912
Iteration 34, loss = 0.00460588
Iteration 35, loss = 0.00445527
Iteration 36, loss = 0.00439875
Iteration 37, loss = 0.00406449
Iteration 38, loss = 0.00432502
Iteration 39, loss = 0.00373045
Iteration 40, loss = 0.00380056
Iteration 41, loss = 0.00355037
Iteration 42, loss = 0.00339347
Iteration 43, loss = 0.00332219
Iteration 44, loss = 0.00314249
Iteration 45, loss = 0.00306129
Iteration 46, loss = 0.00296766
Iteration 47, loss = 0.00291055
Iteration 48, loss = 0.00272713
Iteration 49, loss = 0.00266728
Iteration 50, loss = 0.00246775
Iteration 51, loss = 0.00245413
Iteration 52, loss = 0.00228791
Iteration 53, loss = 0.00222682
Iteration 54, loss = 0.00214711
Iteration 55, loss = 0.00211210
Iteration 56, loss = 0.00204075
Iteration 57, loss = 0.00194444
Iteration 58, loss = 0.00190063
Iteration 59, loss = 0.00186001
Iteration 60, loss = 0.00175673
Iteration 61, loss = 0.00185317
Iteration 62, loss = 0.00168703
Iteration 63, loss = 0.00164325
Iteration 64, loss = 0.00159947
Iteration 65, loss = 0.00152666
Iteration 66, loss = 0.00146544
Iteration 67, loss = 0.00141511
Iteration 68, loss = 0.00139896
Iteration 69, loss = 0.00137775
Iteration 70, loss = 0.00136594
Iteration 71, loss = 0.00128701
Training loss did not improve more than tol=0.000100 for 10 consecutive epochs. Stopping.
fold=5/10 OOF_accuracy=0.766667 OOF_AUC=0.784689
Iteration 1, loss = 0.44801904
Iteration 2, loss = 0.13925211
Iteration 3, loss = 0.05388010
Iteration 4, loss = 0.02748038
Iteration 5, loss = 0.01777155
Iteration 6, loss = 0.01334812
Iteration 7, loss = 0.01076730
Iteration 8, loss = 0.00936358
Iteration 9, loss = 0.00807365
Iteration 10, loss = 0.00716098
Iteration 11, loss = 0.00649914
Iteration 12, loss = 0.00588783
Iteration 13, loss = 0.00544584
Iteration 14, loss = 0.00508545
Iteration 15, loss = 0.00463576
Iteration 16, loss = 0.00440867
Iteration 17, loss = 0.00406468
Iteration 18, loss = 0.00396348
Iteration 19, loss = 0.00369590
Iteration 20, loss = 0.00338312
Iteration 21, loss = 0.00320363
Iteration 22, loss = 0.00297043
Iteration 23, loss = 0.00287930
Iteration 24, loss = 0.00269412
Iteration 25, loss = 0.00257502
Iteration 26, loss = 0.00244751
Iteration 27, loss = 0.00236576
Iteration 28, loss = 0.00233785
Iteration 29, loss = 0.00218492
Iteration 30, loss = 0.00206293
Iteration 31, loss = 0.00202500
Iteration 32, loss = 0.00201915
Iteration 33, loss = 0.00186827
Iteration 34, loss = 0.00176085
Iteration 35, loss = 0.00168681
Iteration 36, loss = 0.00162498
Iteration 37, loss = 0.00157207
Iteration 38, loss = 0.00156006
Iteration 39, loss = 0.00151162
Iteration 40, loss = 0.00142644
Iteration 41, loss = 0.00137072
Iteration 42, loss = 0.00135459
Iteration 43, loss = 0.00131547
Iteration 44, loss = 0.00125696
Iteration 45, loss = 0.00125680
Training loss did not improve more than tol=0.000100 for 10 consecutive epochs. Stopping.
fold=6/10 OOF_accuracy=0.733333 OOF_AUC=0.837321
Iteration 1, loss = 0.45347902
Iteration 2, loss = 0.13808959
Iteration 3, loss = 0.05112411
Iteration 4, loss = 0.02643411
Iteration 5, loss = 0.01741680
Iteration 6, loss = 0.01360919
Iteration 7, loss = 0.01122338
Iteration 8, loss = 0.00984618
Iteration 9, loss = 0.00866698
Iteration 10, loss = 0.00790957
Iteration 11, loss = 0.00727672
Iteration 12, loss = 0.00652200
Iteration 13, loss = 0.00610907
Iteration 14, loss = 0.00565968
Iteration 15, loss = 0.00548885
Iteration 16, loss = 0.00493015
Iteration 17, loss = 0.00477368
Iteration 18, loss = 0.00442761
Iteration 19, loss = 0.00426695
Iteration 20, loss = 0.00424611
Iteration 21, loss = 0.00376947
Iteration 22, loss = 0.00373923
Iteration 23, loss = 0.00349374
Iteration 24, loss = 0.00340649
Iteration 25, loss = 0.00321877
Iteration 26, loss = 0.00308619
Iteration 27, loss = 0.00306402
Iteration 28, loss = 0.00283380
Iteration 29, loss = 0.00288763
Iteration 30, loss = 0.00268288
Iteration 31, loss = 0.00257106
Iteration 32, loss = 0.00247304
Iteration 33, loss = 0.00242217
Iteration 34, loss = 0.00234126
Iteration 35, loss = 0.00224372
Iteration 36, loss = 0.00213961
Iteration 37, loss = 0.00211990
Iteration 38, loss = 0.00205670
Iteration 39, loss = 0.00197566
Iteration 40, loss = 0.00194054
Iteration 41, loss = 0.00184684
Iteration 42, loss = 0.00178363
Iteration 43, loss = 0.00180703
Iteration 44, loss = 0.00188307
Iteration 45, loss = 0.00193937
Iteration 46, loss = 0.00174900
Iteration 47, loss = 0.00154140
Iteration 48, loss = 0.00156661
Iteration 49, loss = 0.00150560
Iteration 50, loss = 0.00140926
Iteration 51, loss = 0.00153687
Iteration 52, loss = 0.00139830
Iteration 53, loss = 0.00133616
Iteration 54, loss = 0.00135495
Iteration 55, loss = 0.00130262
Iteration 56, loss = 0.00134252
Iteration 57, loss = 0.00126524
Iteration 58, loss = 0.00121827
Training loss did not improve more than tol=0.000100 for 10 consecutive epochs. Stopping.
fold=7/10 OOF_accuracy=0.800000 OOF_AUC=0.794258
Iteration 1, loss = 0.44150618
Iteration 2, loss = 0.13747666
Iteration 3, loss = 0.05373332
Iteration 4, loss = 0.02603065
Iteration 5, loss = 0.01653690
Iteration 6, loss = 0.01238052
Iteration 7, loss = 0.00994568
Iteration 8, loss = 0.00847652
Iteration 9, loss = 0.00732790
Iteration 10, loss = 0.00662102
Iteration 11, loss = 0.00590396
Iteration 12, loss = 0.00530741
Iteration 13, loss = 0.00480290
Iteration 14, loss = 0.00448441
Iteration 15, loss = 0.00406377
Iteration 16, loss = 0.00374644
Iteration 17, loss = 0.00348732
Iteration 18, loss = 0.00320953
Iteration 19, loss = 0.00303652
Iteration 20, loss = 0.00289311
Iteration 21, loss = 0.00265014
Iteration 22, loss = 0.00247102
Iteration 23, loss = 0.00232885
Iteration 24, loss = 0.00223245
Iteration 25, loss = 0.00213299
Iteration 26, loss = 0.00198448
Iteration 27, loss = 0.00198224
Iteration 28, loss = 0.00189533
Iteration 29, loss = 0.00171428
Iteration 30, loss = 0.00166149
Iteration 31, loss = 0.00162894
Iteration 32, loss = 0.00151080
Iteration 33, loss = 0.00146562
Iteration 34, loss = 0.00140066
Iteration 35, loss = 0.00136002
Iteration 36, loss = 0.00131970
Iteration 37, loss = 0.00127079
Iteration 38, loss = 0.00123960
Iteration 39, loss = 0.00118801
Iteration 40, loss = 0.00117160
Iteration 41, loss = 0.00111216
Iteration 42, loss = 0.00107205
Iteration 43, loss = 0.00104324
Training loss did not improve more than tol=0.000100 for 10 consecutive epochs. Stopping.
fold=8/10 OOF_accuracy=0.666667 OOF_AUC=0.679426
Iteration 1, loss = 0.45642801
Iteration 2, loss = 0.16770591
Iteration 3, loss = 0.07276721
Iteration 4, loss = 0.03704481
Iteration 5, loss = 0.02324485
Iteration 6, loss = 0.01724298
Iteration 7, loss = 0.01404427
Iteration 8, loss = 0.01210870
Iteration 9, loss = 0.01086830
Iteration 10, loss = 0.01018278
Iteration 11, loss = 0.00942699
Iteration 12, loss = 0.00866512
Iteration 13, loss = 0.00809134
Iteration 14, loss = 0.00761784
Iteration 15, loss = 0.00720377
Iteration 16, loss = 0.00687382
Iteration 17, loss = 0.00645582
Iteration 18, loss = 0.00611730
Iteration 19, loss = 0.00593649
Iteration 20, loss = 0.00554340
Iteration 21, loss = 0.00525711
Iteration 22, loss = 0.00503520
Iteration 23, loss = 0.00475397
Iteration 24, loss = 0.00461437
Iteration 25, loss = 0.00435565
Iteration 26, loss = 0.00416169
Iteration 27, loss = 0.00398386
Iteration 28, loss = 0.00382029
Iteration 29, loss = 0.00358328
Iteration 30, loss = 0.00350372
Iteration 31, loss = 0.00330197
Iteration 32, loss = 0.00322524
Iteration 33, loss = 0.00301147
Iteration 34, loss = 0.00287052
Iteration 35, loss = 0.00275549
Iteration 36, loss = 0.00268728
Iteration 37, loss = 0.00259036
Iteration 38, loss = 0.00245911
Iteration 39, loss = 0.00234975
Iteration 40, loss = 0.00230387
Iteration 41, loss = 0.00213528
Iteration 42, loss = 0.00210819
Iteration 43, loss = 0.00207170
Iteration 44, loss = 0.00202433
Iteration 45, loss = 0.00184747
Iteration 46, loss = 0.00184012
Iteration 47, loss = 0.00173842
Iteration 48, loss = 0.00167458
Iteration 49, loss = 0.00163221
Iteration 50, loss = 0.00152549
Iteration 51, loss = 0.00149560
Iteration 52, loss = 0.00146760
Iteration 53, loss = 0.00142615
Iteration 54, loss = 0.00137348
Iteration 55, loss = 0.00132683
Iteration 56, loss = 0.00131544
Iteration 57, loss = 0.00126648
Iteration 58, loss = 0.00123561
Iteration 59, loss = 0.00120298
Iteration 60, loss = 0.00116030
Iteration 61, loss = 0.00113565
Training loss did not improve more than tol=0.000100 for 10 consecutive epochs. Stopping.
fold=9/10 OOF_accuracy=0.766667 OOF_AUC=0.722488
Iteration 1, loss = 0.46561878
Iteration 2, loss = 0.14506767
Iteration 3, loss = 0.05269987
Iteration 4, loss = 0.02559759
Iteration 5, loss = 0.01710636
Iteration 6, loss = 0.01358356
Iteration 7, loss = 0.01176155
Iteration 8, loss = 0.01065240
Iteration 9, loss = 0.00991267
Iteration 10, loss = 0.00901688
Iteration 11, loss = 0.00859840
Iteration 12, loss = 0.00807868
Iteration 13, loss = 0.00746816
Iteration 14, loss = 0.00715516
Iteration 15, loss = 0.00674489
Iteration 16, loss = 0.00636485
Iteration 17, loss = 0.00612206
Iteration 18, loss = 0.00572767
Iteration 19, loss = 0.00541987
Iteration 20, loss = 0.00513568
Iteration 21, loss = 0.00489481
Iteration 22, loss = 0.00460886
Iteration 23, loss = 0.00441033
Iteration 24, loss = 0.00421607
Iteration 25, loss = 0.00399129
Iteration 26, loss = 0.00379969
Iteration 27, loss = 0.00358858
Iteration 28, loss = 0.00346423
Iteration 29, loss = 0.00329600
Iteration 30, loss = 0.00315498
Iteration 31, loss = 0.00294233
Iteration 32, loss = 0.00282227
Iteration 33, loss = 0.00276238
Iteration 34, loss = 0.00261160
Iteration 35, loss = 0.00251416
Iteration 36, loss = 0.00231435
Iteration 37, loss = 0.00224230
Iteration 38, loss = 0.00214723
Iteration 39, loss = 0.00210893
Iteration 40, loss = 0.00206706
Iteration 41, loss = 0.00191751
Iteration 42, loss = 0.00179050
Iteration 43, loss = 0.00178648
Iteration 44, loss = 0.00169562
Iteration 45, loss = 0.00161655
Iteration 46, loss = 0.00155963
Iteration 47, loss = 0.00149828
Iteration 48, loss = 0.00143332
Iteration 49, loss = 0.00139503
Iteration 50, loss = 0.00135384
Iteration 51, loss = 0.00133814
Iteration 52, loss = 0.00126379
Iteration 53, loss = 0.00123062
Training loss did not improve more than tol=0.000100 for 10 consecutive epochs. Stopping.
fold=10/10 OOF_accuracy=0.700000 OOF_AUC=0.672249
Iteration 1, loss = 0.45031006
Iteration 2, loss = 0.12657983
Iteration 3, loss = 0.04828559
Iteration 4, loss = 0.02963244
Iteration 5, loss = 0.02229181
Iteration 6, loss = 0.01826644
Iteration 7, loss = 0.01580670
Iteration 8, loss = 0.01399707
Iteration 9, loss = 0.01270758
Iteration 10, loss = 0.01179096
Iteration 11, loss = 0.01074930
Iteration 12, loss = 0.01022420
Iteration 13, loss = 0.00955692
Iteration 14, loss = 0.00892037
Iteration 15, loss = 0.00826182
Iteration 16, loss = 0.00790463
Iteration 17, loss = 0.00757077
Iteration 18, loss = 0.00717079
Iteration 19, loss = 0.00684574
Iteration 20, loss = 0.00656590
Iteration 21, loss = 0.00632408
Iteration 22, loss = 0.00576834
Iteration 23, loss = 0.00566890
Iteration 24, loss = 0.00506647
Iteration 25, loss = 0.00487431
Iteration 26, loss = 0.00450219
Iteration 27, loss = 0.00432377
Iteration 28, loss = 0.00413494
Iteration 29, loss = 0.00393560
Iteration 30, loss = 0.00381981
Iteration 31, loss = 0.00360927
Iteration 32, loss = 0.00350691
Iteration 33, loss = 0.00326135
Iteration 34, loss = 0.00311312
Iteration 35, loss = 0.00301184
Iteration 36, loss = 0.00283451
Iteration 37, loss = 0.00271365
Iteration 38, loss = 0.00261016
Iteration 39, loss = 0.00261186
Iteration 40, loss = 0.00238366
Iteration 41, loss = 0.00229416
Iteration 42, loss = 0.00222687
Iteration 43, loss = 0.00213606
Iteration 44, loss = 0.00204999
Iteration 45, loss = 0.00205545
Iteration 46, loss = 0.00187424
Iteration 47, loss = 0.00183359
Iteration 48, loss = 0.00175476
Iteration 49, loss = 0.00172763
Iteration 50, loss = 0.00173286
Iteration 51, loss = 0.00158885
Iteration 52, loss = 0.00155197
Iteration 53, loss = 0.00153466
Iteration 54, loss = 0.00144470
Iteration 55, loss = 0.00144632
Iteration 56, loss = 0.00141560
Iteration 57, loss = 0.00138375
Iteration 58, loss = 0.00127373
Iteration 59, loss = 0.00125063
Iteration 60, loss = 0.00121734
Iteration 61, loss = 0.00117510
Iteration 62, loss = 0.00114155
Iteration 63, loss = 0.00111027
Iteration 64, loss = 0.00108205
Iteration 65, loss = 0.00105759
Iteration 66, loss = 0.00103375
Iteration 67, loss = 0.00101776
Iteration 68, loss = 0.00097853
Iteration 69, loss = 0.00096003
Training loss did not improve more than tol=0.000100 for 10 consecutive epochs. Stopping.
{"cv_oof": {"accuracy": 0.7066666666666667, "balanced_accuracy": 0.6736111111111112, "sensitivity": 0.5555555555555556, "specificity": 0.7916666666666666, "f1_macro": 0.6762166405023547, "roc_auc": 0.7200279706790124, "confusion_matrix": [[152, 40], [48, 60]], "classification_report": {"0": {"precision": 0.76, "recall": 0.7916666666666666, "f1-score": 0.7755102040816326, "support": 192.0}, "1": {"precision": 0.6, "recall": 0.5555555555555556, "f1-score": 0.5769230769230769, "support": 108.0}, "accuracy": 0.7066666666666667, "macro avg": {"precision": 0.6799999999999999, "recall": 0.6736111111111112, "f1-score": 0.6762166405023547, "support": 300.0}, "weighted avg": {"precision": 0.7024000000000001, "recall": 0.7066666666666667, "f1-score": 0.7040188383045525, "support": 300.0}}}, "test": {"accuracy": 0.726027397260274, "balanced_accuracy": 0.718494271685761, "sensitivity": 0.6923076923076923, "specificity": 0.7446808510638298, "f1_macro": 0.7103174603174603, "roc_auc": 0.8314238952536825, "confusion_matrix": [[35, 12], [8, 18]], "classification_report": {"0": {"precision": 0.813953488372093, "recall": 0.7446808510638298, "f1-score": 0.7777777777777778, "support": 47.0}, "1": {"precision": 0.6, "recall": 0.6923076923076923, "f1-score": 0.6428571428571429, "support": 26.0}, "accuracy": 0.726027397260274, "macro avg": {"precision": 0.7069767441860465, "recall": 0.718494271685761, "f1-score": 0.7103174603174603, "support": 73.0}, "weighted avg": {"precision": 0.7377508760751832, "recall": 0.726027397260274, "f1-score": 0.7297238530115243, "support": 73.0}}}, "folds": 10, "original_train_rows": 300, "train_rows": 1920, "test_rows": 73, "elapsed_seconds": 10.827999999979511}
