Command: ["C:\\Users\\IHCK\\AppData\\Local\\Programs\\Python\\Python312\\python.exe", "-u", "C:\\Users\\IHCK\\Desktop\\1_10_69Final\\Hippocampal-Shape-Analysis-for-Epilepsy-Detection\\Model\\train_dataset_model.py", "--dataset", "augment_plsda_balanced", "--side", "left", "--model", "ResNet", "--kind", "coef", "--train-csv", "C:\\Users\\IHCK\\Desktop\\1_10_69Final\\Hippocampal-Shape-Analysis-for-Epilepsy-Detection\\Output_Dataset\\augment_plsda_balanced\\left\\train_prepared.csv", "--test-csv", "C:\\Users\\IHCK\\Desktop\\1_10_69Final\\Hippocampal-Shape-Analysis-for-Epilepsy-Detection\\Output_Dataset\\augment_plsda_balanced\\left\\test_prepared.csv", "--output-dir", "C:\\Users\\IHCK\\Desktop\\1_10_69Final\\Hippocampal-Shape-Analysis-for-Epilepsy-Detection\\Model_Results\\dataset_runs_20261003_10fold\\augment_plsda_balanced\\left\\ResNet", "--epochs", "80", "--folds", "10", "--pls-components", "8", "--seed", "42", "--threads", "2"]
10-fold CV: dataset=augment_plsda_balanced side=left model=ResNet; original_train=300 test=73
Device=cuda; epochs=80; batch=32; model=ResNet1D
epoch=1/80 loss=0.090208 seconds=0.56
epoch=2/80 loss=0.023208 seconds=0.23
epoch=3/80 loss=0.018193 seconds=0.22
epoch=4/80 loss=0.016176 seconds=0.20
epoch=5/80 loss=0.013682 seconds=0.23
epoch=6/80 loss=0.015448 seconds=0.22
epoch=7/80 loss=0.011307 seconds=0.20
epoch=8/80 loss=0.014336 seconds=0.22
epoch=9/80 loss=0.014725 seconds=0.20
epoch=10/80 loss=0.014173 seconds=0.22
epoch=11/80 loss=0.005840 seconds=0.22
epoch=12/80 loss=0.004858 seconds=0.22
epoch=13/80 loss=0.002047 seconds=0.22
epoch=14/80 loss=0.006477 seconds=0.22
epoch=15/80 loss=0.006950 seconds=0.22
epoch=16/80 loss=0.001237 seconds=0.22
epoch=17/80 loss=0.012482 seconds=0.20
epoch=18/80 loss=0.016542 seconds=0.20
epoch=19/80 loss=0.002791 seconds=0.19
epoch=20/80 loss=0.001345 seconds=0.22
epoch=21/80 loss=0.000733 seconds=0.22
epoch=22/80 loss=0.009225 seconds=0.22
epoch=23/80 loss=0.007057 seconds=0.23
epoch=24/80 loss=0.007865 seconds=0.22
epoch=25/80 loss=0.001860 seconds=0.23
epoch=26/80 loss=0.001858 seconds=0.23
epoch=27/80 loss=0.004548 seconds=0.19
epoch=28/80 loss=0.001255 seconds=0.23
epoch=29/80 loss=0.001213 seconds=0.23
epoch=30/80 loss=0.002915 seconds=0.23
epoch=31/80 loss=0.002638 seconds=0.20
epoch=32/80 loss=0.000521 seconds=0.20
epoch=33/80 loss=0.001254 seconds=0.22
epoch=34/80 loss=0.006079 seconds=0.20
epoch=35/80 loss=0.008227 seconds=0.22
epoch=36/80 loss=0.010893 seconds=0.22
epoch=37/80 loss=0.008892 seconds=0.22
epoch=38/80 loss=0.003163 seconds=0.22
epoch=39/80 loss=0.001443 seconds=0.20
epoch=40/80 loss=0.000509 seconds=0.23
epoch=41/80 loss=0.000589 seconds=0.22
epoch=42/80 loss=0.000340 seconds=0.23
epoch=43/80 loss=0.010292 seconds=0.23
epoch=44/80 loss=0.006367 seconds=0.22
epoch=45/80 loss=0.003148 seconds=0.23
epoch=46/80 loss=0.007019 seconds=0.22
epoch=47/80 loss=0.000796 seconds=0.20
epoch=48/80 loss=0.001505 seconds=0.23
epoch=49/80 loss=0.001006 seconds=0.22
epoch=50/80 loss=0.011420 seconds=0.23
epoch=51/80 loss=0.005369 seconds=0.25
epoch=52/80 loss=0.000513 seconds=0.23
epoch=53/80 loss=0.000272 seconds=0.22
epoch=54/80 loss=0.000151 seconds=0.25
epoch=55/80 loss=0.000333 seconds=0.22
epoch=56/80 loss=0.002354 seconds=0.23
epoch=57/80 loss=0.001014 seconds=0.22
epoch=58/80 loss=0.003315 seconds=0.22
epoch=59/80 loss=0.007009 seconds=0.22
epoch=60/80 loss=0.000642 seconds=0.22
epoch=61/80 loss=0.001406 seconds=0.22
epoch=62/80 loss=0.000290 seconds=0.23
epoch=63/80 loss=0.000066 seconds=0.23
epoch=64/80 loss=0.000074 seconds=0.23
epoch=65/80 loss=0.000090 seconds=0.20
epoch=66/80 loss=0.000317 seconds=0.22
epoch=67/80 loss=0.000041 seconds=0.22
epoch=68/80 loss=0.001057 seconds=0.23
epoch=69/80 loss=0.009320 seconds=0.23
epoch=70/80 loss=0.011736 seconds=0.23
epoch=71/80 loss=0.001728 seconds=0.20
epoch=72/80 loss=0.000257 seconds=0.23
epoch=73/80 loss=0.000241 seconds=0.20
epoch=74/80 loss=0.000253 seconds=0.23
epoch=75/80 loss=0.000079 seconds=0.20
epoch=76/80 loss=0.000123 seconds=0.20
epoch=77/80 loss=0.000061 seconds=0.22
epoch=78/80 loss=0.000107 seconds=0.22
epoch=79/80 loss=0.000047 seconds=0.22
epoch=80/80 loss=0.000139 seconds=0.23
fold=1/10 OOF_accuracy=0.766667 OOF_AUC=0.687500
Device=cuda; epochs=80; batch=32; model=ResNet1D
epoch=1/80 loss=0.083660 seconds=0.22
epoch=2/80 loss=0.022517 seconds=0.22
epoch=3/80 loss=0.025689 seconds=0.23
epoch=4/80 loss=0.016393 seconds=0.27
epoch=5/80 loss=0.012588 seconds=0.25
epoch=6/80 loss=0.018958 seconds=0.20
epoch=7/80 loss=0.013636 seconds=0.22
epoch=8/80 loss=0.012388 seconds=0.27
epoch=9/80 loss=0.014179 seconds=0.22
epoch=10/80 loss=0.011861 seconds=0.25
epoch=11/80 loss=0.020442 seconds=0.23
epoch=12/80 loss=0.005277 seconds=0.25
epoch=13/80 loss=0.007008 seconds=0.23
epoch=14/80 loss=0.003767 seconds=0.23
epoch=15/80 loss=0.016163 seconds=0.25
epoch=16/80 loss=0.009666 seconds=0.23
epoch=17/80 loss=0.011149 seconds=0.23
epoch=18/80 loss=0.010571 seconds=0.23
epoch=19/80 loss=0.003871 seconds=0.25
epoch=20/80 loss=0.002139 seconds=0.22
epoch=21/80 loss=0.000649 seconds=0.23
epoch=22/80 loss=0.002634 seconds=0.22
epoch=23/80 loss=0.005410 seconds=0.22
epoch=24/80 loss=0.003191 seconds=0.25
epoch=25/80 loss=0.003209 seconds=0.23
epoch=26/80 loss=0.002868 seconds=0.23
epoch=27/80 loss=0.003702 seconds=0.25
epoch=28/80 loss=0.001393 seconds=0.23
epoch=29/80 loss=0.011178 seconds=0.23
epoch=30/80 loss=0.002768 seconds=0.25
epoch=31/80 loss=0.001111 seconds=0.25
epoch=32/80 loss=0.012473 seconds=0.25
epoch=33/80 loss=0.013436 seconds=0.23
epoch=34/80 loss=0.008570 seconds=0.23
epoch=35/80 loss=0.003454 seconds=0.22
epoch=36/80 loss=0.004636 seconds=0.22
epoch=37/80 loss=0.002678 seconds=0.25
epoch=38/80 loss=0.004006 seconds=0.23
epoch=39/80 loss=0.001138 seconds=0.23
epoch=40/80 loss=0.000640 seconds=0.23
epoch=41/80 loss=0.000794 seconds=0.23
epoch=42/80 loss=0.015988 seconds=0.22
epoch=43/80 loss=0.003424 seconds=0.23
epoch=44/80 loss=0.002386 seconds=0.23
epoch=45/80 loss=0.000913 seconds=0.23
epoch=46/80 loss=0.001399 seconds=0.22
epoch=47/80 loss=0.001255 seconds=0.23
epoch=48/80 loss=0.000392 seconds=0.23
epoch=49/80 loss=0.000410 seconds=0.23
epoch=50/80 loss=0.004511 seconds=0.23
epoch=51/80 loss=0.023527 seconds=0.25
epoch=52/80 loss=0.010702 seconds=0.22
epoch=53/80 loss=0.002095 seconds=0.23
epoch=54/80 loss=0.001302 seconds=0.25
epoch=55/80 loss=0.003548 seconds=0.22
epoch=56/80 loss=0.001222 seconds=0.23
epoch=57/80 loss=0.000555 seconds=0.25
epoch=58/80 loss=0.000394 seconds=0.23
epoch=59/80 loss=0.003789 seconds=0.27
epoch=60/80 loss=0.000689 seconds=0.23
epoch=61/80 loss=0.001299 seconds=0.23
epoch=62/80 loss=0.002253 seconds=0.25
epoch=63/80 loss=0.000921 seconds=0.23
epoch=64/80 loss=0.000434 seconds=0.23
epoch=65/80 loss=0.000246 seconds=0.23
epoch=66/80 loss=0.000179 seconds=0.25
epoch=67/80 loss=0.000053 seconds=0.20
epoch=68/80 loss=0.006734 seconds=0.25
epoch=69/80 loss=0.010614 seconds=0.23
epoch=70/80 loss=0.005668 seconds=0.25
epoch=71/80 loss=0.000800 seconds=0.25
epoch=72/80 loss=0.000826 seconds=0.23
epoch=73/80 loss=0.000131 seconds=0.25
epoch=74/80 loss=0.000323 seconds=0.23
epoch=75/80 loss=0.000139 seconds=0.23
epoch=76/80 loss=0.001700 seconds=0.23
epoch=77/80 loss=0.002358 seconds=0.23
epoch=78/80 loss=0.002247 seconds=0.25
epoch=79/80 loss=0.010917 seconds=0.23
epoch=80/80 loss=0.011405 seconds=0.23
fold=2/10 OOF_accuracy=0.700000 OOF_AUC=0.650000
Device=cuda; epochs=80; batch=32; model=ResNet1D
epoch=1/80 loss=0.087716 seconds=0.25
epoch=2/80 loss=0.016860 seconds=0.20
epoch=3/80 loss=0.015958 seconds=0.22
epoch=4/80 loss=0.015742 seconds=0.23
epoch=5/80 loss=0.019264 seconds=0.20
epoch=6/80 loss=0.015768 seconds=0.20
epoch=7/80 loss=0.005723 seconds=0.20
epoch=8/80 loss=0.001904 seconds=0.20
epoch=9/80 loss=0.013527 seconds=0.22
epoch=10/80 loss=0.020238 seconds=0.20
epoch=11/80 loss=0.014666 seconds=0.20
epoch=12/80 loss=0.008091 seconds=0.22
epoch=13/80 loss=0.013849 seconds=0.20
epoch=14/80 loss=0.005701 seconds=0.20
epoch=15/80 loss=0.005834 seconds=0.20
epoch=16/80 loss=0.004464 seconds=0.22
epoch=17/80 loss=0.008912 seconds=0.23
epoch=18/80 loss=0.020210 seconds=0.20
epoch=19/80 loss=0.006097 seconds=0.20
epoch=20/80 loss=0.006488 seconds=0.23
epoch=21/80 loss=0.004341 seconds=0.23
epoch=22/80 loss=0.002452 seconds=0.22
epoch=23/80 loss=0.007504 seconds=0.23
epoch=24/80 loss=0.012690 seconds=0.23
epoch=25/80 loss=0.001537 seconds=0.23
epoch=26/80 loss=0.006735 seconds=0.23
epoch=27/80 loss=0.023382 seconds=0.23
epoch=28/80 loss=0.007088 seconds=0.23
epoch=29/80 loss=0.004323 seconds=0.23
epoch=30/80 loss=0.005500 seconds=0.23
epoch=31/80 loss=0.007091 seconds=0.23
epoch=32/80 loss=0.006003 seconds=0.23
epoch=33/80 loss=0.004116 seconds=0.23
epoch=34/80 loss=0.004521 seconds=0.25
epoch=35/80 loss=0.000593 seconds=0.23
epoch=36/80 loss=0.000602 seconds=0.23
epoch=37/80 loss=0.000332 seconds=0.23
epoch=38/80 loss=0.001603 seconds=0.23
epoch=39/80 loss=0.001592 seconds=0.23
epoch=40/80 loss=0.002066 seconds=0.25
epoch=41/80 loss=0.000873 seconds=0.20
epoch=42/80 loss=0.000912 seconds=0.20
epoch=43/80 loss=0.000201 seconds=0.20
epoch=44/80 loss=0.000205 seconds=0.23
epoch=45/80 loss=0.000677 seconds=0.20
epoch=46/80 loss=0.000324 seconds=0.20
epoch=47/80 loss=0.000130 seconds=0.23
epoch=48/80 loss=0.007999 seconds=0.22
epoch=49/80 loss=0.002544 seconds=0.22
epoch=50/80 loss=0.000612 seconds=0.23
epoch=51/80 loss=0.000157 seconds=0.20
epoch=52/80 loss=0.010070 seconds=0.23
epoch=53/80 loss=0.007882 seconds=0.25
epoch=54/80 loss=0.004970 seconds=0.22
epoch=55/80 loss=0.005869 seconds=0.22
epoch=56/80 loss=0.000815 seconds=0.20
epoch=57/80 loss=0.000464 seconds=0.23
epoch=58/80 loss=0.000738 seconds=0.20
epoch=59/80 loss=0.000451 seconds=0.23
epoch=60/80 loss=0.003667 seconds=0.22
epoch=61/80 loss=0.004412 seconds=0.20
epoch=62/80 loss=0.009928 seconds=0.20
epoch=63/80 loss=0.000324 seconds=0.22
epoch=64/80 loss=0.001806 seconds=0.20
epoch=65/80 loss=0.001252 seconds=0.23
epoch=66/80 loss=0.001150 seconds=0.20
epoch=67/80 loss=0.013503 seconds=0.23
epoch=68/80 loss=0.014397 seconds=0.22
epoch=69/80 loss=0.014107 seconds=0.23
epoch=70/80 loss=0.005265 seconds=0.22
epoch=71/80 loss=0.001438 seconds=0.20
epoch=72/80 loss=0.008729 seconds=0.22
epoch=73/80 loss=0.000666 seconds=0.20
epoch=74/80 loss=0.000379 seconds=0.22
epoch=75/80 loss=0.000272 seconds=0.22
epoch=76/80 loss=0.000296 seconds=0.23
epoch=77/80 loss=0.000141 seconds=0.23
epoch=78/80 loss=0.000224 seconds=0.22
epoch=79/80 loss=0.000262 seconds=0.20
epoch=80/80 loss=0.000402 seconds=0.23
fold=3/10 OOF_accuracy=0.633333 OOF_AUC=0.684211
Device=cuda; epochs=80; batch=32; model=ResNet1D
epoch=1/80 loss=0.084361 seconds=0.19
epoch=2/80 loss=0.017799 seconds=0.22
epoch=3/80 loss=0.023980 seconds=0.22
epoch=4/80 loss=0.031234 seconds=0.20
epoch=5/80 loss=0.017841 seconds=0.22
epoch=6/80 loss=0.033031 seconds=0.23
epoch=7/80 loss=0.015499 seconds=0.23
epoch=8/80 loss=0.013175 seconds=0.19
epoch=9/80 loss=0.009430 seconds=0.22
epoch=10/80 loss=0.007234 seconds=0.23
epoch=11/80 loss=0.009050 seconds=0.23
epoch=12/80 loss=0.011910 seconds=0.22
epoch=13/80 loss=0.002909 seconds=0.23
epoch=14/80 loss=0.005143 seconds=0.20
epoch=15/80 loss=0.001431 seconds=0.23
epoch=16/80 loss=0.015522 seconds=0.23
epoch=17/80 loss=0.016170 seconds=0.20
epoch=18/80 loss=0.016940 seconds=0.19
epoch=19/80 loss=0.010440 seconds=0.22
epoch=20/80 loss=0.014480 seconds=0.23
epoch=21/80 loss=0.019601 seconds=0.22
epoch=22/80 loss=0.005325 seconds=0.20
epoch=23/80 loss=0.002154 seconds=0.20
epoch=24/80 loss=0.001412 seconds=0.23
epoch=25/80 loss=0.000709 seconds=0.20
epoch=26/80 loss=0.001405 seconds=0.25
epoch=27/80 loss=0.012315 seconds=0.19
epoch=28/80 loss=0.003952 seconds=0.22
epoch=29/80 loss=0.004762 seconds=0.22
epoch=30/80 loss=0.004292 seconds=0.22
epoch=31/80 loss=0.003084 seconds=0.22
epoch=32/80 loss=0.015421 seconds=0.20
epoch=33/80 loss=0.003095 seconds=0.23
epoch=34/80 loss=0.001319 seconds=0.23
epoch=35/80 loss=0.002618 seconds=0.20
epoch=36/80 loss=0.005393 seconds=0.22
epoch=37/80 loss=0.000900 seconds=0.22
epoch=38/80 loss=0.000377 seconds=0.22
epoch=39/80 loss=0.000194 seconds=0.25
epoch=40/80 loss=0.000335 seconds=0.22
epoch=41/80 loss=0.009423 seconds=0.23
epoch=42/80 loss=0.007450 seconds=0.23
epoch=43/80 loss=0.004331 seconds=0.22
epoch=44/80 loss=0.008292 seconds=0.23
epoch=45/80 loss=0.001605 seconds=0.27
epoch=46/80 loss=0.006867 seconds=0.20
epoch=47/80 loss=0.007152 seconds=0.20
epoch=48/80 loss=0.002424 seconds=0.23
epoch=49/80 loss=0.005373 seconds=0.20
epoch=50/80 loss=0.014303 seconds=0.20
epoch=51/80 loss=0.001485 seconds=0.23
epoch=52/80 loss=0.001413 seconds=0.22
epoch=53/80 loss=0.000193 seconds=0.22
epoch=54/80 loss=0.003872 seconds=0.22
epoch=55/80 loss=0.004023 seconds=0.23
epoch=56/80 loss=0.018722 seconds=0.20
epoch=57/80 loss=0.004580 seconds=0.22
epoch=58/80 loss=0.005539 seconds=0.22
epoch=59/80 loss=0.001445 seconds=0.23
epoch=60/80 loss=0.001061 seconds=0.22
epoch=61/80 loss=0.004672 seconds=0.23
epoch=62/80 loss=0.003343 seconds=0.22
epoch=63/80 loss=0.000751 seconds=0.22
epoch=64/80 loss=0.000404 seconds=0.23
epoch=65/80 loss=0.000676 seconds=0.23
epoch=66/80 loss=0.000160 seconds=0.20
epoch=67/80 loss=0.000065 seconds=0.22
epoch=68/80 loss=0.018745 seconds=0.22
epoch=69/80 loss=0.002998 seconds=0.23
epoch=70/80 loss=0.005224 seconds=0.23
epoch=71/80 loss=0.014582 seconds=0.20
epoch=72/80 loss=0.007594 seconds=0.22
epoch=73/80 loss=0.001369 seconds=0.23
epoch=74/80 loss=0.000839 seconds=0.22
epoch=75/80 loss=0.000587 seconds=0.20
epoch=76/80 loss=0.000187 seconds=0.22
epoch=77/80 loss=0.000172 seconds=0.23
epoch=78/80 loss=0.000205 seconds=0.22
epoch=79/80 loss=0.000119 seconds=0.25
epoch=80/80 loss=0.000358 seconds=0.22
fold=4/10 OOF_accuracy=0.700000 OOF_AUC=0.732057
Device=cuda; epochs=80; batch=32; model=ResNet1D
epoch=1/80 loss=0.093783 seconds=0.19
epoch=2/80 loss=0.023032 seconds=0.20
epoch=3/80 loss=0.022291 seconds=0.20
epoch=4/80 loss=0.019405 seconds=0.23
epoch=5/80 loss=0.012120 seconds=0.20
epoch=6/80 loss=0.030638 seconds=0.22
epoch=7/80 loss=0.009750 seconds=0.23
epoch=8/80 loss=0.004810 seconds=0.22
epoch=9/80 loss=0.003465 seconds=0.22
epoch=10/80 loss=0.024164 seconds=0.20
epoch=11/80 loss=0.021631 seconds=0.20
epoch=12/80 loss=0.006961 seconds=0.23
epoch=13/80 loss=0.010811 seconds=0.22
epoch=14/80 loss=0.004275 seconds=0.20
epoch=15/80 loss=0.002191 seconds=0.22
epoch=16/80 loss=0.010728 seconds=0.22
epoch=17/80 loss=0.005164 seconds=0.23
epoch=18/80 loss=0.016107 seconds=0.23
epoch=19/80 loss=0.003042 seconds=0.20
epoch=20/80 loss=0.017040 seconds=0.22
epoch=21/80 loss=0.008450 seconds=0.23
epoch=22/80 loss=0.001760 seconds=0.23
epoch=23/80 loss=0.015564 seconds=0.22
epoch=24/80 loss=0.004762 seconds=0.25
epoch=25/80 loss=0.001972 seconds=0.25
epoch=26/80 loss=0.008046 seconds=0.23
epoch=27/80 loss=0.017422 seconds=0.25
epoch=28/80 loss=0.005723 seconds=0.23
epoch=29/80 loss=0.002007 seconds=0.23
epoch=30/80 loss=0.004294 seconds=0.23
epoch=31/80 loss=0.003963 seconds=0.23
epoch=32/80 loss=0.000544 seconds=0.23
epoch=33/80 loss=0.005222 seconds=0.23
epoch=34/80 loss=0.001240 seconds=0.25
epoch=35/80 loss=0.002180 seconds=0.23
epoch=36/80 loss=0.009883 seconds=0.22
epoch=37/80 loss=0.001557 seconds=0.23
epoch=38/80 loss=0.001128 seconds=0.23
epoch=39/80 loss=0.009706 seconds=0.23
epoch=40/80 loss=0.014915 seconds=0.25
epoch=41/80 loss=0.004547 seconds=0.20
epoch=42/80 loss=0.003155 seconds=0.25
epoch=43/80 loss=0.008511 seconds=0.22
epoch=44/80 loss=0.003947 seconds=0.22
epoch=45/80 loss=0.001678 seconds=0.19
epoch=46/80 loss=0.000994 seconds=0.22
epoch=47/80 loss=0.001356 seconds=0.23
epoch=48/80 loss=0.000597 seconds=0.22
epoch=49/80 loss=0.000181 seconds=0.20
epoch=50/80 loss=0.000213 seconds=0.22
epoch=51/80 loss=0.000132 seconds=0.22
epoch=52/80 loss=0.011329 seconds=0.23
epoch=53/80 loss=0.010887 seconds=0.25
epoch=54/80 loss=0.011321 seconds=0.25
epoch=55/80 loss=0.006126 seconds=0.23
epoch=56/80 loss=0.003294 seconds=0.25
epoch=57/80 loss=0.002003 seconds=0.25
epoch=58/80 loss=0.002603 seconds=0.23
epoch=59/80 loss=0.000371 seconds=0.27
epoch=60/80 loss=0.000230 seconds=0.23
epoch=61/80 loss=0.009729 seconds=0.25
epoch=62/80 loss=0.035248 seconds=0.23
epoch=63/80 loss=0.005179 seconds=0.22
epoch=64/80 loss=0.003191 seconds=0.23
epoch=65/80 loss=0.003179 seconds=0.23
epoch=66/80 loss=0.000612 seconds=0.25
epoch=67/80 loss=0.001733 seconds=0.23
epoch=68/80 loss=0.001020 seconds=0.23
epoch=69/80 loss=0.000813 seconds=0.23
epoch=70/80 loss=0.000353 seconds=0.23
epoch=71/80 loss=0.003078 seconds=0.23
epoch=72/80 loss=0.004304 seconds=0.23
epoch=73/80 loss=0.006004 seconds=0.25
epoch=74/80 loss=0.001827 seconds=0.23
epoch=75/80 loss=0.000714 seconds=0.25
epoch=76/80 loss=0.000647 seconds=0.23
epoch=77/80 loss=0.001502 seconds=0.23
epoch=78/80 loss=0.001914 seconds=0.23
epoch=79/80 loss=0.002008 seconds=0.22
epoch=80/80 loss=0.000264 seconds=0.23
fold=5/10 OOF_accuracy=0.766667 OOF_AUC=0.832536
Device=cuda; epochs=80; batch=32; model=ResNet1D
epoch=1/80 loss=0.104973 seconds=0.19
epoch=2/80 loss=0.017692 seconds=0.22
epoch=3/80 loss=0.014587 seconds=0.22
epoch=4/80 loss=0.012874 seconds=0.23
epoch=5/80 loss=0.027111 seconds=0.20
epoch=6/80 loss=0.020177 seconds=0.23
epoch=7/80 loss=0.019822 seconds=0.23
epoch=8/80 loss=0.012491 seconds=0.22
epoch=9/80 loss=0.009514 seconds=0.25
epoch=10/80 loss=0.007386 seconds=0.22
epoch=11/80 loss=0.020516 seconds=0.23
epoch=12/80 loss=0.005800 seconds=0.23
epoch=13/80 loss=0.009707 seconds=0.23
epoch=14/80 loss=0.005975 seconds=0.20
epoch=15/80 loss=0.005625 seconds=0.20
epoch=16/80 loss=0.013133 seconds=0.23
epoch=17/80 loss=0.001467 seconds=0.25
epoch=18/80 loss=0.010645 seconds=0.22
epoch=19/80 loss=0.017212 seconds=0.22
epoch=20/80 loss=0.005741 seconds=0.23
epoch=21/80 loss=0.003002 seconds=0.22
epoch=22/80 loss=0.001579 seconds=0.23
epoch=23/80 loss=0.003290 seconds=0.22
epoch=24/80 loss=0.003037 seconds=0.19
epoch=25/80 loss=0.000732 seconds=0.23
epoch=26/80 loss=0.003135 seconds=0.23
epoch=27/80 loss=0.008441 seconds=0.23
epoch=28/80 loss=0.018579 seconds=0.23
epoch=29/80 loss=0.005656 seconds=0.23
epoch=30/80 loss=0.015405 seconds=0.25
epoch=31/80 loss=0.001499 seconds=0.23
epoch=32/80 loss=0.000900 seconds=0.25
epoch=33/80 loss=0.000477 seconds=0.23
epoch=34/80 loss=0.000228 seconds=0.23
epoch=35/80 loss=0.000247 seconds=0.25
epoch=36/80 loss=0.000396 seconds=0.25
epoch=37/80 loss=0.000217 seconds=0.25
epoch=38/80 loss=0.003305 seconds=0.22
epoch=39/80 loss=0.024231 seconds=0.23
epoch=40/80 loss=0.008491 seconds=0.22
epoch=41/80 loss=0.004002 seconds=0.23
epoch=42/80 loss=0.000528 seconds=0.20
epoch=43/80 loss=0.001292 seconds=0.22
epoch=44/80 loss=0.002551 seconds=0.22
epoch=45/80 loss=0.002418 seconds=0.25
epoch=46/80 loss=0.010385 seconds=0.20
epoch=47/80 loss=0.002602 seconds=0.22
epoch=48/80 loss=0.000801 seconds=0.23
epoch=49/80 loss=0.000547 seconds=0.23
epoch=50/80 loss=0.000829 seconds=0.22
epoch=51/80 loss=0.000117 seconds=0.23
epoch=52/80 loss=0.009534 seconds=0.20
epoch=53/80 loss=0.002733 seconds=0.23
epoch=54/80 loss=0.000628 seconds=0.23
epoch=55/80 loss=0.000532 seconds=0.23
epoch=56/80 loss=0.000168 seconds=0.23
epoch=57/80 loss=0.000567 seconds=0.23
epoch=58/80 loss=0.000597 seconds=0.22
epoch=59/80 loss=0.001492 seconds=0.22
epoch=60/80 loss=0.013829 seconds=0.25
epoch=61/80 loss=0.006223 seconds=0.22
epoch=62/80 loss=0.018047 seconds=0.23
epoch=63/80 loss=0.000952 seconds=0.23
epoch=64/80 loss=0.003464 seconds=0.23
epoch=65/80 loss=0.001455 seconds=0.25
epoch=66/80 loss=0.000842 seconds=0.25
epoch=67/80 loss=0.000475 seconds=0.23
epoch=68/80 loss=0.003177 seconds=0.23
epoch=69/80 loss=0.005123 seconds=0.23
epoch=70/80 loss=0.001197 seconds=0.25
epoch=71/80 loss=0.000279 seconds=0.25
epoch=72/80 loss=0.002047 seconds=0.23
epoch=73/80 loss=0.000384 seconds=0.25
epoch=74/80 loss=0.000374 seconds=0.25
epoch=75/80 loss=0.003728 seconds=0.25
epoch=76/80 loss=0.005037 seconds=0.22
epoch=77/80 loss=0.002799 seconds=0.25
epoch=78/80 loss=0.001488 seconds=0.25
epoch=79/80 loss=0.000714 seconds=0.25
epoch=80/80 loss=0.000347 seconds=0.23
fold=6/10 OOF_accuracy=0.766667 OOF_AUC=0.856459
Device=cuda; epochs=80; batch=32; model=ResNet1D
epoch=1/80 loss=0.084649 seconds=0.23
epoch=2/80 loss=0.013326 seconds=0.23
epoch=3/80 loss=0.030416 seconds=0.22
epoch=4/80 loss=0.013442 seconds=0.22
epoch=5/80 loss=0.018568 seconds=0.22
epoch=6/80 loss=0.010892 seconds=0.22
epoch=7/80 loss=0.005202 seconds=0.22
epoch=8/80 loss=0.012755 seconds=0.22
epoch=9/80 loss=0.016584 seconds=0.22
epoch=10/80 loss=0.011601 seconds=0.22
epoch=11/80 loss=0.022257 seconds=0.22
epoch=12/80 loss=0.004787 seconds=0.22
epoch=13/80 loss=0.004082 seconds=0.20
epoch=14/80 loss=0.002244 seconds=0.20
epoch=15/80 loss=0.005432 seconds=0.22
epoch=16/80 loss=0.014562 seconds=0.20
epoch=17/80 loss=0.003508 seconds=0.19
epoch=18/80 loss=0.005125 seconds=0.20
epoch=19/80 loss=0.002705 seconds=0.20
epoch=20/80 loss=0.011954 seconds=0.20
epoch=21/80 loss=0.013499 seconds=0.20
epoch=22/80 loss=0.002825 seconds=0.19
epoch=23/80 loss=0.002243 seconds=0.20
epoch=24/80 loss=0.002963 seconds=0.20
epoch=25/80 loss=0.001805 seconds=0.19
epoch=26/80 loss=0.001273 seconds=0.20
epoch=27/80 loss=0.011191 seconds=0.19
epoch=28/80 loss=0.007909 seconds=0.19
epoch=29/80 loss=0.011303 seconds=0.22
epoch=30/80 loss=0.002044 seconds=0.20
epoch=31/80 loss=0.014284 seconds=0.22
epoch=32/80 loss=0.001466 seconds=0.22
epoch=33/80 loss=0.000740 seconds=0.20
epoch=34/80 loss=0.001350 seconds=0.22
epoch=35/80 loss=0.008631 seconds=0.20
epoch=36/80 loss=0.004363 seconds=0.20
epoch=37/80 loss=0.001771 seconds=0.22
epoch=38/80 loss=0.001588 seconds=0.20
epoch=39/80 loss=0.000416 seconds=0.20
epoch=40/80 loss=0.004994 seconds=0.20
epoch=41/80 loss=0.008024 seconds=0.22
epoch=42/80 loss=0.000742 seconds=0.23
epoch=43/80 loss=0.000494 seconds=0.22
epoch=44/80 loss=0.000304 seconds=0.22
epoch=45/80 loss=0.000259 seconds=0.20
epoch=46/80 loss=0.000168 seconds=0.22
epoch=47/80 loss=0.000065 seconds=0.23
epoch=48/80 loss=0.002929 seconds=0.20
epoch=49/80 loss=0.000176 seconds=0.20
epoch=50/80 loss=0.000340 seconds=0.20
epoch=51/80 loss=0.000104 seconds=0.22
epoch=52/80 loss=0.000593 seconds=0.20
epoch=53/80 loss=0.005910 seconds=0.19
epoch=54/80 loss=0.002845 seconds=0.20
epoch=55/80 loss=0.012024 seconds=0.20
epoch=56/80 loss=0.005296 seconds=0.22
epoch=57/80 loss=0.001732 seconds=0.22
epoch=58/80 loss=0.003809 seconds=0.22
epoch=59/80 loss=0.003410 seconds=0.22
epoch=60/80 loss=0.001416 seconds=0.20
epoch=61/80 loss=0.003796 seconds=0.22
epoch=62/80 loss=0.002482 seconds=0.22
epoch=63/80 loss=0.000321 seconds=0.22
epoch=64/80 loss=0.000269 seconds=0.20
epoch=65/80 loss=0.002328 seconds=0.22
epoch=66/80 loss=0.000943 seconds=0.20
epoch=67/80 loss=0.000117 seconds=0.23
epoch=68/80 loss=0.006008 seconds=0.23
epoch=69/80 loss=0.001795 seconds=0.22
epoch=70/80 loss=0.000590 seconds=0.22
epoch=71/80 loss=0.014741 seconds=0.23
epoch=72/80 loss=0.006178 seconds=0.22
epoch=73/80 loss=0.000863 seconds=0.20
epoch=74/80 loss=0.000363 seconds=0.22
epoch=75/80 loss=0.000583 seconds=0.22
epoch=76/80 loss=0.003569 seconds=0.23
epoch=77/80 loss=0.005811 seconds=0.22
epoch=78/80 loss=0.000426 seconds=0.22
epoch=79/80 loss=0.000104 seconds=0.23
epoch=80/80 loss=0.000240 seconds=0.25
fold=7/10 OOF_accuracy=0.833333 OOF_AUC=0.801435
Device=cuda; epochs=80; batch=32; model=ResNet1D
epoch=1/80 loss=0.085096 seconds=0.19
epoch=2/80 loss=0.017786 seconds=0.23
epoch=3/80 loss=0.013425 seconds=0.22
epoch=4/80 loss=0.018442 seconds=0.25
epoch=5/80 loss=0.009227 seconds=0.20
epoch=6/80 loss=0.007222 seconds=0.22
epoch=7/80 loss=0.014243 seconds=0.20
epoch=8/80 loss=0.009686 seconds=0.23
epoch=9/80 loss=0.005042 seconds=0.23
epoch=10/80 loss=0.012541 seconds=0.22
epoch=11/80 loss=0.028740 seconds=0.22
epoch=12/80 loss=0.005533 seconds=0.22
epoch=13/80 loss=0.004491 seconds=0.22
epoch=14/80 loss=0.002613 seconds=0.23
epoch=15/80 loss=0.002278 seconds=0.25
epoch=16/80 loss=0.001036 seconds=0.23
epoch=17/80 loss=0.001029 seconds=0.22
epoch=18/80 loss=0.035037 seconds=0.20
epoch=19/80 loss=0.010586 seconds=0.22
epoch=20/80 loss=0.003993 seconds=0.23
epoch=21/80 loss=0.003553 seconds=0.22
epoch=22/80 loss=0.003831 seconds=0.22
epoch=23/80 loss=0.004043 seconds=0.23
epoch=24/80 loss=0.001864 seconds=0.22
epoch=25/80 loss=0.004878 seconds=0.23
epoch=26/80 loss=0.007570 seconds=0.20
epoch=27/80 loss=0.023010 seconds=0.22
epoch=28/80 loss=0.005049 seconds=0.23
epoch=29/80 loss=0.001946 seconds=0.22
epoch=30/80 loss=0.001331 seconds=0.20
epoch=31/80 loss=0.002078 seconds=0.19
epoch=32/80 loss=0.007642 seconds=0.22
epoch=33/80 loss=0.000913 seconds=0.25
epoch=34/80 loss=0.001023 seconds=0.22
epoch=35/80 loss=0.001195 seconds=0.22
epoch=36/80 loss=0.015556 seconds=0.20
epoch=37/80 loss=0.007143 seconds=0.23
epoch=38/80 loss=0.002636 seconds=0.22
epoch=39/80 loss=0.002495 seconds=0.23
epoch=40/80 loss=0.003009 seconds=0.23
epoch=41/80 loss=0.002046 seconds=0.22
epoch=42/80 loss=0.007257 seconds=0.25
epoch=43/80 loss=0.001414 seconds=0.23
epoch=44/80 loss=0.001577 seconds=0.20
epoch=45/80 loss=0.000358 seconds=0.20
epoch=46/80 loss=0.004193 seconds=0.22
epoch=47/80 loss=0.000755 seconds=0.22
epoch=48/80 loss=0.007517 seconds=0.20
epoch=49/80 loss=0.005788 seconds=0.22
epoch=50/80 loss=0.004742 seconds=0.23
epoch=51/80 loss=0.007225 seconds=0.31
epoch=52/80 loss=0.004299 seconds=0.45
epoch=53/80 loss=0.000824 seconds=0.30
epoch=54/80 loss=0.004091 seconds=0.34
epoch=55/80 loss=0.004627 seconds=0.31
epoch=56/80 loss=0.000978 seconds=0.45
epoch=57/80 loss=0.001399 seconds=0.41
epoch=58/80 loss=0.001621 seconds=0.45
epoch=59/80 loss=0.001772 seconds=0.52
epoch=60/80 loss=0.003207 seconds=0.50
epoch=61/80 loss=0.000292 seconds=0.52
epoch=62/80 loss=0.000171 seconds=0.47
epoch=63/80 loss=0.000173 seconds=0.28
epoch=64/80 loss=0.007318 seconds=0.22
epoch=65/80 loss=0.004885 seconds=0.27
epoch=66/80 loss=0.003031 seconds=0.22
epoch=67/80 loss=0.000485 seconds=0.25
epoch=68/80 loss=0.005168 seconds=0.27
epoch=69/80 loss=0.001863 seconds=0.25
epoch=70/80 loss=0.005357 seconds=0.23
epoch=71/80 loss=0.006123 seconds=0.30
epoch=72/80 loss=0.018408 seconds=0.25
epoch=73/80 loss=0.000886 seconds=0.22
epoch=74/80 loss=0.000520 seconds=0.22
epoch=75/80 loss=0.001871 seconds=0.27
epoch=76/80 loss=0.008767 seconds=0.25
epoch=77/80 loss=0.002261 seconds=0.28
epoch=78/80 loss=0.000661 seconds=0.25
epoch=79/80 loss=0.000906 seconds=0.30
epoch=80/80 loss=0.000293 seconds=0.27
fold=8/10 OOF_accuracy=0.700000 OOF_AUC=0.722488
Device=cuda; epochs=80; batch=32; model=ResNet1D
epoch=1/80 loss=0.087075 seconds=0.34
epoch=2/80 loss=0.014912 seconds=0.28
epoch=3/80 loss=0.019442 seconds=0.28
epoch=4/80 loss=0.016727 seconds=0.36
epoch=5/80 loss=0.014105 seconds=0.25
epoch=6/80 loss=0.022311 seconds=0.25
epoch=7/80 loss=0.008158 seconds=0.25
epoch=8/80 loss=0.004845 seconds=0.28
epoch=9/80 loss=0.004029 seconds=0.23
epoch=10/80 loss=0.007772 seconds=0.22
epoch=11/80 loss=0.012828 seconds=0.20
epoch=12/80 loss=0.013523 seconds=0.28
epoch=13/80 loss=0.006059 seconds=0.25
epoch=14/80 loss=0.004906 seconds=0.22
epoch=15/80 loss=0.001501 seconds=0.27
epoch=16/80 loss=0.003879 seconds=0.25
epoch=17/80 loss=0.001642 seconds=0.22
epoch=18/80 loss=0.004510 seconds=0.22
epoch=19/80 loss=0.003410 seconds=0.20
epoch=20/80 loss=0.013861 seconds=0.22
epoch=21/80 loss=0.001624 seconds=0.31
epoch=22/80 loss=0.001482 seconds=0.23
epoch=23/80 loss=0.002269 seconds=0.22
epoch=24/80 loss=0.000374 seconds=0.22
epoch=25/80 loss=0.000371 seconds=0.20
epoch=26/80 loss=0.002575 seconds=0.22
epoch=27/80 loss=0.027355 seconds=0.22
epoch=28/80 loss=0.015041 seconds=0.25
epoch=29/80 loss=0.003678 seconds=0.22
epoch=30/80 loss=0.001767 seconds=0.30
epoch=31/80 loss=0.000719 seconds=0.31
epoch=32/80 loss=0.001260 seconds=0.23
epoch=33/80 loss=0.002054 seconds=0.28
epoch=34/80 loss=0.001410 seconds=0.23
epoch=35/80 loss=0.003077 seconds=0.23
epoch=36/80 loss=0.001432 seconds=0.23
epoch=37/80 loss=0.002954 seconds=0.23
epoch=38/80 loss=0.002701 seconds=0.22
epoch=39/80 loss=0.000231 seconds=0.36
epoch=40/80 loss=0.007920 seconds=0.25
epoch=41/80 loss=0.006501 seconds=0.25
epoch=42/80 loss=0.007549 seconds=0.25
epoch=43/80 loss=0.006166 seconds=0.25
epoch=44/80 loss=0.004408 seconds=0.23
epoch=45/80 loss=0.001618 seconds=0.25
epoch=46/80 loss=0.000559 seconds=0.27
epoch=47/80 loss=0.006503 seconds=0.28
epoch=48/80 loss=0.008893 seconds=0.23
epoch=49/80 loss=0.003656 seconds=0.23
epoch=50/80 loss=0.002938 seconds=0.27
epoch=51/80 loss=0.000298 seconds=0.23
epoch=52/80 loss=0.000352 seconds=0.25
epoch=53/80 loss=0.000091 seconds=0.23
epoch=54/80 loss=0.000138 seconds=0.28
epoch=55/80 loss=0.000214 seconds=0.28
epoch=56/80 loss=0.000136 seconds=0.30
epoch=57/80 loss=0.000065 seconds=0.25
epoch=58/80 loss=0.003576 seconds=0.27
epoch=59/80 loss=0.000819 seconds=0.30
epoch=60/80 loss=0.002635 seconds=0.25
epoch=61/80 loss=0.009605 seconds=0.27
epoch=62/80 loss=0.001540 seconds=0.25
epoch=63/80 loss=0.004435 seconds=0.23
epoch=64/80 loss=0.005865 seconds=0.28
epoch=65/80 loss=0.001942 seconds=0.27
epoch=66/80 loss=0.002902 seconds=0.22
epoch=67/80 loss=0.001159 seconds=0.23
epoch=68/80 loss=0.000478 seconds=0.23
epoch=69/80 loss=0.000296 seconds=0.25
epoch=70/80 loss=0.000094 seconds=0.23
epoch=71/80 loss=0.000063 seconds=0.23
epoch=72/80 loss=0.000067 seconds=0.22
epoch=73/80 loss=0.000027 seconds=0.30
epoch=74/80 loss=0.001447 seconds=0.23
epoch=75/80 loss=0.004814 seconds=0.23
epoch=76/80 loss=0.001322 seconds=0.23
epoch=77/80 loss=0.000583 seconds=0.23
epoch=78/80 loss=0.000160 seconds=0.28
epoch=79/80 loss=0.000084 seconds=0.27
epoch=80/80 loss=0.000076 seconds=0.23
fold=9/10 OOF_accuracy=0.766667 OOF_AUC=0.736842
Device=cuda; epochs=80; batch=32; model=ResNet1D
epoch=1/80 loss=0.086539 seconds=0.23
epoch=2/80 loss=0.025800 seconds=0.22
epoch=3/80 loss=0.021060 seconds=0.20
epoch=4/80 loss=0.015091 seconds=0.22
epoch=5/80 loss=0.012282 seconds=0.23
epoch=6/80 loss=0.024786 seconds=0.25
epoch=7/80 loss=0.012172 seconds=0.22
epoch=8/80 loss=0.016002 seconds=0.30
epoch=9/80 loss=0.009005 seconds=0.22
epoch=10/80 loss=0.007880 seconds=0.20
epoch=11/80 loss=0.009364 seconds=0.22
epoch=12/80 loss=0.001989 seconds=0.20
epoch=13/80 loss=0.002898 seconds=0.22
epoch=14/80 loss=0.006309 seconds=0.20
epoch=15/80 loss=0.009503 seconds=0.23
epoch=16/80 loss=0.008717 seconds=0.23
epoch=17/80 loss=0.004987 seconds=0.27
epoch=18/80 loss=0.022677 seconds=0.33
epoch=19/80 loss=0.004984 seconds=0.22
epoch=20/80 loss=0.002433 seconds=0.22
epoch=21/80 loss=0.000592 seconds=0.25
epoch=22/80 loss=0.001012 seconds=0.20
epoch=23/80 loss=0.013899 seconds=0.25
epoch=24/80 loss=0.007605 seconds=0.23
epoch=25/80 loss=0.001011 seconds=0.22
epoch=26/80 loss=0.008626 seconds=0.22
epoch=27/80 loss=0.022802 seconds=0.25
epoch=28/80 loss=0.011954 seconds=0.22
epoch=29/80 loss=0.006657 seconds=0.22
epoch=30/80 loss=0.002048 seconds=0.20
epoch=31/80 loss=0.001076 seconds=0.20
epoch=32/80 loss=0.006117 seconds=0.25
epoch=33/80 loss=0.006382 seconds=0.22
epoch=34/80 loss=0.003300 seconds=0.25
epoch=35/80 loss=0.000996 seconds=0.25
epoch=36/80 loss=0.001386 seconds=0.30
epoch=37/80 loss=0.000512 seconds=0.23
epoch=38/80 loss=0.000693 seconds=0.22
epoch=39/80 loss=0.000188 seconds=0.23
epoch=40/80 loss=0.000363 seconds=0.27
epoch=41/80 loss=0.005777 seconds=0.23
epoch=42/80 loss=0.004914 seconds=0.23
epoch=43/80 loss=0.005119 seconds=0.25
epoch=44/80 loss=0.003072 seconds=0.23
epoch=45/80 loss=0.001107 seconds=0.31
epoch=46/80 loss=0.002675 seconds=0.22
epoch=47/80 loss=0.007166 seconds=0.27
epoch=48/80 loss=0.014100 seconds=0.27
epoch=49/80 loss=0.001478 seconds=0.23
epoch=50/80 loss=0.001125 seconds=0.23
epoch=51/80 loss=0.000291 seconds=0.23
epoch=52/80 loss=0.002041 seconds=0.25
epoch=53/80 loss=0.002506 seconds=0.25
epoch=54/80 loss=0.005760 seconds=0.25
epoch=55/80 loss=0.009550 seconds=0.23
epoch=56/80 loss=0.011308 seconds=0.22
epoch=57/80 loss=0.002307 seconds=0.22
epoch=58/80 loss=0.002578 seconds=0.23
epoch=59/80 loss=0.003839 seconds=0.23
epoch=60/80 loss=0.001116 seconds=0.22
epoch=61/80 loss=0.000206 seconds=0.22
epoch=62/80 loss=0.000275 seconds=0.23
epoch=63/80 loss=0.000125 seconds=0.28
epoch=64/80 loss=0.005766 seconds=0.25
epoch=65/80 loss=0.008420 seconds=0.23
epoch=66/80 loss=0.001400 seconds=0.30
epoch=67/80 loss=0.002748 seconds=0.34
epoch=68/80 loss=0.000657 seconds=0.33
epoch=69/80 loss=0.001302 seconds=0.23
epoch=70/80 loss=0.003835 seconds=0.25
epoch=71/80 loss=0.000288 seconds=0.27
epoch=72/80 loss=0.002636 seconds=0.22
epoch=73/80 loss=0.002682 seconds=0.23
epoch=74/80 loss=0.000487 seconds=0.23
epoch=75/80 loss=0.000314 seconds=0.25
epoch=76/80 loss=0.000307 seconds=0.22
epoch=77/80 loss=0.001787 seconds=0.23
epoch=78/80 loss=0.003420 seconds=0.22
epoch=79/80 loss=0.000264 seconds=0.27
epoch=80/80 loss=0.000148 seconds=0.27
fold=10/10 OOF_accuracy=0.700000 OOF_AUC=0.643541
Device=cuda; epochs=80; batch=32; model=ResNet1D
epoch=1/80 loss=0.081170 seconds=0.36
epoch=2/80 loss=0.026116 seconds=0.39
epoch=3/80 loss=0.031760 seconds=0.33
epoch=4/80 loss=0.025013 seconds=0.34
epoch=5/80 loss=0.022004 seconds=0.27
epoch=6/80 loss=0.011984 seconds=0.25
epoch=7/80 loss=0.008101 seconds=0.27
epoch=8/80 loss=0.018210 seconds=0.25
epoch=9/80 loss=0.030717 seconds=0.25
epoch=10/80 loss=0.010484 seconds=0.27
epoch=11/80 loss=0.009833 seconds=0.23
epoch=12/80 loss=0.012113 seconds=0.28
epoch=13/80 loss=0.013524 seconds=0.25
epoch=14/80 loss=0.011150 seconds=0.27
epoch=15/80 loss=0.004481 seconds=0.25
epoch=16/80 loss=0.010260 seconds=0.28
epoch=17/80 loss=0.013790 seconds=0.36
epoch=18/80 loss=0.003374 seconds=0.27
epoch=19/80 loss=0.013719 seconds=0.27
epoch=20/80 loss=0.002697 seconds=0.34
epoch=21/80 loss=0.009232 seconds=0.28
epoch=22/80 loss=0.003392 seconds=0.27
epoch=23/80 loss=0.014686 seconds=0.28
epoch=24/80 loss=0.014510 seconds=0.31
epoch=25/80 loss=0.006129 seconds=0.27
epoch=26/80 loss=0.003926 seconds=0.28
epoch=27/80 loss=0.002812 seconds=0.30
epoch=28/80 loss=0.000904 seconds=0.28
epoch=29/80 loss=0.004029 seconds=0.27
epoch=30/80 loss=0.001229 seconds=0.27
epoch=31/80 loss=0.003829 seconds=0.25
epoch=32/80 loss=0.003232 seconds=0.27
epoch=33/80 loss=0.006995 seconds=0.27
epoch=34/80 loss=0.001160 seconds=0.30
epoch=35/80 loss=0.000446 seconds=0.33
epoch=36/80 loss=0.000714 seconds=0.27
epoch=37/80 loss=0.007478 seconds=0.28
epoch=38/80 loss=0.004638 seconds=0.27
epoch=39/80 loss=0.005606 seconds=0.27
epoch=40/80 loss=0.001573 seconds=0.28
epoch=41/80 loss=0.000526 seconds=0.27
epoch=42/80 loss=0.005056 seconds=0.27
epoch=43/80 loss=0.003144 seconds=0.30
epoch=44/80 loss=0.010004 seconds=0.27
epoch=45/80 loss=0.014364 seconds=0.25
epoch=46/80 loss=0.001554 seconds=0.25
epoch=47/80 loss=0.003325 seconds=0.25
epoch=48/80 loss=0.000451 seconds=0.25
epoch=49/80 loss=0.000209 seconds=0.27
epoch=50/80 loss=0.000140 seconds=0.25
epoch=51/80 loss=0.000163 seconds=0.30
epoch=52/80 loss=0.000142 seconds=0.30
epoch=53/80 loss=0.000291 seconds=0.27
epoch=54/80 loss=0.004219 seconds=0.25
epoch=55/80 loss=0.010291 seconds=0.25
epoch=56/80 loss=0.011619 seconds=0.34
epoch=57/80 loss=0.001213 seconds=0.27
epoch=58/80 loss=0.008080 seconds=0.23
epoch=59/80 loss=0.003147 seconds=0.31
epoch=60/80 loss=0.004472 seconds=0.23
epoch=61/80 loss=0.000583 seconds=0.23
epoch=62/80 loss=0.000163 seconds=0.27
epoch=63/80 loss=0.020892 seconds=0.27
epoch=64/80 loss=0.001391 seconds=0.25
epoch=65/80 loss=0.002802 seconds=0.27
epoch=66/80 loss=0.006140 seconds=0.27
epoch=67/80 loss=0.002034 seconds=0.30
epoch=68/80 loss=0.001428 seconds=0.30
epoch=69/80 loss=0.002437 seconds=0.27
epoch=70/80 loss=0.002155 seconds=0.27
epoch=71/80 loss=0.002113 seconds=0.27
epoch=72/80 loss=0.001860 seconds=0.27
epoch=73/80 loss=0.005091 seconds=0.25
epoch=74/80 loss=0.004492 seconds=0.27
epoch=75/80 loss=0.001017 seconds=0.28
epoch=76/80 loss=0.000294 seconds=0.27
epoch=77/80 loss=0.004604 seconds=0.28
epoch=78/80 loss=0.002488 seconds=0.27
epoch=79/80 loss=0.000928 seconds=0.25
epoch=80/80 loss=0.017801 seconds=0.28
{"cv_oof": {"accuracy": 0.7333333333333333, "balanced_accuracy": 0.6964699074074074, "sensitivity": 0.5648148148148148, "specificity": 0.828125, "f1_macro": 0.701477685456988, "roc_auc": 0.720703125, "confusion_matrix": [[159, 33], [47, 61]], "classification_report": {"0": {"precision": 0.7718446601941747, "recall": 0.828125, "f1-score": 0.7989949748743719, "support": 192.0}, "1": {"precision": 0.648936170212766, "recall": 0.5648148148148148, "f1-score": 0.6039603960396039, "support": 108.0}, "accuracy": 0.7333333333333333, "macro avg": {"precision": 0.7103904152034703, "recall": 0.6964699074074074, "f1-score": 0.701477685456988, "support": 300.0}, "weighted avg": {"precision": 0.7275976038008676, "recall": 0.7333333333333333, "f1-score": 0.7287825264938554, "support": 300.0}}}, "test": {"accuracy": 0.7397260273972602, "balanced_accuracy": 0.7377250409165302, "sensitivity": 0.7307692307692307, "specificity": 0.7446808510638298, "f1_macro": 0.7265917602996255, "roc_auc": 0.8101472995090017, "confusion_matrix": [[35, 12], [7, 19]], "classification_report": {"0": {"precision": 0.8333333333333334, "recall": 0.7446808510638298, "f1-score": 0.7865168539325843, "support": 47.0}, "1": {"precision": 0.6129032258064516, "recall": 0.7307692307692307, "f1-score": 0.6666666666666666, "support": 26.0}, "accuracy": 0.7397260273972602, "macro avg": {"precision": 0.7231182795698925, "recall": 0.7377250409165302, "f1-score": 0.7265917602996255, "support": 73.0}, "weighted avg": {"precision": 0.7548239799675948, "recall": 0.7397260273972602, "f1-score": 0.7438304858652711, "support": 73.0}}}, "folds": 10, "original_train_rows": 300, "train_rows": 1920, "test_rows": 73, "elapsed_seconds": 220.78200000000652}
