Command: ["Model/bootstrap_all_models.py", "--rounds", "1000", "--seed", "42"]
[1/68] START coef_raw/left/SVM
[1/68] completed seconds=0.969
[2/68] START coef_raw/left/MLP
[2/68] completed seconds=0.688
[3/68] START coef_raw/left/ResNet
[3/68] completed seconds=0.594
[4/68] START coef_raw/left/ResNetAE
[4/68] completed seconds=0.609
[5/68] START coef_raw/left/MobileNet
[5/68] completed seconds=0.594
[6/68] START coef_raw/left/SqueezeNet
[6/68] completed seconds=0.593
[7/68] START coef_raw/right/SVM
[7/68] completed seconds=0.672
[8/68] START coef_raw/right/MLP
[8/68] completed seconds=0.625
[9/68] START coef_raw/right/ResNet
[9/68] completed seconds=0.594
[10/68] START coef_raw/right/ResNetAE
[10/68] completed seconds=0.578
[11/68] START coef_raw/right/MobileNet
[11/68] completed seconds=0.578
[12/68] START coef_raw/right/SqueezeNet
[12/68] completed seconds=0.609
[13/68] START coef_raw_balanced_jitter/left/SVM
[13/68] completed seconds=0.656
[14/68] START coef_raw_balanced_jitter/left/MLP
[14/68] completed seconds=0.61
[15/68] START coef_raw_balanced_jitter/left/ResNet
[15/68] completed seconds=0.625
[16/68] START coef_raw_balanced_jitter/left/ResNetAE
[16/68] completed seconds=0.594
[17/68] START coef_raw_balanced_jitter/left/MobileNet
[17/68] completed seconds=0.593
[18/68] START coef_raw_balanced_jitter/left/SqueezeNet
[18/68] completed seconds=0.672
[19/68] START coef_raw_balanced_jitter/right/SVM
[19/68] completed seconds=0.641
[20/68] START coef_raw_balanced_jitter/right/MLP
[20/68] completed seconds=0.609
[21/68] START coef_raw_balanced_jitter/right/ResNet
[21/68] completed seconds=0.61
[22/68] START coef_raw_balanced_jitter/right/ResNetAE
[22/68] completed seconds=0.593
[23/68] START coef_raw_balanced_jitter/right/MobileNet
[23/68] completed seconds=0.594
[24/68] START coef_raw_balanced_jitter/right/SqueezeNet
[24/68] completed seconds=0.688
[25/68] START coef_plsda/left/SVM
[25/68] completed seconds=0.594
[26/68] START coef_plsda/left/MLP
[26/68] completed seconds=0.594
[27/68] START coef_plsda/left/ResNet
[27/68] completed seconds=0.593
[28/68] START coef_plsda/left/ResNetAE
[28/68] completed seconds=0.578
[29/68] START coef_plsda/left/MobileNet
[29/68] completed seconds=0.656
[30/68] START coef_plsda/left/SqueezeNet
[30/68] completed seconds=0.609
[31/68] START coef_plsda/right/SVM
[31/68] completed seconds=0.609
[32/68] START coef_plsda/right/MLP
[32/68] completed seconds=0.594
[33/68] START coef_plsda/right/ResNet
[33/68] completed seconds=0.578
[34/68] START coef_plsda/right/ResNetAE
[34/68] completed seconds=0.594
[35/68] START coef_plsda/right/MobileNet
[35/68] completed seconds=0.641
[36/68] START coef_plsda/right/SqueezeNet
[36/68] completed seconds=0.593
[37/68] START augment_plsda_balanced/left/SVM
[37/68] completed seconds=0.625
[38/68] START augment_plsda_balanced/left/MLP
[38/68] completed seconds=0.625
[39/68] START augment_plsda_balanced/left/ResNet
[39/68] completed seconds=0.594
[40/68] START augment_plsda_balanced/left/ResNetAE
[40/68] completed seconds=0.672
[41/68] START augment_plsda_balanced/left/MobileNet
[41/68] completed seconds=0.594
[42/68] START augment_plsda_balanced/left/SqueezeNet
[42/68] completed seconds=0.625
[43/68] START augment_plsda_balanced/right/SVM
[43/68] completed seconds=0.625
[44/68] START augment_plsda_balanced/right/MLP
[44/68] completed seconds=0.594
[45/68] START augment_plsda_balanced/right/ResNet
[45/68] completed seconds=0.593
[46/68] START augment_plsda_balanced/right/ResNetAE
[46/68] completed seconds=0.656
[47/68] START augment_plsda_balanced/right/MobileNet
[47/68] completed seconds=0.625
[48/68] START augment_plsda_balanced/right/SqueezeNet
[48/68] completed seconds=0.625
[49/68] START plsda_latent_features/left/SVM
[49/68] completed seconds=0.609
[50/68] START plsda_latent_features/left/MLP
[50/68] completed seconds=0.593
[51/68] START plsda_latent_features/left/ResNet
[51/68] completed seconds=0.656
[52/68] START plsda_latent_features/left/ResNetAE
[52/68] completed seconds=0.609
[53/68] START plsda_latent_features/left/MobileNet
[53/68] completed seconds=0.61
[54/68] START plsda_latent_features/left/SqueezeNet
[54/68] completed seconds=0.61
[55/68] START plsda_latent_features/right/SVM
[55/68] completed seconds=0.594
[56/68] START plsda_latent_features/right/MLP
[56/68] completed seconds=0.609
[57/68] START plsda_latent_features/right/ResNet
[57/68] completed seconds=0.656
[58/68] START plsda_latent_features/right/ResNetAE
[58/68] completed seconds=0.594
[59/68] START plsda_latent_features/right/MobileNet
[59/68] completed seconds=0.625
[60/68] START plsda_latent_features/right/SqueezeNet
[60/68] completed seconds=0.61
[61/68] START pointnet_raw/left/PointNet
[61/68] completed seconds=0.61
[62/68] START pointnet_raw/right/PointNet
[62/68] completed seconds=0.657
[63/68] START pointnet_raw_balanced_jitter/left/PointNet
[63/68] completed seconds=0.594
[64/68] START pointnet_raw_balanced_jitter/right/PointNet
[64/68] completed seconds=0.593
[65/68] START pointnet_plsda/left/PointNet
[65/68] completed seconds=0.625
[66/68] START pointnet_plsda/right/PointNet
[66/68] completed seconds=0.625
[67/68] START plsda_direct/left/PLSDA
[67/68] completed seconds=0.594
[68/68] START plsda_direct/right/PLSDA
[68/68] completed seconds=0.656
Completed=68 Failed=0
