Command: ["C:\\Users\\IHCK\\AppData\\Local\\Programs\\Python\\Python312\\python.exe", "-u", "C:\\Users\\IHCK\\Desktop\\1_10_69Final\\Hippocampal-Shape-Analysis-for-Epilepsy-Detection\\Model\\train_dataset_model.py", "--dataset", "coef_raw", "--side", "left", "--model", "MobileNet", "--kind", "coef", "--train-csv", "C:\\Users\\IHCK\\Desktop\\1_10_69Final\\Hippocampal-Shape-Analysis-for-Epilepsy-Detection\\Output_Dataset\\coef_raw\\left\\train_prepared.csv", "--test-csv", "C:\\Users\\IHCK\\Desktop\\1_10_69Final\\Hippocampal-Shape-Analysis-for-Epilepsy-Detection\\Output_Dataset\\coef_raw\\left\\test_prepared.csv", "--output-dir", "C:\\Users\\IHCK\\Desktop\\1_10_69Final\\Hippocampal-Shape-Analysis-for-Epilepsy-Detection\\Model_Results\\dataset_runs_20261003_10fold\\coef_raw\\left\\MobileNet", "--epochs", "80", "--folds", "10", "--pls-components", "8", "--seed", "42", "--threads", "2"]
10-fold CV: dataset=coef_raw side=left model=MobileNet; original_train=300 test=73
Device=cuda; epochs=80; batch=32; model=MobileNetV2_1D
epoch=1/80 loss=0.599868 seconds=0.45
epoch=2/80 loss=0.317453 seconds=0.06
epoch=3/80 loss=0.180896 seconds=0.06
epoch=4/80 loss=0.105296 seconds=0.05
epoch=5/80 loss=0.103331 seconds=0.06
epoch=6/80 loss=0.074326 seconds=0.06
epoch=7/80 loss=0.054637 seconds=0.06
epoch=8/80 loss=0.038794 seconds=0.05
epoch=9/80 loss=0.032439 seconds=0.06
epoch=10/80 loss=0.029707 seconds=0.06
epoch=11/80 loss=0.017158 seconds=0.05
epoch=12/80 loss=0.025819 seconds=0.06
epoch=13/80 loss=0.031834 seconds=0.05
epoch=14/80 loss=0.033562 seconds=0.06
epoch=15/80 loss=0.024419 seconds=0.06
epoch=16/80 loss=0.021985 seconds=0.06
epoch=17/80 loss=0.009758 seconds=0.05
epoch=18/80 loss=0.019296 seconds=0.06
epoch=19/80 loss=0.036528 seconds=0.05
epoch=20/80 loss=0.015368 seconds=0.06
epoch=21/80 loss=0.016196 seconds=0.06
epoch=22/80 loss=0.025634 seconds=0.06
epoch=23/80 loss=0.032645 seconds=0.05
epoch=24/80 loss=0.030128 seconds=0.05
epoch=25/80 loss=0.025920 seconds=0.06
epoch=26/80 loss=0.015089 seconds=0.06
epoch=27/80 loss=0.013034 seconds=0.05
epoch=28/80 loss=0.033158 seconds=0.06
epoch=29/80 loss=0.031188 seconds=0.05
epoch=30/80 loss=0.033120 seconds=0.06
epoch=31/80 loss=0.006939 seconds=0.05
epoch=32/80 loss=0.022297 seconds=0.06
epoch=33/80 loss=0.012997 seconds=0.06
epoch=34/80 loss=0.013509 seconds=0.06
epoch=35/80 loss=0.015257 seconds=0.06
epoch=36/80 loss=0.056233 seconds=0.06
epoch=37/80 loss=0.010553 seconds=0.06
epoch=38/80 loss=0.013933 seconds=0.06
epoch=39/80 loss=0.016640 seconds=0.06
epoch=40/80 loss=0.005845 seconds=0.09
epoch=41/80 loss=0.002401 seconds=0.06
epoch=42/80 loss=0.003558 seconds=0.05
epoch=43/80 loss=0.002411 seconds=0.06
epoch=44/80 loss=0.002227 seconds=0.05
epoch=45/80 loss=0.003759 seconds=0.06
epoch=46/80 loss=0.003101 seconds=0.06
epoch=47/80 loss=0.001493 seconds=0.06
epoch=48/80 loss=0.002129 seconds=0.05
epoch=49/80 loss=0.003425 seconds=0.06
epoch=50/80 loss=0.001721 seconds=0.05
epoch=51/80 loss=0.004778 seconds=0.06
epoch=52/80 loss=0.015302 seconds=0.06
epoch=53/80 loss=0.013009 seconds=0.05
epoch=54/80 loss=0.023756 seconds=0.06
epoch=55/80 loss=0.004321 seconds=0.06
epoch=56/80 loss=0.005274 seconds=0.05
epoch=57/80 loss=0.019769 seconds=0.06
epoch=58/80 loss=0.020788 seconds=0.05
epoch=59/80 loss=0.007872 seconds=0.06
epoch=60/80 loss=0.009044 seconds=0.06
epoch=61/80 loss=0.002634 seconds=0.05
epoch=62/80 loss=0.003032 seconds=0.06
epoch=63/80 loss=0.001912 seconds=0.06
epoch=64/80 loss=0.002090 seconds=0.05
epoch=65/80 loss=0.008523 seconds=0.06
epoch=66/80 loss=0.013797 seconds=0.05
epoch=67/80 loss=0.009021 seconds=0.06
epoch=68/80 loss=0.004383 seconds=0.05
epoch=69/80 loss=0.009120 seconds=0.06
epoch=70/80 loss=0.001577 seconds=0.05
epoch=71/80 loss=0.001657 seconds=0.06
epoch=72/80 loss=0.002225 seconds=0.06
epoch=73/80 loss=0.000831 seconds=0.06
epoch=74/80 loss=0.004366 seconds=0.06
epoch=75/80 loss=0.001060 seconds=0.05
epoch=76/80 loss=0.005997 seconds=0.06
epoch=77/80 loss=0.014777 seconds=0.06
epoch=78/80 loss=0.011413 seconds=0.05
epoch=79/80 loss=0.033543 seconds=0.06
epoch=80/80 loss=0.010364 seconds=0.06
fold=1/10 OOF_accuracy=0.733333 OOF_AUC=0.715000
Device=cuda; epochs=80; batch=32; model=MobileNetV2_1D
epoch=1/80 loss=0.614091 seconds=0.05
epoch=2/80 loss=0.327784 seconds=0.06
epoch=3/80 loss=0.177685 seconds=0.05
epoch=4/80 loss=0.105796 seconds=0.05
epoch=5/80 loss=0.092981 seconds=0.06
epoch=6/80 loss=0.067565 seconds=0.06
epoch=7/80 loss=0.043795 seconds=0.05
epoch=8/80 loss=0.044837 seconds=0.06
epoch=9/80 loss=0.062613 seconds=0.06
epoch=10/80 loss=0.042416 seconds=0.05
epoch=11/80 loss=0.025640 seconds=0.06
epoch=12/80 loss=0.040770 seconds=0.05
epoch=13/80 loss=0.035164 seconds=0.06
epoch=14/80 loss=0.015286 seconds=0.06
epoch=15/80 loss=0.011799 seconds=0.06
epoch=16/80 loss=0.016567 seconds=0.06
epoch=17/80 loss=0.010896 seconds=0.05
epoch=18/80 loss=0.012434 seconds=0.08
epoch=19/80 loss=0.026032 seconds=0.05
epoch=20/80 loss=0.033786 seconds=0.06
epoch=21/80 loss=0.019528 seconds=0.05
epoch=22/80 loss=0.016241 seconds=0.06
epoch=23/80 loss=0.016594 seconds=0.06
epoch=24/80 loss=0.013653 seconds=0.05
epoch=25/80 loss=0.026994 seconds=0.06
epoch=26/80 loss=0.011882 seconds=0.05
epoch=27/80 loss=0.012208 seconds=0.06
epoch=28/80 loss=0.018043 seconds=0.06
epoch=29/80 loss=0.017695 seconds=0.06
epoch=30/80 loss=0.009314 seconds=0.05
epoch=31/80 loss=0.015944 seconds=0.06
epoch=32/80 loss=0.031628 seconds=0.05
epoch=33/80 loss=0.015036 seconds=0.06
epoch=34/80 loss=0.008997 seconds=0.05
epoch=35/80 loss=0.011143 seconds=0.06
epoch=36/80 loss=0.003690 seconds=0.06
epoch=37/80 loss=0.017341 seconds=0.05
epoch=38/80 loss=0.012438 seconds=0.06
epoch=39/80 loss=0.008526 seconds=0.05
epoch=40/80 loss=0.010047 seconds=0.06
epoch=41/80 loss=0.003027 seconds=0.06
epoch=42/80 loss=0.003482 seconds=0.06
epoch=43/80 loss=0.006101 seconds=0.05
epoch=44/80 loss=0.023330 seconds=0.06
epoch=45/80 loss=0.004053 seconds=0.06
epoch=46/80 loss=0.003659 seconds=0.06
epoch=47/80 loss=0.001788 seconds=0.06
epoch=48/80 loss=0.005001 seconds=0.05
epoch=49/80 loss=0.002528 seconds=0.05
epoch=50/80 loss=0.007780 seconds=0.06
epoch=51/80 loss=0.010730 seconds=0.05
epoch=52/80 loss=0.002356 seconds=0.06
epoch=53/80 loss=0.005951 seconds=0.06
epoch=54/80 loss=0.002965 seconds=0.06
epoch=55/80 loss=0.001470 seconds=0.05
epoch=56/80 loss=0.003645 seconds=0.06
epoch=57/80 loss=0.020474 seconds=0.05
epoch=58/80 loss=0.001179 seconds=0.06
epoch=59/80 loss=0.003401 seconds=0.05
epoch=60/80 loss=0.010044 seconds=0.06
epoch=61/80 loss=0.033025 seconds=0.06
epoch=62/80 loss=0.002793 seconds=0.05
epoch=63/80 loss=0.001856 seconds=0.06
epoch=64/80 loss=0.006187 seconds=0.06
epoch=65/80 loss=0.006390 seconds=0.06
epoch=66/80 loss=0.019143 seconds=0.06
epoch=67/80 loss=0.048990 seconds=0.05
epoch=68/80 loss=0.006309 seconds=0.06
epoch=69/80 loss=0.031169 seconds=0.06
epoch=70/80 loss=0.006223 seconds=0.05
epoch=71/80 loss=0.022315 seconds=0.06
epoch=72/80 loss=0.030498 seconds=0.06
epoch=73/80 loss=0.019642 seconds=0.05
epoch=74/80 loss=0.088159 seconds=0.06
epoch=75/80 loss=0.029932 seconds=0.05
epoch=76/80 loss=0.070953 seconds=0.06
epoch=77/80 loss=0.009300 seconds=0.06
epoch=78/80 loss=0.019865 seconds=0.06
epoch=79/80 loss=0.003138 seconds=0.05
epoch=80/80 loss=0.050008 seconds=0.06
fold=2/10 OOF_accuracy=0.733333 OOF_AUC=0.645000
Device=cuda; epochs=80; batch=32; model=MobileNetV2_1D
epoch=1/80 loss=0.630376 seconds=0.06
epoch=2/80 loss=0.380760 seconds=0.06
epoch=3/80 loss=0.219549 seconds=0.06
epoch=4/80 loss=0.125932 seconds=0.05
epoch=5/80 loss=0.107374 seconds=0.06
epoch=6/80 loss=0.081309 seconds=0.06
epoch=7/80 loss=0.051007 seconds=0.05
epoch=8/80 loss=0.048248 seconds=0.06
epoch=9/80 loss=0.035010 seconds=0.05
epoch=10/80 loss=0.029039 seconds=0.06
epoch=11/80 loss=0.021485 seconds=0.06
epoch=12/80 loss=0.035182 seconds=0.06
epoch=13/80 loss=0.032206 seconds=0.05
epoch=14/80 loss=0.012310 seconds=0.06
epoch=15/80 loss=0.012043 seconds=0.05
epoch=16/80 loss=0.021806 seconds=0.06
epoch=17/80 loss=0.020404 seconds=0.05
epoch=18/80 loss=0.020111 seconds=0.06
epoch=19/80 loss=0.024683 seconds=0.06
epoch=20/80 loss=0.023238 seconds=0.06
epoch=21/80 loss=0.019212 seconds=0.06
epoch=22/80 loss=0.021622 seconds=0.05
epoch=23/80 loss=0.047457 seconds=0.06
epoch=24/80 loss=0.028209 seconds=0.06
epoch=25/80 loss=0.042861 seconds=0.06
epoch=26/80 loss=0.017434 seconds=0.05
epoch=27/80 loss=0.008996 seconds=0.08
epoch=28/80 loss=0.026138 seconds=0.06
epoch=29/80 loss=0.011561 seconds=0.06
epoch=30/80 loss=0.015665 seconds=0.08
epoch=31/80 loss=0.023689 seconds=0.06
epoch=32/80 loss=0.029721 seconds=0.09
epoch=33/80 loss=0.022878 seconds=0.06
epoch=34/80 loss=0.014596 seconds=0.08
epoch=35/80 loss=0.006577 seconds=0.08
epoch=36/80 loss=0.006103 seconds=0.06
epoch=37/80 loss=0.007110 seconds=0.08
epoch=38/80 loss=0.005645 seconds=0.08
epoch=39/80 loss=0.006715 seconds=0.08
epoch=40/80 loss=0.003936 seconds=0.06
epoch=41/80 loss=0.002279 seconds=0.08
epoch=42/80 loss=0.002990 seconds=0.08
epoch=43/80 loss=0.002015 seconds=0.06
epoch=44/80 loss=0.002181 seconds=0.08
epoch=45/80 loss=0.002154 seconds=0.08
epoch=46/80 loss=0.002677 seconds=0.08
epoch=47/80 loss=0.001494 seconds=0.06
epoch=48/80 loss=0.001870 seconds=0.08
epoch=49/80 loss=0.006494 seconds=0.08
epoch=50/80 loss=0.004690 seconds=0.06
epoch=51/80 loss=0.032531 seconds=0.08
epoch=52/80 loss=0.005085 seconds=0.08
epoch=53/80 loss=0.009625 seconds=0.08
epoch=54/80 loss=0.002492 seconds=0.08
epoch=55/80 loss=0.001786 seconds=0.08
epoch=56/80 loss=0.001851 seconds=0.08
epoch=57/80 loss=0.004369 seconds=0.08
epoch=58/80 loss=0.001308 seconds=0.06
epoch=59/80 loss=0.001947 seconds=0.08
epoch=60/80 loss=0.008430 seconds=0.08
epoch=61/80 loss=0.002229 seconds=0.06
epoch=62/80 loss=0.005237 seconds=0.08
epoch=63/80 loss=0.012125 seconds=0.08
epoch=64/80 loss=0.045526 seconds=0.06
epoch=65/80 loss=0.049959 seconds=0.08
epoch=66/80 loss=0.055336 seconds=0.08
epoch=67/80 loss=0.027460 seconds=0.06
epoch=68/80 loss=0.008228 seconds=0.08
epoch=69/80 loss=0.011792 seconds=0.06
epoch=70/80 loss=0.002576 seconds=0.06
epoch=71/80 loss=0.002602 seconds=0.05
epoch=72/80 loss=0.004774 seconds=0.06
epoch=73/80 loss=0.002254 seconds=0.06
epoch=74/80 loss=0.004620 seconds=0.05
epoch=75/80 loss=0.001114 seconds=0.06
epoch=76/80 loss=0.002245 seconds=0.05
epoch=77/80 loss=0.001494 seconds=0.06
epoch=78/80 loss=0.002508 seconds=0.06
epoch=79/80 loss=0.001531 seconds=0.06
epoch=80/80 loss=0.004388 seconds=0.05
fold=3/10 OOF_accuracy=0.700000 OOF_AUC=0.712919
Device=cuda; epochs=80; batch=32; model=MobileNetV2_1D
epoch=1/80 loss=0.636923 seconds=0.08
epoch=2/80 loss=0.360975 seconds=0.08
epoch=3/80 loss=0.206096 seconds=0.08
epoch=4/80 loss=0.113935 seconds=0.06
epoch=5/80 loss=0.098333 seconds=0.08
epoch=6/80 loss=0.065251 seconds=0.08
epoch=7/80 loss=0.043417 seconds=0.08
epoch=8/80 loss=0.034610 seconds=0.06
epoch=9/80 loss=0.031881 seconds=0.08
epoch=10/80 loss=0.025475 seconds=0.08
epoch=11/80 loss=0.027964 seconds=0.08
epoch=12/80 loss=0.024686 seconds=0.06
epoch=13/80 loss=0.031055 seconds=0.08
epoch=14/80 loss=0.011703 seconds=0.08
epoch=15/80 loss=0.011754 seconds=0.06
epoch=16/80 loss=0.013280 seconds=0.08
epoch=17/80 loss=0.008074 seconds=0.06
epoch=18/80 loss=0.010740 seconds=0.08
epoch=19/80 loss=0.012879 seconds=0.08
epoch=20/80 loss=0.031312 seconds=0.06
epoch=21/80 loss=0.012581 seconds=0.08
epoch=22/80 loss=0.013935 seconds=0.06
epoch=23/80 loss=0.017817 seconds=0.08
epoch=24/80 loss=0.026171 seconds=0.08
epoch=25/80 loss=0.029265 seconds=0.06
epoch=26/80 loss=0.031407 seconds=0.08
epoch=27/80 loss=0.010509 seconds=0.06
epoch=28/80 loss=0.015696 seconds=0.08
epoch=29/80 loss=0.006072 seconds=0.06
epoch=30/80 loss=0.008424 seconds=0.08
epoch=31/80 loss=0.005302 seconds=0.08
epoch=32/80 loss=0.008085 seconds=0.06
epoch=33/80 loss=0.004770 seconds=0.08
epoch=34/80 loss=0.005552 seconds=0.08
epoch=35/80 loss=0.003503 seconds=0.06
epoch=36/80 loss=0.003356 seconds=0.06
epoch=37/80 loss=0.003728 seconds=0.08
epoch=38/80 loss=0.006280 seconds=0.06
epoch=39/80 loss=0.004593 seconds=0.08
epoch=40/80 loss=0.024039 seconds=0.08
epoch=41/80 loss=0.005347 seconds=0.06
epoch=42/80 loss=0.008293 seconds=0.08
epoch=43/80 loss=0.004228 seconds=0.05
epoch=44/80 loss=0.002730 seconds=0.06
epoch=45/80 loss=0.004279 seconds=0.06
epoch=46/80 loss=0.004548 seconds=0.05
epoch=47/80 loss=0.001832 seconds=0.06
epoch=48/80 loss=0.002305 seconds=0.05
epoch=49/80 loss=0.002130 seconds=0.08
epoch=50/80 loss=0.001293 seconds=0.05
epoch=51/80 loss=0.002064 seconds=0.06
epoch=52/80 loss=0.001595 seconds=0.06
epoch=53/80 loss=0.001249 seconds=0.06
epoch=54/80 loss=0.001460 seconds=0.06
epoch=55/80 loss=0.001006 seconds=0.05
epoch=56/80 loss=0.001014 seconds=0.06
epoch=57/80 loss=0.001554 seconds=0.06
epoch=58/80 loss=0.000981 seconds=0.06
epoch=59/80 loss=0.001192 seconds=0.05
epoch=60/80 loss=0.001778 seconds=0.06
epoch=61/80 loss=0.000873 seconds=0.05
epoch=62/80 loss=0.001046 seconds=0.06
epoch=63/80 loss=0.000718 seconds=0.05
epoch=64/80 loss=0.001099 seconds=0.06
epoch=65/80 loss=0.001342 seconds=0.06
epoch=66/80 loss=0.000957 seconds=0.05
epoch=67/80 loss=0.000958 seconds=0.06
epoch=68/80 loss=0.000651 seconds=0.05
epoch=69/80 loss=0.001152 seconds=0.06
epoch=70/80 loss=0.000496 seconds=0.05
epoch=71/80 loss=0.000647 seconds=0.06
epoch=72/80 loss=0.000893 seconds=0.06
epoch=73/80 loss=0.000573 seconds=0.05
epoch=74/80 loss=0.001392 seconds=0.05
epoch=75/80 loss=0.000526 seconds=0.06
epoch=76/80 loss=0.001115 seconds=0.06
epoch=77/80 loss=0.000540 seconds=0.05
epoch=78/80 loss=0.000848 seconds=0.06
epoch=79/80 loss=0.000566 seconds=0.05
epoch=80/80 loss=0.000536 seconds=0.06
fold=4/10 OOF_accuracy=0.766667 OOF_AUC=0.808612
Device=cuda; epochs=80; batch=32; model=MobileNetV2_1D
epoch=1/80 loss=0.626767 seconds=0.05
epoch=2/80 loss=0.332735 seconds=0.06
epoch=3/80 loss=0.187266 seconds=0.05
epoch=4/80 loss=0.109318 seconds=0.06
epoch=5/80 loss=0.090262 seconds=0.05
epoch=6/80 loss=0.068796 seconds=0.06
epoch=7/80 loss=0.051605 seconds=0.06
epoch=8/80 loss=0.038855 seconds=0.06
epoch=9/80 loss=0.036182 seconds=0.06
epoch=10/80 loss=0.031777 seconds=0.05
epoch=11/80 loss=0.019106 seconds=0.06
epoch=12/80 loss=0.025053 seconds=0.05
epoch=13/80 loss=0.024388 seconds=0.06
epoch=14/80 loss=0.010402 seconds=0.05
epoch=15/80 loss=0.010130 seconds=0.06
epoch=16/80 loss=0.013145 seconds=0.05
epoch=17/80 loss=0.006794 seconds=0.06
epoch=18/80 loss=0.010620 seconds=0.06
epoch=19/80 loss=0.032585 seconds=0.05
epoch=20/80 loss=0.034314 seconds=0.06
epoch=21/80 loss=0.027053 seconds=0.05
epoch=22/80 loss=0.061330 seconds=0.06
epoch=23/80 loss=0.069085 seconds=0.06
epoch=24/80 loss=0.035196 seconds=0.05
epoch=25/80 loss=0.032797 seconds=0.06
epoch=26/80 loss=0.012014 seconds=0.05
epoch=27/80 loss=0.010504 seconds=0.06
epoch=28/80 loss=0.009830 seconds=0.06
epoch=29/80 loss=0.005571 seconds=0.05
epoch=30/80 loss=0.007089 seconds=0.06
epoch=31/80 loss=0.005346 seconds=0.05
epoch=32/80 loss=0.006270 seconds=0.06
epoch=33/80 loss=0.003515 seconds=0.06
epoch=34/80 loss=0.003232 seconds=0.05
epoch=35/80 loss=0.003462 seconds=0.06
epoch=36/80 loss=0.002859 seconds=0.05
epoch=37/80 loss=0.003206 seconds=0.06
epoch=38/80 loss=0.002659 seconds=0.05
epoch=39/80 loss=0.003602 seconds=0.06
epoch=40/80 loss=0.003515 seconds=0.06
epoch=41/80 loss=0.001799 seconds=0.05
epoch=42/80 loss=0.002361 seconds=0.05
epoch=43/80 loss=0.002434 seconds=0.06
epoch=44/80 loss=0.002123 seconds=0.05
epoch=45/80 loss=0.002360 seconds=0.06
epoch=46/80 loss=0.003565 seconds=0.06
epoch=47/80 loss=0.001604 seconds=0.06
epoch=48/80 loss=0.001697 seconds=0.08
epoch=49/80 loss=0.001893 seconds=0.06
epoch=50/80 loss=0.001292 seconds=0.08
epoch=51/80 loss=0.002583 seconds=0.08
epoch=52/80 loss=0.001989 seconds=0.08
epoch=53/80 loss=0.001255 seconds=0.06
epoch=54/80 loss=0.001474 seconds=0.08
epoch=55/80 loss=0.000994 seconds=0.08
epoch=56/80 loss=0.001109 seconds=0.05
epoch=57/80 loss=0.002586 seconds=0.06
epoch=58/80 loss=0.001169 seconds=0.06
epoch=59/80 loss=0.001913 seconds=0.06
epoch=60/80 loss=0.002249 seconds=0.06
epoch=61/80 loss=0.001085 seconds=0.06
epoch=62/80 loss=0.001269 seconds=0.08
epoch=63/80 loss=0.000750 seconds=0.06
epoch=64/80 loss=0.002709 seconds=0.08
epoch=65/80 loss=0.003190 seconds=0.08
epoch=66/80 loss=0.003819 seconds=0.05
epoch=67/80 loss=0.001427 seconds=0.06
epoch=68/80 loss=0.001150 seconds=0.06
epoch=69/80 loss=0.001566 seconds=0.08
epoch=70/80 loss=0.000552 seconds=0.08
epoch=71/80 loss=0.000676 seconds=0.08
epoch=72/80 loss=0.001355 seconds=0.06
epoch=73/80 loss=0.000962 seconds=0.06
epoch=74/80 loss=0.001517 seconds=0.09
epoch=75/80 loss=0.000979 seconds=0.06
epoch=76/80 loss=0.001284 seconds=0.08
epoch=77/80 loss=0.000697 seconds=0.06
epoch=78/80 loss=0.001372 seconds=0.06
epoch=79/80 loss=0.000532 seconds=0.08
epoch=80/80 loss=0.000596 seconds=0.08
fold=5/10 OOF_accuracy=0.733333 OOF_AUC=0.813397
Device=cuda; epochs=80; batch=32; model=MobileNetV2_1D
epoch=1/80 loss=0.626666 seconds=0.06
epoch=2/80 loss=0.366220 seconds=0.06
epoch=3/80 loss=0.222205 seconds=0.06
epoch=4/80 loss=0.149246 seconds=0.06
epoch=5/80 loss=0.105282 seconds=0.08
epoch=6/80 loss=0.087580 seconds=0.06
epoch=7/80 loss=0.055353 seconds=0.08
epoch=8/80 loss=0.042000 seconds=0.08
epoch=9/80 loss=0.038731 seconds=0.08
epoch=10/80 loss=0.054698 seconds=0.06
epoch=11/80 loss=0.035636 seconds=0.06
epoch=12/80 loss=0.044424 seconds=0.08
epoch=13/80 loss=0.067415 seconds=0.06
epoch=14/80 loss=0.020596 seconds=0.08
epoch=15/80 loss=0.017952 seconds=0.06
epoch=16/80 loss=0.024518 seconds=0.08
epoch=17/80 loss=0.011031 seconds=0.06
epoch=18/80 loss=0.029047 seconds=0.08
epoch=19/80 loss=0.037591 seconds=0.06
epoch=20/80 loss=0.033034 seconds=0.06
epoch=21/80 loss=0.028649 seconds=0.08
epoch=22/80 loss=0.020688 seconds=0.08
epoch=23/80 loss=0.039018 seconds=0.06
epoch=24/80 loss=0.070472 seconds=0.08
epoch=25/80 loss=0.041899 seconds=0.05
epoch=26/80 loss=0.026038 seconds=0.08
epoch=27/80 loss=0.019768 seconds=0.05
epoch=28/80 loss=0.018399 seconds=0.08
epoch=29/80 loss=0.006127 seconds=0.06
epoch=30/80 loss=0.011334 seconds=0.06
epoch=31/80 loss=0.011722 seconds=0.08
epoch=32/80 loss=0.008981 seconds=0.06
epoch=33/80 loss=0.008152 seconds=0.06
epoch=34/80 loss=0.003940 seconds=0.06
epoch=35/80 loss=0.005182 seconds=0.08
epoch=36/80 loss=0.004234 seconds=0.06
epoch=37/80 loss=0.003368 seconds=0.06
epoch=38/80 loss=0.003983 seconds=0.06
epoch=39/80 loss=0.004376 seconds=0.08
epoch=40/80 loss=0.003698 seconds=0.06
epoch=41/80 loss=0.002189 seconds=0.08
epoch=42/80 loss=0.003376 seconds=0.08
epoch=43/80 loss=0.001943 seconds=0.08
epoch=44/80 loss=0.002213 seconds=0.08
epoch=45/80 loss=0.002200 seconds=0.08
epoch=46/80 loss=0.002961 seconds=0.08
epoch=47/80 loss=0.001298 seconds=0.08
epoch=48/80 loss=0.001678 seconds=0.06
epoch=49/80 loss=0.006809 seconds=0.08
epoch=50/80 loss=0.002592 seconds=0.06
epoch=51/80 loss=0.031518 seconds=0.08
epoch=52/80 loss=0.024092 seconds=0.06
epoch=53/80 loss=0.048473 seconds=0.08
epoch=54/80 loss=0.020683 seconds=0.08
epoch=55/80 loss=0.008767 seconds=0.08
epoch=56/80 loss=0.008718 seconds=0.06
epoch=57/80 loss=0.014295 seconds=0.08
epoch=58/80 loss=0.003058 seconds=0.08
epoch=59/80 loss=0.019790 seconds=0.06
epoch=60/80 loss=0.009761 seconds=0.08
epoch=61/80 loss=0.002220 seconds=0.06
epoch=62/80 loss=0.003534 seconds=0.08
epoch=63/80 loss=0.001956 seconds=0.08
epoch=64/80 loss=0.005017 seconds=0.06
epoch=65/80 loss=0.002860 seconds=0.08
epoch=66/80 loss=0.002761 seconds=0.06
epoch=67/80 loss=0.002949 seconds=0.08
epoch=68/80 loss=0.001267 seconds=0.06
epoch=69/80 loss=0.003831 seconds=0.06
epoch=70/80 loss=0.000790 seconds=0.08
epoch=71/80 loss=0.001084 seconds=0.06
epoch=72/80 loss=0.007593 seconds=0.08
epoch=73/80 loss=0.003014 seconds=0.08
epoch=74/80 loss=0.036147 seconds=0.06
epoch=75/80 loss=0.050452 seconds=0.08
epoch=76/80 loss=0.071158 seconds=0.08
epoch=77/80 loss=0.011933 seconds=0.06
epoch=78/80 loss=0.036265 seconds=0.08
epoch=79/80 loss=0.018370 seconds=0.06
epoch=80/80 loss=0.009195 seconds=0.08
fold=6/10 OOF_accuracy=0.800000 OOF_AUC=0.832536
Device=cuda; epochs=80; batch=32; model=MobileNetV2_1D
epoch=1/80 loss=0.620981 seconds=0.08
epoch=2/80 loss=0.355323 seconds=0.06
epoch=3/80 loss=0.212126 seconds=0.08
epoch=4/80 loss=0.119972 seconds=0.08
epoch=5/80 loss=0.091735 seconds=0.06
epoch=6/80 loss=0.067929 seconds=0.08
epoch=7/80 loss=0.050863 seconds=0.06
epoch=8/80 loss=0.038759 seconds=0.08
epoch=9/80 loss=0.051255 seconds=0.08
epoch=10/80 loss=0.044538 seconds=0.06
epoch=11/80 loss=0.037523 seconds=0.08
epoch=12/80 loss=0.039110 seconds=0.06
epoch=13/80 loss=0.032542 seconds=0.08
epoch=14/80 loss=0.014201 seconds=0.06
epoch=15/80 loss=0.012076 seconds=0.06
epoch=16/80 loss=0.013123 seconds=0.08
epoch=17/80 loss=0.007517 seconds=0.08
epoch=18/80 loss=0.011395 seconds=0.08
epoch=19/80 loss=0.015594 seconds=0.06
epoch=20/80 loss=0.032461 seconds=0.08
epoch=21/80 loss=0.022201 seconds=0.06
epoch=22/80 loss=0.023605 seconds=0.08
epoch=23/80 loss=0.056236 seconds=0.08
epoch=24/80 loss=0.026813 seconds=0.06
epoch=25/80 loss=0.021487 seconds=0.08
epoch=26/80 loss=0.010331 seconds=0.08
epoch=27/80 loss=0.010286 seconds=0.08
epoch=28/80 loss=0.009117 seconds=0.08
epoch=29/80 loss=0.006272 seconds=0.08
epoch=30/80 loss=0.007382 seconds=0.08
epoch=31/80 loss=0.006565 seconds=0.06
epoch=32/80 loss=0.006381 seconds=0.08
epoch=33/80 loss=0.004529 seconds=0.08
epoch=34/80 loss=0.002999 seconds=0.08
epoch=35/80 loss=0.003624 seconds=0.08
epoch=36/80 loss=0.002704 seconds=0.08
epoch=37/80 loss=0.003316 seconds=0.06
epoch=38/80 loss=0.002827 seconds=0.08
epoch=39/80 loss=0.012428 seconds=0.08
epoch=40/80 loss=0.011960 seconds=0.06
epoch=41/80 loss=0.004275 seconds=0.06
epoch=42/80 loss=0.017478 seconds=0.08
epoch=43/80 loss=0.021553 seconds=0.08
epoch=44/80 loss=0.004735 seconds=0.06
epoch=45/80 loss=0.005046 seconds=0.08
epoch=46/80 loss=0.003698 seconds=0.08
epoch=47/80 loss=0.002221 seconds=0.08
epoch=48/80 loss=0.002346 seconds=0.08
epoch=49/80 loss=0.002716 seconds=0.06
epoch=50/80 loss=0.002212 seconds=0.06
epoch=51/80 loss=0.002368 seconds=0.08
epoch=52/80 loss=0.010541 seconds=0.08
epoch=53/80 loss=0.016469 seconds=0.08
epoch=54/80 loss=0.044262 seconds=0.08
epoch=55/80 loss=0.017664 seconds=0.06
epoch=56/80 loss=0.015423 seconds=0.08
epoch=57/80 loss=0.016173 seconds=0.08
epoch=58/80 loss=0.005039 seconds=0.08
epoch=59/80 loss=0.008648 seconds=0.08
epoch=60/80 loss=0.010702 seconds=0.06
epoch=61/80 loss=0.001809 seconds=0.08
epoch=62/80 loss=0.002695 seconds=0.08
epoch=63/80 loss=0.001896 seconds=0.06
epoch=64/80 loss=0.001950 seconds=0.09
epoch=65/80 loss=0.002165 seconds=0.08
epoch=66/80 loss=0.001722 seconds=0.06
epoch=67/80 loss=0.001865 seconds=0.08
epoch=68/80 loss=0.001032 seconds=0.08
epoch=69/80 loss=0.001409 seconds=0.08
epoch=70/80 loss=0.000648 seconds=0.06
epoch=71/80 loss=0.000955 seconds=0.08
epoch=72/80 loss=0.001564 seconds=0.08
epoch=73/80 loss=0.000751 seconds=0.09
epoch=74/80 loss=0.001734 seconds=0.06
epoch=75/80 loss=0.000701 seconds=0.08
epoch=76/80 loss=0.002597 seconds=0.08
epoch=77/80 loss=0.000655 seconds=0.06
epoch=78/80 loss=0.001794 seconds=0.08
epoch=79/80 loss=0.000737 seconds=0.08
epoch=80/80 loss=0.001013 seconds=0.08
fold=7/10 OOF_accuracy=0.766667 OOF_AUC=0.808612
Device=cuda; epochs=80; batch=32; model=MobileNetV2_1D
epoch=1/80 loss=0.625296 seconds=0.08
epoch=2/80 loss=0.340525 seconds=0.08
epoch=3/80 loss=0.187385 seconds=0.08
epoch=4/80 loss=0.115834 seconds=0.06
epoch=5/80 loss=0.088678 seconds=0.08
epoch=6/80 loss=0.074700 seconds=0.08
epoch=7/80 loss=0.045828 seconds=0.06
epoch=8/80 loss=0.035451 seconds=0.08
epoch=9/80 loss=0.034657 seconds=0.08
epoch=10/80 loss=0.031572 seconds=0.06
epoch=11/80 loss=0.031346 seconds=0.08
epoch=12/80 loss=0.035083 seconds=0.06
epoch=13/80 loss=0.036201 seconds=0.08
epoch=14/80 loss=0.016110 seconds=0.06
epoch=15/80 loss=0.020168 seconds=0.06
epoch=16/80 loss=0.020518 seconds=0.08
epoch=17/80 loss=0.012963 seconds=0.06
epoch=18/80 loss=0.015871 seconds=0.08
epoch=19/80 loss=0.014409 seconds=0.08
epoch=20/80 loss=0.007323 seconds=0.06
epoch=21/80 loss=0.012953 seconds=0.08
epoch=22/80 loss=0.013173 seconds=0.08
epoch=23/80 loss=0.026495 seconds=0.08
epoch=24/80 loss=0.039533 seconds=0.06
epoch=25/80 loss=0.036222 seconds=0.08
epoch=26/80 loss=0.019971 seconds=0.06
epoch=27/80 loss=0.014533 seconds=0.08
epoch=28/80 loss=0.012439 seconds=0.08
epoch=29/80 loss=0.012322 seconds=0.08
epoch=30/80 loss=0.017668 seconds=0.08
epoch=31/80 loss=0.013300 seconds=0.08
epoch=32/80 loss=0.009434 seconds=0.06
epoch=33/80 loss=0.030922 seconds=0.08
epoch=34/80 loss=0.006238 seconds=0.08
epoch=35/80 loss=0.024253 seconds=0.06
epoch=36/80 loss=0.009396 seconds=0.05
epoch=37/80 loss=0.014557 seconds=0.06
epoch=38/80 loss=0.019934 seconds=0.05
epoch=39/80 loss=0.005319 seconds=0.06
epoch=40/80 loss=0.014814 seconds=0.05
epoch=41/80 loss=0.002927 seconds=0.06
epoch=42/80 loss=0.005439 seconds=0.05
epoch=43/80 loss=0.002921 seconds=0.06
epoch=44/80 loss=0.002607 seconds=0.05
epoch=45/80 loss=0.002342 seconds=0.06
epoch=46/80 loss=0.002570 seconds=0.05
epoch=47/80 loss=0.002077 seconds=0.06
epoch=48/80 loss=0.001463 seconds=0.05
epoch=49/80 loss=0.001777 seconds=0.06
epoch=50/80 loss=0.001438 seconds=0.06
epoch=51/80 loss=0.002085 seconds=0.05
epoch=52/80 loss=0.007110 seconds=0.06
epoch=53/80 loss=0.046287 seconds=0.05
epoch=54/80 loss=0.003514 seconds=0.06
epoch=55/80 loss=0.004907 seconds=0.06
epoch=56/80 loss=0.012036 seconds=0.05
epoch=57/80 loss=0.049849 seconds=0.06
epoch=58/80 loss=0.005698 seconds=0.05
epoch=59/80 loss=0.009611 seconds=0.06
epoch=60/80 loss=0.010028 seconds=0.05
epoch=61/80 loss=0.003432 seconds=0.06
epoch=62/80 loss=0.002865 seconds=0.06
epoch=63/80 loss=0.005324 seconds=0.06
epoch=64/80 loss=0.017671 seconds=0.05
epoch=65/80 loss=0.028447 seconds=0.06
epoch=66/80 loss=0.003482 seconds=0.05
epoch=67/80 loss=0.004781 seconds=0.06
epoch=68/80 loss=0.005577 seconds=0.05
epoch=69/80 loss=0.030916 seconds=0.06
epoch=70/80 loss=0.001500 seconds=0.05
epoch=71/80 loss=0.009610 seconds=0.06
epoch=72/80 loss=0.003216 seconds=0.06
epoch=73/80 loss=0.006008 seconds=0.06
epoch=74/80 loss=0.003945 seconds=0.06
epoch=75/80 loss=0.001105 seconds=0.06
epoch=76/80 loss=0.002451 seconds=0.05
epoch=77/80 loss=0.000872 seconds=0.06
epoch=78/80 loss=0.001903 seconds=0.06
epoch=79/80 loss=0.001108 seconds=0.06
epoch=80/80 loss=0.000921 seconds=0.08
fold=8/10 OOF_accuracy=0.700000 OOF_AUC=0.755981
Device=cuda; epochs=80; batch=32; model=MobileNetV2_1D
epoch=1/80 loss=0.614326 seconds=0.06
epoch=2/80 loss=0.328765 seconds=0.06
epoch=3/80 loss=0.188171 seconds=0.08
epoch=4/80 loss=0.109862 seconds=0.05
epoch=5/80 loss=0.087633 seconds=0.08
epoch=6/80 loss=0.073291 seconds=0.06
epoch=7/80 loss=0.057767 seconds=0.06
epoch=8/80 loss=0.038817 seconds=0.08
epoch=9/80 loss=0.037738 seconds=0.06
epoch=10/80 loss=0.048506 seconds=0.08
epoch=11/80 loss=0.025534 seconds=0.06
epoch=12/80 loss=0.036797 seconds=0.06
epoch=13/80 loss=0.043154 seconds=0.06
epoch=14/80 loss=0.029362 seconds=0.06
epoch=15/80 loss=0.012689 seconds=0.06
epoch=16/80 loss=0.024133 seconds=0.05
epoch=17/80 loss=0.034334 seconds=0.06
epoch=18/80 loss=0.051118 seconds=0.06
epoch=19/80 loss=0.039946 seconds=0.06
epoch=20/80 loss=0.020836 seconds=0.06
epoch=21/80 loss=0.015040 seconds=0.06
epoch=22/80 loss=0.011741 seconds=0.06
epoch=23/80 loss=0.011209 seconds=0.06
epoch=24/80 loss=0.006046 seconds=0.05
epoch=25/80 loss=0.009624 seconds=0.06
epoch=26/80 loss=0.005966 seconds=0.06
epoch=27/80 loss=0.005255 seconds=0.06
epoch=28/80 loss=0.005285 seconds=0.06
epoch=29/80 loss=0.003743 seconds=0.06
epoch=30/80 loss=0.005058 seconds=0.06
epoch=31/80 loss=0.003653 seconds=0.05
epoch=32/80 loss=0.006328 seconds=0.05
epoch=33/80 loss=0.015536 seconds=0.06
epoch=34/80 loss=0.013848 seconds=0.06
epoch=35/80 loss=0.007955 seconds=0.06
epoch=36/80 loss=0.010883 seconds=0.05
epoch=37/80 loss=0.006189 seconds=0.05
epoch=38/80 loss=0.013162 seconds=0.08
epoch=39/80 loss=0.006897 seconds=0.05
epoch=40/80 loss=0.038223 seconds=0.06
epoch=41/80 loss=0.028527 seconds=0.06
epoch=42/80 loss=0.028756 seconds=0.05
epoch=43/80 loss=0.003925 seconds=0.06
epoch=44/80 loss=0.004448 seconds=0.06
epoch=45/80 loss=0.006263 seconds=0.05
epoch=46/80 loss=0.017230 seconds=0.06
epoch=47/80 loss=0.002201 seconds=0.05
epoch=48/80 loss=0.012268 seconds=0.06
epoch=49/80 loss=0.003309 seconds=0.06
epoch=50/80 loss=0.005132 seconds=0.06
epoch=51/80 loss=0.015482 seconds=0.05
epoch=52/80 loss=0.067795 seconds=0.06
epoch=53/80 loss=0.015915 seconds=0.06
epoch=54/80 loss=0.010861 seconds=0.06
epoch=55/80 loss=0.003131 seconds=0.05
epoch=56/80 loss=0.003753 seconds=0.06
epoch=57/80 loss=0.005243 seconds=0.06
epoch=58/80 loss=0.001776 seconds=0.05
epoch=59/80 loss=0.002086 seconds=0.06
epoch=60/80 loss=0.003424 seconds=0.05
epoch=61/80 loss=0.001510 seconds=0.06
epoch=62/80 loss=0.001692 seconds=0.06
epoch=63/80 loss=0.001046 seconds=0.06
epoch=64/80 loss=0.002800 seconds=0.06
epoch=65/80 loss=0.003080 seconds=0.06
epoch=66/80 loss=0.001751 seconds=0.05
epoch=67/80 loss=0.001245 seconds=0.06
epoch=68/80 loss=0.000884 seconds=0.06
epoch=69/80 loss=0.002086 seconds=0.05
epoch=70/80 loss=0.000695 seconds=0.06
epoch=71/80 loss=0.000803 seconds=0.06
epoch=72/80 loss=0.001242 seconds=0.06
epoch=73/80 loss=0.000855 seconds=0.05
epoch=74/80 loss=0.002772 seconds=0.06
epoch=75/80 loss=0.000774 seconds=0.05
epoch=76/80 loss=0.005196 seconds=0.06
epoch=77/80 loss=0.000881 seconds=0.06
epoch=78/80 loss=0.009123 seconds=0.05
epoch=79/80 loss=0.001334 seconds=0.08
epoch=80/80 loss=0.001575 seconds=0.05
fold=9/10 OOF_accuracy=0.700000 OOF_AUC=0.775120
Device=cuda; epochs=80; batch=32; model=MobileNetV2_1D
epoch=1/80 loss=0.635489 seconds=0.06
epoch=2/80 loss=0.374800 seconds=0.08
epoch=3/80 loss=0.208801 seconds=0.06
epoch=4/80 loss=0.119874 seconds=0.05
epoch=5/80 loss=0.083292 seconds=0.06
epoch=6/80 loss=0.064891 seconds=0.06
epoch=7/80 loss=0.046085 seconds=0.06
epoch=8/80 loss=0.038709 seconds=0.06
epoch=9/80 loss=0.027333 seconds=0.06
epoch=10/80 loss=0.037696 seconds=0.06
epoch=11/80 loss=0.020654 seconds=0.06
epoch=12/80 loss=0.025395 seconds=0.06
epoch=13/80 loss=0.039255 seconds=0.06
epoch=14/80 loss=0.015844 seconds=0.05
epoch=15/80 loss=0.013061 seconds=0.06
epoch=16/80 loss=0.016561 seconds=0.05
epoch=17/80 loss=0.021007 seconds=0.08
epoch=18/80 loss=0.036751 seconds=0.05
epoch=19/80 loss=0.039656 seconds=0.06
epoch=20/80 loss=0.034580 seconds=0.06
epoch=21/80 loss=0.024247 seconds=0.05
epoch=22/80 loss=0.012824 seconds=0.06
epoch=23/80 loss=0.021372 seconds=0.06
epoch=24/80 loss=0.020950 seconds=0.05
epoch=25/80 loss=0.011477 seconds=0.06
epoch=26/80 loss=0.015864 seconds=0.06
epoch=27/80 loss=0.030280 seconds=0.06
epoch=28/80 loss=0.021220 seconds=0.06
epoch=29/80 loss=0.005752 seconds=0.05
epoch=30/80 loss=0.010906 seconds=0.06
epoch=31/80 loss=0.005769 seconds=0.05
epoch=32/80 loss=0.006425 seconds=0.06
epoch=33/80 loss=0.003845 seconds=0.06
epoch=34/80 loss=0.003330 seconds=0.06
epoch=35/80 loss=0.003559 seconds=0.06
epoch=36/80 loss=0.002684 seconds=0.06
epoch=37/80 loss=0.002796 seconds=0.05
epoch=38/80 loss=0.002944 seconds=0.06
epoch=39/80 loss=0.004778 seconds=0.05
epoch=40/80 loss=0.003135 seconds=0.06
epoch=41/80 loss=0.001867 seconds=0.05
epoch=42/80 loss=0.002311 seconds=0.06
epoch=43/80 loss=0.001841 seconds=0.05
epoch=44/80 loss=0.001947 seconds=0.06
epoch=45/80 loss=0.001979 seconds=0.05
epoch=46/80 loss=0.002213 seconds=0.06
epoch=47/80 loss=0.001207 seconds=0.06
epoch=48/80 loss=0.001419 seconds=0.06
epoch=49/80 loss=0.010855 seconds=0.05
epoch=50/80 loss=0.008962 seconds=0.06
epoch=51/80 loss=0.017781 seconds=0.06
epoch=52/80 loss=0.019698 seconds=0.06
epoch=53/80 loss=0.009295 seconds=0.06
epoch=54/80 loss=0.006248 seconds=0.06
epoch=55/80 loss=0.002589 seconds=0.05
epoch=56/80 loss=0.010043 seconds=0.06
epoch=57/80 loss=0.019034 seconds=0.06
epoch=58/80 loss=0.020586 seconds=0.05
epoch=59/80 loss=0.005844 seconds=0.05
epoch=60/80 loss=0.054198 seconds=0.06
epoch=61/80 loss=0.009092 seconds=0.06
epoch=62/80 loss=0.012629 seconds=0.06
epoch=63/80 loss=0.040466 seconds=0.05
epoch=64/80 loss=0.037207 seconds=0.06
epoch=65/80 loss=0.017482 seconds=0.06
epoch=66/80 loss=0.007932 seconds=0.05
epoch=67/80 loss=0.004844 seconds=0.06
epoch=68/80 loss=0.002144 seconds=0.06
epoch=69/80 loss=0.004911 seconds=0.05
epoch=70/80 loss=0.001148 seconds=0.06
epoch=71/80 loss=0.001615 seconds=0.06
epoch=72/80 loss=0.006343 seconds=0.06
epoch=73/80 loss=0.003728 seconds=0.05
epoch=74/80 loss=0.004343 seconds=0.06
epoch=75/80 loss=0.001891 seconds=0.06
epoch=76/80 loss=0.027814 seconds=0.06
epoch=77/80 loss=0.004177 seconds=0.05
epoch=78/80 loss=0.011698 seconds=0.06
epoch=79/80 loss=0.003295 seconds=0.05
epoch=80/80 loss=0.002487 seconds=0.06
fold=10/10 OOF_accuracy=0.700000 OOF_AUC=0.760766
Device=cuda; epochs=80; batch=32; model=MobileNetV2_1D
epoch=1/80 loss=0.600043 seconds=0.09
epoch=2/80 loss=0.306465 seconds=0.06
epoch=3/80 loss=0.169710 seconds=0.06
epoch=4/80 loss=0.126813 seconds=0.06
epoch=5/80 loss=0.083640 seconds=0.06
epoch=6/80 loss=0.068729 seconds=0.06
epoch=7/80 loss=0.053294 seconds=0.06
epoch=8/80 loss=0.050107 seconds=0.06
epoch=9/80 loss=0.072659 seconds=0.06
epoch=10/80 loss=0.056158 seconds=0.06
epoch=11/80 loss=0.050763 seconds=0.06
epoch=12/80 loss=0.025765 seconds=0.06
epoch=13/80 loss=0.027508 seconds=0.08
epoch=14/80 loss=0.025657 seconds=0.05
epoch=15/80 loss=0.020155 seconds=0.08
epoch=16/80 loss=0.016727 seconds=0.06
epoch=17/80 loss=0.045360 seconds=0.06
epoch=18/80 loss=0.060520 seconds=0.06
epoch=19/80 loss=0.019822 seconds=0.06
epoch=20/80 loss=0.030141 seconds=0.06
epoch=21/80 loss=0.015105 seconds=0.06
epoch=22/80 loss=0.013070 seconds=0.08
epoch=23/80 loss=0.013949 seconds=0.08
epoch=24/80 loss=0.033566 seconds=0.06
epoch=25/80 loss=0.017873 seconds=0.08
epoch=26/80 loss=0.016093 seconds=0.06
epoch=27/80 loss=0.006099 seconds=0.06
epoch=28/80 loss=0.011539 seconds=0.06
epoch=29/80 loss=0.004168 seconds=0.06
epoch=30/80 loss=0.006244 seconds=0.06
epoch=31/80 loss=0.004997 seconds=0.06
epoch=32/80 loss=0.021874 seconds=0.06
epoch=33/80 loss=0.042032 seconds=0.06
epoch=34/80 loss=0.015687 seconds=0.05
epoch=35/80 loss=0.063287 seconds=0.06
epoch=36/80 loss=0.028179 seconds=0.06
epoch=37/80 loss=0.025325 seconds=0.06
epoch=38/80 loss=0.026565 seconds=0.06
epoch=39/80 loss=0.030250 seconds=0.06
epoch=40/80 loss=0.024680 seconds=0.06
epoch=41/80 loss=0.032851 seconds=0.06
epoch=42/80 loss=0.021904 seconds=0.05
epoch=43/80 loss=0.010300 seconds=0.06
epoch=44/80 loss=0.019061 seconds=0.06
epoch=45/80 loss=0.006344 seconds=0.06
epoch=46/80 loss=0.004348 seconds=0.06
epoch=47/80 loss=0.006854 seconds=0.06
epoch=48/80 loss=0.025268 seconds=0.06
epoch=49/80 loss=0.010017 seconds=0.08
epoch=50/80 loss=0.003835 seconds=0.06
epoch=51/80 loss=0.006568 seconds=0.06
epoch=52/80 loss=0.031016 seconds=0.06
epoch=53/80 loss=0.025072 seconds=0.06
epoch=54/80 loss=0.096866 seconds=0.06
epoch=55/80 loss=0.024038 seconds=0.06
epoch=56/80 loss=0.015294 seconds=0.06
epoch=57/80 loss=0.005328 seconds=0.05
epoch=58/80 loss=0.009058 seconds=0.06
epoch=59/80 loss=0.017555 seconds=0.06
epoch=60/80 loss=0.042672 seconds=0.08
epoch=61/80 loss=0.028920 seconds=0.06
epoch=62/80 loss=0.038780 seconds=0.05
epoch=63/80 loss=0.082993 seconds=0.08
epoch=64/80 loss=0.029648 seconds=0.05
epoch=65/80 loss=0.021256 seconds=0.06
epoch=66/80 loss=0.017169 seconds=0.08
epoch=67/80 loss=0.011563 seconds=0.06
epoch=68/80 loss=0.013626 seconds=0.06
epoch=69/80 loss=0.014324 seconds=0.06
epoch=70/80 loss=0.006555 seconds=0.06
epoch=71/80 loss=0.008311 seconds=0.06
epoch=72/80 loss=0.006349 seconds=0.06
epoch=73/80 loss=0.024475 seconds=0.06
epoch=74/80 loss=0.006013 seconds=0.06
epoch=75/80 loss=0.022959 seconds=0.06
epoch=76/80 loss=0.009405 seconds=0.06
epoch=77/80 loss=0.003227 seconds=0.06
epoch=78/80 loss=0.004147 seconds=0.06
epoch=79/80 loss=0.003148 seconds=0.06
epoch=80/80 loss=0.002146 seconds=0.06
{"cv_oof": {"accuracy": 0.7333333333333333, "balanced_accuracy": 0.7045717592592593, "sensitivity": 0.6018518518518519, "specificity": 0.8072916666666666, "f1_macro": 0.7069597069597069, "roc_auc": 0.7640335648148148, "confusion_matrix": [[155, 37], [43, 65]], "classification_report": {"0": {"precision": 0.7828282828282829, "recall": 0.8072916666666666, "f1-score": 0.7948717948717948, "support": 192.0}, "1": {"precision": 0.6372549019607843, "recall": 0.6018518518518519, "f1-score": 0.6190476190476191, "support": 108.0}, "accuracy": 0.7333333333333333, "macro avg": {"precision": 0.7100415923945336, "recall": 0.7045717592592593, "f1-score": 0.7069597069597069, "support": 300.0}, "weighted avg": {"precision": 0.7304218657159833, "recall": 0.7333333333333333, "f1-score": 0.7315750915750916, "support": 300.0}}}, "test": {"accuracy": 0.7808219178082192, "balanced_accuracy": 0.7696399345335515, "sensitivity": 0.7307692307692307, "specificity": 0.8085106382978723, "f1_macro": 0.7648953301127215, "roc_auc": 0.8469721767594108, "confusion_matrix": [[38, 9], [7, 19]], "classification_report": {"0": {"precision": 0.8444444444444444, "recall": 0.8085106382978723, "f1-score": 0.8260869565217391, "support": 47.0}, "1": {"precision": 0.6785714285714286, "recall": 0.7307692307692307, "f1-score": 0.7037037037037037, "support": 26.0}, "accuracy": 0.7808219178082192, "macro avg": {"precision": 0.7615079365079365, "recall": 0.7696399345335515, "f1-score": 0.7648953301127215, "support": 73.0}, "weighted avg": {"precision": 0.785366383996521, "recall": 0.7808219178082192, "f1-score": 0.7824984007235348, "support": 73.0}}}, "folds": 10, "original_train_rows": 300, "train_rows": 300, "test_rows": 73, "elapsed_seconds": 59.59399999992456}
