Command: ["C:\\Users\\IHCK\\AppData\\Local\\Programs\\Python\\Python312\\python.exe", "-u", "C:\\Users\\IHCK\\Desktop\\1_10_69Final\\Hippocampal-Shape-Analysis-for-Epilepsy-Detection\\Model\\train_dataset_model.py", "--dataset", "coef_raw_balanced_jitter", "--side", "left", "--model", "ResNet", "--kind", "coef", "--train-csv", "C:\\Users\\IHCK\\Desktop\\1_10_69Final\\Hippocampal-Shape-Analysis-for-Epilepsy-Detection\\Output_Dataset\\coef_raw_balanced_jitter\\left\\train_prepared.csv", "--test-csv", "C:\\Users\\IHCK\\Desktop\\1_10_69Final\\Hippocampal-Shape-Analysis-for-Epilepsy-Detection\\Output_Dataset\\coef_raw_balanced_jitter\\left\\test_prepared.csv", "--output-dir", "C:\\Users\\IHCK\\Desktop\\1_10_69Final\\Hippocampal-Shape-Analysis-for-Epilepsy-Detection\\Model_Results\\dataset_runs_20261003_10fold\\coef_raw_balanced_jitter\\left\\ResNet", "--epochs", "80", "--folds", "10", "--pls-components", "8", "--seed", "42", "--threads", "2"]
10-fold CV: dataset=coef_raw_balanced_jitter side=left model=ResNet; original_train=300 test=73
Device=cuda; epochs=80; batch=32; model=ResNet1D
epoch=1/80 loss=0.278954 seconds=0.38
epoch=2/80 loss=0.072889 seconds=0.05
epoch=3/80 loss=0.060838 seconds=0.05
epoch=4/80 loss=0.042768 seconds=0.05
epoch=5/80 loss=0.020842 seconds=0.05
epoch=6/80 loss=0.029354 seconds=0.05
epoch=7/80 loss=0.011627 seconds=0.05
epoch=8/80 loss=0.016090 seconds=0.05
epoch=9/80 loss=0.006643 seconds=0.05
epoch=10/80 loss=0.004133 seconds=0.05
epoch=11/80 loss=0.005092 seconds=0.05
epoch=12/80 loss=0.005321 seconds=0.05
epoch=13/80 loss=0.002368 seconds=0.05
epoch=14/80 loss=0.003837 seconds=0.05
epoch=15/80 loss=0.019490 seconds=0.05
epoch=16/80 loss=0.015067 seconds=0.05
epoch=17/80 loss=0.039669 seconds=0.05
epoch=18/80 loss=0.034919 seconds=0.05
epoch=19/80 loss=0.007727 seconds=0.05
epoch=20/80 loss=0.015998 seconds=0.03
epoch=21/80 loss=0.014463 seconds=0.03
epoch=22/80 loss=0.011282 seconds=0.05
epoch=23/80 loss=0.003677 seconds=0.05
epoch=24/80 loss=0.010311 seconds=0.05
epoch=25/80 loss=0.018520 seconds=0.05
epoch=26/80 loss=0.013938 seconds=0.06
epoch=27/80 loss=0.009735 seconds=0.05
epoch=28/80 loss=0.007108 seconds=0.05
epoch=29/80 loss=0.006731 seconds=0.05
epoch=30/80 loss=0.001665 seconds=0.05
epoch=31/80 loss=0.002530 seconds=0.03
epoch=32/80 loss=0.002998 seconds=0.05
epoch=33/80 loss=0.002287 seconds=0.05
epoch=34/80 loss=0.011814 seconds=0.05
epoch=35/80 loss=0.016920 seconds=0.03
epoch=36/80 loss=0.002851 seconds=0.05
epoch=37/80 loss=0.003896 seconds=0.03
epoch=38/80 loss=0.002132 seconds=0.05
epoch=39/80 loss=0.000647 seconds=0.05
epoch=40/80 loss=0.000747 seconds=0.05
epoch=41/80 loss=0.000453 seconds=0.05
epoch=42/80 loss=0.000907 seconds=0.05
epoch=43/80 loss=0.003801 seconds=0.05
epoch=44/80 loss=0.007962 seconds=0.05
epoch=45/80 loss=0.012677 seconds=0.05
epoch=46/80 loss=0.023244 seconds=0.05
epoch=47/80 loss=0.003297 seconds=0.05
epoch=48/80 loss=0.003835 seconds=0.05
epoch=49/80 loss=0.014682 seconds=0.05
epoch=50/80 loss=0.003705 seconds=0.05
epoch=51/80 loss=0.003250 seconds=0.05
epoch=52/80 loss=0.005536 seconds=0.05
epoch=53/80 loss=0.005616 seconds=0.05
epoch=54/80 loss=0.002041 seconds=0.05
epoch=55/80 loss=0.001781 seconds=0.05
epoch=56/80 loss=0.001363 seconds=0.05
epoch=57/80 loss=0.003723 seconds=0.06
epoch=58/80 loss=0.003093 seconds=0.05
epoch=59/80 loss=0.022270 seconds=0.05
epoch=60/80 loss=0.009887 seconds=0.05
epoch=61/80 loss=0.006244 seconds=0.05
epoch=62/80 loss=0.004175 seconds=0.05
epoch=63/80 loss=0.002009 seconds=0.05
epoch=64/80 loss=0.002602 seconds=0.05
epoch=65/80 loss=0.000848 seconds=0.05
epoch=66/80 loss=0.000700 seconds=0.05
epoch=67/80 loss=0.001837 seconds=0.05
epoch=68/80 loss=0.000309 seconds=0.05
epoch=69/80 loss=0.000327 seconds=0.05
epoch=70/80 loss=0.000250 seconds=0.05
epoch=71/80 loss=0.002103 seconds=0.05
epoch=72/80 loss=0.058284 seconds=0.05
epoch=73/80 loss=0.001038 seconds=0.05
epoch=74/80 loss=0.013198 seconds=0.05
epoch=75/80 loss=0.030014 seconds=0.06
epoch=76/80 loss=0.001351 seconds=0.05
epoch=77/80 loss=0.003051 seconds=0.05
epoch=78/80 loss=0.001392 seconds=0.03
epoch=79/80 loss=0.007064 seconds=0.05
epoch=80/80 loss=0.021949 seconds=0.05
fold=1/10 OOF_accuracy=0.733333 OOF_AUC=0.762500
Device=cuda; epochs=80; batch=32; model=ResNet1D
epoch=1/80 loss=0.362249 seconds=0.05
epoch=2/80 loss=0.088262 seconds=0.05
epoch=3/80 loss=0.053805 seconds=0.03
epoch=4/80 loss=0.031183 seconds=0.05
epoch=5/80 loss=0.034752 seconds=0.05
epoch=6/80 loss=0.020168 seconds=0.06
epoch=7/80 loss=0.021202 seconds=0.05
epoch=8/80 loss=0.028869 seconds=0.05
epoch=9/80 loss=0.032808 seconds=0.05
epoch=10/80 loss=0.018224 seconds=0.05
epoch=11/80 loss=0.021024 seconds=0.05
epoch=12/80 loss=0.011022 seconds=0.05
epoch=13/80 loss=0.003981 seconds=0.05
epoch=14/80 loss=0.006000 seconds=0.05
epoch=15/80 loss=0.004406 seconds=0.05
epoch=16/80 loss=0.004847 seconds=0.06
epoch=17/80 loss=0.010010 seconds=0.05
epoch=18/80 loss=0.009262 seconds=0.05
epoch=19/80 loss=0.012753 seconds=0.05
epoch=20/80 loss=0.010095 seconds=0.06
epoch=21/80 loss=0.012901 seconds=0.05
epoch=22/80 loss=0.018243 seconds=0.05
epoch=23/80 loss=0.019899 seconds=0.05
epoch=24/80 loss=0.012272 seconds=0.03
epoch=25/80 loss=0.039171 seconds=0.05
epoch=26/80 loss=0.010625 seconds=0.05
epoch=27/80 loss=0.045165 seconds=0.05
epoch=28/80 loss=0.009917 seconds=0.05
epoch=29/80 loss=0.024816 seconds=0.03
epoch=30/80 loss=0.054262 seconds=0.05
epoch=31/80 loss=0.018825 seconds=0.05
epoch=32/80 loss=0.012155 seconds=0.05
epoch=33/80 loss=0.003794 seconds=0.05
epoch=34/80 loss=0.019429 seconds=0.05
epoch=35/80 loss=0.009554 seconds=0.03
epoch=36/80 loss=0.002823 seconds=0.05
epoch=37/80 loss=0.008724 seconds=0.05
epoch=38/80 loss=0.002622 seconds=0.03
epoch=39/80 loss=0.003261 seconds=0.05
epoch=40/80 loss=0.001245 seconds=0.05
epoch=41/80 loss=0.000725 seconds=0.05
epoch=42/80 loss=0.000811 seconds=0.05
epoch=43/80 loss=0.001643 seconds=0.05
epoch=44/80 loss=0.011723 seconds=0.05
epoch=45/80 loss=0.002777 seconds=0.05
epoch=46/80 loss=0.000464 seconds=0.05
epoch=47/80 loss=0.000878 seconds=0.05
epoch=48/80 loss=0.004446 seconds=0.05
epoch=49/80 loss=0.001459 seconds=0.05
epoch=50/80 loss=0.001139 seconds=0.05
epoch=51/80 loss=0.008343 seconds=0.05
epoch=52/80 loss=0.002875 seconds=0.06
epoch=53/80 loss=0.001055 seconds=0.05
epoch=54/80 loss=0.001164 seconds=0.05
epoch=55/80 loss=0.000544 seconds=0.05
epoch=56/80 loss=0.000605 seconds=0.03
epoch=57/80 loss=0.002123 seconds=0.05
epoch=58/80 loss=0.001851 seconds=0.05
epoch=59/80 loss=0.006834 seconds=0.05
epoch=60/80 loss=0.002969 seconds=0.05
epoch=61/80 loss=0.016493 seconds=0.05
epoch=62/80 loss=0.004728 seconds=0.05
epoch=63/80 loss=0.001534 seconds=0.05
epoch=64/80 loss=0.000806 seconds=0.06
epoch=65/80 loss=0.000928 seconds=0.05
epoch=66/80 loss=0.000882 seconds=0.05
epoch=67/80 loss=0.000700 seconds=0.05
epoch=68/80 loss=0.000396 seconds=0.05
epoch=69/80 loss=0.000309 seconds=0.05
epoch=70/80 loss=0.000298 seconds=0.05
epoch=71/80 loss=0.000435 seconds=0.05
epoch=72/80 loss=0.019202 seconds=0.06
epoch=73/80 loss=0.001755 seconds=0.05
epoch=74/80 loss=0.000571 seconds=0.05
epoch=75/80 loss=0.001249 seconds=0.05
epoch=76/80 loss=0.000976 seconds=0.05
epoch=77/80 loss=0.000284 seconds=0.03
epoch=78/80 loss=0.000292 seconds=0.05
epoch=79/80 loss=0.029952 seconds=0.05
epoch=80/80 loss=0.033672 seconds=0.05
fold=2/10 OOF_accuracy=0.766667 OOF_AUC=0.620000
Device=cuda; epochs=80; batch=32; model=ResNet1D
epoch=1/80 loss=0.331640 seconds=0.05
epoch=2/80 loss=0.076960 seconds=0.05
epoch=3/80 loss=0.058452 seconds=0.03
epoch=4/80 loss=0.026715 seconds=0.05
epoch=5/80 loss=0.019045 seconds=0.05
epoch=6/80 loss=0.026267 seconds=0.05
epoch=7/80 loss=0.017051 seconds=0.05
epoch=8/80 loss=0.060989 seconds=0.05
epoch=9/80 loss=0.039116 seconds=0.05
epoch=10/80 loss=0.036918 seconds=0.05
epoch=11/80 loss=0.015268 seconds=0.03
epoch=12/80 loss=0.008042 seconds=0.05
epoch=13/80 loss=0.005856 seconds=0.05
epoch=14/80 loss=0.005514 seconds=0.05
epoch=15/80 loss=0.002570 seconds=0.05
epoch=16/80 loss=0.002134 seconds=0.05
epoch=17/80 loss=0.003006 seconds=0.05
epoch=18/80 loss=0.001664 seconds=0.05
epoch=19/80 loss=0.001982 seconds=0.05
epoch=20/80 loss=0.001527 seconds=0.03
epoch=21/80 loss=0.001753 seconds=0.05
epoch=22/80 loss=0.001982 seconds=0.05
epoch=23/80 loss=0.003369 seconds=0.05
epoch=24/80 loss=0.005250 seconds=0.05
epoch=25/80 loss=0.021184 seconds=0.05
epoch=26/80 loss=0.017534 seconds=0.05
epoch=27/80 loss=0.032135 seconds=0.05
epoch=28/80 loss=0.019816 seconds=0.05
epoch=29/80 loss=0.040280 seconds=0.05
epoch=30/80 loss=0.014697 seconds=0.03
epoch=31/80 loss=0.008280 seconds=0.05
epoch=32/80 loss=0.054369 seconds=0.06
epoch=33/80 loss=0.003204 seconds=0.05
epoch=34/80 loss=0.013146 seconds=0.05
epoch=35/80 loss=0.012084 seconds=0.05
epoch=36/80 loss=0.012113 seconds=0.05
epoch=37/80 loss=0.004679 seconds=0.05
epoch=38/80 loss=0.001857 seconds=0.05
epoch=39/80 loss=0.001757 seconds=0.06
epoch=40/80 loss=0.000864 seconds=0.05
epoch=41/80 loss=0.000995 seconds=0.05
epoch=42/80 loss=0.000887 seconds=0.05
epoch=43/80 loss=0.000853 seconds=0.05
epoch=44/80 loss=0.000785 seconds=0.05
epoch=45/80 loss=0.001666 seconds=0.05
epoch=46/80 loss=0.000450 seconds=0.05
epoch=47/80 loss=0.000552 seconds=0.05
epoch=48/80 loss=0.000450 seconds=0.05
epoch=49/80 loss=0.001226 seconds=0.05
epoch=50/80 loss=0.000697 seconds=0.05
epoch=51/80 loss=0.000439 seconds=0.05
epoch=52/80 loss=0.000578 seconds=0.05
epoch=53/80 loss=0.000497 seconds=0.06
epoch=54/80 loss=0.000615 seconds=0.05
epoch=55/80 loss=0.000284 seconds=0.05
epoch=56/80 loss=0.004752 seconds=0.05
epoch=57/80 loss=0.009958 seconds=0.05
epoch=58/80 loss=0.017222 seconds=0.05
epoch=59/80 loss=0.015410 seconds=0.05
epoch=60/80 loss=0.039183 seconds=0.05
epoch=61/80 loss=0.032977 seconds=0.05
epoch=62/80 loss=0.005329 seconds=0.05
epoch=63/80 loss=0.003790 seconds=0.05
epoch=64/80 loss=0.012966 seconds=0.05
epoch=65/80 loss=0.016705 seconds=0.03
epoch=66/80 loss=0.003310 seconds=0.05
epoch=67/80 loss=0.000806 seconds=0.05
epoch=68/80 loss=0.000835 seconds=0.05
epoch=69/80 loss=0.000535 seconds=0.05
epoch=70/80 loss=0.000315 seconds=0.03
epoch=71/80 loss=0.001487 seconds=0.05
epoch=72/80 loss=0.001164 seconds=0.05
epoch=73/80 loss=0.000478 seconds=0.05
epoch=74/80 loss=0.000718 seconds=0.05
epoch=75/80 loss=0.000403 seconds=0.05
epoch=76/80 loss=0.000500 seconds=0.03
epoch=77/80 loss=0.000238 seconds=0.05
epoch=78/80 loss=0.000501 seconds=0.05
epoch=79/80 loss=0.000272 seconds=0.05
epoch=80/80 loss=0.000273 seconds=0.05
fold=3/10 OOF_accuracy=0.733333 OOF_AUC=0.779904
Device=cuda; epochs=80; batch=32; model=ResNet1D
epoch=1/80 loss=0.270234 seconds=0.05
epoch=2/80 loss=0.085857 seconds=0.05
epoch=3/80 loss=0.061968 seconds=0.05
epoch=4/80 loss=0.038999 seconds=0.03
epoch=5/80 loss=0.019717 seconds=0.05
epoch=6/80 loss=0.038455 seconds=0.05
epoch=7/80 loss=0.021262 seconds=0.05
epoch=8/80 loss=0.046844 seconds=0.06
epoch=9/80 loss=0.030983 seconds=0.05
epoch=10/80 loss=0.020396 seconds=0.05
epoch=11/80 loss=0.016593 seconds=0.05
epoch=12/80 loss=0.022441 seconds=0.05
epoch=13/80 loss=0.016043 seconds=0.05
epoch=14/80 loss=0.005092 seconds=0.05
epoch=15/80 loss=0.004448 seconds=0.05
epoch=16/80 loss=0.006070 seconds=0.05
epoch=17/80 loss=0.004466 seconds=0.05
epoch=18/80 loss=0.003733 seconds=0.05
epoch=19/80 loss=0.002709 seconds=0.06
epoch=20/80 loss=0.001416 seconds=0.03
epoch=21/80 loss=0.003167 seconds=0.05
epoch=22/80 loss=0.002343 seconds=0.05
epoch=23/80 loss=0.002399 seconds=0.05
epoch=24/80 loss=0.002564 seconds=0.03
epoch=25/80 loss=0.005676 seconds=0.06
epoch=26/80 loss=0.003060 seconds=0.05
epoch=27/80 loss=0.004968 seconds=0.05
epoch=28/80 loss=0.002070 seconds=0.05
epoch=29/80 loss=0.008560 seconds=0.05
epoch=30/80 loss=0.013167 seconds=0.05
epoch=31/80 loss=0.012805 seconds=0.05
epoch=32/80 loss=0.112067 seconds=0.05
epoch=33/80 loss=0.028984 seconds=0.05
epoch=34/80 loss=0.021969 seconds=0.05
epoch=35/80 loss=0.011971 seconds=0.05
epoch=36/80 loss=0.009434 seconds=0.05
epoch=37/80 loss=0.019618 seconds=0.05
epoch=38/80 loss=0.004762 seconds=0.05
epoch=39/80 loss=0.001747 seconds=0.05
epoch=40/80 loss=0.001175 seconds=0.05
epoch=41/80 loss=0.014091 seconds=0.05
epoch=42/80 loss=0.003875 seconds=0.05
epoch=43/80 loss=0.010355 seconds=0.05
epoch=44/80 loss=0.003469 seconds=0.05
epoch=45/80 loss=0.033540 seconds=0.05
epoch=46/80 loss=0.023849 seconds=0.05
epoch=47/80 loss=0.013400 seconds=0.05
epoch=48/80 loss=0.004104 seconds=0.05
epoch=49/80 loss=0.029584 seconds=0.05
epoch=50/80 loss=0.025312 seconds=0.05
epoch=51/80 loss=0.011953 seconds=0.03
epoch=52/80 loss=0.017215 seconds=0.05
epoch=53/80 loss=0.005949 seconds=0.05
epoch=54/80 loss=0.018171 seconds=0.06
epoch=55/80 loss=0.005082 seconds=0.05
epoch=56/80 loss=0.010201 seconds=0.05
epoch=57/80 loss=0.014630 seconds=0.05
epoch=58/80 loss=0.015726 seconds=0.05
epoch=59/80 loss=0.003546 seconds=0.05
epoch=60/80 loss=0.001856 seconds=0.05
epoch=61/80 loss=0.001506 seconds=0.06
epoch=62/80 loss=0.002613 seconds=0.05
epoch=63/80 loss=0.000974 seconds=0.05
epoch=64/80 loss=0.011841 seconds=0.05
epoch=65/80 loss=0.001440 seconds=0.06
epoch=66/80 loss=0.002358 seconds=0.03
epoch=67/80 loss=0.000413 seconds=0.05
epoch=68/80 loss=0.000717 seconds=0.05
epoch=69/80 loss=0.001036 seconds=0.05
epoch=70/80 loss=0.000399 seconds=0.05
epoch=71/80 loss=0.000668 seconds=0.05
epoch=72/80 loss=0.001747 seconds=0.03
epoch=73/80 loss=0.003470 seconds=0.05
epoch=74/80 loss=0.008262 seconds=0.05
epoch=75/80 loss=0.000864 seconds=0.05
epoch=76/80 loss=0.007756 seconds=0.05
epoch=77/80 loss=0.000640 seconds=0.03
epoch=78/80 loss=0.007817 seconds=0.06
epoch=79/80 loss=0.014624 seconds=0.05
epoch=80/80 loss=0.000449 seconds=0.03
fold=4/10 OOF_accuracy=0.733333 OOF_AUC=0.712919
Device=cuda; epochs=80; batch=32; model=ResNet1D
epoch=1/80 loss=0.297144 seconds=0.05
epoch=2/80 loss=0.071707 seconds=0.05
epoch=3/80 loss=0.051401 seconds=0.05
epoch=4/80 loss=0.022418 seconds=0.05
epoch=5/80 loss=0.014280 seconds=0.05
epoch=6/80 loss=0.026901 seconds=0.05
epoch=7/80 loss=0.008819 seconds=0.06
epoch=8/80 loss=0.055180 seconds=0.06
epoch=9/80 loss=0.032232 seconds=0.05
epoch=10/80 loss=0.011501 seconds=0.05
epoch=11/80 loss=0.021648 seconds=0.03
epoch=12/80 loss=0.024573 seconds=0.03
epoch=13/80 loss=0.007999 seconds=0.05
epoch=14/80 loss=0.007483 seconds=0.03
epoch=15/80 loss=0.006570 seconds=0.05
epoch=16/80 loss=0.006477 seconds=0.05
epoch=17/80 loss=0.003699 seconds=0.05
epoch=18/80 loss=0.002522 seconds=0.03
epoch=19/80 loss=0.001670 seconds=0.05
epoch=20/80 loss=0.001162 seconds=0.05
epoch=21/80 loss=0.001799 seconds=0.05
epoch=22/80 loss=0.001763 seconds=0.05
epoch=23/80 loss=0.001706 seconds=0.06
epoch=24/80 loss=0.001282 seconds=0.03
epoch=25/80 loss=0.001993 seconds=0.05
epoch=26/80 loss=0.000600 seconds=0.03
epoch=27/80 loss=0.000659 seconds=0.05
epoch=28/80 loss=0.000977 seconds=0.05
epoch=29/80 loss=0.001874 seconds=0.05
epoch=30/80 loss=0.000539 seconds=0.05
epoch=31/80 loss=0.000771 seconds=0.05
epoch=32/80 loss=0.095793 seconds=0.05
epoch=33/80 loss=0.020058 seconds=0.05
epoch=34/80 loss=0.070095 seconds=0.05
epoch=35/80 loss=0.016421 seconds=0.03
epoch=36/80 loss=0.008849 seconds=0.05
epoch=37/80 loss=0.002707 seconds=0.05
epoch=38/80 loss=0.004060 seconds=0.03
epoch=39/80 loss=0.001233 seconds=0.05
epoch=40/80 loss=0.001120 seconds=0.05
epoch=41/80 loss=0.006787 seconds=0.03
epoch=42/80 loss=0.001649 seconds=0.05
epoch=43/80 loss=0.001656 seconds=0.05
epoch=44/80 loss=0.001720 seconds=0.05
epoch=45/80 loss=0.004520 seconds=0.05
epoch=46/80 loss=0.005109 seconds=0.05
epoch=47/80 loss=0.001148 seconds=0.05
epoch=48/80 loss=0.001669 seconds=0.03
epoch=49/80 loss=0.004349 seconds=0.05
epoch=50/80 loss=0.017381 seconds=0.05
epoch=51/80 loss=0.001448 seconds=0.05
epoch=52/80 loss=0.013787 seconds=0.03
epoch=53/80 loss=0.000864 seconds=0.05
epoch=54/80 loss=0.002110 seconds=0.05
epoch=55/80 loss=0.000682 seconds=0.05
epoch=56/80 loss=0.004299 seconds=0.05
epoch=57/80 loss=0.009802 seconds=0.03
epoch=58/80 loss=0.024815 seconds=0.05
epoch=59/80 loss=0.050444 seconds=0.05
epoch=60/80 loss=0.002698 seconds=0.05
epoch=61/80 loss=0.009401 seconds=0.05
epoch=62/80 loss=0.003886 seconds=0.05
epoch=63/80 loss=0.004328 seconds=0.03
epoch=64/80 loss=0.007678 seconds=0.05
epoch=65/80 loss=0.020815 seconds=0.05
epoch=66/80 loss=0.001338 seconds=0.05
epoch=67/80 loss=0.000882 seconds=0.05
epoch=68/80 loss=0.001134 seconds=0.03
epoch=69/80 loss=0.000660 seconds=0.05
epoch=70/80 loss=0.000577 seconds=0.05
epoch=71/80 loss=0.000690 seconds=0.05
epoch=72/80 loss=0.001047 seconds=0.05
epoch=73/80 loss=0.000869 seconds=0.03
epoch=74/80 loss=0.001893 seconds=0.05
epoch=75/80 loss=0.000351 seconds=0.05
epoch=76/80 loss=0.000230 seconds=0.05
epoch=77/80 loss=0.000259 seconds=0.05
epoch=78/80 loss=0.000255 seconds=0.05
epoch=79/80 loss=0.000356 seconds=0.05
epoch=80/80 loss=0.000254 seconds=0.06
fold=5/10 OOF_accuracy=0.566667 OOF_AUC=0.700957
Device=cuda; epochs=80; batch=32; model=ResNet1D
epoch=1/80 loss=0.322791 seconds=0.05
epoch=2/80 loss=0.090126 seconds=0.05
epoch=3/80 loss=0.053504 seconds=0.03
epoch=4/80 loss=0.032195 seconds=0.05
epoch=5/80 loss=0.027971 seconds=0.03
epoch=6/80 loss=0.029182 seconds=0.05
epoch=7/80 loss=0.012891 seconds=0.03
epoch=8/80 loss=0.064938 seconds=0.05
epoch=9/80 loss=0.012547 seconds=0.05
epoch=10/80 loss=0.005957 seconds=0.05
epoch=11/80 loss=0.009808 seconds=0.05
epoch=12/80 loss=0.037575 seconds=0.05
epoch=13/80 loss=0.008205 seconds=0.05
epoch=14/80 loss=0.004823 seconds=0.05
epoch=15/80 loss=0.003093 seconds=0.05
epoch=16/80 loss=0.002485 seconds=0.03
epoch=17/80 loss=0.002481 seconds=0.05
epoch=18/80 loss=0.004248 seconds=0.05
epoch=19/80 loss=0.002355 seconds=0.03
epoch=20/80 loss=0.003310 seconds=0.05
epoch=21/80 loss=0.004466 seconds=0.05
epoch=22/80 loss=0.025140 seconds=0.03
epoch=23/80 loss=0.056404 seconds=0.05
epoch=24/80 loss=0.044382 seconds=0.05
epoch=25/80 loss=0.059041 seconds=0.05
epoch=26/80 loss=0.015800 seconds=0.03
epoch=27/80 loss=0.008847 seconds=0.05
epoch=28/80 loss=0.015643 seconds=0.05
epoch=29/80 loss=0.020468 seconds=0.05
epoch=30/80 loss=0.011559 seconds=0.05
epoch=31/80 loss=0.014889 seconds=0.03
epoch=32/80 loss=0.033333 seconds=0.05
epoch=33/80 loss=0.012672 seconds=0.05
epoch=34/80 loss=0.062807 seconds=0.05
epoch=35/80 loss=0.018118 seconds=0.05
epoch=36/80 loss=0.010324 seconds=0.05
epoch=37/80 loss=0.002925 seconds=0.03
epoch=38/80 loss=0.003934 seconds=0.05
epoch=39/80 loss=0.001576 seconds=0.05
epoch=40/80 loss=0.001822 seconds=0.05
epoch=41/80 loss=0.003845 seconds=0.05
epoch=42/80 loss=0.001961 seconds=0.05
epoch=43/80 loss=0.001734 seconds=0.05
epoch=44/80 loss=0.001433 seconds=0.03
epoch=45/80 loss=0.002525 seconds=0.05
epoch=46/80 loss=0.002113 seconds=0.05
epoch=47/80 loss=0.002829 seconds=0.05
epoch=48/80 loss=0.003325 seconds=0.05
epoch=49/80 loss=0.017946 seconds=0.05
epoch=50/80 loss=0.014179 seconds=0.05
epoch=51/80 loss=0.010230 seconds=0.05
epoch=52/80 loss=0.004827 seconds=0.05
epoch=53/80 loss=0.002053 seconds=0.05
epoch=54/80 loss=0.001350 seconds=0.05
epoch=55/80 loss=0.000793 seconds=0.05
epoch=56/80 loss=0.004826 seconds=0.05
epoch=57/80 loss=0.008619 seconds=0.05
epoch=58/80 loss=0.012535 seconds=0.05
epoch=59/80 loss=0.055046 seconds=0.05
epoch=60/80 loss=0.010869 seconds=0.03
epoch=61/80 loss=0.016110 seconds=0.05
epoch=62/80 loss=0.004079 seconds=0.05
epoch=63/80 loss=0.002509 seconds=0.05
epoch=64/80 loss=0.003943 seconds=0.06
epoch=65/80 loss=0.005328 seconds=0.05
epoch=66/80 loss=0.004551 seconds=0.05
epoch=67/80 loss=0.000497 seconds=0.06
epoch=68/80 loss=0.001183 seconds=0.05
epoch=69/80 loss=0.000534 seconds=0.05
epoch=70/80 loss=0.000293 seconds=0.05
epoch=71/80 loss=0.000820 seconds=0.05
epoch=72/80 loss=0.031810 seconds=0.05
epoch=73/80 loss=0.024728 seconds=0.06
epoch=74/80 loss=0.003110 seconds=0.05
epoch=75/80 loss=0.003639 seconds=0.05
epoch=76/80 loss=0.001512 seconds=0.05
epoch=77/80 loss=0.000651 seconds=0.05
epoch=78/80 loss=0.003326 seconds=0.05
epoch=79/80 loss=0.013941 seconds=0.06
epoch=80/80 loss=0.013597 seconds=0.05
fold=6/10 OOF_accuracy=0.833333 OOF_AUC=0.842105
Device=cuda; epochs=80; batch=32; model=ResNet1D
epoch=1/80 loss=0.286395 seconds=0.05
epoch=2/80 loss=0.082185 seconds=0.05
epoch=3/80 loss=0.053708 seconds=0.05
epoch=4/80 loss=0.037714 seconds=0.06
epoch=5/80 loss=0.014513 seconds=0.05
epoch=6/80 loss=0.017806 seconds=0.05
epoch=7/80 loss=0.011030 seconds=0.05
epoch=8/80 loss=0.025845 seconds=0.05
epoch=9/80 loss=0.020138 seconds=0.05
epoch=10/80 loss=0.007552 seconds=0.05
epoch=11/80 loss=0.006190 seconds=0.05
epoch=12/80 loss=0.007376 seconds=0.05
epoch=13/80 loss=0.002749 seconds=0.05
epoch=14/80 loss=0.003305 seconds=0.05
epoch=15/80 loss=0.003216 seconds=0.05
epoch=16/80 loss=0.003331 seconds=0.05
epoch=17/80 loss=0.015228 seconds=0.05
epoch=18/80 loss=0.002741 seconds=0.05
epoch=19/80 loss=0.009404 seconds=0.05
epoch=20/80 loss=0.002470 seconds=0.05
epoch=21/80 loss=0.003980 seconds=0.05
epoch=22/80 loss=0.005621 seconds=0.05
epoch=23/80 loss=0.015227 seconds=0.05
epoch=24/80 loss=0.059907 seconds=0.05
epoch=25/80 loss=0.066400 seconds=0.06
epoch=26/80 loss=0.047085 seconds=0.05
epoch=27/80 loss=0.007499 seconds=0.05
epoch=28/80 loss=0.007650 seconds=0.05
epoch=29/80 loss=0.025489 seconds=0.06
epoch=30/80 loss=0.009822 seconds=0.05
epoch=31/80 loss=0.003191 seconds=0.05
epoch=32/80 loss=0.020497 seconds=0.05
epoch=33/80 loss=0.004539 seconds=0.05
epoch=34/80 loss=0.033507 seconds=0.05
epoch=35/80 loss=0.005203 seconds=0.05
epoch=36/80 loss=0.011303 seconds=0.05
epoch=37/80 loss=0.002847 seconds=0.05
epoch=38/80 loss=0.005120 seconds=0.05
epoch=39/80 loss=0.005175 seconds=0.05
epoch=40/80 loss=0.019897 seconds=0.05
epoch=41/80 loss=0.027156 seconds=0.05
epoch=42/80 loss=0.018029 seconds=0.06
epoch=43/80 loss=0.005895 seconds=0.05
epoch=44/80 loss=0.011105 seconds=0.05
epoch=45/80 loss=0.029669 seconds=0.05
epoch=46/80 loss=0.010964 seconds=0.05
epoch=47/80 loss=0.002915 seconds=0.06
epoch=48/80 loss=0.008263 seconds=0.05
epoch=49/80 loss=0.015754 seconds=0.06
epoch=50/80 loss=0.009442 seconds=0.03
epoch=51/80 loss=0.003095 seconds=0.05
epoch=52/80 loss=0.013987 seconds=0.05
epoch=53/80 loss=0.000925 seconds=0.05
epoch=54/80 loss=0.004284 seconds=0.05
epoch=55/80 loss=0.002645 seconds=0.06
epoch=56/80 loss=0.003125 seconds=0.03
epoch=57/80 loss=0.006111 seconds=0.05
epoch=58/80 loss=0.008212 seconds=0.06
epoch=59/80 loss=0.010209 seconds=0.05
epoch=60/80 loss=0.007061 seconds=0.06
epoch=61/80 loss=0.001554 seconds=0.03
epoch=62/80 loss=0.001459 seconds=0.05
epoch=63/80 loss=0.000723 seconds=0.06
epoch=64/80 loss=0.007860 seconds=0.05
epoch=65/80 loss=0.004537 seconds=0.05
epoch=66/80 loss=0.006147 seconds=0.05
epoch=67/80 loss=0.000879 seconds=0.06
epoch=68/80 loss=0.012117 seconds=0.06
epoch=69/80 loss=0.011758 seconds=0.05
epoch=70/80 loss=0.000594 seconds=0.06
epoch=71/80 loss=0.000927 seconds=0.05
epoch=72/80 loss=0.002692 seconds=0.06
epoch=73/80 loss=0.000955 seconds=0.05
epoch=74/80 loss=0.000725 seconds=0.05
epoch=75/80 loss=0.000319 seconds=0.05
epoch=76/80 loss=0.000264 seconds=0.06
epoch=77/80 loss=0.000330 seconds=0.05
epoch=78/80 loss=0.000277 seconds=0.05
epoch=79/80 loss=0.000297 seconds=0.05
epoch=80/80 loss=0.000255 seconds=0.05
fold=7/10 OOF_accuracy=0.733333 OOF_AUC=0.779904
Device=cuda; epochs=80; batch=32; model=ResNet1D
epoch=1/80 loss=0.275821 seconds=0.05
epoch=2/80 loss=0.070644 seconds=0.05
epoch=3/80 loss=0.064256 seconds=0.05
epoch=4/80 loss=0.028587 seconds=0.05
epoch=5/80 loss=0.023676 seconds=0.03
epoch=6/80 loss=0.016456 seconds=0.05
epoch=7/80 loss=0.006816 seconds=0.05
epoch=8/80 loss=0.010812 seconds=0.05
epoch=9/80 loss=0.019522 seconds=0.05
epoch=10/80 loss=0.011900 seconds=0.05
epoch=11/80 loss=0.011063 seconds=0.05
epoch=12/80 loss=0.014215 seconds=0.05
epoch=13/80 loss=0.013575 seconds=0.05
epoch=14/80 loss=0.013717 seconds=0.05
epoch=15/80 loss=0.003102 seconds=0.05
epoch=16/80 loss=0.004043 seconds=0.05
epoch=17/80 loss=0.036488 seconds=0.05
epoch=18/80 loss=0.006448 seconds=0.05
epoch=19/80 loss=0.004536 seconds=0.05
epoch=20/80 loss=0.002969 seconds=0.03
epoch=21/80 loss=0.004081 seconds=0.06
epoch=22/80 loss=0.003485 seconds=0.03
epoch=23/80 loss=0.007723 seconds=0.05
epoch=24/80 loss=0.009458 seconds=0.05
epoch=25/80 loss=0.023628 seconds=0.03
epoch=26/80 loss=0.020153 seconds=0.06
epoch=27/80 loss=0.004498 seconds=0.05
epoch=28/80 loss=0.005531 seconds=0.05
epoch=29/80 loss=0.013989 seconds=0.03
epoch=30/80 loss=0.004959 seconds=0.05
epoch=31/80 loss=0.002268 seconds=0.05
epoch=32/80 loss=0.031380 seconds=0.05
epoch=33/80 loss=0.016091 seconds=0.05
epoch=34/80 loss=0.006211 seconds=0.05
epoch=35/80 loss=0.002495 seconds=0.03
epoch=36/80 loss=0.001493 seconds=0.05
epoch=37/80 loss=0.000937 seconds=0.05
epoch=38/80 loss=0.000671 seconds=0.05
epoch=39/80 loss=0.000493 seconds=0.03
epoch=40/80 loss=0.000438 seconds=0.05
epoch=41/80 loss=0.000893 seconds=0.05
epoch=42/80 loss=0.000917 seconds=0.05
epoch=43/80 loss=0.000764 seconds=0.05
epoch=44/80 loss=0.000509 seconds=0.05
epoch=45/80 loss=0.001349 seconds=0.05
epoch=46/80 loss=0.000358 seconds=0.05
epoch=47/80 loss=0.000404 seconds=0.05
epoch=48/80 loss=0.000329 seconds=0.06
epoch=49/80 loss=0.001897 seconds=0.05
epoch=50/80 loss=0.000426 seconds=0.05
epoch=51/80 loss=0.000380 seconds=0.05
epoch=52/80 loss=0.000443 seconds=0.05
epoch=53/80 loss=0.000290 seconds=0.05
epoch=54/80 loss=0.000411 seconds=0.06
epoch=55/80 loss=0.000184 seconds=0.05
epoch=56/80 loss=0.010051 seconds=0.05
epoch=57/80 loss=0.058652 seconds=0.05
epoch=58/80 loss=0.035955 seconds=0.05
epoch=59/80 loss=0.019219 seconds=0.06
epoch=60/80 loss=0.003416 seconds=0.05
epoch=61/80 loss=0.002135 seconds=0.05
epoch=62/80 loss=0.001713 seconds=0.05
epoch=63/80 loss=0.001104 seconds=0.05
epoch=64/80 loss=0.035875 seconds=0.05
epoch=65/80 loss=0.008526 seconds=0.06
epoch=66/80 loss=0.004244 seconds=0.05
epoch=67/80 loss=0.001445 seconds=0.05
epoch=68/80 loss=0.001498 seconds=0.06
epoch=69/80 loss=0.000991 seconds=0.05
epoch=70/80 loss=0.000644 seconds=0.05
epoch=71/80 loss=0.000958 seconds=0.05
epoch=72/80 loss=0.001111 seconds=0.05
epoch=73/80 loss=0.000519 seconds=0.05
epoch=74/80 loss=0.000757 seconds=0.06
epoch=75/80 loss=0.000403 seconds=0.05
epoch=76/80 loss=0.000592 seconds=0.05
epoch=77/80 loss=0.000238 seconds=0.05
epoch=78/80 loss=0.000320 seconds=0.05
epoch=79/80 loss=0.000318 seconds=0.05
epoch=80/80 loss=0.000397 seconds=0.06
fold=8/10 OOF_accuracy=0.733333 OOF_AUC=0.755981
Device=cuda; epochs=80; batch=32; model=ResNet1D
epoch=1/80 loss=0.290588 seconds=0.05
epoch=2/80 loss=0.088621 seconds=0.05
epoch=3/80 loss=0.053057 seconds=0.06
epoch=4/80 loss=0.031634 seconds=0.03
epoch=5/80 loss=0.027957 seconds=0.06
epoch=6/80 loss=0.024624 seconds=0.05
epoch=7/80 loss=0.012171 seconds=0.05
epoch=8/80 loss=0.024168 seconds=0.05
epoch=9/80 loss=0.020442 seconds=0.05
epoch=10/80 loss=0.012355 seconds=0.05
epoch=11/80 loss=0.011422 seconds=0.05
epoch=12/80 loss=0.013567 seconds=0.05
epoch=13/80 loss=0.015230 seconds=0.05
epoch=14/80 loss=0.018123 seconds=0.03
epoch=15/80 loss=0.006008 seconds=0.06
epoch=16/80 loss=0.005234 seconds=0.05
epoch=17/80 loss=0.006466 seconds=0.05
epoch=18/80 loss=0.003258 seconds=0.05
epoch=19/80 loss=0.002895 seconds=0.05
epoch=20/80 loss=0.002033 seconds=0.05
epoch=21/80 loss=0.002339 seconds=0.05
epoch=22/80 loss=0.014407 seconds=0.05
epoch=23/80 loss=0.063365 seconds=0.05
epoch=24/80 loss=0.010398 seconds=0.06
epoch=25/80 loss=0.015726 seconds=0.05
epoch=26/80 loss=0.003881 seconds=0.05
epoch=27/80 loss=0.012721 seconds=0.05
epoch=28/80 loss=0.024844 seconds=0.06
epoch=29/80 loss=0.022249 seconds=0.05
epoch=30/80 loss=0.019039 seconds=0.05
epoch=31/80 loss=0.009353 seconds=0.05
epoch=32/80 loss=0.043682 seconds=0.05
epoch=33/80 loss=0.020438 seconds=0.05
epoch=34/80 loss=0.013148 seconds=0.05
epoch=35/80 loss=0.003460 seconds=0.05
epoch=36/80 loss=0.003923 seconds=0.05
epoch=37/80 loss=0.001262 seconds=0.05
epoch=38/80 loss=0.001298 seconds=0.06
epoch=39/80 loss=0.000839 seconds=0.05
epoch=40/80 loss=0.000765 seconds=0.05
epoch=41/80 loss=0.001243 seconds=0.03
epoch=42/80 loss=0.000778 seconds=0.05
epoch=43/80 loss=0.000695 seconds=0.05
epoch=44/80 loss=0.000536 seconds=0.06
epoch=45/80 loss=0.002330 seconds=0.06
epoch=46/80 loss=0.002619 seconds=0.05
epoch=47/80 loss=0.008453 seconds=0.05
epoch=48/80 loss=0.002479 seconds=0.05
epoch=49/80 loss=0.010996 seconds=0.06
epoch=50/80 loss=0.018177 seconds=0.05
epoch=51/80 loss=0.011204 seconds=0.06
epoch=52/80 loss=0.047239 seconds=0.05
epoch=53/80 loss=0.016265 seconds=0.08
epoch=54/80 loss=0.006686 seconds=0.05
epoch=55/80 loss=0.003297 seconds=0.05
epoch=56/80 loss=0.010542 seconds=0.05
epoch=57/80 loss=0.007551 seconds=0.05
epoch=58/80 loss=0.001573 seconds=0.05
epoch=59/80 loss=0.013528 seconds=0.06
epoch=60/80 loss=0.001899 seconds=0.05
epoch=61/80 loss=0.005246 seconds=0.05
epoch=62/80 loss=0.004805 seconds=0.06
epoch=63/80 loss=0.000435 seconds=0.05
epoch=64/80 loss=0.002130 seconds=0.06
epoch=65/80 loss=0.002173 seconds=0.05
epoch=66/80 loss=0.011035 seconds=0.05
epoch=67/80 loss=0.000369 seconds=0.06
epoch=68/80 loss=0.009668 seconds=0.05
epoch=69/80 loss=0.001549 seconds=0.05
epoch=70/80 loss=0.000857 seconds=0.06
epoch=71/80 loss=0.003443 seconds=0.05
epoch=72/80 loss=0.011945 seconds=0.06
epoch=73/80 loss=0.013858 seconds=0.05
epoch=74/80 loss=0.016140 seconds=0.06
epoch=75/80 loss=0.001476 seconds=0.05
epoch=76/80 loss=0.004916 seconds=0.05
epoch=77/80 loss=0.000763 seconds=0.05
epoch=78/80 loss=0.006719 seconds=0.05
epoch=79/80 loss=0.001553 seconds=0.03
epoch=80/80 loss=0.005124 seconds=0.05
fold=9/10 OOF_accuracy=0.700000 OOF_AUC=0.789474
Device=cuda; epochs=80; batch=32; model=ResNet1D
epoch=1/80 loss=0.304022 seconds=0.05
epoch=2/80 loss=0.095975 seconds=0.05
epoch=3/80 loss=0.069662 seconds=0.03
epoch=4/80 loss=0.039753 seconds=0.05
epoch=5/80 loss=0.029452 seconds=0.03
epoch=6/80 loss=0.028339 seconds=0.05
epoch=7/80 loss=0.021614 seconds=0.05
epoch=8/80 loss=0.029931 seconds=0.05
epoch=9/80 loss=0.023575 seconds=0.05
epoch=10/80 loss=0.006062 seconds=0.05
epoch=11/80 loss=0.013559 seconds=0.05
epoch=12/80 loss=0.029912 seconds=0.03
epoch=13/80 loss=0.032535 seconds=0.05
epoch=14/80 loss=0.013230 seconds=0.06
epoch=15/80 loss=0.015046 seconds=0.05
epoch=16/80 loss=0.008551 seconds=0.05
epoch=17/80 loss=0.009187 seconds=0.06
epoch=18/80 loss=0.012112 seconds=0.05
epoch=19/80 loss=0.022755 seconds=0.05
epoch=20/80 loss=0.031479 seconds=0.06
epoch=21/80 loss=0.030201 seconds=0.05
epoch=22/80 loss=0.016225 seconds=0.05
epoch=23/80 loss=0.028209 seconds=0.05
epoch=24/80 loss=0.032924 seconds=0.05
epoch=25/80 loss=0.015217 seconds=0.05
epoch=26/80 loss=0.012726 seconds=0.06
epoch=27/80 loss=0.009929 seconds=0.05
epoch=28/80 loss=0.005397 seconds=0.05
epoch=29/80 loss=0.014954 seconds=0.05
epoch=30/80 loss=0.003094 seconds=0.06
epoch=31/80 loss=0.017510 seconds=0.05
epoch=32/80 loss=0.030713 seconds=0.05
epoch=33/80 loss=0.006885 seconds=0.06
epoch=34/80 loss=0.022274 seconds=0.05
epoch=35/80 loss=0.011576 seconds=0.06
epoch=36/80 loss=0.014753 seconds=0.05
epoch=37/80 loss=0.004076 seconds=0.05
epoch=38/80 loss=0.022557 seconds=0.06
epoch=39/80 loss=0.004421 seconds=0.05
epoch=40/80 loss=0.002368 seconds=0.05
epoch=41/80 loss=0.001983 seconds=0.05
epoch=42/80 loss=0.004120 seconds=0.05
epoch=43/80 loss=0.001109 seconds=0.06
epoch=44/80 loss=0.000893 seconds=0.06
epoch=45/80 loss=0.001566 seconds=0.06
epoch=46/80 loss=0.000712 seconds=0.05
epoch=47/80 loss=0.000768 seconds=0.05
epoch=48/80 loss=0.000492 seconds=0.06
epoch=49/80 loss=0.011258 seconds=0.05
epoch=50/80 loss=0.004124 seconds=0.05
epoch=51/80 loss=0.016242 seconds=0.05
epoch=52/80 loss=0.017050 seconds=0.05
epoch=53/80 loss=0.001905 seconds=0.06
epoch=54/80 loss=0.008046 seconds=0.05
epoch=55/80 loss=0.002189 seconds=0.05
epoch=56/80 loss=0.008839 seconds=0.06
epoch=57/80 loss=0.046225 seconds=0.05
epoch=58/80 loss=0.012147 seconds=0.05
epoch=59/80 loss=0.025420 seconds=0.05
epoch=60/80 loss=0.005479 seconds=0.05
epoch=61/80 loss=0.005327 seconds=0.06
epoch=62/80 loss=0.002680 seconds=0.05
epoch=63/80 loss=0.001856 seconds=0.05
epoch=64/80 loss=0.001986 seconds=0.05
epoch=65/80 loss=0.001472 seconds=0.05
epoch=66/80 loss=0.000639 seconds=0.05
epoch=67/80 loss=0.000535 seconds=0.06
epoch=68/80 loss=0.001075 seconds=0.05
epoch=69/80 loss=0.000556 seconds=0.05
epoch=70/80 loss=0.000433 seconds=0.05
epoch=71/80 loss=0.000509 seconds=0.05
epoch=72/80 loss=0.001097 seconds=0.05
epoch=73/80 loss=0.000483 seconds=0.06
epoch=74/80 loss=0.000935 seconds=0.05
epoch=75/80 loss=0.000264 seconds=0.05
epoch=76/80 loss=0.000272 seconds=0.05
epoch=77/80 loss=0.000181 seconds=0.05
epoch=78/80 loss=0.000185 seconds=0.05
epoch=79/80 loss=0.000235 seconds=0.06
epoch=80/80 loss=0.000222 seconds=0.05
fold=10/10 OOF_accuracy=0.800000 OOF_AUC=0.693780
Device=cuda; epochs=80; batch=32; model=ResNet1D
epoch=1/80 loss=0.377512 seconds=0.06
epoch=2/80 loss=0.125908 seconds=0.05
epoch=3/80 loss=0.057310 seconds=0.06
epoch=4/80 loss=0.028719 seconds=0.05
epoch=5/80 loss=0.026027 seconds=0.06
epoch=6/80 loss=0.017071 seconds=0.05
epoch=7/80 loss=0.013915 seconds=0.06
epoch=8/80 loss=0.011880 seconds=0.05
epoch=9/80 loss=0.011133 seconds=0.06
epoch=10/80 loss=0.010364 seconds=0.05
epoch=11/80 loss=0.021006 seconds=0.05
epoch=12/80 loss=0.006333 seconds=0.06
epoch=13/80 loss=0.007902 seconds=0.05
epoch=14/80 loss=0.019213 seconds=0.06
epoch=15/80 loss=0.031209 seconds=0.06
epoch=16/80 loss=0.076569 seconds=0.05
epoch=17/80 loss=0.049425 seconds=0.05
epoch=18/80 loss=0.038325 seconds=0.06
epoch=19/80 loss=0.048149 seconds=0.05
epoch=20/80 loss=0.040740 seconds=0.05
epoch=21/80 loss=0.026718 seconds=0.05
epoch=22/80 loss=0.030971 seconds=0.05
epoch=23/80 loss=0.016841 seconds=0.06
epoch=24/80 loss=0.016303 seconds=0.05
epoch=25/80 loss=0.015588 seconds=0.06
epoch=26/80 loss=0.010012 seconds=0.05
epoch=27/80 loss=0.022010 seconds=0.06
epoch=28/80 loss=0.009965 seconds=0.05
epoch=29/80 loss=0.027713 seconds=0.06
epoch=30/80 loss=0.014064 seconds=0.05
epoch=31/80 loss=0.006691 seconds=0.05
epoch=32/80 loss=0.009046 seconds=0.06
epoch=33/80 loss=0.007513 seconds=0.05
epoch=34/80 loss=0.007091 seconds=0.06
epoch=35/80 loss=0.005889 seconds=0.05
epoch=36/80 loss=0.001440 seconds=0.06
epoch=37/80 loss=0.001036 seconds=0.05
epoch=38/80 loss=0.027725 seconds=0.06
epoch=39/80 loss=0.002171 seconds=0.05
epoch=40/80 loss=0.011447 seconds=0.06
epoch=41/80 loss=0.006463 seconds=0.05
epoch=42/80 loss=0.009071 seconds=0.05
epoch=43/80 loss=0.001215 seconds=0.05
epoch=44/80 loss=0.001696 seconds=0.06
epoch=45/80 loss=0.004056 seconds=0.05
epoch=46/80 loss=0.024643 seconds=0.06
epoch=47/80 loss=0.006058 seconds=0.05
epoch=48/80 loss=0.014488 seconds=0.05
epoch=49/80 loss=0.052651 seconds=0.06
epoch=50/80 loss=0.003354 seconds=0.05
epoch=51/80 loss=0.005746 seconds=0.05
epoch=52/80 loss=0.003581 seconds=0.06
epoch=53/80 loss=0.002056 seconds=0.05
epoch=54/80 loss=0.000632 seconds=0.06
epoch=55/80 loss=0.000672 seconds=0.05
epoch=56/80 loss=0.000827 seconds=0.06
epoch=57/80 loss=0.000696 seconds=0.05
epoch=58/80 loss=0.000856 seconds=0.05
epoch=59/80 loss=0.002131 seconds=0.06
epoch=60/80 loss=0.001909 seconds=0.05
epoch=61/80 loss=0.000573 seconds=0.06
epoch=62/80 loss=0.000678 seconds=0.05
epoch=63/80 loss=0.000593 seconds=0.06
epoch=64/80 loss=0.000507 seconds=0.05
epoch=65/80 loss=0.000359 seconds=0.06
epoch=66/80 loss=0.000993 seconds=0.05
epoch=67/80 loss=0.007157 seconds=0.06
epoch=68/80 loss=0.023340 seconds=0.06
epoch=69/80 loss=0.018503 seconds=0.05
epoch=70/80 loss=0.010083 seconds=0.05
epoch=71/80 loss=0.002069 seconds=0.06
epoch=72/80 loss=0.004769 seconds=0.05
epoch=73/80 loss=0.000617 seconds=0.05
epoch=74/80 loss=0.004053 seconds=0.06
epoch=75/80 loss=0.000342 seconds=0.06
epoch=76/80 loss=0.002578 seconds=0.05
epoch=77/80 loss=0.000408 seconds=0.06
epoch=78/80 loss=0.022943 seconds=0.05
epoch=79/80 loss=0.003527 seconds=0.06
epoch=80/80 loss=0.006422 seconds=0.05
{"cv_oof": {"accuracy": 0.7333333333333333, "balanced_accuracy": 0.7025462962962963, "sensitivity": 0.5925925925925926, "specificity": 0.8125, "f1_macro": 0.7056514913657771, "roc_auc": 0.7423804012345679, "confusion_matrix": [[156, 36], [44, 64]], "classification_report": {"0": {"precision": 0.78, "recall": 0.8125, "f1-score": 0.7959183673469388, "support": 192.0}, "1": {"precision": 0.64, "recall": 0.5925925925925926, "f1-score": 0.6153846153846154, "support": 108.0}, "accuracy": 0.7333333333333333, "macro avg": {"precision": 0.71, "recall": 0.7025462962962963, "f1-score": 0.7056514913657771, "support": 300.0}, "weighted avg": {"precision": 0.7296, "recall": 0.7333333333333333, "f1-score": 0.7309262166405023, "support": 300.0}}}, "test": {"accuracy": 0.7808219178082192, "balanced_accuracy": 0.7782324058919804, "sensitivity": 0.7692307692307693, "specificity": 0.7872340425531915, "f1_macro": 0.7682539682539682, "roc_auc": 0.8469721767594108, "confusion_matrix": [[37, 10], [6, 20]], "classification_report": {"0": {"precision": 0.8604651162790697, "recall": 0.7872340425531915, "f1-score": 0.8222222222222222, "support": 47.0}, "1": {"precision": 0.6666666666666666, "recall": 0.7692307692307693, "f1-score": 0.7142857142857143, "support": 26.0}, "accuracy": 0.7808219178082192, "macro avg": {"precision": 0.7635658914728682, "recall": 0.7782324058919804, "f1-score": 0.7682539682539682, "support": 73.0}, "weighted avg": {"precision": 0.7914410109376658, "recall": 0.7808219178082192, "f1-score": 0.7837790824092193, "support": 73.0}}}, "folds": 10, "original_train_rows": 300, "train_rows": 384, "test_rows": 73, "elapsed_seconds": 47.93700000003446}
