Command: ["C:\\Users\\IHCK\\AppData\\Local\\Programs\\Python\\Python312\\python.exe", "-u", "C:\\Users\\IHCK\\Desktop\\1_10_69Final\\Hippocampal-Shape-Analysis-for-Epilepsy-Detection\\Model\\train_dataset_model.py", "--dataset", "coef_plsda", "--side", "right", "--model", "ResNetAE", "--kind", "coef", "--train-csv", "C:\\Users\\IHCK\\Desktop\\1_10_69Final\\Hippocampal-Shape-Analysis-for-Epilepsy-Detection\\Output_Dataset\\coef_plsda\\right\\train_prepared.csv", "--test-csv", "C:\\Users\\IHCK\\Desktop\\1_10_69Final\\Hippocampal-Shape-Analysis-for-Epilepsy-Detection\\Output_Dataset\\coef_plsda\\right\\test_prepared.csv", "--output-dir", "C:\\Users\\IHCK\\Desktop\\1_10_69Final\\Hippocampal-Shape-Analysis-for-Epilepsy-Detection\\Model_Results\\dataset_runs_20261003_10fold\\coef_plsda\\right\\ResNetAE", "--epochs", "80", "--folds", "10", "--pls-components", "8", "--seed", "42", "--threads", "2"]
10-fold CV: dataset=coef_plsda side=right model=ResNetAE; original_train=300 test=77
Device=cuda; epochs=80; batch=32; model=ResNetAutoencoder1D
epoch=1/80 loss=6.435059 seconds=0.47
epoch=2/80 loss=2.893664 seconds=0.09
epoch=3/80 loss=1.640300 seconds=0.09
epoch=4/80 loss=1.411707 seconds=0.08
epoch=5/80 loss=1.053743 seconds=0.09
epoch=6/80 loss=0.832162 seconds=0.08
epoch=7/80 loss=0.795628 seconds=0.09
epoch=8/80 loss=0.576954 seconds=0.08
epoch=9/80 loss=0.585158 seconds=0.08
epoch=10/80 loss=0.510386 seconds=0.08
epoch=11/80 loss=0.463918 seconds=0.06
epoch=12/80 loss=0.416855 seconds=0.08
epoch=13/80 loss=0.429825 seconds=0.06
epoch=14/80 loss=0.413177 seconds=0.08
epoch=15/80 loss=0.355049 seconds=0.08
epoch=16/80 loss=0.346182 seconds=0.08
epoch=17/80 loss=0.347273 seconds=0.08
epoch=18/80 loss=0.348026 seconds=0.06
epoch=19/80 loss=0.322249 seconds=0.08
epoch=20/80 loss=0.343409 seconds=0.08
epoch=21/80 loss=0.410728 seconds=0.08
epoch=22/80 loss=0.306938 seconds=0.06
epoch=23/80 loss=0.309955 seconds=0.09
epoch=24/80 loss=0.385511 seconds=0.06
epoch=25/80 loss=0.431425 seconds=0.08
epoch=26/80 loss=0.319727 seconds=0.08
epoch=27/80 loss=0.371123 seconds=0.06
epoch=28/80 loss=0.444826 seconds=0.08
epoch=29/80 loss=0.336789 seconds=0.08
epoch=30/80 loss=0.309788 seconds=0.08
epoch=31/80 loss=0.271612 seconds=0.06
epoch=32/80 loss=0.214057 seconds=0.08
epoch=33/80 loss=0.169033 seconds=0.08
epoch=34/80 loss=0.200323 seconds=0.06
epoch=35/80 loss=0.194420 seconds=0.08
epoch=36/80 loss=0.194236 seconds=0.08
epoch=37/80 loss=0.181720 seconds=0.08
epoch=38/80 loss=0.180955 seconds=0.08
epoch=39/80 loss=0.173012 seconds=0.08
epoch=40/80 loss=0.160091 seconds=0.06
epoch=41/80 loss=0.178022 seconds=0.06
epoch=42/80 loss=0.164821 seconds=0.06
epoch=43/80 loss=0.215540 seconds=0.08
epoch=44/80 loss=0.229022 seconds=0.06
epoch=45/80 loss=0.192874 seconds=0.06
epoch=46/80 loss=0.198829 seconds=0.08
epoch=47/80 loss=0.147161 seconds=0.06
epoch=48/80 loss=0.193498 seconds=0.08
epoch=49/80 loss=0.151937 seconds=0.06
epoch=50/80 loss=0.189203 seconds=0.06
epoch=51/80 loss=0.174680 seconds=0.06
epoch=52/80 loss=0.189867 seconds=0.06
epoch=53/80 loss=0.180700 seconds=0.06
epoch=54/80 loss=0.165958 seconds=0.06
epoch=55/80 loss=0.125222 seconds=0.06
epoch=56/80 loss=0.144582 seconds=0.06
epoch=57/80 loss=0.143215 seconds=0.06
epoch=58/80 loss=0.176392 seconds=0.06
epoch=59/80 loss=0.156054 seconds=0.06
epoch=60/80 loss=0.150405 seconds=0.06
epoch=61/80 loss=0.129046 seconds=0.06
epoch=62/80 loss=0.131738 seconds=0.06
epoch=63/80 loss=0.128574 seconds=0.08
epoch=64/80 loss=0.160270 seconds=0.06
epoch=65/80 loss=0.158947 seconds=0.06
epoch=66/80 loss=0.139072 seconds=0.06
epoch=67/80 loss=0.149590 seconds=0.08
epoch=68/80 loss=0.153432 seconds=0.08
epoch=69/80 loss=0.136667 seconds=0.08
epoch=70/80 loss=0.109778 seconds=0.06
epoch=71/80 loss=0.138496 seconds=0.08
epoch=72/80 loss=0.142605 seconds=0.08
epoch=73/80 loss=0.139782 seconds=0.06
epoch=74/80 loss=0.147902 seconds=0.06
epoch=75/80 loss=0.127783 seconds=0.06
epoch=76/80 loss=0.113600 seconds=0.06
epoch=77/80 loss=0.117513 seconds=0.06
epoch=78/80 loss=0.122826 seconds=0.06
epoch=79/80 loss=0.124774 seconds=0.06
epoch=80/80 loss=0.144465 seconds=0.06
fold=1/10 OOF_accuracy=0.733333 OOF_AUC=0.806818
Device=cuda; epochs=80; batch=32; model=ResNetAutoencoder1D
epoch=1/80 loss=6.815838 seconds=0.06
epoch=2/80 loss=2.734803 seconds=0.06
epoch=3/80 loss=1.502472 seconds=0.06
epoch=4/80 loss=1.181302 seconds=0.05
epoch=5/80 loss=0.881563 seconds=0.06
epoch=6/80 loss=0.758658 seconds=0.06
epoch=7/80 loss=0.712770 seconds=0.06
epoch=8/80 loss=0.605842 seconds=0.06
epoch=9/80 loss=0.519005 seconds=0.06
epoch=10/80 loss=0.476313 seconds=0.06
epoch=11/80 loss=0.563147 seconds=0.08
epoch=12/80 loss=0.418103 seconds=0.08
epoch=13/80 loss=0.373971 seconds=0.06
epoch=14/80 loss=0.337753 seconds=0.08
epoch=15/80 loss=0.382361 seconds=0.08
epoch=16/80 loss=0.326572 seconds=0.08
epoch=17/80 loss=0.372789 seconds=0.08
epoch=18/80 loss=0.357982 seconds=0.08
epoch=19/80 loss=0.305663 seconds=0.06
epoch=20/80 loss=0.312138 seconds=0.06
epoch=21/80 loss=0.411358 seconds=0.08
epoch=22/80 loss=0.291925 seconds=0.08
epoch=23/80 loss=0.304591 seconds=0.08
epoch=24/80 loss=0.260691 seconds=0.06
epoch=25/80 loss=0.315359 seconds=0.06
epoch=26/80 loss=0.270134 seconds=0.06
epoch=27/80 loss=0.262431 seconds=0.06
epoch=28/80 loss=0.278986 seconds=0.06
epoch=29/80 loss=0.203367 seconds=0.06
epoch=30/80 loss=0.218111 seconds=0.06
epoch=31/80 loss=0.241923 seconds=0.06
epoch=32/80 loss=0.208568 seconds=0.06
epoch=33/80 loss=0.219405 seconds=0.06
epoch=34/80 loss=0.220855 seconds=0.06
epoch=35/80 loss=0.190312 seconds=0.06
epoch=36/80 loss=0.200200 seconds=0.06
epoch=37/80 loss=0.199983 seconds=0.06
epoch=38/80 loss=0.216034 seconds=0.06
epoch=39/80 loss=0.172649 seconds=0.06
epoch=40/80 loss=0.177385 seconds=0.06
epoch=41/80 loss=0.157208 seconds=0.06
epoch=42/80 loss=0.167766 seconds=0.06
epoch=43/80 loss=0.169356 seconds=0.06
epoch=44/80 loss=0.190715 seconds=0.08
epoch=45/80 loss=0.209214 seconds=0.06
epoch=46/80 loss=0.203669 seconds=0.08
epoch=47/80 loss=0.203186 seconds=0.08
epoch=48/80 loss=0.172319 seconds=0.08
epoch=49/80 loss=0.156840 seconds=0.08
epoch=50/80 loss=0.175602 seconds=0.06
epoch=51/80 loss=0.164298 seconds=0.08
epoch=52/80 loss=0.144001 seconds=0.08
epoch=53/80 loss=0.141946 seconds=0.06
epoch=54/80 loss=0.133589 seconds=0.08
epoch=55/80 loss=0.150440 seconds=0.08
epoch=56/80 loss=0.129338 seconds=0.06
epoch=57/80 loss=0.151791 seconds=0.06
epoch=58/80 loss=0.142320 seconds=0.08
epoch=59/80 loss=0.149513 seconds=0.06
epoch=60/80 loss=0.184355 seconds=0.06
epoch=61/80 loss=0.171335 seconds=0.08
epoch=62/80 loss=0.144757 seconds=0.06
epoch=63/80 loss=0.127073 seconds=0.08
epoch=64/80 loss=0.127514 seconds=0.08
epoch=65/80 loss=0.140188 seconds=0.06
epoch=66/80 loss=0.127618 seconds=0.08
epoch=67/80 loss=0.134466 seconds=0.08
epoch=68/80 loss=0.153380 seconds=0.06
epoch=69/80 loss=0.142556 seconds=0.09
epoch=70/80 loss=0.126695 seconds=0.08
epoch=71/80 loss=0.124802 seconds=0.06
epoch=72/80 loss=0.118956 seconds=0.06
epoch=73/80 loss=0.123841 seconds=0.06
epoch=74/80 loss=0.160986 seconds=0.08
epoch=75/80 loss=0.153296 seconds=0.08
epoch=76/80 loss=0.156235 seconds=0.09
epoch=77/80 loss=0.142734 seconds=0.06
epoch=78/80 loss=0.144035 seconds=0.06
epoch=79/80 loss=0.139473 seconds=0.08
epoch=80/80 loss=0.153414 seconds=0.08
fold=2/10 OOF_accuracy=0.800000 OOF_AUC=0.943182
Device=cuda; epochs=80; batch=32; model=ResNetAutoencoder1D
epoch=1/80 loss=6.704038 seconds=0.06
epoch=2/80 loss=2.769190 seconds=0.06
epoch=3/80 loss=1.667219 seconds=0.06
epoch=4/80 loss=1.323616 seconds=0.08
epoch=5/80 loss=0.890011 seconds=0.08
epoch=6/80 loss=0.797706 seconds=0.08
epoch=7/80 loss=0.728026 seconds=0.06
epoch=8/80 loss=0.626588 seconds=0.08
epoch=9/80 loss=0.716831 seconds=0.06
epoch=10/80 loss=0.665485 seconds=0.08
epoch=11/80 loss=0.540006 seconds=0.08
epoch=12/80 loss=0.431463 seconds=0.08
epoch=13/80 loss=0.384076 seconds=0.08
epoch=14/80 loss=0.347162 seconds=0.08
epoch=15/80 loss=0.365868 seconds=0.08
epoch=16/80 loss=0.340534 seconds=0.06
epoch=17/80 loss=0.377779 seconds=0.08
epoch=18/80 loss=0.398247 seconds=0.06
epoch=19/80 loss=0.324378 seconds=0.08
epoch=20/80 loss=0.287192 seconds=0.08
epoch=21/80 loss=0.424775 seconds=0.08
epoch=22/80 loss=0.305023 seconds=0.06
epoch=23/80 loss=0.245340 seconds=0.08
epoch=24/80 loss=0.213019 seconds=0.08
epoch=25/80 loss=0.320628 seconds=0.06
epoch=26/80 loss=0.293332 seconds=0.08
epoch=27/80 loss=0.291084 seconds=0.08
epoch=28/80 loss=0.332865 seconds=0.06
epoch=29/80 loss=0.226649 seconds=0.08
epoch=30/80 loss=0.211486 seconds=0.08
epoch=31/80 loss=0.264151 seconds=0.06
epoch=32/80 loss=0.231187 seconds=0.08
epoch=33/80 loss=0.221912 seconds=0.08
epoch=34/80 loss=0.207447 seconds=0.08
epoch=35/80 loss=0.180488 seconds=0.08
epoch=36/80 loss=0.197212 seconds=0.08
epoch=37/80 loss=0.176646 seconds=0.08
epoch=38/80 loss=0.156564 seconds=0.06
epoch=39/80 loss=0.171064 seconds=0.08
epoch=40/80 loss=0.191158 seconds=0.06
epoch=41/80 loss=0.194655 seconds=0.08
epoch=42/80 loss=0.211677 seconds=0.08
epoch=43/80 loss=0.195480 seconds=0.06
epoch=44/80 loss=0.182831 seconds=0.08
epoch=45/80 loss=0.208152 seconds=0.08
epoch=46/80 loss=0.197578 seconds=0.08
epoch=47/80 loss=0.178349 seconds=0.08
epoch=48/80 loss=0.149448 seconds=0.06
epoch=49/80 loss=0.162227 seconds=0.08
epoch=50/80 loss=0.159244 seconds=0.08
epoch=51/80 loss=0.149083 seconds=0.08
epoch=52/80 loss=0.144635 seconds=0.08
epoch=53/80 loss=0.173128 seconds=0.08
epoch=54/80 loss=0.159350 seconds=0.06
epoch=55/80 loss=0.146916 seconds=0.09
epoch=56/80 loss=0.139030 seconds=0.08
epoch=57/80 loss=0.139419 seconds=0.06
epoch=58/80 loss=0.154316 seconds=0.06
epoch=59/80 loss=0.146217 seconds=0.06
epoch=60/80 loss=0.173150 seconds=0.08
epoch=61/80 loss=0.160215 seconds=0.08
epoch=62/80 loss=0.119112 seconds=0.08
epoch=63/80 loss=0.133399 seconds=0.06
epoch=64/80 loss=0.162024 seconds=0.06
epoch=65/80 loss=0.138091 seconds=0.08
epoch=66/80 loss=0.123905 seconds=0.08
epoch=67/80 loss=0.122812 seconds=0.08
epoch=68/80 loss=0.136800 seconds=0.09
epoch=69/80 loss=0.177837 seconds=0.06
epoch=70/80 loss=0.164951 seconds=0.09
epoch=71/80 loss=0.150950 seconds=0.08
epoch=72/80 loss=0.149667 seconds=0.08
epoch=73/80 loss=0.185624 seconds=0.08
epoch=74/80 loss=0.202236 seconds=0.08
epoch=75/80 loss=0.169828 seconds=0.08
epoch=76/80 loss=0.151744 seconds=0.06
epoch=77/80 loss=0.141427 seconds=0.06
epoch=78/80 loss=0.175283 seconds=0.08
epoch=79/80 loss=0.169335 seconds=0.06
epoch=80/80 loss=0.171815 seconds=0.06
fold=3/10 OOF_accuracy=0.866667 OOF_AUC=0.789773
Device=cuda; epochs=80; batch=32; model=ResNetAutoencoder1D
epoch=1/80 loss=5.874263 seconds=0.08
epoch=2/80 loss=2.389337 seconds=0.06
epoch=3/80 loss=1.372850 seconds=0.06
epoch=4/80 loss=1.038278 seconds=0.06
epoch=5/80 loss=0.845188 seconds=0.06
epoch=6/80 loss=0.723841 seconds=0.06
epoch=7/80 loss=0.655011 seconds=0.06
epoch=8/80 loss=0.512555 seconds=0.06
epoch=9/80 loss=0.535408 seconds=0.08
epoch=10/80 loss=0.470610 seconds=0.06
epoch=11/80 loss=0.447107 seconds=0.06
epoch=12/80 loss=0.350566 seconds=0.06
epoch=13/80 loss=0.355094 seconds=0.06
epoch=14/80 loss=0.376772 seconds=0.06
epoch=15/80 loss=0.295186 seconds=0.06
epoch=16/80 loss=0.278262 seconds=0.08
epoch=17/80 loss=0.340765 seconds=0.06
epoch=18/80 loss=0.320038 seconds=0.06
epoch=19/80 loss=0.332095 seconds=0.08
epoch=20/80 loss=0.329304 seconds=0.06
epoch=21/80 loss=0.402330 seconds=0.08
epoch=22/80 loss=0.300618 seconds=0.06
epoch=23/80 loss=0.281382 seconds=0.08
epoch=24/80 loss=0.288346 seconds=0.08
epoch=25/80 loss=0.284425 seconds=0.08
epoch=26/80 loss=0.252147 seconds=0.06
epoch=27/80 loss=0.352270 seconds=0.06
epoch=28/80 loss=0.302768 seconds=0.06
epoch=29/80 loss=0.254460 seconds=0.06
epoch=30/80 loss=0.275419 seconds=0.06
epoch=31/80 loss=0.275036 seconds=0.06
epoch=32/80 loss=0.207861 seconds=0.06
epoch=33/80 loss=0.223933 seconds=0.06
epoch=34/80 loss=0.196705 seconds=0.08
epoch=35/80 loss=0.223881 seconds=0.08
epoch=36/80 loss=0.212271 seconds=0.09
epoch=37/80 loss=0.178216 seconds=0.05
epoch=38/80 loss=0.192180 seconds=0.08
epoch=39/80 loss=0.204322 seconds=0.06
epoch=40/80 loss=0.220888 seconds=0.08
epoch=41/80 loss=0.163083 seconds=0.08
epoch=42/80 loss=0.153601 seconds=0.08
epoch=43/80 loss=0.163867 seconds=0.05
epoch=44/80 loss=0.141250 seconds=0.06
epoch=45/80 loss=0.231057 seconds=0.08
epoch=46/80 loss=0.202763 seconds=0.06
epoch=47/80 loss=0.171697 seconds=0.06
epoch=48/80 loss=0.182841 seconds=0.06
epoch=49/80 loss=0.151386 seconds=0.06
epoch=50/80 loss=0.158301 seconds=0.06
epoch=51/80 loss=0.126960 seconds=0.08
epoch=52/80 loss=0.143572 seconds=0.08
epoch=53/80 loss=0.157649 seconds=0.06
epoch=54/80 loss=0.162805 seconds=0.06
epoch=55/80 loss=0.154150 seconds=0.06
epoch=56/80 loss=0.176467 seconds=0.08
epoch=57/80 loss=0.173255 seconds=0.06
epoch=58/80 loss=0.194953 seconds=0.08
epoch=59/80 loss=0.175260 seconds=0.06
epoch=60/80 loss=0.198989 seconds=0.06
epoch=61/80 loss=0.169159 seconds=0.06
epoch=62/80 loss=0.136120 seconds=0.06
epoch=63/80 loss=0.155616 seconds=0.06
epoch=64/80 loss=0.149857 seconds=0.06
epoch=65/80 loss=0.142617 seconds=0.06
epoch=66/80 loss=0.138720 seconds=0.06
epoch=67/80 loss=0.134927 seconds=0.06
epoch=68/80 loss=0.118152 seconds=0.06
epoch=69/80 loss=0.145702 seconds=0.06
epoch=70/80 loss=0.148264 seconds=0.06
epoch=71/80 loss=0.145725 seconds=0.08
epoch=72/80 loss=0.127581 seconds=0.06
epoch=73/80 loss=0.141701 seconds=0.08
epoch=74/80 loss=0.126286 seconds=0.09
epoch=75/80 loss=0.131863 seconds=0.08
epoch=76/80 loss=0.129789 seconds=0.06
epoch=77/80 loss=0.124278 seconds=0.08
epoch=78/80 loss=0.117469 seconds=0.06
epoch=79/80 loss=0.124574 seconds=0.06
epoch=80/80 loss=0.121239 seconds=0.08
fold=4/10 OOF_accuracy=0.833333 OOF_AUC=0.772727
Device=cuda; epochs=80; batch=32; model=ResNetAutoencoder1D
epoch=1/80 loss=6.415615 seconds=0.06
epoch=2/80 loss=2.856825 seconds=0.08
epoch=3/80 loss=1.735550 seconds=0.06
epoch=4/80 loss=1.338531 seconds=0.06
epoch=5/80 loss=1.132672 seconds=0.06
epoch=6/80 loss=0.898645 seconds=0.08
epoch=7/80 loss=0.738436 seconds=0.06
epoch=8/80 loss=0.568102 seconds=0.08
epoch=9/80 loss=0.604119 seconds=0.06
epoch=10/80 loss=0.569523 seconds=0.08
epoch=11/80 loss=0.441542 seconds=0.08
epoch=12/80 loss=0.505534 seconds=0.06
epoch=13/80 loss=0.507073 seconds=0.08
epoch=14/80 loss=0.413233 seconds=0.08
epoch=15/80 loss=0.363682 seconds=0.06
epoch=16/80 loss=0.377453 seconds=0.06
epoch=17/80 loss=0.430197 seconds=0.06
epoch=18/80 loss=0.353927 seconds=0.06
epoch=19/80 loss=0.373599 seconds=0.06
epoch=20/80 loss=0.347252 seconds=0.06
epoch=21/80 loss=0.390781 seconds=0.06
epoch=22/80 loss=0.349066 seconds=0.08
epoch=23/80 loss=0.301797 seconds=0.06
epoch=24/80 loss=0.263893 seconds=0.08
epoch=25/80 loss=0.302143 seconds=0.06
epoch=26/80 loss=0.283013 seconds=0.06
epoch=27/80 loss=0.271026 seconds=0.06
epoch=28/80 loss=0.363385 seconds=0.06
epoch=29/80 loss=0.291541 seconds=0.06
epoch=30/80 loss=0.248451 seconds=0.06
epoch=31/80 loss=0.243155 seconds=0.06
epoch=32/80 loss=0.246738 seconds=0.06
epoch=33/80 loss=0.266533 seconds=0.06
epoch=34/80 loss=0.247803 seconds=0.06
epoch=35/80 loss=0.239158 seconds=0.06
epoch=36/80 loss=0.249845 seconds=0.06
epoch=37/80 loss=0.207353 seconds=0.06
epoch=38/80 loss=0.226065 seconds=0.06
epoch=39/80 loss=0.233921 seconds=0.06
epoch=40/80 loss=0.232204 seconds=0.06
epoch=41/80 loss=0.214802 seconds=0.06
epoch=42/80 loss=0.172443 seconds=0.06
epoch=43/80 loss=0.185965 seconds=0.06
epoch=44/80 loss=0.182902 seconds=0.08
epoch=45/80 loss=0.205872 seconds=0.08
epoch=46/80 loss=0.193299 seconds=0.08
epoch=47/80 loss=0.196250 seconds=0.06
epoch=48/80 loss=0.208267 seconds=0.08
epoch=49/80 loss=0.203413 seconds=0.08
epoch=50/80 loss=0.219977 seconds=0.06
epoch=51/80 loss=0.157765 seconds=0.06
epoch=52/80 loss=0.172994 seconds=0.06
epoch=53/80 loss=0.174153 seconds=0.06
epoch=54/80 loss=0.169818 seconds=0.08
epoch=55/80 loss=0.179862 seconds=0.06
epoch=56/80 loss=0.173958 seconds=0.06
epoch=57/80 loss=0.158203 seconds=0.08
epoch=58/80 loss=0.156961 seconds=0.06
epoch=59/80 loss=0.137962 seconds=0.06
epoch=60/80 loss=0.154573 seconds=0.06
epoch=61/80 loss=0.130456 seconds=0.06
epoch=62/80 loss=0.137808 seconds=0.08
epoch=63/80 loss=0.119753 seconds=0.06
epoch=64/80 loss=0.128573 seconds=0.06
epoch=65/80 loss=0.135014 seconds=0.06
epoch=66/80 loss=0.185307 seconds=0.08
epoch=67/80 loss=0.198145 seconds=0.06
epoch=68/80 loss=0.183853 seconds=0.06
epoch=69/80 loss=0.169094 seconds=0.06
epoch=70/80 loss=0.144529 seconds=0.06
epoch=71/80 loss=0.165034 seconds=0.06
epoch=72/80 loss=0.174805 seconds=0.06
epoch=73/80 loss=0.162291 seconds=0.06
epoch=74/80 loss=0.176502 seconds=0.06
epoch=75/80 loss=0.171090 seconds=0.06
epoch=76/80 loss=0.150332 seconds=0.06
epoch=77/80 loss=0.125534 seconds=0.06
epoch=78/80 loss=0.137920 seconds=0.06
epoch=79/80 loss=0.139701 seconds=0.06
epoch=80/80 loss=0.132969 seconds=0.06
fold=5/10 OOF_accuracy=0.933333 OOF_AUC=0.988636
Device=cuda; epochs=80; batch=32; model=ResNetAutoencoder1D
epoch=1/80 loss=6.065472 seconds=0.08
epoch=2/80 loss=2.614033 seconds=0.06
epoch=3/80 loss=1.395990 seconds=0.06
epoch=4/80 loss=1.236987 seconds=0.05
epoch=5/80 loss=0.962133 seconds=0.06
epoch=6/80 loss=0.737695 seconds=0.08
epoch=7/80 loss=0.743496 seconds=0.09
epoch=8/80 loss=0.604723 seconds=0.08
epoch=9/80 loss=0.568306 seconds=0.06
epoch=10/80 loss=0.498872 seconds=0.06
epoch=11/80 loss=0.447700 seconds=0.06
epoch=12/80 loss=0.407165 seconds=0.05
epoch=13/80 loss=0.389692 seconds=0.06
epoch=14/80 loss=0.321579 seconds=0.06
epoch=15/80 loss=0.270491 seconds=0.06
epoch=16/80 loss=0.301866 seconds=0.06
epoch=17/80 loss=0.293220 seconds=0.08
epoch=18/80 loss=0.317711 seconds=0.06
epoch=19/80 loss=0.357399 seconds=0.06
epoch=20/80 loss=0.320931 seconds=0.06
epoch=21/80 loss=0.360492 seconds=0.06
epoch=22/80 loss=0.279053 seconds=0.06
epoch=23/80 loss=0.316653 seconds=0.08
epoch=24/80 loss=0.273413 seconds=0.06
epoch=25/80 loss=0.292396 seconds=0.05
epoch=26/80 loss=0.267537 seconds=0.06
epoch=27/80 loss=0.309706 seconds=0.06
epoch=28/80 loss=0.310582 seconds=0.08
epoch=29/80 loss=0.247311 seconds=0.06
epoch=30/80 loss=0.258503 seconds=0.06
epoch=31/80 loss=0.308292 seconds=0.06
epoch=32/80 loss=0.224546 seconds=0.06
epoch=33/80 loss=0.226252 seconds=0.06
epoch=34/80 loss=0.287119 seconds=0.08
epoch=35/80 loss=0.217978 seconds=0.08
epoch=36/80 loss=0.237232 seconds=0.06
epoch=37/80 loss=0.221691 seconds=0.06
epoch=38/80 loss=0.176723 seconds=0.06
epoch=39/80 loss=0.215427 seconds=0.06
epoch=40/80 loss=0.202496 seconds=0.06
epoch=41/80 loss=0.216860 seconds=0.06
epoch=42/80 loss=0.150686 seconds=0.08
epoch=43/80 loss=0.156295 seconds=0.06
epoch=44/80 loss=0.190502 seconds=0.05
epoch=45/80 loss=0.199035 seconds=0.06
epoch=46/80 loss=0.190563 seconds=0.08
epoch=47/80 loss=0.179212 seconds=0.06
epoch=48/80 loss=0.172375 seconds=0.05
epoch=49/80 loss=0.153930 seconds=0.08
epoch=50/80 loss=0.149721 seconds=0.06
epoch=51/80 loss=0.119587 seconds=0.06
epoch=52/80 loss=0.143615 seconds=0.06
epoch=53/80 loss=0.149521 seconds=0.06
epoch=54/80 loss=0.158280 seconds=0.06
epoch=55/80 loss=0.146681 seconds=0.06
epoch=56/80 loss=0.128687 seconds=0.06
epoch=57/80 loss=0.151968 seconds=0.06
epoch=58/80 loss=0.171648 seconds=0.06
epoch=59/80 loss=0.152872 seconds=0.06
epoch=60/80 loss=0.145068 seconds=0.06
epoch=61/80 loss=0.136204 seconds=0.06
epoch=62/80 loss=0.128854 seconds=0.06
epoch=63/80 loss=0.125328 seconds=0.08
epoch=64/80 loss=0.176649 seconds=0.06
epoch=65/80 loss=0.156114 seconds=0.08
epoch=66/80 loss=0.148244 seconds=0.06
epoch=67/80 loss=0.162536 seconds=0.06
epoch=68/80 loss=0.159236 seconds=0.06
epoch=69/80 loss=0.163672 seconds=0.06
epoch=70/80 loss=0.164901 seconds=0.06
epoch=71/80 loss=0.135493 seconds=0.08
epoch=72/80 loss=0.114233 seconds=0.06
epoch=73/80 loss=0.123638 seconds=0.06
epoch=74/80 loss=0.160413 seconds=0.08
epoch=75/80 loss=0.166430 seconds=0.06
epoch=76/80 loss=0.152439 seconds=0.06
epoch=77/80 loss=0.123945 seconds=0.06
epoch=78/80 loss=0.126278 seconds=0.06
epoch=79/80 loss=0.125425 seconds=0.08
epoch=80/80 loss=0.120968 seconds=0.06
fold=6/10 OOF_accuracy=0.900000 OOF_AUC=0.965909
Device=cuda; epochs=80; batch=32; model=ResNetAutoencoder1D
epoch=1/80 loss=5.970463 seconds=0.06
epoch=2/80 loss=2.651056 seconds=0.06
epoch=3/80 loss=1.309573 seconds=0.06
epoch=4/80 loss=1.057978 seconds=0.08
epoch=5/80 loss=0.856342 seconds=0.06
epoch=6/80 loss=0.696740 seconds=0.08
epoch=7/80 loss=0.577644 seconds=0.06
epoch=8/80 loss=0.491925 seconds=0.06
epoch=9/80 loss=0.487876 seconds=0.06
epoch=10/80 loss=0.377658 seconds=0.08
epoch=11/80 loss=0.341649 seconds=0.06
epoch=12/80 loss=0.319265 seconds=0.06
epoch=13/80 loss=0.329200 seconds=0.06
epoch=14/80 loss=0.373345 seconds=0.06
epoch=15/80 loss=0.374334 seconds=0.06
epoch=16/80 loss=0.326831 seconds=0.08
epoch=17/80 loss=0.348680 seconds=0.06
epoch=18/80 loss=0.302632 seconds=0.05
epoch=19/80 loss=0.332164 seconds=0.06
epoch=20/80 loss=0.309359 seconds=0.08
epoch=21/80 loss=0.382734 seconds=0.06
epoch=22/80 loss=0.355900 seconds=0.06
epoch=23/80 loss=0.283857 seconds=0.06
epoch=24/80 loss=0.283123 seconds=0.06
epoch=25/80 loss=0.360630 seconds=0.06
epoch=26/80 loss=0.286065 seconds=0.06
epoch=27/80 loss=0.325003 seconds=0.06
epoch=28/80 loss=0.392074 seconds=0.06
epoch=29/80 loss=0.304029 seconds=0.06
epoch=30/80 loss=0.250979 seconds=0.06
epoch=31/80 loss=0.256332 seconds=0.06
epoch=32/80 loss=0.253081 seconds=0.06
epoch=33/80 loss=0.239441 seconds=0.06
epoch=34/80 loss=0.225727 seconds=0.06
epoch=35/80 loss=0.257013 seconds=0.06
epoch=36/80 loss=0.212391 seconds=0.06
epoch=37/80 loss=0.191573 seconds=0.06
epoch=38/80 loss=0.183806 seconds=0.06
epoch=39/80 loss=0.225411 seconds=0.06
epoch=40/80 loss=0.191687 seconds=0.06
epoch=41/80 loss=0.220008 seconds=0.06
epoch=42/80 loss=0.203348 seconds=0.06
epoch=43/80 loss=0.179525 seconds=0.06
epoch=44/80 loss=0.200876 seconds=0.06
epoch=45/80 loss=0.179758 seconds=0.05
epoch=46/80 loss=0.184642 seconds=0.06
epoch=47/80 loss=0.157397 seconds=0.06
epoch=48/80 loss=0.159791 seconds=0.06
epoch=49/80 loss=0.161381 seconds=0.06
epoch=50/80 loss=0.133063 seconds=0.06
epoch=51/80 loss=0.149033 seconds=0.08
epoch=52/80 loss=0.130079 seconds=0.06
epoch=53/80 loss=0.146543 seconds=0.06
epoch=54/80 loss=0.146146 seconds=0.06
epoch=55/80 loss=0.146488 seconds=0.06
epoch=56/80 loss=0.114680 seconds=0.08
epoch=57/80 loss=0.176602 seconds=0.06
epoch=58/80 loss=0.153067 seconds=0.06
epoch=59/80 loss=0.131171 seconds=0.08
epoch=60/80 loss=0.152682 seconds=0.06
epoch=61/80 loss=0.158346 seconds=0.06
epoch=62/80 loss=0.135495 seconds=0.05
epoch=63/80 loss=0.126108 seconds=0.06
epoch=64/80 loss=0.123950 seconds=0.06
epoch=65/80 loss=0.144564 seconds=0.06
epoch=66/80 loss=0.173740 seconds=0.06
epoch=67/80 loss=0.131947 seconds=0.06
epoch=68/80 loss=0.142597 seconds=0.06
epoch=69/80 loss=0.196069 seconds=0.06
epoch=70/80 loss=0.168125 seconds=0.06
epoch=71/80 loss=0.140044 seconds=0.08
epoch=72/80 loss=0.132291 seconds=0.06
epoch=73/80 loss=0.165510 seconds=0.06
epoch=74/80 loss=0.155491 seconds=0.08
epoch=75/80 loss=0.153639 seconds=0.06
epoch=76/80 loss=0.134324 seconds=0.06
epoch=77/80 loss=0.135440 seconds=0.08
epoch=78/80 loss=0.149517 seconds=0.06
epoch=79/80 loss=0.137619 seconds=0.05
epoch=80/80 loss=0.151240 seconds=0.08
fold=7/10 OOF_accuracy=0.866667 OOF_AUC=0.892045
Device=cuda; epochs=80; batch=32; model=ResNetAutoencoder1D
epoch=1/80 loss=6.059603 seconds=0.06
epoch=2/80 loss=2.671335 seconds=0.06
epoch=3/80 loss=1.350305 seconds=0.06
epoch=4/80 loss=1.049071 seconds=0.06
epoch=5/80 loss=0.983295 seconds=0.06
epoch=6/80 loss=0.727660 seconds=0.05
epoch=7/80 loss=0.611639 seconds=0.06
epoch=8/80 loss=0.530516 seconds=0.06
epoch=9/80 loss=0.560070 seconds=0.06
epoch=10/80 loss=0.446259 seconds=0.09
epoch=11/80 loss=0.370653 seconds=0.06
epoch=12/80 loss=0.380810 seconds=0.06
epoch=13/80 loss=0.376240 seconds=0.06
epoch=14/80 loss=0.352242 seconds=0.06
epoch=15/80 loss=0.331356 seconds=0.06
epoch=16/80 loss=0.394097 seconds=0.06
epoch=17/80 loss=0.357036 seconds=0.06
epoch=18/80 loss=0.352866 seconds=0.06
epoch=19/80 loss=0.317609 seconds=0.06
epoch=20/80 loss=0.293457 seconds=0.06
epoch=21/80 loss=0.425348 seconds=0.06
epoch=22/80 loss=0.341488 seconds=0.06
epoch=23/80 loss=0.251318 seconds=0.06
epoch=24/80 loss=0.251626 seconds=0.06
epoch=25/80 loss=0.300410 seconds=0.06
epoch=26/80 loss=0.311197 seconds=0.06
epoch=27/80 loss=0.293313 seconds=0.06
epoch=28/80 loss=0.350296 seconds=0.06
epoch=29/80 loss=0.280889 seconds=0.08
epoch=30/80 loss=0.230401 seconds=0.06
epoch=31/80 loss=0.237806 seconds=0.08
epoch=32/80 loss=0.210762 seconds=0.06
epoch=33/80 loss=0.185135 seconds=0.08
epoch=34/80 loss=0.209421 seconds=0.06
epoch=35/80 loss=0.189939 seconds=0.05
epoch=36/80 loss=0.198642 seconds=0.08
epoch=37/80 loss=0.166067 seconds=0.06
epoch=38/80 loss=0.199839 seconds=0.06
epoch=39/80 loss=0.168382 seconds=0.06
epoch=40/80 loss=0.189089 seconds=0.06
epoch=41/80 loss=0.215124 seconds=0.06
epoch=42/80 loss=0.171867 seconds=0.08
epoch=43/80 loss=0.203082 seconds=0.06
epoch=44/80 loss=0.195578 seconds=0.06
epoch=45/80 loss=0.238461 seconds=0.06
epoch=46/80 loss=0.234058 seconds=0.08
epoch=47/80 loss=0.183788 seconds=0.06
epoch=48/80 loss=0.154778 seconds=0.08
epoch=49/80 loss=0.142762 seconds=0.06
epoch=50/80 loss=0.150863 seconds=0.05
epoch=51/80 loss=0.153997 seconds=0.06
epoch=52/80 loss=0.147675 seconds=0.06
epoch=53/80 loss=0.133609 seconds=0.06
epoch=54/80 loss=0.131752 seconds=0.06
epoch=55/80 loss=0.141849 seconds=0.06
epoch=56/80 loss=0.133665 seconds=0.06
epoch=57/80 loss=0.142611 seconds=0.08
epoch=58/80 loss=0.106614 seconds=0.06
epoch=59/80 loss=0.127260 seconds=0.06
epoch=60/80 loss=0.141621 seconds=0.06
epoch=61/80 loss=0.152465 seconds=0.06
epoch=62/80 loss=0.124647 seconds=0.06
epoch=63/80 loss=0.130747 seconds=0.08
epoch=64/80 loss=0.134437 seconds=0.06
epoch=65/80 loss=0.127492 seconds=0.06
epoch=66/80 loss=0.131279 seconds=0.06
epoch=67/80 loss=0.149417 seconds=0.06
epoch=68/80 loss=0.139811 seconds=0.06
epoch=69/80 loss=0.148040 seconds=0.08
epoch=70/80 loss=0.122187 seconds=0.06
epoch=71/80 loss=0.147684 seconds=0.08
epoch=72/80 loss=0.132105 seconds=0.06
epoch=73/80 loss=0.135579 seconds=0.06
epoch=74/80 loss=0.135540 seconds=0.06
epoch=75/80 loss=0.161284 seconds=0.06
epoch=76/80 loss=0.125366 seconds=0.06
epoch=77/80 loss=0.117425 seconds=0.08
epoch=78/80 loss=0.134737 seconds=0.06
epoch=79/80 loss=0.116009 seconds=0.08
epoch=80/80 loss=0.141019 seconds=0.08
fold=8/10 OOF_accuracy=0.800000 OOF_AUC=0.755682
Device=cuda; epochs=80; batch=32; model=ResNetAutoencoder1D
epoch=1/80 loss=6.604311 seconds=0.06
epoch=2/80 loss=2.918803 seconds=0.06
epoch=3/80 loss=1.348768 seconds=0.06
epoch=4/80 loss=1.051539 seconds=0.06
epoch=5/80 loss=0.945538 seconds=0.06
epoch=6/80 loss=0.848676 seconds=0.06
epoch=7/80 loss=0.748068 seconds=0.08
epoch=8/80 loss=0.567508 seconds=0.06
epoch=9/80 loss=0.589827 seconds=0.06
epoch=10/80 loss=0.594732 seconds=0.08
epoch=11/80 loss=0.491001 seconds=0.06
epoch=12/80 loss=0.418958 seconds=0.08
epoch=13/80 loss=0.406837 seconds=0.06
epoch=14/80 loss=0.398283 seconds=0.06
epoch=15/80 loss=0.317953 seconds=0.08
epoch=16/80 loss=0.349604 seconds=0.06
epoch=17/80 loss=0.328842 seconds=0.08
epoch=18/80 loss=0.316918 seconds=0.09
epoch=19/80 loss=0.340877 seconds=0.06
epoch=20/80 loss=0.328812 seconds=0.06
epoch=21/80 loss=0.397374 seconds=0.06
epoch=22/80 loss=0.271040 seconds=0.08
epoch=23/80 loss=0.270551 seconds=0.06
epoch=24/80 loss=0.288374 seconds=0.06
epoch=25/80 loss=0.329471 seconds=0.06
epoch=26/80 loss=0.250338 seconds=0.06
epoch=27/80 loss=0.264050 seconds=0.06
epoch=28/80 loss=0.332807 seconds=0.08
epoch=29/80 loss=0.251533 seconds=0.06
epoch=30/80 loss=0.239293 seconds=0.08
epoch=31/80 loss=0.254070 seconds=0.06
epoch=32/80 loss=0.195064 seconds=0.06
epoch=33/80 loss=0.212638 seconds=0.06
epoch=34/80 loss=0.188676 seconds=0.08
epoch=35/80 loss=0.197097 seconds=0.06
epoch=36/80 loss=0.193273 seconds=0.06
epoch=37/80 loss=0.156721 seconds=0.06
epoch=38/80 loss=0.174555 seconds=0.06
epoch=39/80 loss=0.174455 seconds=0.08
epoch=40/80 loss=0.170720 seconds=0.06
epoch=41/80 loss=0.181970 seconds=0.06
epoch=42/80 loss=0.173880 seconds=0.08
epoch=43/80 loss=0.195003 seconds=0.06
epoch=44/80 loss=0.194203 seconds=0.06
epoch=45/80 loss=0.188131 seconds=0.06
epoch=46/80 loss=0.213301 seconds=0.08
epoch=47/80 loss=0.154333 seconds=0.06
epoch=48/80 loss=0.168699 seconds=0.06
epoch=49/80 loss=0.160110 seconds=0.06
epoch=50/80 loss=0.171055 seconds=0.06
epoch=51/80 loss=0.156189 seconds=0.08
epoch=52/80 loss=0.176266 seconds=0.06
epoch=53/80 loss=0.146413 seconds=0.06
epoch=54/80 loss=0.143273 seconds=0.06
epoch=55/80 loss=0.136437 seconds=0.06
epoch=56/80 loss=0.122475 seconds=0.06
epoch=57/80 loss=0.149853 seconds=0.06
epoch=58/80 loss=0.206276 seconds=0.06
epoch=59/80 loss=0.162174 seconds=0.06
epoch=60/80 loss=0.183522 seconds=0.06
epoch=61/80 loss=0.131637 seconds=0.06
epoch=62/80 loss=0.117666 seconds=0.08
epoch=63/80 loss=0.122249 seconds=0.06
epoch=64/80 loss=0.156872 seconds=0.06
epoch=65/80 loss=0.147793 seconds=0.08
epoch=66/80 loss=0.141812 seconds=0.06
epoch=67/80 loss=0.140680 seconds=0.06
epoch=68/80 loss=0.155462 seconds=0.06
epoch=69/80 loss=0.189786 seconds=0.06
epoch=70/80 loss=0.158477 seconds=0.06
epoch=71/80 loss=0.154785 seconds=0.06
epoch=72/80 loss=0.157147 seconds=0.06
epoch=73/80 loss=0.180173 seconds=0.06
epoch=74/80 loss=0.139634 seconds=0.06
epoch=75/80 loss=0.152454 seconds=0.08
epoch=76/80 loss=0.141028 seconds=0.06
epoch=77/80 loss=0.109913 seconds=0.06
epoch=78/80 loss=0.108264 seconds=0.06
epoch=79/80 loss=0.114865 seconds=0.08
epoch=80/80 loss=0.108985 seconds=0.06
fold=9/10 OOF_accuracy=0.800000 OOF_AUC=0.875000
Device=cuda; epochs=80; batch=32; model=ResNetAutoencoder1D
epoch=1/80 loss=6.288434 seconds=0.08
epoch=2/80 loss=3.142362 seconds=0.06
epoch=3/80 loss=1.657224 seconds=0.05
epoch=4/80 loss=1.205350 seconds=0.06
epoch=5/80 loss=0.916641 seconds=0.06
epoch=6/80 loss=0.941662 seconds=0.08
epoch=7/80 loss=0.705617 seconds=0.06
epoch=8/80 loss=0.624582 seconds=0.06
epoch=9/80 loss=0.545586 seconds=0.06
epoch=10/80 loss=0.416415 seconds=0.08
epoch=11/80 loss=0.449009 seconds=0.06
epoch=12/80 loss=0.352447 seconds=0.06
epoch=13/80 loss=0.374422 seconds=0.06
epoch=14/80 loss=0.345725 seconds=0.08
epoch=15/80 loss=0.298093 seconds=0.06
epoch=16/80 loss=0.297545 seconds=0.06
epoch=17/80 loss=0.347477 seconds=0.08
epoch=18/80 loss=0.312827 seconds=0.05
epoch=19/80 loss=0.302380 seconds=0.08
epoch=20/80 loss=0.318627 seconds=0.08
epoch=21/80 loss=0.338155 seconds=0.05
epoch=22/80 loss=0.316120 seconds=0.06
epoch=23/80 loss=0.269549 seconds=0.06
epoch=24/80 loss=0.233219 seconds=0.06
epoch=25/80 loss=0.242783 seconds=0.06
epoch=26/80 loss=0.304530 seconds=0.08
epoch=27/80 loss=0.261368 seconds=0.05
epoch=28/80 loss=0.266411 seconds=0.08
epoch=29/80 loss=0.232228 seconds=0.06
epoch=30/80 loss=0.211503 seconds=0.06
epoch=31/80 loss=0.240716 seconds=0.06
epoch=32/80 loss=0.261349 seconds=0.08
epoch=33/80 loss=0.229559 seconds=0.05
epoch=34/80 loss=0.199342 seconds=0.06
epoch=35/80 loss=0.173752 seconds=0.06
epoch=36/80 loss=0.183699 seconds=0.08
epoch=37/80 loss=0.209023 seconds=0.06
epoch=38/80 loss=0.180938 seconds=0.06
epoch=39/80 loss=0.233695 seconds=0.06
epoch=40/80 loss=0.207692 seconds=0.06
epoch=41/80 loss=0.221061 seconds=0.06
epoch=42/80 loss=0.203186 seconds=0.08
epoch=43/80 loss=0.172749 seconds=0.06
epoch=44/80 loss=0.159348 seconds=0.08
epoch=45/80 loss=0.135823 seconds=0.06
epoch=46/80 loss=0.164877 seconds=0.06
epoch=47/80 loss=0.161797 seconds=0.08
epoch=48/80 loss=0.163165 seconds=0.06
epoch=49/80 loss=0.158007 seconds=0.05
epoch=50/80 loss=0.154742 seconds=0.06
epoch=51/80 loss=0.176529 seconds=0.06
epoch=52/80 loss=0.198578 seconds=0.06
epoch=53/80 loss=0.153131 seconds=0.06
epoch=54/80 loss=0.157333 seconds=0.06
epoch=55/80 loss=0.146091 seconds=0.06
epoch=56/80 loss=0.150682 seconds=0.06
epoch=57/80 loss=0.163055 seconds=0.08
epoch=58/80 loss=0.149920 seconds=0.06
epoch=59/80 loss=0.122735 seconds=0.08
epoch=60/80 loss=0.139044 seconds=0.06
epoch=61/80 loss=0.140876 seconds=0.06
epoch=62/80 loss=0.180555 seconds=0.08
epoch=63/80 loss=0.128178 seconds=0.06
epoch=64/80 loss=0.132789 seconds=0.06
epoch=65/80 loss=0.141040 seconds=0.08
epoch=66/80 loss=0.124413 seconds=0.06
epoch=67/80 loss=0.114911 seconds=0.08
epoch=68/80 loss=0.119238 seconds=0.08
epoch=69/80 loss=0.120697 seconds=0.08
epoch=70/80 loss=0.144528 seconds=0.08
epoch=71/80 loss=0.149345 seconds=0.08
epoch=72/80 loss=0.135390 seconds=0.06
epoch=73/80 loss=0.110228 seconds=0.08
epoch=74/80 loss=0.126821 seconds=0.08
epoch=75/80 loss=0.121085 seconds=0.08
epoch=76/80 loss=0.115963 seconds=0.08
epoch=77/80 loss=0.128313 seconds=0.06
epoch=78/80 loss=0.118291 seconds=0.08
epoch=79/80 loss=0.120213 seconds=0.08
epoch=80/80 loss=0.114954 seconds=0.06
fold=10/10 OOF_accuracy=0.800000 OOF_AUC=0.793651
Device=cuda; epochs=80; batch=32; model=ResNetAutoencoder1D
epoch=1/80 loss=6.104484 seconds=0.06
epoch=2/80 loss=2.387618 seconds=0.06
epoch=3/80 loss=1.467080 seconds=0.06
epoch=4/80 loss=1.112850 seconds=0.08
epoch=5/80 loss=0.973498 seconds=0.06
epoch=6/80 loss=0.754100 seconds=0.08
epoch=7/80 loss=0.633836 seconds=0.06
epoch=8/80 loss=0.576382 seconds=0.08
epoch=9/80 loss=0.534022 seconds=0.08
epoch=10/80 loss=0.557423 seconds=0.08
epoch=11/80 loss=0.550532 seconds=0.08
epoch=12/80 loss=0.476376 seconds=0.08
epoch=13/80 loss=0.366617 seconds=0.08
epoch=14/80 loss=0.375770 seconds=0.08
epoch=15/80 loss=0.330479 seconds=0.08
epoch=16/80 loss=0.299438 seconds=0.06
epoch=17/80 loss=0.300576 seconds=0.06
epoch=18/80 loss=0.286941 seconds=0.06
epoch=19/80 loss=0.281442 seconds=0.09
epoch=20/80 loss=0.252206 seconds=0.08
epoch=21/80 loss=0.258132 seconds=0.06
epoch=22/80 loss=0.233229 seconds=0.06
epoch=23/80 loss=0.264270 seconds=0.06
epoch=24/80 loss=0.253374 seconds=0.06
epoch=25/80 loss=0.222772 seconds=0.08
epoch=26/80 loss=0.232828 seconds=0.08
epoch=27/80 loss=0.217583 seconds=0.06
epoch=28/80 loss=0.188689 seconds=0.08
epoch=29/80 loss=0.230204 seconds=0.06
epoch=30/80 loss=0.245861 seconds=0.08
epoch=31/80 loss=0.178432 seconds=0.08
epoch=32/80 loss=0.179479 seconds=0.08
epoch=33/80 loss=0.236416 seconds=0.06
epoch=34/80 loss=0.215475 seconds=0.08
epoch=35/80 loss=0.229767 seconds=0.09
epoch=36/80 loss=0.226366 seconds=0.08
epoch=37/80 loss=0.211369 seconds=0.08
epoch=38/80 loss=0.228735 seconds=0.08
epoch=39/80 loss=0.164506 seconds=0.09
epoch=40/80 loss=0.180163 seconds=0.08
epoch=41/80 loss=0.186829 seconds=0.08
epoch=42/80 loss=0.170378 seconds=0.08
epoch=43/80 loss=0.167542 seconds=0.08
epoch=44/80 loss=0.135029 seconds=0.09
epoch=45/80 loss=0.141671 seconds=0.08
epoch=46/80 loss=0.129830 seconds=0.08
epoch=47/80 loss=0.139845 seconds=0.09
epoch=48/80 loss=0.140961 seconds=0.08
epoch=49/80 loss=0.124716 seconds=0.08
epoch=50/80 loss=0.163397 seconds=0.09
epoch=51/80 loss=0.161203 seconds=0.08
epoch=52/80 loss=0.137839 seconds=0.08
epoch=53/80 loss=0.160140 seconds=0.08
epoch=54/80 loss=0.143654 seconds=0.08
epoch=55/80 loss=0.144209 seconds=0.06
epoch=56/80 loss=0.134447 seconds=0.08
epoch=57/80 loss=0.107540 seconds=0.06
epoch=58/80 loss=0.121768 seconds=0.08
epoch=59/80 loss=0.099873 seconds=0.08
epoch=60/80 loss=0.119114 seconds=0.08
epoch=61/80 loss=0.125525 seconds=0.09
epoch=62/80 loss=0.155026 seconds=0.08
epoch=63/80 loss=0.124197 seconds=0.08
epoch=64/80 loss=0.108421 seconds=0.09
epoch=65/80 loss=0.137617 seconds=0.08
epoch=66/80 loss=0.133656 seconds=0.08
epoch=67/80 loss=0.120456 seconds=0.08
epoch=68/80 loss=0.122186 seconds=0.09
epoch=69/80 loss=0.119501 seconds=0.08
epoch=70/80 loss=0.128660 seconds=0.08
epoch=71/80 loss=0.131478 seconds=0.08
epoch=72/80 loss=0.121012 seconds=0.09
epoch=73/80 loss=0.118754 seconds=0.08
epoch=74/80 loss=0.133075 seconds=0.08
epoch=75/80 loss=0.131227 seconds=0.08
epoch=76/80 loss=0.098469 seconds=0.08
epoch=77/80 loss=0.091039 seconds=0.06
epoch=78/80 loss=0.100149 seconds=0.08
epoch=79/80 loss=0.113410 seconds=0.06
epoch=80/80 loss=0.109402 seconds=0.08
{"cv_oof": {"accuracy": 0.8333333333333334, "balanced_accuracy": 0.7691527143581938, "sensitivity": 0.6296296296296297, "specificity": 0.908675799086758, "f1_macro": 0.7797227443609023, "roc_auc": 0.8506116466542646, "confusion_matrix": [[199, 20], [30, 51]], "classification_report": {"0": {"precision": 0.868995633187773, "recall": 0.908675799086758, "f1-score": 0.8883928571428571, "support": 219.0}, "1": {"precision": 0.7183098591549296, "recall": 0.6296296296296297, "f1-score": 0.6710526315789473, "support": 81.0}, "accuracy": 0.8333333333333334, "macro avg": {"precision": 0.7936527461713513, "recall": 0.7691527143581938, "f1-score": 0.7797227443609023, "support": 300.0}, "weighted avg": {"precision": 0.8283104741989052, "recall": 0.8333333333333334, "f1-score": 0.8297109962406014, "support": 300.0}}}, "test": {"accuracy": 0.8051948051948052, "balanced_accuracy": 0.7023809523809523, "sensitivity": 0.47619047619047616, "specificity": 0.9285714285714286, "f1_macro": 0.7226890756302521, "roc_auc": 0.8222789115646258, "confusion_matrix": [[52, 4], [11, 10]], "classification_report": {"0": {"precision": 0.8253968253968254, "recall": 0.9285714285714286, "f1-score": 0.8739495798319328, "support": 56.0}, "1": {"precision": 0.7142857142857143, "recall": 0.47619047619047616, "f1-score": 0.5714285714285714, "support": 21.0}, "accuracy": 0.8051948051948052, "macro avg": {"precision": 0.7698412698412698, "recall": 0.7023809523809523, "f1-score": 0.7226890756302521, "support": 77.0}, "weighted avg": {"precision": 0.7950937950937951, "recall": 0.8051948051948052, "f1-score": 0.7914438502673796, "support": 77.0}}}, "folds": 10, "original_train_rows": 300, "train_rows": 438, "test_rows": 77, "elapsed_seconds": 64.64000000001397}
