Command: ["C:\\Users\\IHCK\\AppData\\Local\\Programs\\Python\\Python312\\python.exe", "-u", "C:\\Users\\IHCK\\Desktop\\1_10_69Final\\Hippocampal-Shape-Analysis-for-Epilepsy-Detection\\Model\\train_dataset_model.py", "--dataset", "coef_raw", "--side", "right", "--model", "MobileNet", "--kind", "coef", "--train-csv", "C:\\Users\\IHCK\\Desktop\\1_10_69Final\\Hippocampal-Shape-Analysis-for-Epilepsy-Detection\\Output_Dataset\\coef_raw\\right\\train_prepared.csv", "--test-csv", "C:\\Users\\IHCK\\Desktop\\1_10_69Final\\Hippocampal-Shape-Analysis-for-Epilepsy-Detection\\Output_Dataset\\coef_raw\\right\\test_prepared.csv", "--output-dir", "C:\\Users\\IHCK\\Desktop\\1_10_69Final\\Hippocampal-Shape-Analysis-for-Epilepsy-Detection\\Model_Results\\dataset_runs_20261003_10fold\\coef_raw\\right\\MobileNet", "--epochs", "80", "--folds", "10", "--pls-components", "8", "--seed", "42", "--threads", "2"]
10-fold CV: dataset=coef_raw side=right model=MobileNet; original_train=300 test=77
Device=cuda; epochs=80; batch=32; model=MobileNetV2_1D
epoch=1/80 loss=0.617935 seconds=0.45
epoch=2/80 loss=0.317359 seconds=0.06
epoch=3/80 loss=0.193650 seconds=0.06
epoch=4/80 loss=0.104541 seconds=0.06
epoch=5/80 loss=0.074837 seconds=0.05
epoch=6/80 loss=0.055058 seconds=0.06
epoch=7/80 loss=0.047330 seconds=0.06
epoch=8/80 loss=0.035993 seconds=0.05
epoch=9/80 loss=0.029682 seconds=0.06
epoch=10/80 loss=0.024230 seconds=0.06
epoch=11/80 loss=0.018697 seconds=0.05
epoch=12/80 loss=0.021777 seconds=0.06
epoch=13/80 loss=0.019087 seconds=0.05
epoch=14/80 loss=0.014076 seconds=0.05
epoch=15/80 loss=0.012152 seconds=0.06
epoch=16/80 loss=0.014827 seconds=0.05
epoch=17/80 loss=0.009721 seconds=0.06
epoch=18/80 loss=0.008554 seconds=0.06
epoch=19/80 loss=0.008387 seconds=0.05
epoch=20/80 loss=0.015498 seconds=0.05
epoch=21/80 loss=0.023465 seconds=0.06
epoch=22/80 loss=0.015300 seconds=0.06
epoch=23/80 loss=0.020260 seconds=0.05
epoch=24/80 loss=0.023417 seconds=0.06
epoch=25/80 loss=0.018036 seconds=0.06
epoch=26/80 loss=0.021961 seconds=0.06
epoch=27/80 loss=0.010238 seconds=0.05
epoch=28/80 loss=0.023718 seconds=0.05
epoch=29/80 loss=0.008234 seconds=0.06
epoch=30/80 loss=0.011924 seconds=0.05
epoch=31/80 loss=0.007123 seconds=0.06
epoch=32/80 loss=0.008225 seconds=0.05
epoch=33/80 loss=0.005306 seconds=0.05
epoch=34/80 loss=0.003925 seconds=0.06
epoch=35/80 loss=0.004059 seconds=0.06
epoch=36/80 loss=0.002956 seconds=0.05
epoch=37/80 loss=0.002966 seconds=0.06
epoch=38/80 loss=0.003459 seconds=0.06
epoch=39/80 loss=0.003509 seconds=0.05
epoch=40/80 loss=0.002777 seconds=0.05
epoch=41/80 loss=0.001888 seconds=0.06
epoch=42/80 loss=0.002612 seconds=0.05
epoch=43/80 loss=0.002373 seconds=0.05
epoch=44/80 loss=0.002115 seconds=0.06
epoch=45/80 loss=0.002194 seconds=0.05
epoch=46/80 loss=0.002712 seconds=0.06
epoch=47/80 loss=0.001581 seconds=0.05
epoch=48/80 loss=0.002022 seconds=0.06
epoch=49/80 loss=0.003129 seconds=0.05
epoch=50/80 loss=0.001749 seconds=0.06
epoch=51/80 loss=0.009176 seconds=0.05
epoch=52/80 loss=0.044451 seconds=0.05
epoch=53/80 loss=0.044156 seconds=0.06
epoch=54/80 loss=0.027638 seconds=0.06
epoch=55/80 loss=0.007730 seconds=0.05
epoch=56/80 loss=0.010555 seconds=0.06
epoch=57/80 loss=0.005710 seconds=0.06
epoch=58/80 loss=0.004125 seconds=0.06
epoch=59/80 loss=0.004461 seconds=0.05
epoch=60/80 loss=0.003512 seconds=0.06
epoch=61/80 loss=0.001567 seconds=0.05
epoch=62/80 loss=0.001581 seconds=0.05
epoch=63/80 loss=0.001896 seconds=0.06
epoch=64/80 loss=0.003519 seconds=0.05
epoch=65/80 loss=0.021262 seconds=0.06
epoch=66/80 loss=0.053970 seconds=0.05
epoch=67/80 loss=0.016808 seconds=0.05
epoch=68/80 loss=0.019451 seconds=0.06
epoch=69/80 loss=0.019602 seconds=0.05
epoch=70/80 loss=0.003331 seconds=0.06
epoch=71/80 loss=0.004863 seconds=0.05
epoch=72/80 loss=0.012207 seconds=0.06
epoch=73/80 loss=0.003163 seconds=0.05
epoch=74/80 loss=0.016676 seconds=0.06
epoch=75/80 loss=0.023205 seconds=0.05
epoch=76/80 loss=0.005019 seconds=0.06
epoch=77/80 loss=0.003544 seconds=0.06
epoch=78/80 loss=0.002114 seconds=0.06
epoch=79/80 loss=0.001731 seconds=0.05
epoch=80/80 loss=0.001275 seconds=0.05
fold=1/10 OOF_accuracy=0.800000 OOF_AUC=0.801136
Device=cuda; epochs=80; batch=32; model=MobileNetV2_1D
epoch=1/80 loss=0.616272 seconds=0.05
epoch=2/80 loss=0.324150 seconds=0.05
epoch=3/80 loss=0.195506 seconds=0.06
epoch=4/80 loss=0.110808 seconds=0.05
epoch=5/80 loss=0.082813 seconds=0.06
epoch=6/80 loss=0.065367 seconds=0.05
epoch=7/80 loss=0.048639 seconds=0.06
epoch=8/80 loss=0.041597 seconds=0.05
epoch=9/80 loss=0.032214 seconds=0.05
epoch=10/80 loss=0.028675 seconds=0.06
epoch=11/80 loss=0.020754 seconds=0.06
epoch=12/80 loss=0.023980 seconds=0.05
epoch=13/80 loss=0.021228 seconds=0.05
epoch=14/80 loss=0.015027 seconds=0.05
epoch=15/80 loss=0.013108 seconds=0.06
epoch=16/80 loss=0.026729 seconds=0.05
epoch=17/80 loss=0.024825 seconds=0.06
epoch=18/80 loss=0.022500 seconds=0.05
epoch=19/80 loss=0.017324 seconds=0.06
epoch=20/80 loss=0.018319 seconds=0.06
epoch=21/80 loss=0.019582 seconds=0.05
epoch=22/80 loss=0.015214 seconds=0.05
epoch=23/80 loss=0.016836 seconds=0.06
epoch=24/80 loss=0.012784 seconds=0.05
epoch=25/80 loss=0.021404 seconds=0.06
epoch=26/80 loss=0.008850 seconds=0.05
epoch=27/80 loss=0.009862 seconds=0.06
epoch=28/80 loss=0.010270 seconds=0.05
epoch=29/80 loss=0.005352 seconds=0.06
epoch=30/80 loss=0.006191 seconds=0.05
epoch=31/80 loss=0.006291 seconds=0.05
epoch=32/80 loss=0.005936 seconds=0.06
epoch=33/80 loss=0.004672 seconds=0.06
epoch=34/80 loss=0.003523 seconds=0.05
epoch=35/80 loss=0.004030 seconds=0.05
epoch=36/80 loss=0.003163 seconds=0.06
epoch=37/80 loss=0.002954 seconds=0.05
epoch=38/80 loss=0.003142 seconds=0.06
epoch=39/80 loss=0.003941 seconds=0.05
epoch=40/80 loss=0.003020 seconds=0.06
epoch=41/80 loss=0.001770 seconds=0.05
epoch=42/80 loss=0.002480 seconds=0.06
epoch=43/80 loss=0.002129 seconds=0.05
epoch=44/80 loss=0.001956 seconds=0.05
epoch=45/80 loss=0.002252 seconds=0.06
epoch=46/80 loss=0.002580 seconds=0.05
epoch=47/80 loss=0.001477 seconds=0.05
epoch=48/80 loss=0.001845 seconds=0.06
epoch=49/80 loss=0.002781 seconds=0.05
epoch=50/80 loss=0.001714 seconds=0.06
epoch=51/80 loss=0.001565 seconds=0.05
epoch=52/80 loss=0.001811 seconds=0.06
epoch=53/80 loss=0.001385 seconds=0.05
epoch=54/80 loss=0.001173 seconds=0.05
epoch=55/80 loss=0.001414 seconds=0.06
epoch=56/80 loss=0.001692 seconds=0.06
epoch=57/80 loss=0.001203 seconds=0.05
epoch=58/80 loss=0.001129 seconds=0.05
epoch=59/80 loss=0.001633 seconds=0.05
epoch=60/80 loss=0.001572 seconds=0.05
epoch=61/80 loss=0.000983 seconds=0.06
epoch=62/80 loss=0.000963 seconds=0.05
epoch=63/80 loss=0.001982 seconds=0.06
epoch=64/80 loss=0.001538 seconds=0.05
epoch=65/80 loss=0.004977 seconds=0.06
epoch=66/80 loss=0.009639 seconds=0.05
epoch=67/80 loss=0.011635 seconds=0.06
epoch=68/80 loss=0.048514 seconds=0.05
epoch=69/80 loss=0.012349 seconds=0.06
epoch=70/80 loss=0.005101 seconds=0.05
epoch=71/80 loss=0.008404 seconds=0.06
epoch=72/80 loss=0.009197 seconds=0.05
epoch=73/80 loss=0.040338 seconds=0.05
epoch=74/80 loss=0.049444 seconds=0.06
epoch=75/80 loss=0.054131 seconds=0.06
epoch=76/80 loss=0.041542 seconds=0.06
epoch=77/80 loss=0.019171 seconds=0.05
epoch=78/80 loss=0.007106 seconds=0.06
epoch=79/80 loss=0.003992 seconds=0.05
epoch=80/80 loss=0.002413 seconds=0.05
fold=2/10 OOF_accuracy=0.833333 OOF_AUC=0.948864
Device=cuda; epochs=80; batch=32; model=MobileNetV2_1D
epoch=1/80 loss=0.636472 seconds=0.06
epoch=2/80 loss=0.325825 seconds=0.05
epoch=3/80 loss=0.184578 seconds=0.06
epoch=4/80 loss=0.108670 seconds=0.05
epoch=5/80 loss=0.081823 seconds=0.05
epoch=6/80 loss=0.064303 seconds=0.06
epoch=7/80 loss=0.051880 seconds=0.06
epoch=8/80 loss=0.038881 seconds=0.05
epoch=9/80 loss=0.033875 seconds=0.06
epoch=10/80 loss=0.030606 seconds=0.05
epoch=11/80 loss=0.026995 seconds=0.05
epoch=12/80 loss=0.025590 seconds=0.06
epoch=13/80 loss=0.026026 seconds=0.05
epoch=14/80 loss=0.019092 seconds=0.06
epoch=15/80 loss=0.017160 seconds=0.06
epoch=16/80 loss=0.023978 seconds=0.05
epoch=17/80 loss=0.013454 seconds=0.06
epoch=18/80 loss=0.011150 seconds=0.06
epoch=19/80 loss=0.013209 seconds=0.05
epoch=20/80 loss=0.020431 seconds=0.06
epoch=21/80 loss=0.016989 seconds=0.05
epoch=22/80 loss=0.011824 seconds=0.06
epoch=23/80 loss=0.015218 seconds=0.05
epoch=24/80 loss=0.023395 seconds=0.06
epoch=25/80 loss=0.008852 seconds=0.05
epoch=26/80 loss=0.015355 seconds=0.06
epoch=27/80 loss=0.008204 seconds=0.05
epoch=28/80 loss=0.013762 seconds=0.06
epoch=29/80 loss=0.038200 seconds=0.05
epoch=30/80 loss=0.022481 seconds=0.05
epoch=31/80 loss=0.032736 seconds=0.06
epoch=32/80 loss=0.026127 seconds=0.06
epoch=33/80 loss=0.009420 seconds=0.05
epoch=34/80 loss=0.005764 seconds=0.08
epoch=35/80 loss=0.007816 seconds=0.06
epoch=36/80 loss=0.005655 seconds=0.05
epoch=37/80 loss=0.003786 seconds=0.06
epoch=38/80 loss=0.010621 seconds=0.05
epoch=39/80 loss=0.005343 seconds=0.06
epoch=40/80 loss=0.007260 seconds=0.05
epoch=41/80 loss=0.002323 seconds=0.06
epoch=42/80 loss=0.003221 seconds=0.05
epoch=43/80 loss=0.002878 seconds=0.06
epoch=44/80 loss=0.002277 seconds=0.05
epoch=45/80 loss=0.002275 seconds=0.06
epoch=46/80 loss=0.002996 seconds=0.05
epoch=47/80 loss=0.001636 seconds=0.06
epoch=48/80 loss=0.002138 seconds=0.05
epoch=49/80 loss=0.002246 seconds=0.06
epoch=50/80 loss=0.001813 seconds=0.05
epoch=51/80 loss=0.001632 seconds=0.05
epoch=52/80 loss=0.001759 seconds=0.06
epoch=53/80 loss=0.001371 seconds=0.05
epoch=54/80 loss=0.001230 seconds=0.06
epoch=55/80 loss=0.001389 seconds=0.06
epoch=56/80 loss=0.001630 seconds=0.05
epoch=57/80 loss=0.001279 seconds=0.05
epoch=58/80 loss=0.001201 seconds=0.06
epoch=59/80 loss=0.001742 seconds=0.05
epoch=60/80 loss=0.001542 seconds=0.06
epoch=61/80 loss=0.000908 seconds=0.05
epoch=62/80 loss=0.001150 seconds=0.06
epoch=63/80 loss=0.001117 seconds=0.05
epoch=64/80 loss=0.001344 seconds=0.06
epoch=65/80 loss=0.001559 seconds=0.05
epoch=66/80 loss=0.001489 seconds=0.06
epoch=67/80 loss=0.001203 seconds=0.05
epoch=68/80 loss=0.001243 seconds=0.05
epoch=69/80 loss=0.002450 seconds=0.06
epoch=70/80 loss=0.000739 seconds=0.05
epoch=71/80 loss=0.000973 seconds=0.06
epoch=72/80 loss=0.001259 seconds=0.05
epoch=73/80 loss=0.000763 seconds=0.06
epoch=74/80 loss=0.001088 seconds=0.05
epoch=75/80 loss=0.000614 seconds=0.06
epoch=76/80 loss=0.001209 seconds=0.05
epoch=77/80 loss=0.001015 seconds=0.06
epoch=78/80 loss=0.000829 seconds=0.05
epoch=79/80 loss=0.000830 seconds=0.05
epoch=80/80 loss=0.000660 seconds=0.06
fold=3/10 OOF_accuracy=0.833333 OOF_AUC=0.738636
Device=cuda; epochs=80; batch=32; model=MobileNetV2_1D
epoch=1/80 loss=0.623577 seconds=0.06
epoch=2/80 loss=0.325291 seconds=0.05
epoch=3/80 loss=0.193099 seconds=0.06
epoch=4/80 loss=0.108574 seconds=0.05
epoch=5/80 loss=0.084041 seconds=0.05
epoch=6/80 loss=0.071956 seconds=0.06
epoch=7/80 loss=0.058848 seconds=0.05
epoch=8/80 loss=0.040566 seconds=0.06
epoch=9/80 loss=0.034777 seconds=0.06
epoch=10/80 loss=0.027920 seconds=0.06
epoch=11/80 loss=0.020337 seconds=0.06
epoch=12/80 loss=0.025656 seconds=0.06
epoch=13/80 loss=0.019821 seconds=0.06
epoch=14/80 loss=0.015514 seconds=0.06
epoch=15/80 loss=0.012477 seconds=0.06
epoch=16/80 loss=0.016372 seconds=0.06
epoch=17/80 loss=0.009797 seconds=0.06
epoch=18/80 loss=0.009267 seconds=0.06
epoch=19/80 loss=0.008616 seconds=0.05
epoch=20/80 loss=0.009714 seconds=0.06
epoch=21/80 loss=0.008348 seconds=0.06
epoch=22/80 loss=0.008856 seconds=0.05
epoch=23/80 loss=0.007930 seconds=0.06
epoch=24/80 loss=0.005796 seconds=0.06
epoch=25/80 loss=0.005254 seconds=0.05
epoch=26/80 loss=0.004812 seconds=0.06
epoch=27/80 loss=0.004589 seconds=0.05
epoch=28/80 loss=0.006036 seconds=0.05
epoch=29/80 loss=0.004238 seconds=0.06
epoch=30/80 loss=0.004760 seconds=0.05
epoch=31/80 loss=0.004982 seconds=0.06
epoch=32/80 loss=0.005127 seconds=0.06
epoch=33/80 loss=0.004004 seconds=0.05
epoch=34/80 loss=0.003396 seconds=0.06
epoch=35/80 loss=0.003901 seconds=0.06
epoch=36/80 loss=0.003757 seconds=0.05
epoch=37/80 loss=0.003259 seconds=0.05
epoch=38/80 loss=0.005160 seconds=0.06
epoch=39/80 loss=0.005803 seconds=0.05
epoch=40/80 loss=0.007559 seconds=0.06
epoch=41/80 loss=0.007571 seconds=0.05
epoch=42/80 loss=0.008393 seconds=0.05
epoch=43/80 loss=0.007013 seconds=0.06
epoch=44/80 loss=0.036588 seconds=0.05
epoch=45/80 loss=0.073809 seconds=0.05
epoch=46/80 loss=0.044859 seconds=0.06
epoch=47/80 loss=0.013297 seconds=0.05
epoch=48/80 loss=0.006164 seconds=0.06
epoch=49/80 loss=0.006925 seconds=0.05
epoch=50/80 loss=0.005216 seconds=0.06
epoch=51/80 loss=0.002413 seconds=0.05
epoch=52/80 loss=0.003043 seconds=0.06
epoch=53/80 loss=0.002637 seconds=0.05
epoch=54/80 loss=0.030006 seconds=0.06
epoch=55/80 loss=0.003067 seconds=0.05
epoch=56/80 loss=0.005926 seconds=0.06
epoch=57/80 loss=0.008432 seconds=0.05
epoch=58/80 loss=0.006823 seconds=0.06
epoch=59/80 loss=0.005727 seconds=0.05
epoch=60/80 loss=0.002726 seconds=0.06
epoch=61/80 loss=0.001408 seconds=0.05
epoch=62/80 loss=0.001334 seconds=0.06
epoch=63/80 loss=0.001849 seconds=0.05
epoch=64/80 loss=0.002229 seconds=0.05
epoch=65/80 loss=0.008177 seconds=0.06
epoch=66/80 loss=0.007176 seconds=0.05
epoch=67/80 loss=0.014037 seconds=0.06
epoch=68/80 loss=0.006837 seconds=0.05
epoch=69/80 loss=0.014453 seconds=0.06
epoch=70/80 loss=0.001647 seconds=0.05
epoch=71/80 loss=0.016168 seconds=0.06
epoch=72/80 loss=0.003494 seconds=0.06
epoch=73/80 loss=0.002063 seconds=0.05
epoch=74/80 loss=0.002375 seconds=0.05
epoch=75/80 loss=0.001287 seconds=0.06
epoch=76/80 loss=0.001805 seconds=0.05
epoch=77/80 loss=0.001095 seconds=0.06
epoch=78/80 loss=0.001109 seconds=0.05
epoch=79/80 loss=0.001372 seconds=0.05
epoch=80/80 loss=0.000719 seconds=0.06
fold=4/10 OOF_accuracy=0.900000 OOF_AUC=0.886364
Device=cuda; epochs=80; batch=32; model=MobileNetV2_1D
epoch=1/80 loss=0.624914 seconds=0.05
epoch=2/80 loss=0.336749 seconds=0.06
epoch=3/80 loss=0.198933 seconds=0.05
epoch=4/80 loss=0.115873 seconds=0.05
epoch=5/80 loss=0.087410 seconds=0.06
epoch=6/80 loss=0.078998 seconds=0.05
epoch=7/80 loss=0.056653 seconds=0.06
epoch=8/80 loss=0.052365 seconds=0.05
epoch=9/80 loss=0.041181 seconds=0.05
epoch=10/80 loss=0.032282 seconds=0.06
epoch=11/80 loss=0.022954 seconds=0.08
epoch=12/80 loss=0.029699 seconds=0.06
epoch=13/80 loss=0.026885 seconds=0.05
epoch=14/80 loss=0.017058 seconds=0.06
epoch=15/80 loss=0.021452 seconds=0.06
epoch=16/80 loss=0.031359 seconds=0.06
epoch=17/80 loss=0.024183 seconds=0.05
epoch=18/80 loss=0.023697 seconds=0.06
epoch=19/80 loss=0.025953 seconds=0.06
epoch=20/80 loss=0.018810 seconds=0.06
epoch=21/80 loss=0.023103 seconds=0.06
epoch=22/80 loss=0.013256 seconds=0.05
epoch=23/80 loss=0.016494 seconds=0.06
epoch=24/80 loss=0.017395 seconds=0.05
epoch=25/80 loss=0.017181 seconds=0.06
epoch=26/80 loss=0.007943 seconds=0.06
epoch=27/80 loss=0.007090 seconds=0.05
epoch=28/80 loss=0.011507 seconds=0.06
epoch=29/80 loss=0.005629 seconds=0.06
epoch=30/80 loss=0.005960 seconds=0.06
epoch=31/80 loss=0.006660 seconds=0.05
epoch=32/80 loss=0.007328 seconds=0.06
epoch=33/80 loss=0.005293 seconds=0.06
epoch=34/80 loss=0.003889 seconds=0.05
epoch=35/80 loss=0.004599 seconds=0.06
epoch=36/80 loss=0.003548 seconds=0.06
epoch=37/80 loss=0.003494 seconds=0.05
epoch=38/80 loss=0.003488 seconds=0.06
epoch=39/80 loss=0.004319 seconds=0.05
epoch=40/80 loss=0.002995 seconds=0.06
epoch=41/80 loss=0.001933 seconds=0.08
epoch=42/80 loss=0.002608 seconds=0.06
epoch=43/80 loss=0.002239 seconds=0.05
epoch=44/80 loss=0.002016 seconds=0.06
epoch=45/80 loss=0.002143 seconds=0.05
epoch=46/80 loss=0.002681 seconds=0.05
epoch=47/80 loss=0.001540 seconds=0.06
epoch=48/80 loss=0.001859 seconds=0.05
epoch=49/80 loss=0.003222 seconds=0.06
epoch=50/80 loss=0.004655 seconds=0.05
epoch=51/80 loss=0.031174 seconds=0.06
epoch=52/80 loss=0.009378 seconds=0.06
epoch=53/80 loss=0.020131 seconds=0.05
epoch=54/80 loss=0.020738 seconds=0.05
epoch=55/80 loss=0.013603 seconds=0.06
epoch=56/80 loss=0.045789 seconds=0.05
epoch=57/80 loss=0.017330 seconds=0.05
epoch=58/80 loss=0.015629 seconds=0.06
epoch=59/80 loss=0.016279 seconds=0.05
epoch=60/80 loss=0.015493 seconds=0.05
epoch=61/80 loss=0.012358 seconds=0.06
epoch=62/80 loss=0.004064 seconds=0.05
epoch=63/80 loss=0.003692 seconds=0.05
epoch=64/80 loss=0.009814 seconds=0.06
epoch=65/80 loss=0.008217 seconds=0.05
epoch=66/80 loss=0.017451 seconds=0.05
epoch=67/80 loss=0.052525 seconds=0.05
epoch=68/80 loss=0.011088 seconds=0.06
epoch=69/80 loss=0.025242 seconds=0.05
epoch=70/80 loss=0.011314 seconds=0.06
epoch=71/80 loss=0.004935 seconds=0.06
epoch=72/80 loss=0.012743 seconds=0.06
epoch=73/80 loss=0.008587 seconds=0.05
epoch=74/80 loss=0.015306 seconds=0.05
epoch=75/80 loss=0.005882 seconds=0.06
epoch=76/80 loss=0.003244 seconds=0.05
epoch=77/80 loss=0.002666 seconds=0.05
epoch=78/80 loss=0.001926 seconds=0.05
epoch=79/80 loss=0.001922 seconds=0.06
epoch=80/80 loss=0.001624 seconds=0.05
fold=5/10 OOF_accuracy=0.900000 OOF_AUC=0.931818
Device=cuda; epochs=80; batch=32; model=MobileNetV2_1D
epoch=1/80 loss=0.615909 seconds=0.05
epoch=2/80 loss=0.326791 seconds=0.06
epoch=3/80 loss=0.192382 seconds=0.05
epoch=4/80 loss=0.104788 seconds=0.05
epoch=5/80 loss=0.080698 seconds=0.05
epoch=6/80 loss=0.062292 seconds=0.06
epoch=7/80 loss=0.055846 seconds=0.05
epoch=8/80 loss=0.047000 seconds=0.06
epoch=9/80 loss=0.034493 seconds=0.06
epoch=10/80 loss=0.028091 seconds=0.05
epoch=11/80 loss=0.020415 seconds=0.05
epoch=12/80 loss=0.026545 seconds=0.06
epoch=13/80 loss=0.025304 seconds=0.05
epoch=14/80 loss=0.023755 seconds=0.05
epoch=15/80 loss=0.014385 seconds=0.06
epoch=16/80 loss=0.033150 seconds=0.05
epoch=17/80 loss=0.014735 seconds=0.06
epoch=18/80 loss=0.016207 seconds=0.06
epoch=19/80 loss=0.014179 seconds=0.05
epoch=20/80 loss=0.018030 seconds=0.06
epoch=21/80 loss=0.011645 seconds=0.05
epoch=22/80 loss=0.012383 seconds=0.06
epoch=23/80 loss=0.009690 seconds=0.05
epoch=24/80 loss=0.006184 seconds=0.05
epoch=25/80 loss=0.005926 seconds=0.06
epoch=26/80 loss=0.005525 seconds=0.05
epoch=27/80 loss=0.004544 seconds=0.06
epoch=28/80 loss=0.007444 seconds=0.05
epoch=29/80 loss=0.004423 seconds=0.06
epoch=30/80 loss=0.005297 seconds=0.06
epoch=31/80 loss=0.005315 seconds=0.05
epoch=32/80 loss=0.005175 seconds=0.06
epoch=33/80 loss=0.004259 seconds=0.05
epoch=34/80 loss=0.003262 seconds=0.05
epoch=35/80 loss=0.003701 seconds=0.06
epoch=36/80 loss=0.003118 seconds=0.05
epoch=37/80 loss=0.002994 seconds=0.05
epoch=38/80 loss=0.003050 seconds=0.06
epoch=39/80 loss=0.003600 seconds=0.05
epoch=40/80 loss=0.002869 seconds=0.06
epoch=41/80 loss=0.001773 seconds=0.05
epoch=42/80 loss=0.002500 seconds=0.05
epoch=43/80 loss=0.002124 seconds=0.06
epoch=44/80 loss=0.001846 seconds=0.05
epoch=45/80 loss=0.002188 seconds=0.06
epoch=46/80 loss=0.002771 seconds=0.06
epoch=47/80 loss=0.001514 seconds=0.05
epoch=48/80 loss=0.001885 seconds=0.05
epoch=49/80 loss=0.002079 seconds=0.06
epoch=50/80 loss=0.001681 seconds=0.06
epoch=51/80 loss=0.001467 seconds=0.05
epoch=52/80 loss=0.001699 seconds=0.05
epoch=53/80 loss=0.001302 seconds=0.06
epoch=54/80 loss=0.001221 seconds=0.05
epoch=55/80 loss=0.001340 seconds=0.05
epoch=56/80 loss=0.001517 seconds=0.06
epoch=57/80 loss=0.001294 seconds=0.05
epoch=58/80 loss=0.001176 seconds=0.06
epoch=59/80 loss=0.001649 seconds=0.05
epoch=60/80 loss=0.001495 seconds=0.06
epoch=61/80 loss=0.000969 seconds=0.06
epoch=62/80 loss=0.000982 seconds=0.05
epoch=63/80 loss=0.001116 seconds=0.06
epoch=64/80 loss=0.001227 seconds=0.05
epoch=65/80 loss=0.001454 seconds=0.06
epoch=66/80 loss=0.001437 seconds=0.05
epoch=67/80 loss=0.001225 seconds=0.06
epoch=68/80 loss=0.001245 seconds=0.05
epoch=69/80 loss=0.002935 seconds=0.08
epoch=70/80 loss=0.005905 seconds=0.05
epoch=71/80 loss=0.028641 seconds=0.05
epoch=72/80 loss=0.034285 seconds=0.05
epoch=73/80 loss=0.011693 seconds=0.06
epoch=74/80 loss=0.067297 seconds=0.06
epoch=75/80 loss=0.009045 seconds=0.05
epoch=76/80 loss=0.029811 seconds=0.05
epoch=77/80 loss=0.090935 seconds=0.05
epoch=78/80 loss=0.032111 seconds=0.06
epoch=79/80 loss=0.024696 seconds=0.05
epoch=80/80 loss=0.018978 seconds=0.06
fold=6/10 OOF_accuracy=0.866667 OOF_AUC=0.869318
Device=cuda; epochs=80; batch=32; model=MobileNetV2_1D
epoch=1/80 loss=0.618758 seconds=0.06
epoch=2/80 loss=0.317116 seconds=0.05
epoch=3/80 loss=0.194529 seconds=0.06
epoch=4/80 loss=0.104058 seconds=0.05
epoch=5/80 loss=0.077433 seconds=0.06
epoch=6/80 loss=0.066810 seconds=0.05
epoch=7/80 loss=0.049527 seconds=0.06
epoch=8/80 loss=0.039654 seconds=0.06
epoch=9/80 loss=0.030399 seconds=0.05
epoch=10/80 loss=0.026037 seconds=0.06
epoch=11/80 loss=0.020328 seconds=0.05
epoch=12/80 loss=0.024422 seconds=0.06
epoch=13/80 loss=0.020107 seconds=0.05
epoch=14/80 loss=0.015917 seconds=0.05
epoch=15/80 loss=0.013947 seconds=0.06
epoch=16/80 loss=0.021772 seconds=0.06
epoch=17/80 loss=0.012494 seconds=0.05
epoch=18/80 loss=0.012805 seconds=0.06
epoch=19/80 loss=0.018700 seconds=0.05
epoch=20/80 loss=0.022210 seconds=0.06
epoch=21/80 loss=0.022348 seconds=0.05
epoch=22/80 loss=0.026883 seconds=0.06
epoch=23/80 loss=0.017167 seconds=0.08
epoch=24/80 loss=0.007013 seconds=0.08
epoch=25/80 loss=0.011434 seconds=0.06
epoch=26/80 loss=0.007747 seconds=0.05
epoch=27/80 loss=0.005919 seconds=0.06
epoch=28/80 loss=0.010429 seconds=0.05
epoch=29/80 loss=0.005039 seconds=0.06
epoch=30/80 loss=0.006379 seconds=0.05
epoch=31/80 loss=0.023340 seconds=0.05
epoch=32/80 loss=0.009480 seconds=0.05
epoch=33/80 loss=0.007166 seconds=0.06
epoch=34/80 loss=0.004460 seconds=0.05
epoch=35/80 loss=0.004481 seconds=0.06
epoch=36/80 loss=0.003893 seconds=0.05
epoch=37/80 loss=0.003144 seconds=0.06
epoch=38/80 loss=0.003277 seconds=0.05
epoch=39/80 loss=0.003744 seconds=0.06
epoch=40/80 loss=0.003026 seconds=0.05
epoch=41/80 loss=0.001856 seconds=0.06
epoch=42/80 loss=0.002664 seconds=0.05
epoch=43/80 loss=0.002142 seconds=0.05
epoch=44/80 loss=0.002070 seconds=0.06
epoch=45/80 loss=0.002837 seconds=0.05
epoch=46/80 loss=0.002740 seconds=0.05
epoch=47/80 loss=0.001555 seconds=0.06
epoch=48/80 loss=0.001847 seconds=0.05
epoch=49/80 loss=0.002919 seconds=0.06
epoch=50/80 loss=0.001730 seconds=0.05
epoch=51/80 loss=0.001585 seconds=0.05
epoch=52/80 loss=0.001700 seconds=0.06
epoch=53/80 loss=0.001357 seconds=0.05
epoch=54/80 loss=0.001202 seconds=0.06
epoch=55/80 loss=0.001391 seconds=0.05
epoch=56/80 loss=0.001423 seconds=0.06
epoch=57/80 loss=0.001207 seconds=0.05
epoch=58/80 loss=0.001154 seconds=0.05
epoch=59/80 loss=0.001823 seconds=0.06
epoch=60/80 loss=0.001560 seconds=0.05
epoch=61/80 loss=0.000928 seconds=0.06
epoch=62/80 loss=0.000955 seconds=0.05
epoch=63/80 loss=0.001072 seconds=0.06
epoch=64/80 loss=0.001214 seconds=0.05
epoch=65/80 loss=0.001333 seconds=0.06
epoch=66/80 loss=0.001557 seconds=0.05
epoch=67/80 loss=0.001247 seconds=0.06
epoch=68/80 loss=0.001159 seconds=0.06
epoch=69/80 loss=0.001828 seconds=0.05
epoch=70/80 loss=0.000719 seconds=0.06
epoch=71/80 loss=0.000891 seconds=0.05
epoch=72/80 loss=0.001229 seconds=0.05
epoch=73/80 loss=0.000743 seconds=0.06
epoch=74/80 loss=0.000926 seconds=0.05
epoch=75/80 loss=0.000605 seconds=0.06
epoch=76/80 loss=0.001128 seconds=0.05
epoch=77/80 loss=0.001010 seconds=0.06
epoch=78/80 loss=0.000826 seconds=0.05
epoch=79/80 loss=0.000970 seconds=0.06
epoch=80/80 loss=0.000671 seconds=0.05
fold=7/10 OOF_accuracy=0.900000 OOF_AUC=0.954545
Device=cuda; epochs=80; batch=32; model=MobileNetV2_1D
epoch=1/80 loss=0.615583 seconds=0.05
epoch=2/80 loss=0.321309 seconds=0.06
epoch=3/80 loss=0.187788 seconds=0.05
epoch=4/80 loss=0.108149 seconds=0.06
epoch=5/80 loss=0.077319 seconds=0.05
epoch=6/80 loss=0.065818 seconds=0.06
epoch=7/80 loss=0.051921 seconds=0.05
epoch=8/80 loss=0.037700 seconds=0.06
epoch=9/80 loss=0.030572 seconds=0.05
epoch=10/80 loss=0.025886 seconds=0.06
epoch=11/80 loss=0.020619 seconds=0.05
epoch=12/80 loss=0.023437 seconds=0.06
epoch=13/80 loss=0.018963 seconds=0.05
epoch=14/80 loss=0.014814 seconds=0.05
epoch=15/80 loss=0.012465 seconds=0.06
epoch=16/80 loss=0.015584 seconds=0.05
epoch=17/80 loss=0.009906 seconds=0.06
epoch=18/80 loss=0.009061 seconds=0.05
epoch=19/80 loss=0.017874 seconds=0.06
epoch=20/80 loss=0.044156 seconds=0.06
epoch=21/80 loss=0.038131 seconds=0.05
epoch=22/80 loss=0.049609 seconds=0.06
epoch=23/80 loss=0.024189 seconds=0.05
epoch=24/80 loss=0.010811 seconds=0.06
epoch=25/80 loss=0.010386 seconds=0.06
epoch=26/80 loss=0.007825 seconds=0.06
epoch=27/80 loss=0.007217 seconds=0.05
epoch=28/80 loss=0.015162 seconds=0.05
epoch=29/80 loss=0.007432 seconds=0.06
epoch=30/80 loss=0.006365 seconds=0.05
epoch=31/80 loss=0.007508 seconds=0.05
epoch=32/80 loss=0.006704 seconds=0.06
epoch=33/80 loss=0.004591 seconds=0.06
epoch=34/80 loss=0.003377 seconds=0.05
epoch=35/80 loss=0.004676 seconds=0.05
epoch=36/80 loss=0.003529 seconds=0.06
epoch=37/80 loss=0.003459 seconds=0.06
epoch=38/80 loss=0.003575 seconds=0.05
epoch=39/80 loss=0.004937 seconds=0.06
epoch=40/80 loss=0.004215 seconds=0.05
epoch=41/80 loss=0.002285 seconds=0.06
epoch=42/80 loss=0.002784 seconds=0.05
epoch=43/80 loss=0.002331 seconds=0.06
epoch=44/80 loss=0.002158 seconds=0.05
epoch=45/80 loss=0.002358 seconds=0.06
epoch=46/80 loss=0.002742 seconds=0.05
epoch=47/80 loss=0.001594 seconds=0.06
epoch=48/80 loss=0.001965 seconds=0.05
epoch=49/80 loss=0.002248 seconds=0.05
epoch=50/80 loss=0.001820 seconds=0.06
epoch=51/80 loss=0.001573 seconds=0.05
epoch=52/80 loss=0.001733 seconds=0.05
epoch=53/80 loss=0.001374 seconds=0.06
epoch=54/80 loss=0.001290 seconds=0.05
epoch=55/80 loss=0.001395 seconds=0.06
epoch=56/80 loss=0.001529 seconds=0.05
epoch=57/80 loss=0.001299 seconds=0.06
epoch=58/80 loss=0.001195 seconds=0.05
epoch=59/80 loss=0.002003 seconds=0.05
epoch=60/80 loss=0.001639 seconds=0.06
epoch=61/80 loss=0.000984 seconds=0.06
epoch=62/80 loss=0.001133 seconds=0.05
epoch=63/80 loss=0.001256 seconds=0.05
epoch=64/80 loss=0.001477 seconds=0.06
epoch=65/80 loss=0.001759 seconds=0.06
epoch=66/80 loss=0.001675 seconds=0.06
epoch=67/80 loss=0.001223 seconds=0.05
epoch=68/80 loss=0.001266 seconds=0.06
epoch=69/80 loss=0.001929 seconds=0.06
epoch=70/80 loss=0.000739 seconds=0.06
epoch=71/80 loss=0.000977 seconds=0.06
epoch=72/80 loss=0.001213 seconds=0.06
epoch=73/80 loss=0.000847 seconds=0.06
epoch=74/80 loss=0.000988 seconds=0.06
epoch=75/80 loss=0.000648 seconds=0.06
epoch=76/80 loss=0.001136 seconds=0.05
epoch=77/80 loss=0.001192 seconds=0.06
epoch=78/80 loss=0.000866 seconds=0.06
epoch=79/80 loss=0.000872 seconds=0.05
epoch=80/80 loss=0.000672 seconds=0.05
fold=8/10 OOF_accuracy=0.766667 OOF_AUC=0.789773
Device=cuda; epochs=80; batch=32; model=MobileNetV2_1D
epoch=1/80 loss=0.616102 seconds=0.05
epoch=2/80 loss=0.315766 seconds=0.06
epoch=3/80 loss=0.179158 seconds=0.05
epoch=4/80 loss=0.106299 seconds=0.06
epoch=5/80 loss=0.076321 seconds=0.05
epoch=6/80 loss=0.064177 seconds=0.05
epoch=7/80 loss=0.056810 seconds=0.06
epoch=8/80 loss=0.039541 seconds=0.05
epoch=9/80 loss=0.034021 seconds=0.05
epoch=10/80 loss=0.030753 seconds=0.06
epoch=11/80 loss=0.021197 seconds=0.05
epoch=12/80 loss=0.025104 seconds=0.05
epoch=13/80 loss=0.021798 seconds=0.06
epoch=14/80 loss=0.015520 seconds=0.05
epoch=15/80 loss=0.012602 seconds=0.05
epoch=16/80 loss=0.016011 seconds=0.06
epoch=17/80 loss=0.009591 seconds=0.05
epoch=18/80 loss=0.009343 seconds=0.06
epoch=19/80 loss=0.009094 seconds=0.05
epoch=20/80 loss=0.014200 seconds=0.05
epoch=21/80 loss=0.035976 seconds=0.06
epoch=22/80 loss=0.013561 seconds=0.05
epoch=23/80 loss=0.032553 seconds=0.06
epoch=24/80 loss=0.010643 seconds=0.05
epoch=25/80 loss=0.015276 seconds=0.06
epoch=26/80 loss=0.014199 seconds=0.06
epoch=27/80 loss=0.010816 seconds=0.05
epoch=28/80 loss=0.009671 seconds=0.05
epoch=29/80 loss=0.005859 seconds=0.06
epoch=30/80 loss=0.005612 seconds=0.05
epoch=31/80 loss=0.006316 seconds=0.05
epoch=32/80 loss=0.006183 seconds=0.05
epoch=33/80 loss=0.005146 seconds=0.06
epoch=34/80 loss=0.003414 seconds=0.05
epoch=35/80 loss=0.003960 seconds=0.06
epoch=36/80 loss=0.003110 seconds=0.05
epoch=37/80 loss=0.003017 seconds=0.05
epoch=38/80 loss=0.003311 seconds=0.06
epoch=39/80 loss=0.003279 seconds=0.05
epoch=40/80 loss=0.002878 seconds=0.06
epoch=41/80 loss=0.001818 seconds=0.05
epoch=42/80 loss=0.002771 seconds=0.05
epoch=43/80 loss=0.002150 seconds=0.06
epoch=44/80 loss=0.002058 seconds=0.05
epoch=45/80 loss=0.002401 seconds=0.05
epoch=46/80 loss=0.002755 seconds=0.06
epoch=47/80 loss=0.001597 seconds=0.05
epoch=48/80 loss=0.001966 seconds=0.05
epoch=49/80 loss=0.002245 seconds=0.06
epoch=50/80 loss=0.001716 seconds=0.05
epoch=51/80 loss=0.001490 seconds=0.05
epoch=52/80 loss=0.002256 seconds=0.06
epoch=53/80 loss=0.001377 seconds=0.05
epoch=54/80 loss=0.001404 seconds=0.06
epoch=55/80 loss=0.001534 seconds=0.05
epoch=56/80 loss=0.001629 seconds=0.06
epoch=57/80 loss=0.001248 seconds=0.05
epoch=58/80 loss=0.001200 seconds=0.05
epoch=59/80 loss=0.001812 seconds=0.06
epoch=60/80 loss=0.001659 seconds=0.05
epoch=61/80 loss=0.000935 seconds=0.06
epoch=62/80 loss=0.001087 seconds=0.05
epoch=63/80 loss=0.001133 seconds=0.06
epoch=64/80 loss=0.001402 seconds=0.05
epoch=65/80 loss=0.001696 seconds=0.08
epoch=66/80 loss=0.001535 seconds=0.05
epoch=67/80 loss=0.001609 seconds=0.06
epoch=68/80 loss=0.001297 seconds=0.05
epoch=69/80 loss=0.001815 seconds=0.05
epoch=70/80 loss=0.001016 seconds=0.06
epoch=71/80 loss=0.000957 seconds=0.05
epoch=72/80 loss=0.001406 seconds=0.05
epoch=73/80 loss=0.004678 seconds=0.06
epoch=74/80 loss=0.035323 seconds=0.05
epoch=75/80 loss=0.017449 seconds=0.06
epoch=76/80 loss=0.020890 seconds=0.05
epoch=77/80 loss=0.015762 seconds=0.05
epoch=78/80 loss=0.080991 seconds=0.06
epoch=79/80 loss=0.058999 seconds=0.05
epoch=80/80 loss=0.005350 seconds=0.06
fold=9/10 OOF_accuracy=0.833333 OOF_AUC=0.886364
Device=cuda; epochs=80; batch=32; model=MobileNetV2_1D
epoch=1/80 loss=0.609188 seconds=0.06
epoch=2/80 loss=0.313217 seconds=0.05
epoch=3/80 loss=0.193405 seconds=0.06
epoch=4/80 loss=0.114865 seconds=0.05
epoch=5/80 loss=0.084189 seconds=0.05
epoch=6/80 loss=0.063154 seconds=0.06
epoch=7/80 loss=0.049714 seconds=0.05
epoch=8/80 loss=0.039430 seconds=0.05
epoch=9/80 loss=0.030863 seconds=0.06
epoch=10/80 loss=0.027006 seconds=0.05
epoch=11/80 loss=0.020365 seconds=0.05
epoch=12/80 loss=0.023424 seconds=0.06
epoch=13/80 loss=0.023361 seconds=0.05
epoch=14/80 loss=0.020425 seconds=0.05
epoch=15/80 loss=0.019412 seconds=0.06
epoch=16/80 loss=0.018122 seconds=0.05
epoch=17/80 loss=0.017098 seconds=0.06
epoch=18/80 loss=0.011629 seconds=0.05
epoch=19/80 loss=0.022577 seconds=0.06
epoch=20/80 loss=0.031577 seconds=0.05
epoch=21/80 loss=0.012272 seconds=0.05
epoch=22/80 loss=0.017417 seconds=0.06
epoch=23/80 loss=0.014152 seconds=0.05
epoch=24/80 loss=0.009857 seconds=0.05
epoch=25/80 loss=0.008468 seconds=0.06
epoch=26/80 loss=0.006858 seconds=0.06
epoch=27/80 loss=0.008447 seconds=0.05
epoch=28/80 loss=0.019148 seconds=0.06
epoch=29/80 loss=0.042209 seconds=0.05
epoch=30/80 loss=0.012056 seconds=0.05
epoch=31/80 loss=0.007660 seconds=0.05
epoch=32/80 loss=0.007022 seconds=0.06
epoch=33/80 loss=0.008001 seconds=0.05
epoch=34/80 loss=0.005015 seconds=0.06
epoch=35/80 loss=0.004847 seconds=0.05
epoch=36/80 loss=0.003619 seconds=0.06
epoch=37/80 loss=0.003276 seconds=0.05
epoch=38/80 loss=0.003612 seconds=0.05
epoch=39/80 loss=0.004665 seconds=0.06
epoch=40/80 loss=0.003480 seconds=0.05
epoch=41/80 loss=0.001924 seconds=0.06
epoch=42/80 loss=0.002705 seconds=0.05
epoch=43/80 loss=0.002134 seconds=0.05
epoch=44/80 loss=0.002124 seconds=0.06
epoch=45/80 loss=0.002292 seconds=0.05
epoch=46/80 loss=0.002677 seconds=0.05
epoch=47/80 loss=0.001740 seconds=0.06
epoch=48/80 loss=0.002072 seconds=0.05
epoch=49/80 loss=0.003374 seconds=0.06
epoch=50/80 loss=0.001924 seconds=0.08
epoch=51/80 loss=0.001755 seconds=0.06
epoch=52/80 loss=0.001927 seconds=0.05
epoch=53/80 loss=0.001301 seconds=0.06
epoch=54/80 loss=0.001174 seconds=0.05
epoch=55/80 loss=0.001574 seconds=0.06
epoch=56/80 loss=0.001815 seconds=0.05
epoch=57/80 loss=0.001195 seconds=0.06
epoch=58/80 loss=0.001179 seconds=0.05
epoch=59/80 loss=0.001803 seconds=0.06
epoch=60/80 loss=0.001509 seconds=0.05
epoch=61/80 loss=0.000904 seconds=0.05
epoch=62/80 loss=0.000930 seconds=0.06
epoch=63/80 loss=0.001132 seconds=0.05
epoch=64/80 loss=0.001375 seconds=0.06
epoch=65/80 loss=0.001645 seconds=0.06
epoch=66/80 loss=0.001514 seconds=0.05
epoch=67/80 loss=0.002285 seconds=0.06
epoch=68/80 loss=0.001441 seconds=0.05
epoch=69/80 loss=0.003750 seconds=0.06
epoch=70/80 loss=0.001494 seconds=0.05
epoch=71/80 loss=0.011999 seconds=0.05
epoch=72/80 loss=0.004536 seconds=0.08
epoch=73/80 loss=0.006787 seconds=0.06
epoch=74/80 loss=0.005001 seconds=0.06
epoch=75/80 loss=0.000994 seconds=0.05
epoch=76/80 loss=0.002328 seconds=0.06
epoch=77/80 loss=0.001630 seconds=0.05
epoch=78/80 loss=0.001810 seconds=0.05
epoch=79/80 loss=0.002988 seconds=0.06
epoch=80/80 loss=0.001031 seconds=0.05
fold=10/10 OOF_accuracy=0.800000 OOF_AUC=0.756614
Device=cuda; epochs=80; batch=32; model=MobileNetV2_1D
epoch=1/80 loss=0.612235 seconds=0.08
epoch=2/80 loss=0.300511 seconds=0.06
epoch=3/80 loss=0.158352 seconds=0.06
epoch=4/80 loss=0.121271 seconds=0.06
epoch=5/80 loss=0.076856 seconds=0.06
epoch=6/80 loss=0.055747 seconds=0.05
epoch=7/80 loss=0.053074 seconds=0.06
epoch=8/80 loss=0.034488 seconds=0.06
epoch=9/80 loss=0.062257 seconds=0.06
epoch=10/80 loss=0.049342 seconds=0.06
epoch=11/80 loss=0.029121 seconds=0.06
epoch=12/80 loss=0.036083 seconds=0.06
epoch=13/80 loss=0.024268 seconds=0.06
epoch=14/80 loss=0.026846 seconds=0.05
epoch=15/80 loss=0.015073 seconds=0.06
epoch=16/80 loss=0.009413 seconds=0.06
epoch=17/80 loss=0.013450 seconds=0.06
epoch=18/80 loss=0.027862 seconds=0.06
epoch=19/80 loss=0.050059 seconds=0.06
epoch=20/80 loss=0.021571 seconds=0.06
epoch=21/80 loss=0.056798 seconds=0.08
epoch=22/80 loss=0.043716 seconds=0.06
epoch=23/80 loss=0.025886 seconds=0.08
epoch=24/80 loss=0.019903 seconds=0.06
epoch=25/80 loss=0.019624 seconds=0.06
epoch=26/80 loss=0.011699 seconds=0.06
epoch=27/80 loss=0.007739 seconds=0.06
epoch=28/80 loss=0.011651 seconds=0.06
epoch=29/80 loss=0.005572 seconds=0.05
epoch=30/80 loss=0.005058 seconds=0.06
epoch=31/80 loss=0.006456 seconds=0.08
epoch=32/80 loss=0.011458 seconds=0.06
epoch=33/80 loss=0.005057 seconds=0.05
epoch=34/80 loss=0.004290 seconds=0.06
epoch=35/80 loss=0.009082 seconds=0.06
epoch=36/80 loss=0.003294 seconds=0.06
epoch=37/80 loss=0.004116 seconds=0.06
epoch=38/80 loss=0.004788 seconds=0.06
epoch=39/80 loss=0.002682 seconds=0.06
epoch=40/80 loss=0.004025 seconds=0.06
epoch=41/80 loss=0.002593 seconds=0.06
epoch=42/80 loss=0.002459 seconds=0.06
epoch=43/80 loss=0.004898 seconds=0.06
epoch=44/80 loss=0.007546 seconds=0.08
epoch=45/80 loss=0.017639 seconds=0.06
epoch=46/80 loss=0.004232 seconds=0.06
epoch=47/80 loss=0.003082 seconds=0.06
epoch=48/80 loss=0.003544 seconds=0.06
epoch=49/80 loss=0.002299 seconds=0.06
epoch=50/80 loss=0.001867 seconds=0.06
epoch=51/80 loss=0.002492 seconds=0.06
epoch=52/80 loss=0.041532 seconds=0.06
epoch=53/80 loss=0.049632 seconds=0.06
epoch=54/80 loss=0.049770 seconds=0.06
epoch=55/80 loss=0.023459 seconds=0.06
epoch=56/80 loss=0.015855 seconds=0.06
epoch=57/80 loss=0.010271 seconds=0.06
epoch=58/80 loss=0.012574 seconds=0.05
epoch=59/80 loss=0.010513 seconds=0.06
epoch=60/80 loss=0.005128 seconds=0.06
epoch=61/80 loss=0.004765 seconds=0.06
epoch=62/80 loss=0.011197 seconds=0.06
epoch=63/80 loss=0.016768 seconds=0.05
epoch=64/80 loss=0.027144 seconds=0.08
epoch=65/80 loss=0.039580 seconds=0.06
epoch=66/80 loss=0.014835 seconds=0.06
epoch=67/80 loss=0.007724 seconds=0.06
epoch=68/80 loss=0.005706 seconds=0.05
epoch=69/80 loss=0.003798 seconds=0.06
epoch=70/80 loss=0.003371 seconds=0.06
epoch=71/80 loss=0.002444 seconds=0.06
epoch=72/80 loss=0.001979 seconds=0.05
epoch=73/80 loss=0.002555 seconds=0.06
epoch=74/80 loss=0.001495 seconds=0.06
epoch=75/80 loss=0.001321 seconds=0.06
epoch=76/80 loss=0.001808 seconds=0.06
epoch=77/80 loss=0.001259 seconds=0.05
epoch=78/80 loss=0.001296 seconds=0.06
epoch=79/80 loss=0.001077 seconds=0.08
epoch=80/80 loss=0.001465 seconds=0.06
{"cv_oof": {"accuracy": 0.8433333333333334, "balanced_accuracy": 0.7798917639100287, "sensitivity": 0.6419753086419753, "specificity": 0.9178082191780822, "f1_macro": 0.7920323308603372, "roc_auc": 0.8473420147697165, "confusion_matrix": [[201, 18], [29, 52]], "classification_report": {"0": {"precision": 0.8739130434782608, "recall": 0.9178082191780822, "f1-score": 0.8953229398663697, "support": 219.0}, "1": {"precision": 0.7428571428571429, "recall": 0.6419753086419753, "f1-score": 0.6887417218543046, "support": 81.0}, "accuracy": 0.8433333333333334, "macro avg": {"precision": 0.8083850931677019, "recall": 0.7798917639100287, "f1-score": 0.7920323308603372, "support": 300.0}, "weighted avg": {"precision": 0.8385279503105589, "recall": 0.8433333333333334, "f1-score": 0.8395460110031122, "support": 300.0}}}, "test": {"accuracy": 0.8181818181818182, "balanced_accuracy": 0.7410714285714286, "sensitivity": 0.5714285714285714, "specificity": 0.9107142857142857, "f1_macro": 0.7554446460980035, "roc_auc": 0.842687074829932, "confusion_matrix": [[51, 5], [9, 12]], "classification_report": {"0": {"precision": 0.85, "recall": 0.9107142857142857, "f1-score": 0.8793103448275862, "support": 56.0}, "1": {"precision": 0.7058823529411765, "recall": 0.5714285714285714, "f1-score": 0.631578947368421, "support": 21.0}, "accuracy": 0.8181818181818182, "macro avg": {"precision": 0.7779411764705882, "recall": 0.7410714285714286, "f1-score": 0.7554446460980035, "support": 77.0}, "weighted avg": {"precision": 0.8106951871657754, "recall": 0.8181818181818182, "f1-score": 0.8117472364296321, "support": 77.0}}}, "folds": 10, "original_train_rows": 300, "train_rows": 300, "test_rows": 77, "elapsed_seconds": 52.5}
