Command: ["C:\\Users\\IHCK\\AppData\\Local\\Programs\\Python\\Python312\\python.exe", "-u", "C:\\Users\\IHCK\\Desktop\\1_10_69Final\\Hippocampal-Shape-Analysis-for-Epilepsy-Detection\\Model\\train_dataset_model.py", "--dataset", "coef_plsda", "--side", "right", "--model", "MLP", "--kind", "coef", "--train-csv", "C:\\Users\\IHCK\\Desktop\\1_10_69Final\\Hippocampal-Shape-Analysis-for-Epilepsy-Detection\\Output_Dataset\\coef_plsda\\right\\train_prepared.csv", "--test-csv", "C:\\Users\\IHCK\\Desktop\\1_10_69Final\\Hippocampal-Shape-Analysis-for-Epilepsy-Detection\\Output_Dataset\\coef_plsda\\right\\test_prepared.csv", "--output-dir", "C:\\Users\\IHCK\\Desktop\\1_10_69Final\\Hippocampal-Shape-Analysis-for-Epilepsy-Detection\\Model_Results\\dataset_runs_20261003_10fold\\coef_plsda\\right\\MLP", "--epochs", "80", "--folds", "10", "--pls-components", "8", "--seed", "42", "--threads", "2"]
10-fold CV: dataset=coef_plsda side=right model=MLP; original_train=300 test=77
Iteration 1, loss = 0.73092705
Iteration 2, loss = 0.56950315
Iteration 3, loss = 0.44329255
Iteration 4, loss = 0.34633172
Iteration 5, loss = 0.27262246
Iteration 6, loss = 0.21578111
Iteration 7, loss = 0.17060922
Iteration 8, loss = 0.13596773
Iteration 9, loss = 0.10901998
Iteration 10, loss = 0.08788597
Iteration 11, loss = 0.07179443
Iteration 12, loss = 0.05815807
Iteration 13, loss = 0.04806710
Iteration 14, loss = 0.04026584
Iteration 15, loss = 0.03355049
Iteration 16, loss = 0.02842748
Iteration 17, loss = 0.02418453
Iteration 18, loss = 0.02092857
Iteration 19, loss = 0.01805365
Iteration 20, loss = 0.01565265
Iteration 21, loss = 0.01356554
Iteration 22, loss = 0.01200409
Iteration 23, loss = 0.01043148
Iteration 24, loss = 0.00931877
Iteration 25, loss = 0.00820743
Iteration 26, loss = 0.00748936
Iteration 27, loss = 0.00675339
Iteration 28, loss = 0.00618720
Iteration 29, loss = 0.00565041
Iteration 30, loss = 0.00524959
Iteration 31, loss = 0.00486733
Iteration 32, loss = 0.00455602
Iteration 33, loss = 0.00427320
Iteration 34, loss = 0.00401099
Iteration 35, loss = 0.00380031
Iteration 36, loss = 0.00358974
Iteration 37, loss = 0.00341497
Iteration 38, loss = 0.00325627
Iteration 39, loss = 0.00309967
Iteration 40, loss = 0.00295820
Iteration 41, loss = 0.00282849
Iteration 42, loss = 0.00271520
Iteration 43, loss = 0.00262049
Iteration 44, loss = 0.00251651
Iteration 45, loss = 0.00243286
Iteration 46, loss = 0.00234222
Iteration 47, loss = 0.00226471
Iteration 48, loss = 0.00218757
Iteration 49, loss = 0.00212548
Iteration 50, loss = 0.00205929
Iteration 51, loss = 0.00200048
Iteration 52, loss = 0.00193640
Iteration 53, loss = 0.00188633
Iteration 54, loss = 0.00183521
Iteration 55, loss = 0.00178324
Training loss did not improve more than tol=0.000100 for 10 consecutive epochs. Stopping.
fold=1/10 OOF_accuracy=0.766667 OOF_AUC=0.852273
Iteration 1, loss = 0.69733065
Iteration 2, loss = 0.54112947
Iteration 3, loss = 0.42541142
Iteration 4, loss = 0.33602241
Iteration 5, loss = 0.26757227
Iteration 6, loss = 0.21337134
Iteration 7, loss = 0.17091040
Iteration 8, loss = 0.13813963
Iteration 9, loss = 0.11197623
Iteration 10, loss = 0.08997471
Iteration 11, loss = 0.07291055
Iteration 12, loss = 0.05926435
Iteration 13, loss = 0.04835546
Iteration 14, loss = 0.03994261
Iteration 15, loss = 0.03345738
Iteration 16, loss = 0.02816418
Iteration 17, loss = 0.02378136
Iteration 18, loss = 0.02043246
Iteration 19, loss = 0.01764418
Iteration 20, loss = 0.01543887
Iteration 21, loss = 0.01365031
Iteration 22, loss = 0.01212489
Iteration 23, loss = 0.01098194
Iteration 24, loss = 0.00991652
Iteration 25, loss = 0.00909842
Iteration 26, loss = 0.00833057
Iteration 27, loss = 0.00771715
Iteration 28, loss = 0.00718906
Iteration 29, loss = 0.00672809
Iteration 30, loss = 0.00630072
Iteration 31, loss = 0.00599619
Iteration 32, loss = 0.00566144
Iteration 33, loss = 0.00541198
Iteration 34, loss = 0.00515343
Iteration 35, loss = 0.00492032
Iteration 36, loss = 0.00472067
Iteration 37, loss = 0.00454354
Iteration 38, loss = 0.00439717
Iteration 39, loss = 0.00422890
Iteration 40, loss = 0.00407965
Iteration 41, loss = 0.00391902
Iteration 42, loss = 0.00379623
Iteration 43, loss = 0.00367657
Iteration 44, loss = 0.00355362
Iteration 45, loss = 0.00343854
Iteration 46, loss = 0.00333420
Iteration 47, loss = 0.00323845
Iteration 48, loss = 0.00314492
Iteration 49, loss = 0.00305751
Iteration 50, loss = 0.00297914
Iteration 51, loss = 0.00287880
Iteration 52, loss = 0.00280567
Iteration 53, loss = 0.00272033
Iteration 54, loss = 0.00263974
Iteration 55, loss = 0.00256829
Iteration 56, loss = 0.00250002
Iteration 57, loss = 0.00242673
Iteration 58, loss = 0.00235451
Iteration 59, loss = 0.00229683
Iteration 60, loss = 0.00223190
Iteration 61, loss = 0.00218565
Iteration 62, loss = 0.00212616
Training loss did not improve more than tol=0.000100 for 10 consecutive epochs. Stopping.
fold=2/10 OOF_accuracy=0.900000 OOF_AUC=0.965909
Iteration 1, loss = 0.68023248
Iteration 2, loss = 0.52318184
Iteration 3, loss = 0.40885416
Iteration 4, loss = 0.32271507
Iteration 5, loss = 0.25792921
Iteration 6, loss = 0.20588133
Iteration 7, loss = 0.16479046
Iteration 8, loss = 0.13228133
Iteration 9, loss = 0.10649222
Iteration 10, loss = 0.08577317
Iteration 11, loss = 0.07050797
Iteration 12, loss = 0.05803550
Iteration 13, loss = 0.04851767
Iteration 14, loss = 0.04103975
Iteration 15, loss = 0.03509335
Iteration 16, loss = 0.03026872
Iteration 17, loss = 0.02609300
Iteration 18, loss = 0.02312350
Iteration 19, loss = 0.02027242
Iteration 20, loss = 0.01790148
Iteration 21, loss = 0.01612187
Iteration 22, loss = 0.01452167
Iteration 23, loss = 0.01328720
Iteration 24, loss = 0.01223863
Iteration 25, loss = 0.01121845
Iteration 26, loss = 0.01034608
Iteration 27, loss = 0.00965425
Iteration 28, loss = 0.00904840
Iteration 29, loss = 0.00850765
Iteration 30, loss = 0.00798916
Iteration 31, loss = 0.00757631
Iteration 32, loss = 0.00716324
Iteration 33, loss = 0.00687278
Iteration 34, loss = 0.00653597
Iteration 35, loss = 0.00619652
Iteration 36, loss = 0.00596227
Iteration 37, loss = 0.00569135
Iteration 38, loss = 0.00547182
Iteration 39, loss = 0.00525265
Iteration 40, loss = 0.00504763
Iteration 41, loss = 0.00485175
Iteration 42, loss = 0.00467708
Iteration 43, loss = 0.00450689
Iteration 44, loss = 0.00434491
Iteration 45, loss = 0.00417666
Iteration 46, loss = 0.00405484
Iteration 47, loss = 0.00391780
Iteration 48, loss = 0.00378615
Iteration 49, loss = 0.00366175
Iteration 50, loss = 0.00355091
Iteration 51, loss = 0.00343769
Iteration 52, loss = 0.00333143
Iteration 53, loss = 0.00323236
Iteration 54, loss = 0.00314489
Iteration 55, loss = 0.00306522
Iteration 56, loss = 0.00297365
Iteration 57, loss = 0.00289316
Iteration 58, loss = 0.00281082
Iteration 59, loss = 0.00274157
Iteration 60, loss = 0.00266904
Iteration 61, loss = 0.00261637
Iteration 62, loss = 0.00255352
Iteration 63, loss = 0.00249482
Training loss did not improve more than tol=0.000100 for 10 consecutive epochs. Stopping.
fold=3/10 OOF_accuracy=0.866667 OOF_AUC=0.829545
Iteration 1, loss = 0.65457292
Iteration 2, loss = 0.50491030
Iteration 3, loss = 0.38967918
Iteration 4, loss = 0.30422824
Iteration 5, loss = 0.23793805
Iteration 6, loss = 0.18749181
Iteration 7, loss = 0.14883811
Iteration 8, loss = 0.11844417
Iteration 9, loss = 0.09510248
Iteration 10, loss = 0.07687151
Iteration 11, loss = 0.06257489
Iteration 12, loss = 0.05154667
Iteration 13, loss = 0.04309395
Iteration 14, loss = 0.03605926
Iteration 15, loss = 0.03083830
Iteration 16, loss = 0.02664727
Iteration 17, loss = 0.02333709
Iteration 18, loss = 0.02077358
Iteration 19, loss = 0.01849714
Iteration 20, loss = 0.01642020
Iteration 21, loss = 0.01493442
Iteration 22, loss = 0.01377112
Iteration 23, loss = 0.01262581
Iteration 24, loss = 0.01167631
Iteration 25, loss = 0.01082644
Iteration 26, loss = 0.01001755
Iteration 27, loss = 0.00934961
Iteration 28, loss = 0.00880315
Iteration 29, loss = 0.00828705
Iteration 30, loss = 0.00787066
Iteration 31, loss = 0.00744395
Iteration 32, loss = 0.00703862
Iteration 33, loss = 0.00672951
Iteration 34, loss = 0.00644944
Iteration 35, loss = 0.00615950
Iteration 36, loss = 0.00585225
Iteration 37, loss = 0.00561710
Iteration 38, loss = 0.00535696
Iteration 39, loss = 0.00512701
Iteration 40, loss = 0.00494695
Iteration 41, loss = 0.00475148
Iteration 42, loss = 0.00455571
Iteration 43, loss = 0.00439929
Iteration 44, loss = 0.00423612
Iteration 45, loss = 0.00407875
Iteration 46, loss = 0.00392017
Iteration 47, loss = 0.00378307
Iteration 48, loss = 0.00366127
Iteration 49, loss = 0.00352554
Iteration 50, loss = 0.00342679
Iteration 51, loss = 0.00330073
Iteration 52, loss = 0.00320204
Iteration 53, loss = 0.00310645
Iteration 54, loss = 0.00300356
Iteration 55, loss = 0.00291446
Iteration 56, loss = 0.00283964
Iteration 57, loss = 0.00275394
Iteration 58, loss = 0.00267453
Iteration 59, loss = 0.00259087
Iteration 60, loss = 0.00252803
Iteration 61, loss = 0.00246092
Iteration 62, loss = 0.00239110
Iteration 63, loss = 0.00233261
Iteration 64, loss = 0.00226933
Iteration 65, loss = 0.00220896
Training loss did not improve more than tol=0.000100 for 10 consecutive epochs. Stopping.
fold=4/10 OOF_accuracy=0.900000 OOF_AUC=0.795455
Iteration 1, loss = 0.71286847
Iteration 2, loss = 0.54175735
Iteration 3, loss = 0.41691642
Iteration 4, loss = 0.32325599
Iteration 5, loss = 0.25486727
Iteration 6, loss = 0.20248213
Iteration 7, loss = 0.16408055
Iteration 8, loss = 0.13395391
Iteration 9, loss = 0.11075494
Iteration 10, loss = 0.09205805
Iteration 11, loss = 0.07748256
Iteration 12, loss = 0.06551346
Iteration 13, loss = 0.05623011
Iteration 14, loss = 0.04811137
Iteration 15, loss = 0.04181096
Iteration 16, loss = 0.03640103
Iteration 17, loss = 0.03212244
Iteration 18, loss = 0.02824035
Iteration 19, loss = 0.02544528
Iteration 20, loss = 0.02295997
Iteration 21, loss = 0.02094304
Iteration 22, loss = 0.01904799
Iteration 23, loss = 0.01745859
Iteration 24, loss = 0.01611084
Iteration 25, loss = 0.01492754
Iteration 26, loss = 0.01390904
Iteration 27, loss = 0.01307418
Iteration 28, loss = 0.01228543
Iteration 29, loss = 0.01158763
Iteration 30, loss = 0.01100200
Iteration 31, loss = 0.01038992
Iteration 32, loss = 0.00989029
Iteration 33, loss = 0.00944481
Iteration 34, loss = 0.00908833
Iteration 35, loss = 0.00867825
Iteration 36, loss = 0.00829484
Iteration 37, loss = 0.00798484
Iteration 38, loss = 0.00762871
Iteration 39, loss = 0.00733257
Iteration 40, loss = 0.00711142
Iteration 41, loss = 0.00684406
Iteration 42, loss = 0.00659673
Iteration 43, loss = 0.00636794
Iteration 44, loss = 0.00615349
Iteration 45, loss = 0.00594340
Iteration 46, loss = 0.00572844
Iteration 47, loss = 0.00555457
Iteration 48, loss = 0.00540005
Iteration 49, loss = 0.00522305
Iteration 50, loss = 0.00508371
Iteration 51, loss = 0.00490568
Iteration 52, loss = 0.00477101
Iteration 53, loss = 0.00462847
Iteration 54, loss = 0.00448112
Iteration 55, loss = 0.00434737
Iteration 56, loss = 0.00423414
Iteration 57, loss = 0.00410962
Iteration 58, loss = 0.00398044
Iteration 59, loss = 0.00385514
Iteration 60, loss = 0.00376205
Iteration 61, loss = 0.00365822
Iteration 62, loss = 0.00355040
Iteration 63, loss = 0.00347508
Iteration 64, loss = 0.00337148
Iteration 65, loss = 0.00329634
Iteration 66, loss = 0.00322616
Iteration 67, loss = 0.00314057
Iteration 68, loss = 0.00305398
Iteration 69, loss = 0.00298246
Iteration 70, loss = 0.00290914
Iteration 71, loss = 0.00284617
Iteration 72, loss = 0.00277158
Iteration 73, loss = 0.00271035
Iteration 74, loss = 0.00265016
Iteration 75, loss = 0.00260118
Training loss did not improve more than tol=0.000100 for 10 consecutive epochs. Stopping.
fold=5/10 OOF_accuracy=0.900000 OOF_AUC=0.988636
Iteration 1, loss = 0.68129913
Iteration 2, loss = 0.53555325
Iteration 3, loss = 0.42018442
Iteration 4, loss = 0.33285886
Iteration 5, loss = 0.26485063
Iteration 6, loss = 0.21212455
Iteration 7, loss = 0.16991517
Iteration 8, loss = 0.13677388
Iteration 9, loss = 0.11023930
Iteration 10, loss = 0.08985481
Iteration 11, loss = 0.07400153
Iteration 12, loss = 0.06119866
Iteration 13, loss = 0.05144757
Iteration 14, loss = 0.04357245
Iteration 15, loss = 0.03708960
Iteration 16, loss = 0.03190454
Iteration 17, loss = 0.02780285
Iteration 18, loss = 0.02404796
Iteration 19, loss = 0.02105177
Iteration 20, loss = 0.01891224
Iteration 21, loss = 0.01672588
Iteration 22, loss = 0.01500009
Iteration 23, loss = 0.01357806
Iteration 24, loss = 0.01242682
Iteration 25, loss = 0.01133188
Iteration 26, loss = 0.01057899
Iteration 27, loss = 0.00971220
Iteration 28, loss = 0.00903123
Iteration 29, loss = 0.00846710
Iteration 30, loss = 0.00794833
Iteration 31, loss = 0.00751737
Iteration 32, loss = 0.00707975
Iteration 33, loss = 0.00670253
Iteration 34, loss = 0.00633927
Iteration 35, loss = 0.00601027
Iteration 36, loss = 0.00573252
Iteration 37, loss = 0.00545146
Iteration 38, loss = 0.00523891
Iteration 39, loss = 0.00498362
Iteration 40, loss = 0.00476920
Iteration 41, loss = 0.00460251
Iteration 42, loss = 0.00440912
Iteration 43, loss = 0.00423138
Iteration 44, loss = 0.00405394
Iteration 45, loss = 0.00391411
Iteration 46, loss = 0.00375853
Iteration 47, loss = 0.00364244
Iteration 48, loss = 0.00351055
Iteration 49, loss = 0.00337789
Iteration 50, loss = 0.00325834
Iteration 51, loss = 0.00312916
Iteration 52, loss = 0.00304023
Iteration 53, loss = 0.00292982
Iteration 54, loss = 0.00283970
Iteration 55, loss = 0.00276032
Iteration 56, loss = 0.00267379
Iteration 57, loss = 0.00258163
Iteration 58, loss = 0.00250109
Iteration 59, loss = 0.00243315
Iteration 60, loss = 0.00236944
Iteration 61, loss = 0.00229635
Iteration 62, loss = 0.00223336
Iteration 63, loss = 0.00217129
Iteration 64, loss = 0.00210726
Training loss did not improve more than tol=0.000100 for 10 consecutive epochs. Stopping.
fold=6/10 OOF_accuracy=0.933333 OOF_AUC=0.948864
Iteration 1, loss = 0.65885340
Iteration 2, loss = 0.49840818
Iteration 3, loss = 0.38211433
Iteration 4, loss = 0.29823164
Iteration 5, loss = 0.23531419
Iteration 6, loss = 0.18727882
Iteration 7, loss = 0.14913040
Iteration 8, loss = 0.11938270
Iteration 9, loss = 0.09516307
Iteration 10, loss = 0.07622401
Iteration 11, loss = 0.06144240
Iteration 12, loss = 0.04978514
Iteration 13, loss = 0.04071836
Iteration 14, loss = 0.03363154
Iteration 15, loss = 0.02820125
Iteration 16, loss = 0.02406843
Iteration 17, loss = 0.02053774
Iteration 18, loss = 0.01783821
Iteration 19, loss = 0.01576604
Iteration 20, loss = 0.01407055
Iteration 21, loss = 0.01250200
Iteration 22, loss = 0.01134419
Iteration 23, loss = 0.01039836
Iteration 24, loss = 0.00954284
Iteration 25, loss = 0.00879617
Iteration 26, loss = 0.00820416
Iteration 27, loss = 0.00760959
Iteration 28, loss = 0.00715981
Iteration 29, loss = 0.00673931
Iteration 30, loss = 0.00635876
Iteration 31, loss = 0.00603313
Iteration 32, loss = 0.00572404
Iteration 33, loss = 0.00544070
Iteration 34, loss = 0.00519161
Iteration 35, loss = 0.00494643
Iteration 36, loss = 0.00473158
Iteration 37, loss = 0.00453959
Iteration 38, loss = 0.00436918
Iteration 39, loss = 0.00417472
Iteration 40, loss = 0.00401823
Iteration 41, loss = 0.00388377
Iteration 42, loss = 0.00374310
Iteration 43, loss = 0.00361036
Iteration 44, loss = 0.00346470
Iteration 45, loss = 0.00335234
Iteration 46, loss = 0.00324782
Iteration 47, loss = 0.00315003
Iteration 48, loss = 0.00305325
Iteration 49, loss = 0.00295746
Iteration 50, loss = 0.00286491
Iteration 51, loss = 0.00278397
Iteration 52, loss = 0.00270023
Iteration 53, loss = 0.00262642
Iteration 54, loss = 0.00254947
Iteration 55, loss = 0.00248699
Iteration 56, loss = 0.00242140
Iteration 57, loss = 0.00235091
Training loss did not improve more than tol=0.000100 for 10 consecutive epochs. Stopping.
fold=7/10 OOF_accuracy=0.833333 OOF_AUC=0.937500
Iteration 1, loss = 0.71952662
Iteration 2, loss = 0.55170534
Iteration 3, loss = 0.41900316
Iteration 4, loss = 0.31910082
Iteration 5, loss = 0.24360381
Iteration 6, loss = 0.18684614
Iteration 7, loss = 0.14425539
Iteration 8, loss = 0.11210470
Iteration 9, loss = 0.08791257
Iteration 10, loss = 0.06952525
Iteration 11, loss = 0.05550229
Iteration 12, loss = 0.04488270
Iteration 13, loss = 0.03659714
Iteration 14, loss = 0.03050979
Iteration 15, loss = 0.02524483
Iteration 16, loss = 0.02136974
Iteration 17, loss = 0.01814855
Iteration 18, loss = 0.01567356
Iteration 19, loss = 0.01351978
Iteration 20, loss = 0.01163569
Iteration 21, loss = 0.01024856
Iteration 22, loss = 0.00914940
Iteration 23, loss = 0.00814301
Iteration 24, loss = 0.00734018
Iteration 25, loss = 0.00665241
Iteration 26, loss = 0.00607346
Iteration 27, loss = 0.00555335
Iteration 28, loss = 0.00516068
Iteration 29, loss = 0.00478465
Iteration 30, loss = 0.00447542
Iteration 31, loss = 0.00418095
Iteration 32, loss = 0.00392475
Iteration 33, loss = 0.00370539
Iteration 34, loss = 0.00349054
Iteration 35, loss = 0.00330572
Iteration 36, loss = 0.00314747
Iteration 37, loss = 0.00298204
Iteration 38, loss = 0.00284617
Iteration 39, loss = 0.00271302
Iteration 40, loss = 0.00259172
Iteration 41, loss = 0.00248828
Iteration 42, loss = 0.00238225
Iteration 43, loss = 0.00229612
Iteration 44, loss = 0.00221084
Iteration 45, loss = 0.00212862
Iteration 46, loss = 0.00204977
Iteration 47, loss = 0.00198382
Iteration 48, loss = 0.00191714
Iteration 49, loss = 0.00185483
Iteration 50, loss = 0.00179985
Iteration 51, loss = 0.00174113
Iteration 52, loss = 0.00169162
Iteration 53, loss = 0.00164483
Training loss did not improve more than tol=0.000100 for 10 consecutive epochs. Stopping.
fold=8/10 OOF_accuracy=0.766667 OOF_AUC=0.710227
Iteration 1, loss = 0.68461138
Iteration 2, loss = 0.53500033
Iteration 3, loss = 0.42014816
Iteration 4, loss = 0.33218667
Iteration 5, loss = 0.26254460
Iteration 6, loss = 0.20547132
Iteration 7, loss = 0.16298196
Iteration 8, loss = 0.12889860
Iteration 9, loss = 0.10319238
Iteration 10, loss = 0.08246179
Iteration 11, loss = 0.06700479
Iteration 12, loss = 0.05463432
Iteration 13, loss = 0.04539279
Iteration 14, loss = 0.03769067
Iteration 15, loss = 0.03152864
Iteration 16, loss = 0.02680351
Iteration 17, loss = 0.02275395
Iteration 18, loss = 0.01974103
Iteration 19, loss = 0.01710789
Iteration 20, loss = 0.01490987
Iteration 21, loss = 0.01313476
Iteration 22, loss = 0.01183478
Iteration 23, loss = 0.01060596
Iteration 24, loss = 0.00969758
Iteration 25, loss = 0.00875149
Iteration 26, loss = 0.00809020
Iteration 27, loss = 0.00747230
Iteration 28, loss = 0.00699056
Iteration 29, loss = 0.00646829
Iteration 30, loss = 0.00606480
Iteration 31, loss = 0.00570854
Iteration 32, loss = 0.00537056
Iteration 33, loss = 0.00508894
Iteration 34, loss = 0.00483046
Iteration 35, loss = 0.00459841
Iteration 36, loss = 0.00438310
Iteration 37, loss = 0.00417735
Iteration 38, loss = 0.00402287
Iteration 39, loss = 0.00386187
Iteration 40, loss = 0.00371095
Iteration 41, loss = 0.00356970
Iteration 42, loss = 0.00344021
Iteration 43, loss = 0.00331734
Iteration 44, loss = 0.00319282
Iteration 45, loss = 0.00310050
Iteration 46, loss = 0.00300569
Iteration 47, loss = 0.00290473
Iteration 48, loss = 0.00282583
Iteration 49, loss = 0.00273596
Iteration 50, loss = 0.00266171
Iteration 51, loss = 0.00259996
Iteration 52, loss = 0.00253488
Iteration 53, loss = 0.00247033
Iteration 54, loss = 0.00241051
Iteration 55, loss = 0.00234671
Iteration 56, loss = 0.00229031
Iteration 57, loss = 0.00223628
Iteration 58, loss = 0.00218167
Training loss did not improve more than tol=0.000100 for 10 consecutive epochs. Stopping.
fold=9/10 OOF_accuracy=0.800000 OOF_AUC=0.880682
Iteration 1, loss = 0.64234865
Iteration 2, loss = 0.48264964
Iteration 3, loss = 0.36631172
Iteration 4, loss = 0.27764001
Iteration 5, loss = 0.21092579
Iteration 6, loss = 0.16092011
Iteration 7, loss = 0.12252748
Iteration 8, loss = 0.09441557
Iteration 9, loss = 0.07320168
Iteration 10, loss = 0.05758798
Iteration 11, loss = 0.04616354
Iteration 12, loss = 0.03727255
Iteration 13, loss = 0.03086019
Iteration 14, loss = 0.02563317
Iteration 15, loss = 0.02178442
Iteration 16, loss = 0.01870163
Iteration 17, loss = 0.01599937
Iteration 18, loss = 0.01383030
Iteration 19, loss = 0.01227577
Iteration 20, loss = 0.01090328
Iteration 21, loss = 0.00959697
Iteration 22, loss = 0.00870157
Iteration 23, loss = 0.00786383
Iteration 24, loss = 0.00714951
Iteration 25, loss = 0.00653518
Iteration 26, loss = 0.00595619
Iteration 27, loss = 0.00552567
Iteration 28, loss = 0.00512443
Iteration 29, loss = 0.00480713
Iteration 30, loss = 0.00449582
Iteration 31, loss = 0.00424617
Iteration 32, loss = 0.00400225
Iteration 33, loss = 0.00376919
Iteration 34, loss = 0.00359738
Iteration 35, loss = 0.00342122
Iteration 36, loss = 0.00325701
Iteration 37, loss = 0.00311871
Iteration 38, loss = 0.00298758
Iteration 39, loss = 0.00287082
Iteration 40, loss = 0.00277158
Iteration 41, loss = 0.00265990
Iteration 42, loss = 0.00256764
Iteration 43, loss = 0.00248279
Iteration 44, loss = 0.00238884
Iteration 45, loss = 0.00231219
Iteration 46, loss = 0.00224115
Iteration 47, loss = 0.00216541
Iteration 48, loss = 0.00209365
Iteration 49, loss = 0.00202113
Iteration 50, loss = 0.00195604
Iteration 51, loss = 0.00188904
Iteration 52, loss = 0.00182687
Training loss did not improve more than tol=0.000100 for 10 consecutive epochs. Stopping.
fold=10/10 OOF_accuracy=0.800000 OOF_AUC=0.756614
Iteration 1, loss = 0.70045981
Iteration 2, loss = 0.49213608
Iteration 3, loss = 0.35437894
Iteration 4, loss = 0.26035498
Iteration 5, loss = 0.19354766
Iteration 6, loss = 0.14622172
Iteration 7, loss = 0.11140339
Iteration 8, loss = 0.08559059
Iteration 9, loss = 0.06606099
Iteration 10, loss = 0.05219163
Iteration 11, loss = 0.04216409
Iteration 12, loss = 0.03495603
Iteration 13, loss = 0.02941169
Iteration 14, loss = 0.02515321
Iteration 15, loss = 0.02189224
Iteration 16, loss = 0.01957948
Iteration 17, loss = 0.01743698
Iteration 18, loss = 0.01607606
Iteration 19, loss = 0.01473650
Iteration 20, loss = 0.01352697
Iteration 21, loss = 0.01279729
Iteration 22, loss = 0.01180633
Iteration 23, loss = 0.01112043
Iteration 24, loss = 0.01045382
Iteration 25, loss = 0.00991448
Iteration 26, loss = 0.00949230
Iteration 27, loss = 0.00906930
Iteration 28, loss = 0.00868658
Iteration 29, loss = 0.00833101
Iteration 30, loss = 0.00804615
Iteration 31, loss = 0.00781111
Iteration 32, loss = 0.00753998
Iteration 33, loss = 0.00731604
Iteration 34, loss = 0.00706495
Iteration 35, loss = 0.00682067
Iteration 36, loss = 0.00666032
Iteration 37, loss = 0.00639851
Iteration 38, loss = 0.00620858
Iteration 39, loss = 0.00599528
Iteration 40, loss = 0.00585012
Iteration 41, loss = 0.00575387
Iteration 42, loss = 0.00564420
Iteration 43, loss = 0.00551684
Iteration 44, loss = 0.00532185
Iteration 45, loss = 0.00519937
Iteration 46, loss = 0.00504076
Iteration 47, loss = 0.00509110
Iteration 48, loss = 0.00483839
Iteration 49, loss = 0.00471041
Iteration 50, loss = 0.00483740
Iteration 51, loss = 0.00484159
Iteration 52, loss = 0.00468872
Iteration 53, loss = 0.00451784
Iteration 54, loss = 0.00424809
Iteration 55, loss = 0.00410291
Iteration 56, loss = 0.00400411
Iteration 57, loss = 0.00388156
Iteration 58, loss = 0.00392975
Iteration 59, loss = 0.00397009
Iteration 60, loss = 0.00405664
Iteration 61, loss = 0.00401823
Iteration 62, loss = 0.00389440
Iteration 63, loss = 0.00374210
Iteration 64, loss = 0.00352899
Iteration 65, loss = 0.00344356
Iteration 66, loss = 0.00342508
Iteration 67, loss = 0.00331057
Iteration 68, loss = 0.00324514
Iteration 69, loss = 0.00323084
Iteration 70, loss = 0.00329045
Iteration 71, loss = 0.00324257
Iteration 72, loss = 0.00316973
Iteration 73, loss = 0.00306343
Iteration 74, loss = 0.00304124
Iteration 75, loss = 0.00295076
Iteration 76, loss = 0.00290394
Iteration 77, loss = 0.00287797
Iteration 78, loss = 0.00281772
Iteration 79, loss = 0.00286629
Iteration 80, loss = 0.00268656
Iteration 81, loss = 0.00282035
Iteration 82, loss = 0.00284113
Iteration 83, loss = 0.00276359
Iteration 84, loss = 0.00264330
Iteration 85, loss = 0.00270907
Iteration 86, loss = 0.00249273
Iteration 87, loss = 0.00245849
Iteration 88, loss = 0.00242913
Iteration 89, loss = 0.00242226
Iteration 90, loss = 0.00235603
Iteration 91, loss = 0.00234483
Iteration 92, loss = 0.00234872
Iteration 93, loss = 0.00233020
Iteration 94, loss = 0.00221718
Iteration 95, loss = 0.00220357
Iteration 96, loss = 0.00218261
Iteration 97, loss = 0.00212049
Iteration 98, loss = 0.00208904
Iteration 99, loss = 0.00207761
Iteration 100, loss = 0.00203504
Iteration 101, loss = 0.00201394
Iteration 102, loss = 0.00199446
Iteration 103, loss = 0.00196952
Iteration 104, loss = 0.00195901
Iteration 105, loss = 0.00190554
Training loss did not improve more than tol=0.000100 for 10 consecutive epochs. Stopping.
{"cv_oof": {"accuracy": 0.8466666666666667, "balanced_accuracy": 0.797733806866227, "sensitivity": 0.691358024691358, "specificity": 0.9041095890410958, "f1_macro": 0.8023941806518129, "roc_auc": 0.8641411579006709, "confusion_matrix": [[198, 21], [25, 56]], "classification_report": {"0": {"precision": 0.8878923766816144, "recall": 0.9041095890410958, "f1-score": 0.8959276018099548, "support": 219.0}, "1": {"precision": 0.7272727272727273, "recall": 0.691358024691358, "f1-score": 0.7088607594936709, "support": 81.0}, "accuracy": 0.8466666666666667, "macro avg": {"precision": 0.8075825519771709, "recall": 0.797733806866227, "f1-score": 0.8023941806518129, "support": 300.0}, "weighted avg": {"precision": 0.8445250713412148, "recall": 0.8466666666666667, "f1-score": 0.8454195543845582, "support": 300.0}}}, "test": {"accuracy": 0.8441558441558441, "balanced_accuracy": 0.7738095238095238, "sensitivity": 0.6190476190476191, "specificity": 0.9285714285714286, "f1_macro": 0.7903811252268602, "roc_auc": 0.8333333333333334, "confusion_matrix": [[52, 4], [8, 13]], "classification_report": {"0": {"precision": 0.8666666666666667, "recall": 0.9285714285714286, "f1-score": 0.896551724137931, "support": 56.0}, "1": {"precision": 0.7647058823529411, "recall": 0.6190476190476191, "f1-score": 0.6842105263157895, "support": 21.0}, "accuracy": 0.8441558441558441, "macro avg": {"precision": 0.8156862745098039, "recall": 0.7738095238095238, "f1-score": 0.7903811252268602, "support": 77.0}, "weighted avg": {"precision": 0.8388591800356506, "recall": 0.8441558441558441, "f1-score": 0.8386404883682561, "support": 77.0}}}, "folds": 10, "original_train_rows": 300, "train_rows": 438, "test_rows": 77, "elapsed_seconds": 1.9679999999934807}
