Command: ["C:\\Users\\IHCK\\AppData\\Local\\Programs\\Python\\Python312\\python.exe", "-u", "C:\\Users\\IHCK\\Desktop\\1_10_69Final\\Hippocampal-Shape-Analysis-for-Epilepsy-Detection\\Model\\train_dataset_model.py", "--dataset", "coef_raw_balanced_jitter", "--side", "left", "--model", "ResNetAE", "--kind", "coef", "--train-csv", "C:\\Users\\IHCK\\Desktop\\1_10_69Final\\Hippocampal-Shape-Analysis-for-Epilepsy-Detection\\Output_Dataset\\coef_raw_balanced_jitter\\left\\train_prepared.csv", "--test-csv", "C:\\Users\\IHCK\\Desktop\\1_10_69Final\\Hippocampal-Shape-Analysis-for-Epilepsy-Detection\\Output_Dataset\\coef_raw_balanced_jitter\\left\\test_prepared.csv", "--output-dir", "C:\\Users\\IHCK\\Desktop\\1_10_69Final\\Hippocampal-Shape-Analysis-for-Epilepsy-Detection\\Model_Results\\dataset_runs_20261003_10fold\\coef_raw_balanced_jitter\\left\\ResNetAE", "--epochs", "80", "--folds", "10", "--pls-components", "8", "--seed", "42", "--threads", "2"]
10-fold CV: dataset=coef_raw_balanced_jitter side=left model=ResNetAE; original_train=300 test=73
Device=cuda; epochs=80; batch=32; model=ResNetAutoencoder1D
epoch=1/80 loss=6.329455 seconds=0.47
epoch=2/80 loss=3.240511 seconds=0.09
epoch=3/80 loss=1.513212 seconds=0.05
epoch=4/80 loss=1.056931 seconds=0.09
epoch=5/80 loss=0.840179 seconds=0.06
epoch=6/80 loss=0.676035 seconds=0.08
epoch=7/80 loss=0.611199 seconds=0.06
epoch=8/80 loss=0.599008 seconds=0.08
epoch=9/80 loss=0.458749 seconds=0.06
epoch=10/80 loss=0.381966 seconds=0.06
epoch=11/80 loss=0.404922 seconds=0.06
epoch=12/80 loss=0.367384 seconds=0.09
epoch=13/80 loss=0.323641 seconds=0.06
epoch=14/80 loss=0.339870 seconds=0.06
epoch=15/80 loss=0.353621 seconds=0.06
epoch=16/80 loss=0.331719 seconds=0.06
epoch=17/80 loss=0.373355 seconds=0.06
epoch=18/80 loss=0.272664 seconds=0.05
epoch=19/80 loss=0.246897 seconds=0.06
epoch=20/80 loss=0.254031 seconds=0.05
epoch=21/80 loss=0.275572 seconds=0.06
epoch=22/80 loss=0.214290 seconds=0.06
epoch=23/80 loss=0.241206 seconds=0.08
epoch=24/80 loss=0.295049 seconds=0.06
epoch=25/80 loss=0.338583 seconds=0.06
epoch=26/80 loss=0.252304 seconds=0.06
epoch=27/80 loss=0.235347 seconds=0.06
epoch=28/80 loss=0.243039 seconds=0.06
epoch=29/80 loss=0.268158 seconds=0.06
epoch=30/80 loss=0.252043 seconds=0.06
epoch=31/80 loss=0.178770 seconds=0.06
epoch=32/80 loss=0.188958 seconds=0.06
epoch=33/80 loss=0.182371 seconds=0.05
epoch=34/80 loss=0.202147 seconds=0.06
epoch=35/80 loss=0.190037 seconds=0.06
epoch=36/80 loss=0.175110 seconds=0.06
epoch=37/80 loss=0.158841 seconds=0.06
epoch=38/80 loss=0.172564 seconds=0.06
epoch=39/80 loss=0.153993 seconds=0.06
epoch=40/80 loss=0.158735 seconds=0.06
epoch=41/80 loss=0.128934 seconds=0.08
epoch=42/80 loss=0.139301 seconds=0.05
epoch=43/80 loss=0.154822 seconds=0.05
epoch=44/80 loss=0.175595 seconds=0.06
epoch=45/80 loss=0.173240 seconds=0.05
epoch=46/80 loss=0.184347 seconds=0.05
epoch=47/80 loss=0.152027 seconds=0.06
epoch=48/80 loss=0.128896 seconds=0.05
epoch=49/80 loss=0.157264 seconds=0.06
epoch=50/80 loss=0.131020 seconds=0.05
epoch=51/80 loss=0.123469 seconds=0.06
epoch=52/80 loss=0.131717 seconds=0.05
epoch=53/80 loss=0.150333 seconds=0.05
epoch=54/80 loss=0.183043 seconds=0.05
epoch=55/80 loss=0.175161 seconds=0.06
epoch=56/80 loss=0.185088 seconds=0.05
epoch=57/80 loss=0.140264 seconds=0.05
epoch=58/80 loss=0.149314 seconds=0.06
epoch=59/80 loss=0.191276 seconds=0.06
epoch=60/80 loss=0.167802 seconds=0.05
epoch=61/80 loss=0.104450 seconds=0.06
epoch=62/80 loss=0.141858 seconds=0.05
epoch=63/80 loss=0.135050 seconds=0.06
epoch=64/80 loss=0.116733 seconds=0.05
epoch=65/80 loss=0.115036 seconds=0.06
epoch=66/80 loss=0.120161 seconds=0.05
epoch=67/80 loss=0.101266 seconds=0.05
epoch=68/80 loss=0.149132 seconds=0.05
epoch=69/80 loss=0.114770 seconds=0.05
epoch=70/80 loss=0.121676 seconds=0.06
epoch=71/80 loss=0.123403 seconds=0.05
epoch=72/80 loss=0.130152 seconds=0.05
epoch=73/80 loss=0.091609 seconds=0.05
epoch=74/80 loss=0.104031 seconds=0.06
epoch=75/80 loss=0.112736 seconds=0.05
epoch=76/80 loss=0.101143 seconds=0.06
epoch=77/80 loss=0.102963 seconds=0.06
epoch=78/80 loss=0.109430 seconds=0.06
epoch=79/80 loss=0.126570 seconds=0.05
epoch=80/80 loss=0.107682 seconds=0.06
fold=1/10 OOF_accuracy=0.700000 OOF_AUC=0.770000
Device=cuda; epochs=80; batch=32; model=ResNetAutoencoder1D
epoch=1/80 loss=5.963359 seconds=0.06
epoch=2/80 loss=3.380646 seconds=0.05
epoch=3/80 loss=1.971294 seconds=0.06
epoch=4/80 loss=1.268041 seconds=0.05
epoch=5/80 loss=1.007095 seconds=0.05
epoch=6/80 loss=0.878404 seconds=0.06
epoch=7/80 loss=0.690607 seconds=0.05
epoch=8/80 loss=0.676993 seconds=0.06
epoch=9/80 loss=0.600363 seconds=0.06
epoch=10/80 loss=0.532579 seconds=0.05
epoch=11/80 loss=0.574761 seconds=0.05
epoch=12/80 loss=0.407640 seconds=0.06
epoch=13/80 loss=0.318428 seconds=0.05
epoch=14/80 loss=0.387421 seconds=0.06
epoch=15/80 loss=0.346529 seconds=0.06
epoch=16/80 loss=0.311467 seconds=0.06
epoch=17/80 loss=0.339061 seconds=0.05
epoch=18/80 loss=0.333401 seconds=0.06
epoch=19/80 loss=0.333811 seconds=0.05
epoch=20/80 loss=0.257859 seconds=0.06
epoch=21/80 loss=0.276883 seconds=0.05
epoch=22/80 loss=0.325086 seconds=0.05
epoch=23/80 loss=0.259321 seconds=0.06
epoch=24/80 loss=0.243780 seconds=0.05
epoch=25/80 loss=0.259834 seconds=0.05
epoch=26/80 loss=0.264205 seconds=0.06
epoch=27/80 loss=0.233142 seconds=0.05
epoch=28/80 loss=0.253473 seconds=0.06
epoch=29/80 loss=0.265542 seconds=0.05
epoch=30/80 loss=0.323593 seconds=0.05
epoch=31/80 loss=0.268959 seconds=0.05
epoch=32/80 loss=0.260029 seconds=0.06
epoch=33/80 loss=0.249950 seconds=0.06
epoch=34/80 loss=0.255388 seconds=0.05
epoch=35/80 loss=0.223144 seconds=0.06
epoch=36/80 loss=0.194294 seconds=0.06
epoch=37/80 loss=0.180954 seconds=0.05
epoch=38/80 loss=0.190204 seconds=0.05
epoch=39/80 loss=0.180522 seconds=0.05
epoch=40/80 loss=0.173555 seconds=0.06
epoch=41/80 loss=0.193547 seconds=0.05
epoch=42/80 loss=0.180701 seconds=0.06
epoch=43/80 loss=0.191041 seconds=0.06
epoch=44/80 loss=0.214103 seconds=0.06
epoch=45/80 loss=0.183950 seconds=0.06
epoch=46/80 loss=0.174588 seconds=0.05
epoch=47/80 loss=0.170093 seconds=0.05
epoch=48/80 loss=0.190028 seconds=0.06
epoch=49/80 loss=0.172990 seconds=0.05
epoch=50/80 loss=0.158339 seconds=0.05
epoch=51/80 loss=0.129165 seconds=0.06
epoch=52/80 loss=0.148364 seconds=0.06
epoch=53/80 loss=0.129588 seconds=0.05
epoch=54/80 loss=0.150806 seconds=0.05
epoch=55/80 loss=0.131688 seconds=0.06
epoch=56/80 loss=0.149086 seconds=0.05
epoch=57/80 loss=0.131412 seconds=0.05
epoch=58/80 loss=0.124448 seconds=0.06
epoch=59/80 loss=0.143361 seconds=0.05
epoch=60/80 loss=0.153557 seconds=0.06
epoch=61/80 loss=0.155040 seconds=0.05
epoch=62/80 loss=0.137957 seconds=0.06
epoch=63/80 loss=0.152899 seconds=0.06
epoch=64/80 loss=0.141862 seconds=0.06
epoch=65/80 loss=0.131162 seconds=0.05
epoch=66/80 loss=0.127391 seconds=0.06
epoch=67/80 loss=0.122323 seconds=0.05
epoch=68/80 loss=0.143131 seconds=0.06
epoch=69/80 loss=0.122021 seconds=0.05
epoch=70/80 loss=0.141879 seconds=0.06
epoch=71/80 loss=0.114884 seconds=0.06
epoch=72/80 loss=0.144316 seconds=0.05
epoch=73/80 loss=0.115710 seconds=0.06
epoch=74/80 loss=0.110639 seconds=0.05
epoch=75/80 loss=0.114242 seconds=0.06
epoch=76/80 loss=0.131092 seconds=0.06
epoch=77/80 loss=0.108281 seconds=0.05
epoch=78/80 loss=0.116479 seconds=0.06
epoch=79/80 loss=0.153701 seconds=0.05
epoch=80/80 loss=0.145658 seconds=0.06
fold=2/10 OOF_accuracy=0.733333 OOF_AUC=0.630000
Device=cuda; epochs=80; batch=32; model=ResNetAutoencoder1D
epoch=1/80 loss=5.853408 seconds=0.08
epoch=2/80 loss=2.883113 seconds=0.06
epoch=3/80 loss=1.822451 seconds=0.05
epoch=4/80 loss=1.322588 seconds=0.06
epoch=5/80 loss=0.904709 seconds=0.05
epoch=6/80 loss=0.772909 seconds=0.06
epoch=7/80 loss=0.636400 seconds=0.05
epoch=8/80 loss=0.757549 seconds=0.05
epoch=9/80 loss=0.530001 seconds=0.06
epoch=10/80 loss=0.424350 seconds=0.06
epoch=11/80 loss=0.401280 seconds=0.05
epoch=12/80 loss=0.422084 seconds=0.06
epoch=13/80 loss=0.384332 seconds=0.05
epoch=14/80 loss=0.396786 seconds=0.06
epoch=15/80 loss=0.360717 seconds=0.06
epoch=16/80 loss=0.345127 seconds=0.05
epoch=17/80 loss=0.321058 seconds=0.06
epoch=18/80 loss=0.318491 seconds=0.06
epoch=19/80 loss=0.297676 seconds=0.05
epoch=20/80 loss=0.260276 seconds=0.05
epoch=21/80 loss=0.266717 seconds=0.06
epoch=22/80 loss=0.292778 seconds=0.05
epoch=23/80 loss=0.294945 seconds=0.06
epoch=24/80 loss=0.282401 seconds=0.05
epoch=25/80 loss=0.285474 seconds=0.06
epoch=26/80 loss=0.243958 seconds=0.05
epoch=27/80 loss=0.228976 seconds=0.06
epoch=28/80 loss=0.222474 seconds=0.05
epoch=29/80 loss=0.257022 seconds=0.06
epoch=30/80 loss=0.205206 seconds=0.05
epoch=31/80 loss=0.241470 seconds=0.06
epoch=32/80 loss=0.262788 seconds=0.05
epoch=33/80 loss=0.229178 seconds=0.06
epoch=34/80 loss=0.204840 seconds=0.06
epoch=35/80 loss=0.238933 seconds=0.05
epoch=36/80 loss=0.221327 seconds=0.05
epoch=37/80 loss=0.182304 seconds=0.06
epoch=38/80 loss=0.180235 seconds=0.05
epoch=39/80 loss=0.172033 seconds=0.06
epoch=40/80 loss=0.182320 seconds=0.06
epoch=41/80 loss=0.173286 seconds=0.06
epoch=42/80 loss=0.169391 seconds=0.05
epoch=43/80 loss=0.183998 seconds=0.06
epoch=44/80 loss=0.176375 seconds=0.06
epoch=45/80 loss=0.176131 seconds=0.05
epoch=46/80 loss=0.155700 seconds=0.06
epoch=47/80 loss=0.148709 seconds=0.06
epoch=48/80 loss=0.142833 seconds=0.05
epoch=49/80 loss=0.166256 seconds=0.06
epoch=50/80 loss=0.143413 seconds=0.06
epoch=51/80 loss=0.154324 seconds=0.05
epoch=52/80 loss=0.169704 seconds=0.06
epoch=53/80 loss=0.146638 seconds=0.05
epoch=54/80 loss=0.165288 seconds=0.06
epoch=55/80 loss=0.151636 seconds=0.06
epoch=56/80 loss=0.174575 seconds=0.05
epoch=57/80 loss=0.162429 seconds=0.06
epoch=58/80 loss=0.150283 seconds=0.06
epoch=59/80 loss=0.159181 seconds=0.05
epoch=60/80 loss=0.164526 seconds=0.06
epoch=61/80 loss=0.133146 seconds=0.06
epoch=62/80 loss=0.158387 seconds=0.06
epoch=63/80 loss=0.148269 seconds=0.05
epoch=64/80 loss=0.136666 seconds=0.06
epoch=65/80 loss=0.149870 seconds=0.05
epoch=66/80 loss=0.128096 seconds=0.05
epoch=67/80 loss=0.143021 seconds=0.06
epoch=68/80 loss=0.128103 seconds=0.05
epoch=69/80 loss=0.109731 seconds=0.06
epoch=70/80 loss=0.103220 seconds=0.05
epoch=71/80 loss=0.130485 seconds=0.06
epoch=72/80 loss=0.134720 seconds=0.06
epoch=73/80 loss=0.112247 seconds=0.05
epoch=74/80 loss=0.143395 seconds=0.05
epoch=75/80 loss=0.116773 seconds=0.05
epoch=76/80 loss=0.134613 seconds=0.06
epoch=77/80 loss=0.105938 seconds=0.06
epoch=78/80 loss=0.112113 seconds=0.05
epoch=79/80 loss=0.097854 seconds=0.05
epoch=80/80 loss=0.117118 seconds=0.06
fold=3/10 OOF_accuracy=0.766667 OOF_AUC=0.765550
Device=cuda; epochs=80; batch=32; model=ResNetAutoencoder1D
epoch=1/80 loss=5.536671 seconds=0.05
epoch=2/80 loss=2.488566 seconds=0.06
epoch=3/80 loss=1.432122 seconds=0.05
epoch=4/80 loss=1.075256 seconds=0.06
epoch=5/80 loss=0.703090 seconds=0.05
epoch=6/80 loss=0.715619 seconds=0.06
epoch=7/80 loss=0.552767 seconds=0.06
epoch=8/80 loss=0.523304 seconds=0.05
epoch=9/80 loss=0.497970 seconds=0.06
epoch=10/80 loss=0.489714 seconds=0.05
epoch=11/80 loss=0.403391 seconds=0.06
epoch=12/80 loss=0.433559 seconds=0.05
epoch=13/80 loss=0.426768 seconds=0.06
epoch=14/80 loss=0.310669 seconds=0.06
epoch=15/80 loss=0.315778 seconds=0.05
epoch=16/80 loss=0.262884 seconds=0.06
epoch=17/80 loss=0.294237 seconds=0.05
epoch=18/80 loss=0.287394 seconds=0.06
epoch=19/80 loss=0.284523 seconds=0.05
epoch=20/80 loss=0.241349 seconds=0.06
epoch=21/80 loss=0.258154 seconds=0.05
epoch=22/80 loss=0.269462 seconds=0.05
epoch=23/80 loss=0.244848 seconds=0.06
epoch=24/80 loss=0.274345 seconds=0.06
epoch=25/80 loss=0.245062 seconds=0.05
epoch=26/80 loss=0.236690 seconds=0.05
epoch=27/80 loss=0.194938 seconds=0.06
epoch=28/80 loss=0.242610 seconds=0.06
epoch=29/80 loss=0.266510 seconds=0.06
epoch=30/80 loss=0.229699 seconds=0.06
epoch=31/80 loss=0.215540 seconds=0.05
epoch=32/80 loss=0.234644 seconds=0.05
epoch=33/80 loss=0.177215 seconds=0.05
epoch=34/80 loss=0.230854 seconds=0.06
epoch=35/80 loss=0.209795 seconds=0.06
epoch=36/80 loss=0.179961 seconds=0.06
epoch=37/80 loss=0.179636 seconds=0.05
epoch=38/80 loss=0.217467 seconds=0.06
epoch=39/80 loss=0.170284 seconds=0.06
epoch=40/80 loss=0.169202 seconds=0.05
epoch=41/80 loss=0.190043 seconds=0.06
epoch=42/80 loss=0.173706 seconds=0.05
epoch=43/80 loss=0.163135 seconds=0.06
epoch=44/80 loss=0.207591 seconds=0.05
epoch=45/80 loss=0.202717 seconds=0.06
epoch=46/80 loss=0.173644 seconds=0.06
epoch=47/80 loss=0.149472 seconds=0.06
epoch=48/80 loss=0.142030 seconds=0.06
epoch=49/80 loss=0.170851 seconds=0.05
epoch=50/80 loss=0.152890 seconds=0.06
epoch=51/80 loss=0.145394 seconds=0.06
epoch=52/80 loss=0.168545 seconds=0.05
epoch=53/80 loss=0.137235 seconds=0.06
epoch=54/80 loss=0.154067 seconds=0.06
epoch=55/80 loss=0.123945 seconds=0.06
epoch=56/80 loss=0.156031 seconds=0.05
epoch=57/80 loss=0.154348 seconds=0.05
epoch=58/80 loss=0.131949 seconds=0.06
epoch=59/80 loss=0.149601 seconds=0.05
epoch=60/80 loss=0.142420 seconds=0.06
epoch=61/80 loss=0.135189 seconds=0.05
epoch=62/80 loss=0.149866 seconds=0.06
epoch=63/80 loss=0.115384 seconds=0.06
epoch=64/80 loss=0.139547 seconds=0.05
epoch=65/80 loss=0.138689 seconds=0.05
epoch=66/80 loss=0.132998 seconds=0.06
epoch=67/80 loss=0.134710 seconds=0.06
epoch=68/80 loss=0.112890 seconds=0.06
epoch=69/80 loss=0.135243 seconds=0.05
epoch=70/80 loss=0.123509 seconds=0.06
epoch=71/80 loss=0.122262 seconds=0.05
epoch=72/80 loss=0.114803 seconds=0.05
epoch=73/80 loss=0.123619 seconds=0.05
epoch=74/80 loss=0.121272 seconds=0.06
epoch=75/80 loss=0.117177 seconds=0.05
epoch=76/80 loss=0.109542 seconds=0.05
epoch=77/80 loss=0.116006 seconds=0.06
epoch=78/80 loss=0.115740 seconds=0.06
epoch=79/80 loss=0.091115 seconds=0.05
epoch=80/80 loss=0.095953 seconds=0.05
fold=4/10 OOF_accuracy=0.733333 OOF_AUC=0.722488
Device=cuda; epochs=80; batch=32; model=ResNetAutoencoder1D
epoch=1/80 loss=5.476754 seconds=0.05
epoch=2/80 loss=2.849599 seconds=0.05
epoch=3/80 loss=1.615512 seconds=0.06
epoch=4/80 loss=1.150437 seconds=0.05
epoch=5/80 loss=0.837387 seconds=0.05
epoch=6/80 loss=0.846924 seconds=0.05
epoch=7/80 loss=0.728137 seconds=0.06
epoch=8/80 loss=0.599360 seconds=0.05
epoch=9/80 loss=0.503384 seconds=0.06
epoch=10/80 loss=0.427197 seconds=0.06
epoch=11/80 loss=0.335989 seconds=0.05
epoch=12/80 loss=0.439208 seconds=0.05
epoch=13/80 loss=0.351105 seconds=0.06
epoch=14/80 loss=0.295636 seconds=0.05
epoch=15/80 loss=0.351853 seconds=0.05
epoch=16/80 loss=0.313423 seconds=0.05
epoch=17/80 loss=0.299577 seconds=0.06
epoch=18/80 loss=0.250913 seconds=0.06
epoch=19/80 loss=0.293075 seconds=0.05
epoch=20/80 loss=0.286688 seconds=0.06
epoch=21/80 loss=0.306755 seconds=0.05
epoch=22/80 loss=0.263958 seconds=0.06
epoch=23/80 loss=0.242546 seconds=0.05
epoch=24/80 loss=0.272491 seconds=0.06
epoch=25/80 loss=0.215517 seconds=0.06
epoch=26/80 loss=0.223580 seconds=0.05
epoch=27/80 loss=0.198968 seconds=0.06
epoch=28/80 loss=0.237126 seconds=0.05
epoch=29/80 loss=0.258017 seconds=0.06
epoch=30/80 loss=0.301780 seconds=0.05
epoch=31/80 loss=0.230189 seconds=0.06
epoch=32/80 loss=0.251007 seconds=0.05
epoch=33/80 loss=0.223917 seconds=0.06
epoch=34/80 loss=0.213020 seconds=0.06
epoch=35/80 loss=0.200014 seconds=0.05
epoch=36/80 loss=0.183610 seconds=0.06
epoch=37/80 loss=0.170710 seconds=0.06
epoch=38/80 loss=0.179343 seconds=0.06
epoch=39/80 loss=0.184441 seconds=0.06
epoch=40/80 loss=0.172911 seconds=0.06
epoch=41/80 loss=0.171069 seconds=0.05
epoch=42/80 loss=0.168916 seconds=0.05
epoch=43/80 loss=0.152076 seconds=0.05
epoch=44/80 loss=0.149018 seconds=0.06
epoch=45/80 loss=0.186531 seconds=0.06
epoch=46/80 loss=0.148571 seconds=0.05
epoch=47/80 loss=0.130885 seconds=0.06
epoch=48/80 loss=0.130102 seconds=0.06
epoch=49/80 loss=0.186022 seconds=0.05
epoch=50/80 loss=0.201137 seconds=0.05
epoch=51/80 loss=0.184506 seconds=0.06
epoch=52/80 loss=0.152620 seconds=0.05
epoch=53/80 loss=0.143126 seconds=0.06
epoch=54/80 loss=0.176335 seconds=0.06
epoch=55/80 loss=0.148721 seconds=0.05
epoch=56/80 loss=0.171742 seconds=0.06
epoch=57/80 loss=0.163292 seconds=0.06
epoch=58/80 loss=0.161422 seconds=0.05
epoch=59/80 loss=0.163348 seconds=0.06
epoch=60/80 loss=0.154203 seconds=0.06
epoch=61/80 loss=0.162677 seconds=0.05
epoch=62/80 loss=0.163444 seconds=0.06
epoch=63/80 loss=0.137703 seconds=0.05
epoch=64/80 loss=0.146888 seconds=0.06
epoch=65/80 loss=0.126273 seconds=0.06
epoch=66/80 loss=0.130041 seconds=0.05
epoch=67/80 loss=0.112478 seconds=0.06
epoch=68/80 loss=0.115935 seconds=0.05
epoch=69/80 loss=0.102624 seconds=0.06
epoch=70/80 loss=0.100051 seconds=0.05
epoch=71/80 loss=0.100533 seconds=0.06
epoch=72/80 loss=0.106246 seconds=0.05
epoch=73/80 loss=0.118356 seconds=0.06
epoch=74/80 loss=0.123408 seconds=0.05
epoch=75/80 loss=0.103110 seconds=0.05
epoch=76/80 loss=0.110896 seconds=0.06
epoch=77/80 loss=0.119947 seconds=0.05
epoch=78/80 loss=0.111118 seconds=0.06
epoch=79/80 loss=0.094143 seconds=0.05
epoch=80/80 loss=0.090809 seconds=0.06
fold=5/10 OOF_accuracy=0.600000 OOF_AUC=0.712919
Device=cuda; epochs=80; batch=32; model=ResNetAutoencoder1D
epoch=1/80 loss=5.741694 seconds=0.06
epoch=2/80 loss=2.883620 seconds=0.05
epoch=3/80 loss=2.054264 seconds=0.06
epoch=4/80 loss=1.290326 seconds=0.05
epoch=5/80 loss=0.959841 seconds=0.06
epoch=6/80 loss=0.842021 seconds=0.05
epoch=7/80 loss=0.668337 seconds=0.06
epoch=8/80 loss=0.753652 seconds=0.05
epoch=9/80 loss=0.563552 seconds=0.05
epoch=10/80 loss=0.494460 seconds=0.06
epoch=11/80 loss=0.357463 seconds=0.06
epoch=12/80 loss=0.354527 seconds=0.05
epoch=13/80 loss=0.322033 seconds=0.06
epoch=14/80 loss=0.312010 seconds=0.06
epoch=15/80 loss=0.286838 seconds=0.06
epoch=16/80 loss=0.346214 seconds=0.05
epoch=17/80 loss=0.326197 seconds=0.06
epoch=18/80 loss=0.247932 seconds=0.06
epoch=19/80 loss=0.288878 seconds=0.05
epoch=20/80 loss=0.259446 seconds=0.05
epoch=21/80 loss=0.234439 seconds=0.06
epoch=22/80 loss=0.292620 seconds=0.06
epoch=23/80 loss=0.404959 seconds=0.06
epoch=24/80 loss=0.323737 seconds=0.05
epoch=25/80 loss=0.262666 seconds=0.06
epoch=26/80 loss=0.234493 seconds=0.05
epoch=27/80 loss=0.196575 seconds=0.06
epoch=28/80 loss=0.262960 seconds=0.05
epoch=29/80 loss=0.271576 seconds=0.06
epoch=30/80 loss=0.196635 seconds=0.05
epoch=31/80 loss=0.191403 seconds=0.05
epoch=32/80 loss=0.238448 seconds=0.06
epoch=33/80 loss=0.207251 seconds=0.05
epoch=34/80 loss=0.259403 seconds=0.05
epoch=35/80 loss=0.231238 seconds=0.06
epoch=36/80 loss=0.251441 seconds=0.06
epoch=37/80 loss=0.214636 seconds=0.05
epoch=38/80 loss=0.218627 seconds=0.06
epoch=39/80 loss=0.202637 seconds=0.06
epoch=40/80 loss=0.164434 seconds=0.05
epoch=41/80 loss=0.191128 seconds=0.06
epoch=42/80 loss=0.156210 seconds=0.05
epoch=43/80 loss=0.185245 seconds=0.06
epoch=44/80 loss=0.162930 seconds=0.05
epoch=45/80 loss=0.215763 seconds=0.06
epoch=46/80 loss=0.196281 seconds=0.06
epoch=47/80 loss=0.187616 seconds=0.05
epoch=48/80 loss=0.142055 seconds=0.06
epoch=49/80 loss=0.141882 seconds=0.06
epoch=50/80 loss=0.127453 seconds=0.05
epoch=51/80 loss=0.144605 seconds=0.06
epoch=52/80 loss=0.156536 seconds=0.05
epoch=53/80 loss=0.130448 seconds=0.06
epoch=54/80 loss=0.156438 seconds=0.06
epoch=55/80 loss=0.128799 seconds=0.05
epoch=56/80 loss=0.137286 seconds=0.06
epoch=57/80 loss=0.178565 seconds=0.06
epoch=58/80 loss=0.151290 seconds=0.05
epoch=59/80 loss=0.161393 seconds=0.06
epoch=60/80 loss=0.189331 seconds=0.06
epoch=61/80 loss=0.161796 seconds=0.06
epoch=62/80 loss=0.169791 seconds=0.05
epoch=63/80 loss=0.154825 seconds=0.06
epoch=64/80 loss=0.144602 seconds=0.05
epoch=65/80 loss=0.142727 seconds=0.05
epoch=66/80 loss=0.145721 seconds=0.06
epoch=67/80 loss=0.130346 seconds=0.06
epoch=68/80 loss=0.125222 seconds=0.05
epoch=69/80 loss=0.116187 seconds=0.06
epoch=70/80 loss=0.125618 seconds=0.05
epoch=71/80 loss=0.131259 seconds=0.05
epoch=72/80 loss=0.141180 seconds=0.06
epoch=73/80 loss=0.113802 seconds=0.06
epoch=74/80 loss=0.116237 seconds=0.05
epoch=75/80 loss=0.125930 seconds=0.05
epoch=76/80 loss=0.114029 seconds=0.05
epoch=77/80 loss=0.102307 seconds=0.06
epoch=78/80 loss=0.102632 seconds=0.05
epoch=79/80 loss=0.099672 seconds=0.06
epoch=80/80 loss=0.113537 seconds=0.05
fold=6/10 OOF_accuracy=0.833333 OOF_AUC=0.842105
Device=cuda; epochs=80; batch=32; model=ResNetAutoencoder1D
epoch=1/80 loss=5.624579 seconds=0.05
epoch=2/80 loss=2.628188 seconds=0.05
epoch=3/80 loss=1.425693 seconds=0.05
epoch=4/80 loss=0.955370 seconds=0.06
epoch=5/80 loss=0.767237 seconds=0.05
epoch=6/80 loss=0.777052 seconds=0.06
epoch=7/80 loss=0.566072 seconds=0.05
epoch=8/80 loss=0.651931 seconds=0.06
epoch=9/80 loss=0.484029 seconds=0.05
epoch=10/80 loss=0.390037 seconds=0.05
epoch=11/80 loss=0.336553 seconds=0.05
epoch=12/80 loss=0.358562 seconds=0.05
epoch=13/80 loss=0.319828 seconds=0.06
epoch=14/80 loss=0.282031 seconds=0.06
epoch=15/80 loss=0.321587 seconds=0.05
epoch=16/80 loss=0.329062 seconds=0.06
epoch=17/80 loss=0.259666 seconds=0.05
epoch=18/80 loss=0.265531 seconds=0.06
epoch=19/80 loss=0.331119 seconds=0.06
epoch=20/80 loss=0.280660 seconds=0.06
epoch=21/80 loss=0.279714 seconds=0.05
epoch=22/80 loss=0.313740 seconds=0.06
epoch=23/80 loss=0.281693 seconds=0.05
epoch=24/80 loss=0.279870 seconds=0.05
epoch=25/80 loss=0.257185 seconds=0.06
epoch=26/80 loss=0.219615 seconds=0.05
epoch=27/80 loss=0.239292 seconds=0.06
epoch=28/80 loss=0.213948 seconds=0.05
epoch=29/80 loss=0.251930 seconds=0.05
epoch=30/80 loss=0.286593 seconds=0.06
epoch=31/80 loss=0.200466 seconds=0.05
epoch=32/80 loss=0.239853 seconds=0.06
epoch=33/80 loss=0.208677 seconds=0.05
epoch=34/80 loss=0.205815 seconds=0.05
epoch=35/80 loss=0.191377 seconds=0.06
epoch=36/80 loss=0.195223 seconds=0.06
epoch=37/80 loss=0.203423 seconds=0.05
epoch=38/80 loss=0.182957 seconds=0.06
epoch=39/80 loss=0.178787 seconds=0.06
epoch=40/80 loss=0.163566 seconds=0.05
epoch=41/80 loss=0.165980 seconds=0.06
epoch=42/80 loss=0.188350 seconds=0.05
epoch=43/80 loss=0.156511 seconds=0.06
epoch=44/80 loss=0.162417 seconds=0.05
epoch=45/80 loss=0.171153 seconds=0.05
epoch=46/80 loss=0.165508 seconds=0.06
epoch=47/80 loss=0.163466 seconds=0.05
epoch=48/80 loss=0.148151 seconds=0.06
epoch=49/80 loss=0.158739 seconds=0.05
epoch=50/80 loss=0.186312 seconds=0.08
epoch=51/80 loss=0.173709 seconds=0.05
epoch=52/80 loss=0.177858 seconds=0.06
epoch=53/80 loss=0.153353 seconds=0.06
epoch=54/80 loss=0.164590 seconds=0.05
epoch=55/80 loss=0.135822 seconds=0.06
epoch=56/80 loss=0.147485 seconds=0.05
epoch=57/80 loss=0.169095 seconds=0.05
epoch=58/80 loss=0.146924 seconds=0.06
epoch=59/80 loss=0.166956 seconds=0.06
epoch=60/80 loss=0.160927 seconds=0.05
epoch=61/80 loss=0.155600 seconds=0.05
epoch=62/80 loss=0.127288 seconds=0.06
epoch=63/80 loss=0.129556 seconds=0.05
epoch=64/80 loss=0.117764 seconds=0.05
epoch=65/80 loss=0.153376 seconds=0.06
epoch=66/80 loss=0.151273 seconds=0.05
epoch=67/80 loss=0.143873 seconds=0.06
epoch=68/80 loss=0.128464 seconds=0.05
epoch=69/80 loss=0.147513 seconds=0.06
epoch=70/80 loss=0.128683 seconds=0.05
epoch=71/80 loss=0.123590 seconds=0.05
epoch=72/80 loss=0.115199 seconds=0.05
epoch=73/80 loss=0.113284 seconds=0.06
epoch=74/80 loss=0.117492 seconds=0.05
epoch=75/80 loss=0.116863 seconds=0.05
epoch=76/80 loss=0.113518 seconds=0.06
epoch=77/80 loss=0.134909 seconds=0.05
epoch=78/80 loss=0.133794 seconds=0.06
epoch=79/80 loss=0.096317 seconds=0.06
epoch=80/80 loss=0.098468 seconds=0.05
fold=7/10 OOF_accuracy=0.733333 OOF_AUC=0.799043
Device=cuda; epochs=80; batch=32; model=ResNetAutoencoder1D
epoch=1/80 loss=5.892611 seconds=0.05
epoch=2/80 loss=2.895255 seconds=0.05
epoch=3/80 loss=1.418717 seconds=0.06
epoch=4/80 loss=1.076360 seconds=0.05
epoch=5/80 loss=0.830683 seconds=0.05
epoch=6/80 loss=0.757662 seconds=0.06
epoch=7/80 loss=0.655049 seconds=0.05
epoch=8/80 loss=0.605311 seconds=0.05
epoch=9/80 loss=0.520363 seconds=0.05
epoch=10/80 loss=0.392347 seconds=0.05
epoch=11/80 loss=0.348745 seconds=0.05
epoch=12/80 loss=0.360961 seconds=0.06
epoch=13/80 loss=0.400085 seconds=0.05
epoch=14/80 loss=0.288515 seconds=0.06
epoch=15/80 loss=0.308026 seconds=0.05
epoch=16/80 loss=0.282502 seconds=0.05
epoch=17/80 loss=0.242620 seconds=0.06
epoch=18/80 loss=0.345077 seconds=0.06
epoch=19/80 loss=0.347157 seconds=0.05
epoch=20/80 loss=0.262627 seconds=0.06
epoch=21/80 loss=0.284330 seconds=0.05
epoch=22/80 loss=0.258101 seconds=0.05
epoch=23/80 loss=0.266977 seconds=0.06
epoch=24/80 loss=0.272767 seconds=0.06
epoch=25/80 loss=0.228599 seconds=0.05
epoch=26/80 loss=0.245863 seconds=0.06
epoch=27/80 loss=0.208037 seconds=0.06
epoch=28/80 loss=0.265271 seconds=0.06
epoch=29/80 loss=0.281687 seconds=0.06
epoch=30/80 loss=0.228233 seconds=0.06
epoch=31/80 loss=0.236836 seconds=0.06
epoch=32/80 loss=0.244933 seconds=0.06
epoch=33/80 loss=0.276318 seconds=0.06
epoch=34/80 loss=0.314270 seconds=0.06
epoch=35/80 loss=0.263267 seconds=0.08
epoch=36/80 loss=0.270483 seconds=0.06
epoch=37/80 loss=0.205243 seconds=0.06
epoch=38/80 loss=0.213713 seconds=0.05
epoch=39/80 loss=0.166862 seconds=0.08
epoch=40/80 loss=0.163517 seconds=0.06
epoch=41/80 loss=0.156272 seconds=0.06
epoch=42/80 loss=0.152367 seconds=0.06
epoch=43/80 loss=0.179402 seconds=0.06
epoch=44/80 loss=0.180765 seconds=0.06
epoch=45/80 loss=0.186567 seconds=0.06
epoch=46/80 loss=0.151937 seconds=0.06
epoch=47/80 loss=0.155433 seconds=0.06
epoch=48/80 loss=0.189255 seconds=0.06
epoch=49/80 loss=0.216853 seconds=0.06
epoch=50/80 loss=0.236072 seconds=0.06
epoch=51/80 loss=0.207134 seconds=0.06
epoch=52/80 loss=0.174323 seconds=0.06
epoch=53/80 loss=0.180330 seconds=0.08
epoch=54/80 loss=0.153661 seconds=0.06
epoch=55/80 loss=0.132181 seconds=0.06
epoch=56/80 loss=0.181569 seconds=0.05
epoch=57/80 loss=0.180291 seconds=0.05
epoch=58/80 loss=0.157718 seconds=0.05
epoch=59/80 loss=0.137354 seconds=0.06
epoch=60/80 loss=0.137260 seconds=0.06
epoch=61/80 loss=0.133055 seconds=0.06
epoch=62/80 loss=0.120157 seconds=0.06
epoch=63/80 loss=0.131130 seconds=0.06
epoch=64/80 loss=0.133140 seconds=0.06
epoch=65/80 loss=0.132466 seconds=0.06
epoch=66/80 loss=0.136963 seconds=0.06
epoch=67/80 loss=0.118372 seconds=0.08
epoch=68/80 loss=0.143119 seconds=0.06
epoch=69/80 loss=0.123424 seconds=0.06
epoch=70/80 loss=0.115336 seconds=0.05
epoch=71/80 loss=0.123926 seconds=0.06
epoch=72/80 loss=0.122222 seconds=0.06
epoch=73/80 loss=0.109087 seconds=0.06
epoch=74/80 loss=0.104489 seconds=0.06
epoch=75/80 loss=0.094480 seconds=0.06
epoch=76/80 loss=0.106525 seconds=0.06
epoch=77/80 loss=0.094842 seconds=0.08
epoch=78/80 loss=0.083740 seconds=0.06
epoch=79/80 loss=0.095672 seconds=0.05
epoch=80/80 loss=0.111758 seconds=0.08
fold=8/10 OOF_accuracy=0.733333 OOF_AUC=0.703349
Device=cuda; epochs=80; batch=32; model=ResNetAutoencoder1D
epoch=1/80 loss=5.456985 seconds=0.08
epoch=2/80 loss=2.866128 seconds=0.06
epoch=3/80 loss=1.602839 seconds=0.06
epoch=4/80 loss=1.098245 seconds=0.06
epoch=5/80 loss=0.736204 seconds=0.06
epoch=6/80 loss=0.673253 seconds=0.06
epoch=7/80 loss=0.511605 seconds=0.06
epoch=8/80 loss=0.563049 seconds=0.06
epoch=9/80 loss=0.503778 seconds=0.06
epoch=10/80 loss=0.365675 seconds=0.05
epoch=11/80 loss=0.361953 seconds=0.05
epoch=12/80 loss=0.342525 seconds=0.06
epoch=13/80 loss=0.358911 seconds=0.05
epoch=14/80 loss=0.345738 seconds=0.05
epoch=15/80 loss=0.312843 seconds=0.06
epoch=16/80 loss=0.251676 seconds=0.05
epoch=17/80 loss=0.299410 seconds=0.06
epoch=18/80 loss=0.304898 seconds=0.05
epoch=19/80 loss=0.215481 seconds=0.06
epoch=20/80 loss=0.286189 seconds=0.05
epoch=21/80 loss=0.256694 seconds=0.06
epoch=22/80 loss=0.213217 seconds=0.06
epoch=23/80 loss=0.250252 seconds=0.06
epoch=24/80 loss=0.241514 seconds=0.05
epoch=25/80 loss=0.271432 seconds=0.06
epoch=26/80 loss=0.266175 seconds=0.06
epoch=27/80 loss=0.245208 seconds=0.05
epoch=28/80 loss=0.245040 seconds=0.05
epoch=29/80 loss=0.233815 seconds=0.05
epoch=30/80 loss=0.173727 seconds=0.06
epoch=31/80 loss=0.184626 seconds=0.05
epoch=32/80 loss=0.261265 seconds=0.05
epoch=33/80 loss=0.183537 seconds=0.06
epoch=34/80 loss=0.185198 seconds=0.05
epoch=35/80 loss=0.160305 seconds=0.06
epoch=36/80 loss=0.223080 seconds=0.05
epoch=37/80 loss=0.209278 seconds=0.05
epoch=38/80 loss=0.197425 seconds=0.06
epoch=39/80 loss=0.168958 seconds=0.06
epoch=40/80 loss=0.163644 seconds=0.05
epoch=41/80 loss=0.180088 seconds=0.06
epoch=42/80 loss=0.157719 seconds=0.06
epoch=43/80 loss=0.169225 seconds=0.06
epoch=44/80 loss=0.164743 seconds=0.06
epoch=45/80 loss=0.180153 seconds=0.06
epoch=46/80 loss=0.168608 seconds=0.06
epoch=47/80 loss=0.183200 seconds=0.08
epoch=48/80 loss=0.168242 seconds=0.06
epoch=49/80 loss=0.170253 seconds=0.06
epoch=50/80 loss=0.149934 seconds=0.06
epoch=51/80 loss=0.147216 seconds=0.06
epoch=52/80 loss=0.141856 seconds=0.06
epoch=53/80 loss=0.141403 seconds=0.05
epoch=54/80 loss=0.111814 seconds=0.06
epoch=55/80 loss=0.133402 seconds=0.06
epoch=56/80 loss=0.126245 seconds=0.06
epoch=57/80 loss=0.158194 seconds=0.06
epoch=58/80 loss=0.120171 seconds=0.06
epoch=59/80 loss=0.142697 seconds=0.06
epoch=60/80 loss=0.117712 seconds=0.06
epoch=61/80 loss=0.110460 seconds=0.06
epoch=62/80 loss=0.128782 seconds=0.06
epoch=63/80 loss=0.104468 seconds=0.08
epoch=64/80 loss=0.109677 seconds=0.05
epoch=65/80 loss=0.114925 seconds=0.06
epoch=66/80 loss=0.119378 seconds=0.06
epoch=67/80 loss=0.123851 seconds=0.06
epoch=68/80 loss=0.113795 seconds=0.06
epoch=69/80 loss=0.095964 seconds=0.06
epoch=70/80 loss=0.096065 seconds=0.06
epoch=71/80 loss=0.119637 seconds=0.05
epoch=72/80 loss=0.128818 seconds=0.06
epoch=73/80 loss=0.106132 seconds=0.06
epoch=74/80 loss=0.112869 seconds=0.06
epoch=75/80 loss=0.086739 seconds=0.06
epoch=76/80 loss=0.114698 seconds=0.06
epoch=77/80 loss=0.121810 seconds=0.06
epoch=78/80 loss=0.104088 seconds=0.06
epoch=79/80 loss=0.107005 seconds=0.05
epoch=80/80 loss=0.101413 seconds=0.05
fold=9/10 OOF_accuracy=0.766667 OOF_AUC=0.775120
Device=cuda; epochs=80; batch=32; model=ResNetAutoencoder1D
epoch=1/80 loss=5.947711 seconds=0.09
epoch=2/80 loss=2.772908 seconds=0.05
epoch=3/80 loss=1.505796 seconds=0.05
epoch=4/80 loss=1.201818 seconds=0.06
epoch=5/80 loss=0.846615 seconds=0.05
epoch=6/80 loss=0.828375 seconds=0.06
epoch=7/80 loss=0.732316 seconds=0.06
epoch=8/80 loss=0.740774 seconds=0.05
epoch=9/80 loss=0.560104 seconds=0.05
epoch=10/80 loss=0.462932 seconds=0.06
epoch=11/80 loss=0.382217 seconds=0.05
epoch=12/80 loss=0.430897 seconds=0.06
epoch=13/80 loss=0.387588 seconds=0.06
epoch=14/80 loss=0.320324 seconds=0.05
epoch=15/80 loss=0.301348 seconds=0.06
epoch=16/80 loss=0.341234 seconds=0.05
epoch=17/80 loss=0.284423 seconds=0.08
epoch=18/80 loss=0.288285 seconds=0.05
epoch=19/80 loss=0.272802 seconds=0.06
epoch=20/80 loss=0.226000 seconds=0.06
epoch=21/80 loss=0.311770 seconds=0.06
epoch=22/80 loss=0.264511 seconds=0.05
epoch=23/80 loss=0.283498 seconds=0.06
epoch=24/80 loss=0.273053 seconds=0.05
epoch=25/80 loss=0.261280 seconds=0.06
epoch=26/80 loss=0.275987 seconds=0.08
epoch=27/80 loss=0.240089 seconds=0.06
epoch=28/80 loss=0.251857 seconds=0.06
epoch=29/80 loss=0.248818 seconds=0.06
epoch=30/80 loss=0.252319 seconds=0.08
epoch=31/80 loss=0.218483 seconds=0.05
epoch=32/80 loss=0.289169 seconds=0.06
epoch=33/80 loss=0.291550 seconds=0.06
epoch=34/80 loss=0.275174 seconds=0.06
epoch=35/80 loss=0.241456 seconds=0.06
epoch=36/80 loss=0.185866 seconds=0.06
epoch=37/80 loss=0.187444 seconds=0.06
epoch=38/80 loss=0.188845 seconds=0.06
epoch=39/80 loss=0.171555 seconds=0.05
epoch=40/80 loss=0.146449 seconds=0.06
epoch=41/80 loss=0.194211 seconds=0.05
epoch=42/80 loss=0.222390 seconds=0.06
epoch=43/80 loss=0.166856 seconds=0.06
epoch=44/80 loss=0.156923 seconds=0.06
epoch=45/80 loss=0.173852 seconds=0.06
epoch=46/80 loss=0.155867 seconds=0.08
epoch=47/80 loss=0.143594 seconds=0.06
epoch=48/80 loss=0.145080 seconds=0.06
epoch=49/80 loss=0.188939 seconds=0.06
epoch=50/80 loss=0.163714 seconds=0.06
epoch=51/80 loss=0.138779 seconds=0.06
epoch=52/80 loss=0.156440 seconds=0.06
epoch=53/80 loss=0.129931 seconds=0.06
epoch=54/80 loss=0.139635 seconds=0.06
epoch=55/80 loss=0.141803 seconds=0.06
epoch=56/80 loss=0.171403 seconds=0.06
epoch=57/80 loss=0.164972 seconds=0.06
epoch=58/80 loss=0.159629 seconds=0.06
epoch=59/80 loss=0.154814 seconds=0.06
epoch=60/80 loss=0.161561 seconds=0.06
epoch=61/80 loss=0.163339 seconds=0.06
epoch=62/80 loss=0.154167 seconds=0.06
epoch=63/80 loss=0.129016 seconds=0.06
epoch=64/80 loss=0.142802 seconds=0.06
epoch=65/80 loss=0.151224 seconds=0.08
epoch=66/80 loss=0.161545 seconds=0.06
epoch=67/80 loss=0.146041 seconds=0.06
epoch=68/80 loss=0.157045 seconds=0.06
epoch=69/80 loss=0.133177 seconds=0.06
epoch=70/80 loss=0.144393 seconds=0.06
epoch=71/80 loss=0.120386 seconds=0.06
epoch=72/80 loss=0.121005 seconds=0.06
epoch=73/80 loss=0.108106 seconds=0.06
epoch=74/80 loss=0.121700 seconds=0.08
epoch=75/80 loss=0.108868 seconds=0.06
epoch=76/80 loss=0.127994 seconds=0.06
epoch=77/80 loss=0.115574 seconds=0.06
epoch=78/80 loss=0.107260 seconds=0.06
epoch=79/80 loss=0.097299 seconds=0.06
epoch=80/80 loss=0.100749 seconds=0.06
fold=10/10 OOF_accuracy=0.700000 OOF_AUC=0.760766
Device=cuda; epochs=80; batch=32; model=ResNetAutoencoder1D
epoch=1/80 loss=5.392555 seconds=0.08
epoch=2/80 loss=2.523052 seconds=0.06
epoch=3/80 loss=1.558799 seconds=0.08
epoch=4/80 loss=1.050198 seconds=0.06
epoch=5/80 loss=0.788169 seconds=0.06
epoch=6/80 loss=0.645643 seconds=0.06
epoch=7/80 loss=0.621239 seconds=0.05
epoch=8/80 loss=0.603652 seconds=0.06
epoch=9/80 loss=0.468242 seconds=0.06
epoch=10/80 loss=0.428074 seconds=0.08
epoch=11/80 loss=0.381912 seconds=0.06
epoch=12/80 loss=0.347293 seconds=0.08
epoch=13/80 loss=0.333604 seconds=0.06
epoch=14/80 loss=0.347172 seconds=0.08
epoch=15/80 loss=0.283821 seconds=0.06
epoch=16/80 loss=0.295299 seconds=0.06
epoch=17/80 loss=0.293895 seconds=0.08
epoch=18/80 loss=0.279688 seconds=0.08
epoch=19/80 loss=0.315655 seconds=0.06
epoch=20/80 loss=0.277529 seconds=0.06
epoch=21/80 loss=0.251022 seconds=0.08
epoch=22/80 loss=0.290435 seconds=0.08
epoch=23/80 loss=0.298330 seconds=0.06
epoch=24/80 loss=0.274090 seconds=0.06
epoch=25/80 loss=0.275716 seconds=0.08
epoch=26/80 loss=0.233913 seconds=0.06
epoch=27/80 loss=0.231127 seconds=0.08
epoch=28/80 loss=0.193488 seconds=0.06
epoch=29/80 loss=0.175890 seconds=0.08
epoch=30/80 loss=0.259678 seconds=0.06
epoch=31/80 loss=0.217320 seconds=0.06
epoch=32/80 loss=0.218771 seconds=0.08
epoch=33/80 loss=0.224007 seconds=0.06
epoch=34/80 loss=0.234290 seconds=0.08
epoch=35/80 loss=0.221153 seconds=0.06
epoch=36/80 loss=0.191574 seconds=0.08
epoch=37/80 loss=0.177223 seconds=0.06
epoch=38/80 loss=0.198445 seconds=0.06
epoch=39/80 loss=0.171595 seconds=0.06
epoch=40/80 loss=0.193108 seconds=0.06
epoch=41/80 loss=0.190914 seconds=0.08
epoch=42/80 loss=0.137819 seconds=0.06
epoch=43/80 loss=0.136685 seconds=0.08
epoch=44/80 loss=0.151528 seconds=0.06
epoch=45/80 loss=0.153703 seconds=0.08
epoch=46/80 loss=0.117514 seconds=0.06
epoch=47/80 loss=0.121073 seconds=0.08
epoch=48/80 loss=0.135913 seconds=0.08
epoch=49/80 loss=0.141796 seconds=0.06
epoch=50/80 loss=0.145549 seconds=0.06
epoch=51/80 loss=0.137412 seconds=0.08
epoch=52/80 loss=0.129516 seconds=0.06
epoch=53/80 loss=0.134760 seconds=0.08
epoch=54/80 loss=0.146021 seconds=0.06
epoch=55/80 loss=0.115331 seconds=0.06
epoch=56/80 loss=0.134520 seconds=0.06
epoch=57/80 loss=0.133933 seconds=0.05
epoch=58/80 loss=0.125318 seconds=0.05
epoch=59/80 loss=0.144237 seconds=0.08
epoch=60/80 loss=0.136498 seconds=0.06
epoch=61/80 loss=0.131796 seconds=0.06
epoch=62/80 loss=0.148135 seconds=0.08
epoch=63/80 loss=0.116480 seconds=0.08
epoch=64/80 loss=0.106478 seconds=0.06
epoch=65/80 loss=0.098914 seconds=0.06
epoch=66/80 loss=0.123781 seconds=0.06
epoch=67/80 loss=0.114436 seconds=0.08
epoch=68/80 loss=0.121475 seconds=0.06
epoch=69/80 loss=0.127145 seconds=0.06
epoch=70/80 loss=0.149454 seconds=0.06
epoch=71/80 loss=0.125773 seconds=0.06
epoch=72/80 loss=0.116467 seconds=0.06
epoch=73/80 loss=0.108634 seconds=0.06
epoch=74/80 loss=0.105073 seconds=0.06
epoch=75/80 loss=0.107534 seconds=0.06
epoch=76/80 loss=0.108040 seconds=0.06
epoch=77/80 loss=0.114385 seconds=0.06
epoch=78/80 loss=0.137780 seconds=0.08
epoch=79/80 loss=0.125238 seconds=0.05
epoch=80/80 loss=0.110920 seconds=0.08
{"cv_oof": {"accuracy": 0.73, "balanced_accuracy": 0.7060185185185185, "sensitivity": 0.6203703703703703, "specificity": 0.7916666666666666, "f1_macro": 0.706433101781939, "roc_auc": 0.7473958333333333, "confusion_matrix": [[152, 40], [41, 67]], "classification_report": {"0": {"precision": 0.7875647668393783, "recall": 0.7916666666666666, "f1-score": 0.7896103896103897, "support": 192.0}, "1": {"precision": 0.6261682242990654, "recall": 0.6203703703703703, "f1-score": 0.6232558139534884, "support": 108.0}, "accuracy": 0.73, "macro avg": {"precision": 0.7068664955692219, "recall": 0.7060185185185185, "f1-score": 0.706433101781939, "support": 300.0}, "weighted avg": {"precision": 0.7294620115248656, "recall": 0.73, "f1-score": 0.7297227423739052, "support": 300.0}}}, "test": {"accuracy": 0.7671232876712328, "balanced_accuracy": 0.7504091653027822, "sensitivity": 0.6923076923076923, "specificity": 0.8085106382978723, "f1_macro": 0.7482247920470684, "roc_auc": 0.8649754500818331, "confusion_matrix": [[38, 9], [8, 18]], "classification_report": {"0": {"precision": 0.8260869565217391, "recall": 0.8085106382978723, "f1-score": 0.8172043010752689, "support": 47.0}, "1": {"precision": 0.6666666666666666, "recall": 0.6923076923076923, "f1-score": 0.6792452830188679, "support": 26.0}, "accuracy": 0.7671232876712328, "macro avg": {"precision": 0.7463768115942029, "recall": 0.7504091653027822, "f1-score": 0.7482247920470684, "support": 73.0}, "weighted avg": {"precision": 0.7693071272582888, "recall": 0.7671232876712328, "f1-score": 0.7680682124524412, "support": 73.0}}}, "folds": 10, "original_train_rows": 300, "train_rows": 384, "test_rows": 73, "elapsed_seconds": 55.25}
