Command: ["C:\\Users\\IHCK\\AppData\\Local\\Programs\\Python\\Python312\\python.exe", "-u", "C:\\Users\\IHCK\\Desktop\\1_10_69Final\\Hippocampal-Shape-Analysis-for-Epilepsy-Detection\\Model\\train_dataset_model.py", "--dataset", "coef_raw_balanced_jitter", "--side", "left", "--model", "MLP", "--kind", "coef", "--train-csv", "C:\\Users\\IHCK\\Desktop\\1_10_69Final\\Hippocampal-Shape-Analysis-for-Epilepsy-Detection\\Output_Dataset\\coef_raw_balanced_jitter\\left\\train_prepared.csv", "--test-csv", "C:\\Users\\IHCK\\Desktop\\1_10_69Final\\Hippocampal-Shape-Analysis-for-Epilepsy-Detection\\Output_Dataset\\coef_raw_balanced_jitter\\left\\test_prepared.csv", "--output-dir", "C:\\Users\\IHCK\\Desktop\\1_10_69Final\\Hippocampal-Shape-Analysis-for-Epilepsy-Detection\\Model_Results\\dataset_runs_20261003_10fold\\coef_raw_balanced_jitter\\left\\MLP", "--epochs", "80", "--folds", "10", "--pls-components", "8", "--seed", "42", "--threads", "2"]
10-fold CV: dataset=coef_raw_balanced_jitter side=left model=MLP; original_train=300 test=73
Iteration 1, loss = 0.66351405
Iteration 2, loss = 0.53881415
Iteration 3, loss = 0.44597416
Iteration 4, loss = 0.37681905
Iteration 5, loss = 0.31860091
Iteration 6, loss = 0.27024779
Iteration 7, loss = 0.22852555
Iteration 8, loss = 0.19318819
Iteration 9, loss = 0.16407651
Iteration 10, loss = 0.13924388
Iteration 11, loss = 0.11860494
Iteration 12, loss = 0.10069471
Iteration 13, loss = 0.08626685
Iteration 14, loss = 0.07389099
Iteration 15, loss = 0.06355571
Iteration 16, loss = 0.05519489
Iteration 17, loss = 0.04785439
Iteration 18, loss = 0.04223401
Iteration 19, loss = 0.03697551
Iteration 20, loss = 0.03311258
Iteration 21, loss = 0.02995875
Iteration 22, loss = 0.02712352
Iteration 23, loss = 0.02478121
Iteration 24, loss = 0.02302144
Iteration 25, loss = 0.02127568
Iteration 26, loss = 0.01973393
Iteration 27, loss = 0.01846671
Iteration 28, loss = 0.01737090
Iteration 29, loss = 0.01620962
Iteration 30, loss = 0.01527633
Iteration 31, loss = 0.01443110
Iteration 32, loss = 0.01372991
Iteration 33, loss = 0.01296011
Iteration 34, loss = 0.01232309
Iteration 35, loss = 0.01177890
Iteration 36, loss = 0.01115758
Iteration 37, loss = 0.01068050
Iteration 38, loss = 0.01016314
Iteration 39, loss = 0.00973720
Iteration 40, loss = 0.00927801
Iteration 41, loss = 0.00891431
Iteration 42, loss = 0.00852127
Iteration 43, loss = 0.00815814
Iteration 44, loss = 0.00783951
Iteration 45, loss = 0.00750572
Iteration 46, loss = 0.00723528
Iteration 47, loss = 0.00697658
Iteration 48, loss = 0.00669047
Iteration 49, loss = 0.00648731
Iteration 50, loss = 0.00625385
Iteration 51, loss = 0.00602395
Iteration 52, loss = 0.00583445
Iteration 53, loss = 0.00561195
Iteration 54, loss = 0.00544642
Iteration 55, loss = 0.00527217
Iteration 56, loss = 0.00511625
Iteration 57, loss = 0.00497124
Iteration 58, loss = 0.00481328
Iteration 59, loss = 0.00467348
Iteration 60, loss = 0.00453610
Iteration 61, loss = 0.00442212
Iteration 62, loss = 0.00429564
Iteration 63, loss = 0.00416481
Iteration 64, loss = 0.00406148
Iteration 65, loss = 0.00394334
Iteration 66, loss = 0.00384812
Iteration 67, loss = 0.00374128
Iteration 68, loss = 0.00365430
Iteration 69, loss = 0.00355913
Iteration 70, loss = 0.00347455
Iteration 71, loss = 0.00339144
Iteration 72, loss = 0.00329907
Iteration 73, loss = 0.00323443
Iteration 74, loss = 0.00314482
Iteration 75, loss = 0.00307370
Iteration 76, loss = 0.00300152
Iteration 77, loss = 0.00292805
Iteration 78, loss = 0.00286159
Training loss did not improve more than tol=0.000100 for 10 consecutive epochs. Stopping.
fold=1/10 OOF_accuracy=0.766667 OOF_AUC=0.790000
Iteration 1, loss = 0.67818110
Iteration 2, loss = 0.53931936
Iteration 3, loss = 0.43039865
Iteration 4, loss = 0.34428125
Iteration 5, loss = 0.27696223
Iteration 6, loss = 0.22376076
Iteration 7, loss = 0.18183283
Iteration 8, loss = 0.14934905
Iteration 9, loss = 0.12323932
Iteration 10, loss = 0.10282764
Iteration 11, loss = 0.08695836
Iteration 12, loss = 0.07377516
Iteration 13, loss = 0.06345777
Iteration 14, loss = 0.05535443
Iteration 15, loss = 0.04787241
Iteration 16, loss = 0.04184268
Iteration 17, loss = 0.03722744
Iteration 18, loss = 0.03307096
Iteration 19, loss = 0.02956460
Iteration 20, loss = 0.02688480
Iteration 21, loss = 0.02461438
Iteration 22, loss = 0.02237125
Iteration 23, loss = 0.02078516
Iteration 24, loss = 0.01924016
Iteration 25, loss = 0.01789423
Iteration 26, loss = 0.01680641
Iteration 27, loss = 0.01563677
Iteration 28, loss = 0.01473411
Iteration 29, loss = 0.01386551
Iteration 30, loss = 0.01306198
Iteration 31, loss = 0.01239994
Iteration 32, loss = 0.01177798
Iteration 33, loss = 0.01122996
Iteration 34, loss = 0.01072691
Iteration 35, loss = 0.01020668
Iteration 36, loss = 0.00974737
Iteration 37, loss = 0.00939090
Iteration 38, loss = 0.00901421
Iteration 39, loss = 0.00866627
Iteration 40, loss = 0.00833900
Iteration 41, loss = 0.00805214
Iteration 42, loss = 0.00778596
Iteration 43, loss = 0.00748074
Iteration 44, loss = 0.00722913
Iteration 45, loss = 0.00699135
Iteration 46, loss = 0.00675922
Iteration 47, loss = 0.00653548
Iteration 48, loss = 0.00631470
Iteration 49, loss = 0.00613924
Iteration 50, loss = 0.00593849
Iteration 51, loss = 0.00575895
Iteration 52, loss = 0.00556091
Iteration 53, loss = 0.00541571
Iteration 54, loss = 0.00524808
Iteration 55, loss = 0.00509805
Iteration 56, loss = 0.00497773
Iteration 57, loss = 0.00482581
Iteration 58, loss = 0.00469344
Iteration 59, loss = 0.00456884
Iteration 60, loss = 0.00444660
Iteration 61, loss = 0.00431655
Iteration 62, loss = 0.00421639
Iteration 63, loss = 0.00410880
Iteration 64, loss = 0.00400829
Iteration 65, loss = 0.00390783
Iteration 66, loss = 0.00380939
Iteration 67, loss = 0.00371740
Iteration 68, loss = 0.00362324
Iteration 69, loss = 0.00354025
Iteration 70, loss = 0.00344758
Iteration 71, loss = 0.00336583
Iteration 72, loss = 0.00330048
Iteration 73, loss = 0.00322273
Iteration 74, loss = 0.00313408
Iteration 75, loss = 0.00306447
Iteration 76, loss = 0.00299024
Training loss did not improve more than tol=0.000100 for 10 consecutive epochs. Stopping.
fold=2/10 OOF_accuracy=0.800000 OOF_AUC=0.670000
Iteration 1, loss = 0.67113898
Iteration 2, loss = 0.52905541
Iteration 3, loss = 0.42995046
Iteration 4, loss = 0.35614538
Iteration 5, loss = 0.29836705
Iteration 6, loss = 0.25194409
Iteration 7, loss = 0.21158604
Iteration 8, loss = 0.17859137
Iteration 9, loss = 0.15158270
Iteration 10, loss = 0.12863671
Iteration 11, loss = 0.11019532
Iteration 12, loss = 0.09482631
Iteration 13, loss = 0.08196778
Iteration 14, loss = 0.07190958
Iteration 15, loss = 0.06315904
Iteration 16, loss = 0.05569330
Iteration 17, loss = 0.05002288
Iteration 18, loss = 0.04495491
Iteration 19, loss = 0.04071981
Iteration 20, loss = 0.03698916
Iteration 21, loss = 0.03395553
Iteration 22, loss = 0.03137236
Iteration 23, loss = 0.02892341
Iteration 24, loss = 0.02672816
Iteration 25, loss = 0.02488026
Iteration 26, loss = 0.02322673
Iteration 27, loss = 0.02182169
Iteration 28, loss = 0.02050963
Iteration 29, loss = 0.01927148
Iteration 30, loss = 0.01831909
Iteration 31, loss = 0.01734436
Iteration 32, loss = 0.01646900
Iteration 33, loss = 0.01561623
Iteration 34, loss = 0.01494935
Iteration 35, loss = 0.01420922
Iteration 36, loss = 0.01358022
Iteration 37, loss = 0.01296259
Iteration 38, loss = 0.01244803
Iteration 39, loss = 0.01190917
Iteration 40, loss = 0.01139964
Iteration 41, loss = 0.01096755
Iteration 42, loss = 0.01053720
Iteration 43, loss = 0.01015340
Iteration 44, loss = 0.00977497
Iteration 45, loss = 0.00940078
Iteration 46, loss = 0.00906202
Iteration 47, loss = 0.00874571
Iteration 48, loss = 0.00845503
Iteration 49, loss = 0.00812611
Iteration 50, loss = 0.00785831
Iteration 51, loss = 0.00761254
Iteration 52, loss = 0.00738028
Iteration 53, loss = 0.00713419
Iteration 54, loss = 0.00693577
Iteration 55, loss = 0.00666912
Iteration 56, loss = 0.00648593
Iteration 57, loss = 0.00628216
Iteration 58, loss = 0.00609621
Iteration 59, loss = 0.00592074
Iteration 60, loss = 0.00572913
Iteration 61, loss = 0.00559083
Iteration 62, loss = 0.00542908
Iteration 63, loss = 0.00528234
Iteration 64, loss = 0.00514072
Iteration 65, loss = 0.00501737
Iteration 66, loss = 0.00487285
Iteration 67, loss = 0.00473810
Iteration 68, loss = 0.00462662
Iteration 69, loss = 0.00450952
Iteration 70, loss = 0.00439647
Iteration 71, loss = 0.00426529
Iteration 72, loss = 0.00417781
Iteration 73, loss = 0.00407081
Iteration 74, loss = 0.00396004
Iteration 75, loss = 0.00388225
Iteration 76, loss = 0.00378854
Iteration 77, loss = 0.00368743
Iteration 78, loss = 0.00361376
Iteration 79, loss = 0.00352593
Iteration 80, loss = 0.00344284
Iteration 81, loss = 0.00336319
Iteration 82, loss = 0.00328519
Iteration 83, loss = 0.00321102
Iteration 84, loss = 0.00313070
Iteration 85, loss = 0.00306461
Iteration 86, loss = 0.00299753
Iteration 87, loss = 0.00294052
Iteration 88, loss = 0.00287307
Training loss did not improve more than tol=0.000100 for 10 consecutive epochs. Stopping.
fold=3/10 OOF_accuracy=0.733333 OOF_AUC=0.751196
Iteration 1, loss = 0.68122500
Iteration 2, loss = 0.53733733
Iteration 3, loss = 0.43021950
Iteration 4, loss = 0.34842915
Iteration 5, loss = 0.28624403
Iteration 6, loss = 0.23770236
Iteration 7, loss = 0.19829671
Iteration 8, loss = 0.16720460
Iteration 9, loss = 0.14209380
Iteration 10, loss = 0.12158585
Iteration 11, loss = 0.10470132
Iteration 12, loss = 0.09082751
Iteration 13, loss = 0.07901056
Iteration 14, loss = 0.06879093
Iteration 15, loss = 0.06058624
Iteration 16, loss = 0.05360395
Iteration 17, loss = 0.04765242
Iteration 18, loss = 0.04250638
Iteration 19, loss = 0.03846629
Iteration 20, loss = 0.03459818
Iteration 21, loss = 0.03144335
Iteration 22, loss = 0.02874764
Iteration 23, loss = 0.02640501
Iteration 24, loss = 0.02416164
Iteration 25, loss = 0.02250005
Iteration 26, loss = 0.02091835
Iteration 27, loss = 0.01948585
Iteration 28, loss = 0.01823612
Iteration 29, loss = 0.01711393
Iteration 30, loss = 0.01613673
Iteration 31, loss = 0.01524197
Iteration 32, loss = 0.01436289
Iteration 33, loss = 0.01366214
Iteration 34, loss = 0.01295441
Iteration 35, loss = 0.01227467
Iteration 36, loss = 0.01170161
Iteration 37, loss = 0.01115160
Iteration 38, loss = 0.01066903
Iteration 39, loss = 0.01018950
Iteration 40, loss = 0.00976663
Iteration 41, loss = 0.00936928
Iteration 42, loss = 0.00897902
Iteration 43, loss = 0.00864006
Iteration 44, loss = 0.00829647
Iteration 45, loss = 0.00799031
Iteration 46, loss = 0.00771595
Iteration 47, loss = 0.00745342
Iteration 48, loss = 0.00720418
Iteration 49, loss = 0.00695870
Iteration 50, loss = 0.00673746
Iteration 51, loss = 0.00653790
Iteration 52, loss = 0.00632954
Iteration 53, loss = 0.00613858
Iteration 54, loss = 0.00597322
Iteration 55, loss = 0.00578435
Iteration 56, loss = 0.00559607
Iteration 57, loss = 0.00544179
Iteration 58, loss = 0.00528924
Iteration 59, loss = 0.00513507
Iteration 60, loss = 0.00497246
Iteration 61, loss = 0.00484141
Iteration 62, loss = 0.00472186
Iteration 63, loss = 0.00458483
Iteration 64, loss = 0.00446060
Iteration 65, loss = 0.00435187
Iteration 66, loss = 0.00425180
Iteration 67, loss = 0.00414565
Iteration 68, loss = 0.00405605
Iteration 69, loss = 0.00395014
Iteration 70, loss = 0.00386402
Iteration 71, loss = 0.00378065
Iteration 72, loss = 0.00369428
Iteration 73, loss = 0.00361460
Iteration 74, loss = 0.00353597
Iteration 75, loss = 0.00345056
Iteration 76, loss = 0.00338266
Iteration 77, loss = 0.00331841
Iteration 78, loss = 0.00324389
Iteration 79, loss = 0.00317947
Iteration 80, loss = 0.00310269
Training loss did not improve more than tol=0.000100 for 10 consecutive epochs. Stopping.
fold=4/10 OOF_accuracy=0.766667 OOF_AUC=0.741627
Iteration 1, loss = 0.72730556
Iteration 2, loss = 0.58074202
Iteration 3, loss = 0.46405422
Iteration 4, loss = 0.37049948
Iteration 5, loss = 0.29724061
Iteration 6, loss = 0.23952596
Iteration 7, loss = 0.19466705
Iteration 8, loss = 0.15885200
Iteration 9, loss = 0.13074223
Iteration 10, loss = 0.10912326
Iteration 11, loss = 0.09200521
Iteration 12, loss = 0.07814704
Iteration 13, loss = 0.06728191
Iteration 14, loss = 0.05856354
Iteration 15, loss = 0.05155701
Iteration 16, loss = 0.04551225
Iteration 17, loss = 0.04107040
Iteration 18, loss = 0.03688622
Iteration 19, loss = 0.03330869
Iteration 20, loss = 0.03045077
Iteration 21, loss = 0.02799064
Iteration 22, loss = 0.02581186
Iteration 23, loss = 0.02386846
Iteration 24, loss = 0.02246987
Iteration 25, loss = 0.02101017
Iteration 26, loss = 0.01967930
Iteration 27, loss = 0.01853294
Iteration 28, loss = 0.01756044
Iteration 29, loss = 0.01656297
Iteration 30, loss = 0.01579775
Iteration 31, loss = 0.01496765
Iteration 32, loss = 0.01432603
Iteration 33, loss = 0.01365432
Iteration 34, loss = 0.01303589
Iteration 35, loss = 0.01248824
Iteration 36, loss = 0.01200358
Iteration 37, loss = 0.01149754
Iteration 38, loss = 0.01109294
Iteration 39, loss = 0.01066860
Iteration 40, loss = 0.01030131
Iteration 41, loss = 0.00991821
Iteration 42, loss = 0.00959353
Iteration 43, loss = 0.00927010
Iteration 44, loss = 0.00893706
Iteration 45, loss = 0.00867086
Iteration 46, loss = 0.00838251
Iteration 47, loss = 0.00816629
Iteration 48, loss = 0.00790033
Iteration 49, loss = 0.00767902
Iteration 50, loss = 0.00745201
Iteration 51, loss = 0.00721406
Iteration 52, loss = 0.00702736
Iteration 53, loss = 0.00684802
Iteration 54, loss = 0.00665682
Iteration 55, loss = 0.00646234
Iteration 56, loss = 0.00628285
Iteration 57, loss = 0.00611826
Iteration 58, loss = 0.00597197
Iteration 59, loss = 0.00581941
Iteration 60, loss = 0.00566375
Iteration 61, loss = 0.00552092
Iteration 62, loss = 0.00538011
Iteration 63, loss = 0.00523268
Iteration 64, loss = 0.00511365
Iteration 65, loss = 0.00499635
Iteration 66, loss = 0.00487663
Iteration 67, loss = 0.00477418
Iteration 68, loss = 0.00466523
Iteration 69, loss = 0.00454607
Iteration 70, loss = 0.00445618
Iteration 71, loss = 0.00435134
Iteration 72, loss = 0.00425119
Iteration 73, loss = 0.00416555
Iteration 74, loss = 0.00406947
Iteration 75, loss = 0.00398700
Iteration 76, loss = 0.00390011
Iteration 77, loss = 0.00381856
Iteration 78, loss = 0.00373671
Iteration 79, loss = 0.00365259
Iteration 80, loss = 0.00358544
Iteration 81, loss = 0.00351554
Iteration 82, loss = 0.00344612
Iteration 83, loss = 0.00337736
Training loss did not improve more than tol=0.000100 for 10 consecutive epochs. Stopping.
fold=5/10 OOF_accuracy=0.600000 OOF_AUC=0.708134
Iteration 1, loss = 0.69772276
Iteration 2, loss = 0.56844394
Iteration 3, loss = 0.46320743
Iteration 4, loss = 0.37875470
Iteration 5, loss = 0.30952876
Iteration 6, loss = 0.25181023
Iteration 7, loss = 0.20588404
Iteration 8, loss = 0.16865125
Iteration 9, loss = 0.13837770
Iteration 10, loss = 0.11432966
Iteration 11, loss = 0.09579983
Iteration 12, loss = 0.08139796
Iteration 13, loss = 0.06962420
Iteration 14, loss = 0.06038207
Iteration 15, loss = 0.05268123
Iteration 16, loss = 0.04635343
Iteration 17, loss = 0.04153281
Iteration 18, loss = 0.03725524
Iteration 19, loss = 0.03364458
Iteration 20, loss = 0.03072302
Iteration 21, loss = 0.02823153
Iteration 22, loss = 0.02586026
Iteration 23, loss = 0.02393541
Iteration 24, loss = 0.02223656
Iteration 25, loss = 0.02081724
Iteration 26, loss = 0.01935622
Iteration 27, loss = 0.01818978
Iteration 28, loss = 0.01720116
Iteration 29, loss = 0.01612768
Iteration 30, loss = 0.01531486
Iteration 31, loss = 0.01453326
Iteration 32, loss = 0.01375575
Iteration 33, loss = 0.01313535
Iteration 34, loss = 0.01250258
Iteration 35, loss = 0.01190811
Iteration 36, loss = 0.01133292
Iteration 37, loss = 0.01087231
Iteration 38, loss = 0.01039721
Iteration 39, loss = 0.00995081
Iteration 40, loss = 0.00955162
Iteration 41, loss = 0.00914978
Iteration 42, loss = 0.00882748
Iteration 43, loss = 0.00843117
Iteration 44, loss = 0.00813622
Iteration 45, loss = 0.00782783
Iteration 46, loss = 0.00753433
Iteration 47, loss = 0.00726836
Iteration 48, loss = 0.00700250
Iteration 49, loss = 0.00677325
Iteration 50, loss = 0.00653346
Iteration 51, loss = 0.00630909
Iteration 52, loss = 0.00611020
Iteration 53, loss = 0.00590887
Iteration 54, loss = 0.00572576
Iteration 55, loss = 0.00552824
Iteration 56, loss = 0.00536552
Iteration 57, loss = 0.00520372
Iteration 58, loss = 0.00503086
Iteration 59, loss = 0.00488644
Iteration 60, loss = 0.00474943
Iteration 61, loss = 0.00461597
Iteration 62, loss = 0.00447850
Iteration 63, loss = 0.00434841
Iteration 64, loss = 0.00422573
Iteration 65, loss = 0.00412527
Iteration 66, loss = 0.00400180
Iteration 67, loss = 0.00389634
Iteration 68, loss = 0.00379348
Iteration 69, loss = 0.00369390
Iteration 70, loss = 0.00359567
Iteration 71, loss = 0.00350543
Iteration 72, loss = 0.00342442
Iteration 73, loss = 0.00333139
Iteration 74, loss = 0.00324612
Iteration 75, loss = 0.00317357
Iteration 76, loss = 0.00309504
Iteration 77, loss = 0.00301924
Iteration 78, loss = 0.00295508
Iteration 79, loss = 0.00288357
Training loss did not improve more than tol=0.000100 for 10 consecutive epochs. Stopping.
fold=6/10 OOF_accuracy=0.833333 OOF_AUC=0.803828
Iteration 1, loss = 0.70625417
Iteration 2, loss = 0.56459558
Iteration 3, loss = 0.45341860
Iteration 4, loss = 0.37080982
Iteration 5, loss = 0.30461008
Iteration 6, loss = 0.25286243
Iteration 7, loss = 0.21056661
Iteration 8, loss = 0.17622077
Iteration 9, loss = 0.14917064
Iteration 10, loss = 0.12642762
Iteration 11, loss = 0.10824039
Iteration 12, loss = 0.09347339
Iteration 13, loss = 0.08096901
Iteration 14, loss = 0.07037804
Iteration 15, loss = 0.06161550
Iteration 16, loss = 0.05436128
Iteration 17, loss = 0.04800976
Iteration 18, loss = 0.04273691
Iteration 19, loss = 0.03788707
Iteration 20, loss = 0.03390274
Iteration 21, loss = 0.03058964
Iteration 22, loss = 0.02771878
Iteration 23, loss = 0.02512653
Iteration 24, loss = 0.02305176
Iteration 25, loss = 0.02116436
Iteration 26, loss = 0.01947005
Iteration 27, loss = 0.01815718
Iteration 28, loss = 0.01697342
Iteration 29, loss = 0.01579514
Iteration 30, loss = 0.01485704
Iteration 31, loss = 0.01402401
Iteration 32, loss = 0.01326483
Iteration 33, loss = 0.01257093
Iteration 34, loss = 0.01191070
Iteration 35, loss = 0.01134275
Iteration 36, loss = 0.01082112
Iteration 37, loss = 0.01029322
Iteration 38, loss = 0.00986734
Iteration 39, loss = 0.00942960
Iteration 40, loss = 0.00905537
Iteration 41, loss = 0.00870297
Iteration 42, loss = 0.00838867
Iteration 43, loss = 0.00805169
Iteration 44, loss = 0.00776944
Iteration 45, loss = 0.00748631
Iteration 46, loss = 0.00722507
Iteration 47, loss = 0.00697227
Iteration 48, loss = 0.00673530
Iteration 49, loss = 0.00652299
Iteration 50, loss = 0.00630082
Iteration 51, loss = 0.00610052
Iteration 52, loss = 0.00590610
Iteration 53, loss = 0.00572139
Iteration 54, loss = 0.00554574
Iteration 55, loss = 0.00536424
Iteration 56, loss = 0.00521160
Iteration 57, loss = 0.00506291
Iteration 58, loss = 0.00491405
Iteration 59, loss = 0.00477847
Iteration 60, loss = 0.00466441
Iteration 61, loss = 0.00452785
Iteration 62, loss = 0.00440559
Iteration 63, loss = 0.00428724
Iteration 64, loss = 0.00417933
Iteration 65, loss = 0.00406329
Iteration 66, loss = 0.00397099
Iteration 67, loss = 0.00387039
Iteration 68, loss = 0.00377041
Iteration 69, loss = 0.00368722
Iteration 70, loss = 0.00360658
Iteration 71, loss = 0.00351557
Iteration 72, loss = 0.00343753
Iteration 73, loss = 0.00336301
Iteration 74, loss = 0.00328196
Iteration 75, loss = 0.00321348
Iteration 76, loss = 0.00314376
Iteration 77, loss = 0.00308111
Iteration 78, loss = 0.00300788
Training loss did not improve more than tol=0.000100 for 10 consecutive epochs. Stopping.
fold=7/10 OOF_accuracy=0.733333 OOF_AUC=0.775120
Iteration 1, loss = 0.69193324
Iteration 2, loss = 0.55049310
Iteration 3, loss = 0.44342007
Iteration 4, loss = 0.36014097
Iteration 5, loss = 0.29436049
Iteration 6, loss = 0.24216219
Iteration 7, loss = 0.19988238
Iteration 8, loss = 0.16688520
Iteration 9, loss = 0.13908716
Iteration 10, loss = 0.11676278
Iteration 11, loss = 0.09932690
Iteration 12, loss = 0.08399361
Iteration 13, loss = 0.07152940
Iteration 14, loss = 0.06187956
Iteration 15, loss = 0.05341795
Iteration 16, loss = 0.04639963
Iteration 17, loss = 0.04100348
Iteration 18, loss = 0.03621296
Iteration 19, loss = 0.03275781
Iteration 20, loss = 0.02911260
Iteration 21, loss = 0.02657323
Iteration 22, loss = 0.02448887
Iteration 23, loss = 0.02255204
Iteration 24, loss = 0.02093091
Iteration 25, loss = 0.01953982
Iteration 26, loss = 0.01837667
Iteration 27, loss = 0.01725877
Iteration 28, loss = 0.01628629
Iteration 29, loss = 0.01542754
Iteration 30, loss = 0.01473286
Iteration 31, loss = 0.01398901
Iteration 32, loss = 0.01335981
Iteration 33, loss = 0.01277791
Iteration 34, loss = 0.01233084
Iteration 35, loss = 0.01181538
Iteration 36, loss = 0.01138357
Iteration 37, loss = 0.01092960
Iteration 38, loss = 0.01045973
Iteration 39, loss = 0.01007602
Iteration 40, loss = 0.00973923
Iteration 41, loss = 0.00941645
Iteration 42, loss = 0.00910827
Iteration 43, loss = 0.00884865
Iteration 44, loss = 0.00852651
Iteration 45, loss = 0.00828196
Iteration 46, loss = 0.00802109
Iteration 47, loss = 0.00779682
Iteration 48, loss = 0.00755281
Iteration 49, loss = 0.00732899
Iteration 50, loss = 0.00713224
Iteration 51, loss = 0.00695857
Iteration 52, loss = 0.00681059
Iteration 53, loss = 0.00660180
Iteration 54, loss = 0.00646935
Iteration 55, loss = 0.00629337
Iteration 56, loss = 0.00612726
Iteration 57, loss = 0.00599353
Iteration 58, loss = 0.00586974
Iteration 59, loss = 0.00582520
Iteration 60, loss = 0.00564827
Iteration 61, loss = 0.00555831
Iteration 62, loss = 0.00538666
Iteration 63, loss = 0.00528588
Iteration 64, loss = 0.00515908
Iteration 65, loss = 0.00505830
Iteration 66, loss = 0.00494637
Iteration 67, loss = 0.00485675
Iteration 68, loss = 0.00478385
Iteration 69, loss = 0.00477312
Iteration 70, loss = 0.00465910
Iteration 71, loss = 0.00459418
Iteration 72, loss = 0.00449455
Iteration 73, loss = 0.00436038
Iteration 74, loss = 0.00427316
Iteration 75, loss = 0.00418389
Iteration 76, loss = 0.00415953
Iteration 77, loss = 0.00407033
Iteration 78, loss = 0.00397574
Iteration 79, loss = 0.00391011
Iteration 80, loss = 0.00384422
Iteration 81, loss = 0.00379327
Iteration 82, loss = 0.00373458
Iteration 83, loss = 0.00367652
Iteration 84, loss = 0.00361450
Training loss did not improve more than tol=0.000100 for 10 consecutive epochs. Stopping.
fold=8/10 OOF_accuracy=0.666667 OOF_AUC=0.674641
Iteration 1, loss = 0.68665143
Iteration 2, loss = 0.55358438
Iteration 3, loss = 0.45294463
Iteration 4, loss = 0.37375071
Iteration 5, loss = 0.31332171
Iteration 6, loss = 0.26372141
Iteration 7, loss = 0.22462252
Iteration 8, loss = 0.19189727
Iteration 9, loss = 0.16430374
Iteration 10, loss = 0.14071031
Iteration 11, loss = 0.12039868
Iteration 12, loss = 0.10382021
Iteration 13, loss = 0.08989238
Iteration 14, loss = 0.07790267
Iteration 15, loss = 0.06759438
Iteration 16, loss = 0.05947476
Iteration 17, loss = 0.05275659
Iteration 18, loss = 0.04693114
Iteration 19, loss = 0.04200394
Iteration 20, loss = 0.03798367
Iteration 21, loss = 0.03446328
Iteration 22, loss = 0.03139550
Iteration 23, loss = 0.02891144
Iteration 24, loss = 0.02676843
Iteration 25, loss = 0.02474585
Iteration 26, loss = 0.02310919
Iteration 27, loss = 0.02162932
Iteration 28, loss = 0.02035485
Iteration 29, loss = 0.01901959
Iteration 30, loss = 0.01792534
Iteration 31, loss = 0.01700515
Iteration 32, loss = 0.01613913
Iteration 33, loss = 0.01525313
Iteration 34, loss = 0.01449317
Iteration 35, loss = 0.01378861
Iteration 36, loss = 0.01317910
Iteration 37, loss = 0.01254366
Iteration 38, loss = 0.01202931
Iteration 39, loss = 0.01155953
Iteration 40, loss = 0.01106718
Iteration 41, loss = 0.01056776
Iteration 42, loss = 0.01019407
Iteration 43, loss = 0.00984729
Iteration 44, loss = 0.00944944
Iteration 45, loss = 0.00913462
Iteration 46, loss = 0.00879262
Iteration 47, loss = 0.00850513
Iteration 48, loss = 0.00822559
Iteration 49, loss = 0.00794556
Iteration 50, loss = 0.00767579
Iteration 51, loss = 0.00746027
Iteration 52, loss = 0.00722819
Iteration 53, loss = 0.00699823
Iteration 54, loss = 0.00676476
Iteration 55, loss = 0.00660289
Iteration 56, loss = 0.00641175
Iteration 57, loss = 0.00620941
Iteration 58, loss = 0.00599832
Iteration 59, loss = 0.00583248
Iteration 60, loss = 0.00565041
Iteration 61, loss = 0.00548527
Iteration 62, loss = 0.00532659
Iteration 63, loss = 0.00518322
Iteration 64, loss = 0.00504403
Iteration 65, loss = 0.00491019
Iteration 66, loss = 0.00476790
Iteration 67, loss = 0.00464846
Iteration 68, loss = 0.00456206
Iteration 69, loss = 0.00443254
Iteration 70, loss = 0.00430650
Iteration 71, loss = 0.00420205
Iteration 72, loss = 0.00409156
Iteration 73, loss = 0.00399780
Iteration 74, loss = 0.00392410
Iteration 75, loss = 0.00382544
Iteration 76, loss = 0.00372433
Iteration 77, loss = 0.00363988
Iteration 78, loss = 0.00356480
Iteration 79, loss = 0.00348762
Iteration 80, loss = 0.00340508
Iteration 81, loss = 0.00333282
Iteration 82, loss = 0.00327057
Iteration 83, loss = 0.00319409
Iteration 84, loss = 0.00312735
Iteration 85, loss = 0.00306501
Iteration 86, loss = 0.00301439
Iteration 87, loss = 0.00294453
Training loss did not improve more than tol=0.000100 for 10 consecutive epochs. Stopping.
fold=9/10 OOF_accuracy=0.700000 OOF_AUC=0.770335
Iteration 1, loss = 0.68546189
Iteration 2, loss = 0.54889784
Iteration 3, loss = 0.44836861
Iteration 4, loss = 0.37184682
Iteration 5, loss = 0.30908935
Iteration 6, loss = 0.25979835
Iteration 7, loss = 0.21964899
Iteration 8, loss = 0.18711562
Iteration 9, loss = 0.16014367
Iteration 10, loss = 0.13824284
Iteration 11, loss = 0.11957203
Iteration 12, loss = 0.10377629
Iteration 13, loss = 0.09024815
Iteration 14, loss = 0.07897768
Iteration 15, loss = 0.06951926
Iteration 16, loss = 0.06131059
Iteration 17, loss = 0.05464713
Iteration 18, loss = 0.04864424
Iteration 19, loss = 0.04400100
Iteration 20, loss = 0.03966959
Iteration 21, loss = 0.03640345
Iteration 22, loss = 0.03340364
Iteration 23, loss = 0.03097247
Iteration 24, loss = 0.02876821
Iteration 25, loss = 0.02689322
Iteration 26, loss = 0.02508619
Iteration 27, loss = 0.02367183
Iteration 28, loss = 0.02227710
Iteration 29, loss = 0.02096066
Iteration 30, loss = 0.01988049
Iteration 31, loss = 0.01874533
Iteration 32, loss = 0.01780706
Iteration 33, loss = 0.01677109
Iteration 34, loss = 0.01600937
Iteration 35, loss = 0.01520044
Iteration 36, loss = 0.01456813
Iteration 37, loss = 0.01382428
Iteration 38, loss = 0.01319891
Iteration 39, loss = 0.01262872
Iteration 40, loss = 0.01208538
Iteration 41, loss = 0.01159671
Iteration 42, loss = 0.01113454
Iteration 43, loss = 0.01068176
Iteration 44, loss = 0.01026933
Iteration 45, loss = 0.00990941
Iteration 46, loss = 0.00951230
Iteration 47, loss = 0.00918997
Iteration 48, loss = 0.00888163
Iteration 49, loss = 0.00859706
Iteration 50, loss = 0.00827278
Iteration 51, loss = 0.00800419
Iteration 52, loss = 0.00774285
Iteration 53, loss = 0.00749291
Iteration 54, loss = 0.00723563
Iteration 55, loss = 0.00702259
Iteration 56, loss = 0.00681785
Iteration 57, loss = 0.00661081
Iteration 58, loss = 0.00640312
Iteration 59, loss = 0.00621111
Iteration 60, loss = 0.00603018
Iteration 61, loss = 0.00585874
Iteration 62, loss = 0.00568408
Iteration 63, loss = 0.00553462
Iteration 64, loss = 0.00537242
Iteration 65, loss = 0.00522470
Iteration 66, loss = 0.00507913
Iteration 67, loss = 0.00494573
Iteration 68, loss = 0.00481380
Iteration 69, loss = 0.00468549
Iteration 70, loss = 0.00457842
Iteration 71, loss = 0.00444671
Iteration 72, loss = 0.00433207
Iteration 73, loss = 0.00423916
Iteration 74, loss = 0.00413415
Iteration 75, loss = 0.00403903
Iteration 76, loss = 0.00393535
Iteration 77, loss = 0.00383720
Iteration 78, loss = 0.00375849
Iteration 79, loss = 0.00366852
Iteration 80, loss = 0.00359516
Iteration 81, loss = 0.00350474
Iteration 82, loss = 0.00342916
Iteration 83, loss = 0.00335349
Iteration 84, loss = 0.00328280
Iteration 85, loss = 0.00321697
Iteration 86, loss = 0.00314846
Iteration 87, loss = 0.00308092
Training loss did not improve more than tol=0.000100 for 10 consecutive epochs. Stopping.
fold=10/10 OOF_accuracy=0.700000 OOF_AUC=0.708134
Iteration 1, loss = 0.65723177
Iteration 2, loss = 0.52272709
Iteration 3, loss = 0.42103148
Iteration 4, loss = 0.34427589
Iteration 5, loss = 0.28464544
Iteration 6, loss = 0.23741724
Iteration 7, loss = 0.19926867
Iteration 8, loss = 0.16866593
Iteration 9, loss = 0.14331842
Iteration 10, loss = 0.12313030
Iteration 11, loss = 0.10642232
Iteration 12, loss = 0.09216705
Iteration 13, loss = 0.08123737
Iteration 14, loss = 0.07138237
Iteration 15, loss = 0.06310323
Iteration 16, loss = 0.05605772
Iteration 17, loss = 0.05045837
Iteration 18, loss = 0.04550821
Iteration 19, loss = 0.04118153
Iteration 20, loss = 0.03752950
Iteration 21, loss = 0.03435750
Iteration 22, loss = 0.03165598
Iteration 23, loss = 0.02932877
Iteration 24, loss = 0.02728439
Iteration 25, loss = 0.02556978
Iteration 26, loss = 0.02409443
Iteration 27, loss = 0.02266418
Iteration 28, loss = 0.02144556
Iteration 29, loss = 0.02032746
Iteration 30, loss = 0.01927245
Iteration 31, loss = 0.01831235
Iteration 32, loss = 0.01750306
Iteration 33, loss = 0.01659020
Iteration 34, loss = 0.01586266
Iteration 35, loss = 0.01512615
Iteration 36, loss = 0.01457133
Iteration 37, loss = 0.01389884
Iteration 38, loss = 0.01341065
Iteration 39, loss = 0.01286088
Iteration 40, loss = 0.01235235
Iteration 41, loss = 0.01184922
Iteration 42, loss = 0.01143568
Iteration 43, loss = 0.01094973
Iteration 44, loss = 0.01060436
Iteration 45, loss = 0.01023139
Iteration 46, loss = 0.00980926
Iteration 47, loss = 0.00951174
Iteration 48, loss = 0.00918566
Iteration 49, loss = 0.00884777
Iteration 50, loss = 0.00859419
Iteration 51, loss = 0.00828958
Iteration 52, loss = 0.00805376
Iteration 53, loss = 0.00783069
Iteration 54, loss = 0.00755014
Iteration 55, loss = 0.00733541
Iteration 56, loss = 0.00712829
Iteration 57, loss = 0.00691662
Iteration 58, loss = 0.00672206
Iteration 59, loss = 0.00654829
Iteration 60, loss = 0.00635984
Iteration 61, loss = 0.00618574
Iteration 62, loss = 0.00600331
Iteration 63, loss = 0.00584716
Iteration 64, loss = 0.00567918
Iteration 65, loss = 0.00553710
Iteration 66, loss = 0.00540367
Iteration 67, loss = 0.00526599
Iteration 68, loss = 0.00513733
Iteration 69, loss = 0.00499395
Iteration 70, loss = 0.00486762
Iteration 71, loss = 0.00476080
Iteration 72, loss = 0.00465649
Iteration 73, loss = 0.00454400
Iteration 74, loss = 0.00442912
Iteration 75, loss = 0.00432503
Iteration 76, loss = 0.00421654
Iteration 77, loss = 0.00412611
Iteration 78, loss = 0.00403538
Iteration 79, loss = 0.00394974
Iteration 80, loss = 0.00385324
Iteration 81, loss = 0.00376487
Iteration 82, loss = 0.00367798
Iteration 83, loss = 0.00360216
Iteration 84, loss = 0.00352234
Iteration 85, loss = 0.00344568
Iteration 86, loss = 0.00336391
Iteration 87, loss = 0.00328879
Training loss did not improve more than tol=0.000100 for 10 consecutive epochs. Stopping.
{"cv_oof": {"accuracy": 0.73, "balanced_accuracy": 0.7039930555555556, "sensitivity": 0.6111111111111112, "specificity": 0.796875, "f1_macro": 0.7052079921388797, "roc_auc": 0.7354841820987654, "confusion_matrix": [[153, 39], [42, 66]], "classification_report": {"0": {"precision": 0.7846153846153846, "recall": 0.796875, "f1-score": 0.7906976744186046, "support": 192.0}, "1": {"precision": 0.6285714285714286, "recall": 0.6111111111111112, "f1-score": 0.6197183098591549, "support": 108.0}, "accuracy": 0.73, "macro avg": {"precision": 0.7065934065934065, "recall": 0.7039930555555556, "f1-score": 0.7052079921388797, "support": 300.0}, "weighted avg": {"precision": 0.7284395604395604, "recall": 0.73, "f1-score": 0.7291451031772027, "support": 300.0}}}, "test": {"accuracy": 0.7534246575342466, "balanced_accuracy": 0.7483633387888706, "sensitivity": 0.7307692307692307, "specificity": 0.7659574468085106, "f1_macro": 0.7392857142857143, "roc_auc": 0.851063829787234, "confusion_matrix": [[36, 11], [7, 19]], "classification_report": {"0": {"precision": 0.8372093023255814, "recall": 0.7659574468085106, "f1-score": 0.8, "support": 47.0}, "1": {"precision": 0.6333333333333333, "recall": 0.7307692307692307, "f1-score": 0.6785714285714286, "support": 26.0}, "accuracy": 0.7534246575342466, "macro avg": {"precision": 0.7352713178294574, "recall": 0.7483633387888706, "f1-score": 0.7392857142857143, "support": 73.0}, "weighted avg": {"precision": 0.7645959435064245, "recall": 0.7534246575342466, "f1-score": 0.7567514677103718, "support": 73.0}}}, "folds": 10, "original_train_rows": 300, "train_rows": 384, "test_rows": 73, "elapsed_seconds": 1.8599999999860302}
