Command: ["C:\\Users\\IHCK\\AppData\\Local\\Programs\\Python\\Python312\\python.exe", "-u", "C:\\Users\\IHCK\\Desktop\\1_10_69Final\\Hippocampal-Shape-Analysis-for-Epilepsy-Detection\\Model\\train_dataset_model.py", "--dataset", "coef_raw", "--side", "left", "--model", "ResNet", "--kind", "coef", "--train-csv", "C:\\Users\\IHCK\\Desktop\\1_10_69Final\\Hippocampal-Shape-Analysis-for-Epilepsy-Detection\\Output_Dataset\\coef_raw\\left\\train_prepared.csv", "--test-csv", "C:\\Users\\IHCK\\Desktop\\1_10_69Final\\Hippocampal-Shape-Analysis-for-Epilepsy-Detection\\Output_Dataset\\coef_raw\\left\\test_prepared.csv", "--output-dir", "C:\\Users\\IHCK\\Desktop\\1_10_69Final\\Hippocampal-Shape-Analysis-for-Epilepsy-Detection\\Model_Results\\dataset_runs_20261003_10fold\\coef_raw\\left\\ResNet", "--epochs", "80", "--folds", "10", "--pls-components", "8", "--seed", "42", "--threads", "2"]
10-fold CV: dataset=coef_raw side=left model=ResNet; original_train=300 test=73
Device=cuda; epochs=80; batch=32; model=ResNet1D
epoch=1/80 loss=0.377210 seconds=0.67
epoch=2/80 loss=0.101844 seconds=0.05
epoch=3/80 loss=0.064343 seconds=0.05
epoch=4/80 loss=0.034776 seconds=0.03
epoch=5/80 loss=0.052088 seconds=0.05
epoch=6/80 loss=0.089567 seconds=0.03
epoch=7/80 loss=0.035150 seconds=0.05
epoch=8/80 loss=0.021898 seconds=0.05
epoch=9/80 loss=0.019053 seconds=0.03
epoch=10/80 loss=0.013181 seconds=0.05
epoch=11/80 loss=0.006365 seconds=0.03
epoch=12/80 loss=0.013546 seconds=0.03
epoch=13/80 loss=0.014956 seconds=0.05
epoch=14/80 loss=0.005312 seconds=0.03
epoch=15/80 loss=0.007001 seconds=0.03
epoch=16/80 loss=0.018226 seconds=0.05
epoch=17/80 loss=0.017069 seconds=0.03
epoch=18/80 loss=0.015534 seconds=0.05
epoch=19/80 loss=0.033088 seconds=0.03
epoch=20/80 loss=0.015238 seconds=0.05
epoch=21/80 loss=0.017745 seconds=0.03
epoch=22/80 loss=0.030681 seconds=0.05
epoch=23/80 loss=0.092438 seconds=0.03
epoch=24/80 loss=0.023872 seconds=0.03
epoch=25/80 loss=0.008865 seconds=0.03
epoch=26/80 loss=0.008551 seconds=0.05
epoch=27/80 loss=0.028523 seconds=0.05
epoch=28/80 loss=0.016046 seconds=0.03
epoch=29/80 loss=0.010210 seconds=0.05
epoch=30/80 loss=0.008116 seconds=0.05
epoch=31/80 loss=0.009426 seconds=0.03
epoch=32/80 loss=0.022013 seconds=0.05
epoch=33/80 loss=0.007004 seconds=0.03
epoch=34/80 loss=0.004235 seconds=0.03
epoch=35/80 loss=0.005132 seconds=0.05
epoch=36/80 loss=0.004054 seconds=0.03
epoch=37/80 loss=0.003659 seconds=0.05
epoch=38/80 loss=0.002940 seconds=0.05
epoch=39/80 loss=0.010637 seconds=0.03
epoch=40/80 loss=0.004507 seconds=0.05
epoch=41/80 loss=0.002035 seconds=0.03
epoch=42/80 loss=0.004953 seconds=0.05
epoch=43/80 loss=0.001198 seconds=0.05
epoch=44/80 loss=0.001499 seconds=0.03
epoch=45/80 loss=0.001560 seconds=0.05
epoch=46/80 loss=0.004005 seconds=0.05
epoch=47/80 loss=0.000633 seconds=0.03
epoch=48/80 loss=0.001024 seconds=0.05
epoch=49/80 loss=0.001929 seconds=0.05
epoch=50/80 loss=0.000703 seconds=0.03
epoch=51/80 loss=0.000972 seconds=0.05
epoch=52/80 loss=0.001478 seconds=0.03
epoch=53/80 loss=0.000793 seconds=0.05
epoch=54/80 loss=0.002956 seconds=0.05
epoch=55/80 loss=0.000408 seconds=0.03
epoch=56/80 loss=0.000587 seconds=0.05
epoch=57/80 loss=0.001864 seconds=0.05
epoch=58/80 loss=0.000426 seconds=0.03
epoch=59/80 loss=0.000612 seconds=0.05
epoch=60/80 loss=0.001817 seconds=0.05
epoch=61/80 loss=0.000430 seconds=0.03
epoch=62/80 loss=0.002429 seconds=0.05
epoch=63/80 loss=0.000397 seconds=0.03
epoch=64/80 loss=0.025028 seconds=0.05
epoch=65/80 loss=0.012696 seconds=0.05
epoch=66/80 loss=0.030231 seconds=0.03
epoch=67/80 loss=0.028770 seconds=0.05
epoch=68/80 loss=0.010580 seconds=0.03
epoch=69/80 loss=0.007015 seconds=0.03
epoch=70/80 loss=0.005732 seconds=0.05
epoch=71/80 loss=0.001103 seconds=0.03
epoch=72/80 loss=0.004848 seconds=0.05
epoch=73/80 loss=0.001162 seconds=0.05
epoch=74/80 loss=0.007802 seconds=0.03
epoch=75/80 loss=0.001934 seconds=0.05
epoch=76/80 loss=0.011955 seconds=0.03
epoch=77/80 loss=0.001431 seconds=0.05
epoch=78/80 loss=0.027093 seconds=0.05
epoch=79/80 loss=0.006875 seconds=0.03
epoch=80/80 loss=0.007107 seconds=0.05
fold=1/10 OOF_accuracy=0.766667 OOF_AUC=0.685000
Device=cuda; epochs=80; batch=32; model=ResNet1D
epoch=1/80 loss=0.384723 seconds=0.05
epoch=2/80 loss=0.088763 seconds=0.05
epoch=3/80 loss=0.041315 seconds=0.03
epoch=4/80 loss=0.030634 seconds=0.05
epoch=5/80 loss=0.044646 seconds=0.05
epoch=6/80 loss=0.033922 seconds=0.03
epoch=7/80 loss=0.025759 seconds=0.05
epoch=8/80 loss=0.028334 seconds=0.03
epoch=9/80 loss=0.052049 seconds=0.05
epoch=10/80 loss=0.020635 seconds=0.03
epoch=11/80 loss=0.011822 seconds=0.05
epoch=12/80 loss=0.029971 seconds=0.05
epoch=13/80 loss=0.035022 seconds=0.03
epoch=14/80 loss=0.009178 seconds=0.05
epoch=15/80 loss=0.012051 seconds=0.03
epoch=16/80 loss=0.018166 seconds=0.05
epoch=17/80 loss=0.014650 seconds=0.05
epoch=18/80 loss=0.007292 seconds=0.03
epoch=19/80 loss=0.028160 seconds=0.05
epoch=20/80 loss=0.048191 seconds=0.05
epoch=21/80 loss=0.007815 seconds=0.03
epoch=22/80 loss=0.014383 seconds=0.05
epoch=23/80 loss=0.022630 seconds=0.03
epoch=24/80 loss=0.035717 seconds=0.03
epoch=25/80 loss=0.040491 seconds=0.03
epoch=26/80 loss=0.010462 seconds=0.05
epoch=27/80 loss=0.011057 seconds=0.03
epoch=28/80 loss=0.015624 seconds=0.03
epoch=29/80 loss=0.006123 seconds=0.05
epoch=30/80 loss=0.021424 seconds=0.05
epoch=31/80 loss=0.005056 seconds=0.03
epoch=32/80 loss=0.008102 seconds=0.05
epoch=33/80 loss=0.003294 seconds=0.03
epoch=34/80 loss=0.002316 seconds=0.05
epoch=35/80 loss=0.002201 seconds=0.03
epoch=36/80 loss=0.003379 seconds=0.05
epoch=37/80 loss=0.003250 seconds=0.05
epoch=38/80 loss=0.005583 seconds=0.03
epoch=39/80 loss=0.002243 seconds=0.05
epoch=40/80 loss=0.008276 seconds=0.03
epoch=41/80 loss=0.002913 seconds=0.05
epoch=42/80 loss=0.002155 seconds=0.03
epoch=43/80 loss=0.000949 seconds=0.03
epoch=44/80 loss=0.001273 seconds=0.03
epoch=45/80 loss=0.001697 seconds=0.03
epoch=46/80 loss=0.009086 seconds=0.03
epoch=47/80 loss=0.018191 seconds=0.03
epoch=48/80 loss=0.037023 seconds=0.05
epoch=49/80 loss=0.002861 seconds=0.03
epoch=50/80 loss=0.005788 seconds=0.03
epoch=51/80 loss=0.002402 seconds=0.03
epoch=52/80 loss=0.002930 seconds=0.03
epoch=53/80 loss=0.001789 seconds=0.03
epoch=54/80 loss=0.009441 seconds=0.05
epoch=55/80 loss=0.000902 seconds=0.05
epoch=56/80 loss=0.002891 seconds=0.03
epoch=57/80 loss=0.004605 seconds=0.03
epoch=58/80 loss=0.001630 seconds=0.05
epoch=59/80 loss=0.001850 seconds=0.03
epoch=60/80 loss=0.009655 seconds=0.03
epoch=61/80 loss=0.000686 seconds=0.03
epoch=62/80 loss=0.015515 seconds=0.03
epoch=63/80 loss=0.016195 seconds=0.05
epoch=64/80 loss=0.079626 seconds=0.03
epoch=65/80 loss=0.035446 seconds=0.05
epoch=66/80 loss=0.028306 seconds=0.03
epoch=67/80 loss=0.013021 seconds=0.05
epoch=68/80 loss=0.012030 seconds=0.03
epoch=69/80 loss=0.014718 seconds=0.03
epoch=70/80 loss=0.014275 seconds=0.03
epoch=71/80 loss=0.030229 seconds=0.03
epoch=72/80 loss=0.007259 seconds=0.05
epoch=73/80 loss=0.002850 seconds=0.03
epoch=74/80 loss=0.008954 seconds=0.05
epoch=75/80 loss=0.002280 seconds=0.03
epoch=76/80 loss=0.015827 seconds=0.05
epoch=77/80 loss=0.007660 seconds=0.03
epoch=78/80 loss=0.035835 seconds=0.05
epoch=79/80 loss=0.002766 seconds=0.03
epoch=80/80 loss=0.007945 seconds=0.03
fold=2/10 OOF_accuracy=0.733333 OOF_AUC=0.620000
Device=cuda; epochs=80; batch=32; model=ResNet1D
epoch=1/80 loss=0.425841 seconds=0.03
epoch=2/80 loss=0.137865 seconds=0.03
epoch=3/80 loss=0.073306 seconds=0.03
epoch=4/80 loss=0.043475 seconds=0.03
epoch=5/80 loss=0.040939 seconds=0.03
epoch=6/80 loss=0.040417 seconds=0.03
epoch=7/80 loss=0.026962 seconds=0.03
epoch=8/80 loss=0.021790 seconds=0.03
epoch=9/80 loss=0.011576 seconds=0.03
epoch=10/80 loss=0.010610 seconds=0.03
epoch=11/80 loss=0.005410 seconds=0.05
epoch=12/80 loss=0.008749 seconds=0.03
epoch=13/80 loss=0.032389 seconds=0.03
epoch=14/80 loss=0.006216 seconds=0.03
epoch=15/80 loss=0.008707 seconds=0.05
epoch=16/80 loss=0.007410 seconds=0.03
epoch=17/80 loss=0.010277 seconds=0.05
epoch=18/80 loss=0.031006 seconds=0.03
epoch=19/80 loss=0.012039 seconds=0.03
epoch=20/80 loss=0.011705 seconds=0.03
epoch=21/80 loss=0.029957 seconds=0.03
epoch=22/80 loss=0.015234 seconds=0.03
epoch=23/80 loss=0.016955 seconds=0.03
epoch=24/80 loss=0.007720 seconds=0.03
epoch=25/80 loss=0.011225 seconds=0.05
epoch=26/80 loss=0.005987 seconds=0.03
epoch=27/80 loss=0.013842 seconds=0.03
epoch=28/80 loss=0.020280 seconds=0.03
epoch=29/80 loss=0.011070 seconds=0.03
epoch=30/80 loss=0.021739 seconds=0.05
epoch=31/80 loss=0.026418 seconds=0.03
epoch=32/80 loss=0.019609 seconds=0.03
epoch=33/80 loss=0.004423 seconds=0.03
epoch=34/80 loss=0.002466 seconds=0.05
epoch=35/80 loss=0.002303 seconds=0.03
epoch=36/80 loss=0.003261 seconds=0.05
epoch=37/80 loss=0.001580 seconds=0.03
epoch=38/80 loss=0.002528 seconds=0.03
epoch=39/80 loss=0.002479 seconds=0.05
epoch=40/80 loss=0.002530 seconds=0.03
epoch=41/80 loss=0.000783 seconds=0.05
epoch=42/80 loss=0.001094 seconds=0.03
epoch=43/80 loss=0.000657 seconds=0.05
epoch=44/80 loss=0.000695 seconds=0.03
epoch=45/80 loss=0.000774 seconds=0.03
epoch=46/80 loss=0.001108 seconds=0.03
epoch=47/80 loss=0.000469 seconds=0.03
epoch=48/80 loss=0.000581 seconds=0.03
epoch=49/80 loss=0.001419 seconds=0.03
epoch=50/80 loss=0.001040 seconds=0.05
epoch=51/80 loss=0.019258 seconds=0.03
epoch=52/80 loss=0.001117 seconds=0.03
epoch=53/80 loss=0.005362 seconds=0.05
epoch=54/80 loss=0.000673 seconds=0.03
epoch=55/80 loss=0.000641 seconds=0.03
epoch=56/80 loss=0.000959 seconds=0.03
epoch=57/80 loss=0.002746 seconds=0.03
epoch=58/80 loss=0.000411 seconds=0.05
epoch=59/80 loss=0.000730 seconds=0.03
epoch=60/80 loss=0.001143 seconds=0.03
epoch=61/80 loss=0.000422 seconds=0.03
epoch=62/80 loss=0.003620 seconds=0.05
epoch=63/80 loss=0.024736 seconds=0.03
epoch=64/80 loss=0.002050 seconds=0.03
epoch=65/80 loss=0.002145 seconds=0.03
epoch=66/80 loss=0.004525 seconds=0.05
epoch=67/80 loss=0.000894 seconds=0.03
epoch=68/80 loss=0.000620 seconds=0.03
epoch=69/80 loss=0.000886 seconds=0.03
epoch=70/80 loss=0.000306 seconds=0.03
epoch=71/80 loss=0.000362 seconds=0.03
epoch=72/80 loss=0.004085 seconds=0.05
epoch=73/80 loss=0.000485 seconds=0.03
epoch=74/80 loss=0.001000 seconds=0.05
epoch=75/80 loss=0.000298 seconds=0.03
epoch=76/80 loss=0.001246 seconds=0.05
epoch=77/80 loss=0.000414 seconds=0.03
epoch=78/80 loss=0.000751 seconds=0.03
epoch=79/80 loss=0.000461 seconds=0.02
epoch=80/80 loss=0.000340 seconds=0.03
fold=3/10 OOF_accuracy=0.700000 OOF_AUC=0.708134
Device=cuda; epochs=80; batch=32; model=ResNet1D
epoch=1/80 loss=0.432194 seconds=0.03
epoch=2/80 loss=0.134144 seconds=0.05
epoch=3/80 loss=0.066910 seconds=0.05
epoch=4/80 loss=0.037240 seconds=0.03
epoch=5/80 loss=0.043335 seconds=0.03
epoch=6/80 loss=0.030317 seconds=0.03
epoch=7/80 loss=0.030247 seconds=0.03
epoch=8/80 loss=0.018419 seconds=0.05
epoch=9/80 loss=0.014559 seconds=0.03
epoch=10/80 loss=0.013292 seconds=0.03
epoch=11/80 loss=0.012878 seconds=0.03
epoch=12/80 loss=0.023885 seconds=0.05
epoch=13/80 loss=0.061927 seconds=0.03
epoch=14/80 loss=0.008294 seconds=0.03
epoch=15/80 loss=0.008239 seconds=0.03
epoch=16/80 loss=0.008231 seconds=0.03
epoch=17/80 loss=0.003029 seconds=0.03
epoch=18/80 loss=0.023138 seconds=0.03
epoch=19/80 loss=0.024082 seconds=0.03
epoch=20/80 loss=0.038912 seconds=0.03
epoch=21/80 loss=0.012462 seconds=0.03
epoch=22/80 loss=0.015355 seconds=0.03
epoch=23/80 loss=0.012074 seconds=0.05
epoch=24/80 loss=0.007813 seconds=0.03
epoch=25/80 loss=0.008200 seconds=0.05
epoch=26/80 loss=0.004537 seconds=0.03
epoch=27/80 loss=0.007177 seconds=0.05
epoch=28/80 loss=0.007841 seconds=0.03
epoch=29/80 loss=0.001707 seconds=0.05
epoch=30/80 loss=0.002836 seconds=0.05
epoch=31/80 loss=0.001735 seconds=0.03
epoch=32/80 loss=0.002883 seconds=0.05
epoch=33/80 loss=0.002000 seconds=0.03
epoch=34/80 loss=0.001124 seconds=0.05
epoch=35/80 loss=0.001600 seconds=0.05
epoch=36/80 loss=0.001231 seconds=0.03
epoch=37/80 loss=0.001221 seconds=0.05
epoch=38/80 loss=0.003622 seconds=0.03
epoch=39/80 loss=0.002456 seconds=0.05
epoch=40/80 loss=0.031104 seconds=0.05
epoch=41/80 loss=0.001283 seconds=0.05
epoch=42/80 loss=0.004953 seconds=0.03
epoch=43/80 loss=0.002944 seconds=0.05
epoch=44/80 loss=0.002865 seconds=0.03
epoch=45/80 loss=0.002109 seconds=0.05
epoch=46/80 loss=0.002102 seconds=0.03
epoch=47/80 loss=0.001056 seconds=0.05
epoch=48/80 loss=0.000663 seconds=0.03
epoch=49/80 loss=0.001137 seconds=0.03
epoch=50/80 loss=0.000561 seconds=0.03
epoch=51/80 loss=0.002431 seconds=0.05
epoch=52/80 loss=0.003707 seconds=0.03
epoch=53/80 loss=0.002237 seconds=0.05
epoch=54/80 loss=0.006997 seconds=0.03
epoch=55/80 loss=0.030274 seconds=0.05
epoch=56/80 loss=0.027108 seconds=0.05
epoch=57/80 loss=0.012278 seconds=0.03
epoch=58/80 loss=0.009498 seconds=0.05
epoch=59/80 loss=0.003370 seconds=0.03
epoch=60/80 loss=0.005653 seconds=0.05
epoch=61/80 loss=0.000674 seconds=0.05
epoch=62/80 loss=0.001767 seconds=0.05
epoch=63/80 loss=0.000510 seconds=0.03
epoch=64/80 loss=0.002600 seconds=0.05
epoch=65/80 loss=0.001259 seconds=0.05
epoch=66/80 loss=0.002666 seconds=0.03
epoch=67/80 loss=0.001195 seconds=0.05
epoch=68/80 loss=0.000579 seconds=0.05
epoch=69/80 loss=0.000981 seconds=0.03
epoch=70/80 loss=0.000284 seconds=0.05
epoch=71/80 loss=0.000312 seconds=0.03
epoch=72/80 loss=0.000894 seconds=0.05
epoch=73/80 loss=0.000375 seconds=0.03
epoch=74/80 loss=0.001070 seconds=0.05
epoch=75/80 loss=0.000273 seconds=0.03
epoch=76/80 loss=0.007140 seconds=0.05
epoch=77/80 loss=0.055887 seconds=0.03
epoch=78/80 loss=0.008114 seconds=0.05
epoch=79/80 loss=0.011062 seconds=0.05
epoch=80/80 loss=0.003226 seconds=0.03
fold=4/10 OOF_accuracy=0.766667 OOF_AUC=0.784689
Device=cuda; epochs=80; batch=32; model=ResNet1D
epoch=1/80 loss=0.407789 seconds=0.05
epoch=2/80 loss=0.138878 seconds=0.03
epoch=3/80 loss=0.082432 seconds=0.05
epoch=4/80 loss=0.044452 seconds=0.03
epoch=5/80 loss=0.039918 seconds=0.03
epoch=6/80 loss=0.041335 seconds=0.03
epoch=7/80 loss=0.023922 seconds=0.05
epoch=8/80 loss=0.024363 seconds=0.03
epoch=9/80 loss=0.023871 seconds=0.03
epoch=10/80 loss=0.031062 seconds=0.05
epoch=11/80 loss=0.009491 seconds=0.03
epoch=12/80 loss=0.024483 seconds=0.05
epoch=13/80 loss=0.024833 seconds=0.03
epoch=14/80 loss=0.016591 seconds=0.05
epoch=15/80 loss=0.009761 seconds=0.03
epoch=16/80 loss=0.018729 seconds=0.05
epoch=17/80 loss=0.004525 seconds=0.03
epoch=18/80 loss=0.005680 seconds=0.05
epoch=19/80 loss=0.016906 seconds=0.03
epoch=20/80 loss=0.021390 seconds=0.05
epoch=21/80 loss=0.017612 seconds=0.05
epoch=22/80 loss=0.016945 seconds=0.03
epoch=23/80 loss=0.019161 seconds=0.05
epoch=24/80 loss=0.011998 seconds=0.05
epoch=25/80 loss=0.014944 seconds=0.03
epoch=26/80 loss=0.013911 seconds=0.05
epoch=27/80 loss=0.010307 seconds=0.03
epoch=28/80 loss=0.036654 seconds=0.05
epoch=29/80 loss=0.022949 seconds=0.03
epoch=30/80 loss=0.015059 seconds=0.05
epoch=31/80 loss=0.017943 seconds=0.03
epoch=32/80 loss=0.018654 seconds=0.05
epoch=33/80 loss=0.003829 seconds=0.05
epoch=34/80 loss=0.004645 seconds=0.03
epoch=35/80 loss=0.003046 seconds=0.03
epoch=36/80 loss=0.002199 seconds=0.05
epoch=37/80 loss=0.003176 seconds=0.03
epoch=38/80 loss=0.003903 seconds=0.05
epoch=39/80 loss=0.004755 seconds=0.03
epoch=40/80 loss=0.005410 seconds=0.05
epoch=41/80 loss=0.000757 seconds=0.05
epoch=42/80 loss=0.005557 seconds=0.03
epoch=43/80 loss=0.002015 seconds=0.05
epoch=44/80 loss=0.001086 seconds=0.05
epoch=45/80 loss=0.001419 seconds=0.03
epoch=46/80 loss=0.002136 seconds=0.05
epoch=47/80 loss=0.000732 seconds=0.05
epoch=48/80 loss=0.000670 seconds=0.03
epoch=49/80 loss=0.003296 seconds=0.05
epoch=50/80 loss=0.002015 seconds=0.03
epoch=51/80 loss=0.005214 seconds=0.05
epoch=52/80 loss=0.001610 seconds=0.05
epoch=53/80 loss=0.001375 seconds=0.03
epoch=54/80 loss=0.001538 seconds=0.05
epoch=55/80 loss=0.000531 seconds=0.03
epoch=56/80 loss=0.000884 seconds=0.05
epoch=57/80 loss=0.002612 seconds=0.05
epoch=58/80 loss=0.000657 seconds=0.03
epoch=59/80 loss=0.002615 seconds=0.05
epoch=60/80 loss=0.001178 seconds=0.03
epoch=61/80 loss=0.000465 seconds=0.03
epoch=62/80 loss=0.000759 seconds=0.05
epoch=63/80 loss=0.000311 seconds=0.03
epoch=64/80 loss=0.000694 seconds=0.05
epoch=65/80 loss=0.012682 seconds=0.05
epoch=66/80 loss=0.021748 seconds=0.05
epoch=67/80 loss=0.029319 seconds=0.03
epoch=68/80 loss=0.010569 seconds=0.05
epoch=69/80 loss=0.010821 seconds=0.03
epoch=70/80 loss=0.001776 seconds=0.03
epoch=71/80 loss=0.001282 seconds=0.05
epoch=72/80 loss=0.002764 seconds=0.05
epoch=73/80 loss=0.001184 seconds=0.03
epoch=74/80 loss=0.001522 seconds=0.05
epoch=75/80 loss=0.000382 seconds=0.05
epoch=76/80 loss=0.003552 seconds=0.03
epoch=77/80 loss=0.000575 seconds=0.05
epoch=78/80 loss=0.020231 seconds=0.03
epoch=79/80 loss=0.006845 seconds=0.05
epoch=80/80 loss=0.000699 seconds=0.05
fold=5/10 OOF_accuracy=0.800000 OOF_AUC=0.846890
Device=cuda; epochs=80; batch=32; model=ResNet1D
epoch=1/80 loss=0.397586 seconds=0.03
epoch=2/80 loss=0.126465 seconds=0.05
epoch=3/80 loss=0.069622 seconds=0.05
epoch=4/80 loss=0.062766 seconds=0.03
epoch=5/80 loss=0.047675 seconds=0.05
epoch=6/80 loss=0.063176 seconds=0.03
epoch=7/80 loss=0.026511 seconds=0.05
epoch=8/80 loss=0.029158 seconds=0.05
epoch=9/80 loss=0.019293 seconds=0.03
epoch=10/80 loss=0.032662 seconds=0.05
epoch=11/80 loss=0.019480 seconds=0.05
epoch=12/80 loss=0.033941 seconds=0.03
epoch=13/80 loss=0.029472 seconds=0.05
epoch=14/80 loss=0.018268 seconds=0.03
epoch=15/80 loss=0.015007 seconds=0.05
epoch=16/80 loss=0.010090 seconds=0.03
epoch=17/80 loss=0.007280 seconds=0.05
epoch=18/80 loss=0.037137 seconds=0.05
epoch=19/80 loss=0.024690 seconds=0.03
epoch=20/80 loss=0.026303 seconds=0.05
epoch=21/80 loss=0.025363 seconds=0.03
epoch=22/80 loss=0.032060 seconds=0.03
epoch=23/80 loss=0.027283 seconds=0.05
epoch=24/80 loss=0.030698 seconds=0.05
epoch=25/80 loss=0.025575 seconds=0.03
epoch=26/80 loss=0.020639 seconds=0.05
epoch=27/80 loss=0.009132 seconds=0.05
epoch=28/80 loss=0.011504 seconds=0.03
epoch=29/80 loss=0.016827 seconds=0.03
epoch=30/80 loss=0.009226 seconds=0.05
epoch=31/80 loss=0.015200 seconds=0.03
epoch=32/80 loss=0.013533 seconds=0.05
epoch=33/80 loss=0.011744 seconds=0.05
epoch=34/80 loss=0.008862 seconds=0.03
epoch=35/80 loss=0.006504 seconds=0.05
epoch=36/80 loss=0.003418 seconds=0.03
epoch=37/80 loss=0.003951 seconds=0.05
epoch=38/80 loss=0.003162 seconds=0.03
epoch=39/80 loss=0.003321 seconds=0.05
epoch=40/80 loss=0.003847 seconds=0.05
epoch=41/80 loss=0.000985 seconds=0.03
epoch=42/80 loss=0.003089 seconds=0.05
epoch=43/80 loss=0.001266 seconds=0.03
epoch=44/80 loss=0.001620 seconds=0.03
epoch=45/80 loss=0.001838 seconds=0.05
epoch=46/80 loss=0.002705 seconds=0.05
epoch=47/80 loss=0.000751 seconds=0.05
epoch=48/80 loss=0.001068 seconds=0.03
epoch=49/80 loss=0.001101 seconds=0.03
epoch=50/80 loss=0.000588 seconds=0.05
epoch=51/80 loss=0.001262 seconds=0.03
epoch=52/80 loss=0.001386 seconds=0.05
epoch=53/80 loss=0.000705 seconds=0.03
epoch=54/80 loss=0.001633 seconds=0.05
epoch=55/80 loss=0.000495 seconds=0.03
epoch=56/80 loss=0.000498 seconds=0.05
epoch=57/80 loss=0.001209 seconds=0.05
epoch=58/80 loss=0.000404 seconds=0.03
epoch=59/80 loss=0.000599 seconds=0.05
epoch=60/80 loss=0.005494 seconds=0.03
epoch=61/80 loss=0.002000 seconds=0.05
epoch=62/80 loss=0.006232 seconds=0.03
epoch=63/80 loss=0.004390 seconds=0.05
epoch=64/80 loss=0.020738 seconds=0.05
epoch=65/80 loss=0.001861 seconds=0.03
epoch=66/80 loss=0.011032 seconds=0.05
epoch=67/80 loss=0.002691 seconds=0.03
epoch=68/80 loss=0.003970 seconds=0.03
epoch=69/80 loss=0.035898 seconds=0.05
epoch=70/80 loss=0.001603 seconds=0.03
epoch=71/80 loss=0.001241 seconds=0.05
epoch=72/80 loss=0.013413 seconds=0.05
epoch=73/80 loss=0.005722 seconds=0.03
epoch=74/80 loss=0.021393 seconds=0.05
epoch=75/80 loss=0.019363 seconds=0.03
epoch=76/80 loss=0.011071 seconds=0.05
epoch=77/80 loss=0.003455 seconds=0.03
epoch=78/80 loss=0.009909 seconds=0.03
epoch=79/80 loss=0.002325 seconds=0.05
epoch=80/80 loss=0.003386 seconds=0.03
fold=6/10 OOF_accuracy=0.833333 OOF_AUC=0.832536
Device=cuda; epochs=80; batch=32; model=ResNet1D
epoch=1/80 loss=0.425659 seconds=0.03
epoch=2/80 loss=0.124365 seconds=0.05
epoch=3/80 loss=0.069820 seconds=0.05
epoch=4/80 loss=0.032033 seconds=0.03
epoch=5/80 loss=0.031575 seconds=0.05
epoch=6/80 loss=0.026102 seconds=0.03
epoch=7/80 loss=0.012352 seconds=0.05
epoch=8/80 loss=0.009978 seconds=0.05
epoch=9/80 loss=0.010294 seconds=0.03
epoch=10/80 loss=0.007955 seconds=0.03
epoch=11/80 loss=0.006130 seconds=0.05
epoch=12/80 loss=0.028653 seconds=0.05
epoch=13/80 loss=0.017258 seconds=0.03
epoch=14/80 loss=0.018697 seconds=0.05
epoch=15/80 loss=0.010089 seconds=0.03
epoch=16/80 loss=0.008379 seconds=0.05
epoch=17/80 loss=0.004576 seconds=0.03
epoch=18/80 loss=0.018451 seconds=0.03
epoch=19/80 loss=0.039478 seconds=0.03
epoch=20/80 loss=0.015332 seconds=0.03
epoch=21/80 loss=0.031255 seconds=0.03
epoch=22/80 loss=0.012257 seconds=0.03
epoch=23/80 loss=0.029612 seconds=0.05
epoch=24/80 loss=0.018114 seconds=0.03
epoch=25/80 loss=0.014229 seconds=0.05
epoch=26/80 loss=0.012206 seconds=0.05
epoch=27/80 loss=0.005560 seconds=0.03
epoch=28/80 loss=0.010560 seconds=0.05
epoch=29/80 loss=0.002042 seconds=0.03
epoch=30/80 loss=0.022340 seconds=0.05
epoch=31/80 loss=0.001997 seconds=0.03
epoch=32/80 loss=0.007418 seconds=0.05
epoch=33/80 loss=0.002681 seconds=0.03
epoch=34/80 loss=0.011745 seconds=0.05
epoch=35/80 loss=0.003877 seconds=0.03
epoch=36/80 loss=0.001927 seconds=0.05
epoch=37/80 loss=0.003340 seconds=0.05
epoch=38/80 loss=0.001782 seconds=0.03
epoch=39/80 loss=0.002736 seconds=0.05
epoch=40/80 loss=0.002790 seconds=0.05
epoch=41/80 loss=0.000987 seconds=0.03
epoch=42/80 loss=0.001968 seconds=0.05
epoch=43/80 loss=0.000999 seconds=0.03
epoch=44/80 loss=0.000654 seconds=0.05
epoch=45/80 loss=0.000867 seconds=0.05
epoch=46/80 loss=0.000891 seconds=0.03
epoch=47/80 loss=0.000485 seconds=0.05
epoch=48/80 loss=0.000580 seconds=0.03
epoch=49/80 loss=0.000738 seconds=0.03
epoch=50/80 loss=0.000434 seconds=0.05
epoch=51/80 loss=0.000722 seconds=0.03
epoch=52/80 loss=0.000769 seconds=0.05
epoch=53/80 loss=0.000558 seconds=0.03
epoch=54/80 loss=0.000547 seconds=0.05
epoch=55/80 loss=0.000348 seconds=0.03
epoch=56/80 loss=0.000582 seconds=0.03
epoch=57/80 loss=0.000884 seconds=0.05
epoch=58/80 loss=0.000356 seconds=0.03
epoch=59/80 loss=0.000539 seconds=0.05
epoch=60/80 loss=0.000915 seconds=0.03
epoch=61/80 loss=0.000472 seconds=0.05
epoch=62/80 loss=0.000392 seconds=0.03
epoch=63/80 loss=0.000364 seconds=0.05
epoch=64/80 loss=0.000394 seconds=0.03
epoch=65/80 loss=0.000639 seconds=0.05
epoch=66/80 loss=0.000434 seconds=0.03
epoch=67/80 loss=0.000415 seconds=0.05
epoch=68/80 loss=0.000248 seconds=0.03
epoch=69/80 loss=0.000605 seconds=0.05
epoch=70/80 loss=0.000183 seconds=0.03
epoch=71/80 loss=0.000231 seconds=0.03
epoch=72/80 loss=0.000427 seconds=0.05
epoch=73/80 loss=0.000272 seconds=0.05
epoch=74/80 loss=0.000740 seconds=0.03
epoch=75/80 loss=0.000201 seconds=0.03
epoch=76/80 loss=0.002271 seconds=0.05
epoch=77/80 loss=0.000420 seconds=0.03
epoch=78/80 loss=0.031754 seconds=0.03
epoch=79/80 loss=0.004723 seconds=0.05
epoch=80/80 loss=0.030292 seconds=0.03
fold=7/10 OOF_accuracy=0.766667 OOF_AUC=0.760766
Device=cuda; epochs=80; batch=32; model=ResNet1D
epoch=1/80 loss=0.420831 seconds=0.05
epoch=2/80 loss=0.110092 seconds=0.03
epoch=3/80 loss=0.053469 seconds=0.05
epoch=4/80 loss=0.040613 seconds=0.03
epoch=5/80 loss=0.032693 seconds=0.03
epoch=6/80 loss=0.030407 seconds=0.05
epoch=7/80 loss=0.023088 seconds=0.03
epoch=8/80 loss=0.015733 seconds=0.03
epoch=9/80 loss=0.015595 seconds=0.03
epoch=10/80 loss=0.022644 seconds=0.03
epoch=11/80 loss=0.028913 seconds=0.05
epoch=12/80 loss=0.028203 seconds=0.03
epoch=13/80 loss=0.043151 seconds=0.03
epoch=14/80 loss=0.008725 seconds=0.03
epoch=15/80 loss=0.007620 seconds=0.05
epoch=16/80 loss=0.021318 seconds=0.03
epoch=17/80 loss=0.004774 seconds=0.05
epoch=18/80 loss=0.008844 seconds=0.05
epoch=19/80 loss=0.018652 seconds=0.03
epoch=20/80 loss=0.012454 seconds=0.03
epoch=21/80 loss=0.032665 seconds=0.03
epoch=22/80 loss=0.019068 seconds=0.05
epoch=23/80 loss=0.012043 seconds=0.03
epoch=24/80 loss=0.004466 seconds=0.05
epoch=25/80 loss=0.004006 seconds=0.03
epoch=26/80 loss=0.003881 seconds=0.03
epoch=27/80 loss=0.003110 seconds=0.03
epoch=28/80 loss=0.002716 seconds=0.05
epoch=29/80 loss=0.001254 seconds=0.03
epoch=30/80 loss=0.002183 seconds=0.05
epoch=31/80 loss=0.001582 seconds=0.03
epoch=32/80 loss=0.001876 seconds=0.05
epoch=33/80 loss=0.001662 seconds=0.03
epoch=34/80 loss=0.000974 seconds=0.03
epoch=35/80 loss=0.001276 seconds=0.05
epoch=36/80 loss=0.000963 seconds=0.03
epoch=37/80 loss=0.001003 seconds=0.05
epoch=38/80 loss=0.001140 seconds=0.03
epoch=39/80 loss=0.001216 seconds=0.05
epoch=40/80 loss=0.001183 seconds=0.05
epoch=41/80 loss=0.000506 seconds=0.03
epoch=42/80 loss=0.000904 seconds=0.05
epoch=43/80 loss=0.000638 seconds=0.05
epoch=44/80 loss=0.000528 seconds=0.03
epoch=45/80 loss=0.000660 seconds=0.05
epoch=46/80 loss=0.000792 seconds=0.03
epoch=47/80 loss=0.000423 seconds=0.05
epoch=48/80 loss=0.000512 seconds=0.05
epoch=49/80 loss=0.002057 seconds=0.03
epoch=50/80 loss=0.029580 seconds=0.03
epoch=51/80 loss=0.009171 seconds=0.05
epoch=52/80 loss=0.009698 seconds=0.03
epoch=53/80 loss=0.016885 seconds=0.03
epoch=54/80 loss=0.005586 seconds=0.03
epoch=55/80 loss=0.001316 seconds=0.05
epoch=56/80 loss=0.006622 seconds=0.03
epoch=57/80 loss=0.015758 seconds=0.03
epoch=58/80 loss=0.000714 seconds=0.05
epoch=59/80 loss=0.003149 seconds=0.03
epoch=60/80 loss=0.003768 seconds=0.03
epoch=61/80 loss=0.000512 seconds=0.03
epoch=62/80 loss=0.000609 seconds=0.05
epoch=63/80 loss=0.000532 seconds=0.03
epoch=64/80 loss=0.001022 seconds=0.03
epoch=65/80 loss=0.003039 seconds=0.05
epoch=66/80 loss=0.008230 seconds=0.03
epoch=67/80 loss=0.000878 seconds=0.03
epoch=68/80 loss=0.001327 seconds=0.05
epoch=69/80 loss=0.002640 seconds=0.05
epoch=70/80 loss=0.000300 seconds=0.03
epoch=71/80 loss=0.000400 seconds=0.05
epoch=72/80 loss=0.001437 seconds=0.05
epoch=73/80 loss=0.000321 seconds=0.03
epoch=74/80 loss=0.000738 seconds=0.05
epoch=75/80 loss=0.000232 seconds=0.03
epoch=76/80 loss=0.001374 seconds=0.05
epoch=77/80 loss=0.000676 seconds=0.05
epoch=78/80 loss=0.024947 seconds=0.03
epoch=79/80 loss=0.032394 seconds=0.03
epoch=80/80 loss=0.019222 seconds=0.05
fold=8/10 OOF_accuracy=0.766667 OOF_AUC=0.684211
Device=cuda; epochs=80; batch=32; model=ResNet1D
epoch=1/80 loss=0.419986 seconds=0.05
epoch=2/80 loss=0.112198 seconds=0.05
epoch=3/80 loss=0.056315 seconds=0.03
epoch=4/80 loss=0.030734 seconds=0.03
epoch=5/80 loss=0.034493 seconds=0.05
epoch=6/80 loss=0.043232 seconds=0.03
epoch=7/80 loss=0.030890 seconds=0.03
epoch=8/80 loss=0.018579 seconds=0.03
epoch=9/80 loss=0.013114 seconds=0.05
epoch=10/80 loss=0.023525 seconds=0.03
epoch=11/80 loss=0.019546 seconds=0.05
epoch=12/80 loss=0.052225 seconds=0.03
epoch=13/80 loss=0.035707 seconds=0.03
epoch=14/80 loss=0.008513 seconds=0.05
epoch=15/80 loss=0.011007 seconds=0.03
epoch=16/80 loss=0.009966 seconds=0.05
epoch=17/80 loss=0.003614 seconds=0.03
epoch=18/80 loss=0.007564 seconds=0.03
epoch=19/80 loss=0.005484 seconds=0.05
epoch=20/80 loss=0.003969 seconds=0.03
epoch=21/80 loss=0.002612 seconds=0.05
epoch=22/80 loss=0.003338 seconds=0.03
epoch=23/80 loss=0.004448 seconds=0.05
epoch=24/80 loss=0.001773 seconds=0.03
epoch=25/80 loss=0.002062 seconds=0.03
epoch=26/80 loss=0.014052 seconds=0.03
epoch=27/80 loss=0.002299 seconds=0.05
epoch=28/80 loss=0.006251 seconds=0.03
epoch=29/80 loss=0.001914 seconds=0.05
epoch=30/80 loss=0.016608 seconds=0.03
epoch=31/80 loss=0.010454 seconds=0.05
epoch=32/80 loss=0.004765 seconds=0.05
epoch=33/80 loss=0.007792 seconds=0.03
epoch=34/80 loss=0.004539 seconds=0.05
epoch=35/80 loss=0.002100 seconds=0.05
epoch=36/80 loss=0.001686 seconds=0.03
epoch=37/80 loss=0.001689 seconds=0.05
epoch=38/80 loss=0.001684 seconds=0.03
epoch=39/80 loss=0.002099 seconds=0.05
epoch=40/80 loss=0.001545 seconds=0.03
epoch=41/80 loss=0.000677 seconds=0.05
epoch=42/80 loss=0.001102 seconds=0.05
epoch=43/80 loss=0.000802 seconds=0.03
epoch=44/80 loss=0.000518 seconds=0.05
epoch=45/80 loss=0.000632 seconds=0.03
epoch=46/80 loss=0.000874 seconds=0.05
epoch=47/80 loss=0.000391 seconds=0.05
epoch=48/80 loss=0.000457 seconds=0.03
epoch=49/80 loss=0.000607 seconds=0.05
epoch=50/80 loss=0.000387 seconds=0.03
epoch=51/80 loss=0.000642 seconds=0.05
epoch=52/80 loss=0.000533 seconds=0.03
epoch=53/80 loss=0.000447 seconds=0.05
epoch=54/80 loss=0.000391 seconds=0.03
epoch=55/80 loss=0.000287 seconds=0.05
epoch=56/80 loss=0.000362 seconds=0.05
epoch=57/80 loss=0.000659 seconds=0.03
epoch=58/80 loss=0.000291 seconds=0.05
epoch=59/80 loss=0.000405 seconds=0.03
epoch=60/80 loss=0.000724 seconds=0.05
epoch=61/80 loss=0.000286 seconds=0.05
epoch=62/80 loss=0.000482 seconds=0.03
epoch=63/80 loss=0.000222 seconds=0.05
epoch=64/80 loss=0.000534 seconds=0.03
epoch=65/80 loss=0.000816 seconds=0.05
epoch=66/80 loss=0.000430 seconds=0.03
epoch=67/80 loss=0.000329 seconds=0.05
epoch=68/80 loss=0.000223 seconds=0.03
epoch=69/80 loss=0.000476 seconds=0.05
epoch=70/80 loss=0.000147 seconds=0.03
epoch=71/80 loss=0.000205 seconds=0.05
epoch=72/80 loss=0.000685 seconds=0.05
epoch=73/80 loss=0.000216 seconds=0.03
epoch=74/80 loss=0.000573 seconds=0.03
epoch=75/80 loss=0.000196 seconds=0.05
epoch=76/80 loss=0.001236 seconds=0.05
epoch=77/80 loss=0.000195 seconds=0.03
epoch=78/80 loss=0.001437 seconds=0.05
epoch=79/80 loss=0.000300 seconds=0.03
epoch=80/80 loss=0.043195 seconds=0.05
fold=9/10 OOF_accuracy=0.600000 OOF_AUC=0.698565
Device=cuda; epochs=80; batch=32; model=ResNet1D
epoch=1/80 loss=0.407843 seconds=0.05
epoch=2/80 loss=0.138729 seconds=0.03
epoch=3/80 loss=0.062315 seconds=0.03
epoch=4/80 loss=0.038582 seconds=0.05
epoch=5/80 loss=0.036711 seconds=0.05
epoch=6/80 loss=0.032429 seconds=0.03
epoch=7/80 loss=0.017551 seconds=0.03
epoch=8/80 loss=0.011898 seconds=0.03
epoch=9/80 loss=0.009482 seconds=0.05
epoch=10/80 loss=0.012143 seconds=0.03
epoch=11/80 loss=0.005857 seconds=0.03
epoch=12/80 loss=0.008327 seconds=0.03
epoch=13/80 loss=0.011630 seconds=0.05
epoch=14/80 loss=0.003094 seconds=0.03
epoch=15/80 loss=0.002946 seconds=0.03
epoch=16/80 loss=0.014735 seconds=0.03
epoch=17/80 loss=0.016738 seconds=0.05
epoch=18/80 loss=0.043574 seconds=0.03
epoch=19/80 loss=0.015041 seconds=0.03
epoch=20/80 loss=0.038616 seconds=0.03
epoch=21/80 loss=0.028709 seconds=0.03
epoch=22/80 loss=0.022324 seconds=0.03
epoch=23/80 loss=0.031301 seconds=0.03
epoch=24/80 loss=0.004812 seconds=0.05
epoch=25/80 loss=0.017450 seconds=0.03
epoch=26/80 loss=0.010135 seconds=0.03
epoch=27/80 loss=0.005511 seconds=0.05
epoch=28/80 loss=0.004660 seconds=0.03
epoch=29/80 loss=0.002105 seconds=0.03
epoch=30/80 loss=0.002585 seconds=0.05
epoch=31/80 loss=0.002731 seconds=0.03
epoch=32/80 loss=0.002996 seconds=0.03
epoch=33/80 loss=0.001326 seconds=0.05
epoch=34/80 loss=0.001524 seconds=0.03
epoch=35/80 loss=0.001355 seconds=0.05
epoch=36/80 loss=0.001455 seconds=0.03
epoch=37/80 loss=0.001734 seconds=0.05
epoch=38/80 loss=0.001312 seconds=0.05
epoch=39/80 loss=0.001963 seconds=0.03
epoch=40/80 loss=0.001637 seconds=0.03
epoch=41/80 loss=0.000576 seconds=0.03
epoch=42/80 loss=0.000905 seconds=0.03
epoch=43/80 loss=0.000637 seconds=0.05
epoch=44/80 loss=0.000766 seconds=0.05
epoch=45/80 loss=0.001312 seconds=0.05
epoch=46/80 loss=0.000922 seconds=0.02
epoch=47/80 loss=0.000554 seconds=0.05
epoch=48/80 loss=0.000588 seconds=0.03
epoch=49/80 loss=0.003953 seconds=0.05
epoch=50/80 loss=0.003028 seconds=0.03
epoch=51/80 loss=0.042705 seconds=0.03
epoch=52/80 loss=0.066683 seconds=0.03
epoch=53/80 loss=0.020666 seconds=0.05
epoch=54/80 loss=0.024605 seconds=0.03
epoch=55/80 loss=0.006097 seconds=0.05
epoch=56/80 loss=0.020058 seconds=0.03
epoch=57/80 loss=0.010728 seconds=0.05
epoch=58/80 loss=0.002799 seconds=0.03
epoch=59/80 loss=0.002459 seconds=0.05
epoch=60/80 loss=0.004435 seconds=0.03
epoch=61/80 loss=0.004724 seconds=0.03
epoch=62/80 loss=0.001317 seconds=0.02
epoch=63/80 loss=0.001698 seconds=0.05
epoch=64/80 loss=0.001566 seconds=0.03
epoch=65/80 loss=0.001875 seconds=0.03
epoch=66/80 loss=0.001045 seconds=0.03
epoch=67/80 loss=0.000769 seconds=0.03
epoch=68/80 loss=0.000447 seconds=0.05
epoch=69/80 loss=0.001054 seconds=0.03
epoch=70/80 loss=0.000307 seconds=0.03
epoch=71/80 loss=0.000437 seconds=0.05
epoch=72/80 loss=0.000739 seconds=0.03
epoch=73/80 loss=0.000468 seconds=0.05
epoch=74/80 loss=0.000987 seconds=0.05
epoch=75/80 loss=0.000337 seconds=0.03
epoch=76/80 loss=0.009418 seconds=0.05
epoch=77/80 loss=0.002023 seconds=0.03
epoch=78/80 loss=0.021831 seconds=0.03
epoch=79/80 loss=0.004218 seconds=0.05
epoch=80/80 loss=0.003826 seconds=0.03
fold=10/10 OOF_accuracy=0.700000 OOF_AUC=0.765550
Device=cuda; epochs=80; batch=32; model=ResNet1D
epoch=1/80 loss=0.397024 seconds=0.06
epoch=2/80 loss=0.132847 seconds=0.05
epoch=3/80 loss=0.054588 seconds=0.03
epoch=4/80 loss=0.060205 seconds=0.05
epoch=5/80 loss=0.035769 seconds=0.03
epoch=6/80 loss=0.040681 seconds=0.05
epoch=7/80 loss=0.033734 seconds=0.05
epoch=8/80 loss=0.024268 seconds=0.03
epoch=9/80 loss=0.065919 seconds=0.05
epoch=10/80 loss=0.036110 seconds=0.03
epoch=11/80 loss=0.017857 seconds=0.05
epoch=12/80 loss=0.020057 seconds=0.05
epoch=13/80 loss=0.014007 seconds=0.03
epoch=14/80 loss=0.021971 seconds=0.05
epoch=15/80 loss=0.029600 seconds=0.03
epoch=16/80 loss=0.013480 seconds=0.05
epoch=17/80 loss=0.013929 seconds=0.05
epoch=18/80 loss=0.059120 seconds=0.03
epoch=19/80 loss=0.033938 seconds=0.03
epoch=20/80 loss=0.016215 seconds=0.05
epoch=21/80 loss=0.013968 seconds=0.03
epoch=22/80 loss=0.048772 seconds=0.06
epoch=23/80 loss=0.052086 seconds=0.03
epoch=24/80 loss=0.019993 seconds=0.05
epoch=25/80 loss=0.012389 seconds=0.05
epoch=26/80 loss=0.036319 seconds=0.05
epoch=27/80 loss=0.040377 seconds=0.05
epoch=28/80 loss=0.013218 seconds=0.03
epoch=29/80 loss=0.005402 seconds=0.03
epoch=30/80 loss=0.004834 seconds=0.05
epoch=31/80 loss=0.005316 seconds=0.05
epoch=32/80 loss=0.035185 seconds=0.05
epoch=33/80 loss=0.052906 seconds=0.03
epoch=34/80 loss=0.012901 seconds=0.05
epoch=35/80 loss=0.026458 seconds=0.03
epoch=36/80 loss=0.003854 seconds=0.03
epoch=37/80 loss=0.024871 seconds=0.05
epoch=38/80 loss=0.016097 seconds=0.05
epoch=39/80 loss=0.004483 seconds=0.05
epoch=40/80 loss=0.031935 seconds=0.03
epoch=41/80 loss=0.013662 seconds=0.05
epoch=42/80 loss=0.038554 seconds=0.05
epoch=43/80 loss=0.007591 seconds=0.03
epoch=44/80 loss=0.011059 seconds=0.05
epoch=45/80 loss=0.001955 seconds=0.05
epoch=46/80 loss=0.002060 seconds=0.05
epoch=47/80 loss=0.002395 seconds=0.03
epoch=48/80 loss=0.014463 seconds=0.03
epoch=49/80 loss=0.037286 seconds=0.05
epoch=50/80 loss=0.008266 seconds=0.03
epoch=51/80 loss=0.009382 seconds=0.06
epoch=52/80 loss=0.023895 seconds=0.03
epoch=53/80 loss=0.031926 seconds=0.05
epoch=54/80 loss=0.043159 seconds=0.03
epoch=55/80 loss=0.011376 seconds=0.05
epoch=56/80 loss=0.006006 seconds=0.05
epoch=57/80 loss=0.003558 seconds=0.03
epoch=58/80 loss=0.019675 seconds=0.03
epoch=59/80 loss=0.043932 seconds=0.05
epoch=60/80 loss=0.044053 seconds=0.05
epoch=61/80 loss=0.027541 seconds=0.03
epoch=62/80 loss=0.023677 seconds=0.05
epoch=63/80 loss=0.089093 seconds=0.03
epoch=64/80 loss=0.016561 seconds=0.05
epoch=65/80 loss=0.019108 seconds=0.05
epoch=66/80 loss=0.019845 seconds=0.03
epoch=67/80 loss=0.027433 seconds=0.05
epoch=68/80 loss=0.018266 seconds=0.03
epoch=69/80 loss=0.032047 seconds=0.05
epoch=70/80 loss=0.010639 seconds=0.05
epoch=71/80 loss=0.008447 seconds=0.05
epoch=72/80 loss=0.006445 seconds=0.05
epoch=73/80 loss=0.004375 seconds=0.05
epoch=74/80 loss=0.003160 seconds=0.03
epoch=75/80 loss=0.002138 seconds=0.05
epoch=76/80 loss=0.002120 seconds=0.03
epoch=77/80 loss=0.001901 seconds=0.05
epoch=78/80 loss=0.001860 seconds=0.05
epoch=79/80 loss=0.002643 seconds=0.05
epoch=80/80 loss=0.001786 seconds=0.05
{"cv_oof": {"accuracy": 0.7433333333333333, "balanced_accuracy": 0.7164351851851851, "sensitivity": 0.6203703703703703, "specificity": 0.8125, "f1_macro": 0.7185638226586581, "roc_auc": 0.7351707175925926, "confusion_matrix": [[156, 36], [41, 67]], "classification_report": {"0": {"precision": 0.7918781725888325, "recall": 0.8125, "f1-score": 0.8020565552699229, "support": 192.0}, "1": {"precision": 0.6504854368932039, "recall": 0.6203703703703703, "f1-score": 0.6350710900473934, "support": 108.0}, "accuracy": 0.7433333333333333, "macro avg": {"precision": 0.7211818047410182, "recall": 0.7164351851851851, "f1-score": 0.7185638226586581, "support": 300.0}, "weighted avg": {"precision": 0.7409767877384063, "recall": 0.7433333333333333, "f1-score": 0.7419417877898123, "support": 300.0}}}, "test": {"accuracy": 0.7671232876712328, "balanced_accuracy": 0.7504091653027822, "sensitivity": 0.6923076923076923, "specificity": 0.8085106382978723, "f1_macro": 0.7482247920470684, "roc_auc": 0.8371522094926351, "confusion_matrix": [[38, 9], [8, 18]], "classification_report": {"0": {"precision": 0.8260869565217391, "recall": 0.8085106382978723, "f1-score": 0.8172043010752689, "support": 47.0}, "1": {"precision": 0.6666666666666666, "recall": 0.6923076923076923, "f1-score": 0.6792452830188679, "support": 26.0}, "accuracy": 0.7671232876712328, "macro avg": {"precision": 0.7463768115942029, "recall": 0.7504091653027822, "f1-score": 0.7482247920470684, "support": 73.0}, "weighted avg": {"precision": 0.7693071272582888, "recall": 0.7671232876712328, "f1-score": 0.7680682124524412, "support": 73.0}}}, "folds": 10, "original_train_rows": 300, "train_rows": 300, "test_rows": 73, "elapsed_seconds": 40.5}
