Command: ["C:\\Users\\IHCK\\AppData\\Local\\Programs\\Python\\Python312\\python.exe", "-u", "C:\\Users\\IHCK\\Desktop\\1_10_69Final\\Hippocampal-Shape-Analysis-for-Epilepsy-Detection\\Model\\train_dataset_model.py", "--dataset", "coef_plsda", "--side", "right", "--model", "SqueezeNet", "--kind", "coef", "--train-csv", "C:\\Users\\IHCK\\Desktop\\1_10_69Final\\Hippocampal-Shape-Analysis-for-Epilepsy-Detection\\Output_Dataset\\coef_plsda\\right\\train_prepared.csv", "--test-csv", "C:\\Users\\IHCK\\Desktop\\1_10_69Final\\Hippocampal-Shape-Analysis-for-Epilepsy-Detection\\Output_Dataset\\coef_plsda\\right\\test_prepared.csv", "--output-dir", "C:\\Users\\IHCK\\Desktop\\1_10_69Final\\Hippocampal-Shape-Analysis-for-Epilepsy-Detection\\Model_Results\\dataset_runs_20261003_10fold\\coef_plsda\\right\\SqueezeNet", "--epochs", "80", "--folds", "10", "--pls-components", "8", "--seed", "42", "--threads", "2"]
10-fold CV: dataset=coef_plsda side=right model=SqueezeNet; original_train=300 test=77
Device=cuda; epochs=80; batch=32; model=SqueezeNet1D
epoch=1/80 loss=0.692714 seconds=0.39
epoch=2/80 loss=0.685979 seconds=0.05
epoch=3/80 loss=0.652465 seconds=0.03
epoch=4/80 loss=0.534308 seconds=0.05
epoch=5/80 loss=0.401870 seconds=0.05
epoch=6/80 loss=0.347124 seconds=0.05
epoch=7/80 loss=0.292495 seconds=0.03
epoch=8/80 loss=0.249590 seconds=0.05
epoch=9/80 loss=0.221080 seconds=0.05
epoch=10/80 loss=0.203898 seconds=0.05
epoch=11/80 loss=0.194927 seconds=0.05
epoch=12/80 loss=0.175061 seconds=0.03
epoch=13/80 loss=0.175177 seconds=0.05
epoch=14/80 loss=0.161463 seconds=0.05
epoch=15/80 loss=0.156716 seconds=0.05
epoch=16/80 loss=0.154348 seconds=0.03
epoch=17/80 loss=0.152773 seconds=0.05
epoch=18/80 loss=0.176284 seconds=0.03
epoch=19/80 loss=0.148962 seconds=0.03
epoch=20/80 loss=0.145884 seconds=0.05
epoch=21/80 loss=0.130083 seconds=0.03
epoch=22/80 loss=0.129953 seconds=0.05
epoch=23/80 loss=0.135475 seconds=0.03
epoch=24/80 loss=0.125094 seconds=0.03
epoch=25/80 loss=0.117979 seconds=0.05
epoch=26/80 loss=0.111845 seconds=0.03
epoch=27/80 loss=0.131350 seconds=0.05
epoch=28/80 loss=0.095680 seconds=0.03
epoch=29/80 loss=0.119384 seconds=0.05
epoch=30/80 loss=0.106607 seconds=0.05
epoch=31/80 loss=0.093944 seconds=0.03
epoch=32/80 loss=0.100243 seconds=0.03
epoch=33/80 loss=0.101498 seconds=0.05
epoch=34/80 loss=0.084735 seconds=0.03
epoch=35/80 loss=0.074066 seconds=0.03
epoch=36/80 loss=0.078325 seconds=0.05
epoch=37/80 loss=0.083386 seconds=0.03
epoch=38/80 loss=0.079804 seconds=0.05
epoch=39/80 loss=0.075009 seconds=0.03
epoch=40/80 loss=0.065333 seconds=0.03
epoch=41/80 loss=0.072925 seconds=0.05
epoch=42/80 loss=0.058447 seconds=0.03
epoch=43/80 loss=0.063117 seconds=0.05
epoch=44/80 loss=0.059271 seconds=0.03
epoch=45/80 loss=0.057981 seconds=0.03
epoch=46/80 loss=0.049742 seconds=0.05
epoch=47/80 loss=0.062794 seconds=0.03
epoch=48/80 loss=0.066834 seconds=0.03
epoch=49/80 loss=0.058309 seconds=0.03
epoch=50/80 loss=0.067949 seconds=0.03
epoch=51/80 loss=0.047289 seconds=0.05
epoch=52/80 loss=0.035587 seconds=0.03
epoch=53/80 loss=0.059424 seconds=0.03
epoch=54/80 loss=0.063033 seconds=0.05
epoch=55/80 loss=0.064609 seconds=0.03
epoch=56/80 loss=0.050973 seconds=0.05
epoch=57/80 loss=0.043969 seconds=0.03
epoch=58/80 loss=0.048419 seconds=0.05
epoch=59/80 loss=0.037671 seconds=0.03
epoch=60/80 loss=0.033729 seconds=0.05
epoch=61/80 loss=0.038839 seconds=0.03
epoch=62/80 loss=0.024963 seconds=0.05
epoch=63/80 loss=0.029955 seconds=0.03
epoch=64/80 loss=0.023406 seconds=0.05
epoch=65/80 loss=0.031806 seconds=0.03
epoch=66/80 loss=0.043164 seconds=0.03
epoch=67/80 loss=0.027447 seconds=0.05
epoch=68/80 loss=0.015049 seconds=0.03
epoch=69/80 loss=0.026535 seconds=0.05
epoch=70/80 loss=0.017779 seconds=0.03
epoch=71/80 loss=0.015603 seconds=0.03
epoch=72/80 loss=0.022530 seconds=0.05
epoch=73/80 loss=0.017049 seconds=0.03
epoch=74/80 loss=0.016313 seconds=0.05
epoch=75/80 loss=0.011878 seconds=0.03
epoch=76/80 loss=0.014602 seconds=0.05
epoch=77/80 loss=0.024624 seconds=0.05
epoch=78/80 loss=0.092869 seconds=0.03
epoch=79/80 loss=0.020867 seconds=0.05
epoch=80/80 loss=0.024846 seconds=0.03
fold=1/10 OOF_accuracy=0.666667 OOF_AUC=0.704545
Device=cuda; epochs=80; batch=32; model=SqueezeNet1D
epoch=1/80 loss=0.692626 seconds=0.05
epoch=2/80 loss=0.685932 seconds=0.03
epoch=3/80 loss=0.657548 seconds=0.05
epoch=4/80 loss=0.574588 seconds=0.05
epoch=5/80 loss=0.454899 seconds=0.03
epoch=6/80 loss=0.403663 seconds=0.03
epoch=7/80 loss=0.344497 seconds=0.05
epoch=8/80 loss=0.308264 seconds=0.03
epoch=9/80 loss=0.269526 seconds=0.03
epoch=10/80 loss=0.237876 seconds=0.05
epoch=11/80 loss=0.235982 seconds=0.05
epoch=12/80 loss=0.194827 seconds=0.03
epoch=13/80 loss=0.172803 seconds=0.03
epoch=14/80 loss=0.169746 seconds=0.05
epoch=15/80 loss=0.161577 seconds=0.03
epoch=16/80 loss=0.137972 seconds=0.03
epoch=17/80 loss=0.139975 seconds=0.05
epoch=18/80 loss=0.116157 seconds=0.03
epoch=19/80 loss=0.104776 seconds=0.03
epoch=20/80 loss=0.110594 seconds=0.05
epoch=21/80 loss=0.095630 seconds=0.05
epoch=22/80 loss=0.068661 seconds=0.05
epoch=23/80 loss=0.085456 seconds=0.03
epoch=24/80 loss=0.071341 seconds=0.05
epoch=25/80 loss=0.065000 seconds=0.03
epoch=26/80 loss=0.067592 seconds=0.05
epoch=27/80 loss=0.153505 seconds=0.03
epoch=28/80 loss=0.073933 seconds=0.05
epoch=29/80 loss=0.053238 seconds=0.03
epoch=30/80 loss=0.047625 seconds=0.05
epoch=31/80 loss=0.030304 seconds=0.03
epoch=32/80 loss=0.046470 seconds=0.05
epoch=33/80 loss=0.037209 seconds=0.03
epoch=34/80 loss=0.037109 seconds=0.05
epoch=35/80 loss=0.030171 seconds=0.03
epoch=36/80 loss=0.027096 seconds=0.03
epoch=37/80 loss=0.027650 seconds=0.05
epoch=38/80 loss=0.045122 seconds=0.03
epoch=39/80 loss=0.034297 seconds=0.03
epoch=40/80 loss=0.020020 seconds=0.05
epoch=41/80 loss=0.017848 seconds=0.03
epoch=42/80 loss=0.034512 seconds=0.03
epoch=43/80 loss=0.037924 seconds=0.05
epoch=44/80 loss=0.026735 seconds=0.03
epoch=45/80 loss=0.022901 seconds=0.03
epoch=46/80 loss=0.020519 seconds=0.05
epoch=47/80 loss=0.017624 seconds=0.03
epoch=48/80 loss=0.014241 seconds=0.05
epoch=49/80 loss=0.012157 seconds=0.03
epoch=50/80 loss=0.013758 seconds=0.05
epoch=51/80 loss=0.013089 seconds=0.03
epoch=52/80 loss=0.011751 seconds=0.05
epoch=53/80 loss=0.007642 seconds=0.03
epoch=54/80 loss=0.010049 seconds=0.03
epoch=55/80 loss=0.014502 seconds=0.05
epoch=56/80 loss=0.042920 seconds=0.03
epoch=57/80 loss=0.020319 seconds=0.03
epoch=58/80 loss=0.016217 seconds=0.05
epoch=59/80 loss=0.018888 seconds=0.05
epoch=60/80 loss=0.018797 seconds=0.05
epoch=61/80 loss=0.011820 seconds=0.06
epoch=62/80 loss=0.017470 seconds=0.03
epoch=63/80 loss=0.022091 seconds=0.03
epoch=64/80 loss=0.005666 seconds=0.05
epoch=65/80 loss=0.013040 seconds=0.03
epoch=66/80 loss=0.016434 seconds=0.03
epoch=67/80 loss=0.006222 seconds=0.05
epoch=68/80 loss=0.007510 seconds=0.03
epoch=69/80 loss=0.007488 seconds=0.05
epoch=70/80 loss=0.009116 seconds=0.03
epoch=71/80 loss=0.010895 seconds=0.05
epoch=72/80 loss=0.011446 seconds=0.03
epoch=73/80 loss=0.020210 seconds=0.05
epoch=74/80 loss=0.052103 seconds=0.03
epoch=75/80 loss=0.074849 seconds=0.03
epoch=76/80 loss=0.018814 seconds=0.05
epoch=77/80 loss=0.015307 seconds=0.03
epoch=78/80 loss=0.006829 seconds=0.03
epoch=79/80 loss=0.004984 seconds=0.05
epoch=80/80 loss=0.008640 seconds=0.03
fold=2/10 OOF_accuracy=0.833333 OOF_AUC=0.937500
Device=cuda; epochs=80; batch=32; model=SqueezeNet1D
epoch=1/80 loss=0.693028 seconds=0.03
epoch=2/80 loss=0.688287 seconds=0.05
epoch=3/80 loss=0.668196 seconds=0.03
epoch=4/80 loss=0.603361 seconds=0.05
epoch=5/80 loss=0.489204 seconds=0.03
epoch=6/80 loss=0.382446 seconds=0.05
epoch=7/80 loss=0.311426 seconds=0.03
epoch=8/80 loss=0.263844 seconds=0.05
epoch=9/80 loss=0.228115 seconds=0.05
epoch=10/80 loss=0.185823 seconds=0.03
epoch=11/80 loss=0.187947 seconds=0.05
epoch=12/80 loss=0.148911 seconds=0.03
epoch=13/80 loss=0.166537 seconds=0.03
epoch=14/80 loss=0.133484 seconds=0.05
epoch=15/80 loss=0.131456 seconds=0.03
epoch=16/80 loss=0.122847 seconds=0.05
epoch=17/80 loss=0.098425 seconds=0.03
epoch=18/80 loss=0.114978 seconds=0.03
epoch=19/80 loss=0.114333 seconds=0.05
epoch=20/80 loss=0.097522 seconds=0.05
epoch=21/80 loss=0.097189 seconds=0.03
epoch=22/80 loss=0.134465 seconds=0.05
epoch=23/80 loss=0.090334 seconds=0.03
epoch=24/80 loss=0.091224 seconds=0.03
epoch=25/80 loss=0.096249 seconds=0.05
epoch=26/80 loss=0.080009 seconds=0.03
epoch=27/80 loss=0.082806 seconds=0.05
epoch=28/80 loss=0.085087 seconds=0.03
epoch=29/80 loss=0.061982 seconds=0.03
epoch=30/80 loss=0.087451 seconds=0.05
epoch=31/80 loss=0.072484 seconds=0.03
epoch=32/80 loss=0.059248 seconds=0.05
epoch=33/80 loss=0.063639 seconds=0.05
epoch=34/80 loss=0.045720 seconds=0.03
epoch=35/80 loss=0.095761 seconds=0.03
epoch=36/80 loss=0.081656 seconds=0.05
epoch=37/80 loss=0.047439 seconds=0.03
epoch=38/80 loss=0.053766 seconds=0.03
epoch=39/80 loss=0.068491 seconds=0.05
epoch=40/80 loss=0.065607 seconds=0.03
epoch=41/80 loss=0.040071 seconds=0.05
epoch=42/80 loss=0.075580 seconds=0.03
epoch=43/80 loss=0.055560 seconds=0.03
epoch=44/80 loss=0.064878 seconds=0.05
epoch=45/80 loss=0.099181 seconds=0.03
epoch=46/80 loss=0.055207 seconds=0.05
epoch=47/80 loss=0.045743 seconds=0.03
epoch=48/80 loss=0.063047 seconds=0.03
epoch=49/80 loss=0.050961 seconds=0.05
epoch=50/80 loss=0.043816 seconds=0.03
epoch=51/80 loss=0.032030 seconds=0.03
epoch=52/80 loss=0.033815 seconds=0.05
epoch=53/80 loss=0.039531 seconds=0.03
epoch=54/80 loss=0.039318 seconds=0.05
epoch=55/80 loss=0.031047 seconds=0.03
epoch=56/80 loss=0.031860 seconds=0.03
epoch=57/80 loss=0.034349 seconds=0.05
epoch=58/80 loss=0.022837 seconds=0.03
epoch=59/80 loss=0.021603 seconds=0.03
epoch=60/80 loss=0.025852 seconds=0.05
epoch=61/80 loss=0.020007 seconds=0.03
epoch=62/80 loss=0.025371 seconds=0.03
epoch=63/80 loss=0.037597 seconds=0.05
epoch=64/80 loss=0.018107 seconds=0.03
epoch=65/80 loss=0.024341 seconds=0.05
epoch=66/80 loss=0.022401 seconds=0.05
epoch=67/80 loss=0.032133 seconds=0.03
epoch=68/80 loss=0.038834 seconds=0.03
epoch=69/80 loss=0.031197 seconds=0.05
epoch=70/80 loss=0.018900 seconds=0.03
epoch=71/80 loss=0.012241 seconds=0.03
epoch=72/80 loss=0.012869 seconds=0.05
epoch=73/80 loss=0.017863 seconds=0.03
epoch=74/80 loss=0.016209 seconds=0.03
epoch=75/80 loss=0.075064 seconds=0.05
epoch=76/80 loss=0.103618 seconds=0.03
epoch=77/80 loss=0.062935 seconds=0.03
epoch=78/80 loss=0.080021 seconds=0.05
epoch=79/80 loss=0.036089 seconds=0.03
epoch=80/80 loss=0.023321 seconds=0.05
fold=3/10 OOF_accuracy=0.800000 OOF_AUC=0.738636
Device=cuda; epochs=80; batch=32; model=SqueezeNet1D
epoch=1/80 loss=0.693777 seconds=0.03
epoch=2/80 loss=0.692501 seconds=0.03
epoch=3/80 loss=0.691299 seconds=0.05
epoch=4/80 loss=0.679252 seconds=0.03
epoch=5/80 loss=0.631381 seconds=0.05
epoch=6/80 loss=0.504479 seconds=0.03
epoch=7/80 loss=0.375687 seconds=0.05
epoch=8/80 loss=0.313854 seconds=0.05
epoch=9/80 loss=0.247568 seconds=0.05
epoch=10/80 loss=0.219683 seconds=0.03
epoch=11/80 loss=0.183879 seconds=0.05
epoch=12/80 loss=0.169678 seconds=0.03
epoch=13/80 loss=0.119605 seconds=0.03
epoch=14/80 loss=0.092027 seconds=0.03
epoch=15/80 loss=0.098909 seconds=0.05
epoch=16/80 loss=0.090720 seconds=0.03
epoch=17/80 loss=0.090202 seconds=0.05
epoch=18/80 loss=0.132098 seconds=0.03
epoch=19/80 loss=0.072864 seconds=0.05
epoch=20/80 loss=0.043893 seconds=0.05
epoch=21/80 loss=0.036223 seconds=0.05
epoch=22/80 loss=0.063602 seconds=0.03
epoch=23/80 loss=0.047320 seconds=0.05
epoch=24/80 loss=0.046912 seconds=0.03
epoch=25/80 loss=0.033102 seconds=0.03
epoch=26/80 loss=0.029484 seconds=0.05
epoch=27/80 loss=0.022795 seconds=0.05
epoch=28/80 loss=0.018543 seconds=0.03
epoch=29/80 loss=0.020910 seconds=0.05
epoch=30/80 loss=0.015824 seconds=0.03
epoch=31/80 loss=0.012314 seconds=0.03
epoch=32/80 loss=0.014535 seconds=0.05
epoch=33/80 loss=0.010916 seconds=0.03
epoch=34/80 loss=0.017830 seconds=0.05
epoch=35/80 loss=0.013306 seconds=0.03
epoch=36/80 loss=0.020916 seconds=0.03
epoch=37/80 loss=0.008295 seconds=0.05
epoch=38/80 loss=0.009036 seconds=0.03
epoch=39/80 loss=0.007242 seconds=0.05
epoch=40/80 loss=0.007025 seconds=0.03
epoch=41/80 loss=0.006559 seconds=0.03
epoch=42/80 loss=0.004986 seconds=0.05
epoch=43/80 loss=0.005031 seconds=0.03
epoch=44/80 loss=0.004832 seconds=0.05
epoch=45/80 loss=0.008494 seconds=0.03
epoch=46/80 loss=0.006984 seconds=0.03
epoch=47/80 loss=0.003171 seconds=0.03
epoch=48/80 loss=0.003476 seconds=0.03
epoch=49/80 loss=0.003330 seconds=0.05
epoch=50/80 loss=0.002404 seconds=0.03
epoch=51/80 loss=0.004409 seconds=0.03
epoch=52/80 loss=0.002445 seconds=0.05
epoch=53/80 loss=0.001267 seconds=0.03
epoch=54/80 loss=0.001785 seconds=0.05
epoch=55/80 loss=0.003740 seconds=0.03
epoch=56/80 loss=0.009474 seconds=0.05
epoch=57/80 loss=0.008580 seconds=0.03
epoch=58/80 loss=0.048131 seconds=0.03
epoch=59/80 loss=0.057689 seconds=0.05
epoch=60/80 loss=0.009773 seconds=0.03
epoch=61/80 loss=0.027554 seconds=0.05
epoch=62/80 loss=0.015077 seconds=0.03
epoch=63/80 loss=0.008847 seconds=0.03
epoch=64/80 loss=0.005143 seconds=0.06
epoch=65/80 loss=0.003964 seconds=0.03
epoch=66/80 loss=0.003215 seconds=0.05
epoch=67/80 loss=0.003473 seconds=0.03
epoch=68/80 loss=0.001446 seconds=0.03
epoch=69/80 loss=0.000938 seconds=0.03
epoch=70/80 loss=0.002204 seconds=0.05
epoch=71/80 loss=0.001320 seconds=0.03
epoch=72/80 loss=0.002602 seconds=0.05
epoch=73/80 loss=0.004774 seconds=0.03
epoch=74/80 loss=0.004190 seconds=0.05
epoch=75/80 loss=0.002581 seconds=0.03
epoch=76/80 loss=0.002080 seconds=0.03
epoch=77/80 loss=0.003376 seconds=0.05
epoch=78/80 loss=0.008440 seconds=0.03
epoch=79/80 loss=0.040057 seconds=0.03
epoch=80/80 loss=0.088495 seconds=0.05
fold=4/10 OOF_accuracy=0.700000 OOF_AUC=0.744318
Device=cuda; epochs=80; batch=32; model=SqueezeNet1D
epoch=1/80 loss=0.692775 seconds=0.03
epoch=2/80 loss=0.686125 seconds=0.05
epoch=3/80 loss=0.654081 seconds=0.03
epoch=4/80 loss=0.526578 seconds=0.03
epoch=5/80 loss=0.369687 seconds=0.03
epoch=6/80 loss=0.323269 seconds=0.03
epoch=7/80 loss=0.232065 seconds=0.03
epoch=8/80 loss=0.207587 seconds=0.05
epoch=9/80 loss=0.180933 seconds=0.03
epoch=10/80 loss=0.153782 seconds=0.05
epoch=11/80 loss=0.172735 seconds=0.03
epoch=12/80 loss=0.161841 seconds=0.03
epoch=13/80 loss=0.122795 seconds=0.05
epoch=14/80 loss=0.106439 seconds=0.03
epoch=15/80 loss=0.121888 seconds=0.03
epoch=16/80 loss=0.098327 seconds=0.05
epoch=17/80 loss=0.103292 seconds=0.03
epoch=18/80 loss=0.156102 seconds=0.05
epoch=19/80 loss=0.139142 seconds=0.05
epoch=20/80 loss=0.109786 seconds=0.03
epoch=21/80 loss=0.092125 seconds=0.05
epoch=22/80 loss=0.086938 seconds=0.03
epoch=23/80 loss=0.080808 seconds=0.03
epoch=24/80 loss=0.075384 seconds=0.05
epoch=25/80 loss=0.076791 seconds=0.03
epoch=26/80 loss=0.072111 seconds=0.05
epoch=27/80 loss=0.072347 seconds=0.03
epoch=28/80 loss=0.059173 seconds=0.03
epoch=29/80 loss=0.064736 seconds=0.05
epoch=30/80 loss=0.067085 seconds=0.03
epoch=31/80 loss=0.055514 seconds=0.03
epoch=32/80 loss=0.061950 seconds=0.05
epoch=33/80 loss=0.061682 seconds=0.03
epoch=34/80 loss=0.049387 seconds=0.03
epoch=35/80 loss=0.050606 seconds=0.05
epoch=36/80 loss=0.052367 seconds=0.03
epoch=37/80 loss=0.053170 seconds=0.05
epoch=38/80 loss=0.056357 seconds=0.03
epoch=39/80 loss=0.059299 seconds=0.05
epoch=40/80 loss=0.056296 seconds=0.03
epoch=41/80 loss=0.053709 seconds=0.05
epoch=42/80 loss=0.054262 seconds=0.03
epoch=43/80 loss=0.034093 seconds=0.05
epoch=44/80 loss=0.036876 seconds=0.03
epoch=45/80 loss=0.037153 seconds=0.03
epoch=46/80 loss=0.048437 seconds=0.05
epoch=47/80 loss=0.026870 seconds=0.03
epoch=48/80 loss=0.039992 seconds=0.03
epoch=49/80 loss=0.042598 seconds=0.05
epoch=50/80 loss=0.062010 seconds=0.05
epoch=51/80 loss=0.041284 seconds=0.05
epoch=52/80 loss=0.038966 seconds=0.03
epoch=53/80 loss=0.020403 seconds=0.05
epoch=54/80 loss=0.024829 seconds=0.05
epoch=55/80 loss=0.027269 seconds=0.03
epoch=56/80 loss=0.024831 seconds=0.05
epoch=57/80 loss=0.022592 seconds=0.05
epoch=58/80 loss=0.022724 seconds=0.05
epoch=59/80 loss=0.022826 seconds=0.03
epoch=60/80 loss=0.022938 seconds=0.03
epoch=61/80 loss=0.013115 seconds=0.05
epoch=62/80 loss=0.013621 seconds=0.03
epoch=63/80 loss=0.019182 seconds=0.03
epoch=64/80 loss=0.013344 seconds=0.05
epoch=65/80 loss=0.024858 seconds=0.03
epoch=66/80 loss=0.022520 seconds=0.05
epoch=67/80 loss=0.025651 seconds=0.03
epoch=68/80 loss=0.026023 seconds=0.05
epoch=69/80 loss=0.020344 seconds=0.03
epoch=70/80 loss=0.026548 seconds=0.06
epoch=71/80 loss=0.015498 seconds=0.03
epoch=72/80 loss=0.017930 seconds=0.03
epoch=73/80 loss=0.017903 seconds=0.05
epoch=74/80 loss=0.014004 seconds=0.03
epoch=75/80 loss=0.011017 seconds=0.03
epoch=76/80 loss=0.011742 seconds=0.05
epoch=77/80 loss=0.011824 seconds=0.03
epoch=78/80 loss=0.009865 seconds=0.03
epoch=79/80 loss=0.011061 seconds=0.03
epoch=80/80 loss=0.010625 seconds=0.03
fold=5/10 OOF_accuracy=0.866667 OOF_AUC=0.965909
Device=cuda; epochs=80; batch=32; model=SqueezeNet1D
epoch=1/80 loss=0.692286 seconds=0.03
epoch=2/80 loss=0.683275 seconds=0.03
epoch=3/80 loss=0.640598 seconds=0.05
epoch=4/80 loss=0.495283 seconds=0.03
epoch=5/80 loss=0.346532 seconds=0.03
epoch=6/80 loss=0.320661 seconds=0.03
epoch=7/80 loss=0.288865 seconds=0.05
epoch=8/80 loss=0.271201 seconds=0.03
epoch=9/80 loss=0.256222 seconds=0.05
epoch=10/80 loss=0.242765 seconds=0.03
epoch=11/80 loss=0.231505 seconds=0.03
epoch=12/80 loss=0.215859 seconds=0.05
epoch=13/80 loss=0.191428 seconds=0.05
epoch=14/80 loss=0.188589 seconds=0.05
epoch=15/80 loss=0.199433 seconds=0.03
epoch=16/80 loss=0.199764 seconds=0.05
epoch=17/80 loss=0.154377 seconds=0.03
epoch=18/80 loss=0.153410 seconds=0.03
epoch=19/80 loss=0.142023 seconds=0.05
epoch=20/80 loss=0.142653 seconds=0.03
epoch=21/80 loss=0.131956 seconds=0.03
epoch=22/80 loss=0.136883 seconds=0.03
epoch=23/80 loss=0.122194 seconds=0.05
epoch=24/80 loss=0.110486 seconds=0.05
epoch=25/80 loss=0.132355 seconds=0.03
epoch=26/80 loss=0.144406 seconds=0.03
epoch=27/80 loss=0.113628 seconds=0.05
epoch=28/80 loss=0.106129 seconds=0.03
epoch=29/80 loss=0.104384 seconds=0.03
epoch=30/80 loss=0.102844 seconds=0.05
epoch=31/80 loss=0.087289 seconds=0.03
epoch=32/80 loss=0.094598 seconds=0.03
epoch=33/80 loss=0.121759 seconds=0.05
epoch=34/80 loss=0.089811 seconds=0.03
epoch=35/80 loss=0.085092 seconds=0.03
epoch=36/80 loss=0.076477 seconds=0.05
epoch=37/80 loss=0.080586 seconds=0.03
epoch=38/80 loss=0.065621 seconds=0.05
epoch=39/80 loss=0.078347 seconds=0.03
epoch=40/80 loss=0.110182 seconds=0.05
epoch=41/80 loss=0.072665 seconds=0.03
epoch=42/80 loss=0.103260 seconds=0.03
epoch=43/80 loss=0.070866 seconds=0.05
epoch=44/80 loss=0.064929 seconds=0.03
epoch=45/80 loss=0.070605 seconds=0.05
epoch=46/80 loss=0.057483 seconds=0.03
epoch=47/80 loss=0.061082 seconds=0.03
epoch=48/80 loss=0.048475 seconds=0.05
epoch=49/80 loss=0.041252 seconds=0.03
epoch=50/80 loss=0.040056 seconds=0.03
epoch=51/80 loss=0.058148 seconds=0.05
epoch=52/80 loss=0.081574 seconds=0.05
epoch=53/80 loss=0.042744 seconds=0.03
epoch=54/80 loss=0.033834 seconds=0.05
epoch=55/80 loss=0.030301 seconds=0.03
epoch=56/80 loss=0.030746 seconds=0.03
epoch=57/80 loss=0.024564 seconds=0.05
epoch=58/80 loss=0.030227 seconds=0.05
epoch=59/80 loss=0.044444 seconds=0.03
epoch=60/80 loss=0.025192 seconds=0.03
epoch=61/80 loss=0.032737 seconds=0.05
epoch=62/80 loss=0.037554 seconds=0.03
epoch=63/80 loss=0.026274 seconds=0.05
epoch=64/80 loss=0.014555 seconds=0.03
epoch=65/80 loss=0.015345 seconds=0.03
epoch=66/80 loss=0.028482 seconds=0.05
epoch=67/80 loss=0.031878 seconds=0.05
epoch=68/80 loss=0.048064 seconds=0.03
epoch=69/80 loss=0.018592 seconds=0.05
epoch=70/80 loss=0.017389 seconds=0.05
epoch=71/80 loss=0.017829 seconds=0.05
epoch=72/80 loss=0.016355 seconds=0.03
epoch=73/80 loss=0.021092 seconds=0.05
epoch=74/80 loss=0.031264 seconds=0.03
epoch=75/80 loss=0.015327 seconds=0.03
epoch=76/80 loss=0.009063 seconds=0.03
epoch=77/80 loss=0.010052 seconds=0.05
epoch=78/80 loss=0.009777 seconds=0.03
epoch=79/80 loss=0.011501 seconds=0.03
epoch=80/80 loss=0.009346 seconds=0.05
fold=6/10 OOF_accuracy=0.933333 OOF_AUC=0.988636
Device=cuda; epochs=80; batch=32; model=SqueezeNet1D
epoch=1/80 loss=0.692588 seconds=0.03
epoch=2/80 loss=0.685549 seconds=0.05
epoch=3/80 loss=0.652887 seconds=0.03
epoch=4/80 loss=0.531789 seconds=0.03
epoch=5/80 loss=0.389169 seconds=0.05
epoch=6/80 loss=0.337707 seconds=0.03
epoch=7/80 loss=0.314916 seconds=0.03
epoch=8/80 loss=0.274946 seconds=0.03
epoch=9/80 loss=0.255273 seconds=0.05
epoch=10/80 loss=0.232492 seconds=0.03
epoch=11/80 loss=0.239693 seconds=0.03
epoch=12/80 loss=0.226967 seconds=0.05
epoch=13/80 loss=0.209520 seconds=0.05
epoch=14/80 loss=0.195101 seconds=0.03
epoch=15/80 loss=0.198023 seconds=0.03
epoch=16/80 loss=0.189193 seconds=0.03
epoch=17/80 loss=0.163979 seconds=0.05
epoch=18/80 loss=0.177916 seconds=0.03
epoch=19/80 loss=0.168785 seconds=0.03
epoch=20/80 loss=0.171636 seconds=0.05
epoch=21/80 loss=0.148537 seconds=0.03
epoch=22/80 loss=0.155572 seconds=0.03
epoch=23/80 loss=0.150400 seconds=0.05
epoch=24/80 loss=0.138371 seconds=0.03
epoch=25/80 loss=0.134055 seconds=0.05
epoch=26/80 loss=0.142910 seconds=0.03
epoch=27/80 loss=0.149624 seconds=0.05
epoch=28/80 loss=0.150555 seconds=0.03
epoch=29/80 loss=0.129969 seconds=0.03
epoch=30/80 loss=0.126357 seconds=0.03
epoch=31/80 loss=0.121372 seconds=0.05
epoch=32/80 loss=0.134814 seconds=0.03
epoch=33/80 loss=0.119896 seconds=0.05
epoch=34/80 loss=0.118146 seconds=0.03
epoch=35/80 loss=0.116816 seconds=0.05
epoch=36/80 loss=0.103457 seconds=0.03
epoch=37/80 loss=0.111063 seconds=0.03
epoch=38/80 loss=0.116938 seconds=0.05
epoch=39/80 loss=0.104690 seconds=0.03
epoch=40/80 loss=0.093803 seconds=0.05
epoch=41/80 loss=0.091650 seconds=0.03
epoch=42/80 loss=0.099832 seconds=0.05
epoch=43/80 loss=0.106197 seconds=0.03
epoch=44/80 loss=0.094929 seconds=0.05
epoch=45/80 loss=0.098299 seconds=0.03
epoch=46/80 loss=0.091283 seconds=0.05
epoch=47/80 loss=0.085734 seconds=0.03
epoch=48/80 loss=0.090864 seconds=0.03
epoch=49/80 loss=0.063772 seconds=0.05
epoch=50/80 loss=0.069594 seconds=0.03
epoch=51/80 loss=0.068571 seconds=0.05
epoch=52/80 loss=0.075559 seconds=0.03
epoch=53/80 loss=0.061032 seconds=0.03
epoch=54/80 loss=0.069012 seconds=0.05
epoch=55/80 loss=0.067893 seconds=0.03
epoch=56/80 loss=0.061421 seconds=0.05
epoch=57/80 loss=0.057874 seconds=0.03
epoch=58/80 loss=0.055472 seconds=0.03
epoch=59/80 loss=0.057469 seconds=0.05
epoch=60/80 loss=0.064499 seconds=0.03
epoch=61/80 loss=0.060392 seconds=0.03
epoch=62/80 loss=0.050468 seconds=0.05
epoch=63/80 loss=0.060493 seconds=0.03
epoch=64/80 loss=0.051482 seconds=0.03
epoch=65/80 loss=0.051930 seconds=0.05
epoch=66/80 loss=0.045161 seconds=0.03
epoch=67/80 loss=0.045026 seconds=0.05
epoch=68/80 loss=0.048256 seconds=0.03
epoch=69/80 loss=0.044831 seconds=0.03
epoch=70/80 loss=0.042745 seconds=0.05
epoch=71/80 loss=0.050917 seconds=0.05
epoch=72/80 loss=0.046712 seconds=0.03
epoch=73/80 loss=0.051320 seconds=0.03
epoch=74/80 loss=0.035920 seconds=0.05
epoch=75/80 loss=0.038428 seconds=0.03
epoch=76/80 loss=0.086970 seconds=0.05
epoch=77/80 loss=0.094495 seconds=0.03
epoch=78/80 loss=0.063033 seconds=0.03
epoch=79/80 loss=0.050331 seconds=0.03
epoch=80/80 loss=0.039761 seconds=0.05
fold=7/10 OOF_accuracy=0.733333 OOF_AUC=0.875000
Device=cuda; epochs=80; batch=32; model=SqueezeNet1D
epoch=1/80 loss=0.692177 seconds=0.03
epoch=2/80 loss=0.682007 seconds=0.05
epoch=3/80 loss=0.625541 seconds=0.03
epoch=4/80 loss=0.440235 seconds=0.05
epoch=5/80 loss=0.228247 seconds=0.03
epoch=6/80 loss=0.196093 seconds=0.03
epoch=7/80 loss=0.164362 seconds=0.05
epoch=8/80 loss=0.143568 seconds=0.03
epoch=9/80 loss=0.153929 seconds=0.05
epoch=10/80 loss=0.144236 seconds=0.05
epoch=11/80 loss=0.134203 seconds=0.03
epoch=12/80 loss=0.120277 seconds=0.05
epoch=13/80 loss=0.114299 seconds=0.03
epoch=14/80 loss=0.109121 seconds=0.05
epoch=15/80 loss=0.112390 seconds=0.03
epoch=16/80 loss=0.119893 seconds=0.05
epoch=17/80 loss=0.091835 seconds=0.03
epoch=18/80 loss=0.098849 seconds=0.05
epoch=19/80 loss=0.093149 seconds=0.03
epoch=20/80 loss=0.093233 seconds=0.05
epoch=21/80 loss=0.088147 seconds=0.05
epoch=22/80 loss=0.086290 seconds=0.03
epoch=23/80 loss=0.075966 seconds=0.05
epoch=24/80 loss=0.078134 seconds=0.03
epoch=25/80 loss=0.079299 seconds=0.05
epoch=26/80 loss=0.077414 seconds=0.03
epoch=27/80 loss=0.077721 seconds=0.03
epoch=28/80 loss=0.097020 seconds=0.05
epoch=29/80 loss=0.076917 seconds=0.03
epoch=30/80 loss=0.069647 seconds=0.05
epoch=31/80 loss=0.071898 seconds=0.03
epoch=32/80 loss=0.066418 seconds=0.05
epoch=33/80 loss=0.060765 seconds=0.03
epoch=34/80 loss=0.061505 seconds=0.05
epoch=35/80 loss=0.064310 seconds=0.03
epoch=36/80 loss=0.057855 seconds=0.05
epoch=37/80 loss=0.053595 seconds=0.03
epoch=38/80 loss=0.064014 seconds=0.03
epoch=39/80 loss=0.062456 seconds=0.03
epoch=40/80 loss=0.056757 seconds=0.05
epoch=41/80 loss=0.048110 seconds=0.03
epoch=42/80 loss=0.053058 seconds=0.03
epoch=43/80 loss=0.045754 seconds=0.05
epoch=44/80 loss=0.042195 seconds=0.03
epoch=45/80 loss=0.044902 seconds=0.03
epoch=46/80 loss=0.045429 seconds=0.05
epoch=47/80 loss=0.062505 seconds=0.03
epoch=48/80 loss=0.043194 seconds=0.03
epoch=49/80 loss=0.038073 seconds=0.05
epoch=50/80 loss=0.064226 seconds=0.03
epoch=51/80 loss=0.025749 seconds=0.05
epoch=52/80 loss=0.034766 seconds=0.03
epoch=53/80 loss=0.026692 seconds=0.03
epoch=54/80 loss=0.030705 seconds=0.05
epoch=55/80 loss=0.040864 seconds=0.03
epoch=56/80 loss=0.027028 seconds=0.05
epoch=57/80 loss=0.039849 seconds=0.05
epoch=58/80 loss=0.019417 seconds=0.03
epoch=59/80 loss=0.022890 seconds=0.05
epoch=60/80 loss=0.034709 seconds=0.03
epoch=61/80 loss=0.043005 seconds=0.05
epoch=62/80 loss=0.035240 seconds=0.03
epoch=63/80 loss=0.065000 seconds=0.05
epoch=64/80 loss=0.026591 seconds=0.03
epoch=65/80 loss=0.013600 seconds=0.05
epoch=66/80 loss=0.021372 seconds=0.03
epoch=67/80 loss=0.014608 seconds=0.05
epoch=68/80 loss=0.015365 seconds=0.03
epoch=69/80 loss=0.009297 seconds=0.05
epoch=70/80 loss=0.010673 seconds=0.03
epoch=71/80 loss=0.008214 seconds=0.05
epoch=72/80 loss=0.009057 seconds=0.03
epoch=73/80 loss=0.007654 seconds=0.05
epoch=74/80 loss=0.008670 seconds=0.03
epoch=75/80 loss=0.005466 seconds=0.05
epoch=76/80 loss=0.004676 seconds=0.05
epoch=77/80 loss=0.012653 seconds=0.03
epoch=78/80 loss=0.007075 seconds=0.05
epoch=79/80 loss=0.007019 seconds=0.03
epoch=80/80 loss=0.013389 seconds=0.06
fold=8/10 OOF_accuracy=0.833333 OOF_AUC=0.767045
Device=cuda; epochs=80; batch=32; model=SqueezeNet1D
epoch=1/80 loss=0.692154 seconds=0.05
epoch=2/80 loss=0.681065 seconds=0.06
epoch=3/80 loss=0.624853 seconds=0.05
epoch=4/80 loss=0.448464 seconds=0.05
epoch=5/80 loss=0.322004 seconds=0.05
epoch=6/80 loss=0.293933 seconds=0.05
epoch=7/80 loss=0.234302 seconds=0.05
epoch=8/80 loss=0.213237 seconds=0.05
epoch=9/80 loss=0.192010 seconds=0.06
epoch=10/80 loss=0.190418 seconds=0.05
epoch=11/80 loss=0.175203 seconds=0.05
epoch=12/80 loss=0.162895 seconds=0.06
epoch=13/80 loss=0.157495 seconds=0.05
epoch=14/80 loss=0.136778 seconds=0.05
epoch=15/80 loss=0.142044 seconds=0.05
epoch=16/80 loss=0.122044 seconds=0.05
epoch=17/80 loss=0.122496 seconds=0.05
epoch=18/80 loss=0.129616 seconds=0.06
epoch=19/80 loss=0.117178 seconds=0.05
epoch=20/80 loss=0.122811 seconds=0.05
epoch=21/80 loss=0.110448 seconds=0.05
epoch=22/80 loss=0.100007 seconds=0.06
epoch=23/80 loss=0.109641 seconds=0.05
epoch=24/80 loss=0.089264 seconds=0.06
epoch=25/80 loss=0.095734 seconds=0.05
epoch=26/80 loss=0.090799 seconds=0.05
epoch=27/80 loss=0.088477 seconds=0.05
epoch=28/80 loss=0.089602 seconds=0.03
epoch=29/80 loss=0.089851 seconds=0.05
epoch=30/80 loss=0.077647 seconds=0.03
epoch=31/80 loss=0.074687 seconds=0.03
epoch=32/80 loss=0.083693 seconds=0.05
epoch=33/80 loss=0.073190 seconds=0.03
epoch=34/80 loss=0.061611 seconds=0.05
epoch=35/80 loss=0.060140 seconds=0.03
epoch=36/80 loss=0.062822 seconds=0.05
epoch=37/80 loss=0.058184 seconds=0.03
epoch=38/80 loss=0.051000 seconds=0.05
epoch=39/80 loss=0.050647 seconds=0.03
epoch=40/80 loss=0.050454 seconds=0.03
epoch=41/80 loss=0.045742 seconds=0.05
epoch=42/80 loss=0.044804 seconds=0.03
epoch=43/80 loss=0.046825 seconds=0.05
epoch=44/80 loss=0.064419 seconds=0.03
epoch=45/80 loss=0.053374 seconds=0.05
epoch=46/80 loss=0.048897 seconds=0.03
epoch=47/80 loss=0.052919 seconds=0.03
epoch=48/80 loss=0.057931 seconds=0.03
epoch=49/80 loss=0.051340 seconds=0.05
epoch=50/80 loss=0.041147 seconds=0.03
epoch=51/80 loss=0.035332 seconds=0.03
epoch=52/80 loss=0.034762 seconds=0.05
epoch=53/80 loss=0.037675 seconds=0.03
epoch=54/80 loss=0.045289 seconds=0.05
epoch=55/80 loss=0.048959 seconds=0.03
epoch=56/80 loss=0.041929 seconds=0.05
epoch=57/80 loss=0.032104 seconds=0.03
epoch=58/80 loss=0.036517 seconds=0.05
epoch=59/80 loss=0.034418 seconds=0.03
epoch=60/80 loss=0.032967 seconds=0.05
epoch=61/80 loss=0.035292 seconds=0.03
epoch=62/80 loss=0.032157 seconds=0.03
epoch=63/80 loss=0.031351 seconds=0.05
epoch=64/80 loss=0.025213 seconds=0.03
epoch=65/80 loss=0.022813 seconds=0.05
epoch=66/80 loss=0.022565 seconds=0.03
epoch=67/80 loss=0.016579 seconds=0.03
epoch=68/80 loss=0.020491 seconds=0.05
epoch=69/80 loss=0.033495 seconds=0.03
epoch=70/80 loss=0.027246 seconds=0.03
epoch=71/80 loss=0.029614 seconds=0.03
epoch=72/80 loss=0.023745 seconds=0.05
epoch=73/80 loss=0.034809 seconds=0.03
epoch=74/80 loss=0.024491 seconds=0.05
epoch=75/80 loss=0.020727 seconds=0.03
epoch=76/80 loss=0.026549 seconds=0.03
epoch=77/80 loss=0.051541 seconds=0.05
epoch=78/80 loss=0.031699 seconds=0.03
epoch=79/80 loss=0.023683 seconds=0.05
epoch=80/80 loss=0.031888 seconds=0.03
fold=9/10 OOF_accuracy=0.866667 OOF_AUC=0.812500
Device=cuda; epochs=80; batch=32; model=SqueezeNet1D
epoch=1/80 loss=0.693036 seconds=0.06
epoch=2/80 loss=0.690913 seconds=0.03
epoch=3/80 loss=0.678130 seconds=0.03
epoch=4/80 loss=0.632796 seconds=0.05
epoch=5/80 loss=0.545516 seconds=0.03
epoch=6/80 loss=0.484976 seconds=0.03
epoch=7/80 loss=0.441759 seconds=0.05
epoch=8/80 loss=0.377569 seconds=0.05
epoch=9/80 loss=0.319794 seconds=0.03
epoch=10/80 loss=0.263011 seconds=0.03
epoch=11/80 loss=0.243992 seconds=0.05
epoch=12/80 loss=0.185082 seconds=0.03
epoch=13/80 loss=0.192689 seconds=0.05
epoch=14/80 loss=0.157515 seconds=0.05
epoch=15/80 loss=0.160205 seconds=0.05
epoch=16/80 loss=0.139154 seconds=0.05
epoch=17/80 loss=0.119482 seconds=0.03
epoch=18/80 loss=0.119598 seconds=0.03
epoch=19/80 loss=0.127230 seconds=0.05
epoch=20/80 loss=0.112585 seconds=0.03
epoch=21/80 loss=0.091749 seconds=0.03
epoch=22/80 loss=0.109686 seconds=0.05
epoch=23/80 loss=0.074227 seconds=0.03
epoch=24/80 loss=0.078718 seconds=0.05
epoch=25/80 loss=0.092857 seconds=0.03
epoch=26/80 loss=0.105242 seconds=0.03
epoch=27/80 loss=0.070511 seconds=0.05
epoch=28/80 loss=0.066588 seconds=0.03
epoch=29/80 loss=0.086217 seconds=0.05
epoch=30/80 loss=0.054016 seconds=0.03
epoch=31/80 loss=0.060027 seconds=0.05
epoch=32/80 loss=0.060539 seconds=0.03
epoch=33/80 loss=0.054265 seconds=0.05
epoch=34/80 loss=0.036138 seconds=0.03
epoch=35/80 loss=0.036664 seconds=0.05
epoch=36/80 loss=0.047837 seconds=0.03
epoch=37/80 loss=0.046644 seconds=0.03
epoch=38/80 loss=0.037264 seconds=0.05
epoch=39/80 loss=0.021087 seconds=0.03
epoch=40/80 loss=0.020039 seconds=0.05
epoch=41/80 loss=0.025877 seconds=0.03
epoch=42/80 loss=0.018939 seconds=0.05
epoch=43/80 loss=0.010537 seconds=0.03
epoch=44/80 loss=0.014916 seconds=0.03
epoch=45/80 loss=0.024172 seconds=0.05
epoch=46/80 loss=0.006960 seconds=0.03
epoch=47/80 loss=0.029398 seconds=0.05
epoch=48/80 loss=0.024920 seconds=0.03
epoch=49/80 loss=0.007559 seconds=0.05
epoch=50/80 loss=0.020261 seconds=0.03
epoch=51/80 loss=0.012935 seconds=0.05
epoch=52/80 loss=0.009449 seconds=0.03
epoch=53/80 loss=0.011206 seconds=0.05
epoch=54/80 loss=0.008552 seconds=0.03
epoch=55/80 loss=0.008693 seconds=0.05
epoch=56/80 loss=0.004850 seconds=0.03
epoch=57/80 loss=0.004714 seconds=0.03
epoch=58/80 loss=0.003441 seconds=0.03
epoch=59/80 loss=0.004222 seconds=0.03
epoch=60/80 loss=0.025202 seconds=0.05
epoch=61/80 loss=0.064057 seconds=0.03
epoch=62/80 loss=0.016046 seconds=0.05
epoch=63/80 loss=0.079693 seconds=0.05
epoch=64/80 loss=0.017412 seconds=0.03
epoch=65/80 loss=0.008826 seconds=0.03
epoch=66/80 loss=0.006461 seconds=0.05
epoch=67/80 loss=0.005165 seconds=0.03
epoch=68/80 loss=0.006119 seconds=0.03
epoch=69/80 loss=0.003555 seconds=0.05
epoch=70/80 loss=0.006018 seconds=0.03
epoch=71/80 loss=0.004534 seconds=0.05
epoch=72/80 loss=0.004107 seconds=0.05
epoch=73/80 loss=0.001984 seconds=0.03
epoch=74/80 loss=0.003417 seconds=0.05
epoch=75/80 loss=0.003526 seconds=0.03
epoch=76/80 loss=0.004363 seconds=0.05
epoch=77/80 loss=0.002540 seconds=0.03
epoch=78/80 loss=0.001630 seconds=0.03
epoch=79/80 loss=0.004038 seconds=0.05
epoch=80/80 loss=0.001864 seconds=0.03
fold=10/10 OOF_accuracy=0.766667 OOF_AUC=0.846561
Device=cuda; epochs=80; batch=32; model=SqueezeNet1D
epoch=1/80 loss=0.693487 seconds=0.06
epoch=2/80 loss=0.682003 seconds=0.06
epoch=3/80 loss=0.632179 seconds=0.06
epoch=4/80 loss=0.462082 seconds=0.05
epoch=5/80 loss=0.394455 seconds=0.05
epoch=6/80 loss=0.343440 seconds=0.05
epoch=7/80 loss=0.291778 seconds=0.06
epoch=8/80 loss=0.250263 seconds=0.05
epoch=9/80 loss=0.238063 seconds=0.05
epoch=10/80 loss=0.234519 seconds=0.06
epoch=11/80 loss=0.206052 seconds=0.06
epoch=12/80 loss=0.190770 seconds=0.05
epoch=13/80 loss=0.187075 seconds=0.05
epoch=14/80 loss=0.205875 seconds=0.06
epoch=15/80 loss=0.179904 seconds=0.05
epoch=16/80 loss=0.161290 seconds=0.05
epoch=17/80 loss=0.150484 seconds=0.05
epoch=18/80 loss=0.155155 seconds=0.06
epoch=19/80 loss=0.144583 seconds=0.05
epoch=20/80 loss=0.139511 seconds=0.06
epoch=21/80 loss=0.141230 seconds=0.05
epoch=22/80 loss=0.128334 seconds=0.06
epoch=23/80 loss=0.141827 seconds=0.06
epoch=24/80 loss=0.133214 seconds=0.05
epoch=25/80 loss=0.126308 seconds=0.06
epoch=26/80 loss=0.128220 seconds=0.06
epoch=27/80 loss=0.125349 seconds=0.05
epoch=28/80 loss=0.116184 seconds=0.06
epoch=29/80 loss=0.110162 seconds=0.06
epoch=30/80 loss=0.120398 seconds=0.05
epoch=31/80 loss=0.117630 seconds=0.06
epoch=32/80 loss=0.109813 seconds=0.05
epoch=33/80 loss=0.111049 seconds=0.06
epoch=34/80 loss=0.101998 seconds=0.05
epoch=35/80 loss=0.107834 seconds=0.06
epoch=36/80 loss=0.104748 seconds=0.06
epoch=37/80 loss=0.096241 seconds=0.05
epoch=38/80 loss=0.085703 seconds=0.06
epoch=39/80 loss=0.091844 seconds=0.05
epoch=40/80 loss=0.104525 seconds=0.06
epoch=41/80 loss=0.083999 seconds=0.05
epoch=42/80 loss=0.076974 seconds=0.06
epoch=43/80 loss=0.102253 seconds=0.05
epoch=44/80 loss=0.076004 seconds=0.05
epoch=45/80 loss=0.073395 seconds=0.06
epoch=46/80 loss=0.080764 seconds=0.05
epoch=47/80 loss=0.083694 seconds=0.06
epoch=48/80 loss=0.062981 seconds=0.05
epoch=49/80 loss=0.065540 seconds=0.06
epoch=50/80 loss=0.050871 seconds=0.05
epoch=51/80 loss=0.062779 seconds=0.05
epoch=52/80 loss=0.050758 seconds=0.06
epoch=53/80 loss=0.051686 seconds=0.05
epoch=54/80 loss=0.059335 seconds=0.05
epoch=55/80 loss=0.048264 seconds=0.06
epoch=56/80 loss=0.051167 seconds=0.05
epoch=57/80 loss=0.042232 seconds=0.06
epoch=58/80 loss=0.042611 seconds=0.06
epoch=59/80 loss=0.047795 seconds=0.05
epoch=60/80 loss=0.033633 seconds=0.05
epoch=61/80 loss=0.024945 seconds=0.06
epoch=62/80 loss=0.058371 seconds=0.06
epoch=63/80 loss=0.107536 seconds=0.05
epoch=64/80 loss=0.039384 seconds=0.05
epoch=65/80 loss=0.029900 seconds=0.06
epoch=66/80 loss=0.027257 seconds=0.05
epoch=67/80 loss=0.022639 seconds=0.06
epoch=68/80 loss=0.029492 seconds=0.05
epoch=69/80 loss=0.019520 seconds=0.06
epoch=70/80 loss=0.030137 seconds=0.05
epoch=71/80 loss=0.014746 seconds=0.06
epoch=72/80 loss=0.025595 seconds=0.06
epoch=73/80 loss=0.034198 seconds=0.05
epoch=74/80 loss=0.013793 seconds=0.06
epoch=75/80 loss=0.007404 seconds=0.06
epoch=76/80 loss=0.007941 seconds=0.05
epoch=77/80 loss=0.007217 seconds=0.05
epoch=78/80 loss=0.008121 seconds=0.05
epoch=79/80 loss=0.009246 seconds=0.06
epoch=80/80 loss=0.008176 seconds=0.05
{"cv_oof": {"accuracy": 0.8, "balanced_accuracy": 0.7657703365465922, "sensitivity": 0.691358024691358, "specificity": 0.8401826484018264, "f1_macro": 0.7554879374049119, "roc_auc": 0.837617678561362, "confusion_matrix": [[184, 35], [25, 56]], "classification_report": {"0": {"precision": 0.8803827751196173, "recall": 0.8401826484018264, "f1-score": 0.8598130841121495, "support": 219.0}, "1": {"precision": 0.6153846153846154, "recall": 0.691358024691358, "f1-score": 0.6511627906976745, "support": 81.0}, "accuracy": 0.8, "macro avg": {"precision": 0.7478836952521164, "recall": 0.7657703365465922, "f1-score": 0.7554879374049119, "support": 300.0}, "weighted avg": {"precision": 0.8088332719911668, "recall": 0.8, "f1-score": 0.8034775048902412, "support": 300.0}}}, "test": {"accuracy": 0.8311688311688312, "balanced_accuracy": 0.75, "sensitivity": 0.5714285714285714, "specificity": 0.9285714285714286, "f1_macro": 0.7687687687687688, "roc_auc": 0.8486394557823129, "confusion_matrix": [[52, 4], [9, 12]], "classification_report": {"0": {"precision": 0.8524590163934426, "recall": 0.9285714285714286, "f1-score": 0.8888888888888888, "support": 56.0}, "1": {"precision": 0.75, "recall": 0.5714285714285714, "f1-score": 0.6486486486486487, "support": 21.0}, "accuracy": 0.8311688311688312, "macro avg": {"precision": 0.8012295081967213, "recall": 0.75, "f1-score": 0.7687687687687688, "support": 77.0}, "weighted avg": {"precision": 0.82451564828614, "recall": 0.8311688311688312, "f1-score": 0.8233688233688233, "support": 77.0}}}, "folds": 10, "original_train_rows": 300, "train_rows": 438, "test_rows": 77, "elapsed_seconds": 39.65700000000652}
