Command: ["C:\\Users\\IHCK\\AppData\\Local\\Programs\\Python\\Python312\\python.exe", "-u", "C:\\Users\\IHCK\\Desktop\\1_10_69Final\\Hippocampal-Shape-Analysis-for-Epilepsy-Detection\\Model\\train_dataset_model.py", "--dataset", "coef_plsda", "--side", "right", "--model", "MobileNet", "--kind", "coef", "--train-csv", "C:\\Users\\IHCK\\Desktop\\1_10_69Final\\Hippocampal-Shape-Analysis-for-Epilepsy-Detection\\Output_Dataset\\coef_plsda\\right\\train_prepared.csv", "--test-csv", "C:\\Users\\IHCK\\Desktop\\1_10_69Final\\Hippocampal-Shape-Analysis-for-Epilepsy-Detection\\Output_Dataset\\coef_plsda\\right\\test_prepared.csv", "--output-dir", "C:\\Users\\IHCK\\Desktop\\1_10_69Final\\Hippocampal-Shape-Analysis-for-Epilepsy-Detection\\Model_Results\\dataset_runs_20261003_10fold\\coef_plsda\\right\\MobileNet", "--epochs", "80", "--folds", "10", "--pls-components", "8", "--seed", "42", "--threads", "2"]
10-fold CV: dataset=coef_plsda side=right model=MobileNet; original_train=300 test=77
Device=cuda; epochs=80; batch=32; model=MobileNetV2_1D
epoch=1/80 loss=0.505793 seconds=0.44
epoch=2/80 loss=0.218739 seconds=0.08
epoch=3/80 loss=0.102050 seconds=0.08
epoch=4/80 loss=0.060011 seconds=0.09
epoch=5/80 loss=0.044079 seconds=0.09
epoch=6/80 loss=0.034392 seconds=0.08
epoch=7/80 loss=0.022594 seconds=0.11
epoch=8/80 loss=0.014330 seconds=0.09
epoch=9/80 loss=0.021620 seconds=0.08
epoch=10/80 loss=0.024961 seconds=0.09
epoch=11/80 loss=0.021015 seconds=0.06
epoch=12/80 loss=0.027493 seconds=0.06
epoch=13/80 loss=0.012485 seconds=0.09
epoch=14/80 loss=0.007317 seconds=0.08
epoch=15/80 loss=0.005273 seconds=0.08
epoch=16/80 loss=0.005210 seconds=0.09
epoch=17/80 loss=0.005293 seconds=0.08
epoch=18/80 loss=0.004217 seconds=0.08
epoch=19/80 loss=0.005049 seconds=0.09
epoch=20/80 loss=0.005109 seconds=0.08
epoch=21/80 loss=0.010260 seconds=0.08
epoch=22/80 loss=0.005500 seconds=0.09
epoch=23/80 loss=0.004431 seconds=0.08
epoch=24/80 loss=0.002926 seconds=0.08
epoch=25/80 loss=0.004206 seconds=0.09
epoch=26/80 loss=0.003037 seconds=0.08
epoch=27/80 loss=0.014376 seconds=0.08
epoch=28/80 loss=0.112042 seconds=0.08
epoch=29/80 loss=0.030563 seconds=0.08
epoch=30/80 loss=0.015863 seconds=0.09
epoch=31/80 loss=0.010468 seconds=0.08
epoch=32/80 loss=0.003413 seconds=0.09
epoch=33/80 loss=0.013271 seconds=0.08
epoch=34/80 loss=0.003646 seconds=0.08
epoch=35/80 loss=0.007091 seconds=0.09
epoch=36/80 loss=0.005716 seconds=0.08
epoch=37/80 loss=0.002224 seconds=0.08
epoch=38/80 loss=0.001791 seconds=0.08
epoch=39/80 loss=0.002591 seconds=0.08
epoch=40/80 loss=0.004952 seconds=0.08
epoch=41/80 loss=0.003202 seconds=0.09
epoch=42/80 loss=0.004434 seconds=0.08
epoch=43/80 loss=0.002947 seconds=0.08
epoch=44/80 loss=0.003607 seconds=0.08
epoch=45/80 loss=0.007421 seconds=0.09
epoch=46/80 loss=0.010206 seconds=0.08
epoch=47/80 loss=0.003052 seconds=0.08
epoch=48/80 loss=0.002434 seconds=0.09
epoch=49/80 loss=0.001347 seconds=0.08
epoch=50/80 loss=0.001667 seconds=0.08
epoch=51/80 loss=0.003660 seconds=0.08
epoch=52/80 loss=0.003087 seconds=0.09
epoch=53/80 loss=0.005331 seconds=0.08
epoch=54/80 loss=0.000679 seconds=0.08
epoch=55/80 loss=0.001220 seconds=0.08
epoch=56/80 loss=0.000611 seconds=0.08
epoch=57/80 loss=0.004398 seconds=0.09
epoch=58/80 loss=0.007594 seconds=0.08
epoch=59/80 loss=0.004022 seconds=0.08
epoch=60/80 loss=0.021302 seconds=0.11
epoch=61/80 loss=0.001897 seconds=0.08
epoch=62/80 loss=0.018600 seconds=0.08
epoch=63/80 loss=0.016464 seconds=0.08
epoch=64/80 loss=0.006974 seconds=0.08
epoch=65/80 loss=0.004881 seconds=0.09
epoch=66/80 loss=0.004338 seconds=0.08
epoch=67/80 loss=0.001686 seconds=0.08
epoch=68/80 loss=0.002496 seconds=0.09
epoch=69/80 loss=0.001719 seconds=0.08
epoch=70/80 loss=0.005775 seconds=0.08
epoch=71/80 loss=0.003976 seconds=0.09
epoch=72/80 loss=0.002214 seconds=0.08
epoch=73/80 loss=0.000763 seconds=0.08
epoch=74/80 loss=0.000670 seconds=0.08
epoch=75/80 loss=0.017480 seconds=0.09
epoch=76/80 loss=0.038940 seconds=0.09
epoch=77/80 loss=0.007062 seconds=0.08
epoch=78/80 loss=0.004347 seconds=0.08
epoch=79/80 loss=0.004146 seconds=0.08
epoch=80/80 loss=0.001839 seconds=0.09
fold=1/10 OOF_accuracy=0.766667 OOF_AUC=0.835227
Device=cuda; epochs=80; batch=32; model=MobileNetV2_1D
epoch=1/80 loss=0.478177 seconds=0.09
epoch=2/80 loss=0.190169 seconds=0.11
epoch=3/80 loss=0.085607 seconds=0.09
epoch=4/80 loss=0.064375 seconds=0.11
epoch=5/80 loss=0.032607 seconds=0.09
epoch=6/80 loss=0.027144 seconds=0.08
epoch=7/80 loss=0.023289 seconds=0.08
epoch=8/80 loss=0.011933 seconds=0.08
epoch=9/80 loss=0.013328 seconds=0.08
epoch=10/80 loss=0.008583 seconds=0.08
epoch=11/80 loss=0.007217 seconds=0.08
epoch=12/80 loss=0.005461 seconds=0.08
epoch=13/80 loss=0.011469 seconds=0.08
epoch=14/80 loss=0.018491 seconds=0.09
epoch=15/80 loss=0.021059 seconds=0.08
epoch=16/80 loss=0.028021 seconds=0.08
epoch=17/80 loss=0.028191 seconds=0.08
epoch=18/80 loss=0.016221 seconds=0.09
epoch=19/80 loss=0.010488 seconds=0.08
epoch=20/80 loss=0.018185 seconds=0.09
epoch=21/80 loss=0.029605 seconds=0.08
epoch=22/80 loss=0.010286 seconds=0.08
epoch=23/80 loss=0.016305 seconds=0.09
epoch=24/80 loss=0.014123 seconds=0.09
epoch=25/80 loss=0.015338 seconds=0.11
epoch=26/80 loss=0.006166 seconds=0.09
epoch=27/80 loss=0.004791 seconds=0.09
epoch=28/80 loss=0.019658 seconds=0.09
epoch=29/80 loss=0.038139 seconds=0.11
epoch=30/80 loss=0.006156 seconds=0.11
epoch=31/80 loss=0.005134 seconds=0.09
epoch=32/80 loss=0.002139 seconds=0.09
epoch=33/80 loss=0.011232 seconds=0.08
epoch=34/80 loss=0.004748 seconds=0.09
epoch=35/80 loss=0.001441 seconds=0.08
epoch=36/80 loss=0.004940 seconds=0.08
epoch=37/80 loss=0.004418 seconds=0.09
epoch=38/80 loss=0.001926 seconds=0.08
epoch=39/80 loss=0.004731 seconds=0.08
epoch=40/80 loss=0.003492 seconds=0.09
epoch=41/80 loss=0.002580 seconds=0.08
epoch=42/80 loss=0.000905 seconds=0.08
epoch=43/80 loss=0.001615 seconds=0.09
epoch=44/80 loss=0.017345 seconds=0.08
epoch=45/80 loss=0.007165 seconds=0.09
epoch=46/80 loss=0.058163 seconds=0.08
epoch=47/80 loss=0.003813 seconds=0.08
epoch=48/80 loss=0.003289 seconds=0.08
epoch=49/80 loss=0.006596 seconds=0.09
epoch=50/80 loss=0.006879 seconds=0.08
epoch=51/80 loss=0.001194 seconds=0.08
epoch=52/80 loss=0.001758 seconds=0.08
epoch=53/80 loss=0.001364 seconds=0.09
epoch=54/80 loss=0.001931 seconds=0.08
epoch=55/80 loss=0.001136 seconds=0.08
epoch=56/80 loss=0.000763 seconds=0.08
epoch=57/80 loss=0.014889 seconds=0.09
epoch=58/80 loss=0.024764 seconds=0.08
epoch=59/80 loss=0.018184 seconds=0.09
epoch=60/80 loss=0.053048 seconds=0.08
epoch=61/80 loss=0.015655 seconds=0.08
epoch=62/80 loss=0.002872 seconds=0.08
epoch=63/80 loss=0.002026 seconds=0.09
epoch=64/80 loss=0.001156 seconds=0.08
epoch=65/80 loss=0.001057 seconds=0.09
epoch=66/80 loss=0.001471 seconds=0.09
epoch=67/80 loss=0.001216 seconds=0.08
epoch=68/80 loss=0.001026 seconds=0.08
epoch=69/80 loss=0.000721 seconds=0.09
epoch=70/80 loss=0.000497 seconds=0.08
epoch=71/80 loss=0.000725 seconds=0.08
epoch=72/80 loss=0.000625 seconds=0.09
epoch=73/80 loss=0.000551 seconds=0.08
epoch=74/80 loss=0.000517 seconds=0.08
epoch=75/80 loss=0.002208 seconds=0.09
epoch=76/80 loss=0.000543 seconds=0.08
epoch=77/80 loss=0.000438 seconds=0.08
epoch=78/80 loss=0.000652 seconds=0.08
epoch=79/80 loss=0.000676 seconds=0.08
epoch=80/80 loss=0.000495 seconds=0.09
fold=2/10 OOF_accuracy=0.866667 OOF_AUC=0.968750
Device=cuda; epochs=80; batch=32; model=MobileNetV2_1D
epoch=1/80 loss=0.466286 seconds=0.08
epoch=2/80 loss=0.183861 seconds=0.08
epoch=3/80 loss=0.079555 seconds=0.08
epoch=4/80 loss=0.049866 seconds=0.08
epoch=5/80 loss=0.035794 seconds=0.09
epoch=6/80 loss=0.033180 seconds=0.08
epoch=7/80 loss=0.020870 seconds=0.08
epoch=8/80 loss=0.012777 seconds=0.09
epoch=9/80 loss=0.017680 seconds=0.08
epoch=10/80 loss=0.037790 seconds=0.08
epoch=11/80 loss=0.064053 seconds=0.08
epoch=12/80 loss=0.035546 seconds=0.09
epoch=13/80 loss=0.019637 seconds=0.08
epoch=14/80 loss=0.013485 seconds=0.08
epoch=15/80 loss=0.006652 seconds=0.08
epoch=16/80 loss=0.005989 seconds=0.09
epoch=17/80 loss=0.006163 seconds=0.08
epoch=18/80 loss=0.006821 seconds=0.09
epoch=19/80 loss=0.004457 seconds=0.08
epoch=20/80 loss=0.011567 seconds=0.08
epoch=21/80 loss=0.037678 seconds=0.08
epoch=22/80 loss=0.026416 seconds=0.08
epoch=23/80 loss=0.014790 seconds=0.09
epoch=24/80 loss=0.016642 seconds=0.08
epoch=25/80 loss=0.018244 seconds=0.09
epoch=26/80 loss=0.029747 seconds=0.08
epoch=27/80 loss=0.109957 seconds=0.09
epoch=28/80 loss=0.034763 seconds=0.08
epoch=29/80 loss=0.020756 seconds=0.08
epoch=30/80 loss=0.005933 seconds=0.09
epoch=31/80 loss=0.011984 seconds=0.08
epoch=32/80 loss=0.003997 seconds=0.08
epoch=33/80 loss=0.007310 seconds=0.09
epoch=34/80 loss=0.003528 seconds=0.08
epoch=35/80 loss=0.001560 seconds=0.09
epoch=36/80 loss=0.003082 seconds=0.08
epoch=37/80 loss=0.001510 seconds=0.08
epoch=38/80 loss=0.001628 seconds=0.09
epoch=39/80 loss=0.001474 seconds=0.08
epoch=40/80 loss=0.001787 seconds=0.08
epoch=41/80 loss=0.003415 seconds=0.09
epoch=42/80 loss=0.001293 seconds=0.08
epoch=43/80 loss=0.003402 seconds=0.08
epoch=44/80 loss=0.018573 seconds=0.08
epoch=45/80 loss=0.058956 seconds=0.08
epoch=46/80 loss=0.030731 seconds=0.09
epoch=47/80 loss=0.015917 seconds=0.08
epoch=48/80 loss=0.008609 seconds=0.08
epoch=49/80 loss=0.008073 seconds=0.08
epoch=50/80 loss=0.015988 seconds=0.08
epoch=51/80 loss=0.002496 seconds=0.08
epoch=52/80 loss=0.003790 seconds=0.09
epoch=53/80 loss=0.001365 seconds=0.08
epoch=54/80 loss=0.001583 seconds=0.09
epoch=55/80 loss=0.001469 seconds=0.08
epoch=56/80 loss=0.000910 seconds=0.08
epoch=57/80 loss=0.001682 seconds=0.08
epoch=58/80 loss=0.003791 seconds=0.09
epoch=59/80 loss=0.001166 seconds=0.08
epoch=60/80 loss=0.010968 seconds=0.08
epoch=61/80 loss=0.004607 seconds=0.08
epoch=62/80 loss=0.003487 seconds=0.08
epoch=63/80 loss=0.001343 seconds=0.08
epoch=64/80 loss=0.001234 seconds=0.08
epoch=65/80 loss=0.000611 seconds=0.08
epoch=66/80 loss=0.001379 seconds=0.08
epoch=67/80 loss=0.000997 seconds=0.08
epoch=68/80 loss=0.000872 seconds=0.09
epoch=69/80 loss=0.000966 seconds=0.08
epoch=70/80 loss=0.000509 seconds=0.09
epoch=71/80 loss=0.000448 seconds=0.08
epoch=72/80 loss=0.000470 seconds=0.08
epoch=73/80 loss=0.000496 seconds=0.08
epoch=74/80 loss=0.000451 seconds=0.09
epoch=75/80 loss=0.012366 seconds=0.08
epoch=76/80 loss=0.018591 seconds=0.08
epoch=77/80 loss=0.011241 seconds=0.08
epoch=78/80 loss=0.028162 seconds=0.09
epoch=79/80 loss=0.021668 seconds=0.08
epoch=80/80 loss=0.009964 seconds=0.08
fold=3/10 OOF_accuracy=0.766667 OOF_AUC=0.732955
Device=cuda; epochs=80; batch=32; model=MobileNetV2_1D
epoch=1/80 loss=0.516800 seconds=0.09
epoch=2/80 loss=0.187663 seconds=0.08
epoch=3/80 loss=0.090739 seconds=0.08
epoch=4/80 loss=0.049959 seconds=0.08
epoch=5/80 loss=0.031046 seconds=0.08
epoch=6/80 loss=0.025190 seconds=0.09
epoch=7/80 loss=0.018939 seconds=0.08
epoch=8/80 loss=0.011628 seconds=0.08
epoch=9/80 loss=0.014131 seconds=0.08
epoch=10/80 loss=0.008976 seconds=0.09
epoch=11/80 loss=0.012189 seconds=0.08
epoch=12/80 loss=0.015000 seconds=0.08
epoch=13/80 loss=0.027377 seconds=0.08
epoch=14/80 loss=0.013992 seconds=0.09
epoch=15/80 loss=0.020804 seconds=0.08
epoch=16/80 loss=0.021995 seconds=0.08
epoch=17/80 loss=0.023274 seconds=0.08
epoch=18/80 loss=0.016450 seconds=0.09
epoch=19/80 loss=0.012965 seconds=0.08
epoch=20/80 loss=0.019339 seconds=0.08
epoch=21/80 loss=0.048470 seconds=0.09
epoch=22/80 loss=0.032642 seconds=0.09
epoch=23/80 loss=0.015131 seconds=0.08
epoch=24/80 loss=0.019673 seconds=0.08
epoch=25/80 loss=0.020203 seconds=0.09
epoch=26/80 loss=0.005845 seconds=0.08
epoch=27/80 loss=0.014855 seconds=0.08
epoch=28/80 loss=0.032204 seconds=0.08
epoch=29/80 loss=0.012789 seconds=0.08
epoch=30/80 loss=0.008638 seconds=0.08
epoch=31/80 loss=0.005372 seconds=0.09
epoch=32/80 loss=0.012154 seconds=0.08
epoch=33/80 loss=0.021871 seconds=0.08
epoch=34/80 loss=0.040337 seconds=0.08
epoch=35/80 loss=0.003290 seconds=0.09
epoch=36/80 loss=0.006348 seconds=0.08
epoch=37/80 loss=0.001749 seconds=0.08
epoch=38/80 loss=0.001693 seconds=0.08
epoch=39/80 loss=0.001539 seconds=0.09
epoch=40/80 loss=0.002135 seconds=0.08
epoch=41/80 loss=0.001855 seconds=0.08
epoch=42/80 loss=0.000802 seconds=0.08
epoch=43/80 loss=0.001160 seconds=0.08
epoch=44/80 loss=0.007903 seconds=0.08
epoch=45/80 loss=0.020434 seconds=0.08
epoch=46/80 loss=0.008156 seconds=0.08
epoch=47/80 loss=0.002581 seconds=0.09
epoch=48/80 loss=0.002883 seconds=0.08
epoch=49/80 loss=0.001937 seconds=0.08
epoch=50/80 loss=0.001738 seconds=0.09
epoch=51/80 loss=0.002495 seconds=0.08
epoch=52/80 loss=0.003193 seconds=0.08
epoch=53/80 loss=0.001497 seconds=0.08
epoch=54/80 loss=0.002589 seconds=0.09
epoch=55/80 loss=0.001912 seconds=0.08
epoch=56/80 loss=0.002519 seconds=0.08
epoch=57/80 loss=0.002925 seconds=0.09
epoch=58/80 loss=0.001169 seconds=0.08
epoch=59/80 loss=0.000819 seconds=0.09
epoch=60/80 loss=0.003851 seconds=0.08
epoch=61/80 loss=0.000554 seconds=0.09
epoch=62/80 loss=0.000659 seconds=0.08
epoch=63/80 loss=0.000574 seconds=0.09
epoch=64/80 loss=0.001983 seconds=0.08
epoch=65/80 loss=0.001292 seconds=0.08
epoch=66/80 loss=0.000732 seconds=0.09
epoch=67/80 loss=0.000634 seconds=0.08
epoch=68/80 loss=0.000658 seconds=0.09
epoch=69/80 loss=0.000736 seconds=0.08
epoch=70/80 loss=0.000361 seconds=0.08
epoch=71/80 loss=0.000411 seconds=0.09
epoch=72/80 loss=0.000323 seconds=0.08
epoch=73/80 loss=0.000431 seconds=0.08
epoch=74/80 loss=0.000314 seconds=0.08
epoch=75/80 loss=0.009158 seconds=0.09
epoch=76/80 loss=0.003020 seconds=0.08
epoch=77/80 loss=0.001492 seconds=0.08
epoch=78/80 loss=0.000742 seconds=0.08
epoch=79/80 loss=0.001116 seconds=0.08
epoch=80/80 loss=0.000576 seconds=0.09
fold=4/10 OOF_accuracy=0.900000 OOF_AUC=0.823864
Device=cuda; epochs=80; batch=32; model=MobileNetV2_1D
epoch=1/80 loss=0.450820 seconds=0.11
epoch=2/80 loss=0.173584 seconds=0.11
epoch=3/80 loss=0.075806 seconds=0.08
epoch=4/80 loss=0.045296 seconds=0.08
epoch=5/80 loss=0.032975 seconds=0.09
epoch=6/80 loss=0.028371 seconds=0.08
epoch=7/80 loss=0.025157 seconds=0.08
epoch=8/80 loss=0.020580 seconds=0.09
epoch=9/80 loss=0.030322 seconds=0.08
epoch=10/80 loss=0.023505 seconds=0.08
epoch=11/80 loss=0.014405 seconds=0.09
epoch=12/80 loss=0.017884 seconds=0.08
epoch=13/80 loss=0.008808 seconds=0.09
epoch=14/80 loss=0.009588 seconds=0.08
epoch=15/80 loss=0.005796 seconds=0.08
epoch=16/80 loss=0.025040 seconds=0.11
epoch=17/80 loss=0.012406 seconds=0.08
epoch=18/80 loss=0.006514 seconds=0.08
epoch=19/80 loss=0.019782 seconds=0.09
epoch=20/80 loss=0.020724 seconds=0.08
epoch=21/80 loss=0.058046 seconds=0.09
epoch=22/80 loss=0.040818 seconds=0.08
epoch=23/80 loss=0.009235 seconds=0.08
epoch=24/80 loss=0.007822 seconds=0.09
epoch=25/80 loss=0.011341 seconds=0.08
epoch=26/80 loss=0.004121 seconds=0.09
epoch=27/80 loss=0.004752 seconds=0.08
epoch=28/80 loss=0.014321 seconds=0.08
epoch=29/80 loss=0.046214 seconds=0.08
epoch=30/80 loss=0.003475 seconds=0.08
epoch=31/80 loss=0.010980 seconds=0.09
epoch=32/80 loss=0.008413 seconds=0.08
epoch=33/80 loss=0.007757 seconds=0.08
epoch=34/80 loss=0.002294 seconds=0.09
epoch=35/80 loss=0.001099 seconds=0.08
epoch=36/80 loss=0.001838 seconds=0.08
epoch=37/80 loss=0.000931 seconds=0.09
epoch=38/80 loss=0.010283 seconds=0.08
epoch=39/80 loss=0.036108 seconds=0.08
epoch=40/80 loss=0.003809 seconds=0.09
epoch=41/80 loss=0.015318 seconds=0.09
epoch=42/80 loss=0.005894 seconds=0.08
epoch=43/80 loss=0.021620 seconds=0.09
epoch=44/80 loss=0.007447 seconds=0.09
epoch=45/80 loss=0.017116 seconds=0.09
epoch=46/80 loss=0.005212 seconds=0.08
epoch=47/80 loss=0.002282 seconds=0.09
epoch=48/80 loss=0.013763 seconds=0.08
epoch=49/80 loss=0.013331 seconds=0.09
epoch=50/80 loss=0.008642 seconds=0.08
epoch=51/80 loss=0.008700 seconds=0.09
epoch=52/80 loss=0.014277 seconds=0.08
epoch=53/80 loss=0.005188 seconds=0.09
epoch=54/80 loss=0.003912 seconds=0.09
epoch=55/80 loss=0.002226 seconds=0.08
epoch=56/80 loss=0.001395 seconds=0.08
epoch=57/80 loss=0.003274 seconds=0.09
epoch=58/80 loss=0.020205 seconds=0.08
epoch=59/80 loss=0.005736 seconds=0.09
epoch=60/80 loss=0.016393 seconds=0.08
epoch=61/80 loss=0.013118 seconds=0.08
epoch=62/80 loss=0.009897 seconds=0.09
epoch=63/80 loss=0.007763 seconds=0.08
epoch=64/80 loss=0.019132 seconds=0.08
epoch=65/80 loss=0.009573 seconds=0.08
epoch=66/80 loss=0.003229 seconds=0.09
epoch=67/80 loss=0.001797 seconds=0.08
epoch=68/80 loss=0.006383 seconds=0.09
epoch=69/80 loss=0.001720 seconds=0.08
epoch=70/80 loss=0.002154 seconds=0.09
epoch=71/80 loss=0.013354 seconds=0.08
epoch=72/80 loss=0.010958 seconds=0.08
epoch=73/80 loss=0.014215 seconds=0.08
epoch=74/80 loss=0.027956 seconds=0.09
epoch=75/80 loss=0.045584 seconds=0.08
epoch=76/80 loss=0.015278 seconds=0.09
epoch=77/80 loss=0.004528 seconds=0.09
epoch=78/80 loss=0.002938 seconds=0.09
epoch=79/80 loss=0.023362 seconds=0.08
epoch=80/80 loss=0.078066 seconds=0.09
fold=5/10 OOF_accuracy=0.900000 OOF_AUC=0.931818
Device=cuda; epochs=80; batch=32; model=MobileNetV2_1D
epoch=1/80 loss=0.455183 seconds=0.12
epoch=2/80 loss=0.168995 seconds=0.08
epoch=3/80 loss=0.081432 seconds=0.08
epoch=4/80 loss=0.056460 seconds=0.08
epoch=5/80 loss=0.032605 seconds=0.08
epoch=6/80 loss=0.028985 seconds=0.11
epoch=7/80 loss=0.028208 seconds=0.08
epoch=8/80 loss=0.012075 seconds=0.08
epoch=9/80 loss=0.012762 seconds=0.08
epoch=10/80 loss=0.018624 seconds=0.08
epoch=11/80 loss=0.009989 seconds=0.09
epoch=12/80 loss=0.006050 seconds=0.08
epoch=13/80 loss=0.006715 seconds=0.08
epoch=14/80 loss=0.005500 seconds=0.09
epoch=15/80 loss=0.003958 seconds=0.08
epoch=16/80 loss=0.003960 seconds=0.08
epoch=17/80 loss=0.003655 seconds=0.08
epoch=18/80 loss=0.003610 seconds=0.08
epoch=19/80 loss=0.003350 seconds=0.08
epoch=20/80 loss=0.005202 seconds=0.09
epoch=21/80 loss=0.024867 seconds=0.08
epoch=22/80 loss=0.014876 seconds=0.08
epoch=23/80 loss=0.026133 seconds=0.09
epoch=24/80 loss=0.014787 seconds=0.08
epoch=25/80 loss=0.048239 seconds=0.08
epoch=26/80 loss=0.052381 seconds=0.09
epoch=27/80 loss=0.086660 seconds=0.08
epoch=28/80 loss=0.044145 seconds=0.08
epoch=29/80 loss=0.035230 seconds=0.09
epoch=30/80 loss=0.015072 seconds=0.08
epoch=31/80 loss=0.016631 seconds=0.08
epoch=32/80 loss=0.006003 seconds=0.09
epoch=33/80 loss=0.027629 seconds=0.06
epoch=34/80 loss=0.005273 seconds=0.09
epoch=35/80 loss=0.003613 seconds=0.08
epoch=36/80 loss=0.004130 seconds=0.09
epoch=37/80 loss=0.002211 seconds=0.08
epoch=38/80 loss=0.002056 seconds=0.08
epoch=39/80 loss=0.001672 seconds=0.09
epoch=40/80 loss=0.002548 seconds=0.08
epoch=41/80 loss=0.002872 seconds=0.08
epoch=42/80 loss=0.001133 seconds=0.08
epoch=43/80 loss=0.002914 seconds=0.08
epoch=44/80 loss=0.001685 seconds=0.08
epoch=45/80 loss=0.002164 seconds=0.09
epoch=46/80 loss=0.002699 seconds=0.08
epoch=47/80 loss=0.001350 seconds=0.08
epoch=48/80 loss=0.006851 seconds=0.08
epoch=49/80 loss=0.006016 seconds=0.08
epoch=50/80 loss=0.002663 seconds=0.08
epoch=51/80 loss=0.001262 seconds=0.09
epoch=52/80 loss=0.001064 seconds=0.08
epoch=53/80 loss=0.007777 seconds=0.08
epoch=54/80 loss=0.030861 seconds=0.09
epoch=55/80 loss=0.004737 seconds=0.08
epoch=56/80 loss=0.002670 seconds=0.08
epoch=57/80 loss=0.016762 seconds=0.08
epoch=58/80 loss=0.004454 seconds=0.08
epoch=59/80 loss=0.001381 seconds=0.08
epoch=60/80 loss=0.011532 seconds=0.09
epoch=61/80 loss=0.003078 seconds=0.08
epoch=62/80 loss=0.001578 seconds=0.08
epoch=63/80 loss=0.001116 seconds=0.09
epoch=64/80 loss=0.000828 seconds=0.08
epoch=65/80 loss=0.000718 seconds=0.09
epoch=66/80 loss=0.001119 seconds=0.08
epoch=67/80 loss=0.000820 seconds=0.09
epoch=68/80 loss=0.000764 seconds=0.08
epoch=69/80 loss=0.000632 seconds=0.08
epoch=70/80 loss=0.000668 seconds=0.08
epoch=71/80 loss=0.000486 seconds=0.08
epoch=72/80 loss=0.000536 seconds=0.09
epoch=73/80 loss=0.000848 seconds=0.08
epoch=74/80 loss=0.005146 seconds=0.08
epoch=75/80 loss=0.093175 seconds=0.09
epoch=76/80 loss=0.087880 seconds=0.08
epoch=77/80 loss=0.017936 seconds=0.08
epoch=78/80 loss=0.005190 seconds=0.09
epoch=79/80 loss=0.004229 seconds=0.08
epoch=80/80 loss=0.002180 seconds=0.08
fold=6/10 OOF_accuracy=0.900000 OOF_AUC=0.960227
Device=cuda; epochs=80; batch=32; model=MobileNetV2_1D
epoch=1/80 loss=0.467398 seconds=0.11
epoch=2/80 loss=0.184395 seconds=0.09
epoch=3/80 loss=0.075411 seconds=0.09
epoch=4/80 loss=0.043980 seconds=0.11
epoch=5/80 loss=0.031583 seconds=0.09
epoch=6/80 loss=0.025310 seconds=0.09
epoch=7/80 loss=0.022945 seconds=0.11
epoch=8/80 loss=0.011867 seconds=0.09
epoch=9/80 loss=0.012510 seconds=0.11
epoch=10/80 loss=0.009915 seconds=0.09
epoch=11/80 loss=0.006745 seconds=0.11
epoch=12/80 loss=0.005525 seconds=0.09
epoch=13/80 loss=0.005287 seconds=0.09
epoch=14/80 loss=0.005149 seconds=0.11
epoch=15/80 loss=0.004236 seconds=0.09
epoch=16/80 loss=0.003886 seconds=0.11
epoch=17/80 loss=0.005808 seconds=0.09
epoch=18/80 loss=0.004082 seconds=0.09
epoch=19/80 loss=0.003936 seconds=0.11
epoch=20/80 loss=0.032496 seconds=0.11
epoch=21/80 loss=0.174566 seconds=0.11
epoch=22/80 loss=0.043620 seconds=0.11
epoch=23/80 loss=0.021011 seconds=0.09
epoch=24/80 loss=0.011959 seconds=0.11
epoch=25/80 loss=0.015444 seconds=0.09
epoch=26/80 loss=0.017413 seconds=0.11
epoch=27/80 loss=0.040558 seconds=0.11
epoch=28/80 loss=0.046496 seconds=0.09
epoch=29/80 loss=0.011692 seconds=0.11
epoch=30/80 loss=0.007802 seconds=0.09
epoch=31/80 loss=0.008794 seconds=0.09
epoch=32/80 loss=0.005081 seconds=0.09
epoch=33/80 loss=0.024434 seconds=0.08
epoch=34/80 loss=0.008643 seconds=0.09
epoch=35/80 loss=0.001816 seconds=0.08
epoch=36/80 loss=0.004023 seconds=0.08
epoch=37/80 loss=0.001858 seconds=0.09
epoch=38/80 loss=0.002124 seconds=0.08
epoch=39/80 loss=0.001313 seconds=0.09
epoch=40/80 loss=0.002013 seconds=0.08
epoch=41/80 loss=0.002479 seconds=0.08
epoch=42/80 loss=0.001071 seconds=0.09
epoch=43/80 loss=0.003744 seconds=0.08
epoch=44/80 loss=0.003220 seconds=0.09
epoch=45/80 loss=0.018378 seconds=0.08
epoch=46/80 loss=0.008059 seconds=0.09
epoch=47/80 loss=0.003846 seconds=0.08
epoch=48/80 loss=0.005895 seconds=0.08
epoch=49/80 loss=0.002533 seconds=0.09
epoch=50/80 loss=0.008141 seconds=0.08
epoch=51/80 loss=0.033178 seconds=0.09
epoch=52/80 loss=0.008590 seconds=0.08
epoch=53/80 loss=0.005822 seconds=0.08
epoch=54/80 loss=0.001150 seconds=0.09
epoch=55/80 loss=0.001735 seconds=0.08
epoch=56/80 loss=0.002984 seconds=0.09
epoch=57/80 loss=0.002337 seconds=0.09
epoch=58/80 loss=0.002694 seconds=0.08
epoch=59/80 loss=0.000947 seconds=0.09
epoch=60/80 loss=0.011282 seconds=0.08
epoch=61/80 loss=0.001385 seconds=0.09
epoch=62/80 loss=0.001357 seconds=0.08
epoch=63/80 loss=0.001369 seconds=0.09
epoch=64/80 loss=0.004062 seconds=0.08
epoch=65/80 loss=0.031367 seconds=0.08
epoch=66/80 loss=0.007251 seconds=0.09
epoch=67/80 loss=0.008521 seconds=0.08
epoch=68/80 loss=0.005295 seconds=0.09
epoch=69/80 loss=0.042630 seconds=0.08
epoch=70/80 loss=0.001666 seconds=0.09
epoch=71/80 loss=0.006710 seconds=0.08
epoch=72/80 loss=0.011730 seconds=0.09
epoch=73/80 loss=0.012639 seconds=0.09
epoch=74/80 loss=0.002390 seconds=0.08
epoch=75/80 loss=0.005901 seconds=0.09
epoch=76/80 loss=0.001613 seconds=0.08
epoch=77/80 loss=0.001878 seconds=0.09
epoch=78/80 loss=0.002779 seconds=0.08
epoch=79/80 loss=0.001330 seconds=0.08
epoch=80/80 loss=0.001619 seconds=0.09
fold=7/10 OOF_accuracy=0.900000 OOF_AUC=0.931818
Device=cuda; epochs=80; batch=32; model=MobileNetV2_1D
epoch=1/80 loss=0.498292 seconds=0.09
epoch=2/80 loss=0.188676 seconds=0.08
epoch=3/80 loss=0.084372 seconds=0.08
epoch=4/80 loss=0.051300 seconds=0.06
epoch=5/80 loss=0.031447 seconds=0.09
epoch=6/80 loss=0.030150 seconds=0.08
epoch=7/80 loss=0.022842 seconds=0.08
epoch=8/80 loss=0.013987 seconds=0.09
epoch=9/80 loss=0.014390 seconds=0.09
epoch=10/80 loss=0.015357 seconds=0.08
epoch=11/80 loss=0.012893 seconds=0.08
epoch=12/80 loss=0.008647 seconds=0.09
epoch=13/80 loss=0.011326 seconds=0.09
epoch=14/80 loss=0.008038 seconds=0.08
epoch=15/80 loss=0.005418 seconds=0.08
epoch=16/80 loss=0.004103 seconds=0.09
epoch=17/80 loss=0.004563 seconds=0.08
epoch=18/80 loss=0.004091 seconds=0.09
epoch=19/80 loss=0.003832 seconds=0.08
epoch=20/80 loss=0.044924 seconds=0.08
epoch=21/80 loss=0.102341 seconds=0.08
epoch=22/80 loss=0.025941 seconds=0.09
epoch=23/80 loss=0.010515 seconds=0.08
epoch=24/80 loss=0.007971 seconds=0.09
epoch=25/80 loss=0.010836 seconds=0.08
epoch=26/80 loss=0.016886 seconds=0.09
epoch=27/80 loss=0.014916 seconds=0.08
epoch=28/80 loss=0.092498 seconds=0.08
epoch=29/80 loss=0.021679 seconds=0.08
epoch=30/80 loss=0.007437 seconds=0.08
epoch=31/80 loss=0.011994 seconds=0.08
epoch=32/80 loss=0.002612 seconds=0.08
epoch=33/80 loss=0.007129 seconds=0.08
epoch=34/80 loss=0.004312 seconds=0.08
epoch=35/80 loss=0.001912 seconds=0.08
epoch=36/80 loss=0.005071 seconds=0.09
epoch=37/80 loss=0.001753 seconds=0.08
epoch=38/80 loss=0.001508 seconds=0.08
epoch=39/80 loss=0.001304 seconds=0.08
epoch=40/80 loss=0.002012 seconds=0.09
epoch=41/80 loss=0.001946 seconds=0.08
epoch=42/80 loss=0.000870 seconds=0.08
epoch=43/80 loss=0.001561 seconds=0.09
epoch=44/80 loss=0.012377 seconds=0.08
epoch=45/80 loss=0.033661 seconds=0.08
epoch=46/80 loss=0.003560 seconds=0.09
epoch=47/80 loss=0.002021 seconds=0.08
epoch=48/80 loss=0.002992 seconds=0.08
epoch=49/80 loss=0.002923 seconds=0.08
epoch=50/80 loss=0.005432 seconds=0.08
epoch=51/80 loss=0.002479 seconds=0.09
epoch=52/80 loss=0.004636 seconds=0.08
epoch=53/80 loss=0.002681 seconds=0.08
epoch=54/80 loss=0.001724 seconds=0.09
epoch=55/80 loss=0.001533 seconds=0.08
epoch=56/80 loss=0.001036 seconds=0.08
epoch=57/80 loss=0.001277 seconds=0.08
epoch=58/80 loss=0.000904 seconds=0.08
epoch=59/80 loss=0.000896 seconds=0.08
epoch=60/80 loss=0.006844 seconds=0.09
epoch=61/80 loss=0.001152 seconds=0.08
epoch=62/80 loss=0.002213 seconds=0.09
epoch=63/80 loss=0.001066 seconds=0.08
epoch=64/80 loss=0.002363 seconds=0.08
epoch=65/80 loss=0.000789 seconds=0.09
epoch=66/80 loss=0.001196 seconds=0.08
epoch=67/80 loss=0.000902 seconds=0.08
epoch=68/80 loss=0.001796 seconds=0.08
epoch=69/80 loss=0.000868 seconds=0.09
epoch=70/80 loss=0.000969 seconds=0.09
epoch=71/80 loss=0.001076 seconds=0.09
epoch=72/80 loss=0.000732 seconds=0.08
epoch=73/80 loss=0.002014 seconds=0.08
epoch=74/80 loss=0.017285 seconds=0.08
epoch=75/80 loss=0.072885 seconds=0.08
epoch=76/80 loss=0.018754 seconds=0.09
epoch=77/80 loss=0.004996 seconds=0.08
epoch=78/80 loss=0.003731 seconds=0.09
epoch=79/80 loss=0.005926 seconds=0.08
epoch=80/80 loss=0.008101 seconds=0.08
fold=8/10 OOF_accuracy=0.800000 OOF_AUC=0.761364
Device=cuda; epochs=80; batch=32; model=MobileNetV2_1D
epoch=1/80 loss=0.444913 seconds=0.08
epoch=2/80 loss=0.178966 seconds=0.08
epoch=3/80 loss=0.079571 seconds=0.08
epoch=4/80 loss=0.044403 seconds=0.09
epoch=5/80 loss=0.028848 seconds=0.08
epoch=6/80 loss=0.029474 seconds=0.09
epoch=7/80 loss=0.019907 seconds=0.08
epoch=8/80 loss=0.017351 seconds=0.08
epoch=9/80 loss=0.012337 seconds=0.09
epoch=10/80 loss=0.026494 seconds=0.08
epoch=11/80 loss=0.012890 seconds=0.09
epoch=12/80 loss=0.008141 seconds=0.09
epoch=13/80 loss=0.006431 seconds=0.08
epoch=14/80 loss=0.006390 seconds=0.08
epoch=15/80 loss=0.010011 seconds=0.08
epoch=16/80 loss=0.017263 seconds=0.09
epoch=17/80 loss=0.024831 seconds=0.09
epoch=18/80 loss=0.007495 seconds=0.09
epoch=19/80 loss=0.005334 seconds=0.08
epoch=20/80 loss=0.008637 seconds=0.09
epoch=21/80 loss=0.041323 seconds=0.09
epoch=22/80 loss=0.013354 seconds=0.08
epoch=23/80 loss=0.004922 seconds=0.09
epoch=24/80 loss=0.003883 seconds=0.08
epoch=25/80 loss=0.009169 seconds=0.08
epoch=26/80 loss=0.007465 seconds=0.08
epoch=27/80 loss=0.007142 seconds=0.08
epoch=28/80 loss=0.047769 seconds=0.09
epoch=29/80 loss=0.061399 seconds=0.08
epoch=30/80 loss=0.021437 seconds=0.08
epoch=31/80 loss=0.021484 seconds=0.08
epoch=32/80 loss=0.006020 seconds=0.09
epoch=33/80 loss=0.007501 seconds=0.08
epoch=34/80 loss=0.002091 seconds=0.08
epoch=35/80 loss=0.000959 seconds=0.08
epoch=36/80 loss=0.002265 seconds=0.09
epoch=37/80 loss=0.001025 seconds=0.08
epoch=38/80 loss=0.001682 seconds=0.09
epoch=39/80 loss=0.000989 seconds=0.08
epoch=40/80 loss=0.001162 seconds=0.08
epoch=41/80 loss=0.001891 seconds=0.08
epoch=42/80 loss=0.000689 seconds=0.09
epoch=43/80 loss=0.001048 seconds=0.08
epoch=44/80 loss=0.012572 seconds=0.09
epoch=45/80 loss=0.037405 seconds=0.08
epoch=46/80 loss=0.012698 seconds=0.08
epoch=47/80 loss=0.002962 seconds=0.09
epoch=48/80 loss=0.002778 seconds=0.08
epoch=49/80 loss=0.003292 seconds=0.09
epoch=50/80 loss=0.005806 seconds=0.08
epoch=51/80 loss=0.009410 seconds=0.08
epoch=52/80 loss=0.006714 seconds=0.08
epoch=53/80 loss=0.002542 seconds=0.09
epoch=54/80 loss=0.001758 seconds=0.08
epoch=55/80 loss=0.001569 seconds=0.09
epoch=56/80 loss=0.000681 seconds=0.08
epoch=57/80 loss=0.013598 seconds=0.09
epoch=58/80 loss=0.072598 seconds=0.08
epoch=59/80 loss=0.015841 seconds=0.08
epoch=60/80 loss=0.026877 seconds=0.09
epoch=61/80 loss=0.003430 seconds=0.08
epoch=62/80 loss=0.002361 seconds=0.09
epoch=63/80 loss=0.002902 seconds=0.08
epoch=64/80 loss=0.001711 seconds=0.09
epoch=65/80 loss=0.001578 seconds=0.09
epoch=66/80 loss=0.005846 seconds=0.08
epoch=67/80 loss=0.001851 seconds=0.08
epoch=68/80 loss=0.004968 seconds=0.08
epoch=69/80 loss=0.005276 seconds=0.09
epoch=70/80 loss=0.006843 seconds=0.08
epoch=71/80 loss=0.001701 seconds=0.08
epoch=72/80 loss=0.001586 seconds=0.09
epoch=73/80 loss=0.000949 seconds=0.08
epoch=74/80 loss=0.000977 seconds=0.09
epoch=75/80 loss=0.002323 seconds=0.08
epoch=76/80 loss=0.016205 seconds=0.09
epoch=77/80 loss=0.000622 seconds=0.08
epoch=78/80 loss=0.001731 seconds=0.08
epoch=79/80 loss=0.000785 seconds=0.08
epoch=80/80 loss=0.000591 seconds=0.08
fold=9/10 OOF_accuracy=0.833333 OOF_AUC=0.886364
Device=cuda; epochs=80; batch=32; model=MobileNetV2_1D
epoch=1/80 loss=0.500213 seconds=0.09
epoch=2/80 loss=0.188023 seconds=0.09
epoch=3/80 loss=0.088943 seconds=0.08
epoch=4/80 loss=0.044833 seconds=0.08
epoch=5/80 loss=0.031699 seconds=0.08
epoch=6/80 loss=0.036666 seconds=0.08
epoch=7/80 loss=0.020477 seconds=0.09
epoch=8/80 loss=0.012708 seconds=0.08
epoch=9/80 loss=0.010801 seconds=0.09
epoch=10/80 loss=0.010512 seconds=0.08
epoch=11/80 loss=0.011387 seconds=0.09
epoch=12/80 loss=0.006160 seconds=0.08
epoch=13/80 loss=0.006067 seconds=0.08
epoch=14/80 loss=0.004028 seconds=0.09
epoch=15/80 loss=0.003428 seconds=0.08
epoch=16/80 loss=0.003588 seconds=0.08
epoch=17/80 loss=0.004573 seconds=0.08
epoch=18/80 loss=0.003730 seconds=0.09
epoch=19/80 loss=0.002972 seconds=0.09
epoch=20/80 loss=0.003988 seconds=0.09
epoch=21/80 loss=0.004211 seconds=0.08
epoch=22/80 loss=0.002547 seconds=0.08
epoch=23/80 loss=0.003560 seconds=0.08
epoch=24/80 loss=0.001772 seconds=0.09
epoch=25/80 loss=0.002170 seconds=0.08
epoch=26/80 loss=0.002535 seconds=0.08
epoch=27/80 loss=0.001693 seconds=0.08
epoch=28/80 loss=0.009336 seconds=0.08
epoch=29/80 loss=0.003451 seconds=0.08
epoch=30/80 loss=0.021940 seconds=0.09
epoch=31/80 loss=0.025228 seconds=0.08
epoch=32/80 loss=0.064644 seconds=0.08
epoch=33/80 loss=0.044244 seconds=0.09
epoch=34/80 loss=0.006993 seconds=0.08
epoch=35/80 loss=0.010939 seconds=0.09
epoch=36/80 loss=0.009167 seconds=0.08
epoch=37/80 loss=0.002805 seconds=0.08
epoch=38/80 loss=0.005722 seconds=0.08
epoch=39/80 loss=0.002507 seconds=0.09
epoch=40/80 loss=0.003186 seconds=0.08
epoch=41/80 loss=0.001942 seconds=0.09
epoch=42/80 loss=0.001517 seconds=0.08
epoch=43/80 loss=0.001522 seconds=0.08
epoch=44/80 loss=0.001998 seconds=0.09
epoch=45/80 loss=0.007186 seconds=0.09
epoch=46/80 loss=0.001814 seconds=0.08
epoch=47/80 loss=0.004105 seconds=0.08
epoch=48/80 loss=0.002469 seconds=0.08
epoch=49/80 loss=0.003301 seconds=0.09
epoch=50/80 loss=0.002951 seconds=0.08
epoch=51/80 loss=0.009891 seconds=0.08
epoch=52/80 loss=0.027834 seconds=0.08
epoch=53/80 loss=0.002534 seconds=0.08
epoch=54/80 loss=0.001688 seconds=0.09
epoch=55/80 loss=0.015732 seconds=0.08
epoch=56/80 loss=0.001040 seconds=0.08
epoch=57/80 loss=0.007242 seconds=0.09
epoch=58/80 loss=0.027690 seconds=0.08
epoch=59/80 loss=0.004206 seconds=0.09
epoch=60/80 loss=0.022433 seconds=0.08
epoch=61/80 loss=0.002488 seconds=0.08
epoch=62/80 loss=0.003792 seconds=0.08
epoch=63/80 loss=0.001768 seconds=0.09
epoch=64/80 loss=0.010068 seconds=0.08
epoch=65/80 loss=0.012543 seconds=0.08
epoch=66/80 loss=0.012742 seconds=0.09
epoch=67/80 loss=0.010705 seconds=0.08
epoch=68/80 loss=0.013966 seconds=0.09
epoch=69/80 loss=0.001652 seconds=0.08
epoch=70/80 loss=0.004599 seconds=0.08
epoch=71/80 loss=0.001446 seconds=0.12
epoch=72/80 loss=0.004157 seconds=0.08
epoch=73/80 loss=0.000628 seconds=0.08
epoch=74/80 loss=0.002349 seconds=0.08
epoch=75/80 loss=0.000553 seconds=0.08
epoch=76/80 loss=0.008379 seconds=0.09
epoch=77/80 loss=0.001456 seconds=0.08
epoch=78/80 loss=0.000651 seconds=0.08
epoch=79/80 loss=0.000744 seconds=0.08
epoch=80/80 loss=0.002915 seconds=0.08
fold=10/10 OOF_accuracy=0.766667 OOF_AUC=0.703704
Device=cuda; epochs=80; batch=32; model=MobileNetV2_1D
epoch=1/80 loss=0.451831 seconds=0.11
epoch=2/80 loss=0.158232 seconds=0.08
epoch=3/80 loss=0.076569 seconds=0.08
epoch=4/80 loss=0.056634 seconds=0.09
epoch=5/80 loss=0.050094 seconds=0.08
epoch=6/80 loss=0.026947 seconds=0.09
epoch=7/80 loss=0.024798 seconds=0.08
epoch=8/80 loss=0.014284 seconds=0.09
epoch=9/80 loss=0.009975 seconds=0.08
epoch=10/80 loss=0.008704 seconds=0.09
epoch=11/80 loss=0.013972 seconds=0.09
epoch=12/80 loss=0.016509 seconds=0.08
epoch=13/80 loss=0.020558 seconds=0.09
epoch=14/80 loss=0.033875 seconds=0.09
epoch=15/80 loss=0.018663 seconds=0.11
epoch=16/80 loss=0.030962 seconds=0.09
epoch=17/80 loss=0.012896 seconds=0.11
epoch=18/80 loss=0.009379 seconds=0.08
epoch=19/80 loss=0.030372 seconds=0.09
epoch=20/80 loss=0.008951 seconds=0.09
epoch=21/80 loss=0.011595 seconds=0.08
epoch=22/80 loss=0.021902 seconds=0.11
epoch=23/80 loss=0.046495 seconds=0.09
epoch=24/80 loss=0.039228 seconds=0.08
epoch=25/80 loss=0.012611 seconds=0.08
epoch=26/80 loss=0.006151 seconds=0.09
epoch=27/80 loss=0.005036 seconds=0.08
epoch=28/80 loss=0.007292 seconds=0.09
epoch=29/80 loss=0.004199 seconds=0.09
epoch=30/80 loss=0.003039 seconds=0.09
epoch=31/80 loss=0.002291 seconds=0.09
epoch=32/80 loss=0.002875 seconds=0.08
epoch=33/80 loss=0.002922 seconds=0.09
epoch=34/80 loss=0.002128 seconds=0.09
epoch=35/80 loss=0.001906 seconds=0.09
epoch=36/80 loss=0.004044 seconds=0.09
epoch=37/80 loss=0.012214 seconds=0.08
epoch=38/80 loss=0.008129 seconds=0.11
epoch=39/80 loss=0.014870 seconds=0.08
epoch=40/80 loss=0.005243 seconds=0.09
epoch=41/80 loss=0.010944 seconds=0.08
epoch=42/80 loss=0.003902 seconds=0.09
epoch=43/80 loss=0.001417 seconds=0.08
epoch=44/80 loss=0.000870 seconds=0.09
epoch=45/80 loss=0.000626 seconds=0.09
epoch=46/80 loss=0.000695 seconds=0.08
epoch=47/80 loss=0.000578 seconds=0.09
epoch=48/80 loss=0.000499 seconds=0.09
epoch=49/80 loss=0.000489 seconds=0.09
epoch=50/80 loss=0.001073 seconds=0.08
epoch=51/80 loss=0.000460 seconds=0.08
epoch=52/80 loss=0.000442 seconds=0.09
epoch=53/80 loss=0.000666 seconds=0.09
epoch=54/80 loss=0.000363 seconds=0.08
epoch=55/80 loss=0.000420 seconds=0.09
epoch=56/80 loss=0.000407 seconds=0.09
epoch=57/80 loss=0.000363 seconds=0.09
epoch=58/80 loss=0.001243 seconds=0.08
epoch=59/80 loss=0.000595 seconds=0.09
epoch=60/80 loss=0.000690 seconds=0.08
epoch=61/80 loss=0.000464 seconds=0.09
epoch=62/80 loss=0.000425 seconds=0.09
epoch=63/80 loss=0.000270 seconds=0.09
epoch=64/80 loss=0.000283 seconds=0.08
epoch=65/80 loss=0.000648 seconds=0.09
epoch=66/80 loss=0.000287 seconds=0.09
epoch=67/80 loss=0.000295 seconds=0.08
epoch=68/80 loss=0.000244 seconds=0.09
epoch=69/80 loss=0.000214 seconds=0.09
epoch=70/80 loss=0.000366 seconds=0.08
epoch=71/80 loss=0.000443 seconds=0.08
epoch=72/80 loss=0.000192 seconds=0.09
epoch=73/80 loss=0.000277 seconds=0.09
epoch=74/80 loss=0.000547 seconds=0.08
epoch=75/80 loss=0.000220 seconds=0.09
epoch=76/80 loss=0.000185 seconds=0.08
epoch=77/80 loss=0.000345 seconds=0.09
epoch=78/80 loss=0.000243 seconds=0.09
epoch=79/80 loss=0.000323 seconds=0.08
epoch=80/80 loss=0.000230 seconds=0.09
{"cv_oof": {"accuracy": 0.84, "balanced_accuracy": 0.7698291899205141, "sensitivity": 0.6172839506172839, "specificity": 0.9223744292237442, "f1_macro": 0.7847404927050945, "roc_auc": 0.8344607926038672, "confusion_matrix": [[202, 17], [31, 50]], "classification_report": {"0": {"precision": 0.8669527896995708, "recall": 0.9223744292237442, "f1-score": 0.8938053097345132, "support": 219.0}, "1": {"precision": 0.746268656716418, "recall": 0.6172839506172839, "f1-score": 0.6756756756756757, "support": 81.0}, "accuracy": 0.84, "macro avg": {"precision": 0.8066107232079944, "recall": 0.7698291899205141, "f1-score": 0.7847404927050945, "support": 300.0}, "weighted avg": {"precision": 0.8343680737941195, "recall": 0.84, "f1-score": 0.8349103085386271, "support": 300.0}}}, "test": {"accuracy": 0.7792207792207793, "balanced_accuracy": 0.6845238095238095, "sensitivity": 0.47619047619047616, "specificity": 0.8928571428571429, "f1_macro": 0.6976206976206976, "roc_auc": 0.8333333333333333, "confusion_matrix": [[50, 6], [11, 10]], "classification_report": {"0": {"precision": 0.819672131147541, "recall": 0.8928571428571429, "f1-score": 0.8547008547008547, "support": 56.0}, "1": {"precision": 0.625, "recall": 0.47619047619047616, "f1-score": 0.5405405405405406, "support": 21.0}, "accuracy": 0.7792207792207793, "macro avg": {"precision": 0.7223360655737705, "recall": 0.6845238095238095, "f1-score": 0.6976206976206976, "support": 77.0}, "weighted avg": {"precision": 0.7665797317436661, "recall": 0.7792207792207793, "f1-score": 0.7690207690207691, "support": 77.0}}}, "folds": 10, "original_train_rows": 300, "train_rows": 438, "test_rows": 77, "elapsed_seconds": 79.26600000006147}
