Command: ["C:\\Users\\IHCK\\AppData\\Local\\Programs\\Python\\Python312\\python.exe", "-u", "C:\\Users\\IHCK\\Desktop\\1_10_69Final\\Hippocampal-Shape-Analysis-for-Epilepsy-Detection\\Model\\train_dataset_model.py", "--dataset", "coef_raw", "--side", "right", "--model", "ResNet", "--kind", "coef", "--train-csv", "C:\\Users\\IHCK\\Desktop\\1_10_69Final\\Hippocampal-Shape-Analysis-for-Epilepsy-Detection\\Output_Dataset\\coef_raw\\right\\train_prepared.csv", "--test-csv", "C:\\Users\\IHCK\\Desktop\\1_10_69Final\\Hippocampal-Shape-Analysis-for-Epilepsy-Detection\\Output_Dataset\\coef_raw\\right\\test_prepared.csv", "--output-dir", "C:\\Users\\IHCK\\Desktop\\1_10_69Final\\Hippocampal-Shape-Analysis-for-Epilepsy-Detection\\Model_Results\\dataset_runs_20261003_10fold\\coef_raw\\right\\ResNet", "--epochs", "80", "--folds", "10", "--pls-components", "8", "--seed", "42", "--threads", "2"]
10-fold CV: dataset=coef_raw side=right model=ResNet; original_train=300 test=77
Device=cuda; epochs=80; batch=32; model=ResNet1D
epoch=1/80 loss=0.383546 seconds=0.36
epoch=2/80 loss=0.086951 seconds=0.05
epoch=3/80 loss=0.054302 seconds=0.03
epoch=4/80 loss=0.024588 seconds=0.03
epoch=5/80 loss=0.017462 seconds=0.03
epoch=6/80 loss=0.016636 seconds=0.05
epoch=7/80 loss=0.012836 seconds=0.03
epoch=8/80 loss=0.009409 seconds=0.03
epoch=9/80 loss=0.007541 seconds=0.05
epoch=10/80 loss=0.007038 seconds=0.03
epoch=11/80 loss=0.005053 seconds=0.03
epoch=12/80 loss=0.007043 seconds=0.03
epoch=13/80 loss=0.005723 seconds=0.05
epoch=14/80 loss=0.003939 seconds=0.03
epoch=15/80 loss=0.003492 seconds=0.03
epoch=16/80 loss=0.005241 seconds=0.05
epoch=17/80 loss=0.002636 seconds=0.03
epoch=18/80 loss=0.002894 seconds=0.03
epoch=19/80 loss=0.002932 seconds=0.03
epoch=20/80 loss=0.031486 seconds=0.05
epoch=21/80 loss=0.023234 seconds=0.03
epoch=22/80 loss=0.023618 seconds=0.03
epoch=23/80 loss=0.020973 seconds=0.05
epoch=24/80 loss=0.004251 seconds=0.03
epoch=25/80 loss=0.003789 seconds=0.05
epoch=26/80 loss=0.002505 seconds=0.03
epoch=27/80 loss=0.002372 seconds=0.05
epoch=28/80 loss=0.004838 seconds=0.03
epoch=29/80 loss=0.002018 seconds=0.03
epoch=30/80 loss=0.002775 seconds=0.03
epoch=31/80 loss=0.001981 seconds=0.03
epoch=32/80 loss=0.003440 seconds=0.03
epoch=33/80 loss=0.002388 seconds=0.03
epoch=34/80 loss=0.001273 seconds=0.03
epoch=35/80 loss=0.001380 seconds=0.03
epoch=36/80 loss=0.001199 seconds=0.05
epoch=37/80 loss=0.001116 seconds=0.03
epoch=38/80 loss=0.001378 seconds=0.03
epoch=39/80 loss=0.002162 seconds=0.03
epoch=40/80 loss=0.001216 seconds=0.05
epoch=41/80 loss=0.000665 seconds=0.03
epoch=42/80 loss=0.000980 seconds=0.03
epoch=43/80 loss=0.000718 seconds=0.03
epoch=44/80 loss=0.000620 seconds=0.03
epoch=45/80 loss=0.000726 seconds=0.03
epoch=46/80 loss=0.000945 seconds=0.03
epoch=47/80 loss=0.000497 seconds=0.03
epoch=48/80 loss=0.000718 seconds=0.05
epoch=49/80 loss=0.001245 seconds=0.03
epoch=50/80 loss=0.000575 seconds=0.03
epoch=51/80 loss=0.000583 seconds=0.05
epoch=52/80 loss=0.000757 seconds=0.03
epoch=53/80 loss=0.000427 seconds=0.03
epoch=54/80 loss=0.000399 seconds=0.03
epoch=55/80 loss=0.000497 seconds=0.03
epoch=56/80 loss=0.000566 seconds=0.03
epoch=57/80 loss=0.000388 seconds=0.05
epoch=58/80 loss=0.000358 seconds=0.05
epoch=59/80 loss=0.000595 seconds=0.03
epoch=60/80 loss=0.000572 seconds=0.05
epoch=61/80 loss=0.000272 seconds=0.03
epoch=62/80 loss=0.000321 seconds=0.05
epoch=63/80 loss=0.000387 seconds=0.03
epoch=64/80 loss=0.000552 seconds=0.05
epoch=65/80 loss=0.000633 seconds=0.03
epoch=66/80 loss=0.000540 seconds=0.05
epoch=67/80 loss=0.000464 seconds=0.03
epoch=68/80 loss=0.000387 seconds=0.03
epoch=69/80 loss=0.001224 seconds=0.05
epoch=70/80 loss=0.000295 seconds=0.03
epoch=71/80 loss=0.000292 seconds=0.05
epoch=72/80 loss=0.000471 seconds=0.03
epoch=73/80 loss=0.000306 seconds=0.03
epoch=74/80 loss=0.000339 seconds=0.05
epoch=75/80 loss=0.000231 seconds=0.03
epoch=76/80 loss=0.000598 seconds=0.03
epoch=77/80 loss=0.000273 seconds=0.03
epoch=78/80 loss=0.000289 seconds=0.03
epoch=79/80 loss=0.000281 seconds=0.03
epoch=80/80 loss=0.000220 seconds=0.03
fold=1/10 OOF_accuracy=0.766667 OOF_AUC=0.835227
Device=cuda; epochs=80; batch=32; model=ResNet1D
epoch=1/80 loss=0.374440 seconds=0.05
epoch=2/80 loss=0.093619 seconds=0.03
epoch=3/80 loss=0.054419 seconds=0.03
epoch=4/80 loss=0.036129 seconds=0.05
epoch=5/80 loss=0.028433 seconds=0.03
epoch=6/80 loss=0.020195 seconds=0.05
epoch=7/80 loss=0.012544 seconds=0.03
epoch=8/80 loss=0.013542 seconds=0.03
epoch=9/80 loss=0.008953 seconds=0.03
epoch=10/80 loss=0.007414 seconds=0.03
epoch=11/80 loss=0.004841 seconds=0.03
epoch=12/80 loss=0.008751 seconds=0.03
epoch=13/80 loss=0.005807 seconds=0.05
epoch=14/80 loss=0.004392 seconds=0.03
epoch=15/80 loss=0.003500 seconds=0.03
epoch=16/80 loss=0.006504 seconds=0.03
epoch=17/80 loss=0.003093 seconds=0.03
epoch=18/80 loss=0.003622 seconds=0.05
epoch=19/80 loss=0.002643 seconds=0.03
epoch=20/80 loss=0.002874 seconds=0.05
epoch=21/80 loss=0.002252 seconds=0.03
epoch=22/80 loss=0.002409 seconds=0.05
epoch=23/80 loss=0.003191 seconds=0.03
epoch=24/80 loss=0.017804 seconds=0.05
epoch=25/80 loss=0.011825 seconds=0.03
epoch=26/80 loss=0.002332 seconds=0.03
epoch=27/80 loss=0.003449 seconds=0.03
epoch=28/80 loss=0.009449 seconds=0.05
epoch=29/80 loss=0.002061 seconds=0.03
epoch=30/80 loss=0.002582 seconds=0.05
epoch=31/80 loss=0.002883 seconds=0.03
epoch=32/80 loss=0.002475 seconds=0.03
epoch=33/80 loss=0.002349 seconds=0.05
epoch=34/80 loss=0.001215 seconds=0.03
epoch=35/80 loss=0.001231 seconds=0.03
epoch=36/80 loss=0.001023 seconds=0.05
epoch=37/80 loss=0.000938 seconds=0.03
epoch=38/80 loss=0.001165 seconds=0.03
epoch=39/80 loss=0.007406 seconds=0.03
epoch=40/80 loss=0.068258 seconds=0.03
epoch=41/80 loss=0.006541 seconds=0.05
epoch=42/80 loss=0.039408 seconds=0.03
epoch=43/80 loss=0.003326 seconds=0.03
epoch=44/80 loss=0.013345 seconds=0.05
epoch=45/80 loss=0.006556 seconds=0.03
epoch=46/80 loss=0.015564 seconds=0.03
epoch=47/80 loss=0.001751 seconds=0.05
epoch=48/80 loss=0.001727 seconds=0.03
epoch=49/80 loss=0.005713 seconds=0.05
epoch=50/80 loss=0.001439 seconds=0.03
epoch=51/80 loss=0.001083 seconds=0.05
epoch=52/80 loss=0.014304 seconds=0.03
epoch=53/80 loss=0.001328 seconds=0.05
epoch=54/80 loss=0.010098 seconds=0.03
epoch=55/80 loss=0.001983 seconds=0.03
epoch=56/80 loss=0.001943 seconds=0.05
epoch=57/80 loss=0.001581 seconds=0.03
epoch=58/80 loss=0.002309 seconds=0.03
epoch=59/80 loss=0.005724 seconds=0.05
epoch=60/80 loss=0.004130 seconds=0.03
epoch=61/80 loss=0.000575 seconds=0.03
epoch=62/80 loss=0.000723 seconds=0.03
epoch=63/80 loss=0.003757 seconds=0.05
epoch=64/80 loss=0.006101 seconds=0.03
epoch=65/80 loss=0.001401 seconds=0.03
epoch=66/80 loss=0.001276 seconds=0.03
epoch=67/80 loss=0.000961 seconds=0.03
epoch=68/80 loss=0.000810 seconds=0.03
epoch=69/80 loss=0.001856 seconds=0.03
epoch=70/80 loss=0.000604 seconds=0.05
epoch=71/80 loss=0.000520 seconds=0.03
epoch=72/80 loss=0.000955 seconds=0.03
epoch=73/80 loss=0.000376 seconds=0.03
epoch=74/80 loss=0.000639 seconds=0.03
epoch=75/80 loss=0.000238 seconds=0.05
epoch=76/80 loss=0.000529 seconds=0.03
epoch=77/80 loss=0.000405 seconds=0.05
epoch=78/80 loss=0.000386 seconds=0.03
epoch=79/80 loss=0.000368 seconds=0.05
epoch=80/80 loss=0.000235 seconds=0.03
fold=2/10 OOF_accuracy=0.866667 OOF_AUC=0.954545
Device=cuda; epochs=80; batch=32; model=ResNet1D
epoch=1/80 loss=0.394379 seconds=0.05
epoch=2/80 loss=0.105651 seconds=0.02
epoch=3/80 loss=0.060284 seconds=0.05
epoch=4/80 loss=0.030342 seconds=0.05
epoch=5/80 loss=0.025949 seconds=0.03
epoch=6/80 loss=0.019654 seconds=0.03
epoch=7/80 loss=0.013583 seconds=0.03
epoch=8/80 loss=0.010972 seconds=0.03
epoch=9/80 loss=0.007623 seconds=0.03
epoch=10/80 loss=0.007975 seconds=0.03
epoch=11/80 loss=0.004840 seconds=0.03
epoch=12/80 loss=0.011904 seconds=0.03
epoch=13/80 loss=0.012933 seconds=0.03
epoch=14/80 loss=0.007591 seconds=0.03
epoch=15/80 loss=0.006005 seconds=0.05
epoch=16/80 loss=0.034707 seconds=0.03
epoch=17/80 loss=0.028486 seconds=0.05
epoch=18/80 loss=0.006973 seconds=0.05
epoch=19/80 loss=0.005542 seconds=0.03
epoch=20/80 loss=0.014017 seconds=0.03
epoch=21/80 loss=0.005538 seconds=0.05
epoch=22/80 loss=0.006372 seconds=0.03
epoch=23/80 loss=0.022289 seconds=0.05
epoch=24/80 loss=0.012802 seconds=0.03
epoch=25/80 loss=0.025976 seconds=0.03
epoch=26/80 loss=0.006830 seconds=0.03
epoch=27/80 loss=0.004776 seconds=0.05
epoch=28/80 loss=0.005486 seconds=0.03
epoch=29/80 loss=0.002688 seconds=0.03
epoch=30/80 loss=0.002035 seconds=0.03
epoch=31/80 loss=0.003346 seconds=0.05
epoch=32/80 loss=0.002514 seconds=0.03
epoch=33/80 loss=0.001576 seconds=0.03
epoch=34/80 loss=0.001640 seconds=0.03
epoch=35/80 loss=0.001467 seconds=0.03
epoch=36/80 loss=0.001123 seconds=0.03
epoch=37/80 loss=0.001169 seconds=0.03
epoch=38/80 loss=0.001247 seconds=0.03
epoch=39/80 loss=0.001492 seconds=0.03
epoch=40/80 loss=0.001090 seconds=0.05
epoch=41/80 loss=0.000565 seconds=0.05
epoch=42/80 loss=0.000856 seconds=0.05
epoch=43/80 loss=0.000708 seconds=0.05
epoch=44/80 loss=0.000632 seconds=0.03
epoch=45/80 loss=0.000768 seconds=0.03
epoch=46/80 loss=0.001027 seconds=0.05
epoch=47/80 loss=0.000488 seconds=0.03
epoch=48/80 loss=0.000668 seconds=0.03
epoch=49/80 loss=0.001051 seconds=0.03
epoch=50/80 loss=0.000600 seconds=0.03
epoch=51/80 loss=0.000493 seconds=0.03
epoch=52/80 loss=0.000764 seconds=0.03
epoch=53/80 loss=0.000436 seconds=0.03
epoch=54/80 loss=0.000436 seconds=0.03
epoch=55/80 loss=0.000714 seconds=0.03
epoch=56/80 loss=0.001083 seconds=0.05
epoch=57/80 loss=0.000422 seconds=0.03
epoch=58/80 loss=0.000472 seconds=0.03
epoch=59/80 loss=0.000782 seconds=0.03
epoch=60/80 loss=0.000725 seconds=0.03
epoch=61/80 loss=0.000343 seconds=0.03
epoch=62/80 loss=0.000406 seconds=0.03
epoch=63/80 loss=0.000431 seconds=0.03
epoch=64/80 loss=0.000531 seconds=0.03
epoch=65/80 loss=0.000766 seconds=0.03
epoch=66/80 loss=0.000593 seconds=0.03
epoch=67/80 loss=0.000452 seconds=0.05
epoch=68/80 loss=0.000407 seconds=0.03
epoch=69/80 loss=0.001054 seconds=0.03
epoch=70/80 loss=0.000236 seconds=0.03
epoch=71/80 loss=0.000303 seconds=0.03
epoch=72/80 loss=0.000499 seconds=0.05
epoch=73/80 loss=0.000236 seconds=0.03
epoch=74/80 loss=0.011589 seconds=0.05
epoch=75/80 loss=0.000712 seconds=0.03
epoch=76/80 loss=0.012288 seconds=0.05
epoch=77/80 loss=0.029433 seconds=0.03
epoch=78/80 loss=0.028623 seconds=0.03
epoch=79/80 loss=0.044682 seconds=0.05
epoch=80/80 loss=0.003170 seconds=0.03
fold=3/10 OOF_accuracy=0.766667 OOF_AUC=0.653409
Device=cuda; epochs=80; batch=32; model=ResNet1D
epoch=1/80 loss=0.399186 seconds=0.03
epoch=2/80 loss=0.118490 seconds=0.03
epoch=3/80 loss=0.079418 seconds=0.03
epoch=4/80 loss=0.037550 seconds=0.05
epoch=5/80 loss=0.024551 seconds=0.03
epoch=6/80 loss=0.024055 seconds=0.03
epoch=7/80 loss=0.023507 seconds=0.05
epoch=8/80 loss=0.012511 seconds=0.03
epoch=9/80 loss=0.014213 seconds=0.05
epoch=10/80 loss=0.008821 seconds=0.03
epoch=11/80 loss=0.005764 seconds=0.03
epoch=12/80 loss=0.007712 seconds=0.03
epoch=13/80 loss=0.006939 seconds=0.03
epoch=14/80 loss=0.006339 seconds=0.05
epoch=15/80 loss=0.004502 seconds=0.03
epoch=16/80 loss=0.006460 seconds=0.03
epoch=17/80 loss=0.003210 seconds=0.03
epoch=18/80 loss=0.003130 seconds=0.05
epoch=19/80 loss=0.002537 seconds=0.05
epoch=20/80 loss=0.003107 seconds=0.03
epoch=21/80 loss=0.002462 seconds=0.03
epoch=22/80 loss=0.003056 seconds=0.05
epoch=23/80 loss=0.002345 seconds=0.05
epoch=24/80 loss=0.001842 seconds=0.03
epoch=25/80 loss=0.001567 seconds=0.03
epoch=26/80 loss=0.001449 seconds=0.03
epoch=27/80 loss=0.001531 seconds=0.05
epoch=28/80 loss=0.002103 seconds=0.03
epoch=29/80 loss=0.001285 seconds=0.03
epoch=30/80 loss=0.001372 seconds=0.03
epoch=31/80 loss=0.001568 seconds=0.05
epoch=32/80 loss=0.001892 seconds=0.03
epoch=33/80 loss=0.001314 seconds=0.03
epoch=34/80 loss=0.001054 seconds=0.03
epoch=35/80 loss=0.001369 seconds=0.05
epoch=36/80 loss=0.000935 seconds=0.03
epoch=37/80 loss=0.000975 seconds=0.03
epoch=38/80 loss=0.001210 seconds=0.03
epoch=39/80 loss=0.001146 seconds=0.05
epoch=40/80 loss=0.000961 seconds=0.05
epoch=41/80 loss=0.000570 seconds=0.05
epoch=42/80 loss=0.000876 seconds=0.03
epoch=43/80 loss=0.000622 seconds=0.03
epoch=44/80 loss=0.002015 seconds=0.05
epoch=45/80 loss=0.004558 seconds=0.03
epoch=46/80 loss=0.018629 seconds=0.03
epoch=47/80 loss=0.030147 seconds=0.03
epoch=48/80 loss=0.079106 seconds=0.05
epoch=49/80 loss=0.022284 seconds=0.03
epoch=50/80 loss=0.007423 seconds=0.05
epoch=51/80 loss=0.002845 seconds=0.03
epoch=52/80 loss=0.018079 seconds=0.05
epoch=53/80 loss=0.040909 seconds=0.03
epoch=54/80 loss=0.042380 seconds=0.05
epoch=55/80 loss=0.018128 seconds=0.03
epoch=56/80 loss=0.014338 seconds=0.05
epoch=57/80 loss=0.008101 seconds=0.03
epoch=58/80 loss=0.003844 seconds=0.05
epoch=59/80 loss=0.010052 seconds=0.03
epoch=60/80 loss=0.005162 seconds=0.05
epoch=61/80 loss=0.001459 seconds=0.03
epoch=62/80 loss=0.001925 seconds=0.05
epoch=63/80 loss=0.002060 seconds=0.03
epoch=64/80 loss=0.003857 seconds=0.05
epoch=65/80 loss=0.004759 seconds=0.03
epoch=66/80 loss=0.005209 seconds=0.05
epoch=67/80 loss=0.008368 seconds=0.05
epoch=68/80 loss=0.016785 seconds=0.03
epoch=69/80 loss=0.012193 seconds=0.05
epoch=70/80 loss=0.007259 seconds=0.02
epoch=71/80 loss=0.011402 seconds=0.05
epoch=72/80 loss=0.010836 seconds=0.03
epoch=73/80 loss=0.002847 seconds=0.05
epoch=74/80 loss=0.010732 seconds=0.03
epoch=75/80 loss=0.003324 seconds=0.05
epoch=76/80 loss=0.015013 seconds=0.03
epoch=77/80 loss=0.002093 seconds=0.05
epoch=78/80 loss=0.000875 seconds=0.03
epoch=79/80 loss=0.000899 seconds=0.05
epoch=80/80 loss=0.000548 seconds=0.03
fold=4/10 OOF_accuracy=0.933333 OOF_AUC=0.880682
Device=cuda; epochs=80; batch=32; model=ResNet1D
epoch=1/80 loss=0.407807 seconds=0.05
epoch=2/80 loss=0.116096 seconds=0.03
epoch=3/80 loss=0.065682 seconds=0.03
epoch=4/80 loss=0.033338 seconds=0.03
epoch=5/80 loss=0.024088 seconds=0.05
epoch=6/80 loss=0.025234 seconds=0.03
epoch=7/80 loss=0.021695 seconds=0.03
epoch=8/80 loss=0.013877 seconds=0.05
epoch=9/80 loss=0.015833 seconds=0.03
epoch=10/80 loss=0.010518 seconds=0.03
epoch=11/80 loss=0.008151 seconds=0.03
epoch=12/80 loss=0.009721 seconds=0.03
epoch=13/80 loss=0.007628 seconds=0.03
epoch=14/80 loss=0.004812 seconds=0.05
epoch=15/80 loss=0.004707 seconds=0.03
epoch=16/80 loss=0.007250 seconds=0.03
epoch=17/80 loss=0.007064 seconds=0.03
epoch=18/80 loss=0.008493 seconds=0.05
epoch=19/80 loss=0.004462 seconds=0.03
epoch=20/80 loss=0.008874 seconds=0.03
epoch=21/80 loss=0.012056 seconds=0.05
epoch=22/80 loss=0.007828 seconds=0.03
epoch=23/80 loss=0.013322 seconds=0.05
epoch=24/80 loss=0.023052 seconds=0.03
epoch=25/80 loss=0.018454 seconds=0.03
epoch=26/80 loss=0.010225 seconds=0.03
epoch=27/80 loss=0.005262 seconds=0.03
epoch=28/80 loss=0.015576 seconds=0.03
epoch=29/80 loss=0.002507 seconds=0.05
epoch=30/80 loss=0.003016 seconds=0.03
epoch=31/80 loss=0.003758 seconds=0.03
epoch=32/80 loss=0.003929 seconds=0.03
epoch=33/80 loss=0.001954 seconds=0.05
epoch=34/80 loss=0.001628 seconds=0.03
epoch=35/80 loss=0.002151 seconds=0.05
epoch=36/80 loss=0.001208 seconds=0.03
epoch=37/80 loss=0.001434 seconds=0.05
epoch=38/80 loss=0.001243 seconds=0.03
epoch=39/80 loss=0.002575 seconds=0.05
epoch=40/80 loss=0.001058 seconds=0.03
epoch=41/80 loss=0.000829 seconds=0.05
epoch=42/80 loss=0.000997 seconds=0.03
epoch=43/80 loss=0.000805 seconds=0.03
epoch=44/80 loss=0.001007 seconds=0.03
epoch=45/80 loss=0.000832 seconds=0.05
epoch=46/80 loss=0.005026 seconds=0.05
epoch=47/80 loss=0.006363 seconds=0.03
epoch=48/80 loss=0.001299 seconds=0.03
epoch=49/80 loss=0.065865 seconds=0.05
epoch=50/80 loss=0.003856 seconds=0.03
epoch=51/80 loss=0.006775 seconds=0.05
epoch=52/80 loss=0.002757 seconds=0.03
epoch=53/80 loss=0.023307 seconds=0.05
epoch=54/80 loss=0.006294 seconds=0.05
epoch=55/80 loss=0.022433 seconds=0.03
epoch=56/80 loss=0.016394 seconds=0.05
epoch=57/80 loss=0.011862 seconds=0.03
epoch=58/80 loss=0.007856 seconds=0.05
epoch=59/80 loss=0.012778 seconds=0.03
epoch=60/80 loss=0.005715 seconds=0.05
epoch=61/80 loss=0.000950 seconds=0.03
epoch=62/80 loss=0.001112 seconds=0.03
epoch=63/80 loss=0.001229 seconds=0.05
epoch=64/80 loss=0.004422 seconds=0.03
epoch=65/80 loss=0.002184 seconds=0.03
epoch=66/80 loss=0.005793 seconds=0.03
epoch=67/80 loss=0.001212 seconds=0.05
epoch=68/80 loss=0.005876 seconds=0.03
epoch=69/80 loss=0.004190 seconds=0.03
epoch=70/80 loss=0.000996 seconds=0.03
epoch=71/80 loss=0.015147 seconds=0.05
epoch=72/80 loss=0.002832 seconds=0.03
epoch=73/80 loss=0.000777 seconds=0.05
epoch=74/80 loss=0.011012 seconds=0.03
epoch=75/80 loss=0.001613 seconds=0.03
epoch=76/80 loss=0.001023 seconds=0.05
epoch=77/80 loss=0.000879 seconds=0.03
epoch=78/80 loss=0.002321 seconds=0.05
epoch=79/80 loss=0.000850 seconds=0.03
epoch=80/80 loss=0.000351 seconds=0.05
fold=5/10 OOF_accuracy=0.966667 OOF_AUC=0.988636
Device=cuda; epochs=80; batch=32; model=ResNet1D
epoch=1/80 loss=0.394260 seconds=0.03
epoch=2/80 loss=0.097108 seconds=0.05
epoch=3/80 loss=0.060196 seconds=0.03
epoch=4/80 loss=0.032120 seconds=0.03
epoch=5/80 loss=0.019954 seconds=0.03
epoch=6/80 loss=0.017676 seconds=0.05
epoch=7/80 loss=0.013083 seconds=0.03
epoch=8/80 loss=0.020453 seconds=0.05
epoch=9/80 loss=0.008889 seconds=0.03
epoch=10/80 loss=0.019346 seconds=0.05
epoch=11/80 loss=0.011633 seconds=0.03
epoch=12/80 loss=0.011027 seconds=0.03
epoch=13/80 loss=0.011211 seconds=0.05
epoch=14/80 loss=0.008703 seconds=0.03
epoch=15/80 loss=0.004518 seconds=0.06
epoch=16/80 loss=0.006467 seconds=0.03
epoch=17/80 loss=0.003308 seconds=0.03
epoch=18/80 loss=0.003924 seconds=0.05
epoch=19/80 loss=0.003433 seconds=0.03
epoch=20/80 loss=0.005771 seconds=0.03
epoch=21/80 loss=0.007910 seconds=0.03
epoch=22/80 loss=0.004684 seconds=0.05
epoch=23/80 loss=0.003342 seconds=0.03
epoch=24/80 loss=0.002058 seconds=0.05
epoch=25/80 loss=0.002073 seconds=0.03
epoch=26/80 loss=0.001681 seconds=0.03
epoch=27/80 loss=0.001438 seconds=0.05
epoch=28/80 loss=0.007772 seconds=0.03
epoch=29/80 loss=0.004545 seconds=0.03
epoch=30/80 loss=0.001814 seconds=0.05
epoch=31/80 loss=0.003204 seconds=0.03
epoch=32/80 loss=0.002433 seconds=0.03
epoch=33/80 loss=0.002025 seconds=0.05
epoch=34/80 loss=0.001051 seconds=0.05
epoch=35/80 loss=0.001537 seconds=0.03
epoch=36/80 loss=0.001074 seconds=0.05
epoch=37/80 loss=0.000863 seconds=0.03
epoch=38/80 loss=0.001142 seconds=0.03
epoch=39/80 loss=0.001178 seconds=0.03
epoch=40/80 loss=0.000911 seconds=0.03
epoch=41/80 loss=0.000497 seconds=0.03
epoch=42/80 loss=0.000773 seconds=0.05
epoch=43/80 loss=0.000533 seconds=0.03
epoch=44/80 loss=0.000493 seconds=0.03
epoch=45/80 loss=0.000531 seconds=0.03
epoch=46/80 loss=0.002176 seconds=0.03
epoch=47/80 loss=0.003333 seconds=0.03
epoch=48/80 loss=0.001713 seconds=0.03
epoch=49/80 loss=0.025520 seconds=0.05
epoch=50/80 loss=0.001183 seconds=0.03
epoch=51/80 loss=0.001239 seconds=0.03
epoch=52/80 loss=0.002124 seconds=0.03
epoch=53/80 loss=0.000680 seconds=0.05
epoch=54/80 loss=0.000629 seconds=0.03
epoch=55/80 loss=0.000933 seconds=0.03
epoch=56/80 loss=0.000721 seconds=0.05
epoch=57/80 loss=0.000788 seconds=0.03
epoch=58/80 loss=0.000482 seconds=0.03
epoch=59/80 loss=0.000943 seconds=0.05
epoch=60/80 loss=0.000692 seconds=0.05
epoch=61/80 loss=0.000412 seconds=0.06
epoch=62/80 loss=0.000344 seconds=0.05
epoch=63/80 loss=0.000465 seconds=0.03
epoch=64/80 loss=0.000573 seconds=0.05
epoch=65/80 loss=0.000554 seconds=0.03
epoch=66/80 loss=0.000666 seconds=0.03
epoch=67/80 loss=0.000595 seconds=0.03
epoch=68/80 loss=0.000500 seconds=0.05
epoch=69/80 loss=0.004649 seconds=0.03
epoch=70/80 loss=0.018456 seconds=0.03
epoch=71/80 loss=0.059293 seconds=0.03
epoch=72/80 loss=0.029311 seconds=0.03
epoch=73/80 loss=0.029532 seconds=0.05
epoch=74/80 loss=0.028389 seconds=0.03
epoch=75/80 loss=0.004847 seconds=0.03
epoch=76/80 loss=0.003738 seconds=0.03
epoch=77/80 loss=0.002126 seconds=0.05
epoch=78/80 loss=0.015936 seconds=0.03
epoch=79/80 loss=0.005740 seconds=0.03
epoch=80/80 loss=0.007344 seconds=0.03
fold=6/10 OOF_accuracy=0.900000 OOF_AUC=0.948864
Device=cuda; epochs=80; batch=32; model=ResNet1D
epoch=1/80 loss=0.400514 seconds=0.03
epoch=2/80 loss=0.099508 seconds=0.03
epoch=3/80 loss=0.057618 seconds=0.03
epoch=4/80 loss=0.028494 seconds=0.05
epoch=5/80 loss=0.020290 seconds=0.03
epoch=6/80 loss=0.015775 seconds=0.06
epoch=7/80 loss=0.012624 seconds=0.03
epoch=8/80 loss=0.009663 seconds=0.03
epoch=9/80 loss=0.007629 seconds=0.03
epoch=10/80 loss=0.007885 seconds=0.05
epoch=11/80 loss=0.005063 seconds=0.03
epoch=12/80 loss=0.007837 seconds=0.03
epoch=13/80 loss=0.006335 seconds=0.03
epoch=14/80 loss=0.004850 seconds=0.05
epoch=15/80 loss=0.004799 seconds=0.03
epoch=16/80 loss=0.011949 seconds=0.03
epoch=17/80 loss=0.007821 seconds=0.03
epoch=18/80 loss=0.003474 seconds=0.03
epoch=19/80 loss=0.013099 seconds=0.05
epoch=20/80 loss=0.032082 seconds=0.03
epoch=21/80 loss=0.009428 seconds=0.03
epoch=22/80 loss=0.006359 seconds=0.03
epoch=23/80 loss=0.005563 seconds=0.03
epoch=24/80 loss=0.003846 seconds=0.03
epoch=25/80 loss=0.004543 seconds=0.05
epoch=26/80 loss=0.002178 seconds=0.03
epoch=27/80 loss=0.002331 seconds=0.03
epoch=28/80 loss=0.005701 seconds=0.03
epoch=29/80 loss=0.001580 seconds=0.05
epoch=30/80 loss=0.006860 seconds=0.03
epoch=31/80 loss=0.009344 seconds=0.03
epoch=32/80 loss=0.007039 seconds=0.05
epoch=33/80 loss=0.004315 seconds=0.03
epoch=34/80 loss=0.001485 seconds=0.03
epoch=35/80 loss=0.002259 seconds=0.03
epoch=36/80 loss=0.001376 seconds=0.03
epoch=37/80 loss=0.001196 seconds=0.03
epoch=38/80 loss=0.001346 seconds=0.05
epoch=39/80 loss=0.003577 seconds=0.05
epoch=40/80 loss=0.001278 seconds=0.03
epoch=41/80 loss=0.000798 seconds=0.05
epoch=42/80 loss=0.001124 seconds=0.03
epoch=43/80 loss=0.000781 seconds=0.05
epoch=44/80 loss=0.000661 seconds=0.05
epoch=45/80 loss=0.000780 seconds=0.03
epoch=46/80 loss=0.001021 seconds=0.03
epoch=47/80 loss=0.000536 seconds=0.03
epoch=48/80 loss=0.000698 seconds=0.03
epoch=49/80 loss=0.001116 seconds=0.03
epoch=50/80 loss=0.000531 seconds=0.03
epoch=51/80 loss=0.000646 seconds=0.03
epoch=52/80 loss=0.001196 seconds=0.05
epoch=53/80 loss=0.000559 seconds=0.03
epoch=54/80 loss=0.000633 seconds=0.03
epoch=55/80 loss=0.000651 seconds=0.03
epoch=56/80 loss=0.001383 seconds=0.03
epoch=57/80 loss=0.000406 seconds=0.03
epoch=58/80 loss=0.000362 seconds=0.05
epoch=59/80 loss=0.000958 seconds=0.03
epoch=60/80 loss=0.000551 seconds=0.03
epoch=61/80 loss=0.000254 seconds=0.05
epoch=62/80 loss=0.000294 seconds=0.03
epoch=63/80 loss=0.000337 seconds=0.03
epoch=64/80 loss=0.000672 seconds=0.03
epoch=65/80 loss=0.000716 seconds=0.03
epoch=66/80 loss=0.000728 seconds=0.03
epoch=67/80 loss=0.000431 seconds=0.05
epoch=68/80 loss=0.000364 seconds=0.03
epoch=69/80 loss=0.001602 seconds=0.03
epoch=70/80 loss=0.001089 seconds=0.03
epoch=71/80 loss=0.000288 seconds=0.03
epoch=72/80 loss=0.000451 seconds=0.05
epoch=73/80 loss=0.000272 seconds=0.03
epoch=74/80 loss=0.000372 seconds=0.05
epoch=75/80 loss=0.000191 seconds=0.03
epoch=76/80 loss=0.000399 seconds=0.03
epoch=77/80 loss=0.000302 seconds=0.03
epoch=78/80 loss=0.000256 seconds=0.03
epoch=79/80 loss=0.000322 seconds=0.03
epoch=80/80 loss=0.000266 seconds=0.03
fold=7/10 OOF_accuracy=0.800000 OOF_AUC=0.886364
Device=cuda; epochs=80; batch=32; model=ResNet1D
epoch=1/80 loss=0.383169 seconds=0.05
epoch=2/80 loss=0.087041 seconds=0.05
epoch=3/80 loss=0.054588 seconds=0.03
epoch=4/80 loss=0.025925 seconds=0.05
epoch=5/80 loss=0.020637 seconds=0.03
epoch=6/80 loss=0.020981 seconds=0.03
epoch=7/80 loss=0.023672 seconds=0.03
epoch=8/80 loss=0.011314 seconds=0.03
epoch=9/80 loss=0.019569 seconds=0.03
epoch=10/80 loss=0.009262 seconds=0.03
epoch=11/80 loss=0.006413 seconds=0.03
epoch=12/80 loss=0.013922 seconds=0.03
epoch=13/80 loss=0.013313 seconds=0.03
epoch=14/80 loss=0.004451 seconds=0.05
epoch=15/80 loss=0.004024 seconds=0.03
epoch=16/80 loss=0.005686 seconds=0.03
epoch=17/80 loss=0.002724 seconds=0.03
epoch=18/80 loss=0.002739 seconds=0.03
epoch=19/80 loss=0.016660 seconds=0.05
epoch=20/80 loss=0.053474 seconds=0.03
epoch=21/80 loss=0.016338 seconds=0.05
epoch=22/80 loss=0.008834 seconds=0.03
epoch=23/80 loss=0.012103 seconds=0.05
epoch=24/80 loss=0.004940 seconds=0.03
epoch=25/80 loss=0.002538 seconds=0.05
epoch=26/80 loss=0.002333 seconds=0.03
epoch=27/80 loss=0.002089 seconds=0.03
epoch=28/80 loss=0.003594 seconds=0.03
epoch=29/80 loss=0.001626 seconds=0.05
epoch=30/80 loss=0.001829 seconds=0.03
epoch=31/80 loss=0.002030 seconds=0.05
epoch=32/80 loss=0.002339 seconds=0.03
epoch=33/80 loss=0.001649 seconds=0.05
epoch=34/80 loss=0.001049 seconds=0.03
epoch=35/80 loss=0.001363 seconds=0.03
epoch=36/80 loss=0.001007 seconds=0.03
epoch=37/80 loss=0.002216 seconds=0.03
epoch=38/80 loss=0.001999 seconds=0.05
epoch=39/80 loss=0.002902 seconds=0.03
epoch=40/80 loss=0.002163 seconds=0.03
epoch=41/80 loss=0.000612 seconds=0.03
epoch=42/80 loss=0.001334 seconds=0.05
epoch=43/80 loss=0.000929 seconds=0.03
epoch=44/80 loss=0.000726 seconds=0.03
epoch=45/80 loss=0.000836 seconds=0.03
epoch=46/80 loss=0.001003 seconds=0.05
epoch=47/80 loss=0.000536 seconds=0.03
epoch=48/80 loss=0.001122 seconds=0.03
epoch=49/80 loss=0.001306 seconds=0.03
epoch=50/80 loss=0.000644 seconds=0.05
epoch=51/80 loss=0.000523 seconds=0.03
epoch=52/80 loss=0.001171 seconds=0.03
epoch=53/80 loss=0.000437 seconds=0.05
epoch=54/80 loss=0.000561 seconds=0.05
epoch=55/80 loss=0.000982 seconds=0.03
epoch=56/80 loss=0.001448 seconds=0.03
epoch=57/80 loss=0.000415 seconds=0.03
epoch=58/80 loss=0.000363 seconds=0.03
epoch=59/80 loss=0.000658 seconds=0.05
epoch=60/80 loss=0.000542 seconds=0.03
epoch=61/80 loss=0.000305 seconds=0.03
epoch=62/80 loss=0.000370 seconds=0.03
epoch=63/80 loss=0.000395 seconds=0.03
epoch=64/80 loss=0.000502 seconds=0.05
epoch=65/80 loss=0.000552 seconds=0.03
epoch=66/80 loss=0.000660 seconds=0.03
epoch=67/80 loss=0.000420 seconds=0.05
epoch=68/80 loss=0.000424 seconds=0.03
epoch=69/80 loss=0.000587 seconds=0.05
epoch=70/80 loss=0.000231 seconds=0.03
epoch=71/80 loss=0.000335 seconds=0.05
epoch=72/80 loss=0.000434 seconds=0.03
epoch=73/80 loss=0.000245 seconds=0.05
epoch=74/80 loss=0.000336 seconds=0.03
epoch=75/80 loss=0.000183 seconds=0.03
epoch=76/80 loss=0.000437 seconds=0.03
epoch=77/80 loss=0.000538 seconds=0.03
epoch=78/80 loss=0.000236 seconds=0.05
epoch=79/80 loss=0.000358 seconds=0.03
epoch=80/80 loss=0.000248 seconds=0.03
fold=8/10 OOF_accuracy=0.766667 OOF_AUC=0.693182
Device=cuda; epochs=80; batch=32; model=ResNet1D
epoch=1/80 loss=0.398100 seconds=0.03
epoch=2/80 loss=0.096208 seconds=0.03
epoch=3/80 loss=0.061922 seconds=0.03
epoch=4/80 loss=0.030416 seconds=0.03
epoch=5/80 loss=0.022308 seconds=0.03
epoch=6/80 loss=0.024355 seconds=0.03
epoch=7/80 loss=0.022446 seconds=0.05
epoch=8/80 loss=0.012630 seconds=0.03
epoch=9/80 loss=0.008895 seconds=0.03
epoch=10/80 loss=0.014271 seconds=0.05
epoch=11/80 loss=0.008093 seconds=0.03
epoch=12/80 loss=0.020467 seconds=0.03
epoch=13/80 loss=0.024501 seconds=0.03
epoch=14/80 loss=0.007542 seconds=0.03
epoch=15/80 loss=0.005661 seconds=0.05
epoch=16/80 loss=0.006414 seconds=0.03
epoch=17/80 loss=0.003214 seconds=0.03
epoch=18/80 loss=0.002966 seconds=0.05
epoch=19/80 loss=0.003012 seconds=0.03
epoch=20/80 loss=0.003874 seconds=0.05
epoch=21/80 loss=0.002388 seconds=0.03
epoch=22/80 loss=0.002773 seconds=0.03
epoch=23/80 loss=0.003157 seconds=0.03
epoch=24/80 loss=0.001709 seconds=0.05
epoch=25/80 loss=0.002097 seconds=0.03
epoch=26/80 loss=0.001703 seconds=0.03
epoch=27/80 loss=0.001869 seconds=0.03
epoch=28/80 loss=0.004921 seconds=0.05
epoch=29/80 loss=0.002018 seconds=0.03
epoch=30/80 loss=0.010888 seconds=0.03
epoch=31/80 loss=0.009249 seconds=0.05
epoch=32/80 loss=0.016466 seconds=0.03
epoch=33/80 loss=0.017211 seconds=0.05
epoch=34/80 loss=0.002283 seconds=0.03
epoch=35/80 loss=0.003181 seconds=0.05
epoch=36/80 loss=0.002363 seconds=0.03
epoch=37/80 loss=0.001454 seconds=0.03
epoch=38/80 loss=0.001679 seconds=0.03
epoch=39/80 loss=0.001938 seconds=0.03
epoch=40/80 loss=0.001374 seconds=0.03
epoch=41/80 loss=0.000707 seconds=0.05
epoch=42/80 loss=0.001026 seconds=0.05
epoch=43/80 loss=0.000814 seconds=0.03
epoch=44/80 loss=0.000687 seconds=0.05
epoch=45/80 loss=0.000727 seconds=0.03
epoch=46/80 loss=0.001057 seconds=0.05
epoch=47/80 loss=0.000576 seconds=0.03
epoch=48/80 loss=0.000877 seconds=0.03
epoch=49/80 loss=0.001100 seconds=0.03
epoch=50/80 loss=0.000780 seconds=0.03
epoch=51/80 loss=0.000611 seconds=0.05
epoch=52/80 loss=0.001481 seconds=0.03
epoch=53/80 loss=0.000519 seconds=0.05
epoch=54/80 loss=0.006182 seconds=0.03
epoch=55/80 loss=0.014602 seconds=0.05
epoch=56/80 loss=0.001017 seconds=0.03
epoch=57/80 loss=0.031200 seconds=0.03
epoch=58/80 loss=0.003579 seconds=0.03
epoch=59/80 loss=0.021644 seconds=0.05
epoch=60/80 loss=0.051386 seconds=0.03
epoch=61/80 loss=0.003456 seconds=0.03
epoch=62/80 loss=0.004625 seconds=0.03
epoch=63/80 loss=0.002345 seconds=0.05
epoch=64/80 loss=0.003294 seconds=0.03
epoch=65/80 loss=0.004205 seconds=0.05
epoch=66/80 loss=0.005961 seconds=0.03
epoch=67/80 loss=0.050011 seconds=0.03
epoch=68/80 loss=0.025541 seconds=0.05
epoch=69/80 loss=0.030456 seconds=0.03
epoch=70/80 loss=0.008526 seconds=0.03
epoch=71/80 loss=0.005609 seconds=0.03
epoch=72/80 loss=0.004229 seconds=0.03
epoch=73/80 loss=0.001595 seconds=0.05
epoch=74/80 loss=0.000996 seconds=0.03
epoch=75/80 loss=0.000465 seconds=0.03
epoch=76/80 loss=0.002956 seconds=0.03
epoch=77/80 loss=0.000758 seconds=0.03
epoch=78/80 loss=0.000709 seconds=0.03
epoch=79/80 loss=0.000724 seconds=0.05
epoch=80/80 loss=0.000421 seconds=0.03
fold=9/10 OOF_accuracy=0.833333 OOF_AUC=0.886364
Device=cuda; epochs=80; batch=32; model=ResNet1D
epoch=1/80 loss=0.413601 seconds=0.03
epoch=2/80 loss=0.129362 seconds=0.03
epoch=3/80 loss=0.069607 seconds=0.05
epoch=4/80 loss=0.035362 seconds=0.03
epoch=5/80 loss=0.026547 seconds=0.03
epoch=6/80 loss=0.021608 seconds=0.03
epoch=7/80 loss=0.014962 seconds=0.03
epoch=8/80 loss=0.013145 seconds=0.05
epoch=9/80 loss=0.009373 seconds=0.03
epoch=10/80 loss=0.007457 seconds=0.03
epoch=11/80 loss=0.005341 seconds=0.03
epoch=12/80 loss=0.006397 seconds=0.05
epoch=13/80 loss=0.007502 seconds=0.03
epoch=14/80 loss=0.004880 seconds=0.03
epoch=15/80 loss=0.003819 seconds=0.03
epoch=16/80 loss=0.004782 seconds=0.03
epoch=17/80 loss=0.002700 seconds=0.03
epoch=18/80 loss=0.002855 seconds=0.05
epoch=19/80 loss=0.006358 seconds=0.03
epoch=20/80 loss=0.011417 seconds=0.03
epoch=21/80 loss=0.020829 seconds=0.03
epoch=22/80 loss=0.055878 seconds=0.03
epoch=23/80 loss=0.015200 seconds=0.03
epoch=24/80 loss=0.008243 seconds=0.05
epoch=25/80 loss=0.017213 seconds=0.03
epoch=26/80 loss=0.007536 seconds=0.03
epoch=27/80 loss=0.004835 seconds=0.03
epoch=28/80 loss=0.003326 seconds=0.05
epoch=29/80 loss=0.002514 seconds=0.03
epoch=30/80 loss=0.002046 seconds=0.05
epoch=31/80 loss=0.002495 seconds=0.03
epoch=32/80 loss=0.001957 seconds=0.05
epoch=33/80 loss=0.002072 seconds=0.03
epoch=34/80 loss=0.001200 seconds=0.05
epoch=35/80 loss=0.001430 seconds=0.03
epoch=36/80 loss=0.001162 seconds=0.05
epoch=37/80 loss=0.001128 seconds=0.03
epoch=38/80 loss=0.001810 seconds=0.05
epoch=39/80 loss=0.001254 seconds=0.03
epoch=40/80 loss=0.001379 seconds=0.05
epoch=41/80 loss=0.000560 seconds=0.03
epoch=42/80 loss=0.001074 seconds=0.05
epoch=43/80 loss=0.000729 seconds=0.03
epoch=44/80 loss=0.000747 seconds=0.05
epoch=45/80 loss=0.000894 seconds=0.03
epoch=46/80 loss=0.001040 seconds=0.05
epoch=47/80 loss=0.000560 seconds=0.05
epoch=48/80 loss=0.000890 seconds=0.05
epoch=49/80 loss=0.001216 seconds=0.05
epoch=50/80 loss=0.000623 seconds=0.05
epoch=51/80 loss=0.000499 seconds=0.03
epoch=52/80 loss=0.000544 seconds=0.05
epoch=53/80 loss=0.000464 seconds=0.03
epoch=54/80 loss=0.000386 seconds=0.03
epoch=55/80 loss=0.000929 seconds=0.05
epoch=56/80 loss=0.000578 seconds=0.05
epoch=57/80 loss=0.000372 seconds=0.03
epoch=58/80 loss=0.000393 seconds=0.05
epoch=59/80 loss=0.001048 seconds=0.03
epoch=60/80 loss=0.000550 seconds=0.05
epoch=61/80 loss=0.000278 seconds=0.03
epoch=62/80 loss=0.000293 seconds=0.05
epoch=63/80 loss=0.000383 seconds=0.03
epoch=64/80 loss=0.000463 seconds=0.03
epoch=65/80 loss=0.000468 seconds=0.05
epoch=66/80 loss=0.000615 seconds=0.03
epoch=67/80 loss=0.000552 seconds=0.05
epoch=68/80 loss=0.000399 seconds=0.03
epoch=69/80 loss=0.002992 seconds=0.05
epoch=70/80 loss=0.008911 seconds=0.05
epoch=71/80 loss=0.005654 seconds=0.03
epoch=72/80 loss=0.022471 seconds=0.03
epoch=73/80 loss=0.019593 seconds=0.03
epoch=74/80 loss=0.002710 seconds=0.03
epoch=75/80 loss=0.001552 seconds=0.03
epoch=76/80 loss=0.013473 seconds=0.05
epoch=77/80 loss=0.029592 seconds=0.03
epoch=78/80 loss=0.025140 seconds=0.05
epoch=79/80 loss=0.012998 seconds=0.03
epoch=80/80 loss=0.004366 seconds=0.05
fold=10/10 OOF_accuracy=0.833333 OOF_AUC=0.846561
Device=cuda; epochs=80; batch=32; model=ResNet1D
epoch=1/80 loss=0.386069 seconds=0.05
epoch=2/80 loss=0.115266 seconds=0.05
epoch=3/80 loss=0.046360 seconds=0.05
epoch=4/80 loss=0.046071 seconds=0.05
epoch=5/80 loss=0.025779 seconds=0.05
epoch=6/80 loss=0.022261 seconds=0.05
epoch=7/80 loss=0.016582 seconds=0.03
epoch=8/80 loss=0.013316 seconds=0.05
epoch=9/80 loss=0.053617 seconds=0.05
epoch=10/80 loss=0.031956 seconds=0.03
epoch=11/80 loss=0.015377 seconds=0.03
epoch=12/80 loss=0.011813 seconds=0.05
epoch=13/80 loss=0.008186 seconds=0.05
epoch=14/80 loss=0.025157 seconds=0.05
epoch=15/80 loss=0.011075 seconds=0.03
epoch=16/80 loss=0.003378 seconds=0.05
epoch=17/80 loss=0.009039 seconds=0.05
epoch=18/80 loss=0.014463 seconds=0.05
epoch=19/80 loss=0.033499 seconds=0.05
epoch=20/80 loss=0.006764 seconds=0.05
epoch=21/80 loss=0.051798 seconds=0.05
epoch=22/80 loss=0.028299 seconds=0.03
epoch=23/80 loss=0.040499 seconds=0.05
epoch=24/80 loss=0.019911 seconds=0.05
epoch=25/80 loss=0.012199 seconds=0.03
epoch=26/80 loss=0.014487 seconds=0.05
epoch=27/80 loss=0.003478 seconds=0.05
epoch=28/80 loss=0.005225 seconds=0.05
epoch=29/80 loss=0.002276 seconds=0.05
epoch=30/80 loss=0.001903 seconds=0.05
epoch=31/80 loss=0.011381 seconds=0.05
epoch=32/80 loss=0.016313 seconds=0.05
epoch=33/80 loss=0.022094 seconds=0.05
epoch=34/80 loss=0.007739 seconds=0.03
epoch=35/80 loss=0.019866 seconds=0.05
epoch=36/80 loss=0.008059 seconds=0.03
epoch=37/80 loss=0.004447 seconds=0.05
epoch=38/80 loss=0.016884 seconds=0.03
epoch=39/80 loss=0.003721 seconds=0.05
epoch=40/80 loss=0.008500 seconds=0.03
epoch=41/80 loss=0.001665 seconds=0.05
epoch=42/80 loss=0.002535 seconds=0.03
epoch=43/80 loss=0.023556 seconds=0.03
epoch=44/80 loss=0.002156 seconds=0.05
epoch=45/80 loss=0.002514 seconds=0.03
epoch=46/80 loss=0.001042 seconds=0.05
epoch=47/80 loss=0.001201 seconds=0.03
epoch=48/80 loss=0.003487 seconds=0.05
epoch=49/80 loss=0.000953 seconds=0.03
epoch=50/80 loss=0.001224 seconds=0.05
epoch=51/80 loss=0.001360 seconds=0.05
epoch=52/80 loss=0.019823 seconds=0.05
epoch=53/80 loss=0.041975 seconds=0.05
epoch=54/80 loss=0.043681 seconds=0.05
epoch=55/80 loss=0.017473 seconds=0.03
epoch=56/80 loss=0.004104 seconds=0.05
epoch=57/80 loss=0.005709 seconds=0.05
epoch=58/80 loss=0.008607 seconds=0.05
epoch=59/80 loss=0.005637 seconds=0.05
epoch=60/80 loss=0.007544 seconds=0.03
epoch=61/80 loss=0.006695 seconds=0.05
epoch=62/80 loss=0.005041 seconds=0.05
epoch=63/80 loss=0.009112 seconds=0.05
epoch=64/80 loss=0.001648 seconds=0.05
epoch=65/80 loss=0.001415 seconds=0.05
epoch=66/80 loss=0.001099 seconds=0.03
epoch=67/80 loss=0.000482 seconds=0.05
epoch=68/80 loss=0.011202 seconds=0.05
epoch=69/80 loss=0.001086 seconds=0.05
epoch=70/80 loss=0.004835 seconds=0.05
epoch=71/80 loss=0.000532 seconds=0.05
epoch=72/80 loss=0.002316 seconds=0.05
epoch=73/80 loss=0.000751 seconds=0.05
epoch=74/80 loss=0.000385 seconds=0.05
epoch=75/80 loss=0.000354 seconds=0.05
epoch=76/80 loss=0.000433 seconds=0.05
epoch=77/80 loss=0.000331 seconds=0.05
epoch=78/80 loss=0.000395 seconds=0.05
epoch=79/80 loss=0.000322 seconds=0.05
epoch=80/80 loss=0.000347 seconds=0.03
{"cv_oof": {"accuracy": 0.8433333333333334, "balanced_accuracy": 0.7876712328767124, "sensitivity": 0.6666666666666666, "specificity": 0.908675799086758, "f1_macro": 0.7955781080101486, "roc_auc": 0.8529793111223856, "confusion_matrix": [[199, 20], [27, 54]], "classification_report": {"0": {"precision": 0.8805309734513275, "recall": 0.908675799086758, "f1-score": 0.8943820224719101, "support": 219.0}, "1": {"precision": 0.7297297297297297, "recall": 0.6666666666666666, "f1-score": 0.6967741935483871, "support": 81.0}, "accuracy": 0.8433333333333334, "macro avg": {"precision": 0.8051303515905286, "recall": 0.7876712328767124, "f1-score": 0.7955781080101486, "support": 300.0}, "weighted avg": {"precision": 0.8398146376464961, "recall": 0.8433333333333334, "f1-score": 0.8410279086625589, "support": 300.0}}}, "test": {"accuracy": 0.8441558441558441, "balanced_accuracy": 0.7589285714285714, "sensitivity": 0.5714285714285714, "specificity": 0.9464285714285714, "f1_macro": 0.7824858757062148, "roc_auc": 0.842687074829932, "confusion_matrix": [[53, 3], [9, 12]], "classification_report": {"0": {"precision": 0.8548387096774194, "recall": 0.9464285714285714, "f1-score": 0.8983050847457628, "support": 56.0}, "1": {"precision": 0.8, "recall": 0.5714285714285714, "f1-score": 0.6666666666666666, "support": 21.0}, "accuracy": 0.8441558441558441, "macro avg": {"precision": 0.8274193548387097, "recall": 0.7589285714285714, "f1-score": 0.7824858757062148, "support": 77.0}, "weighted avg": {"precision": 0.839882697947214, "recall": 0.8441558441558441, "f1-score": 0.8351309707241911, "support": 77.0}}}, "folds": 10, "original_train_rows": 300, "train_rows": 300, "test_rows": 77, "elapsed_seconds": 38.0}
