Command: ["C:\\Users\\IHCK\\AppData\\Local\\Programs\\Python\\Python312\\python.exe", "-u", "C:\\Users\\IHCK\\Desktop\\1_10_69Final\\Hippocampal-Shape-Analysis-for-Epilepsy-Detection\\Model\\train_dataset_model.py", "--dataset", "coef_raw_balanced_jitter", "--side", "right", "--model", "ResNetAE", "--kind", "coef", "--train-csv", "C:\\Users\\IHCK\\Desktop\\1_10_69Final\\Hippocampal-Shape-Analysis-for-Epilepsy-Detection\\Output_Dataset\\coef_raw_balanced_jitter\\right\\train_prepared.csv", "--test-csv", "C:\\Users\\IHCK\\Desktop\\1_10_69Final\\Hippocampal-Shape-Analysis-for-Epilepsy-Detection\\Output_Dataset\\coef_raw_balanced_jitter\\right\\test_prepared.csv", "--output-dir", "C:\\Users\\IHCK\\Desktop\\1_10_69Final\\Hippocampal-Shape-Analysis-for-Epilepsy-Detection\\Model_Results\\dataset_runs_20261003_10fold\\coef_raw_balanced_jitter\\right\\ResNetAE", "--epochs", "80", "--folds", "10", "--pls-components", "8", "--seed", "42", "--threads", "2"]
10-fold CV: dataset=coef_raw_balanced_jitter side=right model=ResNetAE; original_train=300 test=77
Device=cuda; epochs=80; batch=32; model=ResNetAutoencoder1D
epoch=1/80 loss=5.712920 seconds=0.47
epoch=2/80 loss=2.604901 seconds=0.06
epoch=3/80 loss=1.450252 seconds=0.06
epoch=4/80 loss=1.122155 seconds=0.08
epoch=5/80 loss=0.848268 seconds=0.08
epoch=6/80 loss=0.705707 seconds=0.06
epoch=7/80 loss=0.736807 seconds=0.06
epoch=8/80 loss=0.570748 seconds=0.08
epoch=9/80 loss=0.600218 seconds=0.06
epoch=10/80 loss=0.543274 seconds=0.05
epoch=11/80 loss=0.397836 seconds=0.06
epoch=12/80 loss=0.369343 seconds=0.06
epoch=13/80 loss=0.368373 seconds=0.06
epoch=14/80 loss=0.382219 seconds=0.06
epoch=15/80 loss=0.321895 seconds=0.06
epoch=16/80 loss=0.311303 seconds=0.06
epoch=17/80 loss=0.325596 seconds=0.05
epoch=18/80 loss=0.377060 seconds=0.06
epoch=19/80 loss=0.349481 seconds=0.06
epoch=20/80 loss=0.335258 seconds=0.05
epoch=21/80 loss=0.414559 seconds=0.08
epoch=22/80 loss=0.331042 seconds=0.08
epoch=23/80 loss=0.318583 seconds=0.06
epoch=24/80 loss=0.312135 seconds=0.06
epoch=25/80 loss=0.328941 seconds=0.08
epoch=26/80 loss=0.318373 seconds=0.08
epoch=27/80 loss=0.297951 seconds=0.06
epoch=28/80 loss=0.292928 seconds=0.06
epoch=29/80 loss=0.258350 seconds=0.08
epoch=30/80 loss=0.261358 seconds=0.08
epoch=31/80 loss=0.226746 seconds=0.06
epoch=32/80 loss=0.216582 seconds=0.08
epoch=33/80 loss=0.188043 seconds=0.06
epoch=34/80 loss=0.246821 seconds=0.08
epoch=35/80 loss=0.205960 seconds=0.06
epoch=36/80 loss=0.198847 seconds=0.06
epoch=37/80 loss=0.176947 seconds=0.08
epoch=38/80 loss=0.174321 seconds=0.08
epoch=39/80 loss=0.174410 seconds=0.06
epoch=40/80 loss=0.178940 seconds=0.06
epoch=41/80 loss=0.192563 seconds=0.06
epoch=42/80 loss=0.188977 seconds=0.06
epoch=43/80 loss=0.203925 seconds=0.06
epoch=44/80 loss=0.169932 seconds=0.06
epoch=45/80 loss=0.200053 seconds=0.05
epoch=46/80 loss=0.183587 seconds=0.06
epoch=47/80 loss=0.147903 seconds=0.06
epoch=48/80 loss=0.176575 seconds=0.06
epoch=49/80 loss=0.142073 seconds=0.06
epoch=50/80 loss=0.150166 seconds=0.06
epoch=51/80 loss=0.162739 seconds=0.06
epoch=52/80 loss=0.165235 seconds=0.05
epoch=53/80 loss=0.159969 seconds=0.06
epoch=54/80 loss=0.162092 seconds=0.06
epoch=55/80 loss=0.150265 seconds=0.06
epoch=56/80 loss=0.167690 seconds=0.06
epoch=57/80 loss=0.151075 seconds=0.06
epoch=58/80 loss=0.174497 seconds=0.06
epoch=59/80 loss=0.144019 seconds=0.06
epoch=60/80 loss=0.164762 seconds=0.06
epoch=61/80 loss=0.113166 seconds=0.06
epoch=62/80 loss=0.118955 seconds=0.06
epoch=63/80 loss=0.121381 seconds=0.06
epoch=64/80 loss=0.133451 seconds=0.06
epoch=65/80 loss=0.135993 seconds=0.06
epoch=66/80 loss=0.126773 seconds=0.06
epoch=67/80 loss=0.139848 seconds=0.06
epoch=68/80 loss=0.151562 seconds=0.06
epoch=69/80 loss=0.121793 seconds=0.06
epoch=70/80 loss=0.115723 seconds=0.06
epoch=71/80 loss=0.143646 seconds=0.05
epoch=72/80 loss=0.132507 seconds=0.08
epoch=73/80 loss=0.135119 seconds=0.06
epoch=74/80 loss=0.145214 seconds=0.08
epoch=75/80 loss=0.115757 seconds=0.08
epoch=76/80 loss=0.139606 seconds=0.06
epoch=77/80 loss=0.159417 seconds=0.08
epoch=78/80 loss=0.146325 seconds=0.08
epoch=79/80 loss=0.148338 seconds=0.06
epoch=80/80 loss=0.127287 seconds=0.06
fold=1/10 OOF_accuracy=0.833333 OOF_AUC=0.835227
Device=cuda; epochs=80; batch=32; model=ResNetAutoencoder1D
epoch=1/80 loss=5.818326 seconds=0.05
epoch=2/80 loss=2.220744 seconds=0.06
epoch=3/80 loss=1.384142 seconds=0.06
epoch=4/80 loss=1.000781 seconds=0.06
epoch=5/80 loss=0.770253 seconds=0.05
epoch=6/80 loss=0.686335 seconds=0.06
epoch=7/80 loss=0.583983 seconds=0.06
epoch=8/80 loss=0.565034 seconds=0.06
epoch=9/80 loss=0.551890 seconds=0.05
epoch=10/80 loss=0.471933 seconds=0.06
epoch=11/80 loss=0.496041 seconds=0.06
epoch=12/80 loss=0.362385 seconds=0.06
epoch=13/80 loss=0.329200 seconds=0.05
epoch=14/80 loss=0.331723 seconds=0.06
epoch=15/80 loss=0.304892 seconds=0.06
epoch=16/80 loss=0.315002 seconds=0.05
epoch=17/80 loss=0.341746 seconds=0.06
epoch=18/80 loss=0.339637 seconds=0.06
epoch=19/80 loss=0.278943 seconds=0.08
epoch=20/80 loss=0.283137 seconds=0.09
epoch=21/80 loss=0.337641 seconds=0.06
epoch=22/80 loss=0.249498 seconds=0.06
epoch=23/80 loss=0.252333 seconds=0.08
epoch=24/80 loss=0.245121 seconds=0.08
epoch=25/80 loss=0.307691 seconds=0.06
epoch=26/80 loss=0.275538 seconds=0.06
epoch=27/80 loss=0.330424 seconds=0.05
epoch=28/80 loss=0.334924 seconds=0.08
epoch=29/80 loss=0.262321 seconds=0.06
epoch=30/80 loss=0.236192 seconds=0.08
epoch=31/80 loss=0.276977 seconds=0.06
epoch=32/80 loss=0.224276 seconds=0.08
epoch=33/80 loss=0.201646 seconds=0.06
epoch=34/80 loss=0.202160 seconds=0.08
epoch=35/80 loss=0.219709 seconds=0.08
epoch=36/80 loss=0.199691 seconds=0.06
epoch=37/80 loss=0.176437 seconds=0.08
epoch=38/80 loss=0.179578 seconds=0.06
epoch=39/80 loss=0.164322 seconds=0.08
epoch=40/80 loss=0.194856 seconds=0.06
epoch=41/80 loss=0.177702 seconds=0.06
epoch=42/80 loss=0.155921 seconds=0.08
epoch=43/80 loss=0.170391 seconds=0.06
epoch=44/80 loss=0.176735 seconds=0.08
epoch=45/80 loss=0.222936 seconds=0.06
epoch=46/80 loss=0.226352 seconds=0.06
epoch=47/80 loss=0.222068 seconds=0.08
epoch=48/80 loss=0.206527 seconds=0.08
epoch=49/80 loss=0.212761 seconds=0.08
epoch=50/80 loss=0.186058 seconds=0.06
epoch=51/80 loss=0.156174 seconds=0.08
epoch=52/80 loss=0.150720 seconds=0.06
epoch=53/80 loss=0.144617 seconds=0.08
epoch=54/80 loss=0.162557 seconds=0.06
epoch=55/80 loss=0.135926 seconds=0.08
epoch=56/80 loss=0.130038 seconds=0.06
epoch=57/80 loss=0.138598 seconds=0.06
epoch=58/80 loss=0.125530 seconds=0.06
epoch=59/80 loss=0.127379 seconds=0.06
epoch=60/80 loss=0.167875 seconds=0.06
epoch=61/80 loss=0.148161 seconds=0.06
epoch=62/80 loss=0.143332 seconds=0.08
epoch=63/80 loss=0.130507 seconds=0.08
epoch=64/80 loss=0.127963 seconds=0.06
epoch=65/80 loss=0.145727 seconds=0.08
epoch=66/80 loss=0.143659 seconds=0.08
epoch=67/80 loss=0.139991 seconds=0.06
epoch=68/80 loss=0.140009 seconds=0.06
epoch=69/80 loss=0.136710 seconds=0.08
epoch=70/80 loss=0.138992 seconds=0.06
epoch=71/80 loss=0.131972 seconds=0.06
epoch=72/80 loss=0.131077 seconds=0.08
epoch=73/80 loss=0.113679 seconds=0.08
epoch=74/80 loss=0.133008 seconds=0.06
epoch=75/80 loss=0.137315 seconds=0.08
epoch=76/80 loss=0.114477 seconds=0.08
epoch=77/80 loss=0.120467 seconds=0.08
epoch=78/80 loss=0.126306 seconds=0.06
epoch=79/80 loss=0.134637 seconds=0.08
epoch=80/80 loss=0.125420 seconds=0.06
fold=2/10 OOF_accuracy=0.866667 OOF_AUC=0.937500
Device=cuda; epochs=80; batch=32; model=ResNetAutoencoder1D
epoch=1/80 loss=5.616627 seconds=0.06
epoch=2/80 loss=2.298267 seconds=0.05
epoch=3/80 loss=1.278506 seconds=0.06
epoch=4/80 loss=0.940718 seconds=0.06
epoch=5/80 loss=0.785829 seconds=0.06
epoch=6/80 loss=0.694696 seconds=0.06
epoch=7/80 loss=0.581833 seconds=0.06
epoch=8/80 loss=0.486586 seconds=0.08
epoch=9/80 loss=0.502532 seconds=0.08
epoch=10/80 loss=0.530836 seconds=0.08
epoch=11/80 loss=0.507874 seconds=0.06
epoch=12/80 loss=0.449605 seconds=0.08
epoch=13/80 loss=0.328609 seconds=0.06
epoch=14/80 loss=0.303439 seconds=0.08
epoch=15/80 loss=0.335949 seconds=0.08
epoch=16/80 loss=0.349686 seconds=0.06
epoch=17/80 loss=0.293835 seconds=0.06
epoch=18/80 loss=0.295004 seconds=0.08
epoch=19/80 loss=0.263727 seconds=0.08
epoch=20/80 loss=0.283283 seconds=0.06
epoch=21/80 loss=0.392931 seconds=0.08
epoch=22/80 loss=0.306769 seconds=0.08
epoch=23/80 loss=0.246561 seconds=0.06
epoch=24/80 loss=0.239674 seconds=0.08
epoch=25/80 loss=0.333304 seconds=0.08
epoch=26/80 loss=0.322377 seconds=0.06
epoch=27/80 loss=0.325321 seconds=0.08
epoch=28/80 loss=0.360704 seconds=0.08
epoch=29/80 loss=0.308042 seconds=0.06
epoch=30/80 loss=0.258651 seconds=0.08
epoch=31/80 loss=0.275734 seconds=0.06
epoch=32/80 loss=0.218587 seconds=0.08
epoch=33/80 loss=0.251215 seconds=0.06
epoch=34/80 loss=0.214579 seconds=0.08
epoch=35/80 loss=0.194255 seconds=0.06
epoch=36/80 loss=0.201801 seconds=0.08
epoch=37/80 loss=0.216267 seconds=0.06
epoch=38/80 loss=0.179972 seconds=0.08
epoch=39/80 loss=0.195210 seconds=0.08
epoch=40/80 loss=0.213740 seconds=0.06
epoch=41/80 loss=0.213136 seconds=0.08
epoch=42/80 loss=0.207785 seconds=0.08
epoch=43/80 loss=0.185562 seconds=0.09
epoch=44/80 loss=0.185992 seconds=0.06
epoch=45/80 loss=0.203449 seconds=0.08
epoch=46/80 loss=0.184674 seconds=0.08
epoch=47/80 loss=0.175522 seconds=0.06
epoch=48/80 loss=0.190127 seconds=0.08
epoch=49/80 loss=0.200687 seconds=0.08
epoch=50/80 loss=0.182724 seconds=0.06
epoch=51/80 loss=0.165496 seconds=0.08
epoch=52/80 loss=0.126839 seconds=0.08
epoch=53/80 loss=0.145804 seconds=0.06
epoch=54/80 loss=0.138097 seconds=0.08
epoch=55/80 loss=0.159218 seconds=0.06
epoch=56/80 loss=0.148414 seconds=0.08
epoch=57/80 loss=0.138513 seconds=0.06
epoch=58/80 loss=0.205026 seconds=0.08
epoch=59/80 loss=0.170479 seconds=0.06
epoch=60/80 loss=0.185909 seconds=0.08
epoch=61/80 loss=0.159799 seconds=0.06
epoch=62/80 loss=0.132474 seconds=0.08
epoch=63/80 loss=0.115561 seconds=0.08
epoch=64/80 loss=0.134199 seconds=0.06
epoch=65/80 loss=0.153484 seconds=0.08
epoch=66/80 loss=0.151368 seconds=0.08
epoch=67/80 loss=0.141730 seconds=0.06
epoch=68/80 loss=0.137539 seconds=0.08
epoch=69/80 loss=0.138732 seconds=0.08
epoch=70/80 loss=0.140513 seconds=0.06
epoch=71/80 loss=0.142833 seconds=0.08
epoch=72/80 loss=0.130287 seconds=0.06
epoch=73/80 loss=0.165904 seconds=0.08
epoch=74/80 loss=0.169771 seconds=0.08
epoch=75/80 loss=0.191697 seconds=0.08
epoch=76/80 loss=0.171881 seconds=0.06
epoch=77/80 loss=0.165545 seconds=0.06
epoch=78/80 loss=0.161469 seconds=0.08
epoch=79/80 loss=0.154325 seconds=0.06
epoch=80/80 loss=0.149289 seconds=0.08
fold=3/10 OOF_accuracy=0.833333 OOF_AUC=0.767045
Device=cuda; epochs=80; batch=32; model=ResNetAutoencoder1D
epoch=1/80 loss=6.128296 seconds=0.06
epoch=2/80 loss=2.787126 seconds=0.08
epoch=3/80 loss=1.436965 seconds=0.08
epoch=4/80 loss=1.035006 seconds=0.08
epoch=5/80 loss=0.815873 seconds=0.06
epoch=6/80 loss=0.681007 seconds=0.08
epoch=7/80 loss=0.601045 seconds=0.06
epoch=8/80 loss=0.522304 seconds=0.09
epoch=9/80 loss=0.581612 seconds=0.08
epoch=10/80 loss=0.513436 seconds=0.08
epoch=11/80 loss=0.411195 seconds=0.06
epoch=12/80 loss=0.394050 seconds=0.08
epoch=13/80 loss=0.409605 seconds=0.06
epoch=14/80 loss=0.460030 seconds=0.06
epoch=15/80 loss=0.294496 seconds=0.08
epoch=16/80 loss=0.260223 seconds=0.08
epoch=17/80 loss=0.304961 seconds=0.08
epoch=18/80 loss=0.344530 seconds=0.08
epoch=19/80 loss=0.312856 seconds=0.06
epoch=20/80 loss=0.304838 seconds=0.08
epoch=21/80 loss=0.386329 seconds=0.06
epoch=22/80 loss=0.304730 seconds=0.08
epoch=23/80 loss=0.260039 seconds=0.08
epoch=24/80 loss=0.250578 seconds=0.06
epoch=25/80 loss=0.245689 seconds=0.08
epoch=26/80 loss=0.212979 seconds=0.06
epoch=27/80 loss=0.283257 seconds=0.06
epoch=28/80 loss=0.322352 seconds=0.08
epoch=29/80 loss=0.265773 seconds=0.06
epoch=30/80 loss=0.263300 seconds=0.08
epoch=31/80 loss=0.241473 seconds=0.06
epoch=32/80 loss=0.206789 seconds=0.08
epoch=33/80 loss=0.240055 seconds=0.06
epoch=34/80 loss=0.245601 seconds=0.08
epoch=35/80 loss=0.226252 seconds=0.06
epoch=36/80 loss=0.211056 seconds=0.08
epoch=37/80 loss=0.176177 seconds=0.06
epoch=38/80 loss=0.186716 seconds=0.06
epoch=39/80 loss=0.208555 seconds=0.06
epoch=40/80 loss=0.217186 seconds=0.08
epoch=41/80 loss=0.195356 seconds=0.06
epoch=42/80 loss=0.208536 seconds=0.06
epoch=43/80 loss=0.163463 seconds=0.08
epoch=44/80 loss=0.190476 seconds=0.06
epoch=45/80 loss=0.257510 seconds=0.06
epoch=46/80 loss=0.180999 seconds=0.05
epoch=47/80 loss=0.168991 seconds=0.06
epoch=48/80 loss=0.166941 seconds=0.06
epoch=49/80 loss=0.162735 seconds=0.06
epoch=50/80 loss=0.170072 seconds=0.06
epoch=51/80 loss=0.172408 seconds=0.06
epoch=52/80 loss=0.154424 seconds=0.06
epoch=53/80 loss=0.154075 seconds=0.06
epoch=54/80 loss=0.140548 seconds=0.06
epoch=55/80 loss=0.150825 seconds=0.06
epoch=56/80 loss=0.164480 seconds=0.06
epoch=57/80 loss=0.158150 seconds=0.06
epoch=58/80 loss=0.200607 seconds=0.06
epoch=59/80 loss=0.196916 seconds=0.06
epoch=60/80 loss=0.221302 seconds=0.06
epoch=61/80 loss=0.178015 seconds=0.06
epoch=62/80 loss=0.159791 seconds=0.05
epoch=63/80 loss=0.171925 seconds=0.06
epoch=64/80 loss=0.158018 seconds=0.06
epoch=65/80 loss=0.154084 seconds=0.06
epoch=66/80 loss=0.154277 seconds=0.05
epoch=67/80 loss=0.135347 seconds=0.06
epoch=68/80 loss=0.142844 seconds=0.06
epoch=69/80 loss=0.148055 seconds=0.06
epoch=70/80 loss=0.148016 seconds=0.06
epoch=71/80 loss=0.139625 seconds=0.06
epoch=72/80 loss=0.131691 seconds=0.06
epoch=73/80 loss=0.149276 seconds=0.08
epoch=74/80 loss=0.142176 seconds=0.06
epoch=75/80 loss=0.153563 seconds=0.06
epoch=76/80 loss=0.159839 seconds=0.06
epoch=77/80 loss=0.120911 seconds=0.06
epoch=78/80 loss=0.132937 seconds=0.06
epoch=79/80 loss=0.152751 seconds=0.06
epoch=80/80 loss=0.132551 seconds=0.06
fold=4/10 OOF_accuracy=0.900000 OOF_AUC=0.812500
Device=cuda; epochs=80; batch=32; model=ResNetAutoencoder1D
epoch=1/80 loss=5.956591 seconds=0.06
epoch=2/80 loss=2.606779 seconds=0.06
epoch=3/80 loss=1.510594 seconds=0.06
epoch=4/80 loss=1.048626 seconds=0.05
epoch=5/80 loss=0.752140 seconds=0.06
epoch=6/80 loss=0.726677 seconds=0.06
epoch=7/80 loss=0.620173 seconds=0.05
epoch=8/80 loss=0.539868 seconds=0.08
epoch=9/80 loss=0.548034 seconds=0.05
epoch=10/80 loss=0.481696 seconds=0.06
epoch=11/80 loss=0.395706 seconds=0.06
epoch=12/80 loss=0.484971 seconds=0.06
epoch=13/80 loss=0.412723 seconds=0.06
epoch=14/80 loss=0.359444 seconds=0.06
epoch=15/80 loss=0.281723 seconds=0.06
epoch=16/80 loss=0.331854 seconds=0.06
epoch=17/80 loss=0.340769 seconds=0.06
epoch=18/80 loss=0.322069 seconds=0.06
epoch=19/80 loss=0.302335 seconds=0.06
epoch=20/80 loss=0.284709 seconds=0.06
epoch=21/80 loss=0.381413 seconds=0.06
epoch=22/80 loss=0.390773 seconds=0.06
epoch=23/80 loss=0.330503 seconds=0.06
epoch=24/80 loss=0.287236 seconds=0.06
epoch=25/80 loss=0.303844 seconds=0.06
epoch=26/80 loss=0.241075 seconds=0.06
epoch=27/80 loss=0.307373 seconds=0.06
epoch=28/80 loss=0.336214 seconds=0.06
epoch=29/80 loss=0.265746 seconds=0.06
epoch=30/80 loss=0.270550 seconds=0.06
epoch=31/80 loss=0.239442 seconds=0.06
epoch=32/80 loss=0.226467 seconds=0.06
epoch=33/80 loss=0.255541 seconds=0.08
epoch=34/80 loss=0.239952 seconds=0.06
epoch=35/80 loss=0.222286 seconds=0.06
epoch=36/80 loss=0.257445 seconds=0.06
epoch=37/80 loss=0.220931 seconds=0.05
epoch=38/80 loss=0.205000 seconds=0.06
epoch=39/80 loss=0.212855 seconds=0.06
epoch=40/80 loss=0.202247 seconds=0.05
epoch=41/80 loss=0.220984 seconds=0.06
epoch=42/80 loss=0.180192 seconds=0.08
epoch=43/80 loss=0.220869 seconds=0.06
epoch=44/80 loss=0.203373 seconds=0.06
epoch=45/80 loss=0.209254 seconds=0.06
epoch=46/80 loss=0.252925 seconds=0.06
epoch=47/80 loss=0.246281 seconds=0.06
epoch=48/80 loss=0.272120 seconds=0.06
epoch=49/80 loss=0.229430 seconds=0.06
epoch=50/80 loss=0.205877 seconds=0.06
epoch=51/80 loss=0.170476 seconds=0.08
epoch=52/80 loss=0.179147 seconds=0.06
epoch=53/80 loss=0.165414 seconds=0.06
epoch=54/80 loss=0.157018 seconds=0.06
epoch=55/80 loss=0.153117 seconds=0.06
epoch=56/80 loss=0.161669 seconds=0.05
epoch=57/80 loss=0.147032 seconds=0.08
epoch=58/80 loss=0.153185 seconds=0.05
epoch=59/80 loss=0.125715 seconds=0.06
epoch=60/80 loss=0.135320 seconds=0.06
epoch=61/80 loss=0.130825 seconds=0.06
epoch=62/80 loss=0.152807 seconds=0.06
epoch=63/80 loss=0.149520 seconds=0.08
epoch=64/80 loss=0.131243 seconds=0.06
epoch=65/80 loss=0.114801 seconds=0.06
epoch=66/80 loss=0.152442 seconds=0.06
epoch=67/80 loss=0.140802 seconds=0.06
epoch=68/80 loss=0.148291 seconds=0.06
epoch=69/80 loss=0.164530 seconds=0.06
epoch=70/80 loss=0.142452 seconds=0.06
epoch=71/80 loss=0.135582 seconds=0.06
epoch=72/80 loss=0.130954 seconds=0.06
epoch=73/80 loss=0.146366 seconds=0.06
epoch=74/80 loss=0.160098 seconds=0.06
epoch=75/80 loss=0.197410 seconds=0.06
epoch=76/80 loss=0.175137 seconds=0.06
epoch=77/80 loss=0.150275 seconds=0.06
epoch=78/80 loss=0.148642 seconds=0.06
epoch=79/80 loss=0.151491 seconds=0.06
epoch=80/80 loss=0.150941 seconds=0.08
fold=5/10 OOF_accuracy=0.833333 OOF_AUC=0.977273
Device=cuda; epochs=80; batch=32; model=ResNetAutoencoder1D
epoch=1/80 loss=5.371457 seconds=0.05
epoch=2/80 loss=2.188938 seconds=0.06
epoch=3/80 loss=1.140761 seconds=0.05
epoch=4/80 loss=1.056231 seconds=0.05
epoch=5/80 loss=0.832225 seconds=0.06
epoch=6/80 loss=0.658127 seconds=0.06
epoch=7/80 loss=0.596898 seconds=0.06
epoch=8/80 loss=0.465718 seconds=0.06
epoch=9/80 loss=0.485085 seconds=0.06
epoch=10/80 loss=0.382767 seconds=0.06
epoch=11/80 loss=0.394873 seconds=0.06
epoch=12/80 loss=0.428894 seconds=0.08
epoch=13/80 loss=0.399609 seconds=0.06
epoch=14/80 loss=0.388979 seconds=0.06
epoch=15/80 loss=0.301229 seconds=0.06
epoch=16/80 loss=0.373262 seconds=0.06
epoch=17/80 loss=0.354892 seconds=0.08
epoch=18/80 loss=0.371681 seconds=0.06
epoch=19/80 loss=0.352827 seconds=0.06
epoch=20/80 loss=0.331171 seconds=0.06
epoch=21/80 loss=0.395523 seconds=0.06
epoch=22/80 loss=0.316747 seconds=0.06
epoch=23/80 loss=0.305770 seconds=0.06
epoch=24/80 loss=0.276157 seconds=0.05
epoch=25/80 loss=0.288791 seconds=0.06
epoch=26/80 loss=0.265578 seconds=0.06
epoch=27/80 loss=0.285106 seconds=0.06
epoch=28/80 loss=0.279546 seconds=0.06
epoch=29/80 loss=0.269080 seconds=0.06
epoch=30/80 loss=0.238025 seconds=0.06
epoch=31/80 loss=0.263092 seconds=0.06
epoch=32/80 loss=0.221583 seconds=0.06
epoch=33/80 loss=0.266679 seconds=0.06
epoch=34/80 loss=0.231723 seconds=0.06
epoch=35/80 loss=0.195646 seconds=0.06
epoch=36/80 loss=0.271354 seconds=0.06
epoch=37/80 loss=0.215722 seconds=0.06
epoch=38/80 loss=0.219143 seconds=0.06
epoch=39/80 loss=0.215970 seconds=0.06
epoch=40/80 loss=0.239917 seconds=0.06
epoch=41/80 loss=0.212944 seconds=0.06
epoch=42/80 loss=0.197618 seconds=0.06
epoch=43/80 loss=0.212416 seconds=0.06
epoch=44/80 loss=0.234385 seconds=0.06
epoch=45/80 loss=0.210307 seconds=0.06
epoch=46/80 loss=0.205123 seconds=0.06
epoch=47/80 loss=0.187074 seconds=0.05
epoch=48/80 loss=0.160533 seconds=0.06
epoch=49/80 loss=0.183381 seconds=0.06
epoch=50/80 loss=0.159584 seconds=0.06
epoch=51/80 loss=0.142763 seconds=0.06
epoch=52/80 loss=0.146881 seconds=0.06
epoch=53/80 loss=0.186048 seconds=0.08
epoch=54/80 loss=0.160172 seconds=0.05
epoch=55/80 loss=0.164642 seconds=0.06
epoch=56/80 loss=0.144271 seconds=0.08
epoch=57/80 loss=0.147366 seconds=0.06
epoch=58/80 loss=0.200232 seconds=0.06
epoch=59/80 loss=0.163186 seconds=0.06
epoch=60/80 loss=0.176872 seconds=0.05
epoch=61/80 loss=0.177803 seconds=0.08
epoch=62/80 loss=0.141011 seconds=0.06
epoch=63/80 loss=0.153132 seconds=0.06
epoch=64/80 loss=0.192486 seconds=0.08
epoch=65/80 loss=0.150005 seconds=0.06
epoch=66/80 loss=0.147223 seconds=0.06
epoch=67/80 loss=0.166302 seconds=0.06
epoch=68/80 loss=0.160573 seconds=0.06
epoch=69/80 loss=0.170685 seconds=0.06
epoch=70/80 loss=0.168321 seconds=0.06
epoch=71/80 loss=0.155520 seconds=0.06
epoch=72/80 loss=0.139153 seconds=0.06
epoch=73/80 loss=0.137528 seconds=0.06
epoch=74/80 loss=0.142367 seconds=0.06
epoch=75/80 loss=0.167661 seconds=0.06
epoch=76/80 loss=0.202408 seconds=0.06
epoch=77/80 loss=0.170022 seconds=0.06
epoch=78/80 loss=0.200067 seconds=0.06
epoch=79/80 loss=0.158960 seconds=0.06
epoch=80/80 loss=0.144349 seconds=0.06
fold=6/10 OOF_accuracy=0.866667 OOF_AUC=0.937500
Device=cuda; epochs=80; batch=32; model=ResNetAutoencoder1D
epoch=1/80 loss=6.039188 seconds=0.05
epoch=2/80 loss=2.514109 seconds=0.06
epoch=3/80 loss=1.310611 seconds=0.05
epoch=4/80 loss=0.998812 seconds=0.06
epoch=5/80 loss=0.881565 seconds=0.06
epoch=6/80 loss=0.703501 seconds=0.05
epoch=7/80 loss=0.686402 seconds=0.06
epoch=8/80 loss=0.596895 seconds=0.06
epoch=9/80 loss=0.498471 seconds=0.06
epoch=10/80 loss=0.474419 seconds=0.06
epoch=11/80 loss=0.447668 seconds=0.06
epoch=12/80 loss=0.402696 seconds=0.06
epoch=13/80 loss=0.367654 seconds=0.06
epoch=14/80 loss=0.358595 seconds=0.05
epoch=15/80 loss=0.368345 seconds=0.06
epoch=16/80 loss=0.334501 seconds=0.08
epoch=17/80 loss=0.302937 seconds=0.06
epoch=18/80 loss=0.288254 seconds=0.06
epoch=19/80 loss=0.270451 seconds=0.06
epoch=20/80 loss=0.336287 seconds=0.06
epoch=21/80 loss=0.425119 seconds=0.06
epoch=22/80 loss=0.336300 seconds=0.06
epoch=23/80 loss=0.332933 seconds=0.06
epoch=24/80 loss=0.321239 seconds=0.06
epoch=25/80 loss=0.338746 seconds=0.08
epoch=26/80 loss=0.318076 seconds=0.06
epoch=27/80 loss=0.301510 seconds=0.05
epoch=28/80 loss=0.311247 seconds=0.06
epoch=29/80 loss=0.230048 seconds=0.08
epoch=30/80 loss=0.230574 seconds=0.05
epoch=31/80 loss=0.263306 seconds=0.06
epoch=32/80 loss=0.234096 seconds=0.08
epoch=33/80 loss=0.229063 seconds=0.06
epoch=34/80 loss=0.230804 seconds=0.06
epoch=35/80 loss=0.229767 seconds=0.06
epoch=36/80 loss=0.211946 seconds=0.06
epoch=37/80 loss=0.219283 seconds=0.06
epoch=38/80 loss=0.176913 seconds=0.06
epoch=39/80 loss=0.225500 seconds=0.06
epoch=40/80 loss=0.186555 seconds=0.06
epoch=41/80 loss=0.213521 seconds=0.06
epoch=42/80 loss=0.209345 seconds=0.06
epoch=43/80 loss=0.180688 seconds=0.06
epoch=44/80 loss=0.165369 seconds=0.06
epoch=45/80 loss=0.175959 seconds=0.06
epoch=46/80 loss=0.178643 seconds=0.06
epoch=47/80 loss=0.184973 seconds=0.05
epoch=48/80 loss=0.181727 seconds=0.06
epoch=49/80 loss=0.163700 seconds=0.06
epoch=50/80 loss=0.145650 seconds=0.06
epoch=51/80 loss=0.153909 seconds=0.06
epoch=52/80 loss=0.144317 seconds=0.08
epoch=53/80 loss=0.148885 seconds=0.06
epoch=54/80 loss=0.121585 seconds=0.06
epoch=55/80 loss=0.134914 seconds=0.06
epoch=56/80 loss=0.128370 seconds=0.06
epoch=57/80 loss=0.168422 seconds=0.06
epoch=58/80 loss=0.216854 seconds=0.06
epoch=59/80 loss=0.173584 seconds=0.06
epoch=60/80 loss=0.185489 seconds=0.08
epoch=61/80 loss=0.201076 seconds=0.06
epoch=62/80 loss=0.181525 seconds=0.06
epoch=63/80 loss=0.139753 seconds=0.06
epoch=64/80 loss=0.143924 seconds=0.06
epoch=65/80 loss=0.140691 seconds=0.06
epoch=66/80 loss=0.197207 seconds=0.06
epoch=67/80 loss=0.176157 seconds=0.08
epoch=68/80 loss=0.171835 seconds=0.06
epoch=69/80 loss=0.168878 seconds=0.06
epoch=70/80 loss=0.131841 seconds=0.06
epoch=71/80 loss=0.138687 seconds=0.06
epoch=72/80 loss=0.139322 seconds=0.06
epoch=73/80 loss=0.160294 seconds=0.06
epoch=74/80 loss=0.185826 seconds=0.06
epoch=75/80 loss=0.193497 seconds=0.06
epoch=76/80 loss=0.150866 seconds=0.08
epoch=77/80 loss=0.124730 seconds=0.05
epoch=78/80 loss=0.125757 seconds=0.08
epoch=79/80 loss=0.130622 seconds=0.05
epoch=80/80 loss=0.123136 seconds=0.06
fold=7/10 OOF_accuracy=0.866667 OOF_AUC=0.920455
Device=cuda; epochs=80; batch=32; model=ResNetAutoencoder1D
epoch=1/80 loss=5.624370 seconds=0.06
epoch=2/80 loss=2.408792 seconds=0.05
epoch=3/80 loss=1.492082 seconds=0.06
epoch=4/80 loss=1.200681 seconds=0.05
epoch=5/80 loss=0.996167 seconds=0.06
epoch=6/80 loss=0.829066 seconds=0.06
epoch=7/80 loss=0.778430 seconds=0.06
epoch=8/80 loss=0.644415 seconds=0.06
epoch=9/80 loss=0.570491 seconds=0.06
epoch=10/80 loss=0.535395 seconds=0.05
epoch=11/80 loss=0.471947 seconds=0.09
epoch=12/80 loss=0.544706 seconds=0.05
epoch=13/80 loss=0.441892 seconds=0.06
epoch=14/80 loss=0.342030 seconds=0.06
epoch=15/80 loss=0.279350 seconds=0.05
epoch=16/80 loss=0.333007 seconds=0.08
epoch=17/80 loss=0.332915 seconds=0.06
epoch=18/80 loss=0.348896 seconds=0.06
epoch=19/80 loss=0.417329 seconds=0.06
epoch=20/80 loss=0.332832 seconds=0.05
epoch=21/80 loss=0.431951 seconds=0.06
epoch=22/80 loss=0.328662 seconds=0.05
epoch=23/80 loss=0.252130 seconds=0.06
epoch=24/80 loss=0.277905 seconds=0.05
epoch=25/80 loss=0.321788 seconds=0.06
epoch=26/80 loss=0.271119 seconds=0.06
epoch=27/80 loss=0.278982 seconds=0.05
epoch=28/80 loss=0.259013 seconds=0.06
epoch=29/80 loss=0.232490 seconds=0.05
epoch=30/80 loss=0.235080 seconds=0.06
epoch=31/80 loss=0.228347 seconds=0.06
epoch=32/80 loss=0.176836 seconds=0.06
epoch=33/80 loss=0.234925 seconds=0.06
epoch=34/80 loss=0.257059 seconds=0.06
epoch=35/80 loss=0.243170 seconds=0.05
epoch=36/80 loss=0.269668 seconds=0.06
epoch=37/80 loss=0.211498 seconds=0.06
epoch=38/80 loss=0.177300 seconds=0.05
epoch=39/80 loss=0.177786 seconds=0.06
epoch=40/80 loss=0.184293 seconds=0.06
epoch=41/80 loss=0.195106 seconds=0.06
epoch=42/80 loss=0.216731 seconds=0.06
epoch=43/80 loss=0.242214 seconds=0.06
epoch=44/80 loss=0.213694 seconds=0.06
epoch=45/80 loss=0.213903 seconds=0.06
epoch=46/80 loss=0.204508 seconds=0.06
epoch=47/80 loss=0.184818 seconds=0.06
epoch=48/80 loss=0.183855 seconds=0.06
epoch=49/80 loss=0.181075 seconds=0.06
epoch=50/80 loss=0.180697 seconds=0.06
epoch=51/80 loss=0.174532 seconds=0.06
epoch=52/80 loss=0.164200 seconds=0.06
epoch=53/80 loss=0.146592 seconds=0.06
epoch=54/80 loss=0.151819 seconds=0.06
epoch=55/80 loss=0.153196 seconds=0.06
epoch=56/80 loss=0.145423 seconds=0.06
epoch=57/80 loss=0.142846 seconds=0.06
epoch=58/80 loss=0.137413 seconds=0.06
epoch=59/80 loss=0.166217 seconds=0.08
epoch=60/80 loss=0.151289 seconds=0.05
epoch=61/80 loss=0.164514 seconds=0.06
epoch=62/80 loss=0.138944 seconds=0.06
epoch=63/80 loss=0.145183 seconds=0.06
epoch=64/80 loss=0.140193 seconds=0.06
epoch=65/80 loss=0.131894 seconds=0.06
epoch=66/80 loss=0.143848 seconds=0.08
epoch=67/80 loss=0.126840 seconds=0.06
epoch=68/80 loss=0.125766 seconds=0.06
epoch=69/80 loss=0.142137 seconds=0.06
epoch=70/80 loss=0.135258 seconds=0.06
epoch=71/80 loss=0.126508 seconds=0.05
epoch=72/80 loss=0.135297 seconds=0.06
epoch=73/80 loss=0.116408 seconds=0.06
epoch=74/80 loss=0.127310 seconds=0.06
epoch=75/80 loss=0.132138 seconds=0.06
epoch=76/80 loss=0.114670 seconds=0.06
epoch=77/80 loss=0.116426 seconds=0.06
epoch=78/80 loss=0.122351 seconds=0.06
epoch=79/80 loss=0.130396 seconds=0.08
epoch=80/80 loss=0.164773 seconds=0.06
fold=8/10 OOF_accuracy=0.800000 OOF_AUC=0.744318
Device=cuda; epochs=80; batch=32; model=ResNetAutoencoder1D
epoch=1/80 loss=5.793332 seconds=0.05
epoch=2/80 loss=2.678204 seconds=0.06
epoch=3/80 loss=1.453129 seconds=0.06
epoch=4/80 loss=1.107531 seconds=0.06
epoch=5/80 loss=0.950505 seconds=0.05
epoch=6/80 loss=0.797960 seconds=0.05
epoch=7/80 loss=0.715513 seconds=0.08
epoch=8/80 loss=0.538046 seconds=0.06
epoch=9/80 loss=0.479190 seconds=0.06
epoch=10/80 loss=0.502978 seconds=0.05
epoch=11/80 loss=0.402386 seconds=0.08
epoch=12/80 loss=0.380186 seconds=0.06
epoch=13/80 loss=0.476531 seconds=0.06
epoch=14/80 loss=0.481326 seconds=0.06
epoch=15/80 loss=0.391444 seconds=0.06
epoch=16/80 loss=0.383003 seconds=0.06
epoch=17/80 loss=0.359303 seconds=0.06
epoch=18/80 loss=0.311478 seconds=0.06
epoch=19/80 loss=0.276412 seconds=0.06
epoch=20/80 loss=0.293203 seconds=0.08
epoch=21/80 loss=0.368011 seconds=0.06
epoch=22/80 loss=0.327825 seconds=0.06
epoch=23/80 loss=0.243437 seconds=0.05
epoch=24/80 loss=0.220432 seconds=0.06
epoch=25/80 loss=0.280747 seconds=0.06
epoch=26/80 loss=0.297217 seconds=0.06
epoch=27/80 loss=0.274763 seconds=0.06
epoch=28/80 loss=0.369046 seconds=0.06
epoch=29/80 loss=0.283845 seconds=0.08
epoch=30/80 loss=0.248728 seconds=0.06
epoch=31/80 loss=0.277838 seconds=0.06
epoch=32/80 loss=0.254712 seconds=0.06
epoch=33/80 loss=0.209075 seconds=0.06
epoch=34/80 loss=0.200323 seconds=0.06
epoch=35/80 loss=0.207522 seconds=0.08
epoch=36/80 loss=0.222885 seconds=0.06
epoch=37/80 loss=0.186122 seconds=0.06
epoch=38/80 loss=0.182794 seconds=0.06
epoch=39/80 loss=0.185141 seconds=0.06
epoch=40/80 loss=0.256349 seconds=0.05
epoch=41/80 loss=0.241974 seconds=0.08
epoch=42/80 loss=0.208877 seconds=0.06
epoch=43/80 loss=0.198257 seconds=0.06
epoch=44/80 loss=0.191974 seconds=0.06
epoch=45/80 loss=0.193306 seconds=0.06
epoch=46/80 loss=0.207132 seconds=0.06
epoch=47/80 loss=0.175544 seconds=0.06
epoch=48/80 loss=0.168516 seconds=0.06
epoch=49/80 loss=0.159210 seconds=0.06
epoch=50/80 loss=0.156897 seconds=0.06
epoch=51/80 loss=0.182792 seconds=0.06
epoch=52/80 loss=0.211163 seconds=0.06
epoch=53/80 loss=0.176463 seconds=0.06
epoch=54/80 loss=0.145302 seconds=0.08
epoch=55/80 loss=0.145432 seconds=0.06
epoch=56/80 loss=0.149915 seconds=0.08
epoch=57/80 loss=0.150080 seconds=0.06
epoch=58/80 loss=0.167561 seconds=0.06
epoch=59/80 loss=0.155668 seconds=0.06
epoch=60/80 loss=0.175578 seconds=0.06
epoch=61/80 loss=0.145314 seconds=0.06
epoch=62/80 loss=0.125715 seconds=0.06
epoch=63/80 loss=0.147209 seconds=0.06
epoch=64/80 loss=0.164605 seconds=0.08
epoch=65/80 loss=0.170663 seconds=0.06
epoch=66/80 loss=0.154625 seconds=0.06
epoch=67/80 loss=0.138487 seconds=0.06
epoch=68/80 loss=0.145517 seconds=0.06
epoch=69/80 loss=0.175911 seconds=0.06
epoch=70/80 loss=0.165184 seconds=0.06
epoch=71/80 loss=0.156647 seconds=0.06
epoch=72/80 loss=0.143944 seconds=0.06
epoch=73/80 loss=0.163807 seconds=0.08
epoch=74/80 loss=0.135723 seconds=0.05
epoch=75/80 loss=0.151449 seconds=0.06
epoch=76/80 loss=0.145094 seconds=0.06
epoch=77/80 loss=0.129372 seconds=0.06
epoch=78/80 loss=0.114475 seconds=0.08
epoch=79/80 loss=0.115218 seconds=0.06
epoch=80/80 loss=0.112318 seconds=0.06
fold=9/10 OOF_accuracy=0.833333 OOF_AUC=0.857955
Device=cuda; epochs=80; batch=32; model=ResNetAutoencoder1D
epoch=1/80 loss=5.692140 seconds=0.06
epoch=2/80 loss=2.497234 seconds=0.06
epoch=3/80 loss=1.395403 seconds=0.06
epoch=4/80 loss=0.932243 seconds=0.06
epoch=5/80 loss=0.790996 seconds=0.06
epoch=6/80 loss=0.856881 seconds=0.08
epoch=7/80 loss=0.622390 seconds=0.06
epoch=8/80 loss=0.541337 seconds=0.06
epoch=9/80 loss=0.408895 seconds=0.06
epoch=10/80 loss=0.416352 seconds=0.06
epoch=11/80 loss=0.467044 seconds=0.06
epoch=12/80 loss=0.382769 seconds=0.06
epoch=13/80 loss=0.335773 seconds=0.06
epoch=14/80 loss=0.309659 seconds=0.06
epoch=15/80 loss=0.285842 seconds=0.11
epoch=16/80 loss=0.334684 seconds=0.06
epoch=17/80 loss=0.393059 seconds=0.06
epoch=18/80 loss=0.374682 seconds=0.06
epoch=19/80 loss=0.368920 seconds=0.06
epoch=20/80 loss=0.306662 seconds=0.08
epoch=21/80 loss=0.362350 seconds=0.06
epoch=22/80 loss=0.298541 seconds=0.06
epoch=23/80 loss=0.316291 seconds=0.06
epoch=24/80 loss=0.249453 seconds=0.06
epoch=25/80 loss=0.277692 seconds=0.05
epoch=26/80 loss=0.337231 seconds=0.08
epoch=27/80 loss=0.215047 seconds=0.06
epoch=28/80 loss=0.284558 seconds=0.06
epoch=29/80 loss=0.240679 seconds=0.06
epoch=30/80 loss=0.225704 seconds=0.06
epoch=31/80 loss=0.262014 seconds=0.06
epoch=32/80 loss=0.256952 seconds=0.06
epoch=33/80 loss=0.249094 seconds=0.06
epoch=34/80 loss=0.209867 seconds=0.06
epoch=35/80 loss=0.204498 seconds=0.06
epoch=36/80 loss=0.241361 seconds=0.06
epoch=37/80 loss=0.204392 seconds=0.06
epoch=38/80 loss=0.191708 seconds=0.06
epoch=39/80 loss=0.274870 seconds=0.06
epoch=40/80 loss=0.205972 seconds=0.06
epoch=41/80 loss=0.255655 seconds=0.08
epoch=42/80 loss=0.203622 seconds=0.06
epoch=43/80 loss=0.215789 seconds=0.06
epoch=44/80 loss=0.181325 seconds=0.06
epoch=45/80 loss=0.168587 seconds=0.06
epoch=46/80 loss=0.148629 seconds=0.06
epoch=47/80 loss=0.133217 seconds=0.08
epoch=48/80 loss=0.159599 seconds=0.06
epoch=49/80 loss=0.192871 seconds=0.06
epoch=50/80 loss=0.194782 seconds=0.06
epoch=51/80 loss=0.208262 seconds=0.06
epoch=52/80 loss=0.205881 seconds=0.06
epoch=53/80 loss=0.149550 seconds=0.06
epoch=54/80 loss=0.150579 seconds=0.06
epoch=55/80 loss=0.161076 seconds=0.08
epoch=56/80 loss=0.148781 seconds=0.06
epoch=57/80 loss=0.138179 seconds=0.08
epoch=58/80 loss=0.134544 seconds=0.06
epoch=59/80 loss=0.126857 seconds=0.06
epoch=60/80 loss=0.167778 seconds=0.08
epoch=61/80 loss=0.152875 seconds=0.06
epoch=62/80 loss=0.184286 seconds=0.08
epoch=63/80 loss=0.154315 seconds=0.06
epoch=64/80 loss=0.160913 seconds=0.08
epoch=65/80 loss=0.161435 seconds=0.06
epoch=66/80 loss=0.151477 seconds=0.08
epoch=67/80 loss=0.147749 seconds=0.06
epoch=68/80 loss=0.116611 seconds=0.06
epoch=69/80 loss=0.151292 seconds=0.08
epoch=70/80 loss=0.159794 seconds=0.06
epoch=71/80 loss=0.185457 seconds=0.08
epoch=72/80 loss=0.180999 seconds=0.06
epoch=73/80 loss=0.142378 seconds=0.08
epoch=74/80 loss=0.150896 seconds=0.06
epoch=75/80 loss=0.131226 seconds=0.08
epoch=76/80 loss=0.140290 seconds=0.08
epoch=77/80 loss=0.142122 seconds=0.06
epoch=78/80 loss=0.119394 seconds=0.06
epoch=79/80 loss=0.120262 seconds=0.06
epoch=80/80 loss=0.129190 seconds=0.05
fold=10/10 OOF_accuracy=0.766667 OOF_AUC=0.756614
Device=cuda; epochs=80; batch=32; model=ResNetAutoencoder1D
epoch=1/80 loss=5.216135 seconds=0.08
epoch=2/80 loss=2.067369 seconds=0.06
epoch=3/80 loss=1.221058 seconds=0.06
epoch=4/80 loss=0.920201 seconds=0.06
epoch=5/80 loss=0.797317 seconds=0.06
epoch=6/80 loss=0.674425 seconds=0.08
epoch=7/80 loss=0.557821 seconds=0.06
epoch=8/80 loss=0.522805 seconds=0.06
epoch=9/80 loss=0.479039 seconds=0.06
epoch=10/80 loss=0.479182 seconds=0.06
epoch=11/80 loss=0.458353 seconds=0.06
epoch=12/80 loss=0.349044 seconds=0.06
epoch=13/80 loss=0.280396 seconds=0.06
epoch=14/80 loss=0.310001 seconds=0.08
epoch=15/80 loss=0.281355 seconds=0.08
epoch=16/80 loss=0.314887 seconds=0.08
epoch=17/80 loss=0.321800 seconds=0.06
epoch=18/80 loss=0.292216 seconds=0.06
epoch=19/80 loss=0.287220 seconds=0.08
epoch=20/80 loss=0.265455 seconds=0.08
epoch=21/80 loss=0.245804 seconds=0.06
epoch=22/80 loss=0.211721 seconds=0.08
epoch=23/80 loss=0.255565 seconds=0.06
epoch=24/80 loss=0.245364 seconds=0.08
epoch=25/80 loss=0.221609 seconds=0.06
epoch=26/80 loss=0.234918 seconds=0.06
epoch=27/80 loss=0.216973 seconds=0.06
epoch=28/80 loss=0.198611 seconds=0.06
epoch=29/80 loss=0.224590 seconds=0.06
epoch=30/80 loss=0.183075 seconds=0.08
epoch=31/80 loss=0.171413 seconds=0.06
epoch=32/80 loss=0.162522 seconds=0.06
epoch=33/80 loss=0.186527 seconds=0.06
epoch=34/80 loss=0.170466 seconds=0.08
epoch=35/80 loss=0.172326 seconds=0.06
epoch=36/80 loss=0.195420 seconds=0.08
epoch=37/80 loss=0.184220 seconds=0.06
epoch=38/80 loss=0.218763 seconds=0.08
epoch=39/80 loss=0.178738 seconds=0.06
epoch=40/80 loss=0.190928 seconds=0.06
epoch=41/80 loss=0.194073 seconds=0.08
epoch=42/80 loss=0.188033 seconds=0.06
epoch=43/80 loss=0.174603 seconds=0.06
epoch=44/80 loss=0.174285 seconds=0.08
epoch=45/80 loss=0.155627 seconds=0.08
epoch=46/80 loss=0.136047 seconds=0.08
epoch=47/80 loss=0.142372 seconds=0.08
epoch=48/80 loss=0.137939 seconds=0.06
epoch=49/80 loss=0.140596 seconds=0.08
epoch=50/80 loss=0.162598 seconds=0.08
epoch=51/80 loss=0.158185 seconds=0.09
epoch=52/80 loss=0.139998 seconds=0.06
epoch=53/80 loss=0.152578 seconds=0.08
epoch=54/80 loss=0.141616 seconds=0.08
epoch=55/80 loss=0.159220 seconds=0.08
epoch=56/80 loss=0.129375 seconds=0.08
epoch=57/80 loss=0.127044 seconds=0.08
epoch=58/80 loss=0.134865 seconds=0.09
epoch=59/80 loss=0.107508 seconds=0.08
epoch=60/80 loss=0.119950 seconds=0.08
epoch=61/80 loss=0.123568 seconds=0.06
epoch=62/80 loss=0.116723 seconds=0.08
epoch=63/80 loss=0.109778 seconds=0.08
epoch=64/80 loss=0.107417 seconds=0.08
epoch=65/80 loss=0.130671 seconds=0.08
epoch=66/80 loss=0.131225 seconds=0.08
epoch=67/80 loss=0.125280 seconds=0.08
epoch=68/80 loss=0.122315 seconds=0.08
epoch=69/80 loss=0.136518 seconds=0.08
epoch=70/80 loss=0.134950 seconds=0.08
epoch=71/80 loss=0.138475 seconds=0.08
epoch=72/80 loss=0.133842 seconds=0.08
epoch=73/80 loss=0.129613 seconds=0.08
epoch=74/80 loss=0.124520 seconds=0.08
epoch=75/80 loss=0.115307 seconds=0.08
epoch=76/80 loss=0.110540 seconds=0.08
epoch=77/80 loss=0.103957 seconds=0.06
epoch=78/80 loss=0.117141 seconds=0.08
epoch=79/80 loss=0.105509 seconds=0.08
epoch=80/80 loss=0.099469 seconds=0.08
{"cv_oof": {"accuracy": 0.84, "balanced_accuracy": 0.7737189244038559, "sensitivity": 0.6296296296296297, "specificity": 0.9178082191780822, "f1_macro": 0.7866666666666666, "roc_auc": 0.8538812785388129, "confusion_matrix": [[201, 18], [30, 51]], "classification_report": {"0": {"precision": 0.8701298701298701, "recall": 0.9178082191780822, "f1-score": 0.8933333333333333, "support": 219.0}, "1": {"precision": 0.7391304347826086, "recall": 0.6296296296296297, "f1-score": 0.68, "support": 81.0}, "accuracy": 0.84, "macro avg": {"precision": 0.8046301524562394, "recall": 0.7737189244038559, "f1-score": 0.7866666666666666, "support": 300.0}, "weighted avg": {"precision": 0.8347600225861095, "recall": 0.84, "f1-score": 0.8357333333333333, "support": 300.0}}}, "test": {"accuracy": 0.7922077922077922, "balanced_accuracy": 0.6785714285714286, "sensitivity": 0.42857142857142855, "specificity": 0.9285714285714286, "f1_macro": 0.6980392156862745, "roc_auc": 0.8494897959183674, "confusion_matrix": [[52, 4], [12, 9]], "classification_report": {"0": {"precision": 0.8125, "recall": 0.9285714285714286, "f1-score": 0.8666666666666667, "support": 56.0}, "1": {"precision": 0.6923076923076923, "recall": 0.42857142857142855, "f1-score": 0.5294117647058824, "support": 21.0}, "accuracy": 0.7922077922077922, "macro avg": {"precision": 0.7524038461538461, "recall": 0.6785714285714286, "f1-score": 0.6980392156862745, "support": 77.0}, "weighted avg": {"precision": 0.7797202797202798, "recall": 0.7922077922077922, "f1-score": 0.7746880570409982, "support": 77.0}}}, "folds": 10, "original_train_rows": 300, "train_rows": 438, "test_rows": 77, "elapsed_seconds": 62.06299999996554}
