Command: ["C:\\Users\\IHCK\\AppData\\Local\\Programs\\Python\\Python312\\python.exe", "-u", "C:\\Users\\IHCK\\Desktop\\1_10_69Final\\Hippocampal-Shape-Analysis-for-Epilepsy-Detection\\Model\\train_dataset_model.py", "--dataset", "coef_raw_balanced_jitter", "--side", "right", "--model", "ResNet", "--kind", "coef", "--train-csv", "C:\\Users\\IHCK\\Desktop\\1_10_69Final\\Hippocampal-Shape-Analysis-for-Epilepsy-Detection\\Output_Dataset\\coef_raw_balanced_jitter\\right\\train_prepared.csv", "--test-csv", "C:\\Users\\IHCK\\Desktop\\1_10_69Final\\Hippocampal-Shape-Analysis-for-Epilepsy-Detection\\Output_Dataset\\coef_raw_balanced_jitter\\right\\test_prepared.csv", "--output-dir", "C:\\Users\\IHCK\\Desktop\\1_10_69Final\\Hippocampal-Shape-Analysis-for-Epilepsy-Detection\\Model_Results\\dataset_runs_20261003_10fold\\coef_raw_balanced_jitter\\right\\ResNet", "--epochs", "80", "--folds", "10", "--pls-components", "8", "--seed", "42", "--threads", "2"]
10-fold CV: dataset=coef_raw_balanced_jitter side=right model=ResNet; original_train=300 test=77
Device=cuda; epochs=80; batch=32; model=ResNet1D
epoch=1/80 loss=0.253243 seconds=0.41
epoch=2/80 loss=0.075056 seconds=0.06
epoch=3/80 loss=0.036285 seconds=0.06
epoch=4/80 loss=0.021789 seconds=0.08
epoch=5/80 loss=0.013412 seconds=0.06
epoch=6/80 loss=0.009850 seconds=0.06
epoch=7/80 loss=0.006959 seconds=0.08
epoch=8/80 loss=0.003266 seconds=0.06
epoch=9/80 loss=0.004092 seconds=0.06
epoch=10/80 loss=0.003064 seconds=0.06
epoch=11/80 loss=0.002741 seconds=0.06
epoch=12/80 loss=0.001577 seconds=0.06
epoch=13/80 loss=0.001903 seconds=0.06
epoch=14/80 loss=0.001815 seconds=0.06
epoch=15/80 loss=0.001207 seconds=0.06
epoch=16/80 loss=0.001228 seconds=0.06
epoch=17/80 loss=0.018837 seconds=0.06
epoch=18/80 loss=0.020354 seconds=0.06
epoch=19/80 loss=0.010210 seconds=0.06
epoch=20/80 loss=0.024069 seconds=0.06
epoch=21/80 loss=0.066372 seconds=0.06
epoch=22/80 loss=0.041524 seconds=0.05
epoch=23/80 loss=0.020293 seconds=0.06
epoch=24/80 loss=0.017643 seconds=0.08
epoch=25/80 loss=0.028863 seconds=0.05
epoch=26/80 loss=0.035623 seconds=0.06
epoch=27/80 loss=0.022309 seconds=0.05
epoch=28/80 loss=0.049797 seconds=0.05
epoch=29/80 loss=0.013645 seconds=0.06
epoch=30/80 loss=0.005028 seconds=0.05
epoch=31/80 loss=0.007116 seconds=0.06
epoch=32/80 loss=0.002158 seconds=0.06
epoch=33/80 loss=0.006938 seconds=0.06
epoch=34/80 loss=0.001783 seconds=0.06
epoch=35/80 loss=0.001218 seconds=0.05
epoch=36/80 loss=0.002465 seconds=0.06
epoch=37/80 loss=0.000937 seconds=0.06
epoch=38/80 loss=0.000973 seconds=0.06
epoch=39/80 loss=0.000628 seconds=0.05
epoch=40/80 loss=0.000819 seconds=0.06
epoch=41/80 loss=0.001417 seconds=0.06
epoch=42/80 loss=0.000383 seconds=0.06
epoch=43/80 loss=0.000831 seconds=0.06
epoch=44/80 loss=0.000956 seconds=0.06
epoch=45/80 loss=0.002470 seconds=0.06
epoch=46/80 loss=0.000508 seconds=0.05
epoch=47/80 loss=0.000289 seconds=0.06
epoch=48/80 loss=0.000586 seconds=0.06
epoch=49/80 loss=0.000526 seconds=0.06
epoch=50/80 loss=0.000583 seconds=0.06
epoch=51/80 loss=0.000277 seconds=0.06
epoch=52/80 loss=0.000325 seconds=0.06
epoch=53/80 loss=0.000425 seconds=0.06
epoch=54/80 loss=0.000263 seconds=0.06
epoch=55/80 loss=0.000260 seconds=0.06
epoch=56/80 loss=0.000272 seconds=0.06
epoch=57/80 loss=0.000733 seconds=0.06
epoch=58/80 loss=0.001862 seconds=0.06
epoch=59/80 loss=0.002555 seconds=0.06
epoch=60/80 loss=0.018170 seconds=0.06
epoch=61/80 loss=0.004636 seconds=0.06
epoch=62/80 loss=0.001379 seconds=0.06
epoch=63/80 loss=0.002291 seconds=0.05
epoch=64/80 loss=0.000496 seconds=0.06
epoch=65/80 loss=0.000245 seconds=0.06
epoch=66/80 loss=0.000929 seconds=0.06
epoch=67/80 loss=0.000747 seconds=0.06
epoch=68/80 loss=0.000275 seconds=0.06
epoch=69/80 loss=0.000316 seconds=0.05
epoch=70/80 loss=0.000231 seconds=0.06
epoch=71/80 loss=0.000616 seconds=0.06
epoch=72/80 loss=0.000185 seconds=0.06
epoch=73/80 loss=0.000200 seconds=0.06
epoch=74/80 loss=0.000172 seconds=0.06
epoch=75/80 loss=0.015987 seconds=0.06
epoch=76/80 loss=0.062727 seconds=0.05
epoch=77/80 loss=0.036241 seconds=0.06
epoch=78/80 loss=0.031818 seconds=0.06
epoch=79/80 loss=0.044324 seconds=0.06
epoch=80/80 loss=0.067799 seconds=0.06
fold=1/10 OOF_accuracy=0.733333 OOF_AUC=0.829545
Device=cuda; epochs=80; batch=32; model=ResNet1D
epoch=1/80 loss=0.237701 seconds=0.08
epoch=2/80 loss=0.064882 seconds=0.05
epoch=3/80 loss=0.024862 seconds=0.06
epoch=4/80 loss=0.014726 seconds=0.06
epoch=5/80 loss=0.007203 seconds=0.06
epoch=6/80 loss=0.010918 seconds=0.06
epoch=7/80 loss=0.006849 seconds=0.05
epoch=8/80 loss=0.002641 seconds=0.06
epoch=9/80 loss=0.003273 seconds=0.06
epoch=10/80 loss=0.002785 seconds=0.05
epoch=11/80 loss=0.002558 seconds=0.06
epoch=12/80 loss=0.020524 seconds=0.06
epoch=13/80 loss=0.005847 seconds=0.06
epoch=14/80 loss=0.002524 seconds=0.05
epoch=15/80 loss=0.001751 seconds=0.06
epoch=16/80 loss=0.001665 seconds=0.06
epoch=17/80 loss=0.001894 seconds=0.06
epoch=18/80 loss=0.001385 seconds=0.06
epoch=19/80 loss=0.001205 seconds=0.06
epoch=20/80 loss=0.001938 seconds=0.06
epoch=21/80 loss=0.004297 seconds=0.06
epoch=22/80 loss=0.001403 seconds=0.05
epoch=23/80 loss=0.001856 seconds=0.06
epoch=24/80 loss=0.038475 seconds=0.06
epoch=25/80 loss=0.037430 seconds=0.08
epoch=26/80 loss=0.023717 seconds=0.05
epoch=27/80 loss=0.057861 seconds=0.06
epoch=28/80 loss=0.044762 seconds=0.06
epoch=29/80 loss=0.005767 seconds=0.06
epoch=30/80 loss=0.005185 seconds=0.06
epoch=31/80 loss=0.004565 seconds=0.06
epoch=32/80 loss=0.002373 seconds=0.06
epoch=33/80 loss=0.005284 seconds=0.06
epoch=34/80 loss=0.003355 seconds=0.06
epoch=35/80 loss=0.000966 seconds=0.06
epoch=36/80 loss=0.003083 seconds=0.05
epoch=37/80 loss=0.001284 seconds=0.06
epoch=38/80 loss=0.000668 seconds=0.06
epoch=39/80 loss=0.000476 seconds=0.06
epoch=40/80 loss=0.000889 seconds=0.06
epoch=41/80 loss=0.000999 seconds=0.06
epoch=42/80 loss=0.000309 seconds=0.06
epoch=43/80 loss=0.000533 seconds=0.06
epoch=44/80 loss=0.008478 seconds=0.05
epoch=45/80 loss=0.042898 seconds=0.06
epoch=46/80 loss=0.015738 seconds=0.06
epoch=47/80 loss=0.005193 seconds=0.06
epoch=48/80 loss=0.006961 seconds=0.06
epoch=49/80 loss=0.001771 seconds=0.06
epoch=50/80 loss=0.004110 seconds=0.06
epoch=51/80 loss=0.000910 seconds=0.06
epoch=52/80 loss=0.000704 seconds=0.06
epoch=53/80 loss=0.000408 seconds=0.05
epoch=54/80 loss=0.001439 seconds=0.06
epoch=55/80 loss=0.001043 seconds=0.06
epoch=56/80 loss=0.000478 seconds=0.06
epoch=57/80 loss=0.000416 seconds=0.06
epoch=58/80 loss=0.000342 seconds=0.05
epoch=59/80 loss=0.000271 seconds=0.06
epoch=60/80 loss=0.005067 seconds=0.06
epoch=61/80 loss=0.001265 seconds=0.06
epoch=62/80 loss=0.000961 seconds=0.06
epoch=63/80 loss=0.000724 seconds=0.05
epoch=64/80 loss=0.000327 seconds=0.06
epoch=65/80 loss=0.000256 seconds=0.06
epoch=66/80 loss=0.000373 seconds=0.05
epoch=67/80 loss=0.000360 seconds=0.06
epoch=68/80 loss=0.004161 seconds=0.06
epoch=69/80 loss=0.012153 seconds=0.06
epoch=70/80 loss=0.010708 seconds=0.06
epoch=71/80 loss=0.001608 seconds=0.06
epoch=72/80 loss=0.000649 seconds=0.06
epoch=73/80 loss=0.001045 seconds=0.05
epoch=74/80 loss=0.000448 seconds=0.06
epoch=75/80 loss=0.004032 seconds=0.06
epoch=76/80 loss=0.012805 seconds=0.05
epoch=77/80 loss=0.000607 seconds=0.06
epoch=78/80 loss=0.001170 seconds=0.06
epoch=79/80 loss=0.013455 seconds=0.06
epoch=80/80 loss=0.032299 seconds=0.06
fold=2/10 OOF_accuracy=0.833333 OOF_AUC=0.971591
Device=cuda; epochs=80; batch=32; model=ResNet1D
epoch=1/80 loss=0.241472 seconds=0.06
epoch=2/80 loss=0.053915 seconds=0.05
epoch=3/80 loss=0.023551 seconds=0.06
epoch=4/80 loss=0.012320 seconds=0.06
epoch=5/80 loss=0.006882 seconds=0.06
epoch=6/80 loss=0.007578 seconds=0.06
epoch=7/80 loss=0.009231 seconds=0.05
epoch=8/80 loss=0.007269 seconds=0.06
epoch=9/80 loss=0.013183 seconds=0.06
epoch=10/80 loss=0.018382 seconds=0.06
epoch=11/80 loss=0.004043 seconds=0.05
epoch=12/80 loss=0.005930 seconds=0.06
epoch=13/80 loss=0.002172 seconds=0.06
epoch=14/80 loss=0.001988 seconds=0.06
epoch=15/80 loss=0.001136 seconds=0.06
epoch=16/80 loss=0.001287 seconds=0.06
epoch=17/80 loss=0.001466 seconds=0.06
epoch=18/80 loss=0.001093 seconds=0.06
epoch=19/80 loss=0.001118 seconds=0.05
epoch=20/80 loss=0.002155 seconds=0.06
epoch=21/80 loss=0.002995 seconds=0.06
epoch=22/80 loss=0.001037 seconds=0.06
epoch=23/80 loss=0.000948 seconds=0.06
epoch=24/80 loss=0.000703 seconds=0.06
epoch=25/80 loss=0.001619 seconds=0.06
epoch=26/80 loss=0.000752 seconds=0.06
epoch=27/80 loss=0.004490 seconds=0.06
epoch=28/80 loss=0.093372 seconds=0.05
epoch=29/80 loss=0.075204 seconds=0.06
epoch=30/80 loss=0.012832 seconds=0.06
epoch=31/80 loss=0.018104 seconds=0.06
epoch=32/80 loss=0.006621 seconds=0.06
epoch=33/80 loss=0.013041 seconds=0.06
epoch=34/80 loss=0.004544 seconds=0.06
epoch=35/80 loss=0.001585 seconds=0.06
epoch=36/80 loss=0.004335 seconds=0.06
epoch=37/80 loss=0.001491 seconds=0.05
epoch=38/80 loss=0.000902 seconds=0.06
epoch=39/80 loss=0.000613 seconds=0.08
epoch=40/80 loss=0.000861 seconds=0.05
epoch=41/80 loss=0.001648 seconds=0.06
epoch=42/80 loss=0.000367 seconds=0.06
epoch=43/80 loss=0.001873 seconds=0.06
epoch=44/80 loss=0.012518 seconds=0.06
epoch=45/80 loss=0.081966 seconds=0.06
epoch=46/80 loss=0.024154 seconds=0.06
epoch=47/80 loss=0.004220 seconds=0.06
epoch=48/80 loss=0.004947 seconds=0.06
epoch=49/80 loss=0.002500 seconds=0.06
epoch=50/80 loss=0.003342 seconds=0.06
epoch=51/80 loss=0.000974 seconds=0.05
epoch=52/80 loss=0.001098 seconds=0.06
epoch=53/80 loss=0.000762 seconds=0.06
epoch=54/80 loss=0.000903 seconds=0.06
epoch=55/80 loss=0.001213 seconds=0.06
epoch=56/80 loss=0.000451 seconds=0.06
epoch=57/80 loss=0.000875 seconds=0.05
epoch=58/80 loss=0.000518 seconds=0.06
epoch=59/80 loss=0.000315 seconds=0.06
epoch=60/80 loss=0.002173 seconds=0.06
epoch=61/80 loss=0.000304 seconds=0.06
epoch=62/80 loss=0.000612 seconds=0.06
epoch=63/80 loss=0.000307 seconds=0.06
epoch=64/80 loss=0.000245 seconds=0.06
epoch=65/80 loss=0.000205 seconds=0.06
epoch=66/80 loss=0.000389 seconds=0.06
epoch=67/80 loss=0.000313 seconds=0.06
epoch=68/80 loss=0.000844 seconds=0.06
epoch=69/80 loss=0.001796 seconds=0.06
epoch=70/80 loss=0.000659 seconds=0.06
epoch=71/80 loss=0.003595 seconds=0.06
epoch=72/80 loss=0.003603 seconds=0.06
epoch=73/80 loss=0.000448 seconds=0.06
epoch=74/80 loss=0.000512 seconds=0.05
epoch=75/80 loss=0.022831 seconds=0.06
epoch=76/80 loss=0.028667 seconds=0.08
epoch=77/80 loss=0.004812 seconds=0.05
epoch=78/80 loss=0.005104 seconds=0.06
epoch=79/80 loss=0.001975 seconds=0.05
epoch=80/80 loss=0.003365 seconds=0.06
fold=3/10 OOF_accuracy=0.800000 OOF_AUC=0.710227
Device=cuda; epochs=80; batch=32; model=ResNet1D
epoch=1/80 loss=0.240886 seconds=0.06
epoch=2/80 loss=0.049962 seconds=0.06
epoch=3/80 loss=0.023147 seconds=0.06
epoch=4/80 loss=0.020531 seconds=0.06
epoch=5/80 loss=0.017767 seconds=0.06
epoch=6/80 loss=0.010298 seconds=0.06
epoch=7/80 loss=0.017024 seconds=0.06
epoch=8/80 loss=0.008082 seconds=0.03
epoch=9/80 loss=0.013052 seconds=0.05
epoch=10/80 loss=0.007929 seconds=0.06
epoch=11/80 loss=0.002440 seconds=0.06
epoch=12/80 loss=0.003064 seconds=0.05
epoch=13/80 loss=0.004049 seconds=0.06
epoch=14/80 loss=0.001559 seconds=0.05
epoch=15/80 loss=0.001094 seconds=0.05
epoch=16/80 loss=0.001524 seconds=0.06
epoch=17/80 loss=0.001158 seconds=0.06
epoch=18/80 loss=0.001059 seconds=0.06
epoch=19/80 loss=0.001979 seconds=0.05
epoch=20/80 loss=0.005378 seconds=0.06
epoch=21/80 loss=0.053477 seconds=0.05
epoch=22/80 loss=0.058390 seconds=0.06
epoch=23/80 loss=0.014282 seconds=0.05
epoch=24/80 loss=0.004112 seconds=0.06
epoch=25/80 loss=0.017776 seconds=0.06
epoch=26/80 loss=0.003231 seconds=0.05
epoch=27/80 loss=0.003723 seconds=0.06
epoch=28/80 loss=0.022710 seconds=0.06
epoch=29/80 loss=0.022467 seconds=0.05
epoch=30/80 loss=0.005256 seconds=0.05
epoch=31/80 loss=0.003727 seconds=0.05
epoch=32/80 loss=0.000932 seconds=0.06
epoch=33/80 loss=0.002541 seconds=0.05
epoch=34/80 loss=0.000781 seconds=0.06
epoch=35/80 loss=0.000382 seconds=0.05
epoch=36/80 loss=0.000736 seconds=0.05
epoch=37/80 loss=0.000694 seconds=0.05
epoch=38/80 loss=0.000629 seconds=0.05
epoch=39/80 loss=0.000403 seconds=0.06
epoch=40/80 loss=0.000643 seconds=0.05
epoch=41/80 loss=0.000764 seconds=0.06
epoch=42/80 loss=0.000278 seconds=0.06
epoch=43/80 loss=0.000491 seconds=0.05
epoch=44/80 loss=0.000551 seconds=0.06
epoch=45/80 loss=0.036223 seconds=0.05
epoch=46/80 loss=0.007132 seconds=0.05
epoch=47/80 loss=0.020413 seconds=0.06
epoch=48/80 loss=0.004697 seconds=0.05
epoch=49/80 loss=0.004407 seconds=0.06
epoch=50/80 loss=0.001860 seconds=0.05
epoch=51/80 loss=0.001791 seconds=0.05
epoch=52/80 loss=0.001128 seconds=0.06
epoch=53/80 loss=0.000660 seconds=0.05
epoch=54/80 loss=0.001248 seconds=0.06
epoch=55/80 loss=0.000581 seconds=0.05
epoch=56/80 loss=0.000482 seconds=0.06
epoch=57/80 loss=0.018594 seconds=0.06
epoch=58/80 loss=0.039807 seconds=0.05
epoch=59/80 loss=0.020647 seconds=0.05
epoch=60/80 loss=0.013894 seconds=0.06
epoch=61/80 loss=0.003029 seconds=0.05
epoch=62/80 loss=0.002280 seconds=0.06
epoch=63/80 loss=0.001477 seconds=0.05
epoch=64/80 loss=0.001568 seconds=0.06
epoch=65/80 loss=0.000621 seconds=0.06
epoch=66/80 loss=0.001409 seconds=0.05
epoch=67/80 loss=0.000785 seconds=0.05
epoch=68/80 loss=0.000832 seconds=0.05
epoch=69/80 loss=0.000475 seconds=0.06
epoch=70/80 loss=0.000674 seconds=0.06
epoch=71/80 loss=0.000528 seconds=0.05
epoch=72/80 loss=0.000417 seconds=0.05
epoch=73/80 loss=0.000401 seconds=0.06
epoch=74/80 loss=0.000246 seconds=0.06
epoch=75/80 loss=0.006722 seconds=0.05
epoch=76/80 loss=0.001454 seconds=0.05
epoch=77/80 loss=0.000598 seconds=0.05
epoch=78/80 loss=0.000905 seconds=0.05
epoch=79/80 loss=0.001086 seconds=0.05
epoch=80/80 loss=0.000522 seconds=0.06
fold=4/10 OOF_accuracy=0.900000 OOF_AUC=0.732955
Device=cuda; epochs=80; batch=32; model=ResNet1D
epoch=1/80 loss=0.272751 seconds=0.05
epoch=2/80 loss=0.069318 seconds=0.05
epoch=3/80 loss=0.024417 seconds=0.06
epoch=4/80 loss=0.017325 seconds=0.05
epoch=5/80 loss=0.009595 seconds=0.05
epoch=6/80 loss=0.016060 seconds=0.05
epoch=7/80 loss=0.018406 seconds=0.05
epoch=8/80 loss=0.026889 seconds=0.06
epoch=9/80 loss=0.027739 seconds=0.05
epoch=10/80 loss=0.021627 seconds=0.06
epoch=11/80 loss=0.006174 seconds=0.05
epoch=12/80 loss=0.003775 seconds=0.06
epoch=13/80 loss=0.002541 seconds=0.05
epoch=14/80 loss=0.001932 seconds=0.05
epoch=15/80 loss=0.002448 seconds=0.06
epoch=16/80 loss=0.003960 seconds=0.05
epoch=17/80 loss=0.006797 seconds=0.06
epoch=18/80 loss=0.016954 seconds=0.05
epoch=19/80 loss=0.016377 seconds=0.06
epoch=20/80 loss=0.025158 seconds=0.05
epoch=21/80 loss=0.055553 seconds=0.05
epoch=22/80 loss=0.023460 seconds=0.06
epoch=23/80 loss=0.004761 seconds=0.05
epoch=24/80 loss=0.003288 seconds=0.05
epoch=25/80 loss=0.006793 seconds=0.05
epoch=26/80 loss=0.001669 seconds=0.05
epoch=27/80 loss=0.002957 seconds=0.05
epoch=28/80 loss=0.012622 seconds=0.06
epoch=29/80 loss=0.031033 seconds=0.06
epoch=30/80 loss=0.024589 seconds=0.05
epoch=31/80 loss=0.013890 seconds=0.06
epoch=32/80 loss=0.008221 seconds=0.05
epoch=33/80 loss=0.006970 seconds=0.05
epoch=34/80 loss=0.003524 seconds=0.05
epoch=35/80 loss=0.001293 seconds=0.06
epoch=36/80 loss=0.002012 seconds=0.05
epoch=37/80 loss=0.000673 seconds=0.05
epoch=38/80 loss=0.000665 seconds=0.06
epoch=39/80 loss=0.000494 seconds=0.05
epoch=40/80 loss=0.000803 seconds=0.05
epoch=41/80 loss=0.000737 seconds=0.06
epoch=42/80 loss=0.000284 seconds=0.05
epoch=43/80 loss=0.000634 seconds=0.06
epoch=44/80 loss=0.003369 seconds=0.06
epoch=45/80 loss=0.009936 seconds=0.05
epoch=46/80 loss=0.005311 seconds=0.05
epoch=47/80 loss=0.003567 seconds=0.05
epoch=48/80 loss=0.003651 seconds=0.05
epoch=49/80 loss=0.017612 seconds=0.03
epoch=50/80 loss=0.005410 seconds=0.05
epoch=51/80 loss=0.004071 seconds=0.06
epoch=52/80 loss=0.000626 seconds=0.03
epoch=53/80 loss=0.000632 seconds=0.05
epoch=54/80 loss=0.000495 seconds=0.06
epoch=55/80 loss=0.000438 seconds=0.05
epoch=56/80 loss=0.000411 seconds=0.05
epoch=57/80 loss=0.014494 seconds=0.05
epoch=58/80 loss=0.035746 seconds=0.05
epoch=59/80 loss=0.002331 seconds=0.05
epoch=60/80 loss=0.013239 seconds=0.06
epoch=61/80 loss=0.012523 seconds=0.05
epoch=62/80 loss=0.018397 seconds=0.06
epoch=63/80 loss=0.012670 seconds=0.05
epoch=64/80 loss=0.005826 seconds=0.06
epoch=65/80 loss=0.001615 seconds=0.05
epoch=66/80 loss=0.003932 seconds=0.05
epoch=67/80 loss=0.000707 seconds=0.06
epoch=68/80 loss=0.001341 seconds=0.05
epoch=69/80 loss=0.000698 seconds=0.05
epoch=70/80 loss=0.000376 seconds=0.06
epoch=71/80 loss=0.000738 seconds=0.06
epoch=72/80 loss=0.000456 seconds=0.05
epoch=73/80 loss=0.000403 seconds=0.05
epoch=74/80 loss=0.000317 seconds=0.05
epoch=75/80 loss=0.002822 seconds=0.06
epoch=76/80 loss=0.000767 seconds=0.05
epoch=77/80 loss=0.000331 seconds=0.06
epoch=78/80 loss=0.000422 seconds=0.05
epoch=79/80 loss=0.000342 seconds=0.06
epoch=80/80 loss=0.000397 seconds=0.06
fold=5/10 OOF_accuracy=0.900000 OOF_AUC=0.971591
Device=cuda; epochs=80; batch=32; model=ResNet1D
epoch=1/80 loss=0.215295 seconds=0.06
epoch=2/80 loss=0.050506 seconds=0.05
epoch=3/80 loss=0.019556 seconds=0.05
epoch=4/80 loss=0.014199 seconds=0.03
epoch=5/80 loss=0.013137 seconds=0.05
epoch=6/80 loss=0.011677 seconds=0.06
epoch=7/80 loss=0.031940 seconds=0.05
epoch=8/80 loss=0.009432 seconds=0.06
epoch=9/80 loss=0.014394 seconds=0.05
epoch=10/80 loss=0.014322 seconds=0.09
epoch=11/80 loss=0.005658 seconds=0.06
epoch=12/80 loss=0.003609 seconds=0.05
epoch=13/80 loss=0.003443 seconds=0.08
epoch=14/80 loss=0.002762 seconds=0.06
epoch=15/80 loss=0.003310 seconds=0.05
epoch=16/80 loss=0.005680 seconds=0.05
epoch=17/80 loss=0.012696 seconds=0.06
epoch=18/80 loss=0.004457 seconds=0.06
epoch=19/80 loss=0.002256 seconds=0.05
epoch=20/80 loss=0.002544 seconds=0.05
epoch=21/80 loss=0.004062 seconds=0.06
epoch=22/80 loss=0.001294 seconds=0.05
epoch=23/80 loss=0.020136 seconds=0.06
epoch=24/80 loss=0.021267 seconds=0.05
epoch=25/80 loss=0.011319 seconds=0.05
epoch=26/80 loss=0.002566 seconds=0.06
epoch=27/80 loss=0.006362 seconds=0.05
epoch=28/80 loss=0.050230 seconds=0.06
epoch=29/80 loss=0.007083 seconds=0.06
epoch=30/80 loss=0.004505 seconds=0.05
epoch=31/80 loss=0.005567 seconds=0.05
epoch=32/80 loss=0.010971 seconds=0.06
epoch=33/80 loss=0.005555 seconds=0.05
epoch=34/80 loss=0.002179 seconds=0.06
epoch=35/80 loss=0.000823 seconds=0.05
epoch=36/80 loss=0.001390 seconds=0.06
epoch=37/80 loss=0.000665 seconds=0.06
epoch=38/80 loss=0.001109 seconds=0.05
epoch=39/80 loss=0.000501 seconds=0.06
epoch=40/80 loss=0.000807 seconds=0.05
epoch=41/80 loss=0.000828 seconds=0.06
epoch=42/80 loss=0.000285 seconds=0.05
epoch=43/80 loss=0.000377 seconds=0.06
epoch=44/80 loss=0.019935 seconds=0.05
epoch=45/80 loss=0.003036 seconds=0.05
epoch=46/80 loss=0.013482 seconds=0.06
epoch=47/80 loss=0.003735 seconds=0.06
epoch=48/80 loss=0.007841 seconds=0.05
epoch=49/80 loss=0.002083 seconds=0.05
epoch=50/80 loss=0.001850 seconds=0.05
epoch=51/80 loss=0.000480 seconds=0.06
epoch=52/80 loss=0.000600 seconds=0.05
epoch=53/80 loss=0.002916 seconds=0.03
epoch=54/80 loss=0.017269 seconds=0.06
epoch=55/80 loss=0.012204 seconds=0.05
epoch=56/80 loss=0.001009 seconds=0.06
epoch=57/80 loss=0.002331 seconds=0.05
epoch=58/80 loss=0.010117 seconds=0.05
epoch=59/80 loss=0.007481 seconds=0.06
epoch=60/80 loss=0.039776 seconds=0.05
epoch=61/80 loss=0.007213 seconds=0.06
epoch=62/80 loss=0.002927 seconds=0.05
epoch=63/80 loss=0.000817 seconds=0.06
epoch=64/80 loss=0.001792 seconds=0.05
epoch=65/80 loss=0.008832 seconds=0.06
epoch=66/80 loss=0.034949 seconds=0.05
epoch=67/80 loss=0.007200 seconds=0.06
epoch=68/80 loss=0.002597 seconds=0.05
epoch=69/80 loss=0.001766 seconds=0.05
epoch=70/80 loss=0.002905 seconds=0.06
epoch=71/80 loss=0.001297 seconds=0.05
epoch=72/80 loss=0.000694 seconds=0.06
epoch=73/80 loss=0.000483 seconds=0.05
epoch=74/80 loss=0.000752 seconds=0.05
epoch=75/80 loss=0.010188 seconds=0.06
epoch=76/80 loss=0.002677 seconds=0.06
epoch=77/80 loss=0.000821 seconds=0.05
epoch=78/80 loss=0.000766 seconds=0.06
epoch=79/80 loss=0.000491 seconds=0.05
epoch=80/80 loss=0.000237 seconds=0.05
fold=6/10 OOF_accuracy=0.866667 OOF_AUC=0.960227
Device=cuda; epochs=80; batch=32; model=ResNet1D
epoch=1/80 loss=0.270820 seconds=0.05
epoch=2/80 loss=0.091771 seconds=0.06
epoch=3/80 loss=0.032680 seconds=0.06
epoch=4/80 loss=0.014493 seconds=0.03
epoch=5/80 loss=0.012550 seconds=0.05
epoch=6/80 loss=0.012343 seconds=0.06
epoch=7/80 loss=0.009886 seconds=0.05
epoch=8/80 loss=0.008205 seconds=0.03
epoch=9/80 loss=0.006442 seconds=0.06
epoch=10/80 loss=0.004837 seconds=0.05
epoch=11/80 loss=0.004316 seconds=0.05
epoch=12/80 loss=0.002514 seconds=0.05
epoch=13/80 loss=0.001923 seconds=0.05
epoch=14/80 loss=0.001949 seconds=0.05
epoch=15/80 loss=0.001229 seconds=0.05
epoch=16/80 loss=0.001235 seconds=0.05
epoch=17/80 loss=0.001419 seconds=0.05
epoch=18/80 loss=0.001294 seconds=0.05
epoch=19/80 loss=0.001117 seconds=0.05
epoch=20/80 loss=0.009782 seconds=0.05
epoch=21/80 loss=0.119070 seconds=0.05
epoch=22/80 loss=0.075737 seconds=0.05
epoch=23/80 loss=0.019119 seconds=0.05
epoch=24/80 loss=0.008413 seconds=0.06
epoch=25/80 loss=0.011507 seconds=0.05
epoch=26/80 loss=0.015393 seconds=0.06
epoch=27/80 loss=0.028542 seconds=0.05
epoch=28/80 loss=0.014746 seconds=0.05
epoch=29/80 loss=0.005802 seconds=0.05
epoch=30/80 loss=0.001387 seconds=0.05
epoch=31/80 loss=0.004996 seconds=0.06
epoch=32/80 loss=0.001115 seconds=0.05
epoch=33/80 loss=0.002637 seconds=0.06
epoch=34/80 loss=0.001214 seconds=0.05
epoch=35/80 loss=0.000534 seconds=0.08
epoch=36/80 loss=0.001935 seconds=0.06
epoch=37/80 loss=0.000687 seconds=0.05
epoch=38/80 loss=0.000775 seconds=0.05
epoch=39/80 loss=0.000731 seconds=0.05
epoch=40/80 loss=0.000830 seconds=0.05
epoch=41/80 loss=0.001006 seconds=0.05
epoch=42/80 loss=0.000353 seconds=0.05
epoch=43/80 loss=0.000532 seconds=0.05
epoch=44/80 loss=0.000896 seconds=0.06
epoch=45/80 loss=0.001218 seconds=0.05
epoch=46/80 loss=0.000506 seconds=0.05
epoch=47/80 loss=0.000411 seconds=0.05
epoch=48/80 loss=0.001070 seconds=0.05
epoch=49/80 loss=0.000534 seconds=0.06
epoch=50/80 loss=0.001165 seconds=0.05
epoch=51/80 loss=0.000248 seconds=0.05
epoch=52/80 loss=0.000334 seconds=0.05
epoch=53/80 loss=0.000336 seconds=0.05
epoch=54/80 loss=0.000484 seconds=0.05
epoch=55/80 loss=0.000400 seconds=0.06
epoch=56/80 loss=0.000210 seconds=0.05
epoch=57/80 loss=0.000392 seconds=0.05
epoch=58/80 loss=0.000290 seconds=0.05
epoch=59/80 loss=0.000196 seconds=0.05
epoch=60/80 loss=0.001292 seconds=0.05
epoch=61/80 loss=0.000236 seconds=0.06
epoch=62/80 loss=0.000298 seconds=0.05
epoch=63/80 loss=0.000970 seconds=0.05
epoch=64/80 loss=0.000197 seconds=0.05
epoch=65/80 loss=0.000832 seconds=0.06
epoch=66/80 loss=0.000737 seconds=0.06
epoch=67/80 loss=0.005932 seconds=0.05
epoch=68/80 loss=0.001618 seconds=0.05
epoch=69/80 loss=0.011688 seconds=0.05
epoch=70/80 loss=0.000604 seconds=0.05
epoch=71/80 loss=0.004326 seconds=0.06
epoch=72/80 loss=0.023591 seconds=0.05
epoch=73/80 loss=0.017908 seconds=0.06
epoch=74/80 loss=0.019597 seconds=0.06
epoch=75/80 loss=0.042446 seconds=0.05
epoch=76/80 loss=0.013909 seconds=0.06
epoch=77/80 loss=0.004054 seconds=0.05
epoch=78/80 loss=0.003640 seconds=0.06
epoch=79/80 loss=0.001389 seconds=0.05
epoch=80/80 loss=0.001324 seconds=0.05
fold=7/10 OOF_accuracy=0.833333 OOF_AUC=0.914773
Device=cuda; epochs=80; batch=32; model=ResNet1D
epoch=1/80 loss=0.218446 seconds=0.05
epoch=2/80 loss=0.048024 seconds=0.06
epoch=3/80 loss=0.025460 seconds=0.05
epoch=4/80 loss=0.017269 seconds=0.03
epoch=5/80 loss=0.007709 seconds=0.03
epoch=6/80 loss=0.009587 seconds=0.05
epoch=7/80 loss=0.015809 seconds=0.05
epoch=8/80 loss=0.003246 seconds=0.06
epoch=9/80 loss=0.007103 seconds=0.05
epoch=10/80 loss=0.003664 seconds=0.06
epoch=11/80 loss=0.001969 seconds=0.05
epoch=12/80 loss=0.001865 seconds=0.05
epoch=13/80 loss=0.002251 seconds=0.06
epoch=14/80 loss=0.001280 seconds=0.05
epoch=15/80 loss=0.001031 seconds=0.06
epoch=16/80 loss=0.001484 seconds=0.05
epoch=17/80 loss=0.001642 seconds=0.06
epoch=18/80 loss=0.000953 seconds=0.05
epoch=19/80 loss=0.001048 seconds=0.06
epoch=20/80 loss=0.005282 seconds=0.05
epoch=21/80 loss=0.021518 seconds=0.06
epoch=22/80 loss=0.024292 seconds=0.05
epoch=23/80 loss=0.007300 seconds=0.05
epoch=24/80 loss=0.005019 seconds=0.06
epoch=25/80 loss=0.025720 seconds=0.06
epoch=26/80 loss=0.022380 seconds=0.05
epoch=27/80 loss=0.021125 seconds=0.05
epoch=28/80 loss=0.068475 seconds=0.06
epoch=29/80 loss=0.025728 seconds=0.05
epoch=30/80 loss=0.005883 seconds=0.06
epoch=31/80 loss=0.007588 seconds=0.05
epoch=32/80 loss=0.001459 seconds=0.06
epoch=33/80 loss=0.002892 seconds=0.06
epoch=34/80 loss=0.001472 seconds=0.05
epoch=35/80 loss=0.000678 seconds=0.06
epoch=36/80 loss=0.001425 seconds=0.05
epoch=37/80 loss=0.000572 seconds=0.06
epoch=38/80 loss=0.001768 seconds=0.05
epoch=39/80 loss=0.000569 seconds=0.05
epoch=40/80 loss=0.000704 seconds=0.05
epoch=41/80 loss=0.001389 seconds=0.05
epoch=42/80 loss=0.000467 seconds=0.05
epoch=43/80 loss=0.000934 seconds=0.06
epoch=44/80 loss=0.001873 seconds=0.05
epoch=45/80 loss=0.015477 seconds=0.05
epoch=46/80 loss=0.001987 seconds=0.06
epoch=47/80 loss=0.001513 seconds=0.05
epoch=48/80 loss=0.000797 seconds=0.06
epoch=49/80 loss=0.000776 seconds=0.05
epoch=50/80 loss=0.000878 seconds=0.06
epoch=51/80 loss=0.000920 seconds=0.06
epoch=52/80 loss=0.000855 seconds=0.05
epoch=53/80 loss=0.000230 seconds=0.05
epoch=54/80 loss=0.000269 seconds=0.06
epoch=55/80 loss=0.000356 seconds=0.05
epoch=56/80 loss=0.000209 seconds=0.06
epoch=57/80 loss=0.013849 seconds=0.05
epoch=58/80 loss=0.034873 seconds=0.05
epoch=59/80 loss=0.007799 seconds=0.05
epoch=60/80 loss=0.015122 seconds=0.05
epoch=61/80 loss=0.004441 seconds=0.06
epoch=62/80 loss=0.001108 seconds=0.05
epoch=63/80 loss=0.000915 seconds=0.06
epoch=64/80 loss=0.001265 seconds=0.06
epoch=65/80 loss=0.000447 seconds=0.05
epoch=66/80 loss=0.001477 seconds=0.06
epoch=67/80 loss=0.000589 seconds=0.05
epoch=68/80 loss=0.000680 seconds=0.06
epoch=69/80 loss=0.000663 seconds=0.05
epoch=70/80 loss=0.000260 seconds=0.06
epoch=71/80 loss=0.000336 seconds=0.05
epoch=72/80 loss=0.000287 seconds=0.06
epoch=73/80 loss=0.001181 seconds=0.05
epoch=74/80 loss=0.013844 seconds=0.05
epoch=75/80 loss=0.035357 seconds=0.05
epoch=76/80 loss=0.012594 seconds=0.06
epoch=77/80 loss=0.001309 seconds=0.05
epoch=78/80 loss=0.001639 seconds=0.06
epoch=79/80 loss=0.008119 seconds=0.05
epoch=80/80 loss=0.007304 seconds=0.05
fold=8/10 OOF_accuracy=0.833333 OOF_AUC=0.744318
Device=cuda; epochs=80; batch=32; model=ResNet1D
epoch=1/80 loss=0.240830 seconds=0.05
epoch=2/80 loss=0.063970 seconds=0.06
epoch=3/80 loss=0.023842 seconds=0.05
epoch=4/80 loss=0.015922 seconds=0.06
epoch=5/80 loss=0.017888 seconds=0.05
epoch=6/80 loss=0.024778 seconds=0.06
epoch=7/80 loss=0.011696 seconds=0.06
epoch=8/80 loss=0.004376 seconds=0.05
epoch=9/80 loss=0.005027 seconds=0.06
epoch=10/80 loss=0.003516 seconds=0.05
epoch=11/80 loss=0.002009 seconds=0.06
epoch=12/80 loss=0.001490 seconds=0.05
epoch=13/80 loss=0.001666 seconds=0.06
epoch=14/80 loss=0.001489 seconds=0.05
epoch=15/80 loss=0.001211 seconds=0.06
epoch=16/80 loss=0.001094 seconds=0.06
epoch=17/80 loss=0.001521 seconds=0.05
epoch=18/80 loss=0.001252 seconds=0.05
epoch=19/80 loss=0.001212 seconds=0.06
epoch=20/80 loss=0.001882 seconds=0.05
epoch=21/80 loss=0.011353 seconds=0.05
epoch=22/80 loss=0.017352 seconds=0.06
epoch=23/80 loss=0.005898 seconds=0.05
epoch=24/80 loss=0.005867 seconds=0.05
epoch=25/80 loss=0.004184 seconds=0.05
epoch=26/80 loss=0.001614 seconds=0.05
epoch=27/80 loss=0.012318 seconds=0.06
epoch=28/80 loss=0.127313 seconds=0.05
epoch=29/80 loss=0.054997 seconds=0.05
epoch=30/80 loss=0.006633 seconds=0.05
epoch=31/80 loss=0.005531 seconds=0.06
epoch=32/80 loss=0.002519 seconds=0.05
epoch=33/80 loss=0.005349 seconds=0.06
epoch=34/80 loss=0.002359 seconds=0.05
epoch=35/80 loss=0.000719 seconds=0.05
epoch=36/80 loss=0.001701 seconds=0.05
epoch=37/80 loss=0.000661 seconds=0.05
epoch=38/80 loss=0.000701 seconds=0.05
epoch=39/80 loss=0.000847 seconds=0.06
epoch=40/80 loss=0.000810 seconds=0.05
epoch=41/80 loss=0.000988 seconds=0.05
epoch=42/80 loss=0.000564 seconds=0.05
epoch=43/80 loss=0.001084 seconds=0.05
epoch=44/80 loss=0.007845 seconds=0.06
epoch=45/80 loss=0.028731 seconds=0.05
epoch=46/80 loss=0.040578 seconds=0.05
epoch=47/80 loss=0.034257 seconds=0.05
epoch=48/80 loss=0.009667 seconds=0.06
epoch=49/80 loss=0.009658 seconds=0.05
epoch=50/80 loss=0.006099 seconds=0.05
epoch=51/80 loss=0.001565 seconds=0.05
epoch=52/80 loss=0.001581 seconds=0.05
epoch=53/80 loss=0.001236 seconds=0.06
epoch=54/80 loss=0.001106 seconds=0.05
epoch=55/80 loss=0.000769 seconds=0.05
epoch=56/80 loss=0.000760 seconds=0.05
epoch=57/80 loss=0.000683 seconds=0.05
epoch=58/80 loss=0.002285 seconds=0.06
epoch=59/80 loss=0.000433 seconds=0.05
epoch=60/80 loss=0.004282 seconds=0.05
epoch=61/80 loss=0.002902 seconds=0.05
epoch=62/80 loss=0.000809 seconds=0.05
epoch=63/80 loss=0.000518 seconds=0.06
epoch=64/80 loss=0.000587 seconds=0.05
epoch=65/80 loss=0.000315 seconds=0.06
epoch=66/80 loss=0.002052 seconds=0.05
epoch=67/80 loss=0.001572 seconds=0.05
epoch=68/80 loss=0.000500 seconds=0.05
epoch=69/80 loss=0.000481 seconds=0.05
epoch=70/80 loss=0.000230 seconds=0.06
epoch=71/80 loss=0.000258 seconds=0.06
epoch=72/80 loss=0.000342 seconds=0.05
epoch=73/80 loss=0.000317 seconds=0.05
epoch=74/80 loss=0.000194 seconds=0.05
epoch=75/80 loss=0.003146 seconds=0.06
epoch=76/80 loss=0.018878 seconds=0.03
epoch=77/80 loss=0.001230 seconds=0.05
epoch=78/80 loss=0.002147 seconds=0.05
epoch=79/80 loss=0.000833 seconds=0.05
epoch=80/80 loss=0.000470 seconds=0.06
fold=9/10 OOF_accuracy=0.866667 OOF_AUC=0.863636
Device=cuda; epochs=80; batch=32; model=ResNet1D
epoch=1/80 loss=0.236484 seconds=0.06
epoch=2/80 loss=0.050942 seconds=0.05
epoch=3/80 loss=0.026342 seconds=0.05
epoch=4/80 loss=0.018322 seconds=0.05
epoch=5/80 loss=0.027646 seconds=0.05
epoch=6/80 loss=0.027032 seconds=0.05
epoch=7/80 loss=0.020896 seconds=0.06
epoch=8/80 loss=0.010594 seconds=0.05
epoch=9/80 loss=0.005710 seconds=0.05
epoch=10/80 loss=0.005579 seconds=0.06
epoch=11/80 loss=0.027284 seconds=0.05
epoch=12/80 loss=0.003350 seconds=0.05
epoch=13/80 loss=0.004373 seconds=0.05
epoch=14/80 loss=0.001915 seconds=0.05
epoch=15/80 loss=0.001253 seconds=0.06
epoch=16/80 loss=0.001463 seconds=0.05
epoch=17/80 loss=0.009587 seconds=0.05
epoch=18/80 loss=0.013534 seconds=0.06
epoch=19/80 loss=0.002077 seconds=0.05
epoch=20/80 loss=0.002318 seconds=0.06
epoch=21/80 loss=0.003575 seconds=0.05
epoch=22/80 loss=0.009835 seconds=0.05
epoch=23/80 loss=0.007985 seconds=0.05
epoch=24/80 loss=0.001543 seconds=0.05
epoch=25/80 loss=0.002678 seconds=0.06
epoch=26/80 loss=0.002436 seconds=0.05
epoch=27/80 loss=0.001198 seconds=0.06
epoch=28/80 loss=0.038857 seconds=0.05
epoch=29/80 loss=0.015466 seconds=0.06
epoch=30/80 loss=0.031673 seconds=0.05
epoch=31/80 loss=0.016264 seconds=0.06
epoch=32/80 loss=0.001349 seconds=0.05
epoch=33/80 loss=0.002605 seconds=0.05
epoch=34/80 loss=0.001000 seconds=0.05
epoch=35/80 loss=0.000558 seconds=0.05
epoch=36/80 loss=0.001303 seconds=0.05
epoch=37/80 loss=0.000603 seconds=0.05
epoch=38/80 loss=0.000425 seconds=0.05
epoch=39/80 loss=0.000892 seconds=0.06
epoch=40/80 loss=0.000312 seconds=0.05
epoch=41/80 loss=0.000687 seconds=0.05
epoch=42/80 loss=0.000373 seconds=0.05
epoch=43/80 loss=0.001956 seconds=0.05
epoch=44/80 loss=0.003834 seconds=0.05
epoch=45/80 loss=0.004375 seconds=0.05
epoch=46/80 loss=0.000716 seconds=0.06
epoch=47/80 loss=0.000469 seconds=0.05
epoch=48/80 loss=0.000497 seconds=0.05
epoch=49/80 loss=0.000447 seconds=0.05
epoch=50/80 loss=0.000299 seconds=0.05
epoch=51/80 loss=0.000465 seconds=0.05
epoch=52/80 loss=0.002126 seconds=0.05
epoch=53/80 loss=0.002107 seconds=0.05
epoch=54/80 loss=0.001296 seconds=0.06
epoch=55/80 loss=0.000307 seconds=0.05
epoch=56/80 loss=0.008343 seconds=0.05
epoch=57/80 loss=0.017856 seconds=0.05
epoch=58/80 loss=0.003624 seconds=0.05
epoch=59/80 loss=0.000730 seconds=0.05
epoch=60/80 loss=0.013874 seconds=0.06
epoch=61/80 loss=0.003851 seconds=0.05
epoch=62/80 loss=0.008363 seconds=0.06
epoch=63/80 loss=0.011003 seconds=0.05
epoch=64/80 loss=0.013048 seconds=0.05
epoch=65/80 loss=0.006989 seconds=0.05
epoch=66/80 loss=0.006457 seconds=0.05
epoch=67/80 loss=0.000809 seconds=0.06
epoch=68/80 loss=0.001458 seconds=0.05
epoch=69/80 loss=0.001752 seconds=0.05
epoch=70/80 loss=0.011206 seconds=0.05
epoch=71/80 loss=0.014361 seconds=0.05
epoch=72/80 loss=0.011258 seconds=0.05
epoch=73/80 loss=0.001327 seconds=0.05
epoch=74/80 loss=0.001888 seconds=0.06
epoch=75/80 loss=0.002787 seconds=0.05
epoch=76/80 loss=0.018015 seconds=0.05
epoch=77/80 loss=0.002923 seconds=0.05
epoch=78/80 loss=0.000771 seconds=0.05
epoch=79/80 loss=0.000641 seconds=0.05
epoch=80/80 loss=0.000860 seconds=0.06
fold=10/10 OOF_accuracy=0.800000 OOF_AUC=0.751323
Device=cuda; epochs=80; batch=32; model=ResNet1D
epoch=1/80 loss=0.206225 seconds=0.06
epoch=2/80 loss=0.063598 seconds=0.05
epoch=3/80 loss=0.028771 seconds=0.05
epoch=4/80 loss=0.020332 seconds=0.06
epoch=5/80 loss=0.019440 seconds=0.05
epoch=6/80 loss=0.020465 seconds=0.06
epoch=7/80 loss=0.017721 seconds=0.05
epoch=8/80 loss=0.005825 seconds=0.06
epoch=9/80 loss=0.004020 seconds=0.06
epoch=10/80 loss=0.024199 seconds=0.06
epoch=11/80 loss=0.009754 seconds=0.06
epoch=12/80 loss=0.011386 seconds=0.05
epoch=13/80 loss=0.019940 seconds=0.06
epoch=14/80 loss=0.015080 seconds=0.05
epoch=15/80 loss=0.004146 seconds=0.05
epoch=16/80 loss=0.008012 seconds=0.06
epoch=17/80 loss=0.014727 seconds=0.06
epoch=18/80 loss=0.029874 seconds=0.05
epoch=19/80 loss=0.037762 seconds=0.06
epoch=20/80 loss=0.004097 seconds=0.05
epoch=21/80 loss=0.014447 seconds=0.05
epoch=22/80 loss=0.007153 seconds=0.05
epoch=23/80 loss=0.019585 seconds=0.06
epoch=24/80 loss=0.008645 seconds=0.05
epoch=25/80 loss=0.003233 seconds=0.06
epoch=26/80 loss=0.003189 seconds=0.06
epoch=27/80 loss=0.004367 seconds=0.06
epoch=28/80 loss=0.006718 seconds=0.06
epoch=29/80 loss=0.027398 seconds=0.05
epoch=30/80 loss=0.012544 seconds=0.06
epoch=31/80 loss=0.007522 seconds=0.05
epoch=32/80 loss=0.009766 seconds=0.05
epoch=33/80 loss=0.001842 seconds=0.06
epoch=34/80 loss=0.002237 seconds=0.06
epoch=35/80 loss=0.000977 seconds=0.06
epoch=36/80 loss=0.003871 seconds=0.05
epoch=37/80 loss=0.001965 seconds=0.05
epoch=38/80 loss=0.004534 seconds=0.06
epoch=39/80 loss=0.003507 seconds=0.05
epoch=40/80 loss=0.003307 seconds=0.05
epoch=41/80 loss=0.008741 seconds=0.06
epoch=42/80 loss=0.022037 seconds=0.06
epoch=43/80 loss=0.017666 seconds=0.05
epoch=44/80 loss=0.002227 seconds=0.06
epoch=45/80 loss=0.000712 seconds=0.05
epoch=46/80 loss=0.001433 seconds=0.06
epoch=47/80 loss=0.000670 seconds=0.06
epoch=48/80 loss=0.000766 seconds=0.06
epoch=49/80 loss=0.000402 seconds=0.06
epoch=50/80 loss=0.002266 seconds=0.06
epoch=51/80 loss=0.000454 seconds=0.06
epoch=52/80 loss=0.000353 seconds=0.05
epoch=53/80 loss=0.001108 seconds=0.06
epoch=54/80 loss=0.000195 seconds=0.06
epoch=55/80 loss=0.000223 seconds=0.06
epoch=56/80 loss=0.000204 seconds=0.05
epoch=57/80 loss=0.000248 seconds=0.06
epoch=58/80 loss=0.005232 seconds=0.06
epoch=59/80 loss=0.009696 seconds=0.06
epoch=60/80 loss=0.001226 seconds=0.06
epoch=61/80 loss=0.000492 seconds=0.05
epoch=62/80 loss=0.000462 seconds=0.06
epoch=63/80 loss=0.000372 seconds=0.06
epoch=64/80 loss=0.000183 seconds=0.06
epoch=65/80 loss=0.000471 seconds=0.06
epoch=66/80 loss=0.000344 seconds=0.06
epoch=67/80 loss=0.000161 seconds=0.06
epoch=68/80 loss=0.000144 seconds=0.06
epoch=69/80 loss=0.000117 seconds=0.06
epoch=70/80 loss=0.000216 seconds=0.06
epoch=71/80 loss=0.000191 seconds=0.06
epoch=72/80 loss=0.000115 seconds=0.06
epoch=73/80 loss=0.000228 seconds=0.06
epoch=74/80 loss=0.000434 seconds=0.06
epoch=75/80 loss=0.000142 seconds=0.06
epoch=76/80 loss=0.000089 seconds=0.06
epoch=77/80 loss=0.000154 seconds=0.06
epoch=78/80 loss=0.000121 seconds=0.06
epoch=79/80 loss=0.000207 seconds=0.05
epoch=80/80 loss=0.000102 seconds=0.06
{"cv_oof": {"accuracy": 0.8366666666666667, "balanced_accuracy": 0.7675460848976831, "sensitivity": 0.6172839506172839, "specificity": 0.9178082191780822, "f1_macro": 0.7812467447432254, "roc_auc": 0.8451434691921755, "confusion_matrix": [[201, 18], [31, 50]], "classification_report": {"0": {"precision": 0.8663793103448276, "recall": 0.9178082191780822, "f1-score": 0.8913525498891353, "support": 219.0}, "1": {"precision": 0.7352941176470589, "recall": 0.6172839506172839, "f1-score": 0.6711409395973155, "support": 81.0}, "accuracy": 0.8366666666666667, "macro avg": {"precision": 0.8008367139959433, "recall": 0.7675460848976831, "f1-score": 0.7812467447432254, "support": 300.0}, "weighted avg": {"precision": 0.8309863083164301, "recall": 0.8366666666666667, "f1-score": 0.8318954151103439, "support": 300.0}}}, "test": {"accuracy": 0.8051948051948052, "balanced_accuracy": 0.7023809523809523, "sensitivity": 0.47619047619047616, "specificity": 0.9285714285714286, "f1_macro": 0.7226890756302521, "roc_auc": 0.8375850340136055, "confusion_matrix": [[52, 4], [11, 10]], "classification_report": {"0": {"precision": 0.8253968253968254, "recall": 0.9285714285714286, "f1-score": 0.8739495798319328, "support": 56.0}, "1": {"precision": 0.7142857142857143, "recall": 0.47619047619047616, "f1-score": 0.5714285714285714, "support": 21.0}, "accuracy": 0.8051948051948052, "macro avg": {"precision": 0.7698412698412698, "recall": 0.7023809523809523, "f1-score": 0.7226890756302521, "support": 77.0}, "weighted avg": {"precision": 0.7950937950937951, "recall": 0.8051948051948052, "f1-score": 0.7914438502673796, "support": 77.0}}}, "folds": 10, "original_train_rows": 300, "train_rows": 438, "test_rows": 77, "elapsed_seconds": 52.15599999995902}
