Command: ["C:\\Users\\IHCK\\AppData\\Local\\Programs\\Python\\Python312\\python.exe", "-u", "C:\\Users\\IHCK\\Desktop\\1_10_69Final\\Hippocampal-Shape-Analysis-for-Epilepsy-Detection\\Model\\train_dataset_model.py", "--dataset", "coef_raw", "--side", "right", "--model", "MLP", "--kind", "coef", "--train-csv", "C:\\Users\\IHCK\\Desktop\\1_10_69Final\\Hippocampal-Shape-Analysis-for-Epilepsy-Detection\\Output_Dataset\\coef_raw\\right\\train_prepared.csv", "--test-csv", "C:\\Users\\IHCK\\Desktop\\1_10_69Final\\Hippocampal-Shape-Analysis-for-Epilepsy-Detection\\Output_Dataset\\coef_raw\\right\\test_prepared.csv", "--output-dir", "C:\\Users\\IHCK\\Desktop\\1_10_69Final\\Hippocampal-Shape-Analysis-for-Epilepsy-Detection\\Model_Results\\dataset_runs_20261003_10fold\\coef_raw\\right\\MLP", "--epochs", "80", "--folds", "10", "--pls-components", "8", "--seed", "42", "--threads", "2"]
10-fold CV: dataset=coef_raw side=right model=MLP; original_train=300 test=77
Iteration 1, loss = 0.67949482
Iteration 2, loss = 0.53534505
Iteration 3, loss = 0.42501430
Iteration 4, loss = 0.33681910
Iteration 5, loss = 0.26738372
Iteration 6, loss = 0.21335464
Iteration 7, loss = 0.17038030
Iteration 8, loss = 0.13631715
Iteration 9, loss = 0.11041884
Iteration 10, loss = 0.08913614
Iteration 11, loss = 0.07262005
Iteration 12, loss = 0.05933388
Iteration 13, loss = 0.04889940
Iteration 14, loss = 0.04089625
Iteration 15, loss = 0.03432712
Iteration 16, loss = 0.02909507
Iteration 17, loss = 0.02505308
Iteration 18, loss = 0.02165579
Iteration 19, loss = 0.01890153
Iteration 20, loss = 0.01654693
Iteration 21, loss = 0.01454450
Iteration 22, loss = 0.01307218
Iteration 23, loss = 0.01167733
Iteration 24, loss = 0.01056998
Iteration 25, loss = 0.00966510
Iteration 26, loss = 0.00887076
Iteration 27, loss = 0.00817564
Iteration 28, loss = 0.00752536
Iteration 29, loss = 0.00700440
Iteration 30, loss = 0.00653751
Iteration 31, loss = 0.00614302
Iteration 32, loss = 0.00571823
Iteration 33, loss = 0.00541074
Iteration 34, loss = 0.00507682
Iteration 35, loss = 0.00481050
Iteration 36, loss = 0.00453532
Iteration 37, loss = 0.00432861
Iteration 38, loss = 0.00411995
Iteration 39, loss = 0.00393246
Iteration 40, loss = 0.00376008
Iteration 41, loss = 0.00359470
Iteration 42, loss = 0.00345913
Iteration 43, loss = 0.00332997
Iteration 44, loss = 0.00320046
Iteration 45, loss = 0.00309301
Iteration 46, loss = 0.00299134
Iteration 47, loss = 0.00289528
Iteration 48, loss = 0.00280833
Iteration 49, loss = 0.00272223
Iteration 50, loss = 0.00264816
Iteration 51, loss = 0.00257324
Iteration 52, loss = 0.00250143
Iteration 53, loss = 0.00243645
Iteration 54, loss = 0.00237524
Iteration 55, loss = 0.00231386
Iteration 56, loss = 0.00225058
Iteration 57, loss = 0.00220110
Training loss did not improve more than tol=0.000100 for 10 consecutive epochs. Stopping.
fold=1/10 OOF_accuracy=0.766667 OOF_AUC=0.829545
Iteration 1, loss = 0.70486694
Iteration 2, loss = 0.54991198
Iteration 3, loss = 0.43325666
Iteration 4, loss = 0.34536209
Iteration 5, loss = 0.27658680
Iteration 6, loss = 0.22327588
Iteration 7, loss = 0.17972996
Iteration 8, loss = 0.14586440
Iteration 9, loss = 0.11987710
Iteration 10, loss = 0.09890100
Iteration 11, loss = 0.08093298
Iteration 12, loss = 0.06719428
Iteration 13, loss = 0.05609436
Iteration 14, loss = 0.04723488
Iteration 15, loss = 0.03985808
Iteration 16, loss = 0.03392499
Iteration 17, loss = 0.02919324
Iteration 18, loss = 0.02538054
Iteration 19, loss = 0.02206781
Iteration 20, loss = 0.01947677
Iteration 21, loss = 0.01716771
Iteration 22, loss = 0.01528449
Iteration 23, loss = 0.01377230
Iteration 24, loss = 0.01235875
Iteration 25, loss = 0.01113970
Iteration 26, loss = 0.01016237
Iteration 27, loss = 0.00931424
Iteration 28, loss = 0.00860032
Iteration 29, loss = 0.00803285
Iteration 30, loss = 0.00752666
Iteration 31, loss = 0.00704606
Iteration 32, loss = 0.00663051
Iteration 33, loss = 0.00626724
Iteration 34, loss = 0.00593476
Iteration 35, loss = 0.00563810
Iteration 36, loss = 0.00537784
Iteration 37, loss = 0.00506899
Iteration 38, loss = 0.00480630
Iteration 39, loss = 0.00463577
Iteration 40, loss = 0.00445013
Iteration 41, loss = 0.00426093
Iteration 42, loss = 0.00408463
Iteration 43, loss = 0.00395082
Iteration 44, loss = 0.00381080
Iteration 45, loss = 0.00366985
Iteration 46, loss = 0.00355122
Iteration 47, loss = 0.00342674
Iteration 48, loss = 0.00331231
Iteration 49, loss = 0.00321036
Iteration 50, loss = 0.00311902
Iteration 51, loss = 0.00302605
Iteration 52, loss = 0.00294869
Iteration 53, loss = 0.00286811
Iteration 54, loss = 0.00281224
Iteration 55, loss = 0.00273590
Iteration 56, loss = 0.00265923
Iteration 57, loss = 0.00258956
Iteration 58, loss = 0.00252279
Iteration 59, loss = 0.00245812
Iteration 60, loss = 0.00239913
Training loss did not improve more than tol=0.000100 for 10 consecutive epochs. Stopping.
fold=2/10 OOF_accuracy=0.900000 OOF_AUC=0.965909
Iteration 1, loss = 0.69854993
Iteration 2, loss = 0.54696052
Iteration 3, loss = 0.43348250
Iteration 4, loss = 0.34642626
Iteration 5, loss = 0.27776221
Iteration 6, loss = 0.22466751
Iteration 7, loss = 0.18148879
Iteration 8, loss = 0.14803950
Iteration 9, loss = 0.12194380
Iteration 10, loss = 0.10106113
Iteration 11, loss = 0.08365332
Iteration 12, loss = 0.07001009
Iteration 13, loss = 0.05911880
Iteration 14, loss = 0.05030781
Iteration 15, loss = 0.04283043
Iteration 16, loss = 0.03689354
Iteration 17, loss = 0.03185749
Iteration 18, loss = 0.02767035
Iteration 19, loss = 0.02437422
Iteration 20, loss = 0.02142947
Iteration 21, loss = 0.01902655
Iteration 22, loss = 0.01710147
Iteration 23, loss = 0.01533053
Iteration 24, loss = 0.01378509
Iteration 25, loss = 0.01250923
Iteration 26, loss = 0.01138789
Iteration 27, loss = 0.01040215
Iteration 28, loss = 0.00956603
Iteration 29, loss = 0.00898254
Iteration 30, loss = 0.00834366
Iteration 31, loss = 0.00783869
Iteration 32, loss = 0.00732155
Iteration 33, loss = 0.00691866
Iteration 34, loss = 0.00651504
Iteration 35, loss = 0.00616691
Iteration 36, loss = 0.00584876
Iteration 37, loss = 0.00552457
Iteration 38, loss = 0.00522990
Iteration 39, loss = 0.00503323
Iteration 40, loss = 0.00481303
Iteration 41, loss = 0.00461741
Iteration 42, loss = 0.00442733
Iteration 43, loss = 0.00428875
Iteration 44, loss = 0.00411749
Iteration 45, loss = 0.00395723
Iteration 46, loss = 0.00379885
Iteration 47, loss = 0.00364520
Iteration 48, loss = 0.00350619
Iteration 49, loss = 0.00338959
Iteration 50, loss = 0.00326828
Iteration 51, loss = 0.00315720
Iteration 52, loss = 0.00306406
Iteration 53, loss = 0.00297445
Iteration 54, loss = 0.00288384
Iteration 55, loss = 0.00280670
Iteration 56, loss = 0.00272365
Iteration 57, loss = 0.00264595
Iteration 58, loss = 0.00258082
Iteration 59, loss = 0.00250995
Iteration 60, loss = 0.00244533
Iteration 61, loss = 0.00238056
Iteration 62, loss = 0.00232679
Training loss did not improve more than tol=0.000100 for 10 consecutive epochs. Stopping.
fold=3/10 OOF_accuracy=0.866667 OOF_AUC=0.818182
Iteration 1, loss = 0.67056027
Iteration 2, loss = 0.52764860
Iteration 3, loss = 0.42210144
Iteration 4, loss = 0.34108250
Iteration 5, loss = 0.27682019
Iteration 6, loss = 0.22799648
Iteration 7, loss = 0.18669086
Iteration 8, loss = 0.15402967
Iteration 9, loss = 0.12803345
Iteration 10, loss = 0.10704414
Iteration 11, loss = 0.08937758
Iteration 12, loss = 0.07518860
Iteration 13, loss = 0.06403301
Iteration 14, loss = 0.05425728
Iteration 15, loss = 0.04622356
Iteration 16, loss = 0.03934057
Iteration 17, loss = 0.03424259
Iteration 18, loss = 0.02984179
Iteration 19, loss = 0.02598882
Iteration 20, loss = 0.02294820
Iteration 21, loss = 0.02053280
Iteration 22, loss = 0.01837568
Iteration 23, loss = 0.01654707
Iteration 24, loss = 0.01505660
Iteration 25, loss = 0.01371206
Iteration 26, loss = 0.01270089
Iteration 27, loss = 0.01164855
Iteration 28, loss = 0.01082978
Iteration 29, loss = 0.01013673
Iteration 30, loss = 0.00950082
Iteration 31, loss = 0.00894532
Iteration 32, loss = 0.00838207
Iteration 33, loss = 0.00795603
Iteration 34, loss = 0.00757830
Iteration 35, loss = 0.00717873
Iteration 36, loss = 0.00685463
Iteration 37, loss = 0.00654192
Iteration 38, loss = 0.00623162
Iteration 39, loss = 0.00596918
Iteration 40, loss = 0.00573087
Iteration 41, loss = 0.00549180
Iteration 42, loss = 0.00529106
Iteration 43, loss = 0.00509996
Iteration 44, loss = 0.00490946
Iteration 45, loss = 0.00475444
Iteration 46, loss = 0.00464791
Iteration 47, loss = 0.00448151
Iteration 48, loss = 0.00433890
Iteration 49, loss = 0.00420743
Iteration 50, loss = 0.00408089
Iteration 51, loss = 0.00396122
Iteration 52, loss = 0.00385157
Iteration 53, loss = 0.00375763
Iteration 54, loss = 0.00365272
Iteration 55, loss = 0.00354138
Iteration 56, loss = 0.00345801
Iteration 57, loss = 0.00334741
Iteration 58, loss = 0.00326602
Iteration 59, loss = 0.00317910
Iteration 60, loss = 0.00309648
Iteration 61, loss = 0.00302270
Iteration 62, loss = 0.00295011
Iteration 63, loss = 0.00287886
Iteration 64, loss = 0.00281138
Iteration 65, loss = 0.00274238
Iteration 66, loss = 0.00268431
Iteration 67, loss = 0.00262308
Iteration 68, loss = 0.00256699
Training loss did not improve more than tol=0.000100 for 10 consecutive epochs. Stopping.
fold=4/10 OOF_accuracy=0.900000 OOF_AUC=0.829545
Iteration 1, loss = 0.67922980
Iteration 2, loss = 0.53160213
Iteration 3, loss = 0.42116757
Iteration 4, loss = 0.33378594
Iteration 5, loss = 0.26527334
Iteration 6, loss = 0.21411292
Iteration 7, loss = 0.17217534
Iteration 8, loss = 0.13961856
Iteration 9, loss = 0.11437144
Iteration 10, loss = 0.09438946
Iteration 11, loss = 0.07843228
Iteration 12, loss = 0.06579197
Iteration 13, loss = 0.05600974
Iteration 14, loss = 0.04787765
Iteration 15, loss = 0.04127604
Iteration 16, loss = 0.03579297
Iteration 17, loss = 0.03154203
Iteration 18, loss = 0.02806281
Iteration 19, loss = 0.02497287
Iteration 20, loss = 0.02278749
Iteration 21, loss = 0.02083484
Iteration 22, loss = 0.01914028
Iteration 23, loss = 0.01763464
Iteration 24, loss = 0.01635118
Iteration 25, loss = 0.01509925
Iteration 26, loss = 0.01407001
Iteration 27, loss = 0.01296713
Iteration 28, loss = 0.01214266
Iteration 29, loss = 0.01147829
Iteration 30, loss = 0.01082333
Iteration 31, loss = 0.01024549
Iteration 32, loss = 0.00969900
Iteration 33, loss = 0.00922367
Iteration 34, loss = 0.00879389
Iteration 35, loss = 0.00837405
Iteration 36, loss = 0.00799831
Iteration 37, loss = 0.00766130
Iteration 38, loss = 0.00732478
Iteration 39, loss = 0.00705922
Iteration 40, loss = 0.00678189
Iteration 41, loss = 0.00652871
Iteration 42, loss = 0.00628030
Iteration 43, loss = 0.00606371
Iteration 44, loss = 0.00585941
Iteration 45, loss = 0.00567952
Iteration 46, loss = 0.00555366
Iteration 47, loss = 0.00537048
Iteration 48, loss = 0.00517309
Iteration 49, loss = 0.00502260
Iteration 50, loss = 0.00488788
Iteration 51, loss = 0.00474909
Iteration 52, loss = 0.00462419
Iteration 53, loss = 0.00451684
Iteration 54, loss = 0.00438772
Iteration 55, loss = 0.00423556
Iteration 56, loss = 0.00414320
Iteration 57, loss = 0.00400678
Iteration 58, loss = 0.00391404
Iteration 59, loss = 0.00381036
Iteration 60, loss = 0.00371203
Iteration 61, loss = 0.00362898
Iteration 62, loss = 0.00353820
Iteration 63, loss = 0.00345862
Iteration 64, loss = 0.00338116
Iteration 65, loss = 0.00329714
Iteration 66, loss = 0.00323622
Iteration 67, loss = 0.00316232
Iteration 68, loss = 0.00309283
Iteration 69, loss = 0.00302565
Iteration 70, loss = 0.00297124
Training loss did not improve more than tol=0.000100 for 10 consecutive epochs. Stopping.
fold=5/10 OOF_accuracy=0.933333 OOF_AUC=0.965909
Iteration 1, loss = 0.68633068
Iteration 2, loss = 0.53638319
Iteration 3, loss = 0.42493087
Iteration 4, loss = 0.33929575
Iteration 5, loss = 0.27121071
Iteration 6, loss = 0.21977312
Iteration 7, loss = 0.17783833
Iteration 8, loss = 0.14477059
Iteration 9, loss = 0.11922928
Iteration 10, loss = 0.09903090
Iteration 11, loss = 0.08207400
Iteration 12, loss = 0.06920448
Iteration 13, loss = 0.05861335
Iteration 14, loss = 0.04991051
Iteration 15, loss = 0.04286230
Iteration 16, loss = 0.03673812
Iteration 17, loss = 0.03203050
Iteration 18, loss = 0.02792365
Iteration 19, loss = 0.02463432
Iteration 20, loss = 0.02168718
Iteration 21, loss = 0.01942975
Iteration 22, loss = 0.01723301
Iteration 23, loss = 0.01554498
Iteration 24, loss = 0.01412353
Iteration 25, loss = 0.01287328
Iteration 26, loss = 0.01177522
Iteration 27, loss = 0.01098374
Iteration 28, loss = 0.01021921
Iteration 29, loss = 0.00953560
Iteration 30, loss = 0.00892424
Iteration 31, loss = 0.00841898
Iteration 32, loss = 0.00792131
Iteration 33, loss = 0.00756183
Iteration 34, loss = 0.00717666
Iteration 35, loss = 0.00684396
Iteration 36, loss = 0.00653569
Iteration 37, loss = 0.00624421
Iteration 38, loss = 0.00598789
Iteration 39, loss = 0.00574984
Iteration 40, loss = 0.00548687
Iteration 41, loss = 0.00529488
Iteration 42, loss = 0.00507349
Iteration 43, loss = 0.00487445
Iteration 44, loss = 0.00467468
Iteration 45, loss = 0.00454188
Iteration 46, loss = 0.00437722
Iteration 47, loss = 0.00422446
Iteration 48, loss = 0.00407928
Iteration 49, loss = 0.00394612
Iteration 50, loss = 0.00382093
Iteration 51, loss = 0.00370076
Iteration 52, loss = 0.00359165
Iteration 53, loss = 0.00347744
Iteration 54, loss = 0.00337767
Iteration 55, loss = 0.00328400
Iteration 56, loss = 0.00318677
Iteration 57, loss = 0.00308846
Iteration 58, loss = 0.00301729
Iteration 59, loss = 0.00292447
Iteration 60, loss = 0.00286181
Iteration 61, loss = 0.00277957
Iteration 62, loss = 0.00272651
Iteration 63, loss = 0.00266393
Iteration 64, loss = 0.00260674
Training loss did not improve more than tol=0.000100 for 10 consecutive epochs. Stopping.
fold=6/10 OOF_accuracy=0.933333 OOF_AUC=0.960227
Iteration 1, loss = 0.69907996
Iteration 2, loss = 0.55376729
Iteration 3, loss = 0.43822305
Iteration 4, loss = 0.34736888
Iteration 5, loss = 0.27567376
Iteration 6, loss = 0.21960396
Iteration 7, loss = 0.17460119
Iteration 8, loss = 0.13873345
Iteration 9, loss = 0.11191955
Iteration 10, loss = 0.09061324
Iteration 11, loss = 0.07346895
Iteration 12, loss = 0.06022326
Iteration 13, loss = 0.04931519
Iteration 14, loss = 0.04086557
Iteration 15, loss = 0.03420647
Iteration 16, loss = 0.02862644
Iteration 17, loss = 0.02438032
Iteration 18, loss = 0.02099726
Iteration 19, loss = 0.01827339
Iteration 20, loss = 0.01601991
Iteration 21, loss = 0.01428173
Iteration 22, loss = 0.01268950
Iteration 23, loss = 0.01143973
Iteration 24, loss = 0.01040788
Iteration 25, loss = 0.00943088
Iteration 26, loss = 0.00871298
Iteration 27, loss = 0.00804274
Iteration 28, loss = 0.00748014
Iteration 29, loss = 0.00698234
Iteration 30, loss = 0.00651734
Iteration 31, loss = 0.00614046
Iteration 32, loss = 0.00579409
Iteration 33, loss = 0.00546964
Iteration 34, loss = 0.00519671
Iteration 35, loss = 0.00493534
Iteration 36, loss = 0.00471425
Iteration 37, loss = 0.00449782
Iteration 38, loss = 0.00431758
Iteration 39, loss = 0.00412908
Iteration 40, loss = 0.00397365
Iteration 41, loss = 0.00383077
Iteration 42, loss = 0.00367794
Iteration 43, loss = 0.00354810
Iteration 44, loss = 0.00341679
Iteration 45, loss = 0.00330934
Iteration 46, loss = 0.00320442
Iteration 47, loss = 0.00310074
Iteration 48, loss = 0.00300586
Iteration 49, loss = 0.00292210
Iteration 50, loss = 0.00283656
Iteration 51, loss = 0.00275441
Iteration 52, loss = 0.00268432
Iteration 53, loss = 0.00260848
Iteration 54, loss = 0.00253974
Iteration 55, loss = 0.00247465
Iteration 56, loss = 0.00241213
Iteration 57, loss = 0.00235044
Iteration 58, loss = 0.00229368
Training loss did not improve more than tol=0.000100 for 10 consecutive epochs. Stopping.
fold=7/10 OOF_accuracy=0.866667 OOF_AUC=0.943182
Iteration 1, loss = 0.69986768
Iteration 2, loss = 0.55003186
Iteration 3, loss = 0.43422087
Iteration 4, loss = 0.34533643
Iteration 5, loss = 0.27350621
Iteration 6, loss = 0.21864167
Iteration 7, loss = 0.17408633
Iteration 8, loss = 0.13919878
Iteration 9, loss = 0.11249728
Iteration 10, loss = 0.09096341
Iteration 11, loss = 0.07343060
Iteration 12, loss = 0.05988719
Iteration 13, loss = 0.04879075
Iteration 14, loss = 0.04034987
Iteration 15, loss = 0.03337461
Iteration 16, loss = 0.02763233
Iteration 17, loss = 0.02341394
Iteration 18, loss = 0.01984785
Iteration 19, loss = 0.01713185
Iteration 20, loss = 0.01484769
Iteration 21, loss = 0.01305222
Iteration 22, loss = 0.01156184
Iteration 23, loss = 0.01028713
Iteration 24, loss = 0.00928843
Iteration 25, loss = 0.00839479
Iteration 26, loss = 0.00765272
Iteration 27, loss = 0.00700128
Iteration 28, loss = 0.00644436
Iteration 29, loss = 0.00597725
Iteration 30, loss = 0.00560292
Iteration 31, loss = 0.00525468
Iteration 32, loss = 0.00493077
Iteration 33, loss = 0.00467187
Iteration 34, loss = 0.00444002
Iteration 35, loss = 0.00421329
Iteration 36, loss = 0.00403015
Iteration 37, loss = 0.00385509
Iteration 38, loss = 0.00369695
Iteration 39, loss = 0.00355558
Iteration 40, loss = 0.00341631
Iteration 41, loss = 0.00328954
Iteration 42, loss = 0.00317813
Iteration 43, loss = 0.00307347
Iteration 44, loss = 0.00296504
Iteration 45, loss = 0.00286240
Iteration 46, loss = 0.00277794
Iteration 47, loss = 0.00269220
Iteration 48, loss = 0.00260866
Iteration 49, loss = 0.00253165
Iteration 50, loss = 0.00246075
Iteration 51, loss = 0.00239127
Iteration 52, loss = 0.00232689
Iteration 53, loss = 0.00226545
Iteration 54, loss = 0.00221015
Iteration 55, loss = 0.00215375
Iteration 56, loss = 0.00210573
Training loss did not improve more than tol=0.000100 for 10 consecutive epochs. Stopping.
fold=8/10 OOF_accuracy=0.733333 OOF_AUC=0.732955
Iteration 1, loss = 0.68090378
Iteration 2, loss = 0.53055902
Iteration 3, loss = 0.41940386
Iteration 4, loss = 0.33300320
Iteration 5, loss = 0.26510551
Iteration 6, loss = 0.21384199
Iteration 7, loss = 0.17183972
Iteration 8, loss = 0.13917661
Iteration 9, loss = 0.11464770
Iteration 10, loss = 0.09489732
Iteration 11, loss = 0.07869412
Iteration 12, loss = 0.06597393
Iteration 13, loss = 0.05619395
Iteration 14, loss = 0.04783055
Iteration 15, loss = 0.04103323
Iteration 16, loss = 0.03548760
Iteration 17, loss = 0.03076170
Iteration 18, loss = 0.02683360
Iteration 19, loss = 0.02359991
Iteration 20, loss = 0.02061039
Iteration 21, loss = 0.01810649
Iteration 22, loss = 0.01625365
Iteration 23, loss = 0.01443622
Iteration 24, loss = 0.01300613
Iteration 25, loss = 0.01190508
Iteration 26, loss = 0.01092704
Iteration 27, loss = 0.01006182
Iteration 28, loss = 0.00930983
Iteration 29, loss = 0.00869838
Iteration 30, loss = 0.00815525
Iteration 31, loss = 0.00770943
Iteration 32, loss = 0.00723235
Iteration 33, loss = 0.00687897
Iteration 34, loss = 0.00649727
Iteration 35, loss = 0.00620036
Iteration 36, loss = 0.00589950
Iteration 37, loss = 0.00566166
Iteration 38, loss = 0.00540181
Iteration 39, loss = 0.00517997
Iteration 40, loss = 0.00497008
Iteration 41, loss = 0.00476647
Iteration 42, loss = 0.00461439
Iteration 43, loss = 0.00445792
Iteration 44, loss = 0.00430117
Iteration 45, loss = 0.00417569
Iteration 46, loss = 0.00404487
Iteration 47, loss = 0.00392074
Iteration 48, loss = 0.00381670
Iteration 49, loss = 0.00369034
Iteration 50, loss = 0.00360145
Iteration 51, loss = 0.00348534
Iteration 52, loss = 0.00338740
Iteration 53, loss = 0.00329870
Iteration 54, loss = 0.00320136
Iteration 55, loss = 0.00311647
Iteration 56, loss = 0.00304204
Iteration 57, loss = 0.00296307
Iteration 58, loss = 0.00289888
Iteration 59, loss = 0.00283405
Iteration 60, loss = 0.00277464
Iteration 61, loss = 0.00271386
Iteration 62, loss = 0.00264998
Training loss did not improve more than tol=0.000100 for 10 consecutive epochs. Stopping.
fold=9/10 OOF_accuracy=0.800000 OOF_AUC=0.857955
Iteration 1, loss = 0.66194774
Iteration 2, loss = 0.51784930
Iteration 3, loss = 0.40984672
Iteration 4, loss = 0.32735867
Iteration 5, loss = 0.26171107
Iteration 6, loss = 0.21231466
Iteration 7, loss = 0.17151366
Iteration 8, loss = 0.13988394
Iteration 9, loss = 0.11461391
Iteration 10, loss = 0.09493628
Iteration 11, loss = 0.07805686
Iteration 12, loss = 0.06475888
Iteration 13, loss = 0.05425900
Iteration 14, loss = 0.04537606
Iteration 15, loss = 0.03805781
Iteration 16, loss = 0.03231247
Iteration 17, loss = 0.02766270
Iteration 18, loss = 0.02379655
Iteration 19, loss = 0.02048964
Iteration 20, loss = 0.01801037
Iteration 21, loss = 0.01575920
Iteration 22, loss = 0.01394391
Iteration 23, loss = 0.01239071
Iteration 24, loss = 0.01116263
Iteration 25, loss = 0.01009176
Iteration 26, loss = 0.00927118
Iteration 27, loss = 0.00847133
Iteration 28, loss = 0.00783808
Iteration 29, loss = 0.00725410
Iteration 30, loss = 0.00679018
Iteration 31, loss = 0.00635573
Iteration 32, loss = 0.00597179
Iteration 33, loss = 0.00563484
Iteration 34, loss = 0.00532076
Iteration 35, loss = 0.00505608
Iteration 36, loss = 0.00480946
Iteration 37, loss = 0.00458792
Iteration 38, loss = 0.00437667
Iteration 39, loss = 0.00419612
Iteration 40, loss = 0.00402659
Iteration 41, loss = 0.00387560
Iteration 42, loss = 0.00373292
Iteration 43, loss = 0.00359888
Iteration 44, loss = 0.00346730
Iteration 45, loss = 0.00335622
Iteration 46, loss = 0.00323892
Iteration 47, loss = 0.00313993
Iteration 48, loss = 0.00303736
Iteration 49, loss = 0.00293943
Iteration 50, loss = 0.00285478
Iteration 51, loss = 0.00276608
Iteration 52, loss = 0.00268543
Iteration 53, loss = 0.00260860
Iteration 54, loss = 0.00252743
Iteration 55, loss = 0.00246467
Iteration 56, loss = 0.00239460
Iteration 57, loss = 0.00232548
Iteration 58, loss = 0.00226883
Iteration 59, loss = 0.00221043
Training loss did not improve more than tol=0.000100 for 10 consecutive epochs. Stopping.
fold=10/10 OOF_accuracy=0.800000 OOF_AUC=0.777778
Iteration 1, loss = 0.68781287
Iteration 2, loss = 0.53744562
Iteration 3, loss = 0.42377848
Iteration 4, loss = 0.33831343
Iteration 5, loss = 0.27102518
Iteration 6, loss = 0.21874367
Iteration 7, loss = 0.17870953
Iteration 8, loss = 0.14497041
Iteration 9, loss = 0.11971899
Iteration 10, loss = 0.09961367
Iteration 11, loss = 0.08328464
Iteration 12, loss = 0.06991675
Iteration 13, loss = 0.05960414
Iteration 14, loss = 0.05058740
Iteration 15, loss = 0.04329031
Iteration 16, loss = 0.03742051
Iteration 17, loss = 0.03277917
Iteration 18, loss = 0.02878877
Iteration 19, loss = 0.02556737
Iteration 20, loss = 0.02291555
Iteration 21, loss = 0.02058426
Iteration 22, loss = 0.01881520
Iteration 23, loss = 0.01724040
Iteration 24, loss = 0.01585166
Iteration 25, loss = 0.01465330
Iteration 26, loss = 0.01355684
Iteration 27, loss = 0.01257795
Iteration 28, loss = 0.01179819
Iteration 29, loss = 0.01108195
Iteration 30, loss = 0.01045386
Iteration 31, loss = 0.00988348
Iteration 32, loss = 0.00936457
Iteration 33, loss = 0.00886944
Iteration 34, loss = 0.00841891
Iteration 35, loss = 0.00800869
Iteration 36, loss = 0.00762625
Iteration 37, loss = 0.00734048
Iteration 38, loss = 0.00701445
Iteration 39, loss = 0.00674008
Iteration 40, loss = 0.00643075
Iteration 41, loss = 0.00622517
Iteration 42, loss = 0.00598402
Iteration 43, loss = 0.00574360
Iteration 44, loss = 0.00552516
Iteration 45, loss = 0.00537197
Iteration 46, loss = 0.00517414
Iteration 47, loss = 0.00499822
Iteration 48, loss = 0.00483474
Iteration 49, loss = 0.00465449
Iteration 50, loss = 0.00453684
Iteration 51, loss = 0.00438357
Iteration 52, loss = 0.00426355
Iteration 53, loss = 0.00416304
Iteration 54, loss = 0.00405408
Iteration 55, loss = 0.00393465
Iteration 56, loss = 0.00383357
Iteration 57, loss = 0.00372953
Iteration 58, loss = 0.00362286
Iteration 59, loss = 0.00352958
Iteration 60, loss = 0.00348140
Iteration 61, loss = 0.00336577
Iteration 62, loss = 0.00329729
Iteration 63, loss = 0.00322046
Iteration 64, loss = 0.00314160
Iteration 65, loss = 0.00306424
Iteration 66, loss = 0.00299228
Iteration 67, loss = 0.00292628
Iteration 68, loss = 0.00286637
Iteration 69, loss = 0.00281556
Iteration 70, loss = 0.00275991
Iteration 71, loss = 0.00272547
Iteration 72, loss = 0.00267783
Training loss did not improve more than tol=0.000100 for 10 consecutive epochs. Stopping.
{"cv_oof": {"accuracy": 0.85, "balanced_accuracy": 0.8116861153390833, "sensitivity": 0.7283950617283951, "specificity": 0.8949771689497716, "f1_macro": 0.8104757759964061, "roc_auc": 0.8620553582501832, "confusion_matrix": [[196, 23], [22, 59]], "classification_report": {"0": {"precision": 0.8990825688073395, "recall": 0.8949771689497716, "f1-score": 0.897025171624714, "support": 219.0}, "1": {"precision": 0.7195121951219512, "recall": 0.7283950617283951, "f1-score": 0.7239263803680982, "support": 81.0}, "accuracy": 0.85, "macro avg": {"precision": 0.8092973819646454, "recall": 0.8116861153390833, "f1-score": 0.8104757759964061, "support": 300.0}, "weighted avg": {"precision": 0.8505985679122847, "recall": 0.85, "f1-score": 0.8502884979854277, "support": 300.0}}}, "test": {"accuracy": 0.7922077922077922, "balanced_accuracy": 0.7380952380952381, "sensitivity": 0.6190476190476191, "specificity": 0.8571428571428571, "f1_macro": 0.7380952380952381, "roc_auc": 0.8384353741496599, "confusion_matrix": [[48, 8], [8, 13]], "classification_report": {"0": {"precision": 0.8571428571428571, "recall": 0.8571428571428571, "f1-score": 0.8571428571428571, "support": 56.0}, "1": {"precision": 0.6190476190476191, "recall": 0.6190476190476191, "f1-score": 0.6190476190476191, "support": 21.0}, "accuracy": 0.7922077922077922, "macro avg": {"precision": 0.7380952380952381, "recall": 0.7380952380952381, "f1-score": 0.7380952380952381, "support": 77.0}, "weighted avg": {"precision": 0.7922077922077922, "recall": 0.7922077922077922, "f1-score": 0.7922077922077922, "support": 77.0}}}, "folds": 10, "original_train_rows": 300, "train_rows": 300, "test_rows": 77, "elapsed_seconds": 1.047000000020489}
