Command: ["C:\\Users\\IHCK\\AppData\\Local\\Programs\\Python\\Python312\\python.exe", "-u", "C:\\Users\\IHCK\\Desktop\\1_10_69Final\\Hippocampal-Shape-Analysis-for-Epilepsy-Detection\\Model\\train_dataset_model.py", "--dataset", "plsda_latent_features", "--side", "left", "--model", "SqueezeNet", "--kind", "latent", "--train-csv", "C:\\Users\\IHCK\\Desktop\\1_10_69Final\\Hippocampal-Shape-Analysis-for-Epilepsy-Detection\\Output_Dataset\\plsda_latent_features\\left\\train_plsda_latent_features.csv", "--test-csv", "C:\\Users\\IHCK\\Desktop\\1_10_69Final\\Hippocampal-Shape-Analysis-for-Epilepsy-Detection\\Output_Dataset\\plsda_latent_features\\left\\test_plsda_latent_features.csv", "--output-dir", "C:\\Users\\IHCK\\Desktop\\1_10_69Final\\Hippocampal-Shape-Analysis-for-Epilepsy-Detection\\Model_Results\\dataset_runs_20261003_10fold\\plsda_latent_features\\left\\SqueezeNet", "--epochs", "80", "--folds", "10", "--pls-components", "8", "--seed", "42", "--threads", "2"]
10-fold CV: dataset=plsda_latent_features side=left model=SqueezeNet; original_train=300 test=73
Device=cuda; epochs=80; batch=32; model=SqueezeNet1D
epoch=1/80 loss=0.883555 seconds=0.39
epoch=2/80 loss=0.881604 seconds=0.02
epoch=3/80 loss=0.879446 seconds=0.05
epoch=4/80 loss=0.868361 seconds=0.03
epoch=5/80 loss=0.831147 seconds=0.03
epoch=6/80 loss=0.739933 seconds=0.03
epoch=7/80 loss=0.549402 seconds=0.03
epoch=8/80 loss=0.340773 seconds=0.05
epoch=9/80 loss=0.211731 seconds=0.05
epoch=10/80 loss=0.134621 seconds=0.05
epoch=11/80 loss=0.122165 seconds=0.03
epoch=12/80 loss=0.114905 seconds=0.03
epoch=13/80 loss=0.100500 seconds=0.03
epoch=14/80 loss=0.107150 seconds=0.06
epoch=15/80 loss=0.092014 seconds=0.05
epoch=16/80 loss=0.085381 seconds=0.03
epoch=17/80 loss=0.080739 seconds=0.03
epoch=18/80 loss=0.086837 seconds=0.05
epoch=19/80 loss=0.096479 seconds=0.03
epoch=20/80 loss=0.093411 seconds=0.03
epoch=21/80 loss=0.058082 seconds=0.03
epoch=22/80 loss=0.062634 seconds=0.03
epoch=23/80 loss=0.051536 seconds=0.02
epoch=24/80 loss=0.061207 seconds=0.02
epoch=25/80 loss=0.075813 seconds=0.03
epoch=26/80 loss=0.079801 seconds=0.03
epoch=27/80 loss=0.055384 seconds=0.03
epoch=28/80 loss=0.070096 seconds=0.03
epoch=29/80 loss=0.062020 seconds=0.03
epoch=30/80 loss=0.045883 seconds=0.03
epoch=31/80 loss=0.059615 seconds=0.05
epoch=32/80 loss=0.046696 seconds=0.03
epoch=33/80 loss=0.066780 seconds=0.03
epoch=34/80 loss=0.041041 seconds=0.05
epoch=35/80 loss=0.073659 seconds=0.03
epoch=36/80 loss=0.066501 seconds=0.03
epoch=37/80 loss=0.041053 seconds=0.03
epoch=38/80 loss=0.059204 seconds=0.03
epoch=39/80 loss=0.074481 seconds=0.03
epoch=40/80 loss=0.051508 seconds=0.03
epoch=41/80 loss=0.046534 seconds=0.03
epoch=42/80 loss=0.040173 seconds=0.03
epoch=43/80 loss=0.044336 seconds=0.05
epoch=44/80 loss=0.036206 seconds=0.03
epoch=45/80 loss=0.045974 seconds=0.03
epoch=46/80 loss=0.039167 seconds=0.03
epoch=47/80 loss=0.057709 seconds=0.03
epoch=48/80 loss=0.035673 seconds=0.03
epoch=49/80 loss=0.035567 seconds=0.05
epoch=50/80 loss=0.040990 seconds=0.03
epoch=51/80 loss=0.069282 seconds=0.03
epoch=52/80 loss=0.036343 seconds=0.03
epoch=53/80 loss=0.027162 seconds=0.03
epoch=54/80 loss=0.020520 seconds=0.03
epoch=55/80 loss=0.036381 seconds=0.05
epoch=56/80 loss=0.028300 seconds=0.03
epoch=57/80 loss=0.038895 seconds=0.03
epoch=58/80 loss=0.027504 seconds=0.05
epoch=59/80 loss=0.040944 seconds=0.02
epoch=60/80 loss=0.044353 seconds=0.03
epoch=61/80 loss=0.027966 seconds=0.03
epoch=62/80 loss=0.051874 seconds=0.03
epoch=63/80 loss=0.042941 seconds=0.03
epoch=64/80 loss=0.029852 seconds=0.03
epoch=65/80 loss=0.020400 seconds=0.05
epoch=66/80 loss=0.064684 seconds=0.03
epoch=67/80 loss=0.053406 seconds=0.03
epoch=68/80 loss=0.029093 seconds=0.03
epoch=69/80 loss=0.050996 seconds=0.03
epoch=70/80 loss=0.024077 seconds=0.03
epoch=71/80 loss=0.015108 seconds=0.03
epoch=72/80 loss=0.019101 seconds=0.03
epoch=73/80 loss=0.029525 seconds=0.03
epoch=74/80 loss=0.025604 seconds=0.03
epoch=75/80 loss=0.032148 seconds=0.05
epoch=76/80 loss=0.031202 seconds=0.03
epoch=77/80 loss=0.025818 seconds=0.03
epoch=78/80 loss=0.054947 seconds=0.05
epoch=79/80 loss=0.035108 seconds=0.05
epoch=80/80 loss=0.045701 seconds=0.03
fold=1/10 OOF_accuracy=0.766667 OOF_AUC=0.790000
Device=cuda; epochs=80; batch=32; model=SqueezeNet1D
epoch=1/80 loss=0.883550 seconds=0.03
epoch=2/80 loss=0.881722 seconds=0.03
epoch=3/80 loss=0.879762 seconds=0.03
epoch=4/80 loss=0.869808 seconds=0.03
epoch=5/80 loss=0.837858 seconds=0.03
epoch=6/80 loss=0.754066 seconds=0.05
epoch=7/80 loss=0.583844 seconds=0.03
epoch=8/80 loss=0.348717 seconds=0.03
epoch=9/80 loss=0.208656 seconds=0.03
epoch=10/80 loss=0.159115 seconds=0.03
epoch=11/80 loss=0.117110 seconds=0.03
epoch=12/80 loss=0.103814 seconds=0.05
epoch=13/80 loss=0.110589 seconds=0.05
epoch=14/80 loss=0.095472 seconds=0.03
epoch=15/80 loss=0.082054 seconds=0.03
epoch=16/80 loss=0.073401 seconds=0.03
epoch=17/80 loss=0.066737 seconds=0.03
epoch=18/80 loss=0.085056 seconds=0.03
epoch=19/80 loss=0.082573 seconds=0.03
epoch=20/80 loss=0.058327 seconds=0.05
epoch=21/80 loss=0.063281 seconds=0.03
epoch=22/80 loss=0.047847 seconds=0.03
epoch=23/80 loss=0.051119 seconds=0.05
epoch=24/80 loss=0.051067 seconds=0.03
epoch=25/80 loss=0.045454 seconds=0.03
epoch=26/80 loss=0.034241 seconds=0.05
epoch=27/80 loss=0.044058 seconds=0.03
epoch=28/80 loss=0.050929 seconds=0.03
epoch=29/80 loss=0.048829 seconds=0.03
epoch=30/80 loss=0.034773 seconds=0.03
epoch=31/80 loss=0.043314 seconds=0.05
epoch=32/80 loss=0.064324 seconds=0.03
epoch=33/80 loss=0.039010 seconds=0.03
epoch=34/80 loss=0.037355 seconds=0.03
epoch=35/80 loss=0.054213 seconds=0.03
epoch=36/80 loss=0.030218 seconds=0.03
epoch=37/80 loss=0.030980 seconds=0.03
epoch=38/80 loss=0.029879 seconds=0.03
epoch=39/80 loss=0.041951 seconds=0.03
epoch=40/80 loss=0.051771 seconds=0.03
epoch=41/80 loss=0.031911 seconds=0.05
epoch=42/80 loss=0.055601 seconds=0.02
epoch=43/80 loss=0.051746 seconds=0.05
epoch=44/80 loss=0.032918 seconds=0.03
epoch=45/80 loss=0.023025 seconds=0.03
epoch=46/80 loss=0.022150 seconds=0.03
epoch=47/80 loss=0.020234 seconds=0.05
epoch=48/80 loss=0.017592 seconds=0.05
epoch=49/80 loss=0.033371 seconds=0.05
epoch=50/80 loss=0.026765 seconds=0.02
epoch=51/80 loss=0.041680 seconds=0.03
epoch=52/80 loss=0.078533 seconds=0.03
epoch=53/80 loss=0.043820 seconds=0.03
epoch=54/80 loss=0.020571 seconds=0.03
epoch=55/80 loss=0.013459 seconds=0.05
epoch=56/80 loss=0.019913 seconds=0.03
epoch=57/80 loss=0.027851 seconds=0.03
epoch=58/80 loss=0.036658 seconds=0.03
epoch=59/80 loss=0.015209 seconds=0.05
epoch=60/80 loss=0.025160 seconds=0.05
epoch=61/80 loss=0.017848 seconds=0.03
epoch=62/80 loss=0.026507 seconds=0.03
epoch=63/80 loss=0.014502 seconds=0.03
epoch=64/80 loss=0.024939 seconds=0.03
epoch=65/80 loss=0.019686 seconds=0.02
epoch=66/80 loss=0.013684 seconds=0.03
epoch=67/80 loss=0.028387 seconds=0.03
epoch=68/80 loss=0.012759 seconds=0.05
epoch=69/80 loss=0.011842 seconds=0.03
epoch=70/80 loss=0.018540 seconds=0.03
epoch=71/80 loss=0.009026 seconds=0.03
epoch=72/80 loss=0.014631 seconds=0.03
epoch=73/80 loss=0.009326 seconds=0.03
epoch=74/80 loss=0.011921 seconds=0.03
epoch=75/80 loss=0.017871 seconds=0.03
epoch=76/80 loss=0.006812 seconds=0.03
epoch=77/80 loss=0.011834 seconds=0.05
epoch=78/80 loss=0.023944 seconds=0.05
epoch=79/80 loss=0.028555 seconds=0.03
epoch=80/80 loss=0.042197 seconds=0.03
fold=2/10 OOF_accuracy=0.666667 OOF_AUC=0.670000
Device=cuda; epochs=80; batch=32; model=SqueezeNet1D
epoch=1/80 loss=0.889056 seconds=0.03
epoch=2/80 loss=0.887882 seconds=0.05
epoch=3/80 loss=0.887928 seconds=0.03
epoch=4/80 loss=0.885692 seconds=0.03
epoch=5/80 loss=0.882299 seconds=0.03
epoch=6/80 loss=0.870851 seconds=0.02
epoch=7/80 loss=0.840431 seconds=0.05
epoch=8/80 loss=0.783511 seconds=0.03
epoch=9/80 loss=0.708648 seconds=0.03
epoch=10/80 loss=0.622337 seconds=0.03
epoch=11/80 loss=0.593580 seconds=0.03
epoch=12/80 loss=0.541745 seconds=0.03
epoch=13/80 loss=0.519361 seconds=0.03
epoch=14/80 loss=0.493100 seconds=0.03
epoch=15/80 loss=0.498385 seconds=0.03
epoch=16/80 loss=0.463861 seconds=0.03
epoch=17/80 loss=0.456414 seconds=0.03
epoch=18/80 loss=0.461532 seconds=0.03
epoch=19/80 loss=0.440628 seconds=0.03
epoch=20/80 loss=0.420690 seconds=0.03
epoch=21/80 loss=0.408288 seconds=0.03
epoch=22/80 loss=0.401079 seconds=0.03
epoch=23/80 loss=0.381255 seconds=0.03
epoch=24/80 loss=0.376462 seconds=0.03
epoch=25/80 loss=0.365250 seconds=0.03
epoch=26/80 loss=0.348740 seconds=0.03
epoch=27/80 loss=0.386945 seconds=0.03
epoch=28/80 loss=0.354751 seconds=0.03
epoch=29/80 loss=0.393938 seconds=0.03
epoch=30/80 loss=0.395069 seconds=0.03
epoch=31/80 loss=0.437469 seconds=0.05
epoch=32/80 loss=0.358693 seconds=0.03
epoch=33/80 loss=0.308798 seconds=0.03
epoch=34/80 loss=0.319715 seconds=0.03
epoch=35/80 loss=0.302050 seconds=0.03
epoch=36/80 loss=0.284809 seconds=0.05
epoch=37/80 loss=0.279773 seconds=0.03
epoch=38/80 loss=0.262187 seconds=0.03
epoch=39/80 loss=0.264043 seconds=0.03
epoch=40/80 loss=0.284166 seconds=0.03
epoch=41/80 loss=0.319108 seconds=0.03
epoch=42/80 loss=0.262459 seconds=0.03
epoch=43/80 loss=0.252722 seconds=0.05
epoch=44/80 loss=0.259956 seconds=0.03
epoch=45/80 loss=0.262949 seconds=0.05
epoch=46/80 loss=0.239582 seconds=0.03
epoch=47/80 loss=0.269185 seconds=0.03
epoch=48/80 loss=0.315217 seconds=0.06
epoch=49/80 loss=0.225228 seconds=0.05
epoch=50/80 loss=0.201214 seconds=0.06
epoch=51/80 loss=0.189808 seconds=0.05
epoch=52/80 loss=0.179413 seconds=0.05
epoch=53/80 loss=0.206242 seconds=0.03
epoch=54/80 loss=0.163972 seconds=0.03
epoch=55/80 loss=0.147724 seconds=0.03
epoch=56/80 loss=0.143662 seconds=0.03
epoch=57/80 loss=0.157348 seconds=0.03
epoch=58/80 loss=0.132384 seconds=0.06
epoch=59/80 loss=0.162966 seconds=0.03
epoch=60/80 loss=0.144876 seconds=0.05
epoch=61/80 loss=0.144696 seconds=0.03
epoch=62/80 loss=0.154974 seconds=0.03
epoch=63/80 loss=0.159093 seconds=0.05
epoch=64/80 loss=0.112273 seconds=0.02
epoch=65/80 loss=0.102365 seconds=0.05
epoch=66/80 loss=0.095744 seconds=0.03
epoch=67/80 loss=0.097364 seconds=0.03
epoch=68/80 loss=0.079010 seconds=0.03
epoch=69/80 loss=0.097358 seconds=0.05
epoch=70/80 loss=0.091629 seconds=0.03
epoch=71/80 loss=0.073401 seconds=0.06
epoch=72/80 loss=0.059460 seconds=0.06
epoch=73/80 loss=0.064833 seconds=0.05
epoch=74/80 loss=0.077811 seconds=0.03
epoch=75/80 loss=0.069387 seconds=0.02
epoch=76/80 loss=0.060149 seconds=0.03
epoch=77/80 loss=0.063406 seconds=0.03
epoch=78/80 loss=0.050320 seconds=0.03
epoch=79/80 loss=0.048364 seconds=0.03
epoch=80/80 loss=0.067520 seconds=0.03
fold=3/10 OOF_accuracy=0.766667 OOF_AUC=0.736842
Device=cuda; epochs=80; batch=32; model=SqueezeNet1D
epoch=1/80 loss=0.889065 seconds=0.03
epoch=2/80 loss=0.887857 seconds=0.03
epoch=3/80 loss=0.887889 seconds=0.03
epoch=4/80 loss=0.885587 seconds=0.03
epoch=5/80 loss=0.881896 seconds=0.03
epoch=6/80 loss=0.871175 seconds=0.05
epoch=7/80 loss=0.841401 seconds=0.03
epoch=8/80 loss=0.787151 seconds=0.03
epoch=9/80 loss=0.713211 seconds=0.03
epoch=10/80 loss=0.644256 seconds=0.03
epoch=11/80 loss=0.594107 seconds=0.03
epoch=12/80 loss=0.558150 seconds=0.03
epoch=13/80 loss=0.539256 seconds=0.03
epoch=14/80 loss=0.517710 seconds=0.03
epoch=15/80 loss=0.535464 seconds=0.05
epoch=16/80 loss=0.476962 seconds=0.03
epoch=17/80 loss=0.479256 seconds=0.03
epoch=18/80 loss=0.485464 seconds=0.03
epoch=19/80 loss=0.454613 seconds=0.03
epoch=20/80 loss=0.430405 seconds=0.05
epoch=21/80 loss=0.421823 seconds=0.03
epoch=22/80 loss=0.431902 seconds=0.05
epoch=23/80 loss=0.401053 seconds=0.03
epoch=24/80 loss=0.370745 seconds=0.02
epoch=25/80 loss=0.379746 seconds=0.03
epoch=26/80 loss=0.355623 seconds=0.03
epoch=27/80 loss=0.331301 seconds=0.05
epoch=28/80 loss=0.349599 seconds=0.02
epoch=29/80 loss=0.305120 seconds=0.05
epoch=30/80 loss=0.294250 seconds=0.03
epoch=31/80 loss=0.311878 seconds=0.02
epoch=32/80 loss=0.265628 seconds=0.03
epoch=33/80 loss=0.258564 seconds=0.03
epoch=34/80 loss=0.252362 seconds=0.03
epoch=35/80 loss=0.235584 seconds=0.03
epoch=36/80 loss=0.211216 seconds=0.03
epoch=37/80 loss=0.215978 seconds=0.05
epoch=38/80 loss=0.248338 seconds=0.05
epoch=39/80 loss=0.168789 seconds=0.03
epoch=40/80 loss=0.197272 seconds=0.03
epoch=41/80 loss=0.242539 seconds=0.03
epoch=42/80 loss=0.175433 seconds=0.03
epoch=43/80 loss=0.190163 seconds=0.03
epoch=44/80 loss=0.242901 seconds=0.03
epoch=45/80 loss=0.202808 seconds=0.03
epoch=46/80 loss=0.162527 seconds=0.03
epoch=47/80 loss=0.159228 seconds=0.03
epoch=48/80 loss=0.150097 seconds=0.05
epoch=49/80 loss=0.145570 seconds=0.03
epoch=50/80 loss=0.137243 seconds=0.03
epoch=51/80 loss=0.146448 seconds=0.03
epoch=52/80 loss=0.122216 seconds=0.03
epoch=53/80 loss=0.105340 seconds=0.03
epoch=54/80 loss=0.150329 seconds=0.03
epoch=55/80 loss=0.113398 seconds=0.03
epoch=56/80 loss=0.113396 seconds=0.03
epoch=57/80 loss=0.112773 seconds=0.03
epoch=58/80 loss=0.098732 seconds=0.03
epoch=59/80 loss=0.107393 seconds=0.03
epoch=60/80 loss=0.146453 seconds=0.02
epoch=61/80 loss=0.138692 seconds=0.03
epoch=62/80 loss=0.108881 seconds=0.03
epoch=63/80 loss=0.109679 seconds=0.03
epoch=64/80 loss=0.103263 seconds=0.03
epoch=65/80 loss=0.080839 seconds=0.03
epoch=66/80 loss=0.080677 seconds=0.03
epoch=67/80 loss=0.088696 seconds=0.03
epoch=68/80 loss=0.082911 seconds=0.03
epoch=69/80 loss=0.097613 seconds=0.03
epoch=70/80 loss=0.072991 seconds=0.03
epoch=71/80 loss=0.078560 seconds=0.03
epoch=72/80 loss=0.091633 seconds=0.03
epoch=73/80 loss=0.068548 seconds=0.03
epoch=74/80 loss=0.064563 seconds=0.03
epoch=75/80 loss=0.073735 seconds=0.03
epoch=76/80 loss=0.119627 seconds=0.05
epoch=77/80 loss=0.066298 seconds=0.02
epoch=78/80 loss=0.051553 seconds=0.03
epoch=79/80 loss=0.068634 seconds=0.03
epoch=80/80 loss=0.054307 seconds=0.03
fold=4/10 OOF_accuracy=0.733333 OOF_AUC=0.779904
Device=cuda; epochs=80; batch=32; model=SqueezeNet1D
epoch=1/80 loss=0.889076 seconds=0.03
epoch=2/80 loss=0.887930 seconds=0.03
epoch=3/80 loss=0.888101 seconds=0.05
epoch=4/80 loss=0.886213 seconds=0.03
epoch=5/80 loss=0.884044 seconds=0.05
epoch=6/80 loss=0.876303 seconds=0.03
epoch=7/80 loss=0.854815 seconds=0.05
epoch=8/80 loss=0.812404 seconds=0.03
epoch=9/80 loss=0.748126 seconds=0.03
epoch=10/80 loss=0.682815 seconds=0.03
epoch=11/80 loss=0.633505 seconds=0.03
epoch=12/80 loss=0.599637 seconds=0.03
epoch=13/80 loss=0.604769 seconds=0.03
epoch=14/80 loss=0.557941 seconds=0.03
epoch=15/80 loss=0.537289 seconds=0.03
epoch=16/80 loss=0.527406 seconds=0.03
epoch=17/80 loss=0.530510 seconds=0.05
epoch=18/80 loss=0.513247 seconds=0.03
epoch=19/80 loss=0.501029 seconds=0.03
epoch=20/80 loss=0.480935 seconds=0.03
epoch=21/80 loss=0.462121 seconds=0.05
epoch=22/80 loss=0.475359 seconds=0.05
epoch=23/80 loss=0.439582 seconds=0.03
epoch=24/80 loss=0.424112 seconds=0.03
epoch=25/80 loss=0.413616 seconds=0.03
epoch=26/80 loss=0.407532 seconds=0.03
epoch=27/80 loss=0.396052 seconds=0.03
epoch=28/80 loss=0.360575 seconds=0.03
epoch=29/80 loss=0.363344 seconds=0.03
epoch=30/80 loss=0.332148 seconds=0.05
epoch=31/80 loss=0.327213 seconds=0.03
epoch=32/80 loss=0.323058 seconds=0.03
epoch=33/80 loss=0.367419 seconds=0.03
epoch=34/80 loss=0.291360 seconds=0.03
epoch=35/80 loss=0.272557 seconds=0.03
epoch=36/80 loss=0.257248 seconds=0.03
epoch=37/80 loss=0.271627 seconds=0.03
epoch=38/80 loss=0.234140 seconds=0.03
epoch=39/80 loss=0.235566 seconds=0.05
epoch=40/80 loss=0.212749 seconds=0.03
epoch=41/80 loss=0.230960 seconds=0.05
epoch=42/80 loss=0.196931 seconds=0.02
epoch=43/80 loss=0.204042 seconds=0.03
epoch=44/80 loss=0.284207 seconds=0.03
epoch=45/80 loss=0.215233 seconds=0.03
epoch=46/80 loss=0.312969 seconds=0.03
epoch=47/80 loss=0.188623 seconds=0.03
epoch=48/80 loss=0.209238 seconds=0.05
epoch=49/80 loss=0.183792 seconds=0.05
epoch=50/80 loss=0.207467 seconds=0.06
epoch=51/80 loss=0.202363 seconds=0.03
epoch=52/80 loss=0.162018 seconds=0.03
epoch=53/80 loss=0.142924 seconds=0.05
epoch=54/80 loss=0.139472 seconds=0.05
epoch=55/80 loss=0.133609 seconds=0.05
epoch=56/80 loss=0.128123 seconds=0.03
epoch=57/80 loss=0.131597 seconds=0.03
epoch=58/80 loss=0.149339 seconds=0.03
epoch=59/80 loss=0.205366 seconds=0.03
epoch=60/80 loss=0.168049 seconds=0.03
epoch=61/80 loss=0.145334 seconds=0.03
epoch=62/80 loss=0.188546 seconds=0.03
epoch=63/80 loss=0.147386 seconds=0.05
epoch=64/80 loss=0.145489 seconds=0.02
epoch=65/80 loss=0.117237 seconds=0.05
epoch=66/80 loss=0.115397 seconds=0.03
epoch=67/80 loss=0.105967 seconds=0.05
epoch=68/80 loss=0.107286 seconds=0.03
epoch=69/80 loss=0.121070 seconds=0.03
epoch=70/80 loss=0.171328 seconds=0.05
epoch=71/80 loss=0.175218 seconds=0.03
epoch=72/80 loss=0.174359 seconds=0.03
epoch=73/80 loss=0.191202 seconds=0.03
epoch=74/80 loss=0.167031 seconds=0.03
epoch=75/80 loss=0.141256 seconds=0.03
epoch=76/80 loss=0.119940 seconds=0.03
epoch=77/80 loss=0.106862 seconds=0.05
epoch=78/80 loss=0.089334 seconds=0.03
epoch=79/80 loss=0.094730 seconds=0.03
epoch=80/80 loss=0.096082 seconds=0.03
fold=5/10 OOF_accuracy=0.733333 OOF_AUC=0.813397
Device=cuda; epochs=80; batch=32; model=SqueezeNet1D
epoch=1/80 loss=0.888915 seconds=0.05
epoch=2/80 loss=0.887369 seconds=0.05
epoch=3/80 loss=0.886340 seconds=0.05
epoch=4/80 loss=0.880616 seconds=0.03
epoch=5/80 loss=0.864415 seconds=0.03
epoch=6/80 loss=0.818685 seconds=0.03
epoch=7/80 loss=0.714059 seconds=0.03
epoch=8/80 loss=0.532722 seconds=0.03
epoch=9/80 loss=0.426862 seconds=0.03
epoch=10/80 loss=0.318270 seconds=0.03
epoch=11/80 loss=0.302201 seconds=0.03
epoch=12/80 loss=0.261137 seconds=0.05
epoch=13/80 loss=0.217993 seconds=0.05
epoch=14/80 loss=0.201527 seconds=0.06
epoch=15/80 loss=0.181201 seconds=0.03
epoch=16/80 loss=0.184526 seconds=0.05
epoch=17/80 loss=0.175108 seconds=0.05
epoch=18/80 loss=0.202573 seconds=0.03
epoch=19/80 loss=0.201180 seconds=0.03
epoch=20/80 loss=0.157331 seconds=0.05
epoch=21/80 loss=0.143497 seconds=0.06
epoch=22/80 loss=0.152831 seconds=0.05
epoch=23/80 loss=0.165440 seconds=0.05
epoch=24/80 loss=0.147907 seconds=0.03
epoch=25/80 loss=0.133897 seconds=0.05
epoch=26/80 loss=0.151414 seconds=0.05
epoch=27/80 loss=0.161668 seconds=0.05
epoch=28/80 loss=0.155036 seconds=0.03
epoch=29/80 loss=0.139236 seconds=0.03
epoch=30/80 loss=0.116880 seconds=0.05
epoch=31/80 loss=0.130591 seconds=0.03
epoch=32/80 loss=0.146284 seconds=0.06
epoch=33/80 loss=0.134937 seconds=0.05
epoch=34/80 loss=0.121784 seconds=0.03
epoch=35/80 loss=0.117687 seconds=0.03
epoch=36/80 loss=0.108727 seconds=0.03
epoch=37/80 loss=0.099687 seconds=0.03
epoch=38/80 loss=0.112012 seconds=0.03
epoch=39/80 loss=0.113733 seconds=0.03
epoch=40/80 loss=0.087067 seconds=0.03
epoch=41/80 loss=0.101919 seconds=0.03
epoch=42/80 loss=0.125518 seconds=0.06
epoch=43/80 loss=0.128475 seconds=0.03
epoch=44/80 loss=0.093722 seconds=0.05
epoch=45/80 loss=0.090118 seconds=0.03
epoch=46/80 loss=0.097624 seconds=0.03
epoch=47/80 loss=0.083030 seconds=0.05
epoch=48/80 loss=0.082631 seconds=0.03
epoch=49/80 loss=0.067692 seconds=0.03
epoch=50/80 loss=0.082315 seconds=0.05
epoch=51/80 loss=0.086023 seconds=0.03
epoch=52/80 loss=0.086069 seconds=0.05
epoch=53/80 loss=0.101412 seconds=0.03
epoch=54/80 loss=0.124617 seconds=0.03
epoch=55/80 loss=0.088632 seconds=0.05
epoch=56/80 loss=0.140857 seconds=0.03
epoch=57/80 loss=0.131322 seconds=0.03
epoch=58/80 loss=0.079509 seconds=0.03
epoch=59/80 loss=0.097198 seconds=0.02
epoch=60/80 loss=0.070146 seconds=0.05
epoch=61/80 loss=0.086529 seconds=0.02
epoch=62/80 loss=0.056744 seconds=0.03
epoch=63/80 loss=0.053986 seconds=0.03
epoch=64/80 loss=0.054844 seconds=0.03
epoch=65/80 loss=0.041724 seconds=0.02
epoch=66/80 loss=0.054432 seconds=0.03
epoch=67/80 loss=0.029639 seconds=0.03
epoch=68/80 loss=0.036568 seconds=0.03
epoch=69/80 loss=0.037130 seconds=0.03
epoch=70/80 loss=0.044298 seconds=0.03
epoch=71/80 loss=0.028401 seconds=0.03
epoch=72/80 loss=0.024640 seconds=0.03
epoch=73/80 loss=0.026909 seconds=0.03
epoch=74/80 loss=0.028964 seconds=0.03
epoch=75/80 loss=0.041730 seconds=0.03
epoch=76/80 loss=0.019533 seconds=0.03
epoch=77/80 loss=0.010388 seconds=0.03
epoch=78/80 loss=0.022257 seconds=0.03
epoch=79/80 loss=0.026099 seconds=0.03
epoch=80/80 loss=0.023976 seconds=0.03
fold=6/10 OOF_accuracy=0.833333 OOF_AUC=0.854067
Device=cuda; epochs=80; batch=32; model=SqueezeNet1D
epoch=1/80 loss=0.889045 seconds=0.03
epoch=2/80 loss=0.887863 seconds=0.03
epoch=3/80 loss=0.887909 seconds=0.03
epoch=4/80 loss=0.885731 seconds=0.03
epoch=5/80 loss=0.882236 seconds=0.02
epoch=6/80 loss=0.871621 seconds=0.03
epoch=7/80 loss=0.843697 seconds=0.03
epoch=8/80 loss=0.792667 seconds=0.03
epoch=9/80 loss=0.714484 seconds=0.03
epoch=10/80 loss=0.641841 seconds=0.03
epoch=11/80 loss=0.602166 seconds=0.03
epoch=12/80 loss=0.552345 seconds=0.03
epoch=13/80 loss=0.545927 seconds=0.03
epoch=14/80 loss=0.510988 seconds=0.03
epoch=15/80 loss=0.491777 seconds=0.03
epoch=16/80 loss=0.488006 seconds=0.03
epoch=17/80 loss=0.478206 seconds=0.02
epoch=18/80 loss=0.494416 seconds=0.03
epoch=19/80 loss=0.460892 seconds=0.03
epoch=20/80 loss=0.455869 seconds=0.03
epoch=21/80 loss=0.456923 seconds=0.03
epoch=22/80 loss=0.449798 seconds=0.03
epoch=23/80 loss=0.438018 seconds=0.03
epoch=24/80 loss=0.433175 seconds=0.03
epoch=25/80 loss=0.417296 seconds=0.03
epoch=26/80 loss=0.422882 seconds=0.03
epoch=27/80 loss=0.414958 seconds=0.03
epoch=28/80 loss=0.402658 seconds=0.03
epoch=29/80 loss=0.387665 seconds=0.05
epoch=30/80 loss=0.368517 seconds=0.05
epoch=31/80 loss=0.398101 seconds=0.03
epoch=32/80 loss=0.368362 seconds=0.05
epoch=33/80 loss=0.343181 seconds=0.03
epoch=34/80 loss=0.347965 seconds=0.02
epoch=35/80 loss=0.330734 seconds=0.03
epoch=36/80 loss=0.291104 seconds=0.03
epoch=37/80 loss=0.296271 seconds=0.03
epoch=38/80 loss=0.279204 seconds=0.03
epoch=39/80 loss=0.263665 seconds=0.03
epoch=40/80 loss=0.234691 seconds=0.03
epoch=41/80 loss=0.257343 seconds=0.03
epoch=42/80 loss=0.202583 seconds=0.03
epoch=43/80 loss=0.190537 seconds=0.03
epoch=44/80 loss=0.184010 seconds=0.05
epoch=45/80 loss=0.212972 seconds=0.06
epoch=46/80 loss=0.158959 seconds=0.05
epoch=47/80 loss=0.176429 seconds=0.05
epoch=48/80 loss=0.246421 seconds=0.06
epoch=49/80 loss=0.290698 seconds=0.03
epoch=50/80 loss=0.194973 seconds=0.03
epoch=51/80 loss=0.156779 seconds=0.03
epoch=52/80 loss=0.143749 seconds=0.03
epoch=53/80 loss=0.158687 seconds=0.03
epoch=54/80 loss=0.133975 seconds=0.02
epoch=55/80 loss=0.118127 seconds=0.03
epoch=56/80 loss=0.118273 seconds=0.03
epoch=57/80 loss=0.116311 seconds=0.03
epoch=58/80 loss=0.108805 seconds=0.03
epoch=59/80 loss=0.122410 seconds=0.03
epoch=60/80 loss=0.089151 seconds=0.03
epoch=61/80 loss=0.100560 seconds=0.03
epoch=62/80 loss=0.097896 seconds=0.03
epoch=63/80 loss=0.085879 seconds=0.03
epoch=64/80 loss=0.100813 seconds=0.03
epoch=65/80 loss=0.104679 seconds=0.03
epoch=66/80 loss=0.108648 seconds=0.03
epoch=67/80 loss=0.075674 seconds=0.03
epoch=68/80 loss=0.075664 seconds=0.03
epoch=69/80 loss=0.053099 seconds=0.03
epoch=70/80 loss=0.070752 seconds=0.03
epoch=71/80 loss=0.068277 seconds=0.03
epoch=72/80 loss=0.052135 seconds=0.02
epoch=73/80 loss=0.058234 seconds=0.05
epoch=74/80 loss=0.067221 seconds=0.03
epoch=75/80 loss=0.042903 seconds=0.02
epoch=76/80 loss=0.054057 seconds=0.03
epoch=77/80 loss=0.044467 seconds=0.03
epoch=78/80 loss=0.052924 seconds=0.03
epoch=79/80 loss=0.064295 seconds=0.03
epoch=80/80 loss=0.047361 seconds=0.03
fold=7/10 OOF_accuracy=0.833333 OOF_AUC=0.856459
Device=cuda; epochs=80; batch=32; model=SqueezeNet1D
epoch=1/80 loss=0.889074 seconds=0.03
epoch=2/80 loss=0.887960 seconds=0.05
epoch=3/80 loss=0.888189 seconds=0.03
epoch=4/80 loss=0.886315 seconds=0.03
epoch=5/80 loss=0.884581 seconds=0.03
epoch=6/80 loss=0.877696 seconds=0.03
epoch=7/80 loss=0.857614 seconds=0.03
epoch=8/80 loss=0.819863 seconds=0.05
epoch=9/80 loss=0.777512 seconds=0.03
epoch=10/80 loss=0.713109 seconds=0.05
epoch=11/80 loss=0.658656 seconds=0.05
epoch=12/80 loss=0.655688 seconds=0.05
epoch=13/80 loss=0.635986 seconds=0.03
epoch=14/80 loss=0.597865 seconds=0.03
epoch=15/80 loss=0.585582 seconds=0.02
epoch=16/80 loss=0.570911 seconds=0.03
epoch=17/80 loss=0.561665 seconds=0.03
epoch=18/80 loss=0.548898 seconds=0.03
epoch=19/80 loss=0.542557 seconds=0.03
epoch=20/80 loss=0.538490 seconds=0.03
epoch=21/80 loss=0.515862 seconds=0.02
epoch=22/80 loss=0.514931 seconds=0.05
epoch=23/80 loss=0.493086 seconds=0.03
epoch=24/80 loss=0.505325 seconds=0.03
epoch=25/80 loss=0.488447 seconds=0.03
epoch=26/80 loss=0.485919 seconds=0.03
epoch=27/80 loss=0.485546 seconds=0.03
epoch=28/80 loss=0.485347 seconds=0.03
epoch=29/80 loss=0.447582 seconds=0.03
epoch=30/80 loss=0.428932 seconds=0.03
epoch=31/80 loss=0.440402 seconds=0.05
epoch=32/80 loss=0.421732 seconds=0.03
epoch=33/80 loss=0.413768 seconds=0.03
epoch=34/80 loss=0.407502 seconds=0.02
epoch=35/80 loss=0.405411 seconds=0.03
epoch=36/80 loss=0.408919 seconds=0.03
epoch=37/80 loss=0.398636 seconds=0.03
epoch=38/80 loss=0.380034 seconds=0.03
epoch=39/80 loss=0.367086 seconds=0.03
epoch=40/80 loss=0.376687 seconds=0.03
epoch=41/80 loss=0.392136 seconds=0.03
epoch=42/80 loss=0.356694 seconds=0.03
epoch=43/80 loss=0.345605 seconds=0.03
epoch=44/80 loss=0.336665 seconds=0.03
epoch=45/80 loss=0.330318 seconds=0.03
epoch=46/80 loss=0.332578 seconds=0.03
epoch=47/80 loss=0.313241 seconds=0.02
epoch=48/80 loss=0.328963 seconds=0.03
epoch=49/80 loss=0.300413 seconds=0.03
epoch=50/80 loss=0.319514 seconds=0.03
epoch=51/80 loss=0.301377 seconds=0.03
epoch=52/80 loss=0.271390 seconds=0.03
epoch=53/80 loss=0.295511 seconds=0.03
epoch=54/80 loss=0.265539 seconds=0.02
epoch=55/80 loss=0.264355 seconds=0.03
epoch=56/80 loss=0.248802 seconds=0.03
epoch=57/80 loss=0.242613 seconds=0.03
epoch=58/80 loss=0.223887 seconds=0.03
epoch=59/80 loss=0.259232 seconds=0.03
epoch=60/80 loss=0.212296 seconds=0.03
epoch=61/80 loss=0.209109 seconds=0.05
epoch=62/80 loss=0.188645 seconds=0.03
epoch=63/80 loss=0.168564 seconds=0.03
epoch=64/80 loss=0.228521 seconds=0.03
epoch=65/80 loss=0.193307 seconds=0.03
epoch=66/80 loss=0.243107 seconds=0.05
epoch=67/80 loss=0.207236 seconds=0.03
epoch=68/80 loss=0.180104 seconds=0.05
epoch=69/80 loss=0.142189 seconds=0.03
epoch=70/80 loss=0.149037 seconds=0.05
epoch=71/80 loss=0.148378 seconds=0.03
epoch=72/80 loss=0.130408 seconds=0.03
epoch=73/80 loss=0.109750 seconds=0.03
epoch=74/80 loss=0.130010 seconds=0.03
epoch=75/80 loss=0.120984 seconds=0.03
epoch=76/80 loss=0.113302 seconds=0.03
epoch=77/80 loss=0.092452 seconds=0.03
epoch=78/80 loss=0.097518 seconds=0.03
epoch=79/80 loss=0.094493 seconds=0.05
epoch=80/80 loss=0.095270 seconds=0.06
fold=8/10 OOF_accuracy=0.733333 OOF_AUC=0.736842
Device=cuda; epochs=80; batch=32; model=SqueezeNet1D
epoch=1/80 loss=0.889076 seconds=0.03
epoch=2/80 loss=0.887906 seconds=0.03
epoch=3/80 loss=0.887987 seconds=0.06
epoch=4/80 loss=0.886018 seconds=0.05
epoch=5/80 loss=0.883427 seconds=0.03
epoch=6/80 loss=0.873764 seconds=0.03
epoch=7/80 loss=0.848512 seconds=0.03
epoch=8/80 loss=0.793407 seconds=0.03
epoch=9/80 loss=0.717822 seconds=0.03
epoch=10/80 loss=0.652868 seconds=0.03
epoch=11/80 loss=0.584162 seconds=0.05
epoch=12/80 loss=0.620514 seconds=0.03
epoch=13/80 loss=0.570424 seconds=0.02
epoch=14/80 loss=0.523882 seconds=0.03
epoch=15/80 loss=0.506467 seconds=0.03
epoch=16/80 loss=0.478087 seconds=0.03
epoch=17/80 loss=0.469852 seconds=0.03
epoch=18/80 loss=0.472825 seconds=0.03
epoch=19/80 loss=0.436817 seconds=0.03
epoch=20/80 loss=0.428991 seconds=0.03
epoch=21/80 loss=0.422154 seconds=0.03
epoch=22/80 loss=0.420049 seconds=0.03
epoch=23/80 loss=0.390289 seconds=0.03
epoch=24/80 loss=0.382609 seconds=0.03
epoch=25/80 loss=0.384721 seconds=0.03
epoch=26/80 loss=0.383786 seconds=0.03
epoch=27/80 loss=0.378836 seconds=0.03
epoch=28/80 loss=0.367031 seconds=0.03
epoch=29/80 loss=0.353174 seconds=0.03
epoch=30/80 loss=0.360481 seconds=0.03
epoch=31/80 loss=0.364477 seconds=0.03
epoch=32/80 loss=0.322053 seconds=0.03
epoch=33/80 loss=0.323050 seconds=0.03
epoch=34/80 loss=0.302770 seconds=0.03
epoch=35/80 loss=0.340988 seconds=0.03
epoch=36/80 loss=0.291824 seconds=0.03
epoch=37/80 loss=0.308271 seconds=0.03
epoch=38/80 loss=0.312854 seconds=0.03
epoch=39/80 loss=0.290781 seconds=0.03
epoch=40/80 loss=0.273684 seconds=0.03
epoch=41/80 loss=0.292778 seconds=0.03
epoch=42/80 loss=0.261093 seconds=0.03
epoch=43/80 loss=0.243035 seconds=0.03
epoch=44/80 loss=0.249121 seconds=0.03
epoch=45/80 loss=0.220321 seconds=0.03
epoch=46/80 loss=0.208496 seconds=0.03
epoch=47/80 loss=0.192220 seconds=0.03
epoch=48/80 loss=0.185125 seconds=0.03
epoch=49/80 loss=0.194837 seconds=0.03
epoch=50/80 loss=0.193963 seconds=0.05
epoch=51/80 loss=0.202033 seconds=0.06
epoch=52/80 loss=0.165437 seconds=0.05
epoch=53/80 loss=0.151508 seconds=0.03
epoch=54/80 loss=0.148251 seconds=0.05
epoch=55/80 loss=0.157088 seconds=0.03
epoch=56/80 loss=0.138331 seconds=0.03
epoch=57/80 loss=0.137522 seconds=0.03
epoch=58/80 loss=0.138005 seconds=0.03
epoch=59/80 loss=0.191885 seconds=0.03
epoch=60/80 loss=0.133422 seconds=0.03
epoch=61/80 loss=0.132931 seconds=0.03
epoch=62/80 loss=0.143330 seconds=0.05
epoch=63/80 loss=0.101123 seconds=0.02
epoch=64/80 loss=0.108910 seconds=0.03
epoch=65/80 loss=0.099486 seconds=0.03
epoch=66/80 loss=0.098616 seconds=0.05
epoch=67/80 loss=0.091150 seconds=0.02
epoch=68/80 loss=0.096719 seconds=0.03
epoch=69/80 loss=0.081991 seconds=0.03
epoch=70/80 loss=0.093408 seconds=0.03
epoch=71/80 loss=0.083882 seconds=0.03
epoch=72/80 loss=0.084537 seconds=0.03
epoch=73/80 loss=0.089508 seconds=0.03
epoch=74/80 loss=0.088111 seconds=0.03
epoch=75/80 loss=0.080210 seconds=0.03
epoch=76/80 loss=0.071854 seconds=0.03
epoch=77/80 loss=0.076857 seconds=0.03
epoch=78/80 loss=0.078207 seconds=0.05
epoch=79/80 loss=0.093941 seconds=0.05
epoch=80/80 loss=0.076033 seconds=0.05
fold=9/10 OOF_accuracy=0.733333 OOF_AUC=0.746411
Device=cuda; epochs=80; batch=32; model=SqueezeNet1D
epoch=1/80 loss=0.889097 seconds=0.03
epoch=2/80 loss=0.887940 seconds=0.03
epoch=3/80 loss=0.888148 seconds=0.03
epoch=4/80 loss=0.886344 seconds=0.03
epoch=5/80 loss=0.884760 seconds=0.03
epoch=6/80 loss=0.877643 seconds=0.03
epoch=7/80 loss=0.855744 seconds=0.03
epoch=8/80 loss=0.813174 seconds=0.03
epoch=9/80 loss=0.746185 seconds=0.03
epoch=10/80 loss=0.667355 seconds=0.03
epoch=11/80 loss=0.614239 seconds=0.03
epoch=12/80 loss=0.570114 seconds=0.05
epoch=13/80 loss=0.541082 seconds=0.03
epoch=14/80 loss=0.521142 seconds=0.03
epoch=15/80 loss=0.521652 seconds=0.03
epoch=16/80 loss=0.491696 seconds=0.03
epoch=17/80 loss=0.484908 seconds=0.03
epoch=18/80 loss=0.510987 seconds=0.05
epoch=19/80 loss=0.501930 seconds=0.03
epoch=20/80 loss=0.462953 seconds=0.03
epoch=21/80 loss=0.452889 seconds=0.03
epoch=22/80 loss=0.451844 seconds=0.03
epoch=23/80 loss=0.443183 seconds=0.03
epoch=24/80 loss=0.421510 seconds=0.03
epoch=25/80 loss=0.421541 seconds=0.05
epoch=26/80 loss=0.431660 seconds=0.03
epoch=27/80 loss=0.393808 seconds=0.03
epoch=28/80 loss=0.400328 seconds=0.03
epoch=29/80 loss=0.367793 seconds=0.05
epoch=30/80 loss=0.343714 seconds=0.03
epoch=31/80 loss=0.396158 seconds=0.03
epoch=32/80 loss=0.349226 seconds=0.03
epoch=33/80 loss=0.312242 seconds=0.03
epoch=34/80 loss=0.279859 seconds=0.03
epoch=35/80 loss=0.293074 seconds=0.03
epoch=36/80 loss=0.238923 seconds=0.03
epoch=37/80 loss=0.261422 seconds=0.03
epoch=38/80 loss=0.224108 seconds=0.05
epoch=39/80 loss=0.216420 seconds=0.03
epoch=40/80 loss=0.183534 seconds=0.03
epoch=41/80 loss=0.202754 seconds=0.03
epoch=42/80 loss=0.165523 seconds=0.03
epoch=43/80 loss=0.159974 seconds=0.02
epoch=44/80 loss=0.143192 seconds=0.05
epoch=45/80 loss=0.209400 seconds=0.05
epoch=46/80 loss=0.241828 seconds=0.03
epoch=47/80 loss=0.115776 seconds=0.05
epoch=48/80 loss=0.121569 seconds=0.03
epoch=49/80 loss=0.099174 seconds=0.03
epoch=50/80 loss=0.089953 seconds=0.03
epoch=51/80 loss=0.119488 seconds=0.05
epoch=52/80 loss=0.126510 seconds=0.03
epoch=53/80 loss=0.116898 seconds=0.03
epoch=54/80 loss=0.076487 seconds=0.03
epoch=55/80 loss=0.087180 seconds=0.03
epoch=56/80 loss=0.061595 seconds=0.03
epoch=57/80 loss=0.065517 seconds=0.05
epoch=58/80 loss=0.063989 seconds=0.03
epoch=59/80 loss=0.158332 seconds=0.03
epoch=60/80 loss=0.133601 seconds=0.05
epoch=61/80 loss=0.092399 seconds=0.05
epoch=62/80 loss=0.091620 seconds=0.03
epoch=63/80 loss=0.068093 seconds=0.03
epoch=64/80 loss=0.058608 seconds=0.05
epoch=65/80 loss=0.041868 seconds=0.03
epoch=66/80 loss=0.069644 seconds=0.03
epoch=67/80 loss=0.050515 seconds=0.05
epoch=68/80 loss=0.055769 seconds=0.03
epoch=69/80 loss=0.032278 seconds=0.03
epoch=70/80 loss=0.055746 seconds=0.05
epoch=71/80 loss=0.045739 seconds=0.03
epoch=72/80 loss=0.069048 seconds=0.03
epoch=73/80 loss=0.051663 seconds=0.05
epoch=74/80 loss=0.026784 seconds=0.03
epoch=75/80 loss=0.044603 seconds=0.03
epoch=76/80 loss=0.029486 seconds=0.03
epoch=77/80 loss=0.019743 seconds=0.03
epoch=78/80 loss=0.030456 seconds=0.05
epoch=79/80 loss=0.046565 seconds=0.03
epoch=80/80 loss=0.039057 seconds=0.03
fold=10/10 OOF_accuracy=0.733333 OOF_AUC=0.755981
Device=cuda; epochs=80; batch=32; model=SqueezeNet1D
epoch=1/80 loss=0.888210 seconds=0.06
epoch=2/80 loss=0.886437 seconds=0.03
epoch=3/80 loss=0.883637 seconds=0.05
epoch=4/80 loss=0.870868 seconds=0.03
epoch=5/80 loss=0.828520 seconds=0.05
epoch=6/80 loss=0.698563 seconds=0.03
epoch=7/80 loss=0.440501 seconds=0.03
epoch=8/80 loss=0.259570 seconds=0.05
epoch=9/80 loss=0.199598 seconds=0.03
epoch=10/80 loss=0.157866 seconds=0.05
epoch=11/80 loss=0.134682 seconds=0.03
epoch=12/80 loss=0.114879 seconds=0.05
epoch=13/80 loss=0.139973 seconds=0.03
epoch=14/80 loss=0.094520 seconds=0.05
epoch=15/80 loss=0.088176 seconds=0.05
epoch=16/80 loss=0.095293 seconds=0.03
epoch=17/80 loss=0.089706 seconds=0.03
epoch=18/80 loss=0.093791 seconds=0.05
epoch=19/80 loss=0.098421 seconds=0.05
epoch=20/80 loss=0.096376 seconds=0.03
epoch=21/80 loss=0.090413 seconds=0.05
epoch=22/80 loss=0.077204 seconds=0.05
epoch=23/80 loss=0.062526 seconds=0.08
epoch=24/80 loss=0.063487 seconds=0.06
epoch=25/80 loss=0.082915 seconds=0.05
epoch=26/80 loss=0.065367 seconds=0.03
epoch=27/80 loss=0.062707 seconds=0.05
epoch=28/80 loss=0.070464 seconds=0.03
epoch=29/80 loss=0.064214 seconds=0.05
epoch=30/80 loss=0.064858 seconds=0.05
epoch=31/80 loss=0.099639 seconds=0.05
epoch=32/80 loss=0.067780 seconds=0.03
epoch=33/80 loss=0.072603 seconds=0.05
epoch=34/80 loss=0.069133 seconds=0.06
epoch=35/80 loss=0.054737 seconds=0.05
epoch=36/80 loss=0.058567 seconds=0.08
epoch=37/80 loss=0.040265 seconds=0.05
epoch=38/80 loss=0.043136 seconds=0.06
epoch=39/80 loss=0.063354 seconds=0.05
epoch=40/80 loss=0.058615 seconds=0.05
epoch=41/80 loss=0.055811 seconds=0.03
epoch=42/80 loss=0.054703 seconds=0.05
epoch=43/80 loss=0.053681 seconds=0.03
epoch=44/80 loss=0.065461 seconds=0.03
epoch=45/80 loss=0.040702 seconds=0.05
epoch=46/80 loss=0.059442 seconds=0.03
epoch=47/80 loss=0.035939 seconds=0.05
epoch=48/80 loss=0.046800 seconds=0.03
epoch=49/80 loss=0.034343 seconds=0.03
epoch=50/80 loss=0.049152 seconds=0.05
epoch=51/80 loss=0.036753 seconds=0.05
epoch=52/80 loss=0.103740 seconds=0.03
epoch=53/80 loss=0.078408 seconds=0.03
epoch=54/80 loss=0.073219 seconds=0.05
epoch=55/80 loss=0.052010 seconds=0.03
epoch=56/80 loss=0.054657 seconds=0.05
epoch=57/80 loss=0.050759 seconds=0.05
epoch=58/80 loss=0.059458 seconds=0.03
epoch=59/80 loss=0.054265 seconds=0.03
epoch=60/80 loss=0.055099 seconds=0.03
epoch=61/80 loss=0.035105 seconds=0.03
epoch=62/80 loss=0.030063 seconds=0.03
epoch=63/80 loss=0.040887 seconds=0.05
epoch=64/80 loss=0.023962 seconds=0.03
epoch=65/80 loss=0.035095 seconds=0.08
epoch=66/80 loss=0.035707 seconds=0.05
epoch=67/80 loss=0.034471 seconds=0.03
epoch=68/80 loss=0.030658 seconds=0.05
epoch=69/80 loss=0.046429 seconds=0.03
epoch=70/80 loss=0.044805 seconds=0.05
epoch=71/80 loss=0.031818 seconds=0.03
epoch=72/80 loss=0.023290 seconds=0.05
epoch=73/80 loss=0.032257 seconds=0.03
epoch=74/80 loss=0.044017 seconds=0.03
epoch=75/80 loss=0.099222 seconds=0.05
epoch=76/80 loss=0.089103 seconds=0.03
epoch=77/80 loss=0.030941 seconds=0.03
epoch=78/80 loss=0.031021 seconds=0.05
epoch=79/80 loss=0.036889 seconds=0.03
epoch=80/80 loss=0.025454 seconds=0.05
{"cv_oof": {"accuracy": 0.7533333333333333, "balanced_accuracy": 0.736400462962963, "sensitivity": 0.6759259259259259, "specificity": 0.796875, "f1_macro": 0.7344497607655502, "roc_auc": 0.7652150848765432, "confusion_matrix": [[153, 39], [35, 73]], "classification_report": {"0": {"precision": 0.8138297872340425, "recall": 0.796875, "f1-score": 0.8052631578947368, "support": 192.0}, "1": {"precision": 0.6517857142857143, "recall": 0.6759259259259259, "f1-score": 0.6636363636363637, "support": 108.0}, "accuracy": 0.7533333333333333, "macro avg": {"precision": 0.7328077507598785, "recall": 0.736400462962963, "f1-score": 0.7344497607655502, "support": 300.0}, "weighted avg": {"precision": 0.7554939209726443, "recall": 0.7533333333333333, "f1-score": 0.7542775119617224, "support": 300.0}}}, "test": {"accuracy": 0.7123287671232876, "balanced_accuracy": 0.7164484451718494, "sensitivity": 0.7307692307692307, "specificity": 0.7021276595744681, "f1_macro": 0.7013442431326709, "roc_auc": 0.8424713584288053, "confusion_matrix": [[33, 14], [7, 19]], "classification_report": {"0": {"precision": 0.825, "recall": 0.7021276595744681, "f1-score": 0.7586206896551724, "support": 47.0}, "1": {"precision": 0.5757575757575758, "recall": 0.7307692307692307, "f1-score": 0.6440677966101694, "support": 26.0}, "accuracy": 0.7123287671232876, "macro avg": {"precision": 0.7003787878787879, "recall": 0.7164484451718494, "f1-score": 0.7013442431326709, "support": 73.0}, "weighted avg": {"precision": 0.7362287256122872, "recall": 0.7123287671232876, "f1-score": 0.717821029118596, "support": 73.0}}}, "folds": 10, "original_train_rows": 300, "train_rows": 300, "test_rows": 73, "elapsed_seconds": 34.76599999994505}
