Command: ["C:\\Users\\IHCK\\AppData\\Local\\Programs\\Python\\Python312\\python.exe", "-u", "C:\\Users\\IHCK\\Desktop\\1_10_69Final\\Hippocampal-Shape-Analysis-for-Epilepsy-Detection\\Model\\train_dataset_model.py", "--dataset", "plsda_latent_features", "--side", "left", "--model", "MobileNet", "--kind", "latent", "--train-csv", "C:\\Users\\IHCK\\Desktop\\1_10_69Final\\Hippocampal-Shape-Analysis-for-Epilepsy-Detection\\Output_Dataset\\plsda_latent_features\\left\\train_plsda_latent_features.csv", "--test-csv", "C:\\Users\\IHCK\\Desktop\\1_10_69Final\\Hippocampal-Shape-Analysis-for-Epilepsy-Detection\\Output_Dataset\\plsda_latent_features\\left\\test_plsda_latent_features.csv", "--output-dir", "C:\\Users\\IHCK\\Desktop\\1_10_69Final\\Hippocampal-Shape-Analysis-for-Epilepsy-Detection\\Model_Results\\dataset_runs_20261003_10fold\\plsda_latent_features\\left\\MobileNet", "--epochs", "80", "--folds", "10", "--pls-components", "8", "--seed", "42", "--threads", "2"]
10-fold CV: dataset=plsda_latent_features side=left model=MobileNet; original_train=300 test=73
Device=cuda; epochs=80; batch=32; model=MobileNetV2_1D
epoch=1/80 loss=0.625694 seconds=0.50
epoch=2/80 loss=0.330753 seconds=0.05
epoch=3/80 loss=0.180642 seconds=0.08
epoch=4/80 loss=0.103828 seconds=0.06
epoch=5/80 loss=0.104340 seconds=0.06
epoch=6/80 loss=0.063777 seconds=0.08
epoch=7/80 loss=0.050134 seconds=0.06
epoch=8/80 loss=0.033520 seconds=0.06
epoch=9/80 loss=0.034163 seconds=0.06
epoch=10/80 loss=0.031906 seconds=0.06
epoch=11/80 loss=0.017378 seconds=0.06
epoch=12/80 loss=0.037988 seconds=0.08
epoch=13/80 loss=0.037097 seconds=0.06
epoch=14/80 loss=0.016478 seconds=0.08
epoch=15/80 loss=0.011427 seconds=0.06
epoch=16/80 loss=0.022694 seconds=0.08
epoch=17/80 loss=0.008907 seconds=0.06
epoch=18/80 loss=0.046408 seconds=0.06
epoch=19/80 loss=0.032824 seconds=0.06
epoch=20/80 loss=0.022345 seconds=0.08
epoch=21/80 loss=0.023253 seconds=0.06
epoch=22/80 loss=0.023916 seconds=0.06
epoch=23/80 loss=0.026332 seconds=0.08
epoch=24/80 loss=0.013012 seconds=0.06
epoch=25/80 loss=0.014494 seconds=0.09
epoch=26/80 loss=0.008970 seconds=0.08
epoch=27/80 loss=0.007078 seconds=0.06
epoch=28/80 loss=0.017483 seconds=0.06
epoch=29/80 loss=0.015890 seconds=0.06
epoch=30/80 loss=0.034533 seconds=0.06
epoch=31/80 loss=0.024559 seconds=0.06
epoch=32/80 loss=0.050056 seconds=0.08
epoch=33/80 loss=0.027923 seconds=0.08
epoch=34/80 loss=0.010240 seconds=0.06
epoch=35/80 loss=0.013160 seconds=0.08
epoch=36/80 loss=0.007099 seconds=0.05
epoch=37/80 loss=0.006823 seconds=0.08
epoch=38/80 loss=0.003980 seconds=0.06
epoch=39/80 loss=0.025589 seconds=0.06
epoch=40/80 loss=0.029095 seconds=0.06
epoch=41/80 loss=0.017824 seconds=0.08
epoch=42/80 loss=0.025480 seconds=0.09
epoch=43/80 loss=0.005614 seconds=0.06
epoch=44/80 loss=0.003679 seconds=0.06
epoch=45/80 loss=0.006271 seconds=0.08
epoch=46/80 loss=0.017181 seconds=0.08
epoch=47/80 loss=0.002823 seconds=0.06
epoch=48/80 loss=0.006800 seconds=0.06
epoch=49/80 loss=0.006385 seconds=0.06
epoch=50/80 loss=0.002152 seconds=0.08
epoch=51/80 loss=0.005975 seconds=0.05
epoch=52/80 loss=0.007116 seconds=0.08
epoch=53/80 loss=0.001740 seconds=0.06
epoch=54/80 loss=0.006607 seconds=0.06
epoch=55/80 loss=0.002906 seconds=0.08
epoch=56/80 loss=0.003380 seconds=0.08
epoch=57/80 loss=0.002752 seconds=0.09
epoch=58/80 loss=0.001194 seconds=0.09
epoch=59/80 loss=0.002959 seconds=0.06
epoch=60/80 loss=0.003922 seconds=0.06
epoch=61/80 loss=0.000999 seconds=0.06
epoch=62/80 loss=0.001947 seconds=0.08
epoch=63/80 loss=0.000795 seconds=0.09
epoch=64/80 loss=0.001806 seconds=0.08
epoch=65/80 loss=0.009756 seconds=0.09
epoch=66/80 loss=0.002034 seconds=0.08
epoch=67/80 loss=0.022254 seconds=0.08
epoch=68/80 loss=0.016933 seconds=0.08
epoch=69/80 loss=0.042935 seconds=0.08
epoch=70/80 loss=0.005348 seconds=0.09
epoch=71/80 loss=0.002765 seconds=0.11
epoch=72/80 loss=0.008092 seconds=0.08
epoch=73/80 loss=0.002182 seconds=0.06
epoch=74/80 loss=0.010803 seconds=0.05
epoch=75/80 loss=0.002462 seconds=0.06
epoch=76/80 loss=0.029261 seconds=0.08
epoch=77/80 loss=0.030746 seconds=0.08
epoch=78/80 loss=0.065999 seconds=0.05
epoch=79/80 loss=0.002578 seconds=0.06
epoch=80/80 loss=0.008063 seconds=0.06
fold=1/10 OOF_accuracy=0.700000 OOF_AUC=0.670000
Device=cuda; epochs=80; batch=32; model=MobileNetV2_1D
epoch=1/80 loss=0.631397 seconds=0.06
epoch=2/80 loss=0.334950 seconds=0.06
epoch=3/80 loss=0.178424 seconds=0.06
epoch=4/80 loss=0.107172 seconds=0.08
epoch=5/80 loss=0.087403 seconds=0.08
epoch=6/80 loss=0.061519 seconds=0.08
epoch=7/80 loss=0.040699 seconds=0.06
epoch=8/80 loss=0.038493 seconds=0.06
epoch=9/80 loss=0.030817 seconds=0.06
epoch=10/80 loss=0.024443 seconds=0.06
epoch=11/80 loss=0.019002 seconds=0.06
epoch=12/80 loss=0.029049 seconds=0.08
epoch=13/80 loss=0.024264 seconds=0.08
epoch=14/80 loss=0.014560 seconds=0.05
epoch=15/80 loss=0.013116 seconds=0.06
epoch=16/80 loss=0.012662 seconds=0.06
epoch=17/80 loss=0.006901 seconds=0.06
epoch=18/80 loss=0.012345 seconds=0.06
epoch=19/80 loss=0.029572 seconds=0.06
epoch=20/80 loss=0.028335 seconds=0.06
epoch=21/80 loss=0.041124 seconds=0.06
epoch=22/80 loss=0.026573 seconds=0.06
epoch=23/80 loss=0.026606 seconds=0.06
epoch=24/80 loss=0.020591 seconds=0.06
epoch=25/80 loss=0.024439 seconds=0.06
epoch=26/80 loss=0.009444 seconds=0.06
epoch=27/80 loss=0.068789 seconds=0.06
epoch=28/80 loss=0.044842 seconds=0.08
epoch=29/80 loss=0.013506 seconds=0.06
epoch=30/80 loss=0.019712 seconds=0.06
epoch=31/80 loss=0.010121 seconds=0.06
epoch=32/80 loss=0.017743 seconds=0.06
epoch=33/80 loss=0.006813 seconds=0.06
epoch=34/80 loss=0.004813 seconds=0.06
epoch=35/80 loss=0.015290 seconds=0.06
epoch=36/80 loss=0.007885 seconds=0.06
epoch=37/80 loss=0.020018 seconds=0.06
epoch=38/80 loss=0.009317 seconds=0.08
epoch=39/80 loss=0.021863 seconds=0.09
epoch=40/80 loss=0.038936 seconds=0.05
epoch=41/80 loss=0.009494 seconds=0.06
epoch=42/80 loss=0.045201 seconds=0.06
epoch=43/80 loss=0.013255 seconds=0.06
epoch=44/80 loss=0.014736 seconds=0.06
epoch=45/80 loss=0.026429 seconds=0.08
epoch=46/80 loss=0.007313 seconds=0.08
epoch=47/80 loss=0.025565 seconds=0.06
epoch=48/80 loss=0.023481 seconds=0.05
epoch=49/80 loss=0.007647 seconds=0.06
epoch=50/80 loss=0.003566 seconds=0.06
epoch=51/80 loss=0.007896 seconds=0.08
epoch=52/80 loss=0.006671 seconds=0.06
epoch=53/80 loss=0.002806 seconds=0.06
epoch=54/80 loss=0.015132 seconds=0.05
epoch=55/80 loss=0.001849 seconds=0.06
epoch=56/80 loss=0.007508 seconds=0.06
epoch=57/80 loss=0.008027 seconds=0.06
epoch=58/80 loss=0.002008 seconds=0.06
epoch=59/80 loss=0.005359 seconds=0.06
epoch=60/80 loss=0.005968 seconds=0.06
epoch=61/80 loss=0.001657 seconds=0.06
epoch=62/80 loss=0.003808 seconds=0.05
epoch=63/80 loss=0.001210 seconds=0.05
epoch=64/80 loss=0.015552 seconds=0.06
epoch=65/80 loss=0.005304 seconds=0.06
epoch=66/80 loss=0.002494 seconds=0.06
epoch=67/80 loss=0.003457 seconds=0.06
epoch=68/80 loss=0.001287 seconds=0.06
epoch=69/80 loss=0.003258 seconds=0.06
epoch=70/80 loss=0.000658 seconds=0.06
epoch=71/80 loss=0.001013 seconds=0.06
epoch=72/80 loss=0.002565 seconds=0.08
epoch=73/80 loss=0.000920 seconds=0.06
epoch=74/80 loss=0.002796 seconds=0.06
epoch=75/80 loss=0.000799 seconds=0.06
epoch=76/80 loss=0.002367 seconds=0.05
epoch=77/80 loss=0.000741 seconds=0.06
epoch=78/80 loss=0.001396 seconds=0.06
epoch=79/80 loss=0.000784 seconds=0.06
epoch=80/80 loss=0.000907 seconds=0.08
fold=2/10 OOF_accuracy=0.766667 OOF_AUC=0.640000
Device=cuda; epochs=80; batch=32; model=MobileNetV2_1D
epoch=1/80 loss=0.652249 seconds=0.06
epoch=2/80 loss=0.391936 seconds=0.08
epoch=3/80 loss=0.220387 seconds=0.06
epoch=4/80 loss=0.118686 seconds=0.06
epoch=5/80 loss=0.089405 seconds=0.06
epoch=6/80 loss=0.064796 seconds=0.06
epoch=7/80 loss=0.045703 seconds=0.06
epoch=8/80 loss=0.033038 seconds=0.05
epoch=9/80 loss=0.029954 seconds=0.06
epoch=10/80 loss=0.024725 seconds=0.06
epoch=11/80 loss=0.016565 seconds=0.06
epoch=12/80 loss=0.020383 seconds=0.05
epoch=13/80 loss=0.022928 seconds=0.06
epoch=14/80 loss=0.010777 seconds=0.06
epoch=15/80 loss=0.009699 seconds=0.06
epoch=16/80 loss=0.028632 seconds=0.06
epoch=17/80 loss=0.028071 seconds=0.06
epoch=18/80 loss=0.062809 seconds=0.06
epoch=19/80 loss=0.037300 seconds=0.06
epoch=20/80 loss=0.032176 seconds=0.06
epoch=21/80 loss=0.021528 seconds=0.06
epoch=22/80 loss=0.024831 seconds=0.05
epoch=23/80 loss=0.022852 seconds=0.06
epoch=24/80 loss=0.011582 seconds=0.08
epoch=25/80 loss=0.007999 seconds=0.06
epoch=26/80 loss=0.006067 seconds=0.09
epoch=27/80 loss=0.008037 seconds=0.06
epoch=28/80 loss=0.010263 seconds=0.05
epoch=29/80 loss=0.004922 seconds=0.06
epoch=30/80 loss=0.007750 seconds=0.06
epoch=31/80 loss=0.004598 seconds=0.06
epoch=32/80 loss=0.007409 seconds=0.06
epoch=33/80 loss=0.003384 seconds=0.06
epoch=34/80 loss=0.002931 seconds=0.09
epoch=35/80 loss=0.005400 seconds=0.08
epoch=36/80 loss=0.004581 seconds=0.08
epoch=37/80 loss=0.003383 seconds=0.06
epoch=38/80 loss=0.003613 seconds=0.06
epoch=39/80 loss=0.016159 seconds=0.06
epoch=40/80 loss=0.022043 seconds=0.06
epoch=41/80 loss=0.004734 seconds=0.06
epoch=42/80 loss=0.005360 seconds=0.06
epoch=43/80 loss=0.002549 seconds=0.06
epoch=44/80 loss=0.002186 seconds=0.06
epoch=45/80 loss=0.003121 seconds=0.06
epoch=46/80 loss=0.003365 seconds=0.06
epoch=47/80 loss=0.001433 seconds=0.06
epoch=48/80 loss=0.001704 seconds=0.06
epoch=49/80 loss=0.001802 seconds=0.06
epoch=50/80 loss=0.001321 seconds=0.06
epoch=51/80 loss=0.002136 seconds=0.06
epoch=52/80 loss=0.002427 seconds=0.05
epoch=53/80 loss=0.009235 seconds=0.06
epoch=54/80 loss=0.007406 seconds=0.06
epoch=55/80 loss=0.010576 seconds=0.06
epoch=56/80 loss=0.003309 seconds=0.06
epoch=57/80 loss=0.054201 seconds=0.06
epoch=58/80 loss=0.013632 seconds=0.06
epoch=59/80 loss=0.044975 seconds=0.06
epoch=60/80 loss=0.045281 seconds=0.08
epoch=61/80 loss=0.083699 seconds=0.05
epoch=62/80 loss=0.022633 seconds=0.06
epoch=63/80 loss=0.026030 seconds=0.06
epoch=64/80 loss=0.029369 seconds=0.06
epoch=65/80 loss=0.018083 seconds=0.06
epoch=66/80 loss=0.010012 seconds=0.06
epoch=67/80 loss=0.003644 seconds=0.08
epoch=68/80 loss=0.003227 seconds=0.08
epoch=69/80 loss=0.009265 seconds=0.05
epoch=70/80 loss=0.002509 seconds=0.06
epoch=71/80 loss=0.002504 seconds=0.06
epoch=72/80 loss=0.004214 seconds=0.06
epoch=73/80 loss=0.002488 seconds=0.05
epoch=74/80 loss=0.003099 seconds=0.08
epoch=75/80 loss=0.001300 seconds=0.06
epoch=76/80 loss=0.003479 seconds=0.05
epoch=77/80 loss=0.001265 seconds=0.06
epoch=78/80 loss=0.005387 seconds=0.06
epoch=79/80 loss=0.001181 seconds=0.06
epoch=80/80 loss=0.001429 seconds=0.06
fold=3/10 OOF_accuracy=0.666667 OOF_AUC=0.751196
Device=cuda; epochs=80; batch=32; model=MobileNetV2_1D
epoch=1/80 loss=0.667630 seconds=0.11
epoch=2/80 loss=0.416035 seconds=0.08
epoch=3/80 loss=0.236739 seconds=0.05
epoch=4/80 loss=0.130889 seconds=0.06
epoch=5/80 loss=0.098296 seconds=0.06
epoch=6/80 loss=0.070105 seconds=0.06
epoch=7/80 loss=0.056962 seconds=0.05
epoch=8/80 loss=0.039558 seconds=0.06
epoch=9/80 loss=0.030869 seconds=0.06
epoch=10/80 loss=0.026931 seconds=0.08
epoch=11/80 loss=0.020479 seconds=0.08
epoch=12/80 loss=0.032176 seconds=0.08
epoch=13/80 loss=0.031808 seconds=0.06
epoch=14/80 loss=0.011861 seconds=0.06
epoch=15/80 loss=0.010364 seconds=0.06
epoch=16/80 loss=0.013668 seconds=0.06
epoch=17/80 loss=0.007485 seconds=0.06
epoch=18/80 loss=0.015140 seconds=0.09
epoch=19/80 loss=0.016822 seconds=0.06
epoch=20/80 loss=0.023740 seconds=0.05
epoch=21/80 loss=0.011204 seconds=0.06
epoch=22/80 loss=0.014760 seconds=0.06
epoch=23/80 loss=0.012823 seconds=0.05
epoch=24/80 loss=0.006019 seconds=0.06
epoch=25/80 loss=0.008833 seconds=0.09
epoch=26/80 loss=0.005647 seconds=0.08
epoch=27/80 loss=0.006057 seconds=0.06
epoch=28/80 loss=0.005542 seconds=0.06
epoch=29/80 loss=0.003899 seconds=0.06
epoch=30/80 loss=0.005570 seconds=0.06
epoch=31/80 loss=0.006031 seconds=0.06
epoch=32/80 loss=0.006924 seconds=0.08
epoch=33/80 loss=0.011518 seconds=0.05
epoch=34/80 loss=0.007220 seconds=0.06
epoch=35/80 loss=0.032979 seconds=0.08
epoch=36/80 loss=0.053782 seconds=0.05
epoch=37/80 loss=0.080431 seconds=0.06
epoch=38/80 loss=0.052671 seconds=0.05
epoch=39/80 loss=0.059946 seconds=0.06
epoch=40/80 loss=0.034286 seconds=0.06
epoch=41/80 loss=0.010390 seconds=0.05
epoch=42/80 loss=0.021041 seconds=0.08
epoch=43/80 loss=0.011385 seconds=0.06
epoch=44/80 loss=0.004342 seconds=0.09
epoch=45/80 loss=0.006183 seconds=0.08
epoch=46/80 loss=0.004768 seconds=0.06
epoch=47/80 loss=0.002371 seconds=0.08
epoch=48/80 loss=0.003019 seconds=0.06
epoch=49/80 loss=0.002400 seconds=0.06
epoch=50/80 loss=0.001896 seconds=0.09
epoch=51/80 loss=0.003226 seconds=0.09
epoch=52/80 loss=0.013989 seconds=0.14
epoch=53/80 loss=0.041727 seconds=0.08
epoch=54/80 loss=0.008692 seconds=0.06
epoch=55/80 loss=0.004744 seconds=0.06
epoch=56/80 loss=0.004817 seconds=0.08
epoch=57/80 loss=0.005726 seconds=0.08
epoch=58/80 loss=0.003299 seconds=0.06
epoch=59/80 loss=0.003246 seconds=0.06
epoch=60/80 loss=0.004273 seconds=0.06
epoch=61/80 loss=0.001845 seconds=0.06
epoch=62/80 loss=0.002059 seconds=0.06
epoch=63/80 loss=0.001216 seconds=0.06
epoch=64/80 loss=0.002075 seconds=0.08
epoch=65/80 loss=0.002334 seconds=0.06
epoch=66/80 loss=0.002285 seconds=0.06
epoch=67/80 loss=0.002076 seconds=0.08
epoch=68/80 loss=0.001281 seconds=0.06
epoch=69/80 loss=0.001945 seconds=0.06
epoch=70/80 loss=0.000763 seconds=0.08
epoch=71/80 loss=0.000940 seconds=0.06
epoch=72/80 loss=0.001500 seconds=0.08
epoch=73/80 loss=0.001026 seconds=0.06
epoch=74/80 loss=0.002633 seconds=0.09
epoch=75/80 loss=0.000788 seconds=0.06
epoch=76/80 loss=0.001705 seconds=0.08
epoch=77/80 loss=0.000750 seconds=0.08
epoch=78/80 loss=0.001502 seconds=0.06
epoch=79/80 loss=0.000727 seconds=0.06
epoch=80/80 loss=0.000761 seconds=0.08
fold=4/10 OOF_accuracy=0.766667 OOF_AUC=0.779904
Device=cuda; epochs=80; batch=32; model=MobileNetV2_1D
epoch=1/80 loss=0.653537 seconds=0.06
epoch=2/80 loss=0.377961 seconds=0.08
epoch=3/80 loss=0.210814 seconds=0.05
epoch=4/80 loss=0.112267 seconds=0.08
epoch=5/80 loss=0.085418 seconds=0.06
epoch=6/80 loss=0.057675 seconds=0.08
epoch=7/80 loss=0.046913 seconds=0.06
epoch=8/80 loss=0.038646 seconds=0.06
epoch=9/80 loss=0.034207 seconds=0.08
epoch=10/80 loss=0.032281 seconds=0.08
epoch=11/80 loss=0.021626 seconds=0.06
epoch=12/80 loss=0.023355 seconds=0.08
epoch=13/80 loss=0.030322 seconds=0.06
epoch=14/80 loss=0.013387 seconds=0.08
epoch=15/80 loss=0.013321 seconds=0.08
epoch=16/80 loss=0.030965 seconds=0.06
epoch=17/80 loss=0.008582 seconds=0.06
epoch=18/80 loss=0.016041 seconds=0.08
epoch=19/80 loss=0.013279 seconds=0.06
epoch=20/80 loss=0.016264 seconds=0.08
epoch=21/80 loss=0.018735 seconds=0.06
epoch=22/80 loss=0.017023 seconds=0.06
epoch=23/80 loss=0.019981 seconds=0.06
epoch=24/80 loss=0.007610 seconds=0.09
epoch=25/80 loss=0.009329 seconds=0.08
epoch=26/80 loss=0.012734 seconds=0.06
epoch=27/80 loss=0.009385 seconds=0.08
epoch=28/80 loss=0.011348 seconds=0.08
epoch=29/80 loss=0.007512 seconds=0.08
epoch=30/80 loss=0.012860 seconds=0.08
epoch=31/80 loss=0.005100 seconds=0.09
epoch=32/80 loss=0.014459 seconds=0.06
epoch=33/80 loss=0.013888 seconds=0.08
epoch=34/80 loss=0.005491 seconds=0.06
epoch=35/80 loss=0.009888 seconds=0.06
epoch=36/80 loss=0.013218 seconds=0.06
epoch=37/80 loss=0.012667 seconds=0.08
epoch=38/80 loss=0.014467 seconds=0.08
epoch=39/80 loss=0.010083 seconds=0.06
epoch=40/80 loss=0.022161 seconds=0.08
epoch=41/80 loss=0.012782 seconds=0.06
epoch=42/80 loss=0.006399 seconds=0.06
epoch=43/80 loss=0.003361 seconds=0.05
epoch=44/80 loss=0.003344 seconds=0.06
epoch=45/80 loss=0.014238 seconds=0.06
epoch=46/80 loss=0.051737 seconds=0.06
epoch=47/80 loss=0.018347 seconds=0.08
epoch=48/80 loss=0.011588 seconds=0.05
epoch=49/80 loss=0.020710 seconds=0.08
epoch=50/80 loss=0.010328 seconds=0.06
epoch=51/80 loss=0.045500 seconds=0.06
epoch=52/80 loss=0.031809 seconds=0.06
epoch=53/80 loss=0.003745 seconds=0.06
epoch=54/80 loss=0.014722 seconds=0.06
epoch=55/80 loss=0.002179 seconds=0.09
epoch=56/80 loss=0.004471 seconds=0.08
epoch=57/80 loss=0.010031 seconds=0.06
epoch=58/80 loss=0.002875 seconds=0.06
epoch=59/80 loss=0.006882 seconds=0.06
epoch=60/80 loss=0.006131 seconds=0.06
epoch=61/80 loss=0.002099 seconds=0.05
epoch=62/80 loss=0.003975 seconds=0.05
epoch=63/80 loss=0.002545 seconds=0.06
epoch=64/80 loss=0.029943 seconds=0.08
epoch=65/80 loss=0.025272 seconds=0.06
epoch=66/80 loss=0.004031 seconds=0.06
epoch=67/80 loss=0.011244 seconds=0.06
epoch=68/80 loss=0.008894 seconds=0.08
epoch=69/80 loss=0.006494 seconds=0.05
epoch=70/80 loss=0.001608 seconds=0.06
epoch=71/80 loss=0.006195 seconds=0.06
epoch=72/80 loss=0.019093 seconds=0.06
epoch=73/80 loss=0.003420 seconds=0.06
epoch=74/80 loss=0.006767 seconds=0.06
epoch=75/80 loss=0.002375 seconds=0.06
epoch=76/80 loss=0.002237 seconds=0.06
epoch=77/80 loss=0.001294 seconds=0.05
epoch=78/80 loss=0.001574 seconds=0.08
epoch=79/80 loss=0.000863 seconds=0.09
epoch=80/80 loss=0.000798 seconds=0.09
fold=5/10 OOF_accuracy=0.733333 OOF_AUC=0.794258
Device=cuda; epochs=80; batch=32; model=MobileNetV2_1D
epoch=1/80 loss=0.669597 seconds=0.08
epoch=2/80 loss=0.410560 seconds=0.08
epoch=3/80 loss=0.242290 seconds=0.06
epoch=4/80 loss=0.138204 seconds=0.06
epoch=5/80 loss=0.096407 seconds=0.06
epoch=6/80 loss=0.073376 seconds=0.11
epoch=7/80 loss=0.049096 seconds=0.09
epoch=8/80 loss=0.039883 seconds=0.09
epoch=9/80 loss=0.043137 seconds=0.08
epoch=10/80 loss=0.039304 seconds=0.08
epoch=11/80 loss=0.023949 seconds=0.06
epoch=12/80 loss=0.040354 seconds=0.08
epoch=13/80 loss=0.047966 seconds=0.09
epoch=14/80 loss=0.019055 seconds=0.09
epoch=15/80 loss=0.016511 seconds=0.08
epoch=16/80 loss=0.026989 seconds=0.08
epoch=17/80 loss=0.012936 seconds=0.06
epoch=18/80 loss=0.020808 seconds=0.06
epoch=19/80 loss=0.020512 seconds=0.08
epoch=20/80 loss=0.034995 seconds=0.06
epoch=21/80 loss=0.010148 seconds=0.06
epoch=22/80 loss=0.016244 seconds=0.06
epoch=23/80 loss=0.022396 seconds=0.08
epoch=24/80 loss=0.015369 seconds=0.09
epoch=25/80 loss=0.022114 seconds=0.05
epoch=26/80 loss=0.022629 seconds=0.06
epoch=27/80 loss=0.009135 seconds=0.06
epoch=28/80 loss=0.015607 seconds=0.06
epoch=29/80 loss=0.007109 seconds=0.05
epoch=30/80 loss=0.012414 seconds=0.06
epoch=31/80 loss=0.008013 seconds=0.06
epoch=32/80 loss=0.008251 seconds=0.06
epoch=33/80 loss=0.004677 seconds=0.06
epoch=34/80 loss=0.003113 seconds=0.06
epoch=35/80 loss=0.004387 seconds=0.06
epoch=36/80 loss=0.004558 seconds=0.05
epoch=37/80 loss=0.004150 seconds=0.09
epoch=38/80 loss=0.011135 seconds=0.06
epoch=39/80 loss=0.007436 seconds=0.06
epoch=40/80 loss=0.016932 seconds=0.06
epoch=41/80 loss=0.004627 seconds=0.06
epoch=42/80 loss=0.014522 seconds=0.06
epoch=43/80 loss=0.007966 seconds=0.05
epoch=44/80 loss=0.008705 seconds=0.06
epoch=45/80 loss=0.005582 seconds=0.11
epoch=46/80 loss=0.007466 seconds=0.06
epoch=47/80 loss=0.003401 seconds=0.06
epoch=48/80 loss=0.002311 seconds=0.06
epoch=49/80 loss=0.002639 seconds=0.06
epoch=50/80 loss=0.001495 seconds=0.05
epoch=51/80 loss=0.002226 seconds=0.06
epoch=52/80 loss=0.002338 seconds=0.06
epoch=53/80 loss=0.001709 seconds=0.06
epoch=54/80 loss=0.001488 seconds=0.06
epoch=55/80 loss=0.000925 seconds=0.06
epoch=56/80 loss=0.001094 seconds=0.06
epoch=57/80 loss=0.002182 seconds=0.05
epoch=58/80 loss=0.000885 seconds=0.06
epoch=59/80 loss=0.001219 seconds=0.06
epoch=60/80 loss=0.002460 seconds=0.06
epoch=61/80 loss=0.000839 seconds=0.05
epoch=62/80 loss=0.001199 seconds=0.06
epoch=63/80 loss=0.000754 seconds=0.06
epoch=64/80 loss=0.001353 seconds=0.06
epoch=65/80 loss=0.001713 seconds=0.06
epoch=66/80 loss=0.001207 seconds=0.08
epoch=67/80 loss=0.001188 seconds=0.06
epoch=68/80 loss=0.000703 seconds=0.05
epoch=69/80 loss=0.002614 seconds=0.06
epoch=70/80 loss=0.000505 seconds=0.06
epoch=71/80 loss=0.000895 seconds=0.09
epoch=72/80 loss=0.007391 seconds=0.09
epoch=73/80 loss=0.012709 seconds=0.06
epoch=74/80 loss=0.051800 seconds=0.05
epoch=75/80 loss=0.009552 seconds=0.06
epoch=76/80 loss=0.035844 seconds=0.06
epoch=77/80 loss=0.099265 seconds=0.06
epoch=78/80 loss=0.075119 seconds=0.06
epoch=79/80 loss=0.029152 seconds=0.06
epoch=80/80 loss=0.012600 seconds=0.06
fold=6/10 OOF_accuracy=0.766667 OOF_AUC=0.794258
Device=cuda; epochs=80; batch=32; model=MobileNetV2_1D
epoch=1/80 loss=0.656633 seconds=0.06
epoch=2/80 loss=0.396810 seconds=0.06
epoch=3/80 loss=0.216637 seconds=0.06
epoch=4/80 loss=0.120104 seconds=0.06
epoch=5/80 loss=0.090755 seconds=0.06
epoch=6/80 loss=0.069820 seconds=0.06
epoch=7/80 loss=0.046842 seconds=0.06
epoch=8/80 loss=0.036998 seconds=0.06
epoch=9/80 loss=0.037141 seconds=0.06
epoch=10/80 loss=0.030852 seconds=0.05
epoch=11/80 loss=0.018566 seconds=0.06
epoch=12/80 loss=0.027261 seconds=0.05
epoch=13/80 loss=0.033367 seconds=0.06
epoch=14/80 loss=0.013399 seconds=0.06
epoch=15/80 loss=0.012369 seconds=0.06
epoch=16/80 loss=0.024156 seconds=0.06
epoch=17/80 loss=0.016406 seconds=0.06
epoch=18/80 loss=0.022823 seconds=0.06
epoch=19/80 loss=0.020629 seconds=0.06
epoch=20/80 loss=0.019196 seconds=0.06
epoch=21/80 loss=0.029938 seconds=0.05
epoch=22/80 loss=0.026608 seconds=0.06
epoch=23/80 loss=0.049753 seconds=0.06
epoch=24/80 loss=0.016716 seconds=0.06
epoch=25/80 loss=0.013564 seconds=0.08
epoch=26/80 loss=0.013555 seconds=0.06
epoch=27/80 loss=0.008494 seconds=0.06
epoch=28/80 loss=0.007482 seconds=0.06
epoch=29/80 loss=0.005275 seconds=0.06
epoch=30/80 loss=0.007899 seconds=0.06
epoch=31/80 loss=0.004543 seconds=0.06
epoch=32/80 loss=0.006439 seconds=0.06
epoch=33/80 loss=0.003154 seconds=0.08
epoch=34/80 loss=0.003904 seconds=0.06
epoch=35/80 loss=0.003489 seconds=0.05
epoch=36/80 loss=0.002579 seconds=0.06
epoch=37/80 loss=0.003232 seconds=0.06
epoch=38/80 loss=0.004082 seconds=0.06
epoch=39/80 loss=0.005774 seconds=0.05
epoch=40/80 loss=0.018474 seconds=0.06
epoch=41/80 loss=0.013025 seconds=0.06
epoch=42/80 loss=0.007594 seconds=0.06
epoch=43/80 loss=0.012445 seconds=0.08
epoch=44/80 loss=0.010249 seconds=0.11
epoch=45/80 loss=0.010151 seconds=0.08
epoch=46/80 loss=0.009500 seconds=0.08
epoch=47/80 loss=0.005537 seconds=0.09
epoch=48/80 loss=0.003033 seconds=0.06
epoch=49/80 loss=0.003425 seconds=0.05
epoch=50/80 loss=0.002304 seconds=0.06
epoch=51/80 loss=0.002176 seconds=0.06
epoch=52/80 loss=0.003167 seconds=0.06
epoch=53/80 loss=0.002056 seconds=0.08
epoch=54/80 loss=0.039272 seconds=0.09
epoch=55/80 loss=0.004956 seconds=0.06
epoch=56/80 loss=0.002230 seconds=0.06
epoch=57/80 loss=0.008932 seconds=0.09
epoch=58/80 loss=0.007979 seconds=0.06
epoch=59/80 loss=0.003914 seconds=0.06
epoch=60/80 loss=0.008321 seconds=0.05
epoch=61/80 loss=0.026183 seconds=0.06
epoch=62/80 loss=0.006215 seconds=0.06
epoch=63/80 loss=0.003361 seconds=0.06
epoch=64/80 loss=0.002303 seconds=0.08
epoch=65/80 loss=0.002516 seconds=0.06
epoch=66/80 loss=0.002172 seconds=0.05
epoch=67/80 loss=0.001364 seconds=0.08
epoch=68/80 loss=0.001081 seconds=0.06
epoch=69/80 loss=0.001565 seconds=0.05
epoch=70/80 loss=0.000723 seconds=0.06
epoch=71/80 loss=0.000890 seconds=0.06
epoch=72/80 loss=0.002844 seconds=0.06
epoch=73/80 loss=0.000693 seconds=0.06
epoch=74/80 loss=0.002863 seconds=0.06
epoch=75/80 loss=0.000701 seconds=0.05
epoch=76/80 loss=0.003532 seconds=0.06
epoch=77/80 loss=0.001180 seconds=0.06
epoch=78/80 loss=0.065694 seconds=0.06
epoch=79/80 loss=0.021308 seconds=0.06
epoch=80/80 loss=0.008727 seconds=0.08
fold=7/10 OOF_accuracy=0.766667 OOF_AUC=0.693780
Device=cuda; epochs=80; batch=32; model=MobileNetV2_1D
epoch=1/80 loss=0.660742 seconds=0.06
epoch=2/80 loss=0.386981 seconds=0.06
epoch=3/80 loss=0.211212 seconds=0.06
epoch=4/80 loss=0.122796 seconds=0.06
epoch=5/80 loss=0.091991 seconds=0.06
epoch=6/80 loss=0.068533 seconds=0.06
epoch=7/80 loss=0.046027 seconds=0.05
epoch=8/80 loss=0.033898 seconds=0.06
epoch=9/80 loss=0.029584 seconds=0.06
epoch=10/80 loss=0.033428 seconds=0.06
epoch=11/80 loss=0.021644 seconds=0.09
epoch=12/80 loss=0.032003 seconds=0.05
epoch=13/80 loss=0.032686 seconds=0.06
epoch=14/80 loss=0.014082 seconds=0.05
epoch=15/80 loss=0.012050 seconds=0.06
epoch=16/80 loss=0.012738 seconds=0.06
epoch=17/80 loss=0.007876 seconds=0.06
epoch=18/80 loss=0.012700 seconds=0.06
epoch=19/80 loss=0.021969 seconds=0.08
epoch=20/80 loss=0.020077 seconds=0.08
epoch=21/80 loss=0.016606 seconds=0.05
epoch=22/80 loss=0.014029 seconds=0.06
epoch=23/80 loss=0.023507 seconds=0.06
epoch=24/80 loss=0.034166 seconds=0.06
epoch=25/80 loss=0.032623 seconds=0.06
epoch=26/80 loss=0.015317 seconds=0.08
epoch=27/80 loss=0.013717 seconds=0.06
epoch=28/80 loss=0.008361 seconds=0.06
epoch=29/80 loss=0.004955 seconds=0.06
epoch=30/80 loss=0.007580 seconds=0.06
epoch=31/80 loss=0.004216 seconds=0.06
epoch=32/80 loss=0.006727 seconds=0.06
epoch=33/80 loss=0.004349 seconds=0.06
epoch=34/80 loss=0.003014 seconds=0.06
epoch=35/80 loss=0.003945 seconds=0.06
epoch=36/80 loss=0.002791 seconds=0.06
epoch=37/80 loss=0.003021 seconds=0.11
epoch=38/80 loss=0.002990 seconds=0.06
epoch=39/80 loss=0.003335 seconds=0.06
epoch=40/80 loss=0.003516 seconds=0.06
epoch=41/80 loss=0.001708 seconds=0.06
epoch=42/80 loss=0.002441 seconds=0.06
epoch=43/80 loss=0.002134 seconds=0.06
epoch=44/80 loss=0.001680 seconds=0.08
epoch=45/80 loss=0.001891 seconds=0.08
epoch=46/80 loss=0.002367 seconds=0.11
epoch=47/80 loss=0.001341 seconds=0.08
epoch=48/80 loss=0.001384 seconds=0.06
epoch=49/80 loss=0.001563 seconds=0.05
epoch=50/80 loss=0.001251 seconds=0.06
epoch=51/80 loss=0.001755 seconds=0.08
epoch=52/80 loss=0.001682 seconds=0.09
epoch=53/80 loss=0.001259 seconds=0.05
epoch=54/80 loss=0.002951 seconds=0.06
epoch=55/80 loss=0.001110 seconds=0.06
epoch=56/80 loss=0.004648 seconds=0.06
epoch=57/80 loss=0.003335 seconds=0.06
epoch=58/80 loss=0.002026 seconds=0.06
epoch=59/80 loss=0.003710 seconds=0.06
epoch=60/80 loss=0.003460 seconds=0.06
epoch=61/80 loss=0.001107 seconds=0.06
epoch=62/80 loss=0.001347 seconds=0.06
epoch=63/80 loss=0.002224 seconds=0.06
epoch=64/80 loss=0.001566 seconds=0.06
epoch=65/80 loss=0.010451 seconds=0.06
epoch=66/80 loss=0.048579 seconds=0.06
epoch=67/80 loss=0.060506 seconds=0.06
epoch=68/80 loss=0.020764 seconds=0.08
epoch=69/80 loss=0.019930 seconds=0.05
epoch=70/80 loss=0.003271 seconds=0.06
epoch=71/80 loss=0.007701 seconds=0.06
epoch=72/80 loss=0.008046 seconds=0.08
epoch=73/80 loss=0.004013 seconds=0.05
epoch=74/80 loss=0.007671 seconds=0.06
epoch=75/80 loss=0.001687 seconds=0.06
epoch=76/80 loss=0.012762 seconds=0.06
epoch=77/80 loss=0.003121 seconds=0.09
epoch=78/80 loss=0.003447 seconds=0.06
epoch=79/80 loss=0.001300 seconds=0.05
epoch=80/80 loss=0.000997 seconds=0.06
fold=8/10 OOF_accuracy=0.700000 OOF_AUC=0.803828
Device=cuda; epochs=80; batch=32; model=MobileNetV2_1D
epoch=1/80 loss=0.634834 seconds=0.05
epoch=2/80 loss=0.364363 seconds=0.08
epoch=3/80 loss=0.201084 seconds=0.06
epoch=4/80 loss=0.112380 seconds=0.06
epoch=5/80 loss=0.087480 seconds=0.06
epoch=6/80 loss=0.067504 seconds=0.08
epoch=7/80 loss=0.052573 seconds=0.06
epoch=8/80 loss=0.039517 seconds=0.06
epoch=9/80 loss=0.030543 seconds=0.05
epoch=10/80 loss=0.027696 seconds=0.08
epoch=11/80 loss=0.017007 seconds=0.05
epoch=12/80 loss=0.022819 seconds=0.06
epoch=13/80 loss=0.027448 seconds=0.11
epoch=14/80 loss=0.012065 seconds=0.06
epoch=15/80 loss=0.009844 seconds=0.06
epoch=16/80 loss=0.015132 seconds=0.08
epoch=17/80 loss=0.008388 seconds=0.08
epoch=18/80 loss=0.010988 seconds=0.06
epoch=19/80 loss=0.015189 seconds=0.06
epoch=20/80 loss=0.010432 seconds=0.06
epoch=21/80 loss=0.013005 seconds=0.06
epoch=22/80 loss=0.010372 seconds=0.06
epoch=23/80 loss=0.017452 seconds=0.06
epoch=24/80 loss=0.013453 seconds=0.08
epoch=25/80 loss=0.026818 seconds=0.06
epoch=26/80 loss=0.028942 seconds=0.06
epoch=27/80 loss=0.032739 seconds=0.06
epoch=28/80 loss=0.027892 seconds=0.09
epoch=29/80 loss=0.033807 seconds=0.08
epoch=30/80 loss=0.021223 seconds=0.05
epoch=31/80 loss=0.011360 seconds=0.08
epoch=32/80 loss=0.013115 seconds=0.06
epoch=33/80 loss=0.004856 seconds=0.06
epoch=34/80 loss=0.007841 seconds=0.06
epoch=35/80 loss=0.005250 seconds=0.08
epoch=36/80 loss=0.015880 seconds=0.06
epoch=37/80 loss=0.039557 seconds=0.05
epoch=38/80 loss=0.050449 seconds=0.08
epoch=39/80 loss=0.036226 seconds=0.05
epoch=40/80 loss=0.024951 seconds=0.08
epoch=41/80 loss=0.014927 seconds=0.06
epoch=42/80 loss=0.047756 seconds=0.06
epoch=43/80 loss=0.006447 seconds=0.06
epoch=44/80 loss=0.003284 seconds=0.06
epoch=45/80 loss=0.005096 seconds=0.05
epoch=46/80 loss=0.014708 seconds=0.06
epoch=47/80 loss=0.024226 seconds=0.08
epoch=48/80 loss=0.004282 seconds=0.06
epoch=49/80 loss=0.007416 seconds=0.06
epoch=50/80 loss=0.002230 seconds=0.06
epoch=51/80 loss=0.004465 seconds=0.08
epoch=52/80 loss=0.004121 seconds=0.06
epoch=53/80 loss=0.003040 seconds=0.06
epoch=54/80 loss=0.001926 seconds=0.06
epoch=55/80 loss=0.001381 seconds=0.06
epoch=56/80 loss=0.001480 seconds=0.06
epoch=57/80 loss=0.003710 seconds=0.06
epoch=58/80 loss=0.001728 seconds=0.08
epoch=59/80 loss=0.001923 seconds=0.06
epoch=60/80 loss=0.002637 seconds=0.06
epoch=61/80 loss=0.001064 seconds=0.08
epoch=62/80 loss=0.002500 seconds=0.08
epoch=63/80 loss=0.000951 seconds=0.06
epoch=64/80 loss=0.003941 seconds=0.06
epoch=65/80 loss=0.003594 seconds=0.06
epoch=66/80 loss=0.002455 seconds=0.08
epoch=67/80 loss=0.002816 seconds=0.11
epoch=68/80 loss=0.001230 seconds=0.05
epoch=69/80 loss=0.002926 seconds=0.09
epoch=70/80 loss=0.000623 seconds=0.06
epoch=71/80 loss=0.000798 seconds=0.06
epoch=72/80 loss=0.001446 seconds=0.06
epoch=73/80 loss=0.000783 seconds=0.06
epoch=74/80 loss=0.001711 seconds=0.06
epoch=75/80 loss=0.000607 seconds=0.06
epoch=76/80 loss=0.001604 seconds=0.06
epoch=77/80 loss=0.000648 seconds=0.06
epoch=78/80 loss=0.001129 seconds=0.06
epoch=79/80 loss=0.000753 seconds=0.06
epoch=80/80 loss=0.000592 seconds=0.06
fold=9/10 OOF_accuracy=0.666667 OOF_AUC=0.755981
Device=cuda; epochs=80; batch=32; model=MobileNetV2_1D
epoch=1/80 loss=0.650040 seconds=0.06
epoch=2/80 loss=0.395971 seconds=0.06
epoch=3/80 loss=0.203399 seconds=0.06
epoch=4/80 loss=0.110350 seconds=0.08
epoch=5/80 loss=0.077609 seconds=0.06
epoch=6/80 loss=0.059756 seconds=0.06
epoch=7/80 loss=0.036506 seconds=0.06
epoch=8/80 loss=0.031316 seconds=0.08
epoch=9/80 loss=0.024912 seconds=0.12
epoch=10/80 loss=0.023530 seconds=0.08
epoch=11/80 loss=0.015145 seconds=0.09
epoch=12/80 loss=0.019162 seconds=0.06
epoch=13/80 loss=0.021324 seconds=0.06
epoch=14/80 loss=0.009508 seconds=0.08
epoch=15/80 loss=0.009008 seconds=0.06
epoch=16/80 loss=0.011331 seconds=0.06
epoch=17/80 loss=0.007505 seconds=0.06
epoch=18/80 loss=0.009933 seconds=0.05
epoch=19/80 loss=0.023300 seconds=0.08
epoch=20/80 loss=0.036011 seconds=0.06
epoch=21/80 loss=0.023536 seconds=0.06
epoch=22/80 loss=0.020235 seconds=0.06
epoch=23/80 loss=0.055445 seconds=0.06
epoch=24/80 loss=0.038624 seconds=0.06
epoch=25/80 loss=0.026724 seconds=0.06
epoch=26/80 loss=0.008384 seconds=0.06
epoch=27/80 loss=0.011352 seconds=0.06
epoch=28/80 loss=0.012919 seconds=0.06
epoch=29/80 loss=0.005005 seconds=0.06
epoch=30/80 loss=0.009486 seconds=0.08
epoch=31/80 loss=0.005470 seconds=0.08
epoch=32/80 loss=0.005728 seconds=0.06
epoch=33/80 loss=0.003880 seconds=0.08
epoch=34/80 loss=0.003131 seconds=0.06
epoch=35/80 loss=0.003539 seconds=0.06
epoch=36/80 loss=0.002764 seconds=0.08
epoch=37/80 loss=0.003746 seconds=0.06
epoch=38/80 loss=0.003092 seconds=0.06
epoch=39/80 loss=0.003981 seconds=0.06
epoch=40/80 loss=0.003235 seconds=0.08
epoch=41/80 loss=0.001846 seconds=0.06
epoch=42/80 loss=0.002200 seconds=0.06
epoch=43/80 loss=0.001941 seconds=0.08
epoch=44/80 loss=0.001698 seconds=0.06
epoch=45/80 loss=0.001980 seconds=0.08
epoch=46/80 loss=0.002367 seconds=0.06
epoch=47/80 loss=0.001225 seconds=0.06
epoch=48/80 loss=0.001553 seconds=0.05
epoch=49/80 loss=0.002073 seconds=0.06
epoch=50/80 loss=0.001241 seconds=0.06
epoch=51/80 loss=0.001971 seconds=0.06
epoch=52/80 loss=0.002600 seconds=0.08
epoch=53/80 loss=0.001406 seconds=0.06
epoch=54/80 loss=0.001684 seconds=0.06
epoch=55/80 loss=0.001432 seconds=0.08
epoch=56/80 loss=0.001406 seconds=0.06
epoch=57/80 loss=0.001978 seconds=0.06
epoch=58/80 loss=0.000951 seconds=0.08
epoch=59/80 loss=0.001190 seconds=0.06
epoch=60/80 loss=0.001761 seconds=0.06
epoch=61/80 loss=0.000837 seconds=0.06
epoch=62/80 loss=0.000978 seconds=0.06
epoch=63/80 loss=0.000789 seconds=0.08
epoch=64/80 loss=0.001398 seconds=0.06
epoch=65/80 loss=0.001357 seconds=0.06
epoch=66/80 loss=0.001034 seconds=0.11
epoch=67/80 loss=0.000980 seconds=0.08
epoch=68/80 loss=0.000743 seconds=0.06
epoch=69/80 loss=0.001553 seconds=0.06
epoch=70/80 loss=0.000506 seconds=0.08
epoch=71/80 loss=0.000872 seconds=0.06
epoch=72/80 loss=0.001250 seconds=0.08
epoch=73/80 loss=0.000726 seconds=0.06
epoch=74/80 loss=0.002063 seconds=0.06
epoch=75/80 loss=0.000585 seconds=0.06
epoch=76/80 loss=0.002733 seconds=0.06
epoch=77/80 loss=0.000779 seconds=0.06
epoch=78/80 loss=0.002484 seconds=0.06
epoch=79/80 loss=0.017140 seconds=0.08
epoch=80/80 loss=0.004121 seconds=0.05
fold=10/10 OOF_accuracy=0.600000 OOF_AUC=0.588517
Device=cuda; epochs=80; batch=32; model=MobileNetV2_1D
epoch=1/80 loss=0.621653 seconds=0.09
epoch=2/80 loss=0.333827 seconds=0.06
epoch=3/80 loss=0.174446 seconds=0.08
epoch=4/80 loss=0.133595 seconds=0.08
epoch=5/80 loss=0.085256 seconds=0.06
epoch=6/80 loss=0.068730 seconds=0.06
epoch=7/80 loss=0.053658 seconds=0.06
epoch=8/80 loss=0.040884 seconds=0.06
epoch=9/80 loss=0.072192 seconds=0.06
epoch=10/80 loss=0.043602 seconds=0.08
epoch=11/80 loss=0.031034 seconds=0.08
epoch=12/80 loss=0.020094 seconds=0.08
epoch=13/80 loss=0.018129 seconds=0.08
epoch=14/80 loss=0.016128 seconds=0.06
epoch=15/80 loss=0.021560 seconds=0.08
epoch=16/80 loss=0.022093 seconds=0.06
epoch=17/80 loss=0.016128 seconds=0.08
epoch=18/80 loss=0.025498 seconds=0.06
epoch=19/80 loss=0.008628 seconds=0.08
epoch=20/80 loss=0.010756 seconds=0.12
epoch=21/80 loss=0.006581 seconds=0.11
epoch=22/80 loss=0.020384 seconds=0.08
epoch=23/80 loss=0.014223 seconds=0.06
epoch=24/80 loss=0.027592 seconds=0.09
epoch=25/80 loss=0.034645 seconds=0.06
epoch=26/80 loss=0.053719 seconds=0.06
epoch=27/80 loss=0.023577 seconds=0.06
epoch=28/80 loss=0.017635 seconds=0.06
epoch=29/80 loss=0.007980 seconds=0.06
epoch=30/80 loss=0.008756 seconds=0.08
epoch=31/80 loss=0.018330 seconds=0.06
epoch=32/80 loss=0.038351 seconds=0.09
epoch=33/80 loss=0.130606 seconds=0.08
epoch=34/80 loss=0.035323 seconds=0.06
epoch=35/80 loss=0.068453 seconds=0.06
epoch=36/80 loss=0.018490 seconds=0.08
epoch=37/80 loss=0.044894 seconds=0.06
epoch=38/80 loss=0.028362 seconds=0.06
epoch=39/80 loss=0.009995 seconds=0.06
epoch=40/80 loss=0.012287 seconds=0.06
epoch=41/80 loss=0.017729 seconds=0.06
epoch=42/80 loss=0.014093 seconds=0.06
epoch=43/80 loss=0.011332 seconds=0.06
epoch=44/80 loss=0.012477 seconds=0.06
epoch=45/80 loss=0.003797 seconds=0.06
epoch=46/80 loss=0.003239 seconds=0.06
epoch=47/80 loss=0.002963 seconds=0.08
epoch=48/80 loss=0.012590 seconds=0.06
epoch=49/80 loss=0.008429 seconds=0.06
epoch=50/80 loss=0.020128 seconds=0.08
epoch=51/80 loss=0.013768 seconds=0.06
epoch=52/80 loss=0.026275 seconds=0.08
epoch=53/80 loss=0.044182 seconds=0.06
epoch=54/80 loss=0.097605 seconds=0.06
epoch=55/80 loss=0.019753 seconds=0.08
epoch=56/80 loss=0.035376 seconds=0.09
epoch=57/80 loss=0.014571 seconds=0.06
epoch=58/80 loss=0.034127 seconds=0.06
epoch=59/80 loss=0.015243 seconds=0.06
epoch=60/80 loss=0.019971 seconds=0.06
epoch=61/80 loss=0.013051 seconds=0.06
epoch=62/80 loss=0.024707 seconds=0.06
epoch=63/80 loss=0.102660 seconds=0.08
epoch=64/80 loss=0.031718 seconds=0.08
epoch=65/80 loss=0.023012 seconds=0.08
epoch=66/80 loss=0.015936 seconds=0.06
epoch=67/80 loss=0.025382 seconds=0.06
epoch=68/80 loss=0.025428 seconds=0.06
epoch=69/80 loss=0.013259 seconds=0.06
epoch=70/80 loss=0.008902 seconds=0.06
epoch=71/80 loss=0.013263 seconds=0.06
epoch=72/80 loss=0.009094 seconds=0.06
epoch=73/80 loss=0.009815 seconds=0.08
epoch=74/80 loss=0.004765 seconds=0.06
epoch=75/80 loss=0.014584 seconds=0.06
epoch=76/80 loss=0.005663 seconds=0.06
epoch=77/80 loss=0.002220 seconds=0.06
epoch=78/80 loss=0.002137 seconds=0.06
epoch=79/80 loss=0.002969 seconds=0.06
epoch=80/80 loss=0.002094 seconds=0.06
{"cv_oof": {"accuracy": 0.7133333333333334, "balanced_accuracy": 0.6808449074074074, "sensitivity": 0.5648148148148148, "specificity": 0.796875, "f1_macro": 0.6835753532182104, "roc_auc": 0.7355082947530863, "confusion_matrix": [[153, 39], [47, 61]], "classification_report": {"0": {"precision": 0.765, "recall": 0.796875, "f1-score": 0.7806122448979592, "support": 192.0}, "1": {"precision": 0.61, "recall": 0.5648148148148148, "f1-score": 0.5865384615384616, "support": 108.0}, "accuracy": 0.7133333333333334, "macro avg": {"precision": 0.6875, "recall": 0.6808449074074074, "f1-score": 0.6835753532182104, "support": 300.0}, "weighted avg": {"precision": 0.7091999999999999, "recall": 0.7133333333333334, "f1-score": 0.71074568288854, "support": 300.0}}}, "test": {"accuracy": 0.7808219178082192, "balanced_accuracy": 0.7610474631751227, "sensitivity": 0.6923076923076923, "specificity": 0.8297872340425532, "f1_macro": 0.7610474631751227, "roc_auc": 0.8216039279869067, "confusion_matrix": [[39, 8], [8, 18]], "classification_report": {"0": {"precision": 0.8297872340425532, "recall": 0.8297872340425532, "f1-score": 0.8297872340425532, "support": 47.0}, "1": {"precision": 0.6923076923076923, "recall": 0.6923076923076923, "f1-score": 0.6923076923076923, "support": 26.0}, "accuracy": 0.7808219178082192, "macro avg": {"precision": 0.7610474631751227, "recall": 0.7610474631751227, "f1-score": 0.7610474631751227, "support": 73.0}, "weighted avg": {"precision": 0.7808219178082192, "recall": 0.7808219178082192, "f1-score": 0.7808219178082192, "support": 73.0}}}, "folds": 10, "original_train_rows": 300, "train_rows": 300, "test_rows": 73, "elapsed_seconds": 63.29700000002049}
