Command: ["C:\\Users\\IHCK\\AppData\\Local\\Programs\\Python\\Python312\\python.exe", "-u", "C:\\Users\\IHCK\\Desktop\\1_10_69Final\\Hippocampal-Shape-Analysis-for-Epilepsy-Detection\\Model\\train_dataset_model.py", "--dataset", "plsda_latent_features", "--side", "right", "--model", "SqueezeNet", "--kind", "latent", "--train-csv", "C:\\Users\\IHCK\\Desktop\\1_10_69Final\\Hippocampal-Shape-Analysis-for-Epilepsy-Detection\\Output_Dataset\\plsda_latent_features\\right\\train_plsda_latent_features.csv", "--test-csv", "C:\\Users\\IHCK\\Desktop\\1_10_69Final\\Hippocampal-Shape-Analysis-for-Epilepsy-Detection\\Output_Dataset\\plsda_latent_features\\right\\test_plsda_latent_features.csv", "--output-dir", "C:\\Users\\IHCK\\Desktop\\1_10_69Final\\Hippocampal-Shape-Analysis-for-Epilepsy-Detection\\Model_Results\\dataset_runs_20261003_10fold\\plsda_latent_features\\right\\SqueezeNet", "--epochs", "80", "--folds", "10", "--pls-components", "8", "--seed", "42", "--threads", "2"]
10-fold CV: dataset=plsda_latent_features side=right model=SqueezeNet; original_train=300 test=77
Device=cuda; epochs=80; batch=32; model=SqueezeNet1D
epoch=1/80 loss=1.012194 seconds=0.38
epoch=2/80 loss=1.011878 seconds=0.03
epoch=3/80 loss=1.011987 seconds=0.03
epoch=4/80 loss=1.010333 seconds=0.05
epoch=5/80 loss=1.011000 seconds=0.03
epoch=6/80 loss=1.010300 seconds=0.05
epoch=7/80 loss=1.006799 seconds=0.03
epoch=8/80 loss=0.999464 seconds=0.03
epoch=9/80 loss=0.986281 seconds=0.03
epoch=10/80 loss=0.946438 seconds=0.05
epoch=11/80 loss=0.871877 seconds=0.03
epoch=12/80 loss=0.757587 seconds=0.05
epoch=13/80 loss=0.727361 seconds=0.03
epoch=14/80 loss=0.612307 seconds=0.03
epoch=15/80 loss=0.600220 seconds=0.03
epoch=16/80 loss=0.558087 seconds=0.03
epoch=17/80 loss=0.507467 seconds=0.05
epoch=18/80 loss=0.495245 seconds=0.03
epoch=19/80 loss=0.478213 seconds=0.03
epoch=20/80 loss=0.445574 seconds=0.03
epoch=21/80 loss=0.415470 seconds=0.05
epoch=22/80 loss=0.384638 seconds=0.03
epoch=23/80 loss=0.382854 seconds=0.03
epoch=24/80 loss=0.353301 seconds=0.05
epoch=25/80 loss=0.368177 seconds=0.03
epoch=26/80 loss=0.366644 seconds=0.03
epoch=27/80 loss=0.334412 seconds=0.05
epoch=28/80 loss=0.364266 seconds=0.03
epoch=29/80 loss=0.290527 seconds=0.05
epoch=30/80 loss=0.302296 seconds=0.03
epoch=31/80 loss=0.278803 seconds=0.03
epoch=32/80 loss=0.280961 seconds=0.05
epoch=33/80 loss=0.264527 seconds=0.03
epoch=34/80 loss=0.271242 seconds=0.03
epoch=35/80 loss=0.243951 seconds=0.05
epoch=36/80 loss=0.212643 seconds=0.03
epoch=37/80 loss=0.229760 seconds=0.03
epoch=38/80 loss=0.233313 seconds=0.03
epoch=39/80 loss=0.179109 seconds=0.03
epoch=40/80 loss=0.155741 seconds=0.05
epoch=41/80 loss=0.145950 seconds=0.03
epoch=42/80 loss=0.131265 seconds=0.03
epoch=43/80 loss=0.134314 seconds=0.03
epoch=44/80 loss=0.098450 seconds=0.05
epoch=45/80 loss=0.102882 seconds=0.03
epoch=46/80 loss=0.121899 seconds=0.03
epoch=47/80 loss=0.104456 seconds=0.05
epoch=48/80 loss=0.086069 seconds=0.03
epoch=49/80 loss=0.087176 seconds=0.03
epoch=50/80 loss=0.076688 seconds=0.05
epoch=51/80 loss=0.064523 seconds=0.03
epoch=52/80 loss=0.055940 seconds=0.03
epoch=53/80 loss=0.042535 seconds=0.03
epoch=54/80 loss=0.065148 seconds=0.03
epoch=55/80 loss=0.058113 seconds=0.03
epoch=56/80 loss=0.086368 seconds=0.03
epoch=57/80 loss=0.088448 seconds=0.03
epoch=58/80 loss=0.163022 seconds=0.05
epoch=59/80 loss=0.099113 seconds=0.03
epoch=60/80 loss=0.061397 seconds=0.03
epoch=61/80 loss=0.052383 seconds=0.03
epoch=62/80 loss=0.042765 seconds=0.05
epoch=63/80 loss=0.038183 seconds=0.03
epoch=64/80 loss=0.037006 seconds=0.05
epoch=65/80 loss=0.045300 seconds=0.05
epoch=66/80 loss=0.032297 seconds=0.05
epoch=67/80 loss=0.036812 seconds=0.05
epoch=68/80 loss=0.033461 seconds=0.03
epoch=69/80 loss=0.037813 seconds=0.03
epoch=70/80 loss=0.034205 seconds=0.03
epoch=71/80 loss=0.024077 seconds=0.05
epoch=72/80 loss=0.017397 seconds=0.03
epoch=73/80 loss=0.032807 seconds=0.03
epoch=74/80 loss=0.022673 seconds=0.03
epoch=75/80 loss=0.017592 seconds=0.03
epoch=76/80 loss=0.028628 seconds=0.03
epoch=77/80 loss=0.031615 seconds=0.03
epoch=78/80 loss=0.045884 seconds=0.03
epoch=79/80 loss=0.030305 seconds=0.03
epoch=80/80 loss=0.045310 seconds=0.03
fold=1/10 OOF_accuracy=0.766667 OOF_AUC=0.812500
Device=cuda; epochs=80; batch=32; model=SqueezeNet1D
epoch=1/80 loss=1.012084 seconds=0.03
epoch=2/80 loss=1.011606 seconds=0.03
epoch=3/80 loss=1.011139 seconds=0.03
epoch=4/80 loss=1.008053 seconds=0.05
epoch=5/80 loss=1.004429 seconds=0.02
epoch=6/80 loss=0.990020 seconds=0.03
epoch=7/80 loss=0.950810 seconds=0.03
epoch=8/80 loss=0.872168 seconds=0.03
epoch=9/80 loss=0.756197 seconds=0.03
epoch=10/80 loss=0.643572 seconds=0.03
epoch=11/80 loss=0.580961 seconds=0.03
epoch=12/80 loss=0.568695 seconds=0.05
epoch=13/80 loss=0.555773 seconds=0.03
epoch=14/80 loss=0.499194 seconds=0.03
epoch=15/80 loss=0.482614 seconds=0.03
epoch=16/80 loss=0.487836 seconds=0.03
epoch=17/80 loss=0.488978 seconds=0.05
epoch=18/80 loss=0.430475 seconds=0.03
epoch=19/80 loss=0.428146 seconds=0.03
epoch=20/80 loss=0.429032 seconds=0.05
epoch=21/80 loss=0.469433 seconds=0.03
epoch=22/80 loss=0.457563 seconds=0.03
epoch=23/80 loss=0.407027 seconds=0.03
epoch=24/80 loss=0.374876 seconds=0.03
epoch=25/80 loss=0.369221 seconds=0.03
epoch=26/80 loss=0.368062 seconds=0.03
epoch=27/80 loss=0.334371 seconds=0.03
epoch=28/80 loss=0.336119 seconds=0.03
epoch=29/80 loss=0.305558 seconds=0.05
epoch=30/80 loss=0.288084 seconds=0.05
epoch=31/80 loss=0.279746 seconds=0.03
epoch=32/80 loss=0.256518 seconds=0.03
epoch=33/80 loss=0.257499 seconds=0.03
epoch=34/80 loss=0.245003 seconds=0.03
epoch=35/80 loss=0.215171 seconds=0.03
epoch=36/80 loss=0.209122 seconds=0.03
epoch=37/80 loss=0.211832 seconds=0.03
epoch=38/80 loss=0.191750 seconds=0.03
epoch=39/80 loss=0.224474 seconds=0.03
epoch=40/80 loss=0.185342 seconds=0.03
epoch=41/80 loss=0.197876 seconds=0.03
epoch=42/80 loss=0.234762 seconds=0.03
epoch=43/80 loss=0.335264 seconds=0.03
epoch=44/80 loss=0.222913 seconds=0.03
epoch=45/80 loss=0.265934 seconds=0.03
epoch=46/80 loss=0.222949 seconds=0.03
epoch=47/80 loss=0.177713 seconds=0.05
epoch=48/80 loss=0.172049 seconds=0.03
epoch=49/80 loss=0.182930 seconds=0.03
epoch=50/80 loss=0.125858 seconds=0.05
epoch=51/80 loss=0.184885 seconds=0.05
epoch=52/80 loss=0.193140 seconds=0.05
epoch=53/80 loss=0.175412 seconds=0.03
epoch=54/80 loss=0.186342 seconds=0.03
epoch=55/80 loss=0.153349 seconds=0.03
epoch=56/80 loss=0.127030 seconds=0.03
epoch=57/80 loss=0.140876 seconds=0.03
epoch=58/80 loss=0.121648 seconds=0.05
epoch=59/80 loss=0.114521 seconds=0.03
epoch=60/80 loss=0.106876 seconds=0.03
epoch=61/80 loss=0.105896 seconds=0.03
epoch=62/80 loss=0.104660 seconds=0.03
epoch=63/80 loss=0.121905 seconds=0.03
epoch=64/80 loss=0.124919 seconds=0.03
epoch=65/80 loss=0.143873 seconds=0.05
epoch=66/80 loss=0.104491 seconds=0.03
epoch=67/80 loss=0.115041 seconds=0.03
epoch=68/80 loss=0.167109 seconds=0.03
epoch=69/80 loss=0.135532 seconds=0.03
epoch=70/80 loss=0.093662 seconds=0.03
epoch=71/80 loss=0.107324 seconds=0.03
epoch=72/80 loss=0.087023 seconds=0.03
epoch=73/80 loss=0.080320 seconds=0.05
epoch=74/80 loss=0.084288 seconds=0.03
epoch=75/80 loss=0.066722 seconds=0.03
epoch=76/80 loss=0.103561 seconds=0.03
epoch=77/80 loss=0.075893 seconds=0.03
epoch=78/80 loss=0.054380 seconds=0.03
epoch=79/80 loss=0.059945 seconds=0.03
epoch=80/80 loss=0.062531 seconds=0.05
fold=2/10 OOF_accuracy=0.866667 OOF_AUC=0.931818
Device=cuda; epochs=80; batch=32; model=SqueezeNet1D
epoch=1/80 loss=1.012083 seconds=0.03
epoch=2/80 loss=1.011562 seconds=0.03
epoch=3/80 loss=1.011113 seconds=0.03
epoch=4/80 loss=1.008319 seconds=0.03
epoch=5/80 loss=1.005620 seconds=0.03
epoch=6/80 loss=0.994867 seconds=0.05
epoch=7/80 loss=0.966736 seconds=0.03
epoch=8/80 loss=0.894319 seconds=0.03
epoch=9/80 loss=0.774988 seconds=0.03
epoch=10/80 loss=0.671651 seconds=0.05
epoch=11/80 loss=0.606008 seconds=0.03
epoch=12/80 loss=0.564609 seconds=0.03
epoch=13/80 loss=0.551269 seconds=0.02
epoch=14/80 loss=0.532840 seconds=0.05
epoch=15/80 loss=0.502340 seconds=0.03
epoch=16/80 loss=0.535746 seconds=0.03
epoch=17/80 loss=0.483486 seconds=0.03
epoch=18/80 loss=0.441396 seconds=0.03
epoch=19/80 loss=0.443021 seconds=0.03
epoch=20/80 loss=0.428867 seconds=0.03
epoch=21/80 loss=0.398761 seconds=0.03
epoch=22/80 loss=0.426914 seconds=0.03
epoch=23/80 loss=0.437103 seconds=0.03
epoch=24/80 loss=0.412601 seconds=0.05
epoch=25/80 loss=0.399231 seconds=0.03
epoch=26/80 loss=0.376877 seconds=0.03
epoch=27/80 loss=0.364360 seconds=0.03
epoch=28/80 loss=0.334690 seconds=0.05
epoch=29/80 loss=0.309463 seconds=0.03
epoch=30/80 loss=0.309602 seconds=0.02
epoch=31/80 loss=0.292463 seconds=0.03
epoch=32/80 loss=0.281171 seconds=0.03
epoch=33/80 loss=0.306518 seconds=0.05
epoch=34/80 loss=0.282379 seconds=0.03
epoch=35/80 loss=0.277481 seconds=0.03
epoch=36/80 loss=0.250760 seconds=0.03
epoch=37/80 loss=0.238589 seconds=0.03
epoch=38/80 loss=0.224449 seconds=0.03
epoch=39/80 loss=0.199030 seconds=0.03
epoch=40/80 loss=0.236779 seconds=0.03
epoch=41/80 loss=0.213262 seconds=0.03
epoch=42/80 loss=0.230779 seconds=0.03
epoch=43/80 loss=0.281302 seconds=0.05
epoch=44/80 loss=0.230034 seconds=0.03
epoch=45/80 loss=0.311972 seconds=0.05
epoch=46/80 loss=0.233427 seconds=0.06
epoch=47/80 loss=0.190878 seconds=0.06
epoch=48/80 loss=0.189279 seconds=0.03
epoch=49/80 loss=0.182957 seconds=0.05
epoch=50/80 loss=0.161292 seconds=0.03
epoch=51/80 loss=0.140933 seconds=0.05
epoch=52/80 loss=0.155495 seconds=0.03
epoch=53/80 loss=0.106334 seconds=0.03
epoch=54/80 loss=0.143563 seconds=0.03
epoch=55/80 loss=0.131388 seconds=0.03
epoch=56/80 loss=0.114630 seconds=0.03
epoch=57/80 loss=0.109192 seconds=0.03
epoch=58/80 loss=0.108559 seconds=0.02
epoch=59/80 loss=0.098769 seconds=0.03
epoch=60/80 loss=0.101198 seconds=0.03
epoch=61/80 loss=0.074100 seconds=0.03
epoch=62/80 loss=0.104060 seconds=0.05
epoch=63/80 loss=0.109917 seconds=0.03
epoch=64/80 loss=0.120215 seconds=0.03
epoch=65/80 loss=0.186017 seconds=0.05
epoch=66/80 loss=0.145262 seconds=0.06
epoch=67/80 loss=0.096993 seconds=0.03
epoch=68/80 loss=0.097689 seconds=0.02
epoch=69/80 loss=0.083549 seconds=0.03
epoch=70/80 loss=0.084884 seconds=0.03
epoch=71/80 loss=0.061680 seconds=0.03
epoch=72/80 loss=0.058932 seconds=0.05
epoch=73/80 loss=0.076082 seconds=0.03
epoch=74/80 loss=0.119720 seconds=0.05
epoch=75/80 loss=0.047284 seconds=0.05
epoch=76/80 loss=0.077576 seconds=0.03
epoch=77/80 loss=0.077069 seconds=0.03
epoch=78/80 loss=0.043928 seconds=0.03
epoch=79/80 loss=0.058543 seconds=0.03
epoch=80/80 loss=0.037975 seconds=0.03
fold=3/10 OOF_accuracy=0.833333 OOF_AUC=0.761364
Device=cuda; epochs=80; batch=32; model=SqueezeNet1D
epoch=1/80 loss=1.012108 seconds=0.05
epoch=2/80 loss=1.011662 seconds=0.03
epoch=3/80 loss=1.011361 seconds=0.05
epoch=4/80 loss=1.008853 seconds=0.03
epoch=5/80 loss=1.007382 seconds=0.03
epoch=6/80 loss=1.000203 seconds=0.05
epoch=7/80 loss=0.975757 seconds=0.03
epoch=8/80 loss=0.922030 seconds=0.03
epoch=9/80 loss=0.823691 seconds=0.03
epoch=10/80 loss=0.695061 seconds=0.05
epoch=11/80 loss=0.626914 seconds=0.03
epoch=12/80 loss=0.577412 seconds=0.05
epoch=13/80 loss=0.540824 seconds=0.03
epoch=14/80 loss=0.526538 seconds=0.03
epoch=15/80 loss=0.497308 seconds=0.03
epoch=16/80 loss=0.449225 seconds=0.03
epoch=17/80 loss=0.426630 seconds=0.03
epoch=18/80 loss=0.407290 seconds=0.03
epoch=19/80 loss=0.372665 seconds=0.03
epoch=20/80 loss=0.381357 seconds=0.03
epoch=21/80 loss=0.363548 seconds=0.03
epoch=22/80 loss=0.331183 seconds=0.05
epoch=23/80 loss=0.350557 seconds=0.03
epoch=24/80 loss=0.289072 seconds=0.03
epoch=25/80 loss=0.310027 seconds=0.03
epoch=26/80 loss=0.271501 seconds=0.03
epoch=27/80 loss=0.262025 seconds=0.03
epoch=28/80 loss=0.320051 seconds=0.05
epoch=29/80 loss=0.264947 seconds=0.03
epoch=30/80 loss=0.273723 seconds=0.03
epoch=31/80 loss=0.210793 seconds=0.05
epoch=32/80 loss=0.245629 seconds=0.03
epoch=33/80 loss=0.197489 seconds=0.03
epoch=34/80 loss=0.209527 seconds=0.03
epoch=35/80 loss=0.225261 seconds=0.03
epoch=36/80 loss=0.188975 seconds=0.05
epoch=37/80 loss=0.187438 seconds=0.03
epoch=38/80 loss=0.200953 seconds=0.05
epoch=39/80 loss=0.157665 seconds=0.06
epoch=40/80 loss=0.177110 seconds=0.05
epoch=41/80 loss=0.150724 seconds=0.05
epoch=42/80 loss=0.164364 seconds=0.03
epoch=43/80 loss=0.162801 seconds=0.03
epoch=44/80 loss=0.198742 seconds=0.05
epoch=45/80 loss=0.166252 seconds=0.03
epoch=46/80 loss=0.124142 seconds=0.05
epoch=47/80 loss=0.131313 seconds=0.02
epoch=48/80 loss=0.139609 seconds=0.05
epoch=49/80 loss=0.158001 seconds=0.05
epoch=50/80 loss=0.120875 seconds=0.05
epoch=51/80 loss=0.139418 seconds=0.03
epoch=52/80 loss=0.148064 seconds=0.05
epoch=53/80 loss=0.098216 seconds=0.03
epoch=54/80 loss=0.094639 seconds=0.03
epoch=55/80 loss=0.096470 seconds=0.03
epoch=56/80 loss=0.082177 seconds=0.05
epoch=57/80 loss=0.087462 seconds=0.03
epoch=58/80 loss=0.068316 seconds=0.03
epoch=59/80 loss=0.081345 seconds=0.03
epoch=60/80 loss=0.101822 seconds=0.05
epoch=61/80 loss=0.095283 seconds=0.03
epoch=62/80 loss=0.081229 seconds=0.03
epoch=63/80 loss=0.058416 seconds=0.03
epoch=64/80 loss=0.049079 seconds=0.03
epoch=65/80 loss=0.067207 seconds=0.05
epoch=66/80 loss=0.077104 seconds=0.05
epoch=67/80 loss=0.043808 seconds=0.05
epoch=68/80 loss=0.087615 seconds=0.05
epoch=69/80 loss=0.043858 seconds=0.03
epoch=70/80 loss=0.055659 seconds=0.03
epoch=71/80 loss=0.032841 seconds=0.03
epoch=72/80 loss=0.048194 seconds=0.03
epoch=73/80 loss=0.046919 seconds=0.03
epoch=74/80 loss=0.023396 seconds=0.03
epoch=75/80 loss=0.044675 seconds=0.03
epoch=76/80 loss=0.042745 seconds=0.05
epoch=77/80 loss=0.034507 seconds=0.03
epoch=78/80 loss=0.040078 seconds=0.03
epoch=79/80 loss=0.040753 seconds=0.03
epoch=80/80 loss=0.085261 seconds=0.05
fold=4/10 OOF_accuracy=0.866667 OOF_AUC=0.926136
Device=cuda; epochs=80; batch=32; model=SqueezeNet1D
epoch=1/80 loss=1.011927 seconds=0.03
epoch=2/80 loss=1.010986 seconds=0.03
epoch=3/80 loss=1.009235 seconds=0.03
epoch=4/80 loss=1.002523 seconds=0.03
epoch=5/80 loss=0.985288 seconds=0.03
epoch=6/80 loss=0.930939 seconds=0.03
epoch=7/80 loss=0.805797 seconds=0.05
epoch=8/80 loss=0.611905 seconds=0.03
epoch=9/80 loss=0.510850 seconds=0.03
epoch=10/80 loss=0.434396 seconds=0.05
epoch=11/80 loss=0.430094 seconds=0.03
epoch=12/80 loss=0.402933 seconds=0.03
epoch=13/80 loss=0.399366 seconds=0.03
epoch=14/80 loss=0.381984 seconds=0.03
epoch=15/80 loss=0.372779 seconds=0.03
epoch=16/80 loss=0.378752 seconds=0.05
epoch=17/80 loss=0.345907 seconds=0.03
epoch=18/80 loss=0.335760 seconds=0.03
epoch=19/80 loss=0.319765 seconds=0.03
epoch=20/80 loss=0.330578 seconds=0.05
epoch=21/80 loss=0.389935 seconds=0.03
epoch=22/80 loss=0.326392 seconds=0.03
epoch=23/80 loss=0.325913 seconds=0.03
epoch=24/80 loss=0.317908 seconds=0.03
epoch=25/80 loss=0.287338 seconds=0.05
epoch=26/80 loss=0.286482 seconds=0.03
epoch=27/80 loss=0.294499 seconds=0.05
epoch=28/80 loss=0.276906 seconds=0.03
epoch=29/80 loss=0.256780 seconds=0.05
epoch=30/80 loss=0.267240 seconds=0.05
epoch=31/80 loss=0.256586 seconds=0.03
epoch=32/80 loss=0.234599 seconds=0.03
epoch=33/80 loss=0.241658 seconds=0.05
epoch=34/80 loss=0.243669 seconds=0.03
epoch=35/80 loss=0.230814 seconds=0.03
epoch=36/80 loss=0.216814 seconds=0.03
epoch=37/80 loss=0.197726 seconds=0.03
epoch=38/80 loss=0.236815 seconds=0.03
epoch=39/80 loss=0.200764 seconds=0.05
epoch=40/80 loss=0.197087 seconds=0.05
epoch=41/80 loss=0.208961 seconds=0.03
epoch=42/80 loss=0.217447 seconds=0.03
epoch=43/80 loss=0.216463 seconds=0.03
epoch=44/80 loss=0.198792 seconds=0.03
epoch=45/80 loss=0.164193 seconds=0.03
epoch=46/80 loss=0.172590 seconds=0.02
epoch=47/80 loss=0.172989 seconds=0.03
epoch=48/80 loss=0.161314 seconds=0.05
epoch=49/80 loss=0.182916 seconds=0.03
epoch=50/80 loss=0.172085 seconds=0.03
epoch=51/80 loss=0.189997 seconds=0.03
epoch=52/80 loss=0.153496 seconds=0.03
epoch=53/80 loss=0.172879 seconds=0.03
epoch=54/80 loss=0.145799 seconds=0.05
epoch=55/80 loss=0.157664 seconds=0.03
epoch=56/80 loss=0.133960 seconds=0.03
epoch=57/80 loss=0.138782 seconds=0.03
epoch=58/80 loss=0.139735 seconds=0.06
epoch=59/80 loss=0.176360 seconds=0.05
epoch=60/80 loss=0.129100 seconds=0.03
epoch=61/80 loss=0.128828 seconds=0.03
epoch=62/80 loss=0.124291 seconds=0.03
epoch=63/80 loss=0.121183 seconds=0.05
epoch=64/80 loss=0.118329 seconds=0.03
epoch=65/80 loss=0.123011 seconds=0.05
epoch=66/80 loss=0.122686 seconds=0.03
epoch=67/80 loss=0.100037 seconds=0.03
epoch=68/80 loss=0.133216 seconds=0.03
epoch=69/80 loss=0.113195 seconds=0.05
epoch=70/80 loss=0.112161 seconds=0.03
epoch=71/80 loss=0.112673 seconds=0.03
epoch=72/80 loss=0.097047 seconds=0.05
epoch=73/80 loss=0.085187 seconds=0.03
epoch=74/80 loss=0.108369 seconds=0.05
epoch=75/80 loss=0.124547 seconds=0.03
epoch=76/80 loss=0.091374 seconds=0.03
epoch=77/80 loss=0.089737 seconds=0.03
epoch=78/80 loss=0.091797 seconds=0.03
epoch=79/80 loss=0.078485 seconds=0.05
epoch=80/80 loss=0.084394 seconds=0.03
fold=5/10 OOF_accuracy=0.933333 OOF_AUC=0.960227
Device=cuda; epochs=80; batch=32; model=SqueezeNet1D
epoch=1/80 loss=1.012116 seconds=0.03
epoch=2/80 loss=1.011650 seconds=0.03
epoch=3/80 loss=1.011270 seconds=0.05
epoch=4/80 loss=1.008351 seconds=0.03
epoch=5/80 loss=1.005395 seconds=0.03
epoch=6/80 loss=0.992594 seconds=0.08
epoch=7/80 loss=0.961716 seconds=0.06
epoch=8/80 loss=0.894570 seconds=0.05
epoch=9/80 loss=0.785709 seconds=0.05
epoch=10/80 loss=0.677029 seconds=0.03
epoch=11/80 loss=0.620651 seconds=0.03
epoch=12/80 loss=0.586277 seconds=0.03
epoch=13/80 loss=0.562330 seconds=0.03
epoch=14/80 loss=0.536372 seconds=0.03
epoch=15/80 loss=0.531604 seconds=0.03
epoch=16/80 loss=0.479187 seconds=0.03
epoch=17/80 loss=0.468848 seconds=0.03
epoch=18/80 loss=0.466151 seconds=0.05
epoch=19/80 loss=0.447348 seconds=0.03
epoch=20/80 loss=0.445858 seconds=0.03
epoch=21/80 loss=0.425559 seconds=0.05
epoch=22/80 loss=0.412529 seconds=0.03
epoch=23/80 loss=0.399801 seconds=0.05
epoch=24/80 loss=0.363793 seconds=0.05
epoch=25/80 loss=0.354009 seconds=0.03
epoch=26/80 loss=0.358020 seconds=0.05
epoch=27/80 loss=0.348988 seconds=0.03
epoch=28/80 loss=0.359962 seconds=0.03
epoch=29/80 loss=0.312210 seconds=0.03
epoch=30/80 loss=0.301197 seconds=0.03
epoch=31/80 loss=0.280819 seconds=0.03
epoch=32/80 loss=0.300386 seconds=0.03
epoch=33/80 loss=0.278332 seconds=0.03
epoch=34/80 loss=0.295454 seconds=0.05
epoch=35/80 loss=0.280152 seconds=0.03
epoch=36/80 loss=0.236125 seconds=0.08
epoch=37/80 loss=0.225484 seconds=0.06
epoch=38/80 loss=0.246257 seconds=0.05
epoch=39/80 loss=0.200180 seconds=0.05
epoch=40/80 loss=0.220131 seconds=0.05
epoch=41/80 loss=0.180218 seconds=0.05
epoch=42/80 loss=0.228459 seconds=0.03
epoch=43/80 loss=0.263336 seconds=0.03
epoch=44/80 loss=0.268687 seconds=0.03
epoch=45/80 loss=0.223914 seconds=0.03
epoch=46/80 loss=0.171873 seconds=0.05
epoch=47/80 loss=0.183274 seconds=0.03
epoch=48/80 loss=0.156191 seconds=0.03
epoch=49/80 loss=0.178895 seconds=0.03
epoch=50/80 loss=0.155860 seconds=0.05
epoch=51/80 loss=0.173896 seconds=0.03
epoch=52/80 loss=0.143902 seconds=0.03
epoch=53/80 loss=0.122019 seconds=0.05
epoch=54/80 loss=0.141916 seconds=0.03
epoch=55/80 loss=0.113205 seconds=0.05
epoch=56/80 loss=0.135257 seconds=0.03
epoch=57/80 loss=0.130388 seconds=0.05
epoch=58/80 loss=0.149138 seconds=0.06
epoch=59/80 loss=0.135403 seconds=0.03
epoch=60/80 loss=0.138457 seconds=0.03
epoch=61/80 loss=0.102704 seconds=0.02
epoch=62/80 loss=0.139265 seconds=0.05
epoch=63/80 loss=0.122456 seconds=0.03
epoch=64/80 loss=0.108187 seconds=0.05
epoch=65/80 loss=0.154241 seconds=0.05
epoch=66/80 loss=0.221249 seconds=0.03
epoch=67/80 loss=0.124242 seconds=0.03
epoch=68/80 loss=0.107936 seconds=0.05
epoch=69/80 loss=0.127848 seconds=0.03
epoch=70/80 loss=0.089996 seconds=0.03
epoch=71/80 loss=0.078265 seconds=0.02
epoch=72/80 loss=0.088859 seconds=0.03
epoch=73/80 loss=0.062075 seconds=0.03
epoch=74/80 loss=0.080310 seconds=0.03
epoch=75/80 loss=0.069260 seconds=0.03
epoch=76/80 loss=0.096758 seconds=0.05
epoch=77/80 loss=0.124441 seconds=0.02
epoch=78/80 loss=0.047446 seconds=0.05
epoch=79/80 loss=0.063515 seconds=0.03
epoch=80/80 loss=0.074616 seconds=0.03
fold=6/10 OOF_accuracy=0.866667 OOF_AUC=0.960227
Device=cuda; epochs=80; batch=32; model=SqueezeNet1D
epoch=1/80 loss=1.011899 seconds=0.03
epoch=2/80 loss=1.011037 seconds=0.05
epoch=3/80 loss=1.009426 seconds=0.02
epoch=4/80 loss=1.002839 seconds=0.03
epoch=5/80 loss=0.986017 seconds=0.03
epoch=6/80 loss=0.931031 seconds=0.03
epoch=7/80 loss=0.802288 seconds=0.03
epoch=8/80 loss=0.603973 seconds=0.03
epoch=9/80 loss=0.426582 seconds=0.03
epoch=10/80 loss=0.344774 seconds=0.03
epoch=11/80 loss=0.320242 seconds=0.03
epoch=12/80 loss=0.286544 seconds=0.03
epoch=13/80 loss=0.263162 seconds=0.03
epoch=14/80 loss=0.227233 seconds=0.03
epoch=15/80 loss=0.245888 seconds=0.03
epoch=16/80 loss=0.213911 seconds=0.03
epoch=17/80 loss=0.195122 seconds=0.03
epoch=18/80 loss=0.188538 seconds=0.03
epoch=19/80 loss=0.197061 seconds=0.03
epoch=20/80 loss=0.200814 seconds=0.03
epoch=21/80 loss=0.174978 seconds=0.05
epoch=22/80 loss=0.163542 seconds=0.03
epoch=23/80 loss=0.170105 seconds=0.03
epoch=24/80 loss=0.147241 seconds=0.05
epoch=25/80 loss=0.157892 seconds=0.03
epoch=26/80 loss=0.154565 seconds=0.03
epoch=27/80 loss=0.157059 seconds=0.02
epoch=28/80 loss=0.159356 seconds=0.03
epoch=29/80 loss=0.143573 seconds=0.03
epoch=30/80 loss=0.131640 seconds=0.03
epoch=31/80 loss=0.128265 seconds=0.05
epoch=32/80 loss=0.123034 seconds=0.03
epoch=33/80 loss=0.122161 seconds=0.03
epoch=34/80 loss=0.123254 seconds=0.03
epoch=35/80 loss=0.129150 seconds=0.03
epoch=36/80 loss=0.124939 seconds=0.02
epoch=37/80 loss=0.130362 seconds=0.05
epoch=38/80 loss=0.105355 seconds=0.03
epoch=39/80 loss=0.109431 seconds=0.03
epoch=40/80 loss=0.126198 seconds=0.03
epoch=41/80 loss=0.095445 seconds=0.03
epoch=42/80 loss=0.154608 seconds=0.03
epoch=43/80 loss=0.086330 seconds=0.05
epoch=44/80 loss=0.105672 seconds=0.03
epoch=45/80 loss=0.090105 seconds=0.03
epoch=46/80 loss=0.093191 seconds=0.05
epoch=47/80 loss=0.103594 seconds=0.02
epoch=48/80 loss=0.102785 seconds=0.03
epoch=49/80 loss=0.086320 seconds=0.03
epoch=50/80 loss=0.069038 seconds=0.03
epoch=51/80 loss=0.079436 seconds=0.03
epoch=52/80 loss=0.098225 seconds=0.03
epoch=53/80 loss=0.079837 seconds=0.05
epoch=54/80 loss=0.065644 seconds=0.03
epoch=55/80 loss=0.070518 seconds=0.03
epoch=56/80 loss=0.062692 seconds=0.05
epoch=57/80 loss=0.073868 seconds=0.03
epoch=58/80 loss=0.084666 seconds=0.03
epoch=59/80 loss=0.098308 seconds=0.03
epoch=60/80 loss=0.069882 seconds=0.03
epoch=61/80 loss=0.103819 seconds=0.05
epoch=62/80 loss=0.121873 seconds=0.05
epoch=63/80 loss=0.070112 seconds=0.05
epoch=64/80 loss=0.081525 seconds=0.05
epoch=65/80 loss=0.076500 seconds=0.03
epoch=66/80 loss=0.055242 seconds=0.03
epoch=67/80 loss=0.045200 seconds=0.03
epoch=68/80 loss=0.052884 seconds=0.03
epoch=69/80 loss=0.054082 seconds=0.05
epoch=70/80 loss=0.059503 seconds=0.03
epoch=71/80 loss=0.044270 seconds=0.03
epoch=72/80 loss=0.044183 seconds=0.03
epoch=73/80 loss=0.048460 seconds=0.03
epoch=74/80 loss=0.038310 seconds=0.03
epoch=75/80 loss=0.039328 seconds=0.03
epoch=76/80 loss=0.023215 seconds=0.03
epoch=77/80 loss=0.031129 seconds=0.03
epoch=78/80 loss=0.018670 seconds=0.03
epoch=79/80 loss=0.021552 seconds=0.03
epoch=80/80 loss=0.018322 seconds=0.03
fold=7/10 OOF_accuracy=0.833333 OOF_AUC=0.886364
Device=cuda; epochs=80; batch=32; model=SqueezeNet1D
epoch=1/80 loss=1.012052 seconds=0.03
epoch=2/80 loss=1.011524 seconds=0.05
epoch=3/80 loss=1.011043 seconds=0.03
epoch=4/80 loss=1.008040 seconds=0.03
epoch=5/80 loss=1.004542 seconds=0.03
epoch=6/80 loss=0.991333 seconds=0.05
epoch=7/80 loss=0.951889 seconds=0.02
epoch=8/80 loss=0.865952 seconds=0.05
epoch=9/80 loss=0.741429 seconds=0.05
epoch=10/80 loss=0.649346 seconds=0.03
epoch=11/80 loss=0.577773 seconds=0.03
epoch=12/80 loss=0.529548 seconds=0.03
epoch=13/80 loss=0.522908 seconds=0.03
epoch=14/80 loss=0.468365 seconds=0.06
epoch=15/80 loss=0.451534 seconds=0.05
epoch=16/80 loss=0.438739 seconds=0.03
epoch=17/80 loss=0.459818 seconds=0.03
epoch=18/80 loss=0.418123 seconds=0.02
epoch=19/80 loss=0.407401 seconds=0.03
epoch=20/80 loss=0.359873 seconds=0.05
epoch=21/80 loss=0.354100 seconds=0.02
epoch=22/80 loss=0.337923 seconds=0.02
epoch=23/80 loss=0.361597 seconds=0.05
epoch=24/80 loss=0.300230 seconds=0.02
epoch=25/80 loss=0.280840 seconds=0.05
epoch=26/80 loss=0.285237 seconds=0.03
epoch=27/80 loss=0.237324 seconds=0.03
epoch=28/80 loss=0.239956 seconds=0.05
epoch=29/80 loss=0.215616 seconds=0.05
epoch=30/80 loss=0.194449 seconds=0.03
epoch=31/80 loss=0.169369 seconds=0.03
epoch=32/80 loss=0.163780 seconds=0.03
epoch=33/80 loss=0.189143 seconds=0.03
epoch=34/80 loss=0.122948 seconds=0.03
epoch=35/80 loss=0.124052 seconds=0.03
epoch=36/80 loss=0.143618 seconds=0.03
epoch=37/80 loss=0.104433 seconds=0.03
epoch=38/80 loss=0.119861 seconds=0.03
epoch=39/80 loss=0.088919 seconds=0.05
epoch=40/80 loss=0.124171 seconds=0.03
epoch=41/80 loss=0.086202 seconds=0.03
epoch=42/80 loss=0.109653 seconds=0.03
epoch=43/80 loss=0.153887 seconds=0.03
epoch=44/80 loss=0.082535 seconds=0.03
epoch=45/80 loss=0.061426 seconds=0.05
epoch=46/80 loss=0.081956 seconds=0.06
epoch=47/80 loss=0.076984 seconds=0.05
epoch=48/80 loss=0.097737 seconds=0.06
epoch=49/80 loss=0.133604 seconds=0.05
epoch=50/80 loss=0.098707 seconds=0.03
epoch=51/80 loss=0.110611 seconds=0.03
epoch=52/80 loss=0.059620 seconds=0.03
epoch=53/80 loss=0.046958 seconds=0.03
epoch=54/80 loss=0.045774 seconds=0.05
epoch=55/80 loss=0.047717 seconds=0.03
epoch=56/80 loss=0.033637 seconds=0.03
epoch=57/80 loss=0.059306 seconds=0.05
epoch=58/80 loss=0.059089 seconds=0.05
epoch=59/80 loss=0.044085 seconds=0.03
epoch=60/80 loss=0.032907 seconds=0.05
epoch=61/80 loss=0.033332 seconds=0.03
epoch=62/80 loss=0.032720 seconds=0.05
epoch=63/80 loss=0.044166 seconds=0.03
epoch=64/80 loss=0.027615 seconds=0.05
epoch=65/80 loss=0.027603 seconds=0.03
epoch=66/80 loss=0.037882 seconds=0.05
epoch=67/80 loss=0.022069 seconds=0.03
epoch=68/80 loss=0.023852 seconds=0.03
epoch=69/80 loss=0.035706 seconds=0.05
epoch=70/80 loss=0.027734 seconds=0.03
epoch=71/80 loss=0.015780 seconds=0.05
epoch=72/80 loss=0.016589 seconds=0.03
epoch=73/80 loss=0.013201 seconds=0.05
epoch=74/80 loss=0.028164 seconds=0.03
epoch=75/80 loss=0.047990 seconds=0.05
epoch=76/80 loss=0.038788 seconds=0.03
epoch=77/80 loss=0.048169 seconds=0.05
epoch=78/80 loss=0.014380 seconds=0.03
epoch=79/80 loss=0.015149 seconds=0.05
epoch=80/80 loss=0.015892 seconds=0.03
fold=8/10 OOF_accuracy=0.866667 OOF_AUC=0.880682
Device=cuda; epochs=80; batch=32; model=SqueezeNet1D
epoch=1/80 loss=1.012083 seconds=0.05
epoch=2/80 loss=1.011662 seconds=0.03
epoch=3/80 loss=1.011221 seconds=0.05
epoch=4/80 loss=1.008161 seconds=0.06
epoch=5/80 loss=1.004563 seconds=0.03
epoch=6/80 loss=0.990763 seconds=0.03
epoch=7/80 loss=0.954880 seconds=0.05
epoch=8/80 loss=0.880431 seconds=0.03
epoch=9/80 loss=0.775349 seconds=0.03
epoch=10/80 loss=0.667507 seconds=0.05
epoch=11/80 loss=0.608098 seconds=0.03
epoch=12/80 loss=0.592805 seconds=0.03
epoch=13/80 loss=0.551740 seconds=0.05
epoch=14/80 loss=0.520504 seconds=0.03
epoch=15/80 loss=0.500799 seconds=0.05
epoch=16/80 loss=0.475185 seconds=0.03
epoch=17/80 loss=0.455788 seconds=0.05
epoch=18/80 loss=0.443913 seconds=0.02
epoch=19/80 loss=0.444775 seconds=0.05
epoch=20/80 loss=0.407534 seconds=0.03
epoch=21/80 loss=0.387160 seconds=0.05
epoch=22/80 loss=0.371623 seconds=0.03
epoch=23/80 loss=0.366329 seconds=0.03
epoch=24/80 loss=0.322025 seconds=0.05
epoch=25/80 loss=0.337708 seconds=0.03
epoch=26/80 loss=0.375930 seconds=0.03
epoch=27/80 loss=0.298999 seconds=0.05
epoch=28/80 loss=0.326857 seconds=0.05
epoch=29/80 loss=0.294723 seconds=0.03
epoch=30/80 loss=0.288661 seconds=0.05
epoch=31/80 loss=0.237013 seconds=0.03
epoch=32/80 loss=0.263193 seconds=0.05
epoch=33/80 loss=0.233276 seconds=0.03
epoch=34/80 loss=0.228506 seconds=0.03
epoch=35/80 loss=0.242028 seconds=0.05
epoch=36/80 loss=0.212877 seconds=0.03
epoch=37/80 loss=0.299577 seconds=0.05
epoch=38/80 loss=0.378629 seconds=0.03
epoch=39/80 loss=0.246113 seconds=0.05
epoch=40/80 loss=0.199702 seconds=0.03
epoch=41/80 loss=0.198109 seconds=0.05
epoch=42/80 loss=0.203432 seconds=0.03
epoch=43/80 loss=0.192552 seconds=0.05
epoch=44/80 loss=0.200448 seconds=0.03
epoch=45/80 loss=0.165233 seconds=0.05
epoch=46/80 loss=0.174966 seconds=0.03
epoch=47/80 loss=0.145147 seconds=0.05
epoch=48/80 loss=0.141800 seconds=0.05
epoch=49/80 loss=0.150690 seconds=0.03
epoch=50/80 loss=0.140123 seconds=0.05
epoch=51/80 loss=0.130031 seconds=0.03
epoch=52/80 loss=0.116941 seconds=0.03
epoch=53/80 loss=0.137201 seconds=0.05
epoch=54/80 loss=0.110718 seconds=0.03
epoch=55/80 loss=0.127566 seconds=0.05
epoch=56/80 loss=0.110453 seconds=0.03
epoch=57/80 loss=0.102724 seconds=0.05
epoch=58/80 loss=0.082675 seconds=0.03
epoch=59/80 loss=0.095430 seconds=0.05
epoch=60/80 loss=0.105859 seconds=0.05
epoch=61/80 loss=0.121588 seconds=0.03
epoch=62/80 loss=0.079305 seconds=0.05
epoch=63/80 loss=0.063222 seconds=0.03
epoch=64/80 loss=0.058676 seconds=0.05
epoch=65/80 loss=0.107141 seconds=0.03
epoch=66/80 loss=0.062070 seconds=0.03
epoch=67/80 loss=0.049332 seconds=0.05
epoch=68/80 loss=0.057633 seconds=0.05
epoch=69/80 loss=0.063572 seconds=0.03
epoch=70/80 loss=0.077379 seconds=0.05
epoch=71/80 loss=0.111876 seconds=0.03
epoch=72/80 loss=0.093626 seconds=0.05
epoch=73/80 loss=0.055063 seconds=0.05
epoch=74/80 loss=0.062216 seconds=0.05
epoch=75/80 loss=0.046036 seconds=0.03
epoch=76/80 loss=0.052829 seconds=0.03
epoch=77/80 loss=0.043183 seconds=0.05
epoch=78/80 loss=0.031187 seconds=0.03
epoch=79/80 loss=0.032745 seconds=0.05
epoch=80/80 loss=0.031715 seconds=0.03
fold=9/10 OOF_accuracy=0.900000 OOF_AUC=0.829545
Device=cuda; epochs=80; batch=32; model=SqueezeNet1D
epoch=1/80 loss=1.017712 seconds=0.03
epoch=2/80 loss=1.016665 seconds=0.05
epoch=3/80 loss=1.015857 seconds=0.03
epoch=4/80 loss=1.012711 seconds=0.03
epoch=5/80 loss=1.008484 seconds=0.05
epoch=6/80 loss=0.992856 seconds=0.03
epoch=7/80 loss=0.948637 seconds=0.03
epoch=8/80 loss=0.852397 seconds=0.05
epoch=9/80 loss=0.711454 seconds=0.03
epoch=10/80 loss=0.554326 seconds=0.05
epoch=11/80 loss=0.462747 seconds=0.03
epoch=12/80 loss=0.416607 seconds=0.05
epoch=13/80 loss=0.395079 seconds=0.03
epoch=14/80 loss=0.342082 seconds=0.05
epoch=15/80 loss=0.310911 seconds=0.03
epoch=16/80 loss=0.324563 seconds=0.05
epoch=17/80 loss=0.287701 seconds=0.03
epoch=18/80 loss=0.284289 seconds=0.05
epoch=19/80 loss=0.240348 seconds=0.03
epoch=20/80 loss=0.260698 seconds=0.05
epoch=21/80 loss=0.223537 seconds=0.03
epoch=22/80 loss=0.221720 seconds=0.05
epoch=23/80 loss=0.204275 seconds=0.05
epoch=24/80 loss=0.193135 seconds=0.05
epoch=25/80 loss=0.212568 seconds=0.03
epoch=26/80 loss=0.219447 seconds=0.05
epoch=27/80 loss=0.206873 seconds=0.03
epoch=28/80 loss=0.269478 seconds=0.05
epoch=29/80 loss=0.201478 seconds=0.03
epoch=30/80 loss=0.185007 seconds=0.05
epoch=31/80 loss=0.151072 seconds=0.03
epoch=32/80 loss=0.172596 seconds=0.05
epoch=33/80 loss=0.148498 seconds=0.03
epoch=34/80 loss=0.185028 seconds=0.03
epoch=35/80 loss=0.137962 seconds=0.05
epoch=36/80 loss=0.138537 seconds=0.03
epoch=37/80 loss=0.194492 seconds=0.03
epoch=38/80 loss=0.158500 seconds=0.05
epoch=39/80 loss=0.110917 seconds=0.03
epoch=40/80 loss=0.141157 seconds=0.05
epoch=41/80 loss=0.149383 seconds=0.03
epoch=42/80 loss=0.125610 seconds=0.05
epoch=43/80 loss=0.134246 seconds=0.03
epoch=44/80 loss=0.134617 seconds=0.03
epoch=45/80 loss=0.088084 seconds=0.03
epoch=46/80 loss=0.085610 seconds=0.03
epoch=47/80 loss=0.100819 seconds=0.03
epoch=48/80 loss=0.115592 seconds=0.03
epoch=49/80 loss=0.072916 seconds=0.03
epoch=50/80 loss=0.103422 seconds=0.05
epoch=51/80 loss=0.077334 seconds=0.03
epoch=52/80 loss=0.077008 seconds=0.03
epoch=53/80 loss=0.062432 seconds=0.03
epoch=54/80 loss=0.048030 seconds=0.03
epoch=55/80 loss=0.046857 seconds=0.05
epoch=56/80 loss=0.051545 seconds=0.02
epoch=57/80 loss=0.036749 seconds=0.03
epoch=58/80 loss=0.039786 seconds=0.03
epoch=59/80 loss=0.045184 seconds=0.03
epoch=60/80 loss=0.032158 seconds=0.03
epoch=61/80 loss=0.041858 seconds=0.03
epoch=62/80 loss=0.034931 seconds=0.03
epoch=63/80 loss=0.027614 seconds=0.03
epoch=64/80 loss=0.023103 seconds=0.03
epoch=65/80 loss=0.033248 seconds=0.03
epoch=66/80 loss=0.031131 seconds=0.03
epoch=67/80 loss=0.029622 seconds=0.03
epoch=68/80 loss=0.039370 seconds=0.03
epoch=69/80 loss=0.044240 seconds=0.03
epoch=70/80 loss=0.041521 seconds=0.03
epoch=71/80 loss=0.030521 seconds=0.03
epoch=72/80 loss=0.025437 seconds=0.05
epoch=73/80 loss=0.020278 seconds=0.03
epoch=74/80 loss=0.021732 seconds=0.03
epoch=75/80 loss=0.013936 seconds=0.03
epoch=76/80 loss=0.017505 seconds=0.03
epoch=77/80 loss=0.016705 seconds=0.03
epoch=78/80 loss=0.029284 seconds=0.05
epoch=79/80 loss=0.012061 seconds=0.03
epoch=80/80 loss=0.015004 seconds=0.03
fold=10/10 OOF_accuracy=0.800000 OOF_AUC=0.809524
Device=cuda; epochs=80; batch=32; model=SqueezeNet1D
epoch=1/80 loss=1.013861 seconds=0.05
epoch=2/80 loss=1.012064 seconds=0.03
epoch=3/80 loss=1.011619 seconds=0.03
epoch=4/80 loss=1.010100 seconds=0.03
epoch=5/80 loss=1.007355 seconds=0.03
epoch=6/80 loss=0.992097 seconds=0.03
epoch=7/80 loss=0.948995 seconds=0.03
epoch=8/80 loss=0.845625 seconds=0.03
epoch=9/80 loss=0.715536 seconds=0.03
epoch=10/80 loss=0.652675 seconds=0.05
epoch=11/80 loss=0.595708 seconds=0.05
epoch=12/80 loss=0.557416 seconds=0.03
epoch=13/80 loss=0.527667 seconds=0.03
epoch=14/80 loss=0.499955 seconds=0.03
epoch=15/80 loss=0.487632 seconds=0.03
epoch=16/80 loss=0.468638 seconds=0.05
epoch=17/80 loss=0.432362 seconds=0.03
epoch=18/80 loss=0.413357 seconds=0.03
epoch=19/80 loss=0.415602 seconds=0.05
epoch=20/80 loss=0.402666 seconds=0.03
epoch=21/80 loss=0.391120 seconds=0.03
epoch=22/80 loss=0.356632 seconds=0.03
epoch=23/80 loss=0.363392 seconds=0.03
epoch=24/80 loss=0.322071 seconds=0.05
epoch=25/80 loss=0.324796 seconds=0.03
epoch=26/80 loss=0.331216 seconds=0.03
epoch=27/80 loss=0.299370 seconds=0.03
epoch=28/80 loss=0.297831 seconds=0.05
epoch=29/80 loss=0.376510 seconds=0.03
epoch=30/80 loss=0.306888 seconds=0.03
epoch=31/80 loss=0.264576 seconds=0.05
epoch=32/80 loss=0.270665 seconds=0.03
epoch=33/80 loss=0.307874 seconds=0.05
epoch=34/80 loss=0.264619 seconds=0.05
epoch=35/80 loss=0.296715 seconds=0.05
epoch=36/80 loss=0.293664 seconds=0.03
epoch=37/80 loss=0.259460 seconds=0.08
epoch=38/80 loss=0.248821 seconds=0.06
epoch=39/80 loss=0.225623 seconds=0.03
epoch=40/80 loss=0.253884 seconds=0.05
epoch=41/80 loss=0.235086 seconds=0.06
epoch=42/80 loss=0.173424 seconds=0.06
epoch=43/80 loss=0.194480 seconds=0.05
epoch=44/80 loss=0.196544 seconds=0.03
epoch=45/80 loss=0.159110 seconds=0.05
epoch=46/80 loss=0.184361 seconds=0.03
epoch=47/80 loss=0.151167 seconds=0.03
epoch=48/80 loss=0.153303 seconds=0.03
epoch=49/80 loss=0.149526 seconds=0.05
epoch=50/80 loss=0.123619 seconds=0.03
epoch=51/80 loss=0.124814 seconds=0.03
epoch=52/80 loss=0.144834 seconds=0.05
epoch=53/80 loss=0.122188 seconds=0.03
epoch=54/80 loss=0.098518 seconds=0.05
epoch=55/80 loss=0.114703 seconds=0.03
epoch=56/80 loss=0.098756 seconds=0.05
epoch=57/80 loss=0.096024 seconds=0.03
epoch=58/80 loss=0.083902 seconds=0.05
epoch=59/80 loss=0.081598 seconds=0.03
epoch=60/80 loss=0.101633 seconds=0.05
epoch=61/80 loss=0.088470 seconds=0.05
epoch=62/80 loss=0.055212 seconds=0.05
epoch=63/80 loss=0.071869 seconds=0.03
epoch=64/80 loss=0.044037 seconds=0.03
epoch=65/80 loss=0.040933 seconds=0.03
epoch=66/80 loss=0.051121 seconds=0.03
epoch=67/80 loss=0.081848 seconds=0.05
epoch=68/80 loss=0.061355 seconds=0.03
epoch=69/80 loss=0.101414 seconds=0.05
epoch=70/80 loss=0.073428 seconds=0.03
epoch=71/80 loss=0.041241 seconds=0.03
epoch=72/80 loss=0.069513 seconds=0.05
epoch=73/80 loss=0.056879 seconds=0.03
epoch=74/80 loss=0.037805 seconds=0.03
epoch=75/80 loss=0.048192 seconds=0.03
epoch=76/80 loss=0.057028 seconds=0.05
epoch=77/80 loss=0.047992 seconds=0.03
epoch=78/80 loss=0.067807 seconds=0.03
epoch=79/80 loss=0.037992 seconds=0.05
epoch=80/80 loss=0.062352 seconds=0.03
{"cv_oof": {"accuracy": 0.8533333333333334, "balanced_accuracy": 0.802300016911889, "sensitivity": 0.691358024691358, "specificity": 0.91324200913242, "f1_macro": 0.8094248094248094, "roc_auc": 0.8636901741924573, "confusion_matrix": [[200, 19], [25, 56]], "classification_report": {"0": {"precision": 0.8888888888888888, "recall": 0.91324200913242, "f1-score": 0.9009009009009009, "support": 219.0}, "1": {"precision": 0.7466666666666667, "recall": 0.691358024691358, "f1-score": 0.717948717948718, "support": 81.0}, "accuracy": 0.8533333333333334, "macro avg": {"precision": 0.8177777777777777, "recall": 0.802300016911889, "f1-score": 0.8094248094248094, "support": 300.0}, "weighted avg": {"precision": 0.8504888888888888, "recall": 0.8533333333333334, "f1-score": 0.8515038115038115, "support": 300.0}}}, "test": {"accuracy": 0.8701298701298701, "balanced_accuracy": 0.8660714285714286, "sensitivity": 0.8571428571428571, "specificity": 0.875, "f1_macro": 0.8450080515297906, "roc_auc": 0.8622448979591837, "confusion_matrix": [[49, 7], [3, 18]], "classification_report": {"0": {"precision": 0.9423076923076923, "recall": 0.875, "f1-score": 0.9074074074074074, "support": 56.0}, "1": {"precision": 0.72, "recall": 0.8571428571428571, "f1-score": 0.782608695652174, "support": 21.0}, "accuracy": 0.8701298701298701, "macro avg": {"precision": 0.8311538461538461, "recall": 0.8660714285714286, "f1-score": 0.8450080515297906, "support": 77.0}, "weighted avg": {"precision": 0.8816783216783216, "recall": 0.8701298701298701, "f1-score": 0.8733713951105255, "support": 77.0}}}, "folds": 10, "original_train_rows": 300, "train_rows": 300, "test_rows": 77, "elapsed_seconds": 35.81299999996554}
