Command: ["C:\\Users\\IHCK\\AppData\\Local\\Programs\\Python\\Python312\\python.exe", "-u", "C:\\Users\\IHCK\\Desktop\\1_10_69Final\\Hippocampal-Shape-Analysis-for-Epilepsy-Detection\\Model\\train_dataset_model.py", "--dataset", "plsda_latent_features", "--side", "right", "--model", "MLP", "--kind", "latent", "--train-csv", "C:\\Users\\IHCK\\Desktop\\1_10_69Final\\Hippocampal-Shape-Analysis-for-Epilepsy-Detection\\Output_Dataset\\plsda_latent_features\\right\\train_plsda_latent_features.csv", "--test-csv", "C:\\Users\\IHCK\\Desktop\\1_10_69Final\\Hippocampal-Shape-Analysis-for-Epilepsy-Detection\\Output_Dataset\\plsda_latent_features\\right\\test_plsda_latent_features.csv", "--output-dir", "C:\\Users\\IHCK\\Desktop\\1_10_69Final\\Hippocampal-Shape-Analysis-for-Epilepsy-Detection\\Model_Results\\dataset_runs_20261003_10fold\\plsda_latent_features\\right\\MLP", "--epochs", "80", "--folds", "10", "--pls-components", "8", "--seed", "42", "--threads", "2"]
10-fold CV: dataset=plsda_latent_features side=right model=MLP; original_train=300 test=77
Iteration 1, loss = 0.74328374
Iteration 2, loss = 0.68781161
Iteration 3, loss = 0.63741904
Iteration 4, loss = 0.59292420
Iteration 5, loss = 0.55213029
Iteration 6, loss = 0.51235489
Iteration 7, loss = 0.47683972
Iteration 8, loss = 0.44221726
Iteration 9, loss = 0.40816735
Iteration 10, loss = 0.37537051
Iteration 11, loss = 0.34293893
Iteration 12, loss = 0.31160711
Iteration 13, loss = 0.28102495
Iteration 14, loss = 0.25120158
Iteration 15, loss = 0.22296599
Iteration 16, loss = 0.19685816
Iteration 17, loss = 0.17224314
Iteration 18, loss = 0.14961344
Iteration 19, loss = 0.12995213
Iteration 20, loss = 0.11205296
Iteration 21, loss = 0.09692627
Iteration 22, loss = 0.08360261
Iteration 23, loss = 0.07219225
Iteration 24, loss = 0.06272845
Iteration 25, loss = 0.05447486
Iteration 26, loss = 0.04757286
Iteration 27, loss = 0.04170486
Iteration 28, loss = 0.03669665
Iteration 29, loss = 0.03248220
Iteration 30, loss = 0.02896292
Iteration 31, loss = 0.02589581
Iteration 32, loss = 0.02331023
Iteration 33, loss = 0.02119531
Iteration 34, loss = 0.01928112
Iteration 35, loss = 0.01766076
Iteration 36, loss = 0.01622673
Iteration 37, loss = 0.01504127
Iteration 38, loss = 0.01396559
Iteration 39, loss = 0.01303734
Iteration 40, loss = 0.01220279
Iteration 41, loss = 0.01143005
Iteration 42, loss = 0.01078039
Iteration 43, loss = 0.01018815
Iteration 44, loss = 0.00962551
Iteration 45, loss = 0.00914461
Iteration 46, loss = 0.00870004
Iteration 47, loss = 0.00828219
Iteration 48, loss = 0.00791247
Iteration 49, loss = 0.00756247
Iteration 50, loss = 0.00724971
Iteration 51, loss = 0.00695101
Iteration 52, loss = 0.00667437
Iteration 53, loss = 0.00641834
Iteration 54, loss = 0.00618152
Iteration 55, loss = 0.00595894
Iteration 56, loss = 0.00573546
Iteration 57, loss = 0.00554551
Iteration 58, loss = 0.00535897
Iteration 59, loss = 0.00518625
Iteration 60, loss = 0.00501265
Iteration 61, loss = 0.00485486
Iteration 62, loss = 0.00471294
Iteration 63, loss = 0.00457344
Iteration 64, loss = 0.00444040
Iteration 65, loss = 0.00431886
Iteration 66, loss = 0.00420015
Iteration 67, loss = 0.00408829
Iteration 68, loss = 0.00397552
Iteration 69, loss = 0.00388184
Iteration 70, loss = 0.00378587
Iteration 71, loss = 0.00369196
Iteration 72, loss = 0.00360338
Iteration 73, loss = 0.00351831
Iteration 74, loss = 0.00343898
Iteration 75, loss = 0.00335928
Iteration 76, loss = 0.00328676
Iteration 77, loss = 0.00321297
Iteration 78, loss = 0.00314329
Iteration 79, loss = 0.00307932
Training loss did not improve more than tol=0.000100 for 10 consecutive epochs. Stopping.
fold=1/10 OOF_accuracy=0.766667 OOF_AUC=0.840909
Iteration 1, loss = 0.73897181
Iteration 2, loss = 0.67921716
Iteration 3, loss = 0.62609235
Iteration 4, loss = 0.57944624
Iteration 5, loss = 0.53803798
Iteration 6, loss = 0.49760189
Iteration 7, loss = 0.46203618
Iteration 8, loss = 0.42818279
Iteration 9, loss = 0.39501277
Iteration 10, loss = 0.36331791
Iteration 11, loss = 0.33241816
Iteration 12, loss = 0.30244321
Iteration 13, loss = 0.27326004
Iteration 14, loss = 0.24477877
Iteration 15, loss = 0.21809449
Iteration 16, loss = 0.19337777
Iteration 17, loss = 0.17029272
Iteration 18, loss = 0.14915433
Iteration 19, loss = 0.13065355
Iteration 20, loss = 0.11405450
Iteration 21, loss = 0.09934725
Iteration 22, loss = 0.08684150
Iteration 23, loss = 0.07592938
Iteration 24, loss = 0.06676587
Iteration 25, loss = 0.05866595
Iteration 26, loss = 0.05173099
Iteration 27, loss = 0.04568955
Iteration 28, loss = 0.04060645
Iteration 29, loss = 0.03626236
Iteration 30, loss = 0.03254826
Iteration 31, loss = 0.02936202
Iteration 32, loss = 0.02664679
Iteration 33, loss = 0.02434742
Iteration 34, loss = 0.02226681
Iteration 35, loss = 0.02053793
Iteration 36, loss = 0.01902026
Iteration 37, loss = 0.01762567
Iteration 38, loss = 0.01637059
Iteration 39, loss = 0.01530030
Iteration 40, loss = 0.01433742
Iteration 41, loss = 0.01343222
Iteration 42, loss = 0.01262425
Iteration 43, loss = 0.01193323
Iteration 44, loss = 0.01131928
Iteration 45, loss = 0.01072107
Iteration 46, loss = 0.01022066
Iteration 47, loss = 0.00972742
Iteration 48, loss = 0.00929718
Iteration 49, loss = 0.00888721
Iteration 50, loss = 0.00852728
Iteration 51, loss = 0.00817720
Iteration 52, loss = 0.00785949
Iteration 53, loss = 0.00755366
Iteration 54, loss = 0.00728216
Iteration 55, loss = 0.00702427
Iteration 56, loss = 0.00677221
Iteration 57, loss = 0.00654390
Iteration 58, loss = 0.00632989
Iteration 59, loss = 0.00612201
Iteration 60, loss = 0.00593481
Iteration 61, loss = 0.00575100
Iteration 62, loss = 0.00558376
Iteration 63, loss = 0.00542110
Iteration 64, loss = 0.00526168
Iteration 65, loss = 0.00512454
Iteration 66, loss = 0.00498235
Iteration 67, loss = 0.00483861
Iteration 68, loss = 0.00472281
Iteration 69, loss = 0.00459580
Iteration 70, loss = 0.00447378
Iteration 71, loss = 0.00436135
Iteration 72, loss = 0.00425559
Iteration 73, loss = 0.00415274
Iteration 74, loss = 0.00404652
Iteration 75, loss = 0.00395799
Iteration 76, loss = 0.00386497
Iteration 77, loss = 0.00377170
Iteration 78, loss = 0.00369031
Iteration 79, loss = 0.00361015
Iteration 80, loss = 0.00353188
Iteration 81, loss = 0.00345934
Iteration 82, loss = 0.00338308
Iteration 83, loss = 0.00331542
Iteration 84, loss = 0.00324940
Iteration 85, loss = 0.00318473
Training loss did not improve more than tol=0.000100 for 10 consecutive epochs. Stopping.
fold=2/10 OOF_accuracy=0.866667 OOF_AUC=0.960227
Iteration 1, loss = 0.73683761
Iteration 2, loss = 0.67758247
Iteration 3, loss = 0.62370805
Iteration 4, loss = 0.57690638
Iteration 5, loss = 0.53503647
Iteration 6, loss = 0.49436580
Iteration 7, loss = 0.45907892
Iteration 8, loss = 0.42491624
Iteration 9, loss = 0.39179157
Iteration 10, loss = 0.35979059
Iteration 11, loss = 0.32872440
Iteration 12, loss = 0.29889408
Iteration 13, loss = 0.26985928
Iteration 14, loss = 0.24168319
Iteration 15, loss = 0.21516905
Iteration 16, loss = 0.19072224
Iteration 17, loss = 0.16798410
Iteration 18, loss = 0.14720572
Iteration 19, loss = 0.12932118
Iteration 20, loss = 0.11329570
Iteration 21, loss = 0.09988323
Iteration 22, loss = 0.08774066
Iteration 23, loss = 0.07705928
Iteration 24, loss = 0.06813089
Iteration 25, loss = 0.06006176
Iteration 26, loss = 0.05322832
Iteration 27, loss = 0.04716314
Iteration 28, loss = 0.04210498
Iteration 29, loss = 0.03777158
Iteration 30, loss = 0.03406929
Iteration 31, loss = 0.03092468
Iteration 32, loss = 0.02807009
Iteration 33, loss = 0.02572289
Iteration 34, loss = 0.02358986
Iteration 35, loss = 0.02179251
Iteration 36, loss = 0.02015940
Iteration 37, loss = 0.01877105
Iteration 38, loss = 0.01745240
Iteration 39, loss = 0.01639563
Iteration 40, loss = 0.01535808
Iteration 41, loss = 0.01444107
Iteration 42, loss = 0.01362381
Iteration 43, loss = 0.01295020
Iteration 44, loss = 0.01226559
Iteration 45, loss = 0.01168051
Iteration 46, loss = 0.01113341
Iteration 47, loss = 0.01058470
Iteration 48, loss = 0.01012752
Iteration 49, loss = 0.00968583
Iteration 50, loss = 0.00927410
Iteration 51, loss = 0.00889491
Iteration 52, loss = 0.00854611
Iteration 53, loss = 0.00821629
Iteration 54, loss = 0.00789800
Iteration 55, loss = 0.00762088
Iteration 56, loss = 0.00734946
Iteration 57, loss = 0.00709256
Iteration 58, loss = 0.00687014
Iteration 59, loss = 0.00664003
Iteration 60, loss = 0.00642913
Iteration 61, loss = 0.00621786
Iteration 62, loss = 0.00604694
Iteration 63, loss = 0.00586554
Iteration 64, loss = 0.00568863
Iteration 65, loss = 0.00553046
Iteration 66, loss = 0.00537441
Iteration 67, loss = 0.00522788
Iteration 68, loss = 0.00509236
Iteration 69, loss = 0.00495634
Iteration 70, loss = 0.00482299
Iteration 71, loss = 0.00470013
Iteration 72, loss = 0.00458648
Iteration 73, loss = 0.00446873
Iteration 74, loss = 0.00435659
Iteration 75, loss = 0.00425907
Iteration 76, loss = 0.00415563
Iteration 77, loss = 0.00405357
Iteration 78, loss = 0.00396672
Iteration 79, loss = 0.00387032
Iteration 80, loss = 0.00378174
Iteration 81, loss = 0.00369212
Iteration 82, loss = 0.00360670
Iteration 83, loss = 0.00353793
Iteration 84, loss = 0.00345390
Iteration 85, loss = 0.00338144
Iteration 86, loss = 0.00331103
Iteration 87, loss = 0.00324380
Iteration 88, loss = 0.00317613
Training loss did not improve more than tol=0.000100 for 10 consecutive epochs. Stopping.
fold=3/10 OOF_accuracy=0.833333 OOF_AUC=0.818182
Iteration 1, loss = 0.72706578
Iteration 2, loss = 0.66775803
Iteration 3, loss = 0.61601672
Iteration 4, loss = 0.57108633
Iteration 5, loss = 0.53210291
Iteration 6, loss = 0.49526592
Iteration 7, loss = 0.46270077
Iteration 8, loss = 0.43165506
Iteration 9, loss = 0.40115142
Iteration 10, loss = 0.37130657
Iteration 11, loss = 0.34162207
Iteration 12, loss = 0.31219271
Iteration 13, loss = 0.28323016
Iteration 14, loss = 0.25494226
Iteration 15, loss = 0.22748102
Iteration 16, loss = 0.20174047
Iteration 17, loss = 0.17769477
Iteration 18, loss = 0.15568758
Iteration 19, loss = 0.13621466
Iteration 20, loss = 0.11869103
Iteration 21, loss = 0.10399941
Iteration 22, loss = 0.09074139
Iteration 23, loss = 0.07901970
Iteration 24, loss = 0.06935544
Iteration 25, loss = 0.06075719
Iteration 26, loss = 0.05374095
Iteration 27, loss = 0.04743179
Iteration 28, loss = 0.04225134
Iteration 29, loss = 0.03771839
Iteration 30, loss = 0.03392969
Iteration 31, loss = 0.03068451
Iteration 32, loss = 0.02780716
Iteration 33, loss = 0.02543671
Iteration 34, loss = 0.02334416
Iteration 35, loss = 0.02147841
Iteration 36, loss = 0.01997241
Iteration 37, loss = 0.01853316
Iteration 38, loss = 0.01727940
Iteration 39, loss = 0.01618009
Iteration 40, loss = 0.01520782
Iteration 41, loss = 0.01432977
Iteration 42, loss = 0.01353845
Iteration 43, loss = 0.01283706
Iteration 44, loss = 0.01216061
Iteration 45, loss = 0.01159146
Iteration 46, loss = 0.01107393
Iteration 47, loss = 0.01057369
Iteration 48, loss = 0.01010492
Iteration 49, loss = 0.00969824
Iteration 50, loss = 0.00929573
Iteration 51, loss = 0.00894329
Iteration 52, loss = 0.00860188
Iteration 53, loss = 0.00830997
Iteration 54, loss = 0.00800024
Iteration 55, loss = 0.00772922
Iteration 56, loss = 0.00748164
Iteration 57, loss = 0.00722149
Iteration 58, loss = 0.00699524
Iteration 59, loss = 0.00677164
Iteration 60, loss = 0.00655799
Iteration 61, loss = 0.00636751
Iteration 62, loss = 0.00618167
Iteration 63, loss = 0.00599882
Iteration 64, loss = 0.00583663
Iteration 65, loss = 0.00566114
Iteration 66, loss = 0.00551682
Iteration 67, loss = 0.00536431
Iteration 68, loss = 0.00521997
Iteration 69, loss = 0.00508594
Iteration 70, loss = 0.00495943
Iteration 71, loss = 0.00483023
Iteration 72, loss = 0.00470285
Iteration 73, loss = 0.00460111
Iteration 74, loss = 0.00448808
Iteration 75, loss = 0.00437911
Iteration 76, loss = 0.00427761
Iteration 77, loss = 0.00419401
Iteration 78, loss = 0.00410254
Iteration 79, loss = 0.00400707
Iteration 80, loss = 0.00392211
Iteration 81, loss = 0.00383186
Iteration 82, loss = 0.00375020
Iteration 83, loss = 0.00367534
Iteration 84, loss = 0.00359637
Iteration 85, loss = 0.00352293
Iteration 86, loss = 0.00345665
Iteration 87, loss = 0.00338362
Training loss did not improve more than tol=0.000100 for 10 consecutive epochs. Stopping.
fold=4/10 OOF_accuracy=0.900000 OOF_AUC=0.818182
Iteration 1, loss = 0.73780431
Iteration 2, loss = 0.67762421
Iteration 3, loss = 0.62444254
Iteration 4, loss = 0.57708608
Iteration 5, loss = 0.53522186
Iteration 6, loss = 0.49446314
Iteration 7, loss = 0.45793063
Iteration 8, loss = 0.42307285
Iteration 9, loss = 0.38831091
Iteration 10, loss = 0.35544532
Iteration 11, loss = 0.32271247
Iteration 12, loss = 0.29179209
Iteration 13, loss = 0.26151529
Iteration 14, loss = 0.23268088
Iteration 15, loss = 0.20584243
Iteration 16, loss = 0.18116064
Iteration 17, loss = 0.15871122
Iteration 18, loss = 0.13846210
Iteration 19, loss = 0.12069531
Iteration 20, loss = 0.10532192
Iteration 21, loss = 0.09206615
Iteration 22, loss = 0.08032991
Iteration 23, loss = 0.07022853
Iteration 24, loss = 0.06212116
Iteration 25, loss = 0.05490178
Iteration 26, loss = 0.04896763
Iteration 27, loss = 0.04378048
Iteration 28, loss = 0.03954410
Iteration 29, loss = 0.03574410
Iteration 30, loss = 0.03264223
Iteration 31, loss = 0.02990403
Iteration 32, loss = 0.02759552
Iteration 33, loss = 0.02559870
Iteration 34, loss = 0.02377204
Iteration 35, loss = 0.02223283
Iteration 36, loss = 0.02088311
Iteration 37, loss = 0.01967234
Iteration 38, loss = 0.01849495
Iteration 39, loss = 0.01756368
Iteration 40, loss = 0.01666915
Iteration 41, loss = 0.01584711
Iteration 42, loss = 0.01511705
Iteration 43, loss = 0.01445508
Iteration 44, loss = 0.01381840
Iteration 45, loss = 0.01327358
Iteration 46, loss = 0.01277549
Iteration 47, loss = 0.01227935
Iteration 48, loss = 0.01178293
Iteration 49, loss = 0.01138228
Iteration 50, loss = 0.01099856
Iteration 51, loss = 0.01061824
Iteration 52, loss = 0.01027140
Iteration 53, loss = 0.00997173
Iteration 54, loss = 0.00964494
Iteration 55, loss = 0.00931707
Iteration 56, loss = 0.00905154
Iteration 57, loss = 0.00873428
Iteration 58, loss = 0.00848209
Iteration 59, loss = 0.00821749
Iteration 60, loss = 0.00797442
Iteration 61, loss = 0.00775935
Iteration 62, loss = 0.00754000
Iteration 63, loss = 0.00732705
Iteration 64, loss = 0.00715009
Iteration 65, loss = 0.00694055
Iteration 66, loss = 0.00678327
Iteration 67, loss = 0.00660913
Iteration 68, loss = 0.00643535
Iteration 69, loss = 0.00627402
Iteration 70, loss = 0.00611536
Iteration 71, loss = 0.00595727
Iteration 72, loss = 0.00580286
Iteration 73, loss = 0.00567363
Iteration 74, loss = 0.00553595
Iteration 75, loss = 0.00539537
Iteration 76, loss = 0.00527562
Iteration 77, loss = 0.00516960
Iteration 78, loss = 0.00504661
Iteration 79, loss = 0.00493472
Iteration 80, loss = 0.00482517
Iteration 81, loss = 0.00470905
Iteration 82, loss = 0.00462344
Iteration 83, loss = 0.00451676
Iteration 84, loss = 0.00440696
Iteration 85, loss = 0.00431791
Iteration 86, loss = 0.00422588
Iteration 87, loss = 0.00413630
Iteration 88, loss = 0.00404550
Iteration 89, loss = 0.00395718
Iteration 90, loss = 0.00388204
Iteration 91, loss = 0.00380553
Iteration 92, loss = 0.00374229
Iteration 93, loss = 0.00366551
Iteration 94, loss = 0.00358822
Iteration 95, loss = 0.00352226
Training loss did not improve more than tol=0.000100 for 10 consecutive epochs. Stopping.
fold=5/10 OOF_accuracy=0.900000 OOF_AUC=0.954545
Iteration 1, loss = 0.73582995
Iteration 2, loss = 0.67650168
Iteration 3, loss = 0.62410585
Iteration 4, loss = 0.57809789
Iteration 5, loss = 0.53762937
Iteration 6, loss = 0.49899113
Iteration 7, loss = 0.46454361
Iteration 8, loss = 0.43174894
Iteration 9, loss = 0.39845496
Iteration 10, loss = 0.36664741
Iteration 11, loss = 0.33462289
Iteration 12, loss = 0.30357564
Iteration 13, loss = 0.27325689
Iteration 14, loss = 0.24349431
Iteration 15, loss = 0.21578457
Iteration 16, loss = 0.18984181
Iteration 17, loss = 0.16613575
Iteration 18, loss = 0.14485890
Iteration 19, loss = 0.12627275
Iteration 20, loss = 0.10991865
Iteration 21, loss = 0.09594624
Iteration 22, loss = 0.08349683
Iteration 23, loss = 0.07282847
Iteration 24, loss = 0.06406790
Iteration 25, loss = 0.05638506
Iteration 26, loss = 0.04994447
Iteration 27, loss = 0.04435975
Iteration 28, loss = 0.03958442
Iteration 29, loss = 0.03546183
Iteration 30, loss = 0.03200267
Iteration 31, loss = 0.02909024
Iteration 32, loss = 0.02643835
Iteration 33, loss = 0.02433699
Iteration 34, loss = 0.02238878
Iteration 35, loss = 0.02074875
Iteration 36, loss = 0.01931989
Iteration 37, loss = 0.01799360
Iteration 38, loss = 0.01688086
Iteration 39, loss = 0.01584125
Iteration 40, loss = 0.01489480
Iteration 41, loss = 0.01410946
Iteration 42, loss = 0.01332827
Iteration 43, loss = 0.01265754
Iteration 44, loss = 0.01200849
Iteration 45, loss = 0.01149690
Iteration 46, loss = 0.01097685
Iteration 47, loss = 0.01050178
Iteration 48, loss = 0.01004921
Iteration 49, loss = 0.00965913
Iteration 50, loss = 0.00928113
Iteration 51, loss = 0.00892515
Iteration 52, loss = 0.00861091
Iteration 53, loss = 0.00829732
Iteration 54, loss = 0.00799613
Iteration 55, loss = 0.00773464
Iteration 56, loss = 0.00747595
Iteration 57, loss = 0.00721258
Iteration 58, loss = 0.00699948
Iteration 59, loss = 0.00676350
Iteration 60, loss = 0.00656887
Iteration 61, loss = 0.00634947
Iteration 62, loss = 0.00618659
Iteration 63, loss = 0.00600586
Iteration 64, loss = 0.00584059
Iteration 65, loss = 0.00567679
Iteration 66, loss = 0.00551980
Iteration 67, loss = 0.00539295
Iteration 68, loss = 0.00525568
Iteration 69, loss = 0.00512057
Iteration 70, loss = 0.00499332
Iteration 71, loss = 0.00487574
Iteration 72, loss = 0.00476001
Iteration 73, loss = 0.00465000
Iteration 74, loss = 0.00454229
Iteration 75, loss = 0.00444571
Iteration 76, loss = 0.00434175
Iteration 77, loss = 0.00424682
Iteration 78, loss = 0.00415542
Iteration 79, loss = 0.00406162
Iteration 80, loss = 0.00397983
Iteration 81, loss = 0.00389439
Iteration 82, loss = 0.00380865
Iteration 83, loss = 0.00372986
Iteration 84, loss = 0.00365496
Iteration 85, loss = 0.00358451
Iteration 86, loss = 0.00351664
Iteration 87, loss = 0.00344842
Training loss did not improve more than tol=0.000100 for 10 consecutive epochs. Stopping.
fold=6/10 OOF_accuracy=0.866667 OOF_AUC=0.943182
Iteration 1, loss = 0.73640426
Iteration 2, loss = 0.67934225
Iteration 3, loss = 0.62789761
Iteration 4, loss = 0.58166943
Iteration 5, loss = 0.54023804
Iteration 6, loss = 0.49952634
Iteration 7, loss = 0.46354291
Iteration 8, loss = 0.42920126
Iteration 9, loss = 0.39504586
Iteration 10, loss = 0.36259719
Iteration 11, loss = 0.33065583
Iteration 12, loss = 0.30008735
Iteration 13, loss = 0.27068706
Iteration 14, loss = 0.24249316
Iteration 15, loss = 0.21598895
Iteration 16, loss = 0.19104214
Iteration 17, loss = 0.16816853
Iteration 18, loss = 0.14732759
Iteration 19, loss = 0.12853346
Iteration 20, loss = 0.11210252
Iteration 21, loss = 0.09770099
Iteration 22, loss = 0.08482833
Iteration 23, loss = 0.07386294
Iteration 24, loss = 0.06483439
Iteration 25, loss = 0.05677511
Iteration 26, loss = 0.05008535
Iteration 27, loss = 0.04412136
Iteration 28, loss = 0.03917418
Iteration 29, loss = 0.03487081
Iteration 30, loss = 0.03120147
Iteration 31, loss = 0.02803116
Iteration 32, loss = 0.02535057
Iteration 33, loss = 0.02303121
Iteration 34, loss = 0.02105704
Iteration 35, loss = 0.01927915
Iteration 36, loss = 0.01780681
Iteration 37, loss = 0.01645231
Iteration 38, loss = 0.01529929
Iteration 39, loss = 0.01421378
Iteration 40, loss = 0.01330149
Iteration 41, loss = 0.01250055
Iteration 42, loss = 0.01171913
Iteration 43, loss = 0.01106615
Iteration 44, loss = 0.01043688
Iteration 45, loss = 0.00991165
Iteration 46, loss = 0.00942091
Iteration 47, loss = 0.00895898
Iteration 48, loss = 0.00854200
Iteration 49, loss = 0.00817084
Iteration 50, loss = 0.00780827
Iteration 51, loss = 0.00748834
Iteration 52, loss = 0.00719305
Iteration 53, loss = 0.00690751
Iteration 54, loss = 0.00664528
Iteration 55, loss = 0.00640183
Iteration 56, loss = 0.00617605
Iteration 57, loss = 0.00595609
Iteration 58, loss = 0.00575315
Iteration 59, loss = 0.00555867
Iteration 60, loss = 0.00538209
Iteration 61, loss = 0.00520145
Iteration 62, loss = 0.00504631
Iteration 63, loss = 0.00488868
Iteration 64, loss = 0.00474124
Iteration 65, loss = 0.00459429
Iteration 66, loss = 0.00446595
Iteration 67, loss = 0.00433801
Iteration 68, loss = 0.00422310
Iteration 69, loss = 0.00410680
Iteration 70, loss = 0.00399574
Iteration 71, loss = 0.00388997
Iteration 72, loss = 0.00379038
Iteration 73, loss = 0.00369907
Iteration 74, loss = 0.00360595
Iteration 75, loss = 0.00351942
Iteration 76, loss = 0.00343352
Iteration 77, loss = 0.00335247
Iteration 78, loss = 0.00327758
Iteration 79, loss = 0.00320065
Iteration 80, loss = 0.00313324
Iteration 81, loss = 0.00306414
Iteration 82, loss = 0.00299733
Training loss did not improve more than tol=0.000100 for 10 consecutive epochs. Stopping.
fold=7/10 OOF_accuracy=0.833333 OOF_AUC=0.914773
Iteration 1, loss = 0.74020880
Iteration 2, loss = 0.68094886
Iteration 3, loss = 0.62785571
Iteration 4, loss = 0.58168260
Iteration 5, loss = 0.53998665
Iteration 6, loss = 0.50015204
Iteration 7, loss = 0.46460893
Iteration 8, loss = 0.43085704
Iteration 9, loss = 0.39688564
Iteration 10, loss = 0.36477315
Iteration 11, loss = 0.33274382
Iteration 12, loss = 0.30182924
Iteration 13, loss = 0.27116121
Iteration 14, loss = 0.24145942
Iteration 15, loss = 0.21374152
Iteration 16, loss = 0.18848379
Iteration 17, loss = 0.16524025
Iteration 18, loss = 0.14399118
Iteration 19, loss = 0.12556812
Iteration 20, loss = 0.10899738
Iteration 21, loss = 0.09446757
Iteration 22, loss = 0.08188118
Iteration 23, loss = 0.07091777
Iteration 24, loss = 0.06203300
Iteration 25, loss = 0.05416650
Iteration 26, loss = 0.04761386
Iteration 27, loss = 0.04186892
Iteration 28, loss = 0.03709153
Iteration 29, loss = 0.03300076
Iteration 30, loss = 0.02958911
Iteration 31, loss = 0.02665628
Iteration 32, loss = 0.02404979
Iteration 33, loss = 0.02189722
Iteration 34, loss = 0.02003815
Iteration 35, loss = 0.01836954
Iteration 36, loss = 0.01698448
Iteration 37, loss = 0.01570887
Iteration 38, loss = 0.01462246
Iteration 39, loss = 0.01364757
Iteration 40, loss = 0.01279132
Iteration 41, loss = 0.01199954
Iteration 42, loss = 0.01133365
Iteration 43, loss = 0.01071706
Iteration 44, loss = 0.01014117
Iteration 45, loss = 0.00961708
Iteration 46, loss = 0.00915690
Iteration 47, loss = 0.00874391
Iteration 48, loss = 0.00833459
Iteration 49, loss = 0.00797913
Iteration 50, loss = 0.00763885
Iteration 51, loss = 0.00733167
Iteration 52, loss = 0.00704118
Iteration 53, loss = 0.00677857
Iteration 54, loss = 0.00652978
Iteration 55, loss = 0.00629454
Iteration 56, loss = 0.00608600
Iteration 57, loss = 0.00587193
Iteration 58, loss = 0.00568255
Iteration 59, loss = 0.00550877
Iteration 60, loss = 0.00533139
Iteration 61, loss = 0.00517112
Iteration 62, loss = 0.00501712
Iteration 63, loss = 0.00486999
Iteration 64, loss = 0.00473494
Iteration 65, loss = 0.00460168
Iteration 66, loss = 0.00447971
Iteration 67, loss = 0.00435932
Iteration 68, loss = 0.00424577
Iteration 69, loss = 0.00413533
Iteration 70, loss = 0.00403458
Iteration 71, loss = 0.00393382
Iteration 72, loss = 0.00383727
Iteration 73, loss = 0.00374444
Iteration 74, loss = 0.00365655
Iteration 75, loss = 0.00357253
Iteration 76, loss = 0.00348986
Iteration 77, loss = 0.00341016
Iteration 78, loss = 0.00333816
Iteration 79, loss = 0.00326656
Iteration 80, loss = 0.00319767
Iteration 81, loss = 0.00313257
Iteration 82, loss = 0.00307318
Training loss did not improve more than tol=0.000100 for 10 consecutive epochs. Stopping.
fold=8/10 OOF_accuracy=0.666667 OOF_AUC=0.676136
Iteration 1, loss = 0.73456126
Iteration 2, loss = 0.67538525
Iteration 3, loss = 0.62247976
Iteration 4, loss = 0.57648365
Iteration 5, loss = 0.53593894
Iteration 6, loss = 0.49749806
Iteration 7, loss = 0.46260641
Iteration 8, loss = 0.42947973
Iteration 9, loss = 0.39649503
Iteration 10, loss = 0.36468547
Iteration 11, loss = 0.33256327
Iteration 12, loss = 0.30165155
Iteration 13, loss = 0.27181377
Iteration 14, loss = 0.24280385
Iteration 15, loss = 0.21571286
Iteration 16, loss = 0.19069309
Iteration 17, loss = 0.16737624
Iteration 18, loss = 0.14635774
Iteration 19, loss = 0.12817477
Iteration 20, loss = 0.11167814
Iteration 21, loss = 0.09757687
Iteration 22, loss = 0.08541564
Iteration 23, loss = 0.07470058
Iteration 24, loss = 0.06563369
Iteration 25, loss = 0.05786797
Iteration 26, loss = 0.05119166
Iteration 27, loss = 0.04544010
Iteration 28, loss = 0.04057440
Iteration 29, loss = 0.03636619
Iteration 30, loss = 0.03279743
Iteration 31, loss = 0.02983731
Iteration 32, loss = 0.02707664
Iteration 33, loss = 0.02487570
Iteration 34, loss = 0.02286853
Iteration 35, loss = 0.02117698
Iteration 36, loss = 0.01965219
Iteration 37, loss = 0.01838178
Iteration 38, loss = 0.01714984
Iteration 39, loss = 0.01612150
Iteration 40, loss = 0.01517082
Iteration 41, loss = 0.01430894
Iteration 42, loss = 0.01357348
Iteration 43, loss = 0.01290507
Iteration 44, loss = 0.01226744
Iteration 45, loss = 0.01172951
Iteration 46, loss = 0.01121442
Iteration 47, loss = 0.01074316
Iteration 48, loss = 0.01032837
Iteration 49, loss = 0.00990756
Iteration 50, loss = 0.00955756
Iteration 51, loss = 0.00918770
Iteration 52, loss = 0.00886336
Iteration 53, loss = 0.00855864
Iteration 54, loss = 0.00825618
Iteration 55, loss = 0.00798096
Iteration 56, loss = 0.00773259
Iteration 57, loss = 0.00747403
Iteration 58, loss = 0.00725239
Iteration 59, loss = 0.00703639
Iteration 60, loss = 0.00682788
Iteration 61, loss = 0.00663550
Iteration 62, loss = 0.00643609
Iteration 63, loss = 0.00626094
Iteration 64, loss = 0.00609010
Iteration 65, loss = 0.00592278
Iteration 66, loss = 0.00576495
Iteration 67, loss = 0.00561135
Iteration 68, loss = 0.00547809
Iteration 69, loss = 0.00535268
Iteration 70, loss = 0.00521601
Iteration 71, loss = 0.00508835
Iteration 72, loss = 0.00497544
Iteration 73, loss = 0.00486315
Iteration 74, loss = 0.00475186
Iteration 75, loss = 0.00464660
Iteration 76, loss = 0.00454548
Iteration 77, loss = 0.00445426
Iteration 78, loss = 0.00436182
Iteration 79, loss = 0.00426989
Iteration 80, loss = 0.00418146
Iteration 81, loss = 0.00410210
Iteration 82, loss = 0.00402014
Iteration 83, loss = 0.00393789
Iteration 84, loss = 0.00386432
Iteration 85, loss = 0.00379219
Iteration 86, loss = 0.00371766
Iteration 87, loss = 0.00364154
Training loss did not improve more than tol=0.000100 for 10 consecutive epochs. Stopping.
fold=9/10 OOF_accuracy=0.800000 OOF_AUC=0.840909
Iteration 1, loss = 0.72746607
Iteration 2, loss = 0.66917217
Iteration 3, loss = 0.61702297
Iteration 4, loss = 0.57170692
Iteration 5, loss = 0.53198645
Iteration 6, loss = 0.49431428
Iteration 7, loss = 0.46082346
Iteration 8, loss = 0.42868837
Iteration 9, loss = 0.39705747
Iteration 10, loss = 0.36617107
Iteration 11, loss = 0.33532751
Iteration 12, loss = 0.30579288
Iteration 13, loss = 0.27665458
Iteration 14, loss = 0.24867521
Iteration 15, loss = 0.22196582
Iteration 16, loss = 0.19736344
Iteration 17, loss = 0.17426521
Iteration 18, loss = 0.15296623
Iteration 19, loss = 0.13403699
Iteration 20, loss = 0.11693671
Iteration 21, loss = 0.10187314
Iteration 22, loss = 0.08869625
Iteration 23, loss = 0.07697331
Iteration 24, loss = 0.06725133
Iteration 25, loss = 0.05863512
Iteration 26, loss = 0.05141583
Iteration 27, loss = 0.04499242
Iteration 28, loss = 0.03975137
Iteration 29, loss = 0.03512527
Iteration 30, loss = 0.03123098
Iteration 31, loss = 0.02791865
Iteration 32, loss = 0.02505368
Iteration 33, loss = 0.02268315
Iteration 34, loss = 0.02058073
Iteration 35, loss = 0.01877722
Iteration 36, loss = 0.01723903
Iteration 37, loss = 0.01586072
Iteration 38, loss = 0.01462405
Iteration 39, loss = 0.01357003
Iteration 40, loss = 0.01261216
Iteration 41, loss = 0.01177905
Iteration 42, loss = 0.01103989
Iteration 43, loss = 0.01035377
Iteration 44, loss = 0.00974229
Iteration 45, loss = 0.00922161
Iteration 46, loss = 0.00872023
Iteration 47, loss = 0.00828879
Iteration 48, loss = 0.00787276
Iteration 49, loss = 0.00749910
Iteration 50, loss = 0.00716777
Iteration 51, loss = 0.00685329
Iteration 52, loss = 0.00655753
Iteration 53, loss = 0.00629525
Iteration 54, loss = 0.00602790
Iteration 55, loss = 0.00581098
Iteration 56, loss = 0.00558751
Iteration 57, loss = 0.00537434
Iteration 58, loss = 0.00519632
Iteration 59, loss = 0.00501328
Iteration 60, loss = 0.00483767
Iteration 61, loss = 0.00468976
Iteration 62, loss = 0.00453656
Iteration 63, loss = 0.00439499
Iteration 64, loss = 0.00426108
Iteration 65, loss = 0.00413569
Iteration 66, loss = 0.00401602
Iteration 67, loss = 0.00390451
Iteration 68, loss = 0.00379552
Iteration 69, loss = 0.00369246
Iteration 70, loss = 0.00359647
Iteration 71, loss = 0.00350200
Iteration 72, loss = 0.00341691
Iteration 73, loss = 0.00333150
Iteration 74, loss = 0.00325133
Iteration 75, loss = 0.00317286
Iteration 76, loss = 0.00310162
Iteration 77, loss = 0.00303046
Iteration 78, loss = 0.00296291
Iteration 79, loss = 0.00289762
Iteration 80, loss = 0.00283610
Training loss did not improve more than tol=0.000100 for 10 consecutive epochs. Stopping.
fold=10/10 OOF_accuracy=0.800000 OOF_AUC=0.798942
Iteration 1, loss = 0.73360002
Iteration 2, loss = 0.67245764
Iteration 3, loss = 0.62108642
Iteration 4, loss = 0.57415591
Iteration 5, loss = 0.53206943
Iteration 6, loss = 0.49408018
Iteration 7, loss = 0.45820814
Iteration 8, loss = 0.42489253
Iteration 9, loss = 0.39183104
Iteration 10, loss = 0.35999492
Iteration 11, loss = 0.32820377
Iteration 12, loss = 0.29684871
Iteration 13, loss = 0.26681830
Iteration 14, loss = 0.23848217
Iteration 15, loss = 0.21109755
Iteration 16, loss = 0.18706246
Iteration 17, loss = 0.16432634
Iteration 18, loss = 0.14431890
Iteration 19, loss = 0.12642967
Iteration 20, loss = 0.11123926
Iteration 21, loss = 0.09756285
Iteration 22, loss = 0.08585382
Iteration 23, loss = 0.07552522
Iteration 24, loss = 0.06680870
Iteration 25, loss = 0.05914656
Iteration 26, loss = 0.05276162
Iteration 27, loss = 0.04718368
Iteration 28, loss = 0.04246840
Iteration 29, loss = 0.03838082
Iteration 30, loss = 0.03495496
Iteration 31, loss = 0.03186992
Iteration 32, loss = 0.02927311
Iteration 33, loss = 0.02700726
Iteration 34, loss = 0.02502879
Iteration 35, loss = 0.02327701
Iteration 36, loss = 0.02170506
Iteration 37, loss = 0.02041072
Iteration 38, loss = 0.01920661
Iteration 39, loss = 0.01808258
Iteration 40, loss = 0.01704759
Iteration 41, loss = 0.01621870
Iteration 42, loss = 0.01544003
Iteration 43, loss = 0.01466190
Iteration 44, loss = 0.01399248
Iteration 45, loss = 0.01342081
Iteration 46, loss = 0.01282405
Iteration 47, loss = 0.01230933
Iteration 48, loss = 0.01183158
Iteration 49, loss = 0.01135322
Iteration 50, loss = 0.01096993
Iteration 51, loss = 0.01054514
Iteration 52, loss = 0.01019658
Iteration 53, loss = 0.00986704
Iteration 54, loss = 0.00954622
Iteration 55, loss = 0.00921947
Iteration 56, loss = 0.00894532
Iteration 57, loss = 0.00865628
Iteration 58, loss = 0.00837577
Iteration 59, loss = 0.00812581
Iteration 60, loss = 0.00790873
Iteration 61, loss = 0.00764643
Iteration 62, loss = 0.00744262
Iteration 63, loss = 0.00723800
Iteration 64, loss = 0.00702803
Iteration 65, loss = 0.00683669
Iteration 66, loss = 0.00664691
Iteration 67, loss = 0.00647259
Iteration 68, loss = 0.00630297
Iteration 69, loss = 0.00614686
Iteration 70, loss = 0.00599130
Iteration 71, loss = 0.00587178
Iteration 72, loss = 0.00572473
Iteration 73, loss = 0.00560394
Iteration 74, loss = 0.00546214
Iteration 75, loss = 0.00534325
Iteration 76, loss = 0.00521046
Iteration 77, loss = 0.00509464
Iteration 78, loss = 0.00498438
Iteration 79, loss = 0.00486346
Iteration 80, loss = 0.00475456
Iteration 81, loss = 0.00466971
Iteration 82, loss = 0.00456731
Iteration 83, loss = 0.00447994
Iteration 84, loss = 0.00438627
Iteration 85, loss = 0.00431661
Iteration 86, loss = 0.00422636
Iteration 87, loss = 0.00414695
Iteration 88, loss = 0.00405579
Iteration 89, loss = 0.00399422
Iteration 90, loss = 0.00391534
Iteration 91, loss = 0.00383932
Iteration 92, loss = 0.00377308
Iteration 93, loss = 0.00371305
Training loss did not improve more than tol=0.000100 for 10 consecutive epochs. Stopping.
{"cv_oof": {"accuracy": 0.8233333333333334, "balanced_accuracy": 0.7778623372230677, "sensitivity": 0.6790123456790124, "specificity": 0.8767123287671232, "f1_macro": 0.7767825806179893, "roc_auc": 0.8503297818366311, "confusion_matrix": [[192, 27], [26, 55]], "classification_report": {"0": {"precision": 0.8807339449541285, "recall": 0.8767123287671232, "f1-score": 0.8787185354691075, "support": 219.0}, "1": {"precision": 0.6707317073170732, "recall": 0.6790123456790124, "f1-score": 0.6748466257668712, "support": 81.0}, "accuracy": 0.8233333333333334, "macro avg": {"precision": 0.7757328261356009, "recall": 0.7778623372230677, "f1-score": 0.7767825806179893, "support": 300.0}, "weighted avg": {"precision": 0.8240333407921235, "recall": 0.8233333333333334, "f1-score": 0.8236731198495038, "support": 300.0}}}, "test": {"accuracy": 0.7792207792207793, "balanced_accuracy": 0.7291666666666667, "sensitivity": 0.6190476190476191, "specificity": 0.8392857142857143, "f1_macro": 0.7257490048187722, "roc_auc": 0.8316326530612245, "confusion_matrix": [[47, 9], [8, 13]], "classification_report": {"0": {"precision": 0.8545454545454545, "recall": 0.8392857142857143, "f1-score": 0.8468468468468469, "support": 56.0}, "1": {"precision": 0.5909090909090909, "recall": 0.6190476190476191, "f1-score": 0.6046511627906976, "support": 21.0}, "accuracy": 0.7792207792207793, "macro avg": {"precision": 0.7227272727272727, "recall": 0.7291666666666667, "f1-score": 0.7257490048187722, "support": 77.0}, "weighted avg": {"precision": 0.7826446280991736, "recall": 0.7792207792207793, "f1-score": 0.780793478467897, "support": 77.0}}}, "folds": 10, "original_train_rows": 300, "train_rows": 300, "test_rows": 77, "elapsed_seconds": 1.5469999999040738}
