Command: ["C:\\Users\\IHCK\\AppData\\Local\\Programs\\Python\\Python312\\python.exe", "-u", "C:\\Users\\IHCK\\Desktop\\1_10_69Final\\Hippocampal-Shape-Analysis-for-Epilepsy-Detection\\Model\\train_dataset_model.py", "--dataset", "plsda_latent_features", "--side", "right", "--model", "MobileNet", "--kind", "latent", "--train-csv", "C:\\Users\\IHCK\\Desktop\\1_10_69Final\\Hippocampal-Shape-Analysis-for-Epilepsy-Detection\\Output_Dataset\\plsda_latent_features\\right\\train_plsda_latent_features.csv", "--test-csv", "C:\\Users\\IHCK\\Desktop\\1_10_69Final\\Hippocampal-Shape-Analysis-for-Epilepsy-Detection\\Output_Dataset\\plsda_latent_features\\right\\test_plsda_latent_features.csv", "--output-dir", "C:\\Users\\IHCK\\Desktop\\1_10_69Final\\Hippocampal-Shape-Analysis-for-Epilepsy-Detection\\Model_Results\\dataset_runs_20261003_10fold\\plsda_latent_features\\right\\MobileNet", "--epochs", "80", "--folds", "10", "--pls-components", "8", "--seed", "42", "--threads", "2"]
10-fold CV: dataset=plsda_latent_features side=right model=MobileNet; original_train=300 test=77
Device=cuda; epochs=80; batch=32; model=MobileNetV2_1D
epoch=1/80 loss=0.618811 seconds=0.42
epoch=2/80 loss=0.349467 seconds=0.09
epoch=3/80 loss=0.207251 seconds=0.06
epoch=4/80 loss=0.113659 seconds=0.06
epoch=5/80 loss=0.075570 seconds=0.05
epoch=6/80 loss=0.059801 seconds=0.06
epoch=7/80 loss=0.048929 seconds=0.06
epoch=8/80 loss=0.037108 seconds=0.06
epoch=9/80 loss=0.030025 seconds=0.06
epoch=10/80 loss=0.024352 seconds=0.06
epoch=11/80 loss=0.019265 seconds=0.08
epoch=12/80 loss=0.022090 seconds=0.06
epoch=13/80 loss=0.019837 seconds=0.06
epoch=14/80 loss=0.014090 seconds=0.06
epoch=15/80 loss=0.011973 seconds=0.06
epoch=16/80 loss=0.015047 seconds=0.06
epoch=17/80 loss=0.009868 seconds=0.06
epoch=18/80 loss=0.009265 seconds=0.06
epoch=19/80 loss=0.008523 seconds=0.06
epoch=20/80 loss=0.010122 seconds=0.08
epoch=21/80 loss=0.008181 seconds=0.06
epoch=22/80 loss=0.008590 seconds=0.06
epoch=23/80 loss=0.008829 seconds=0.06
epoch=24/80 loss=0.005916 seconds=0.06
epoch=25/80 loss=0.005880 seconds=0.06
epoch=26/80 loss=0.004902 seconds=0.05
epoch=27/80 loss=0.004939 seconds=0.06
epoch=28/80 loss=0.005584 seconds=0.06
epoch=29/80 loss=0.004598 seconds=0.08
epoch=30/80 loss=0.004814 seconds=0.08
epoch=31/80 loss=0.004827 seconds=0.06
epoch=32/80 loss=0.004742 seconds=0.06
epoch=33/80 loss=0.004138 seconds=0.06
epoch=34/80 loss=0.003315 seconds=0.06
epoch=35/80 loss=0.003647 seconds=0.06
epoch=36/80 loss=0.002972 seconds=0.06
epoch=37/80 loss=0.002839 seconds=0.06
epoch=38/80 loss=0.002898 seconds=0.06
epoch=39/80 loss=0.003273 seconds=0.06
epoch=40/80 loss=0.002807 seconds=0.06
epoch=41/80 loss=0.001884 seconds=0.06
epoch=42/80 loss=0.002518 seconds=0.06
epoch=43/80 loss=0.002501 seconds=0.06
epoch=44/80 loss=0.001966 seconds=0.08
epoch=45/80 loss=0.002288 seconds=0.08
epoch=46/80 loss=0.002679 seconds=0.06
epoch=47/80 loss=0.001568 seconds=0.06
epoch=48/80 loss=0.001958 seconds=0.06
epoch=49/80 loss=0.002397 seconds=0.08
epoch=50/80 loss=0.001887 seconds=0.06
epoch=51/80 loss=0.001529 seconds=0.06
epoch=52/80 loss=0.002102 seconds=0.06
epoch=53/80 loss=0.001448 seconds=0.06
epoch=54/80 loss=0.001518 seconds=0.06
epoch=55/80 loss=0.003239 seconds=0.08
epoch=56/80 loss=0.077999 seconds=0.06
epoch=57/80 loss=0.090474 seconds=0.06
epoch=58/80 loss=0.075638 seconds=0.06
epoch=59/80 loss=0.047017 seconds=0.06
epoch=60/80 loss=0.029124 seconds=0.05
epoch=61/80 loss=0.008308 seconds=0.06
epoch=62/80 loss=0.007002 seconds=0.06
epoch=63/80 loss=0.005730 seconds=0.06
epoch=64/80 loss=0.004775 seconds=0.06
epoch=65/80 loss=0.004094 seconds=0.06
epoch=66/80 loss=0.003228 seconds=0.06
epoch=67/80 loss=0.002239 seconds=0.08
epoch=68/80 loss=0.002712 seconds=0.05
epoch=69/80 loss=0.002785 seconds=0.06
epoch=70/80 loss=0.001359 seconds=0.06
epoch=71/80 loss=0.001467 seconds=0.06
epoch=72/80 loss=0.003288 seconds=0.08
epoch=73/80 loss=0.001277 seconds=0.06
epoch=74/80 loss=0.001592 seconds=0.06
epoch=75/80 loss=0.001060 seconds=0.06
epoch=76/80 loss=0.003795 seconds=0.06
epoch=77/80 loss=0.001267 seconds=0.06
epoch=78/80 loss=0.002422 seconds=0.08
epoch=79/80 loss=0.003614 seconds=0.06
epoch=80/80 loss=0.001784 seconds=0.06
fold=1/10 OOF_accuracy=0.800000 OOF_AUC=0.795455
Device=cuda; epochs=80; batch=32; model=MobileNetV2_1D
epoch=1/80 loss=0.630194 seconds=0.08
epoch=2/80 loss=0.351323 seconds=0.06
epoch=3/80 loss=0.198549 seconds=0.06
epoch=4/80 loss=0.120566 seconds=0.08
epoch=5/80 loss=0.088658 seconds=0.08
epoch=6/80 loss=0.070158 seconds=0.06
epoch=7/80 loss=0.053147 seconds=0.06
epoch=8/80 loss=0.041455 seconds=0.05
epoch=9/80 loss=0.032767 seconds=0.06
epoch=10/80 loss=0.030077 seconds=0.06
epoch=11/80 loss=0.022797 seconds=0.06
epoch=12/80 loss=0.026143 seconds=0.08
epoch=13/80 loss=0.021558 seconds=0.06
epoch=14/80 loss=0.015890 seconds=0.06
epoch=15/80 loss=0.013044 seconds=0.08
epoch=16/80 loss=0.016960 seconds=0.06
epoch=17/80 loss=0.010257 seconds=0.06
epoch=18/80 loss=0.011674 seconds=0.06
epoch=19/80 loss=0.012020 seconds=0.06
epoch=20/80 loss=0.025568 seconds=0.06
epoch=21/80 loss=0.023977 seconds=0.08
epoch=22/80 loss=0.013675 seconds=0.08
epoch=23/80 loss=0.019584 seconds=0.06
epoch=24/80 loss=0.008738 seconds=0.06
epoch=25/80 loss=0.008172 seconds=0.06
epoch=26/80 loss=0.008074 seconds=0.06
epoch=27/80 loss=0.006600 seconds=0.06
epoch=28/80 loss=0.008351 seconds=0.06
epoch=29/80 loss=0.005107 seconds=0.08
epoch=30/80 loss=0.005224 seconds=0.08
epoch=31/80 loss=0.005603 seconds=0.08
epoch=32/80 loss=0.006304 seconds=0.06
epoch=33/80 loss=0.004418 seconds=0.06
epoch=34/80 loss=0.003592 seconds=0.06
epoch=35/80 loss=0.004195 seconds=0.06
epoch=36/80 loss=0.003151 seconds=0.06
epoch=37/80 loss=0.002893 seconds=0.06
epoch=38/80 loss=0.003351 seconds=0.06
epoch=39/80 loss=0.003995 seconds=0.06
epoch=40/80 loss=0.003082 seconds=0.06
epoch=41/80 loss=0.001963 seconds=0.06
epoch=42/80 loss=0.002582 seconds=0.06
epoch=43/80 loss=0.002181 seconds=0.06
epoch=44/80 loss=0.002083 seconds=0.05
epoch=45/80 loss=0.002341 seconds=0.08
epoch=46/80 loss=0.002774 seconds=0.06
epoch=47/80 loss=0.001618 seconds=0.06
epoch=48/80 loss=0.001917 seconds=0.08
epoch=49/80 loss=0.002212 seconds=0.06
epoch=50/80 loss=0.001800 seconds=0.06
epoch=51/80 loss=0.001489 seconds=0.08
epoch=52/80 loss=0.001844 seconds=0.06
epoch=53/80 loss=0.001370 seconds=0.08
epoch=54/80 loss=0.001221 seconds=0.06
epoch=55/80 loss=0.001443 seconds=0.06
epoch=56/80 loss=0.001683 seconds=0.06
epoch=57/80 loss=0.001247 seconds=0.08
epoch=58/80 loss=0.001199 seconds=0.06
epoch=59/80 loss=0.001954 seconds=0.06
epoch=60/80 loss=0.001593 seconds=0.06
epoch=61/80 loss=0.000977 seconds=0.06
epoch=62/80 loss=0.001029 seconds=0.08
epoch=63/80 loss=0.001291 seconds=0.08
epoch=64/80 loss=0.001410 seconds=0.06
epoch=65/80 loss=0.001951 seconds=0.06
epoch=66/80 loss=0.001607 seconds=0.06
epoch=67/80 loss=0.001837 seconds=0.06
epoch=68/80 loss=0.001415 seconds=0.06
epoch=69/80 loss=0.006085 seconds=0.08
epoch=70/80 loss=0.004427 seconds=0.06
epoch=71/80 loss=0.003926 seconds=0.11
epoch=72/80 loss=0.016067 seconds=0.06
epoch=73/80 loss=0.015242 seconds=0.06
epoch=74/80 loss=0.007823 seconds=0.06
epoch=75/80 loss=0.017509 seconds=0.06
epoch=76/80 loss=0.010673 seconds=0.06
epoch=77/80 loss=0.004429 seconds=0.06
epoch=78/80 loss=0.013752 seconds=0.06
epoch=79/80 loss=0.012981 seconds=0.06
epoch=80/80 loss=0.003481 seconds=0.06
fold=2/10 OOF_accuracy=0.766667 OOF_AUC=0.897727
Device=cuda; epochs=80; batch=32; model=MobileNetV2_1D
epoch=1/80 loss=0.641983 seconds=0.06
epoch=2/80 loss=0.353620 seconds=0.06
epoch=3/80 loss=0.217746 seconds=0.08
epoch=4/80 loss=0.120684 seconds=0.09
epoch=5/80 loss=0.084879 seconds=0.08
epoch=6/80 loss=0.069186 seconds=0.05
epoch=7/80 loss=0.051399 seconds=0.06
epoch=8/80 loss=0.039492 seconds=0.06
epoch=9/80 loss=0.032939 seconds=0.06
epoch=10/80 loss=0.028799 seconds=0.06
epoch=11/80 loss=0.020842 seconds=0.06
epoch=12/80 loss=0.024041 seconds=0.08
epoch=13/80 loss=0.020520 seconds=0.06
epoch=14/80 loss=0.016053 seconds=0.08
epoch=15/80 loss=0.016312 seconds=0.06
epoch=16/80 loss=0.017149 seconds=0.06
epoch=17/80 loss=0.013746 seconds=0.06
epoch=18/80 loss=0.010582 seconds=0.06
epoch=19/80 loss=0.011192 seconds=0.06
epoch=20/80 loss=0.011730 seconds=0.06
epoch=21/80 loss=0.008705 seconds=0.06
epoch=22/80 loss=0.008994 seconds=0.06
epoch=23/80 loss=0.014995 seconds=0.09
epoch=24/80 loss=0.017892 seconds=0.08
epoch=25/80 loss=0.015168 seconds=0.08
epoch=26/80 loss=0.009873 seconds=0.08
epoch=27/80 loss=0.007970 seconds=0.06
epoch=28/80 loss=0.010359 seconds=0.06
epoch=29/80 loss=0.007581 seconds=0.08
epoch=30/80 loss=0.007191 seconds=0.06
epoch=31/80 loss=0.021786 seconds=0.06
epoch=32/80 loss=0.008584 seconds=0.06
epoch=33/80 loss=0.006045 seconds=0.06
epoch=34/80 loss=0.004064 seconds=0.06
epoch=35/80 loss=0.004555 seconds=0.06
epoch=36/80 loss=0.003456 seconds=0.08
epoch=37/80 loss=0.003135 seconds=0.06
epoch=38/80 loss=0.003353 seconds=0.06
epoch=39/80 loss=0.004017 seconds=0.06
epoch=40/80 loss=0.003050 seconds=0.06
epoch=41/80 loss=0.001820 seconds=0.06
epoch=42/80 loss=0.002623 seconds=0.08
epoch=43/80 loss=0.002078 seconds=0.05
epoch=44/80 loss=0.001916 seconds=0.08
epoch=45/80 loss=0.002139 seconds=0.06
epoch=46/80 loss=0.002618 seconds=0.06
epoch=47/80 loss=0.001544 seconds=0.08
epoch=48/80 loss=0.001883 seconds=0.05
epoch=49/80 loss=0.002297 seconds=0.06
epoch=50/80 loss=0.001666 seconds=0.06
epoch=51/80 loss=0.001510 seconds=0.08
epoch=52/80 loss=0.002364 seconds=0.05
epoch=53/80 loss=0.017983 seconds=0.06
epoch=54/80 loss=0.015067 seconds=0.06
epoch=55/80 loss=0.011642 seconds=0.06
epoch=56/80 loss=0.007472 seconds=0.08
epoch=57/80 loss=0.010886 seconds=0.08
epoch=58/80 loss=0.011622 seconds=0.06
epoch=59/80 loss=0.007378 seconds=0.08
epoch=60/80 loss=0.006222 seconds=0.06
epoch=61/80 loss=0.002065 seconds=0.09
epoch=62/80 loss=0.001926 seconds=0.06
epoch=63/80 loss=0.006518 seconds=0.06
epoch=64/80 loss=0.008239 seconds=0.08
epoch=65/80 loss=0.032552 seconds=0.06
epoch=66/80 loss=0.092462 seconds=0.08
epoch=67/80 loss=0.046330 seconds=0.06
epoch=68/80 loss=0.007707 seconds=0.05
epoch=69/80 loss=0.005798 seconds=0.06
epoch=70/80 loss=0.002416 seconds=0.06
epoch=71/80 loss=0.003907 seconds=0.06
epoch=72/80 loss=0.005838 seconds=0.06
epoch=73/80 loss=0.009912 seconds=0.06
epoch=74/80 loss=0.002761 seconds=0.06
epoch=75/80 loss=0.001351 seconds=0.06
epoch=76/80 loss=0.003917 seconds=0.06
epoch=77/80 loss=0.001555 seconds=0.08
epoch=78/80 loss=0.004029 seconds=0.06
epoch=79/80 loss=0.003026 seconds=0.09
epoch=80/80 loss=0.000980 seconds=0.08
fold=3/10 OOF_accuracy=0.800000 OOF_AUC=0.755682
Device=cuda; epochs=80; batch=32; model=MobileNetV2_1D
epoch=1/80 loss=0.613514 seconds=0.05
epoch=2/80 loss=0.343882 seconds=0.08
epoch=3/80 loss=0.184236 seconds=0.06
epoch=4/80 loss=0.110308 seconds=0.06
epoch=5/80 loss=0.080132 seconds=0.06
epoch=6/80 loss=0.066530 seconds=0.06
epoch=7/80 loss=0.051655 seconds=0.08
epoch=8/80 loss=0.039889 seconds=0.06
epoch=9/80 loss=0.033172 seconds=0.06
epoch=10/80 loss=0.027667 seconds=0.06
epoch=11/80 loss=0.020754 seconds=0.06
epoch=12/80 loss=0.022875 seconds=0.05
epoch=13/80 loss=0.019486 seconds=0.08
epoch=14/80 loss=0.015419 seconds=0.06
epoch=15/80 loss=0.012485 seconds=0.06
epoch=16/80 loss=0.015722 seconds=0.06
epoch=17/80 loss=0.009919 seconds=0.06
epoch=18/80 loss=0.010239 seconds=0.06
epoch=19/80 loss=0.009245 seconds=0.06
epoch=20/80 loss=0.011508 seconds=0.06
epoch=21/80 loss=0.011871 seconds=0.06
epoch=22/80 loss=0.026435 seconds=0.06
epoch=23/80 loss=0.011178 seconds=0.08
epoch=24/80 loss=0.007432 seconds=0.06
epoch=25/80 loss=0.006940 seconds=0.08
epoch=26/80 loss=0.006205 seconds=0.05
epoch=27/80 loss=0.005377 seconds=0.06
epoch=28/80 loss=0.006916 seconds=0.06
epoch=29/80 loss=0.004921 seconds=0.06
epoch=30/80 loss=0.004944 seconds=0.06
epoch=31/80 loss=0.005182 seconds=0.08
epoch=32/80 loss=0.005398 seconds=0.05
epoch=33/80 loss=0.004114 seconds=0.06
epoch=34/80 loss=0.003444 seconds=0.06
epoch=35/80 loss=0.003776 seconds=0.06
epoch=36/80 loss=0.003283 seconds=0.06
epoch=37/80 loss=0.002960 seconds=0.08
epoch=38/80 loss=0.003437 seconds=0.06
epoch=39/80 loss=0.003716 seconds=0.06
epoch=40/80 loss=0.003041 seconds=0.06
epoch=41/80 loss=0.001975 seconds=0.08
epoch=42/80 loss=0.002634 seconds=0.05
epoch=43/80 loss=0.002262 seconds=0.08
epoch=44/80 loss=0.002698 seconds=0.06
epoch=45/80 loss=0.002470 seconds=0.06
epoch=46/80 loss=0.003104 seconds=0.06
epoch=47/80 loss=0.001680 seconds=0.06
epoch=48/80 loss=0.001991 seconds=0.06
epoch=49/80 loss=0.006010 seconds=0.06
epoch=50/80 loss=0.013377 seconds=0.06
epoch=51/80 loss=0.040128 seconds=0.06
epoch=52/80 loss=0.077342 seconds=0.06
epoch=53/80 loss=0.020846 seconds=0.06
epoch=54/80 loss=0.009601 seconds=0.06
epoch=55/80 loss=0.013359 seconds=0.06
epoch=56/80 loss=0.036015 seconds=0.08
epoch=57/80 loss=0.043183 seconds=0.06
epoch=58/80 loss=0.018401 seconds=0.06
epoch=59/80 loss=0.008732 seconds=0.06
epoch=60/80 loss=0.015717 seconds=0.11
epoch=61/80 loss=0.003894 seconds=0.11
epoch=62/80 loss=0.002770 seconds=0.06
epoch=63/80 loss=0.003381 seconds=0.06
epoch=64/80 loss=0.003215 seconds=0.06
epoch=65/80 loss=0.015432 seconds=0.06
epoch=66/80 loss=0.026484 seconds=0.06
epoch=67/80 loss=0.008546 seconds=0.06
epoch=68/80 loss=0.014936 seconds=0.06
epoch=69/80 loss=0.010129 seconds=0.06
epoch=70/80 loss=0.002891 seconds=0.08
epoch=71/80 loss=0.012405 seconds=0.06
epoch=72/80 loss=0.003824 seconds=0.06
epoch=73/80 loss=0.002110 seconds=0.09
epoch=74/80 loss=0.002726 seconds=0.08
epoch=75/80 loss=0.001135 seconds=0.06
epoch=76/80 loss=0.002055 seconds=0.06
epoch=77/80 loss=0.001487 seconds=0.06
epoch=78/80 loss=0.001627 seconds=0.06
epoch=79/80 loss=0.001394 seconds=0.06
epoch=80/80 loss=0.001224 seconds=0.06
fold=4/10 OOF_accuracy=0.933333 OOF_AUC=0.829545
Device=cuda; epochs=80; batch=32; model=MobileNetV2_1D
epoch=1/80 loss=0.644407 seconds=0.06
epoch=2/80 loss=0.368813 seconds=0.06
epoch=3/80 loss=0.221523 seconds=0.09
epoch=4/80 loss=0.137251 seconds=0.06
epoch=5/80 loss=0.098177 seconds=0.11
epoch=6/80 loss=0.076120 seconds=0.06
epoch=7/80 loss=0.057458 seconds=0.08
epoch=8/80 loss=0.050600 seconds=0.06
epoch=9/80 loss=0.037217 seconds=0.08
epoch=10/80 loss=0.029834 seconds=0.06
epoch=11/80 loss=0.023017 seconds=0.08
epoch=12/80 loss=0.025312 seconds=0.06
epoch=13/80 loss=0.021482 seconds=0.08
epoch=14/80 loss=0.016064 seconds=0.12
epoch=15/80 loss=0.014182 seconds=0.08
epoch=16/80 loss=0.016629 seconds=0.08
epoch=17/80 loss=0.010863 seconds=0.08
epoch=18/80 loss=0.009684 seconds=0.08
epoch=19/80 loss=0.010093 seconds=0.06
epoch=20/80 loss=0.012941 seconds=0.08
epoch=21/80 loss=0.010276 seconds=0.08
epoch=22/80 loss=0.011383 seconds=0.05
epoch=23/80 loss=0.012243 seconds=0.08
epoch=24/80 loss=0.009061 seconds=0.06
epoch=25/80 loss=0.009741 seconds=0.08
epoch=26/80 loss=0.007359 seconds=0.06
epoch=27/80 loss=0.006463 seconds=0.06
epoch=28/80 loss=0.007174 seconds=0.08
epoch=29/80 loss=0.004597 seconds=0.06
epoch=30/80 loss=0.005267 seconds=0.06
epoch=31/80 loss=0.005977 seconds=0.06
epoch=32/80 loss=0.005921 seconds=0.06
epoch=33/80 loss=0.007072 seconds=0.08
epoch=34/80 loss=0.004947 seconds=0.06
epoch=35/80 loss=0.005602 seconds=0.06
epoch=36/80 loss=0.004739 seconds=0.06
epoch=37/80 loss=0.006273 seconds=0.06
epoch=38/80 loss=0.018198 seconds=0.06
epoch=39/80 loss=0.010936 seconds=0.08
epoch=40/80 loss=0.032553 seconds=0.06
epoch=41/80 loss=0.049589 seconds=0.08
epoch=42/80 loss=0.019774 seconds=0.06
epoch=43/80 loss=0.013899 seconds=0.06
epoch=44/80 loss=0.007165 seconds=0.08
epoch=45/80 loss=0.016494 seconds=0.08
epoch=46/80 loss=0.013474 seconds=0.09
epoch=47/80 loss=0.013896 seconds=0.06
epoch=48/80 loss=0.008498 seconds=0.08
epoch=49/80 loss=0.029680 seconds=0.06
epoch=50/80 loss=0.013572 seconds=0.08
epoch=51/80 loss=0.005669 seconds=0.06
epoch=52/80 loss=0.008392 seconds=0.06
epoch=53/80 loss=0.005322 seconds=0.08
epoch=54/80 loss=0.001955 seconds=0.06
epoch=55/80 loss=0.003093 seconds=0.06
epoch=56/80 loss=0.004021 seconds=0.06
epoch=57/80 loss=0.002024 seconds=0.08
epoch=58/80 loss=0.001967 seconds=0.06
epoch=59/80 loss=0.002534 seconds=0.06
epoch=60/80 loss=0.002222 seconds=0.06
epoch=61/80 loss=0.000952 seconds=0.06
epoch=62/80 loss=0.001210 seconds=0.05
epoch=63/80 loss=0.001198 seconds=0.06
epoch=64/80 loss=0.002498 seconds=0.06
epoch=65/80 loss=0.003043 seconds=0.06
epoch=66/80 loss=0.010601 seconds=0.05
epoch=67/80 loss=0.003162 seconds=0.06
epoch=68/80 loss=0.002549 seconds=0.08
epoch=69/80 loss=0.004083 seconds=0.06
epoch=70/80 loss=0.000844 seconds=0.06
epoch=71/80 loss=0.001584 seconds=0.06
epoch=72/80 loss=0.001752 seconds=0.06
epoch=73/80 loss=0.001033 seconds=0.06
epoch=74/80 loss=0.001492 seconds=0.06
epoch=75/80 loss=0.000601 seconds=0.06
epoch=76/80 loss=0.001552 seconds=0.06
epoch=77/80 loss=0.001662 seconds=0.06
epoch=78/80 loss=0.001454 seconds=0.08
epoch=79/80 loss=0.005602 seconds=0.06
epoch=80/80 loss=0.000911 seconds=0.08
fold=5/10 OOF_accuracy=0.900000 OOF_AUC=0.920455
Device=cuda; epochs=80; batch=32; model=MobileNetV2_1D
epoch=1/80 loss=0.636193 seconds=0.08
epoch=2/80 loss=0.359300 seconds=0.08
epoch=3/80 loss=0.203951 seconds=0.06
epoch=4/80 loss=0.116910 seconds=0.06
epoch=5/80 loss=0.084936 seconds=0.06
epoch=6/80 loss=0.064939 seconds=0.08
epoch=7/80 loss=0.054354 seconds=0.08
epoch=8/80 loss=0.040773 seconds=0.06
epoch=9/80 loss=0.035187 seconds=0.06
epoch=10/80 loss=0.027475 seconds=0.06
epoch=11/80 loss=0.021633 seconds=0.06
epoch=12/80 loss=0.023234 seconds=0.08
epoch=13/80 loss=0.021948 seconds=0.06
epoch=14/80 loss=0.016137 seconds=0.06
epoch=15/80 loss=0.013313 seconds=0.08
epoch=16/80 loss=0.015438 seconds=0.06
epoch=17/80 loss=0.010209 seconds=0.06
epoch=18/80 loss=0.010386 seconds=0.06
epoch=19/80 loss=0.008708 seconds=0.06
epoch=20/80 loss=0.013762 seconds=0.06
epoch=21/80 loss=0.016102 seconds=0.08
epoch=22/80 loss=0.022637 seconds=0.06
epoch=23/80 loss=0.015753 seconds=0.05
epoch=24/80 loss=0.011787 seconds=0.06
epoch=25/80 loss=0.023169 seconds=0.06
epoch=26/80 loss=0.009691 seconds=0.06
epoch=27/80 loss=0.013075 seconds=0.06
epoch=28/80 loss=0.013516 seconds=0.08
epoch=29/80 loss=0.010504 seconds=0.08
epoch=30/80 loss=0.013417 seconds=0.06
epoch=31/80 loss=0.009352 seconds=0.06
epoch=32/80 loss=0.006890 seconds=0.06
epoch=33/80 loss=0.019726 seconds=0.06
epoch=34/80 loss=0.043347 seconds=0.06
epoch=35/80 loss=0.028109 seconds=0.06
epoch=36/80 loss=0.017406 seconds=0.08
epoch=37/80 loss=0.006436 seconds=0.06
epoch=38/80 loss=0.017352 seconds=0.08
epoch=39/80 loss=0.009241 seconds=0.06
epoch=40/80 loss=0.005869 seconds=0.06
epoch=41/80 loss=0.002603 seconds=0.06
epoch=42/80 loss=0.004269 seconds=0.06
epoch=43/80 loss=0.003513 seconds=0.08
epoch=44/80 loss=0.002528 seconds=0.06
epoch=45/80 loss=0.002673 seconds=0.06
epoch=46/80 loss=0.002972 seconds=0.06
epoch=47/80 loss=0.001916 seconds=0.06
epoch=48/80 loss=0.002146 seconds=0.06
epoch=49/80 loss=0.002542 seconds=0.06
epoch=50/80 loss=0.002081 seconds=0.06
epoch=51/80 loss=0.001645 seconds=0.09
epoch=52/80 loss=0.001738 seconds=0.08
epoch=53/80 loss=0.001443 seconds=0.06
epoch=54/80 loss=0.001271 seconds=0.06
epoch=55/80 loss=0.001418 seconds=0.08
epoch=56/80 loss=0.001833 seconds=0.06
epoch=57/80 loss=0.001270 seconds=0.12
epoch=58/80 loss=0.001236 seconds=0.11
epoch=59/80 loss=0.002035 seconds=0.09
epoch=60/80 loss=0.001645 seconds=0.08
epoch=61/80 loss=0.001040 seconds=0.06
epoch=62/80 loss=0.001022 seconds=0.06
epoch=63/80 loss=0.001163 seconds=0.06
epoch=64/80 loss=0.001457 seconds=0.08
epoch=65/80 loss=0.001494 seconds=0.06
epoch=66/80 loss=0.001568 seconds=0.06
epoch=67/80 loss=0.001296 seconds=0.06
epoch=68/80 loss=0.001403 seconds=0.06
epoch=69/80 loss=0.003171 seconds=0.06
epoch=70/80 loss=0.000807 seconds=0.06
epoch=71/80 loss=0.000986 seconds=0.08
epoch=72/80 loss=0.001297 seconds=0.06
epoch=73/80 loss=0.000877 seconds=0.06
epoch=74/80 loss=0.001165 seconds=0.06
epoch=75/80 loss=0.000737 seconds=0.06
epoch=76/80 loss=0.001432 seconds=0.08
epoch=77/80 loss=0.000888 seconds=0.06
epoch=78/80 loss=0.002639 seconds=0.06
epoch=79/80 loss=0.016299 seconds=0.06
epoch=80/80 loss=0.016050 seconds=0.08
fold=6/10 OOF_accuracy=0.900000 OOF_AUC=0.926136
Device=cuda; epochs=80; batch=32; model=MobileNetV2_1D
epoch=1/80 loss=0.634996 seconds=0.06
epoch=2/80 loss=0.343986 seconds=0.08
epoch=3/80 loss=0.201416 seconds=0.05
epoch=4/80 loss=0.111464 seconds=0.08
epoch=5/80 loss=0.079909 seconds=0.09
epoch=6/80 loss=0.061827 seconds=0.06
epoch=7/80 loss=0.047309 seconds=0.08
epoch=8/80 loss=0.037986 seconds=0.06
epoch=9/80 loss=0.030253 seconds=0.06
epoch=10/80 loss=0.025656 seconds=0.05
epoch=11/80 loss=0.020308 seconds=0.08
epoch=12/80 loss=0.023743 seconds=0.08
epoch=13/80 loss=0.019949 seconds=0.06
epoch=14/80 loss=0.015120 seconds=0.08
epoch=15/80 loss=0.012733 seconds=0.06
epoch=16/80 loss=0.016088 seconds=0.06
epoch=17/80 loss=0.009657 seconds=0.06
epoch=18/80 loss=0.009405 seconds=0.08
epoch=19/80 loss=0.009185 seconds=0.06
epoch=20/80 loss=0.010217 seconds=0.06
epoch=21/80 loss=0.008610 seconds=0.06
epoch=22/80 loss=0.008258 seconds=0.06
epoch=23/80 loss=0.008081 seconds=0.06
epoch=24/80 loss=0.005506 seconds=0.06
epoch=25/80 loss=0.005584 seconds=0.06
epoch=26/80 loss=0.005165 seconds=0.06
epoch=27/80 loss=0.004556 seconds=0.06
epoch=28/80 loss=0.008627 seconds=0.06
epoch=29/80 loss=0.004851 seconds=0.06
epoch=30/80 loss=0.006278 seconds=0.08
epoch=31/80 loss=0.008055 seconds=0.05
epoch=32/80 loss=0.013243 seconds=0.06
epoch=33/80 loss=0.011357 seconds=0.08
epoch=34/80 loss=0.011517 seconds=0.06
epoch=35/80 loss=0.020376 seconds=0.06
epoch=36/80 loss=0.008657 seconds=0.08
epoch=37/80 loss=0.013831 seconds=0.05
epoch=38/80 loss=0.028451 seconds=0.06
epoch=39/80 loss=0.058556 seconds=0.06
epoch=40/80 loss=0.015808 seconds=0.06
epoch=41/80 loss=0.014850 seconds=0.06
epoch=42/80 loss=0.016618 seconds=0.06
epoch=43/80 loss=0.005955 seconds=0.06
epoch=44/80 loss=0.023899 seconds=0.06
epoch=45/80 loss=0.006437 seconds=0.08
epoch=46/80 loss=0.024438 seconds=0.08
epoch=47/80 loss=0.004120 seconds=0.05
epoch=48/80 loss=0.003320 seconds=0.05
epoch=49/80 loss=0.003211 seconds=0.06
epoch=50/80 loss=0.002493 seconds=0.06
epoch=51/80 loss=0.003625 seconds=0.06
epoch=52/80 loss=0.002436 seconds=0.06
epoch=53/80 loss=0.001628 seconds=0.06
epoch=54/80 loss=0.001480 seconds=0.08
epoch=55/80 loss=0.001562 seconds=0.08
epoch=56/80 loss=0.001770 seconds=0.06
epoch=57/80 loss=0.001454 seconds=0.06
epoch=58/80 loss=0.001357 seconds=0.06
epoch=59/80 loss=0.002215 seconds=0.06
epoch=60/80 loss=0.001848 seconds=0.06
epoch=61/80 loss=0.001059 seconds=0.08
epoch=62/80 loss=0.001165 seconds=0.06
epoch=63/80 loss=0.001208 seconds=0.06
epoch=64/80 loss=0.001485 seconds=0.06
epoch=65/80 loss=0.001427 seconds=0.06
epoch=66/80 loss=0.001668 seconds=0.08
epoch=67/80 loss=0.001856 seconds=0.05
epoch=68/80 loss=0.001326 seconds=0.06
epoch=69/80 loss=0.001740 seconds=0.08
epoch=70/80 loss=0.000836 seconds=0.05
epoch=71/80 loss=0.000950 seconds=0.06
epoch=72/80 loss=0.001259 seconds=0.06
epoch=73/80 loss=0.000843 seconds=0.06
epoch=74/80 loss=0.001149 seconds=0.08
epoch=75/80 loss=0.000686 seconds=0.06
epoch=76/80 loss=0.001131 seconds=0.08
epoch=77/80 loss=0.000836 seconds=0.05
epoch=78/80 loss=0.001015 seconds=0.08
epoch=79/80 loss=0.000871 seconds=0.08
epoch=80/80 loss=0.000735 seconds=0.08
fold=7/10 OOF_accuracy=0.800000 OOF_AUC=0.931818
Device=cuda; epochs=80; batch=32; model=MobileNetV2_1D
epoch=1/80 loss=0.640814 seconds=0.06
epoch=2/80 loss=0.372844 seconds=0.08
epoch=3/80 loss=0.214749 seconds=0.06
epoch=4/80 loss=0.119111 seconds=0.08
epoch=5/80 loss=0.080010 seconds=0.08
epoch=6/80 loss=0.068471 seconds=0.08
epoch=7/80 loss=0.048061 seconds=0.06
epoch=8/80 loss=0.038620 seconds=0.08
epoch=9/80 loss=0.031373 seconds=0.06
epoch=10/80 loss=0.026225 seconds=0.08
epoch=11/80 loss=0.021171 seconds=0.06
epoch=12/80 loss=0.025942 seconds=0.08
epoch=13/80 loss=0.021263 seconds=0.06
epoch=14/80 loss=0.016218 seconds=0.08
epoch=15/80 loss=0.012944 seconds=0.08
epoch=16/80 loss=0.016237 seconds=0.11
epoch=17/80 loss=0.010034 seconds=0.08
epoch=18/80 loss=0.009625 seconds=0.06
epoch=19/80 loss=0.013349 seconds=0.06
epoch=20/80 loss=0.014794 seconds=0.06
epoch=21/80 loss=0.013461 seconds=0.08
epoch=22/80 loss=0.016476 seconds=0.06
epoch=23/80 loss=0.014749 seconds=0.06
epoch=24/80 loss=0.008496 seconds=0.08
epoch=25/80 loss=0.007377 seconds=0.06
epoch=26/80 loss=0.005953 seconds=0.06
epoch=27/80 loss=0.006426 seconds=0.06
epoch=28/80 loss=0.015752 seconds=0.09
epoch=29/80 loss=0.006988 seconds=0.06
epoch=30/80 loss=0.007624 seconds=0.06
epoch=31/80 loss=0.011039 seconds=0.06
epoch=32/80 loss=0.010610 seconds=0.08
epoch=33/80 loss=0.011260 seconds=0.06
epoch=34/80 loss=0.006699 seconds=0.06
epoch=35/80 loss=0.006078 seconds=0.06
epoch=36/80 loss=0.005238 seconds=0.08
epoch=37/80 loss=0.003374 seconds=0.06
epoch=38/80 loss=0.008791 seconds=0.08
epoch=39/80 loss=0.004984 seconds=0.05
epoch=40/80 loss=0.003758 seconds=0.06
epoch=41/80 loss=0.002368 seconds=0.06
epoch=42/80 loss=0.002953 seconds=0.08
epoch=43/80 loss=0.002463 seconds=0.06
epoch=44/80 loss=0.001986 seconds=0.06
epoch=45/80 loss=0.002281 seconds=0.06
epoch=46/80 loss=0.002637 seconds=0.08
epoch=47/80 loss=0.001548 seconds=0.06
epoch=48/80 loss=0.002078 seconds=0.06
epoch=49/80 loss=0.002161 seconds=0.06
epoch=50/80 loss=0.001735 seconds=0.08
epoch=51/80 loss=0.001841 seconds=0.06
epoch=52/80 loss=0.001889 seconds=0.06
epoch=53/80 loss=0.001404 seconds=0.06
epoch=54/80 loss=0.001175 seconds=0.08
epoch=55/80 loss=0.001463 seconds=0.06
epoch=56/80 loss=0.001517 seconds=0.06
epoch=57/80 loss=0.001236 seconds=0.08
epoch=58/80 loss=0.001149 seconds=0.06
epoch=59/80 loss=0.001846 seconds=0.06
epoch=60/80 loss=0.001530 seconds=0.08
epoch=61/80 loss=0.000914 seconds=0.06
epoch=62/80 loss=0.000969 seconds=0.06
epoch=63/80 loss=0.001146 seconds=0.06
epoch=64/80 loss=0.001408 seconds=0.06
epoch=65/80 loss=0.001374 seconds=0.06
epoch=66/80 loss=0.001514 seconds=0.06
epoch=67/80 loss=0.001220 seconds=0.06
epoch=68/80 loss=0.001126 seconds=0.06
epoch=69/80 loss=0.001733 seconds=0.06
epoch=70/80 loss=0.000721 seconds=0.06
epoch=71/80 loss=0.000909 seconds=0.06
epoch=72/80 loss=0.001141 seconds=0.08
epoch=73/80 loss=0.000837 seconds=0.08
epoch=74/80 loss=0.000994 seconds=0.06
epoch=75/80 loss=0.000596 seconds=0.06
epoch=76/80 loss=0.001039 seconds=0.08
epoch=77/80 loss=0.000922 seconds=0.06
epoch=78/80 loss=0.000869 seconds=0.06
epoch=79/80 loss=0.000805 seconds=0.06
epoch=80/80 loss=0.000647 seconds=0.11
fold=8/10 OOF_accuracy=0.833333 OOF_AUC=0.744318
Device=cuda; epochs=80; batch=32; model=MobileNetV2_1D
epoch=1/80 loss=0.613921 seconds=0.06
epoch=2/80 loss=0.319434 seconds=0.06
epoch=3/80 loss=0.185053 seconds=0.06
epoch=4/80 loss=0.106998 seconds=0.05
epoch=5/80 loss=0.075913 seconds=0.08
epoch=6/80 loss=0.062675 seconds=0.05
epoch=7/80 loss=0.047861 seconds=0.08
epoch=8/80 loss=0.036887 seconds=0.06
epoch=9/80 loss=0.029187 seconds=0.06
epoch=10/80 loss=0.027539 seconds=0.06
epoch=11/80 loss=0.020376 seconds=0.06
epoch=12/80 loss=0.024363 seconds=0.06
epoch=13/80 loss=0.020730 seconds=0.06
epoch=14/80 loss=0.014983 seconds=0.06
epoch=15/80 loss=0.013837 seconds=0.08
epoch=16/80 loss=0.016380 seconds=0.06
epoch=17/80 loss=0.010432 seconds=0.06
epoch=18/80 loss=0.009547 seconds=0.06
epoch=19/80 loss=0.008849 seconds=0.06
epoch=20/80 loss=0.010900 seconds=0.06
epoch=21/80 loss=0.008306 seconds=0.08
epoch=22/80 loss=0.008625 seconds=0.05
epoch=23/80 loss=0.008286 seconds=0.06
epoch=24/80 loss=0.005542 seconds=0.08
epoch=25/80 loss=0.005514 seconds=0.06
epoch=26/80 loss=0.004834 seconds=0.08
epoch=27/80 loss=0.004477 seconds=0.06
epoch=28/80 loss=0.005763 seconds=0.08
epoch=29/80 loss=0.004777 seconds=0.06
epoch=30/80 loss=0.004752 seconds=0.06
epoch=31/80 loss=0.005007 seconds=0.08
epoch=32/80 loss=0.005366 seconds=0.06
epoch=33/80 loss=0.004490 seconds=0.06
epoch=34/80 loss=0.003743 seconds=0.06
epoch=35/80 loss=0.003792 seconds=0.08
epoch=36/80 loss=0.003117 seconds=0.06
epoch=37/80 loss=0.002841 seconds=0.08
epoch=38/80 loss=0.003248 seconds=0.09
epoch=39/80 loss=0.003604 seconds=0.08
epoch=40/80 loss=0.002957 seconds=0.06
epoch=41/80 loss=0.001923 seconds=0.06
epoch=42/80 loss=0.002717 seconds=0.06
epoch=43/80 loss=0.002257 seconds=0.08
epoch=44/80 loss=0.002084 seconds=0.08
epoch=45/80 loss=0.002320 seconds=0.06
epoch=46/80 loss=0.002656 seconds=0.06
epoch=47/80 loss=0.001679 seconds=0.08
epoch=48/80 loss=0.002182 seconds=0.06
epoch=49/80 loss=0.002347 seconds=0.06
epoch=50/80 loss=0.001807 seconds=0.06
epoch=51/80 loss=0.001569 seconds=0.08
epoch=52/80 loss=0.002402 seconds=0.06
epoch=53/80 loss=0.001480 seconds=0.05
epoch=54/80 loss=0.001581 seconds=0.08
epoch=55/80 loss=0.001773 seconds=0.05
epoch=56/80 loss=0.001865 seconds=0.06
epoch=57/80 loss=0.001469 seconds=0.08
epoch=58/80 loss=0.001343 seconds=0.06
epoch=59/80 loss=0.001939 seconds=0.06
epoch=60/80 loss=0.001721 seconds=0.06
epoch=61/80 loss=0.000983 seconds=0.06
epoch=62/80 loss=0.001172 seconds=0.06
epoch=63/80 loss=0.001250 seconds=0.08
epoch=64/80 loss=0.001428 seconds=0.06
epoch=65/80 loss=0.007422 seconds=0.06
epoch=66/80 loss=0.091063 seconds=0.08
epoch=67/80 loss=0.061466 seconds=0.06
epoch=68/80 loss=0.040981 seconds=0.06
epoch=69/80 loss=0.021680 seconds=0.06
epoch=70/80 loss=0.003753 seconds=0.06
epoch=71/80 loss=0.013988 seconds=0.06
epoch=72/80 loss=0.020526 seconds=0.06
epoch=73/80 loss=0.024571 seconds=0.06
epoch=74/80 loss=0.007038 seconds=0.06
epoch=75/80 loss=0.002060 seconds=0.06
epoch=76/80 loss=0.014199 seconds=0.06
epoch=77/80 loss=0.003208 seconds=0.08
epoch=78/80 loss=0.002200 seconds=0.06
epoch=79/80 loss=0.002239 seconds=0.06
epoch=80/80 loss=0.002607 seconds=0.06
fold=9/10 OOF_accuracy=0.800000 OOF_AUC=0.863636
Device=cuda; epochs=80; batch=32; model=MobileNetV2_1D
epoch=1/80 loss=0.633066 seconds=0.08
epoch=2/80 loss=0.350647 seconds=0.06
epoch=3/80 loss=0.200527 seconds=0.08
epoch=4/80 loss=0.114770 seconds=0.06
epoch=5/80 loss=0.086235 seconds=0.09
epoch=6/80 loss=0.061542 seconds=0.06
epoch=7/80 loss=0.049998 seconds=0.06
epoch=8/80 loss=0.037316 seconds=0.08
epoch=9/80 loss=0.029951 seconds=0.06
epoch=10/80 loss=0.026671 seconds=0.06
epoch=11/80 loss=0.019844 seconds=0.06
epoch=12/80 loss=0.023437 seconds=0.06
epoch=13/80 loss=0.021191 seconds=0.06
epoch=14/80 loss=0.018849 seconds=0.08
epoch=15/80 loss=0.015676 seconds=0.06
epoch=16/80 loss=0.018507 seconds=0.06
epoch=17/80 loss=0.012228 seconds=0.06
epoch=18/80 loss=0.010219 seconds=0.06
epoch=19/80 loss=0.010249 seconds=0.06
epoch=20/80 loss=0.011253 seconds=0.06
epoch=21/80 loss=0.010209 seconds=0.06
epoch=22/80 loss=0.008840 seconds=0.06
epoch=23/80 loss=0.008680 seconds=0.06
epoch=24/80 loss=0.005209 seconds=0.06
epoch=25/80 loss=0.005404 seconds=0.06
epoch=26/80 loss=0.005001 seconds=0.06
epoch=27/80 loss=0.004356 seconds=0.06
epoch=28/80 loss=0.006059 seconds=0.06
epoch=29/80 loss=0.004371 seconds=0.08
epoch=30/80 loss=0.004584 seconds=0.06
epoch=31/80 loss=0.004939 seconds=0.06
epoch=32/80 loss=0.004610 seconds=0.09
epoch=33/80 loss=0.004297 seconds=0.09
epoch=34/80 loss=0.003332 seconds=0.05
epoch=35/80 loss=0.003706 seconds=0.06
epoch=36/80 loss=0.003052 seconds=0.08
epoch=37/80 loss=0.003007 seconds=0.09
epoch=38/80 loss=0.003144 seconds=0.06
epoch=39/80 loss=0.005128 seconds=0.08
epoch=40/80 loss=0.003299 seconds=0.06
epoch=41/80 loss=0.002321 seconds=0.06
epoch=42/80 loss=0.003742 seconds=0.06
epoch=43/80 loss=0.002422 seconds=0.06
epoch=44/80 loss=0.013252 seconds=0.06
epoch=45/80 loss=0.043615 seconds=0.06
epoch=46/80 loss=0.011817 seconds=0.06
epoch=47/80 loss=0.006028 seconds=0.06
epoch=48/80 loss=0.004676 seconds=0.08
epoch=49/80 loss=0.008579 seconds=0.06
epoch=50/80 loss=0.018568 seconds=0.06
epoch=51/80 loss=0.004453 seconds=0.06
epoch=52/80 loss=0.005413 seconds=0.06
epoch=53/80 loss=0.003927 seconds=0.08
epoch=54/80 loss=0.001739 seconds=0.08
epoch=55/80 loss=0.002606 seconds=0.06
epoch=56/80 loss=0.002466 seconds=0.06
epoch=57/80 loss=0.002305 seconds=0.08
epoch=58/80 loss=0.002311 seconds=0.06
epoch=59/80 loss=0.003493 seconds=0.06
epoch=60/80 loss=0.002546 seconds=0.06
epoch=61/80 loss=0.001246 seconds=0.08
epoch=62/80 loss=0.001152 seconds=0.06
epoch=63/80 loss=0.001616 seconds=0.08
epoch=64/80 loss=0.001967 seconds=0.06
epoch=65/80 loss=0.003378 seconds=0.06
epoch=66/80 loss=0.003376 seconds=0.06
epoch=67/80 loss=0.005419 seconds=0.08
epoch=68/80 loss=0.002199 seconds=0.08
epoch=69/80 loss=0.004743 seconds=0.06
epoch=70/80 loss=0.000936 seconds=0.06
epoch=71/80 loss=0.001421 seconds=0.06
epoch=72/80 loss=0.001551 seconds=0.05
epoch=73/80 loss=0.000912 seconds=0.06
epoch=74/80 loss=0.001220 seconds=0.08
epoch=75/80 loss=0.000710 seconds=0.06
epoch=76/80 loss=0.001303 seconds=0.08
epoch=77/80 loss=0.000932 seconds=0.06
epoch=78/80 loss=0.000794 seconds=0.08
epoch=79/80 loss=0.000929 seconds=0.06
epoch=80/80 loss=0.000677 seconds=0.08
fold=10/10 OOF_accuracy=0.733333 OOF_AUC=0.820106
Device=cuda; epochs=80; batch=32; model=MobileNetV2_1D
epoch=1/80 loss=0.634859 seconds=0.09
epoch=2/80 loss=0.335092 seconds=0.08
epoch=3/80 loss=0.175085 seconds=0.06
epoch=4/80 loss=0.122914 seconds=0.08
epoch=5/80 loss=0.080602 seconds=0.06
epoch=6/80 loss=0.063376 seconds=0.08
epoch=7/80 loss=0.051153 seconds=0.08
epoch=8/80 loss=0.032426 seconds=0.08
epoch=9/80 loss=0.058710 seconds=0.08
epoch=10/80 loss=0.050320 seconds=0.08
epoch=11/80 loss=0.029487 seconds=0.06
epoch=12/80 loss=0.034246 seconds=0.08
epoch=13/80 loss=0.020255 seconds=0.06
epoch=14/80 loss=0.025809 seconds=0.08
epoch=15/80 loss=0.015121 seconds=0.06
epoch=16/80 loss=0.011243 seconds=0.08
epoch=17/80 loss=0.013354 seconds=0.06
epoch=18/80 loss=0.018802 seconds=0.09
epoch=19/80 loss=0.037692 seconds=0.12
epoch=20/80 loss=0.047977 seconds=0.08
epoch=21/80 loss=0.080276 seconds=0.08
epoch=22/80 loss=0.052047 seconds=0.08
epoch=23/80 loss=0.019206 seconds=0.06
epoch=24/80 loss=0.018895 seconds=0.08
epoch=25/80 loss=0.024446 seconds=0.08
epoch=26/80 loss=0.013121 seconds=0.08
epoch=27/80 loss=0.010140 seconds=0.06
epoch=28/80 loss=0.013074 seconds=0.08
epoch=29/80 loss=0.005373 seconds=0.08
epoch=30/80 loss=0.004919 seconds=0.08
epoch=31/80 loss=0.009359 seconds=0.06
epoch=32/80 loss=0.025901 seconds=0.08
epoch=33/80 loss=0.007902 seconds=0.08
epoch=34/80 loss=0.005487 seconds=0.08
epoch=35/80 loss=0.009148 seconds=0.08
epoch=36/80 loss=0.003737 seconds=0.08
epoch=37/80 loss=0.004454 seconds=0.08
epoch=38/80 loss=0.019292 seconds=0.08
epoch=39/80 loss=0.003273 seconds=0.09
epoch=40/80 loss=0.008523 seconds=0.08
epoch=41/80 loss=0.002940 seconds=0.08
epoch=42/80 loss=0.005961 seconds=0.08
epoch=43/80 loss=0.004253 seconds=0.06
epoch=44/80 loss=0.002581 seconds=0.08
epoch=45/80 loss=0.001787 seconds=0.06
epoch=46/80 loss=0.002005 seconds=0.09
epoch=47/80 loss=0.002321 seconds=0.06
epoch=48/80 loss=0.002802 seconds=0.06
epoch=49/80 loss=0.001755 seconds=0.08
epoch=50/80 loss=0.001541 seconds=0.06
epoch=51/80 loss=0.001757 seconds=0.08
epoch=52/80 loss=0.039647 seconds=0.06
epoch=53/80 loss=0.035809 seconds=0.06
epoch=54/80 loss=0.048490 seconds=0.06
epoch=55/80 loss=0.017382 seconds=0.08
epoch=56/80 loss=0.012025 seconds=0.06
epoch=57/80 loss=0.005257 seconds=0.08
epoch=58/80 loss=0.006562 seconds=0.06
epoch=59/80 loss=0.006294 seconds=0.06
epoch=60/80 loss=0.026872 seconds=0.06
epoch=61/80 loss=0.011214 seconds=0.08
epoch=62/80 loss=0.008863 seconds=0.06
epoch=63/80 loss=0.022180 seconds=0.06
epoch=64/80 loss=0.007534 seconds=0.11
epoch=65/80 loss=0.064767 seconds=0.08
epoch=66/80 loss=0.010936 seconds=0.06
epoch=67/80 loss=0.015358 seconds=0.06
epoch=68/80 loss=0.012260 seconds=0.08
epoch=69/80 loss=0.005626 seconds=0.06
epoch=70/80 loss=0.003115 seconds=0.06
epoch=71/80 loss=0.005771 seconds=0.06
epoch=72/80 loss=0.005643 seconds=0.08
epoch=73/80 loss=0.002362 seconds=0.06
epoch=74/80 loss=0.001496 seconds=0.06
epoch=75/80 loss=0.001386 seconds=0.06
epoch=76/80 loss=0.001902 seconds=0.08
epoch=77/80 loss=0.001276 seconds=0.08
epoch=78/80 loss=0.001376 seconds=0.08
epoch=79/80 loss=0.001099 seconds=0.06
epoch=80/80 loss=0.001458 seconds=0.06
{"cv_oof": {"accuracy": 0.8266666666666667, "balanced_accuracy": 0.776255707762557, "sensitivity": 0.6666666666666666, "specificity": 0.8858447488584474, "f1_macro": 0.7784090909090909, "roc_auc": 0.8415355995264671, "confusion_matrix": [[194, 25], [27, 54]], "classification_report": {"0": {"precision": 0.8778280542986425, "recall": 0.8858447488584474, "f1-score": 0.8818181818181818, "support": 219.0}, "1": {"precision": 0.6835443037974683, "recall": 0.6666666666666666, "f1-score": 0.675, "support": 81.0}, "accuracy": 0.8266666666666667, "macro avg": {"precision": 0.7806861790480555, "recall": 0.776255707762557, "f1-score": 0.7784090909090909, "support": 300.0}, "weighted avg": {"precision": 0.8253714416633255, "recall": 0.8266666666666667, "f1-score": 0.8259772727272728, "support": 300.0}}}, "test": {"accuracy": 0.8051948051948052, "balanced_accuracy": 0.7619047619047619, "sensitivity": 0.6666666666666666, "specificity": 0.8571428571428571, "f1_macro": 0.7580138277812697, "roc_auc": 0.8358843537414966, "confusion_matrix": [[48, 8], [7, 14]], "classification_report": {"0": {"precision": 0.8727272727272727, "recall": 0.8571428571428571, "f1-score": 0.8648648648648649, "support": 56.0}, "1": {"precision": 0.6363636363636364, "recall": 0.6666666666666666, "f1-score": 0.6511627906976745, "support": 21.0}, "accuracy": 0.8051948051948052, "macro avg": {"precision": 0.7545454545454545, "recall": 0.7619047619047619, "f1-score": 0.7580138277812697, "support": 77.0}, "weighted avg": {"precision": 0.8082644628099174, "recall": 0.8051948051948052, "f1-score": 0.8065824810010858, "support": 77.0}}}, "folds": 10, "original_train_rows": 300, "train_rows": 300, "test_rows": 77, "elapsed_seconds": 63.51600000006147}
