Command: ["C:\\Users\\IHCK\\AppData\\Local\\Programs\\Python\\Python312\\python.exe", "-u", "C:\\Users\\IHCK\\Desktop\\1_10_69Final\\Hippocampal-Shape-Analysis-for-Epilepsy-Detection\\Model\\train_dataset_model.py", "--dataset", "plsda_latent_features", "--side", "right", "--model", "ResNet", "--kind", "latent", "--train-csv", "C:\\Users\\IHCK\\Desktop\\1_10_69Final\\Hippocampal-Shape-Analysis-for-Epilepsy-Detection\\Output_Dataset\\plsda_latent_features\\right\\train_plsda_latent_features.csv", "--test-csv", "C:\\Users\\IHCK\\Desktop\\1_10_69Final\\Hippocampal-Shape-Analysis-for-Epilepsy-Detection\\Output_Dataset\\plsda_latent_features\\right\\test_plsda_latent_features.csv", "--output-dir", "C:\\Users\\IHCK\\Desktop\\1_10_69Final\\Hippocampal-Shape-Analysis-for-Epilepsy-Detection\\Model_Results\\dataset_runs_20261003_10fold\\plsda_latent_features\\right\\ResNet", "--epochs", "80", "--folds", "10", "--pls-components", "8", "--seed", "42", "--threads", "2"]
10-fold CV: dataset=plsda_latent_features side=right model=ResNet; original_train=300 test=77
Device=cuda; epochs=80; batch=32; model=ResNet1D
epoch=1/80 loss=0.398573 seconds=0.39
epoch=2/80 loss=0.082374 seconds=0.03
epoch=3/80 loss=0.048550 seconds=0.05
epoch=4/80 loss=0.021775 seconds=0.03
epoch=5/80 loss=0.015946 seconds=0.03
epoch=6/80 loss=0.013348 seconds=0.05
epoch=7/80 loss=0.011102 seconds=0.03
epoch=8/80 loss=0.008367 seconds=0.05
epoch=9/80 loss=0.007252 seconds=0.03
epoch=10/80 loss=0.006152 seconds=0.05
epoch=11/80 loss=0.004794 seconds=0.03
epoch=12/80 loss=0.006764 seconds=0.05
epoch=13/80 loss=0.008552 seconds=0.05
epoch=14/80 loss=0.005402 seconds=0.03
epoch=15/80 loss=0.004206 seconds=0.05
epoch=16/80 loss=0.006087 seconds=0.05
epoch=17/80 loss=0.002719 seconds=0.05
epoch=18/80 loss=0.004106 seconds=0.05
epoch=19/80 loss=0.009958 seconds=0.05
epoch=20/80 loss=0.049417 seconds=0.05
epoch=21/80 loss=0.008783 seconds=0.05
epoch=22/80 loss=0.010641 seconds=0.03
epoch=23/80 loss=0.006812 seconds=0.05
epoch=24/80 loss=0.004815 seconds=0.03
epoch=25/80 loss=0.003537 seconds=0.03
epoch=26/80 loss=0.005040 seconds=0.05
epoch=27/80 loss=0.002025 seconds=0.06
epoch=28/80 loss=0.004757 seconds=0.05
epoch=29/80 loss=0.002097 seconds=0.05
epoch=30/80 loss=0.002510 seconds=0.06
epoch=31/80 loss=0.004069 seconds=0.05
epoch=32/80 loss=0.001910 seconds=0.03
epoch=33/80 loss=0.002599 seconds=0.05
epoch=34/80 loss=0.001256 seconds=0.03
epoch=35/80 loss=0.001497 seconds=0.05
epoch=36/80 loss=0.001400 seconds=0.03
epoch=37/80 loss=0.001321 seconds=0.05
epoch=38/80 loss=0.001475 seconds=0.03
epoch=39/80 loss=0.001863 seconds=0.03
epoch=40/80 loss=0.001094 seconds=0.03
epoch=41/80 loss=0.000612 seconds=0.03
epoch=42/80 loss=0.000938 seconds=0.05
epoch=43/80 loss=0.000654 seconds=0.03
epoch=44/80 loss=0.000656 seconds=0.05
epoch=45/80 loss=0.000760 seconds=0.03
epoch=46/80 loss=0.001115 seconds=0.03
epoch=47/80 loss=0.000496 seconds=0.05
epoch=48/80 loss=0.000769 seconds=0.03
epoch=49/80 loss=0.001058 seconds=0.05
epoch=50/80 loss=0.000570 seconds=0.03
epoch=51/80 loss=0.000492 seconds=0.03
epoch=52/80 loss=0.000831 seconds=0.03
epoch=53/80 loss=0.000422 seconds=0.05
epoch=54/80 loss=0.000373 seconds=0.03
epoch=55/80 loss=0.000522 seconds=0.05
epoch=56/80 loss=0.000561 seconds=0.03
epoch=57/80 loss=0.000380 seconds=0.05
epoch=58/80 loss=0.000375 seconds=0.05
epoch=59/80 loss=0.000713 seconds=0.03
epoch=60/80 loss=0.000572 seconds=0.05
epoch=61/80 loss=0.000279 seconds=0.03
epoch=62/80 loss=0.000349 seconds=0.05
epoch=63/80 loss=0.000381 seconds=0.03
epoch=64/80 loss=0.000800 seconds=0.03
epoch=65/80 loss=0.000890 seconds=0.05
epoch=66/80 loss=0.000567 seconds=0.03
epoch=67/80 loss=0.000471 seconds=0.03
epoch=68/80 loss=0.000453 seconds=0.05
epoch=69/80 loss=0.001362 seconds=0.03
epoch=70/80 loss=0.000250 seconds=0.03
epoch=71/80 loss=0.000311 seconds=0.05
epoch=72/80 loss=0.000538 seconds=0.05
epoch=73/80 loss=0.000282 seconds=0.03
epoch=74/80 loss=0.000357 seconds=0.05
epoch=75/80 loss=0.000216 seconds=0.03
epoch=76/80 loss=0.000732 seconds=0.05
epoch=77/80 loss=0.000284 seconds=0.03
epoch=78/80 loss=0.000316 seconds=0.05
epoch=79/80 loss=0.000380 seconds=0.03
epoch=80/80 loss=0.000252 seconds=0.03
fold=1/10 OOF_accuracy=0.733333 OOF_AUC=0.846591
Device=cuda; epochs=80; batch=32; model=ResNet1D
epoch=1/80 loss=0.404063 seconds=0.05
epoch=2/80 loss=0.093104 seconds=0.03
epoch=3/80 loss=0.051770 seconds=0.05
epoch=4/80 loss=0.029491 seconds=0.05
epoch=5/80 loss=0.019574 seconds=0.03
epoch=6/80 loss=0.015482 seconds=0.05
epoch=7/80 loss=0.011373 seconds=0.05
epoch=8/80 loss=0.009787 seconds=0.03
epoch=9/80 loss=0.007439 seconds=0.05
epoch=10/80 loss=0.006621 seconds=0.03
epoch=11/80 loss=0.005147 seconds=0.05
epoch=12/80 loss=0.007509 seconds=0.03
epoch=13/80 loss=0.006584 seconds=0.05
epoch=14/80 loss=0.004307 seconds=0.03
epoch=15/80 loss=0.003831 seconds=0.05
epoch=16/80 loss=0.006355 seconds=0.05
epoch=17/80 loss=0.002727 seconds=0.03
epoch=18/80 loss=0.002491 seconds=0.05
epoch=19/80 loss=0.002880 seconds=0.03
epoch=20/80 loss=0.003391 seconds=0.05
epoch=21/80 loss=0.002381 seconds=0.03
epoch=22/80 loss=0.002544 seconds=0.05
epoch=23/80 loss=0.002623 seconds=0.05
epoch=24/80 loss=0.001474 seconds=0.03
epoch=25/80 loss=0.001754 seconds=0.05
epoch=26/80 loss=0.001899 seconds=0.03
epoch=27/80 loss=0.001748 seconds=0.05
epoch=28/80 loss=0.002305 seconds=0.03
epoch=29/80 loss=0.001208 seconds=0.05
epoch=30/80 loss=0.001314 seconds=0.05
epoch=31/80 loss=0.001460 seconds=0.05
epoch=32/80 loss=0.001577 seconds=0.05
epoch=33/80 loss=0.001301 seconds=0.03
epoch=34/80 loss=0.000955 seconds=0.05
epoch=35/80 loss=0.001248 seconds=0.05
epoch=36/80 loss=0.000901 seconds=0.03
epoch=37/80 loss=0.000911 seconds=0.05
epoch=38/80 loss=0.001118 seconds=0.05
epoch=39/80 loss=0.001396 seconds=0.05
epoch=40/80 loss=0.000942 seconds=0.03
epoch=41/80 loss=0.000556 seconds=0.05
epoch=42/80 loss=0.000900 seconds=0.05
epoch=43/80 loss=0.000595 seconds=0.05
epoch=44/80 loss=0.000588 seconds=0.05
epoch=45/80 loss=0.000649 seconds=0.05
epoch=46/80 loss=0.000854 seconds=0.05
epoch=47/80 loss=0.000477 seconds=0.05
epoch=48/80 loss=0.000543 seconds=0.05
epoch=49/80 loss=0.000746 seconds=0.05
epoch=50/80 loss=0.000523 seconds=0.03
epoch=51/80 loss=0.000428 seconds=0.05
epoch=52/80 loss=0.001004 seconds=0.03
epoch=53/80 loss=0.000420 seconds=0.05
epoch=54/80 loss=0.000565 seconds=0.05
epoch=55/80 loss=0.000678 seconds=0.03
epoch=56/80 loss=0.001330 seconds=0.05
epoch=57/80 loss=0.000776 seconds=0.05
epoch=58/80 loss=0.000822 seconds=0.03
epoch=59/80 loss=0.001034 seconds=0.05
epoch=60/80 loss=0.000643 seconds=0.03
epoch=61/80 loss=0.000369 seconds=0.05
epoch=62/80 loss=0.000358 seconds=0.05
epoch=63/80 loss=0.000391 seconds=0.05
epoch=64/80 loss=0.000447 seconds=0.03
epoch=65/80 loss=0.000832 seconds=0.05
epoch=66/80 loss=0.000664 seconds=0.05
epoch=67/80 loss=0.001542 seconds=0.03
epoch=68/80 loss=0.000911 seconds=0.08
epoch=69/80 loss=0.001291 seconds=0.05
epoch=70/80 loss=0.000246 seconds=0.05
epoch=71/80 loss=0.000340 seconds=0.03
epoch=72/80 loss=0.002962 seconds=0.05
epoch=73/80 loss=0.024666 seconds=0.03
epoch=74/80 loss=0.009076 seconds=0.05
epoch=75/80 loss=0.012236 seconds=0.05
epoch=76/80 loss=0.016332 seconds=0.05
epoch=77/80 loss=0.012442 seconds=0.03
epoch=78/80 loss=0.025409 seconds=0.05
epoch=79/80 loss=0.016925 seconds=0.03
epoch=80/80 loss=0.006473 seconds=0.05
fold=2/10 OOF_accuracy=0.866667 OOF_AUC=0.948864
Device=cuda; epochs=80; batch=32; model=ResNet1D
epoch=1/80 loss=0.427001 seconds=0.05
epoch=2/80 loss=0.097567 seconds=0.05
epoch=3/80 loss=0.061816 seconds=0.05
epoch=4/80 loss=0.030796 seconds=0.05
epoch=5/80 loss=0.028460 seconds=0.03
epoch=6/80 loss=0.018066 seconds=0.05
epoch=7/80 loss=0.014336 seconds=0.05
epoch=8/80 loss=0.011268 seconds=0.03
epoch=9/80 loss=0.008211 seconds=0.05
epoch=10/80 loss=0.008581 seconds=0.03
epoch=11/80 loss=0.005077 seconds=0.05
epoch=12/80 loss=0.009823 seconds=0.05
epoch=13/80 loss=0.005994 seconds=0.06
epoch=14/80 loss=0.004569 seconds=0.05
epoch=15/80 loss=0.004194 seconds=0.05
epoch=16/80 loss=0.007468 seconds=0.03
epoch=17/80 loss=0.003608 seconds=0.05
epoch=18/80 loss=0.003044 seconds=0.03
epoch=19/80 loss=0.006480 seconds=0.05
epoch=20/80 loss=0.012348 seconds=0.03
epoch=21/80 loss=0.027463 seconds=0.05
epoch=22/80 loss=0.012379 seconds=0.05
epoch=23/80 loss=0.004768 seconds=0.03
epoch=24/80 loss=0.005017 seconds=0.05
epoch=25/80 loss=0.004097 seconds=0.05
epoch=26/80 loss=0.002311 seconds=0.03
epoch=27/80 loss=0.001865 seconds=0.05
epoch=28/80 loss=0.002963 seconds=0.03
epoch=29/80 loss=0.001598 seconds=0.05
epoch=30/80 loss=0.001862 seconds=0.05
epoch=31/80 loss=0.002146 seconds=0.03
epoch=32/80 loss=0.002085 seconds=0.05
epoch=33/80 loss=0.001473 seconds=0.03
epoch=34/80 loss=0.001123 seconds=0.05
epoch=35/80 loss=0.001424 seconds=0.05
epoch=36/80 loss=0.001133 seconds=0.05
epoch=37/80 loss=0.001011 seconds=0.05
epoch=38/80 loss=0.001095 seconds=0.05
epoch=39/80 loss=0.001892 seconds=0.05
epoch=40/80 loss=0.001155 seconds=0.03
epoch=41/80 loss=0.000573 seconds=0.05
epoch=42/80 loss=0.000906 seconds=0.05
epoch=43/80 loss=0.000696 seconds=0.05
epoch=44/80 loss=0.000603 seconds=0.03
epoch=45/80 loss=0.000701 seconds=0.05
epoch=46/80 loss=0.001032 seconds=0.05
epoch=47/80 loss=0.000464 seconds=0.05
epoch=48/80 loss=0.000727 seconds=0.05
epoch=49/80 loss=0.000930 seconds=0.03
epoch=50/80 loss=0.000593 seconds=0.05
epoch=51/80 loss=0.000495 seconds=0.05
epoch=52/80 loss=0.000750 seconds=0.03
epoch=53/80 loss=0.000424 seconds=0.05
epoch=54/80 loss=0.000398 seconds=0.05
epoch=55/80 loss=0.000563 seconds=0.05
epoch=56/80 loss=0.000735 seconds=0.03
epoch=57/80 loss=0.000370 seconds=0.05
epoch=58/80 loss=0.000409 seconds=0.05
epoch=59/80 loss=0.000638 seconds=0.05
epoch=60/80 loss=0.000679 seconds=0.03
epoch=61/80 loss=0.000293 seconds=0.05
epoch=62/80 loss=0.000378 seconds=0.03
epoch=63/80 loss=0.000423 seconds=0.05
epoch=64/80 loss=0.000518 seconds=0.05
epoch=65/80 loss=0.012613 seconds=0.05
epoch=66/80 loss=0.041703 seconds=0.05
epoch=67/80 loss=0.035355 seconds=0.03
epoch=68/80 loss=0.018639 seconds=0.05
epoch=69/80 loss=0.027537 seconds=0.05
epoch=70/80 loss=0.004254 seconds=0.03
epoch=71/80 loss=0.027674 seconds=0.05
epoch=72/80 loss=0.049770 seconds=0.03
epoch=73/80 loss=0.002713 seconds=0.05
epoch=74/80 loss=0.005332 seconds=0.05
epoch=75/80 loss=0.002932 seconds=0.05
epoch=76/80 loss=0.015415 seconds=0.05
epoch=77/80 loss=0.002688 seconds=0.05
epoch=78/80 loss=0.001248 seconds=0.05
epoch=79/80 loss=0.002048 seconds=0.05
epoch=80/80 loss=0.000741 seconds=0.03
fold=3/10 OOF_accuracy=0.800000 OOF_AUC=0.795455
Device=cuda; epochs=80; batch=32; model=ResNet1D
epoch=1/80 loss=0.424599 seconds=0.05
epoch=2/80 loss=0.119384 seconds=0.05
epoch=3/80 loss=0.061083 seconds=0.05
epoch=4/80 loss=0.028991 seconds=0.03
epoch=5/80 loss=0.019465 seconds=0.03
epoch=6/80 loss=0.016440 seconds=0.05
epoch=7/80 loss=0.012912 seconds=0.05
epoch=8/80 loss=0.009885 seconds=0.05
epoch=9/80 loss=0.007846 seconds=0.03
epoch=10/80 loss=0.007087 seconds=0.05
epoch=11/80 loss=0.004880 seconds=0.05
epoch=12/80 loss=0.007583 seconds=0.03
epoch=13/80 loss=0.006601 seconds=0.05
epoch=14/80 loss=0.004431 seconds=0.03
epoch=15/80 loss=0.003599 seconds=0.03
epoch=16/80 loss=0.005658 seconds=0.05
epoch=17/80 loss=0.002798 seconds=0.05
epoch=18/80 loss=0.002611 seconds=0.03
epoch=19/80 loss=0.002485 seconds=0.05
epoch=20/80 loss=0.003492 seconds=0.03
epoch=21/80 loss=0.002620 seconds=0.03
epoch=22/80 loss=0.007589 seconds=0.05
epoch=23/80 loss=0.034344 seconds=0.03
epoch=24/80 loss=0.010184 seconds=0.05
epoch=25/80 loss=0.009838 seconds=0.05
epoch=26/80 loss=0.007145 seconds=0.05
epoch=27/80 loss=0.003844 seconds=0.03
epoch=28/80 loss=0.016958 seconds=0.05
epoch=29/80 loss=0.004842 seconds=0.05
epoch=30/80 loss=0.004635 seconds=0.03
epoch=31/80 loss=0.005938 seconds=0.05
epoch=32/80 loss=0.004577 seconds=0.05
epoch=33/80 loss=0.007074 seconds=0.06
epoch=34/80 loss=0.011293 seconds=0.03
epoch=35/80 loss=0.013853 seconds=0.05
epoch=36/80 loss=0.003513 seconds=0.03
epoch=37/80 loss=0.003502 seconds=0.05
epoch=38/80 loss=0.004857 seconds=0.03
epoch=39/80 loss=0.014414 seconds=0.05
epoch=40/80 loss=0.005480 seconds=0.03
epoch=41/80 loss=0.001908 seconds=0.05
epoch=42/80 loss=0.001567 seconds=0.05
epoch=43/80 loss=0.001900 seconds=0.03
epoch=44/80 loss=0.001162 seconds=0.06
epoch=45/80 loss=0.000919 seconds=0.05
epoch=46/80 loss=0.001337 seconds=0.05
epoch=47/80 loss=0.000705 seconds=0.03
epoch=48/80 loss=0.001181 seconds=0.05
epoch=49/80 loss=0.001440 seconds=0.03
epoch=50/80 loss=0.000647 seconds=0.05
epoch=51/80 loss=0.000509 seconds=0.03
epoch=52/80 loss=0.000676 seconds=0.05
epoch=53/80 loss=0.000441 seconds=0.03
epoch=54/80 loss=0.000405 seconds=0.05
epoch=55/80 loss=0.000602 seconds=0.05
epoch=56/80 loss=0.000565 seconds=0.05
epoch=57/80 loss=0.000408 seconds=0.06
epoch=58/80 loss=0.000360 seconds=0.08
epoch=59/80 loss=0.000657 seconds=0.05
epoch=60/80 loss=0.000686 seconds=0.05
epoch=61/80 loss=0.000261 seconds=0.05
epoch=62/80 loss=0.000303 seconds=0.05
epoch=63/80 loss=0.000392 seconds=0.03
epoch=64/80 loss=0.000488 seconds=0.05
epoch=65/80 loss=0.000738 seconds=0.03
epoch=66/80 loss=0.000600 seconds=0.03
epoch=67/80 loss=0.000657 seconds=0.05
epoch=68/80 loss=0.000516 seconds=0.03
epoch=69/80 loss=0.000997 seconds=0.05
epoch=70/80 loss=0.000227 seconds=0.03
epoch=71/80 loss=0.000303 seconds=0.03
epoch=72/80 loss=0.000379 seconds=0.06
epoch=73/80 loss=0.000223 seconds=0.03
epoch=74/80 loss=0.000326 seconds=0.05
epoch=75/80 loss=0.000181 seconds=0.05
epoch=76/80 loss=0.000480 seconds=0.06
epoch=77/80 loss=0.000258 seconds=0.05
epoch=78/80 loss=0.000281 seconds=0.03
epoch=79/80 loss=0.000277 seconds=0.05
epoch=80/80 loss=0.000190 seconds=0.05
fold=4/10 OOF_accuracy=0.933333 OOF_AUC=0.835227
Device=cuda; epochs=80; batch=32; model=ResNet1D
epoch=1/80 loss=0.433617 seconds=0.05
epoch=2/80 loss=0.111908 seconds=0.05
epoch=3/80 loss=0.058627 seconds=0.03
epoch=4/80 loss=0.029374 seconds=0.05
epoch=5/80 loss=0.021485 seconds=0.03
epoch=6/80 loss=0.016594 seconds=0.03
epoch=7/80 loss=0.012854 seconds=0.05
epoch=8/80 loss=0.011022 seconds=0.03
epoch=9/80 loss=0.008267 seconds=0.05
epoch=10/80 loss=0.007323 seconds=0.03
epoch=11/80 loss=0.005271 seconds=0.05
epoch=12/80 loss=0.007950 seconds=0.03
epoch=13/80 loss=0.007292 seconds=0.05
epoch=14/80 loss=0.004485 seconds=0.06
epoch=15/80 loss=0.004809 seconds=0.05
epoch=16/80 loss=0.009530 seconds=0.03
epoch=17/80 loss=0.021662 seconds=0.03
epoch=18/80 loss=0.033514 seconds=0.05
epoch=19/80 loss=0.013732 seconds=0.05
epoch=20/80 loss=0.018638 seconds=0.03
epoch=21/80 loss=0.014662 seconds=0.05
epoch=22/80 loss=0.013742 seconds=0.03
epoch=23/80 loss=0.005111 seconds=0.05
epoch=24/80 loss=0.002345 seconds=0.03
epoch=25/80 loss=0.002570 seconds=0.05
epoch=26/80 loss=0.002092 seconds=0.03
epoch=27/80 loss=0.001699 seconds=0.05
epoch=28/80 loss=0.002458 seconds=0.03
epoch=29/80 loss=0.001694 seconds=0.05
epoch=30/80 loss=0.001739 seconds=0.03
epoch=31/80 loss=0.002207 seconds=0.05
epoch=32/80 loss=0.002528 seconds=0.03
epoch=33/80 loss=0.001650 seconds=0.03
epoch=34/80 loss=0.001637 seconds=0.05
epoch=35/80 loss=0.001559 seconds=0.05
epoch=36/80 loss=0.001332 seconds=0.03
epoch=37/80 loss=0.001219 seconds=0.03
epoch=38/80 loss=0.001300 seconds=0.05
epoch=39/80 loss=0.001727 seconds=0.05
epoch=40/80 loss=0.001213 seconds=0.03
epoch=41/80 loss=0.000634 seconds=0.03
epoch=42/80 loss=0.000978 seconds=0.05
epoch=43/80 loss=0.000730 seconds=0.03
epoch=44/80 loss=0.000691 seconds=0.05
epoch=45/80 loss=0.000731 seconds=0.03
epoch=46/80 loss=0.001139 seconds=0.05
epoch=47/80 loss=0.000569 seconds=0.03
epoch=48/80 loss=0.000845 seconds=0.03
epoch=49/80 loss=0.002002 seconds=0.05
epoch=50/80 loss=0.000699 seconds=0.03
epoch=51/80 loss=0.000517 seconds=0.05
epoch=52/80 loss=0.000678 seconds=0.03
epoch=53/80 loss=0.000448 seconds=0.05
epoch=54/80 loss=0.000440 seconds=0.03
epoch=55/80 loss=0.000572 seconds=0.06
epoch=56/80 loss=0.000784 seconds=0.05
epoch=57/80 loss=0.000420 seconds=0.05
epoch=58/80 loss=0.000408 seconds=0.05
epoch=59/80 loss=0.000598 seconds=0.03
epoch=60/80 loss=0.000615 seconds=0.05
epoch=61/80 loss=0.000282 seconds=0.03
epoch=62/80 loss=0.000335 seconds=0.05
epoch=63/80 loss=0.000369 seconds=0.03
epoch=64/80 loss=0.000544 seconds=0.03
epoch=65/80 loss=0.000909 seconds=0.05
epoch=66/80 loss=0.004163 seconds=0.03
epoch=67/80 loss=0.003277 seconds=0.05
epoch=68/80 loss=0.001941 seconds=0.05
epoch=69/80 loss=0.013700 seconds=0.06
epoch=70/80 loss=0.004826 seconds=0.03
epoch=71/80 loss=0.047018 seconds=0.05
epoch=72/80 loss=0.041629 seconds=0.03
epoch=73/80 loss=0.003472 seconds=0.05
epoch=74/80 loss=0.038626 seconds=0.03
epoch=75/80 loss=0.031240 seconds=0.05
epoch=76/80 loss=0.014302 seconds=0.03
epoch=77/80 loss=0.005917 seconds=0.05
epoch=78/80 loss=0.016978 seconds=0.03
epoch=79/80 loss=0.036036 seconds=0.03
epoch=80/80 loss=0.001594 seconds=0.05
fold=5/10 OOF_accuracy=0.966667 OOF_AUC=0.982955
Device=cuda; epochs=80; batch=32; model=ResNet1D
epoch=1/80 loss=0.427836 seconds=0.05
epoch=2/80 loss=0.097859 seconds=0.03
epoch=3/80 loss=0.054441 seconds=0.05
epoch=4/80 loss=0.027445 seconds=0.05
epoch=5/80 loss=0.019568 seconds=0.03
epoch=6/80 loss=0.014310 seconds=0.05
epoch=7/80 loss=0.013512 seconds=0.03
epoch=8/80 loss=0.013396 seconds=0.03
epoch=9/80 loss=0.010094 seconds=0.05
epoch=10/80 loss=0.007834 seconds=0.03
epoch=11/80 loss=0.006276 seconds=0.05
epoch=12/80 loss=0.007702 seconds=0.03
epoch=13/80 loss=0.006793 seconds=0.05
epoch=14/80 loss=0.005473 seconds=0.03
epoch=15/80 loss=0.004264 seconds=0.05
epoch=16/80 loss=0.005267 seconds=0.05
epoch=17/80 loss=0.002658 seconds=0.03
epoch=18/80 loss=0.002749 seconds=0.05
epoch=19/80 loss=0.003366 seconds=0.03
epoch=20/80 loss=0.012198 seconds=0.05
epoch=21/80 loss=0.024782 seconds=0.03
epoch=22/80 loss=0.078321 seconds=0.05
epoch=23/80 loss=0.012916 seconds=0.03
epoch=24/80 loss=0.005794 seconds=0.03
epoch=25/80 loss=0.015226 seconds=0.05
epoch=26/80 loss=0.016647 seconds=0.03
epoch=27/80 loss=0.003944 seconds=0.06
epoch=28/80 loss=0.009001 seconds=0.05
epoch=29/80 loss=0.002984 seconds=0.03
epoch=30/80 loss=0.004714 seconds=0.05
epoch=31/80 loss=0.002961 seconds=0.05
epoch=32/80 loss=0.002274 seconds=0.03
epoch=33/80 loss=0.002783 seconds=0.05
epoch=34/80 loss=0.001430 seconds=0.03
epoch=35/80 loss=0.002338 seconds=0.05
epoch=36/80 loss=0.001357 seconds=0.03
epoch=37/80 loss=0.001327 seconds=0.03
epoch=38/80 loss=0.001894 seconds=0.05
epoch=39/80 loss=0.001680 seconds=0.03
epoch=40/80 loss=0.001148 seconds=0.05
epoch=41/80 loss=0.000707 seconds=0.06
epoch=42/80 loss=0.001045 seconds=0.03
epoch=43/80 loss=0.000753 seconds=0.05
epoch=44/80 loss=0.000686 seconds=0.05
epoch=45/80 loss=0.000706 seconds=0.03
epoch=46/80 loss=0.001115 seconds=0.05
epoch=47/80 loss=0.000607 seconds=0.03
epoch=48/80 loss=0.000913 seconds=0.03
epoch=49/80 loss=0.001001 seconds=0.05
epoch=50/80 loss=0.000708 seconds=0.03
epoch=51/80 loss=0.000555 seconds=0.03
epoch=52/80 loss=0.000733 seconds=0.05
epoch=53/80 loss=0.000440 seconds=0.03
epoch=54/80 loss=0.000402 seconds=0.05
epoch=55/80 loss=0.000535 seconds=0.03
epoch=56/80 loss=0.001146 seconds=0.05
epoch=57/80 loss=0.000443 seconds=0.03
epoch=58/80 loss=0.000500 seconds=0.05
epoch=59/80 loss=0.001327 seconds=0.03
epoch=60/80 loss=0.000736 seconds=0.05
epoch=61/80 loss=0.000400 seconds=0.03
epoch=62/80 loss=0.000350 seconds=0.03
epoch=63/80 loss=0.000442 seconds=0.05
epoch=64/80 loss=0.000582 seconds=0.03
epoch=65/80 loss=0.000669 seconds=0.05
epoch=66/80 loss=0.000559 seconds=0.03
epoch=67/80 loss=0.000560 seconds=0.03
epoch=68/80 loss=0.000544 seconds=0.05
epoch=69/80 loss=0.002622 seconds=0.03
epoch=70/80 loss=0.010189 seconds=0.03
epoch=71/80 loss=0.010081 seconds=0.05
epoch=72/80 loss=0.002607 seconds=0.05
epoch=73/80 loss=0.007381 seconds=0.03
epoch=74/80 loss=0.003021 seconds=0.05
epoch=75/80 loss=0.000393 seconds=0.05
epoch=76/80 loss=0.001669 seconds=0.06
epoch=77/80 loss=0.000542 seconds=0.03
epoch=78/80 loss=0.000797 seconds=0.05
epoch=79/80 loss=0.001138 seconds=0.05
epoch=80/80 loss=0.000321 seconds=0.05
fold=6/10 OOF_accuracy=0.833333 OOF_AUC=0.943182
Device=cuda; epochs=80; batch=32; model=ResNet1D
epoch=1/80 loss=0.402698 seconds=0.05
epoch=2/80 loss=0.093325 seconds=0.06
epoch=3/80 loss=0.053720 seconds=0.08
epoch=4/80 loss=0.025102 seconds=0.06
epoch=5/80 loss=0.020258 seconds=0.03
epoch=6/80 loss=0.018185 seconds=0.05
epoch=7/80 loss=0.013238 seconds=0.05
epoch=8/80 loss=0.009928 seconds=0.05
epoch=9/80 loss=0.008119 seconds=0.05
epoch=10/80 loss=0.006815 seconds=0.06
epoch=11/80 loss=0.005065 seconds=0.06
epoch=12/80 loss=0.007247 seconds=0.06
epoch=13/80 loss=0.006272 seconds=0.06
epoch=14/80 loss=0.004729 seconds=0.05
epoch=15/80 loss=0.003753 seconds=0.05
epoch=16/80 loss=0.004994 seconds=0.05
epoch=17/80 loss=0.002494 seconds=0.06
epoch=18/80 loss=0.002607 seconds=0.05
epoch=19/80 loss=0.006556 seconds=0.05
epoch=20/80 loss=0.007816 seconds=0.05
epoch=21/80 loss=0.007576 seconds=0.06
epoch=22/80 loss=0.010092 seconds=0.03
epoch=23/80 loss=0.004934 seconds=0.06
epoch=24/80 loss=0.002972 seconds=0.05
epoch=25/80 loss=0.001960 seconds=0.03
epoch=26/80 loss=0.001657 seconds=0.05
epoch=27/80 loss=0.001630 seconds=0.05
epoch=28/80 loss=0.011391 seconds=0.05
epoch=29/80 loss=0.015304 seconds=0.05
epoch=30/80 loss=0.014123 seconds=0.03
epoch=31/80 loss=0.030738 seconds=0.06
epoch=32/80 loss=0.030331 seconds=0.05
epoch=33/80 loss=0.019800 seconds=0.05
epoch=34/80 loss=0.002086 seconds=0.06
epoch=35/80 loss=0.019607 seconds=0.05
epoch=36/80 loss=0.002492 seconds=0.05
epoch=37/80 loss=0.001811 seconds=0.05
epoch=38/80 loss=0.003202 seconds=0.03
epoch=39/80 loss=0.004406 seconds=0.05
epoch=40/80 loss=0.001805 seconds=0.05
epoch=41/80 loss=0.001098 seconds=0.05
epoch=42/80 loss=0.002064 seconds=0.05
epoch=43/80 loss=0.000813 seconds=0.06
epoch=44/80 loss=0.000771 seconds=0.06
epoch=45/80 loss=0.000970 seconds=0.05
epoch=46/80 loss=0.001270 seconds=0.05
epoch=47/80 loss=0.000594 seconds=0.06
epoch=48/80 loss=0.000867 seconds=0.03
epoch=49/80 loss=0.001481 seconds=0.05
epoch=50/80 loss=0.000637 seconds=0.05
epoch=51/80 loss=0.000689 seconds=0.05
epoch=52/80 loss=0.000838 seconds=0.05
epoch=53/80 loss=0.000458 seconds=0.05
epoch=54/80 loss=0.000408 seconds=0.05
epoch=55/80 loss=0.000560 seconds=0.06
epoch=56/80 loss=0.000594 seconds=0.05
epoch=57/80 loss=0.000432 seconds=0.06
epoch=58/80 loss=0.000403 seconds=0.03
epoch=59/80 loss=0.001069 seconds=0.05
epoch=60/80 loss=0.000635 seconds=0.05
epoch=61/80 loss=0.000326 seconds=0.05
epoch=62/80 loss=0.000319 seconds=0.05
epoch=63/80 loss=0.000417 seconds=0.05
epoch=64/80 loss=0.000686 seconds=0.05
epoch=65/80 loss=0.000718 seconds=0.05
epoch=66/80 loss=0.000847 seconds=0.05
epoch=67/80 loss=0.000491 seconds=0.05
epoch=68/80 loss=0.000455 seconds=0.05
epoch=69/80 loss=0.001130 seconds=0.05
epoch=70/80 loss=0.000227 seconds=0.05
epoch=71/80 loss=0.000304 seconds=0.05
epoch=72/80 loss=0.000516 seconds=0.03
epoch=73/80 loss=0.000255 seconds=0.05
epoch=74/80 loss=0.000374 seconds=0.05
epoch=75/80 loss=0.000185 seconds=0.05
epoch=76/80 loss=0.000472 seconds=0.03
epoch=77/80 loss=0.000278 seconds=0.06
epoch=78/80 loss=0.000285 seconds=0.05
epoch=79/80 loss=0.000293 seconds=0.03
epoch=80/80 loss=0.000254 seconds=0.05
fold=7/10 OOF_accuracy=0.866667 OOF_AUC=0.892045
Device=cuda; epochs=80; batch=32; model=ResNet1D
epoch=1/80 loss=0.406756 seconds=0.05
epoch=2/80 loss=0.086334 seconds=0.05
epoch=3/80 loss=0.051592 seconds=0.05
epoch=4/80 loss=0.026944 seconds=0.03
epoch=5/80 loss=0.018208 seconds=0.05
epoch=6/80 loss=0.017454 seconds=0.05
epoch=7/80 loss=0.014626 seconds=0.05
epoch=8/80 loss=0.010578 seconds=0.05
epoch=9/80 loss=0.008762 seconds=0.05
epoch=10/80 loss=0.006724 seconds=0.06
epoch=11/80 loss=0.005153 seconds=0.03
epoch=12/80 loss=0.008141 seconds=0.03
epoch=13/80 loss=0.005568 seconds=0.05
epoch=14/80 loss=0.004120 seconds=0.05
epoch=15/80 loss=0.003397 seconds=0.05
epoch=16/80 loss=0.004706 seconds=0.05
epoch=17/80 loss=0.002511 seconds=0.05
epoch=18/80 loss=0.002631 seconds=0.05
epoch=19/80 loss=0.006180 seconds=0.05
epoch=20/80 loss=0.004342 seconds=0.05
epoch=21/80 loss=0.013716 seconds=0.06
epoch=22/80 loss=0.005959 seconds=0.05
epoch=23/80 loss=0.012477 seconds=0.05
epoch=24/80 loss=0.007595 seconds=0.03
epoch=25/80 loss=0.005528 seconds=0.05
epoch=26/80 loss=0.003292 seconds=0.05
epoch=27/80 loss=0.006217 seconds=0.03
epoch=28/80 loss=0.012242 seconds=0.03
epoch=29/80 loss=0.007721 seconds=0.05
epoch=30/80 loss=0.002219 seconds=0.05
epoch=31/80 loss=0.003923 seconds=0.03
epoch=32/80 loss=0.004831 seconds=0.05
epoch=33/80 loss=0.001495 seconds=0.03
epoch=34/80 loss=0.001260 seconds=0.05
epoch=35/80 loss=0.001280 seconds=0.05
epoch=36/80 loss=0.000916 seconds=0.03
epoch=37/80 loss=0.000934 seconds=0.05
epoch=38/80 loss=0.001017 seconds=0.05
epoch=39/80 loss=0.001450 seconds=0.03
epoch=40/80 loss=0.000932 seconds=0.03
epoch=41/80 loss=0.000507 seconds=0.06
epoch=42/80 loss=0.000767 seconds=0.06
epoch=43/80 loss=0.000607 seconds=0.05
epoch=44/80 loss=0.000568 seconds=0.05
epoch=45/80 loss=0.000627 seconds=0.05
epoch=46/80 loss=0.000898 seconds=0.03
epoch=47/80 loss=0.000446 seconds=0.05
epoch=48/80 loss=0.000818 seconds=0.03
epoch=49/80 loss=0.000781 seconds=0.03
epoch=50/80 loss=0.000525 seconds=0.05
epoch=51/80 loss=0.000396 seconds=0.03
epoch=52/80 loss=0.003255 seconds=0.03
epoch=53/80 loss=0.000530 seconds=0.05
epoch=54/80 loss=0.013700 seconds=0.05
epoch=55/80 loss=0.001007 seconds=0.03
epoch=56/80 loss=0.001769 seconds=0.05
epoch=57/80 loss=0.000711 seconds=0.03
epoch=58/80 loss=0.000535 seconds=0.05
epoch=59/80 loss=0.001006 seconds=0.05
epoch=60/80 loss=0.000666 seconds=0.05
epoch=61/80 loss=0.000320 seconds=0.05
epoch=62/80 loss=0.000364 seconds=0.05
epoch=63/80 loss=0.000475 seconds=0.05
epoch=64/80 loss=0.000609 seconds=0.03
epoch=65/80 loss=0.000782 seconds=0.05
epoch=66/80 loss=0.000711 seconds=0.03
epoch=67/80 loss=0.000940 seconds=0.05
epoch=68/80 loss=0.000445 seconds=0.05
epoch=69/80 loss=0.001040 seconds=0.03
epoch=70/80 loss=0.000237 seconds=0.05
epoch=71/80 loss=0.000329 seconds=0.05
epoch=72/80 loss=0.000518 seconds=0.05
epoch=73/80 loss=0.000396 seconds=0.06
epoch=74/80 loss=0.000336 seconds=0.03
epoch=75/80 loss=0.000193 seconds=0.05
epoch=76/80 loss=0.000455 seconds=0.05
epoch=77/80 loss=0.000352 seconds=0.03
epoch=78/80 loss=0.000277 seconds=0.05
epoch=79/80 loss=0.000263 seconds=0.03
epoch=80/80 loss=0.000210 seconds=0.05
fold=8/10 OOF_accuracy=0.733333 OOF_AUC=0.727273
Device=cuda; epochs=80; batch=32; model=ResNet1D
epoch=1/80 loss=0.421173 seconds=0.03
epoch=2/80 loss=0.089869 seconds=0.03
epoch=3/80 loss=0.052523 seconds=0.05
epoch=4/80 loss=0.025558 seconds=0.03
epoch=5/80 loss=0.019910 seconds=0.05
epoch=6/80 loss=0.019237 seconds=0.03
epoch=7/80 loss=0.014781 seconds=0.05
epoch=8/80 loss=0.010792 seconds=0.05
epoch=9/80 loss=0.008264 seconds=0.03
epoch=10/80 loss=0.007867 seconds=0.03
epoch=11/80 loss=0.005077 seconds=0.05
epoch=12/80 loss=0.007331 seconds=0.03
epoch=13/80 loss=0.006170 seconds=0.03
epoch=14/80 loss=0.004779 seconds=0.05
epoch=15/80 loss=0.003603 seconds=0.05
epoch=16/80 loss=0.004802 seconds=0.03
epoch=17/80 loss=0.002771 seconds=0.05
epoch=18/80 loss=0.002507 seconds=0.03
epoch=19/80 loss=0.003817 seconds=0.03
epoch=20/80 loss=0.021853 seconds=0.03
epoch=21/80 loss=0.006149 seconds=0.05
epoch=22/80 loss=0.012244 seconds=0.03
epoch=23/80 loss=0.007555 seconds=0.05
epoch=24/80 loss=0.002893 seconds=0.03
epoch=25/80 loss=0.004683 seconds=0.05
epoch=26/80 loss=0.002237 seconds=0.03
epoch=27/80 loss=0.002111 seconds=0.05
epoch=28/80 loss=0.003190 seconds=0.03
epoch=29/80 loss=0.001712 seconds=0.05
epoch=30/80 loss=0.001712 seconds=0.03
epoch=31/80 loss=0.001911 seconds=0.06
epoch=32/80 loss=0.002143 seconds=0.05
epoch=33/80 loss=0.001673 seconds=0.05
epoch=34/80 loss=0.001164 seconds=0.03
epoch=35/80 loss=0.001266 seconds=0.05
epoch=36/80 loss=0.001195 seconds=0.03
epoch=37/80 loss=0.001166 seconds=0.05
epoch=38/80 loss=0.001308 seconds=0.03
epoch=39/80 loss=0.001303 seconds=0.05
epoch=40/80 loss=0.001061 seconds=0.03
epoch=41/80 loss=0.000598 seconds=0.05
epoch=42/80 loss=0.001029 seconds=0.05
epoch=43/80 loss=0.000719 seconds=0.03
epoch=44/80 loss=0.000730 seconds=0.05
epoch=45/80 loss=0.000781 seconds=0.06
epoch=46/80 loss=0.001070 seconds=0.05
epoch=47/80 loss=0.000824 seconds=0.05
epoch=48/80 loss=0.000861 seconds=0.05
epoch=49/80 loss=0.000915 seconds=0.05
epoch=50/80 loss=0.000657 seconds=0.03
epoch=51/80 loss=0.000593 seconds=0.05
epoch=52/80 loss=0.000769 seconds=0.03
epoch=53/80 loss=0.000430 seconds=0.05
epoch=54/80 loss=0.000448 seconds=0.03
epoch=55/80 loss=0.000604 seconds=0.05
epoch=56/80 loss=0.000609 seconds=0.03
epoch=57/80 loss=0.000519 seconds=0.05
epoch=58/80 loss=0.000427 seconds=0.05
epoch=59/80 loss=0.000669 seconds=0.03
epoch=60/80 loss=0.000720 seconds=0.03
epoch=61/80 loss=0.000313 seconds=0.05
epoch=62/80 loss=0.000337 seconds=0.05
epoch=63/80 loss=0.000412 seconds=0.03
epoch=64/80 loss=0.000493 seconds=0.05
epoch=65/80 loss=0.001904 seconds=0.03
epoch=66/80 loss=0.008028 seconds=0.03
epoch=67/80 loss=0.011877 seconds=0.05
epoch=68/80 loss=0.017485 seconds=0.03
epoch=69/80 loss=0.091388 seconds=0.05
epoch=70/80 loss=0.004648 seconds=0.03
epoch=71/80 loss=0.014184 seconds=0.05
epoch=72/80 loss=0.004977 seconds=0.03
epoch=73/80 loss=0.003685 seconds=0.05
epoch=74/80 loss=0.003142 seconds=0.03
epoch=75/80 loss=0.001418 seconds=0.05
epoch=76/80 loss=0.016214 seconds=0.03
epoch=77/80 loss=0.016144 seconds=0.05
epoch=78/80 loss=0.012683 seconds=0.05
epoch=79/80 loss=0.001358 seconds=0.03
epoch=80/80 loss=0.001760 seconds=0.05
fold=9/10 OOF_accuracy=0.800000 OOF_AUC=0.852273
Device=cuda; epochs=80; batch=32; model=ResNet1D
epoch=1/80 loss=0.440493 seconds=0.05
epoch=2/80 loss=0.115677 seconds=0.06
epoch=3/80 loss=0.065629 seconds=0.05
epoch=4/80 loss=0.031031 seconds=0.03
epoch=5/80 loss=0.023633 seconds=0.05
epoch=6/80 loss=0.017854 seconds=0.03
epoch=7/80 loss=0.015024 seconds=0.05
epoch=8/80 loss=0.010674 seconds=0.05
epoch=9/80 loss=0.007755 seconds=0.03
epoch=10/80 loss=0.006488 seconds=0.05
epoch=11/80 loss=0.005015 seconds=0.05
epoch=12/80 loss=0.006632 seconds=0.03
epoch=13/80 loss=0.009318 seconds=0.05
epoch=14/80 loss=0.014197 seconds=0.05
epoch=15/80 loss=0.020655 seconds=0.05
epoch=16/80 loss=0.014738 seconds=0.06
epoch=17/80 loss=0.011359 seconds=0.03
epoch=18/80 loss=0.006171 seconds=0.03
epoch=19/80 loss=0.010378 seconds=0.05
epoch=20/80 loss=0.008881 seconds=0.05
epoch=21/80 loss=0.006056 seconds=0.03
epoch=22/80 loss=0.006616 seconds=0.05
epoch=23/80 loss=0.008498 seconds=0.03
epoch=24/80 loss=0.001971 seconds=0.05
epoch=25/80 loss=0.002777 seconds=0.03
epoch=26/80 loss=0.006218 seconds=0.05
epoch=27/80 loss=0.003381 seconds=0.03
epoch=28/80 loss=0.002995 seconds=0.05
epoch=29/80 loss=0.001747 seconds=0.05
epoch=30/80 loss=0.001582 seconds=0.03
epoch=31/80 loss=0.002247 seconds=0.03
epoch=32/80 loss=0.001874 seconds=0.05
epoch=33/80 loss=0.001709 seconds=0.05
epoch=34/80 loss=0.001008 seconds=0.03
epoch=35/80 loss=0.001180 seconds=0.05
epoch=36/80 loss=0.000996 seconds=0.03
epoch=37/80 loss=0.001075 seconds=0.05
epoch=38/80 loss=0.001253 seconds=0.03
epoch=39/80 loss=0.001174 seconds=0.05
epoch=40/80 loss=0.001511 seconds=0.03
epoch=41/80 loss=0.000543 seconds=0.03
epoch=42/80 loss=0.000864 seconds=0.05
epoch=43/80 loss=0.000642 seconds=0.03
epoch=44/80 loss=0.000652 seconds=0.05
epoch=45/80 loss=0.000697 seconds=0.05
epoch=46/80 loss=0.000857 seconds=0.03
epoch=47/80 loss=0.000480 seconds=0.05
epoch=48/80 loss=0.000625 seconds=0.03
epoch=49/80 loss=0.001449 seconds=0.05
epoch=50/80 loss=0.000607 seconds=0.03
epoch=51/80 loss=0.000561 seconds=0.03
epoch=52/80 loss=0.000616 seconds=0.05
epoch=53/80 loss=0.000488 seconds=0.05
epoch=54/80 loss=0.000376 seconds=0.03
epoch=55/80 loss=0.005407 seconds=0.06
epoch=56/80 loss=0.036414 seconds=0.06
epoch=57/80 loss=0.001031 seconds=0.03
epoch=58/80 loss=0.001805 seconds=0.03
epoch=59/80 loss=0.022755 seconds=0.05
epoch=60/80 loss=0.014895 seconds=0.05
epoch=61/80 loss=0.025173 seconds=0.05
epoch=62/80 loss=0.007125 seconds=0.03
epoch=63/80 loss=0.010105 seconds=0.05
epoch=64/80 loss=0.020131 seconds=0.03
epoch=65/80 loss=0.002103 seconds=0.05
epoch=66/80 loss=0.023829 seconds=0.05
epoch=67/80 loss=0.011506 seconds=0.03
epoch=68/80 loss=0.004700 seconds=0.06
epoch=69/80 loss=0.002880 seconds=0.05
epoch=70/80 loss=0.000663 seconds=0.05
epoch=71/80 loss=0.001023 seconds=0.03
epoch=72/80 loss=0.001732 seconds=0.03
epoch=73/80 loss=0.001590 seconds=0.05
epoch=74/80 loss=0.001347 seconds=0.05
epoch=75/80 loss=0.000404 seconds=0.05
epoch=76/80 loss=0.001175 seconds=0.06
epoch=77/80 loss=0.001408 seconds=0.06
epoch=78/80 loss=0.000449 seconds=0.06
epoch=79/80 loss=0.000553 seconds=0.03
epoch=80/80 loss=0.000361 seconds=0.05
fold=10/10 OOF_accuracy=0.800000 OOF_AUC=0.851852
Device=cuda; epochs=80; batch=32; model=ResNet1D
epoch=1/80 loss=0.407503 seconds=0.05
epoch=2/80 loss=0.093367 seconds=0.05
epoch=3/80 loss=0.041187 seconds=0.05
epoch=4/80 loss=0.037572 seconds=0.03
epoch=5/80 loss=0.023807 seconds=0.05
epoch=6/80 loss=0.016276 seconds=0.05
epoch=7/80 loss=0.014326 seconds=0.05
epoch=8/80 loss=0.008689 seconds=0.03
epoch=9/80 loss=0.033793 seconds=0.05
epoch=10/80 loss=0.015894 seconds=0.08
epoch=11/80 loss=0.017429 seconds=0.06
epoch=12/80 loss=0.010197 seconds=0.05
epoch=13/80 loss=0.007344 seconds=0.05
epoch=14/80 loss=0.013426 seconds=0.05
epoch=15/80 loss=0.007291 seconds=0.05
epoch=16/80 loss=0.003239 seconds=0.05
epoch=17/80 loss=0.006369 seconds=0.05
epoch=18/80 loss=0.015495 seconds=0.05
epoch=19/80 loss=0.032662 seconds=0.05
epoch=20/80 loss=0.009495 seconds=0.05
epoch=21/80 loss=0.063851 seconds=0.06
epoch=22/80 loss=0.062013 seconds=0.05
epoch=23/80 loss=0.072169 seconds=0.05
epoch=24/80 loss=0.048562 seconds=0.03
epoch=25/80 loss=0.011712 seconds=0.05
epoch=26/80 loss=0.030024 seconds=0.05
epoch=27/80 loss=0.007875 seconds=0.03
epoch=28/80 loss=0.008980 seconds=0.05
epoch=29/80 loss=0.003711 seconds=0.06
epoch=30/80 loss=0.003365 seconds=0.08
epoch=31/80 loss=0.010406 seconds=0.06
epoch=32/80 loss=0.011859 seconds=0.08
epoch=33/80 loss=0.009028 seconds=0.05
epoch=34/80 loss=0.004276 seconds=0.05
epoch=35/80 loss=0.005096 seconds=0.03
epoch=36/80 loss=0.004552 seconds=0.05
epoch=37/80 loss=0.002904 seconds=0.05
epoch=38/80 loss=0.007752 seconds=0.05
epoch=39/80 loss=0.004139 seconds=0.05
epoch=40/80 loss=0.005716 seconds=0.05
epoch=41/80 loss=0.002124 seconds=0.05
epoch=42/80 loss=0.001456 seconds=0.11
epoch=43/80 loss=0.002620 seconds=0.06
epoch=44/80 loss=0.001423 seconds=0.06
epoch=45/80 loss=0.000818 seconds=0.05
epoch=46/80 loss=0.000976 seconds=0.05
epoch=47/80 loss=0.001001 seconds=0.05
epoch=48/80 loss=0.003897 seconds=0.05
epoch=49/80 loss=0.001008 seconds=0.03
epoch=50/80 loss=0.001793 seconds=0.05
epoch=51/80 loss=0.004763 seconds=0.06
epoch=52/80 loss=0.021111 seconds=0.05
epoch=53/80 loss=0.022718 seconds=0.05
epoch=54/80 loss=0.033652 seconds=0.05
epoch=55/80 loss=0.004867 seconds=0.05
epoch=56/80 loss=0.004653 seconds=0.05
epoch=57/80 loss=0.003857 seconds=0.05
epoch=58/80 loss=0.007472 seconds=0.03
epoch=59/80 loss=0.016718 seconds=0.05
epoch=60/80 loss=0.016747 seconds=0.05
epoch=61/80 loss=0.042837 seconds=0.03
epoch=62/80 loss=0.009378 seconds=0.05
epoch=63/80 loss=0.008805 seconds=0.05
epoch=64/80 loss=0.009299 seconds=0.08
epoch=65/80 loss=0.032618 seconds=0.05
epoch=66/80 loss=0.003284 seconds=0.05
epoch=67/80 loss=0.003751 seconds=0.05
epoch=68/80 loss=0.011871 seconds=0.03
epoch=69/80 loss=0.006310 seconds=0.05
epoch=70/80 loss=0.006972 seconds=0.05
epoch=71/80 loss=0.001318 seconds=0.03
epoch=72/80 loss=0.003219 seconds=0.05
epoch=73/80 loss=0.001684 seconds=0.05
epoch=74/80 loss=0.001043 seconds=0.05
epoch=75/80 loss=0.000715 seconds=0.05
epoch=76/80 loss=0.000900 seconds=0.06
epoch=77/80 loss=0.000638 seconds=0.05
epoch=78/80 loss=0.000682 seconds=0.05
epoch=79/80 loss=0.000569 seconds=0.05
epoch=80/80 loss=0.000620 seconds=0.05
{"cv_oof": {"accuracy": 0.8333333333333334, "balanced_accuracy": 0.7769321833248775, "sensitivity": 0.654320987654321, "specificity": 0.8995433789954338, "f1_macro": 0.7834372834372835, "roc_auc": 0.8625063419583967, "confusion_matrix": [[197, 22], [28, 53]], "classification_report": {"0": {"precision": 0.8755555555555555, "recall": 0.8995433789954338, "f1-score": 0.8873873873873874, "support": 219.0}, "1": {"precision": 0.7066666666666667, "recall": 0.654320987654321, "f1-score": 0.6794871794871795, "support": 81.0}, "accuracy": 0.8333333333333334, "macro avg": {"precision": 0.7911111111111111, "recall": 0.7769321833248775, "f1-score": 0.7834372834372835, "support": 300.0}, "weighted avg": {"precision": 0.8299555555555556, "recall": 0.8333333333333334, "f1-score": 0.8312543312543312, "support": 300.0}}}, "test": {"accuracy": 0.7792207792207793, "balanced_accuracy": 0.6845238095238095, "sensitivity": 0.47619047619047616, "specificity": 0.8928571428571429, "f1_macro": 0.6976206976206976, "roc_auc": 0.8256802721088435, "confusion_matrix": [[50, 6], [11, 10]], "classification_report": {"0": {"precision": 0.819672131147541, "recall": 0.8928571428571429, "f1-score": 0.8547008547008547, "support": 56.0}, "1": {"precision": 0.625, "recall": 0.47619047619047616, "f1-score": 0.5405405405405406, "support": 21.0}, "accuracy": 0.7792207792207793, "macro avg": {"precision": 0.7223360655737705, "recall": 0.6845238095238095, "f1-score": 0.6976206976206976, "support": 77.0}, "weighted avg": {"precision": 0.7665797317436661, "recall": 0.7792207792207793, "f1-score": 0.7690207690207691, "support": 77.0}}}, "folds": 10, "original_train_rows": 300, "train_rows": 300, "test_rows": 77, "elapsed_seconds": 43.53099999995902}
