Command: ["C:\\Users\\IHCK\\AppData\\Local\\Programs\\Python\\Python312\\python.exe", "-u", "C:\\Users\\IHCK\\Desktop\\1_10_69Final\\Hippocampal-Shape-Analysis-for-Epilepsy-Detection\\Model\\train_dataset_model.py", "--dataset", "plsda_latent_features", "--side", "right", "--model", "ResNetAE", "--kind", "latent", "--train-csv", "C:\\Users\\IHCK\\Desktop\\1_10_69Final\\Hippocampal-Shape-Analysis-for-Epilepsy-Detection\\Output_Dataset\\plsda_latent_features\\right\\train_plsda_latent_features.csv", "--test-csv", "C:\\Users\\IHCK\\Desktop\\1_10_69Final\\Hippocampal-Shape-Analysis-for-Epilepsy-Detection\\Output_Dataset\\plsda_latent_features\\right\\test_plsda_latent_features.csv", "--output-dir", "C:\\Users\\IHCK\\Desktop\\1_10_69Final\\Hippocampal-Shape-Analysis-for-Epilepsy-Detection\\Model_Results\\dataset_runs_20261003_10fold\\plsda_latent_features\\right\\ResNetAE", "--epochs", "80", "--folds", "10", "--pls-components", "8", "--seed", "42", "--threads", "2"]
10-fold CV: dataset=plsda_latent_features side=right model=ResNetAE; original_train=300 test=77
Device=cuda; epochs=80; batch=32; model=ResNetAutoencoder1D
epoch=1/80 loss=0.841858 seconds=0.53
epoch=2/80 loss=0.363289 seconds=0.11
epoch=3/80 loss=0.232409 seconds=0.08
epoch=4/80 loss=0.144102 seconds=0.09
epoch=5/80 loss=0.108129 seconds=0.09
epoch=6/80 loss=0.091813 seconds=0.08
epoch=7/80 loss=0.091730 seconds=0.08
epoch=8/80 loss=0.076313 seconds=0.06
epoch=9/80 loss=0.067885 seconds=0.06
epoch=10/80 loss=0.057709 seconds=0.06
epoch=11/80 loss=0.050084 seconds=0.08
epoch=12/80 loss=0.056707 seconds=0.08
epoch=13/80 loss=0.055874 seconds=0.06
epoch=14/80 loss=0.045069 seconds=0.06
epoch=15/80 loss=0.045935 seconds=0.06
epoch=16/80 loss=0.049788 seconds=0.06
epoch=17/80 loss=0.043932 seconds=0.05
epoch=18/80 loss=0.035979 seconds=0.06
epoch=19/80 loss=0.032809 seconds=0.05
epoch=20/80 loss=0.044700 seconds=0.08
epoch=21/80 loss=0.042481 seconds=0.05
epoch=22/80 loss=0.043284 seconds=0.06
epoch=23/80 loss=0.035729 seconds=0.06
epoch=24/80 loss=0.032906 seconds=0.05
epoch=25/80 loss=0.035723 seconds=0.05
epoch=26/80 loss=0.037510 seconds=0.06
epoch=27/80 loss=0.031853 seconds=0.05
epoch=28/80 loss=0.030949 seconds=0.06
epoch=29/80 loss=0.026815 seconds=0.05
epoch=30/80 loss=0.032035 seconds=0.08
epoch=31/80 loss=0.030183 seconds=0.06
epoch=32/80 loss=0.029926 seconds=0.05
epoch=33/80 loss=0.022680 seconds=0.06
epoch=34/80 loss=0.023922 seconds=0.05
epoch=35/80 loss=0.024991 seconds=0.06
epoch=36/80 loss=0.020795 seconds=0.06
epoch=37/80 loss=0.023541 seconds=0.05
epoch=38/80 loss=0.021499 seconds=0.08
epoch=39/80 loss=0.022694 seconds=0.09
epoch=40/80 loss=0.020007 seconds=0.05
epoch=41/80 loss=0.020101 seconds=0.05
epoch=42/80 loss=0.021856 seconds=0.05
epoch=43/80 loss=0.022982 seconds=0.05
epoch=44/80 loss=0.022029 seconds=0.06
epoch=45/80 loss=0.021784 seconds=0.05
epoch=46/80 loss=0.020329 seconds=0.05
epoch=47/80 loss=0.019959 seconds=0.06
epoch=48/80 loss=0.020590 seconds=0.05
epoch=49/80 loss=0.023775 seconds=0.05
epoch=50/80 loss=0.021794 seconds=0.05
epoch=51/80 loss=0.016147 seconds=0.05
epoch=52/80 loss=0.019711 seconds=0.05
epoch=53/80 loss=0.019973 seconds=0.05
epoch=54/80 loss=0.015127 seconds=0.05
epoch=55/80 loss=0.015443 seconds=0.05
epoch=56/80 loss=0.016697 seconds=0.05
epoch=57/80 loss=0.017516 seconds=0.08
epoch=58/80 loss=0.016930 seconds=0.06
epoch=59/80 loss=0.016709 seconds=0.06
epoch=60/80 loss=0.017277 seconds=0.05
epoch=61/80 loss=0.018024 seconds=0.05
epoch=62/80 loss=0.017166 seconds=0.05
epoch=63/80 loss=0.016999 seconds=0.05
epoch=64/80 loss=0.016410 seconds=0.06
epoch=65/80 loss=0.023319 seconds=0.05
epoch=66/80 loss=0.029087 seconds=0.05
epoch=67/80 loss=0.036672 seconds=0.06
epoch=68/80 loss=0.026307 seconds=0.05
epoch=69/80 loss=0.031459 seconds=0.05
epoch=70/80 loss=0.023129 seconds=0.05
epoch=71/80 loss=0.025876 seconds=0.03
epoch=72/80 loss=0.026456 seconds=0.05
epoch=73/80 loss=0.020675 seconds=0.05
epoch=74/80 loss=0.023155 seconds=0.05
epoch=75/80 loss=0.020771 seconds=0.05
epoch=76/80 loss=0.020722 seconds=0.05
epoch=77/80 loss=0.018490 seconds=0.05
epoch=78/80 loss=0.019294 seconds=0.03
epoch=79/80 loss=0.017426 seconds=0.05
epoch=80/80 loss=0.020146 seconds=0.05
fold=1/10 OOF_accuracy=0.733333 OOF_AUC=0.846591
Device=cuda; epochs=80; batch=32; model=ResNetAutoencoder1D
epoch=1/80 loss=0.842302 seconds=0.05
epoch=2/80 loss=0.353944 seconds=0.05
epoch=3/80 loss=0.225973 seconds=0.03
epoch=4/80 loss=0.144415 seconds=0.05
epoch=5/80 loss=0.108586 seconds=0.05
epoch=6/80 loss=0.112834 seconds=0.05
epoch=7/80 loss=0.082184 seconds=0.06
epoch=8/80 loss=0.085100 seconds=0.05
epoch=9/80 loss=0.068792 seconds=0.05
epoch=10/80 loss=0.064980 seconds=0.05
epoch=11/80 loss=0.053893 seconds=0.05
epoch=12/80 loss=0.058498 seconds=0.05
epoch=13/80 loss=0.047589 seconds=0.03
epoch=14/80 loss=0.046947 seconds=0.06
epoch=15/80 loss=0.046422 seconds=0.05
epoch=16/80 loss=0.049164 seconds=0.05
epoch=17/80 loss=0.044905 seconds=0.05
epoch=18/80 loss=0.040674 seconds=0.05
epoch=19/80 loss=0.038059 seconds=0.06
epoch=20/80 loss=0.038100 seconds=0.05
epoch=21/80 loss=0.039468 seconds=0.05
epoch=22/80 loss=0.038827 seconds=0.05
epoch=23/80 loss=0.039807 seconds=0.05
epoch=24/80 loss=0.043994 seconds=0.05
epoch=25/80 loss=0.081163 seconds=0.05
epoch=26/80 loss=0.042320 seconds=0.05
epoch=27/80 loss=0.039825 seconds=0.05
epoch=28/80 loss=0.036979 seconds=0.05
epoch=29/80 loss=0.034507 seconds=0.05
epoch=30/80 loss=0.032196 seconds=0.06
epoch=31/80 loss=0.032927 seconds=0.05
epoch=32/80 loss=0.028637 seconds=0.06
epoch=33/80 loss=0.027867 seconds=0.05
epoch=34/80 loss=0.026111 seconds=0.05
epoch=35/80 loss=0.030197 seconds=0.05
epoch=36/80 loss=0.029939 seconds=0.05
epoch=37/80 loss=0.026402 seconds=0.05
epoch=38/80 loss=0.021790 seconds=0.05
epoch=39/80 loss=0.023399 seconds=0.05
epoch=40/80 loss=0.023469 seconds=0.06
epoch=41/80 loss=0.020239 seconds=0.06
epoch=42/80 loss=0.023085 seconds=0.11
epoch=43/80 loss=0.023974 seconds=0.08
epoch=44/80 loss=0.025463 seconds=0.05
epoch=45/80 loss=0.021334 seconds=0.06
epoch=46/80 loss=0.022242 seconds=0.05
epoch=47/80 loss=0.019207 seconds=0.05
epoch=48/80 loss=0.019349 seconds=0.06
epoch=49/80 loss=0.022602 seconds=0.05
epoch=50/80 loss=0.021621 seconds=0.05
epoch=51/80 loss=0.018624 seconds=0.05
epoch=52/80 loss=0.022086 seconds=0.05
epoch=53/80 loss=0.021013 seconds=0.06
epoch=54/80 loss=0.020698 seconds=0.05
epoch=55/80 loss=0.017165 seconds=0.05
epoch=56/80 loss=0.021520 seconds=0.05
epoch=57/80 loss=0.018905 seconds=0.03
epoch=58/80 loss=0.017024 seconds=0.05
epoch=59/80 loss=0.019315 seconds=0.05
epoch=60/80 loss=0.018975 seconds=0.05
epoch=61/80 loss=0.020527 seconds=0.05
epoch=62/80 loss=0.018952 seconds=0.05
epoch=63/80 loss=0.023043 seconds=0.03
epoch=64/80 loss=0.020732 seconds=0.05
epoch=65/80 loss=0.021530 seconds=0.05
epoch=66/80 loss=0.016985 seconds=0.05
epoch=67/80 loss=0.017171 seconds=0.05
epoch=68/80 loss=0.020074 seconds=0.05
epoch=69/80 loss=0.021878 seconds=0.05
epoch=70/80 loss=0.018707 seconds=0.05
epoch=71/80 loss=0.015154 seconds=0.06
epoch=72/80 loss=0.014993 seconds=0.05
epoch=73/80 loss=0.014837 seconds=0.06
epoch=74/80 loss=0.016012 seconds=0.05
epoch=75/80 loss=0.012296 seconds=0.05
epoch=76/80 loss=0.014222 seconds=0.05
epoch=77/80 loss=0.015029 seconds=0.05
epoch=78/80 loss=0.015669 seconds=0.05
epoch=79/80 loss=0.013885 seconds=0.06
epoch=80/80 loss=0.015042 seconds=0.05
fold=2/10 OOF_accuracy=0.866667 OOF_AUC=0.943182
Device=cuda; epochs=80; batch=32; model=ResNetAutoencoder1D
epoch=1/80 loss=0.857293 seconds=0.05
epoch=2/80 loss=0.351912 seconds=0.05
epoch=3/80 loss=0.235688 seconds=0.06
epoch=4/80 loss=0.154991 seconds=0.05
epoch=5/80 loss=0.114930 seconds=0.06
epoch=6/80 loss=0.096629 seconds=0.05
epoch=7/80 loss=0.083948 seconds=0.06
epoch=8/80 loss=0.079369 seconds=0.05
epoch=9/80 loss=0.068708 seconds=0.05
epoch=10/80 loss=0.064774 seconds=0.05
epoch=11/80 loss=0.054375 seconds=0.05
epoch=12/80 loss=0.055604 seconds=0.05
epoch=13/80 loss=0.047548 seconds=0.06
epoch=14/80 loss=0.042805 seconds=0.05
epoch=15/80 loss=0.041873 seconds=0.05
epoch=16/80 loss=0.046556 seconds=0.05
epoch=17/80 loss=0.044104 seconds=0.05
epoch=18/80 loss=0.035823 seconds=0.06
epoch=19/80 loss=0.041881 seconds=0.05
epoch=20/80 loss=0.036049 seconds=0.03
epoch=21/80 loss=0.038085 seconds=0.05
epoch=22/80 loss=0.039361 seconds=0.05
epoch=23/80 loss=0.041877 seconds=0.05
epoch=24/80 loss=0.035159 seconds=0.03
epoch=25/80 loss=0.041065 seconds=0.05
epoch=26/80 loss=0.035750 seconds=0.05
epoch=27/80 loss=0.033282 seconds=0.05
epoch=28/80 loss=0.039873 seconds=0.05
epoch=29/80 loss=0.034866 seconds=0.05
epoch=30/80 loss=0.032764 seconds=0.05
epoch=31/80 loss=0.033634 seconds=0.06
epoch=32/80 loss=0.028031 seconds=0.06
epoch=33/80 loss=0.030375 seconds=0.06
epoch=34/80 loss=0.022207 seconds=0.05
epoch=35/80 loss=0.023513 seconds=0.06
epoch=36/80 loss=0.027397 seconds=0.05
epoch=37/80 loss=0.023971 seconds=0.08
epoch=38/80 loss=0.024458 seconds=0.08
epoch=39/80 loss=0.021400 seconds=0.06
epoch=40/80 loss=0.018593 seconds=0.05
epoch=41/80 loss=0.020180 seconds=0.03
epoch=42/80 loss=0.021426 seconds=0.05
epoch=43/80 loss=0.017813 seconds=0.05
epoch=44/80 loss=0.017866 seconds=0.05
epoch=45/80 loss=0.020358 seconds=0.03
epoch=46/80 loss=0.024843 seconds=0.06
epoch=47/80 loss=0.019981 seconds=0.03
epoch=48/80 loss=0.021818 seconds=0.05
epoch=49/80 loss=0.021670 seconds=0.05
epoch=50/80 loss=0.019823 seconds=0.05
epoch=51/80 loss=0.018741 seconds=0.05
epoch=52/80 loss=0.020801 seconds=0.03
epoch=53/80 loss=0.021842 seconds=0.05
epoch=54/80 loss=0.024088 seconds=0.05
epoch=55/80 loss=0.021217 seconds=0.05
epoch=56/80 loss=0.022065 seconds=0.03
epoch=57/80 loss=0.020346 seconds=0.05
epoch=58/80 loss=0.022357 seconds=0.05
epoch=59/80 loss=0.018338 seconds=0.03
epoch=60/80 loss=0.018172 seconds=0.05
epoch=61/80 loss=0.016852 seconds=0.05
epoch=62/80 loss=0.015696 seconds=0.05
epoch=63/80 loss=0.017483 seconds=0.05
epoch=64/80 loss=0.016074 seconds=0.03
epoch=65/80 loss=0.018763 seconds=0.05
epoch=66/80 loss=0.019241 seconds=0.05
epoch=67/80 loss=0.022468 seconds=0.05
epoch=68/80 loss=0.018944 seconds=0.05
epoch=69/80 loss=0.021592 seconds=0.03
epoch=70/80 loss=0.017980 seconds=0.05
epoch=71/80 loss=0.016708 seconds=0.05
epoch=72/80 loss=0.020153 seconds=0.05
epoch=73/80 loss=0.018302 seconds=0.05
epoch=74/80 loss=0.019825 seconds=0.06
epoch=75/80 loss=0.016120 seconds=0.06
epoch=76/80 loss=0.018007 seconds=0.05
epoch=77/80 loss=0.014323 seconds=0.03
epoch=78/80 loss=0.016214 seconds=0.05
epoch=79/80 loss=0.017796 seconds=0.05
epoch=80/80 loss=0.015744 seconds=0.05
fold=3/10 OOF_accuracy=0.833333 OOF_AUC=0.727273
Device=cuda; epochs=80; batch=32; model=ResNetAutoencoder1D
epoch=1/80 loss=0.865088 seconds=0.06
epoch=2/80 loss=0.383682 seconds=0.03
epoch=3/80 loss=0.223501 seconds=0.05
epoch=4/80 loss=0.146551 seconds=0.06
epoch=5/80 loss=0.105150 seconds=0.05
epoch=6/80 loss=0.096247 seconds=0.05
epoch=7/80 loss=0.092592 seconds=0.05
epoch=8/80 loss=0.072747 seconds=0.05
epoch=9/80 loss=0.066094 seconds=0.05
epoch=10/80 loss=0.058180 seconds=0.05
epoch=11/80 loss=0.052403 seconds=0.03
epoch=12/80 loss=0.049782 seconds=0.06
epoch=13/80 loss=0.050488 seconds=0.05
epoch=14/80 loss=0.048527 seconds=0.05
epoch=15/80 loss=0.044269 seconds=0.03
epoch=16/80 loss=0.048022 seconds=0.05
epoch=17/80 loss=0.037686 seconds=0.05
epoch=18/80 loss=0.042694 seconds=0.05
epoch=19/80 loss=0.037922 seconds=0.03
epoch=20/80 loss=0.032915 seconds=0.05
epoch=21/80 loss=0.033010 seconds=0.05
epoch=22/80 loss=0.035446 seconds=0.05
epoch=23/80 loss=0.031463 seconds=0.05
epoch=24/80 loss=0.028897 seconds=0.05
epoch=25/80 loss=0.030011 seconds=0.05
epoch=26/80 loss=0.026679 seconds=0.03
epoch=27/80 loss=0.025114 seconds=0.05
epoch=28/80 loss=0.033960 seconds=0.05
epoch=29/80 loss=0.030119 seconds=0.05
epoch=30/80 loss=0.028680 seconds=0.03
epoch=31/80 loss=0.028940 seconds=0.05
epoch=32/80 loss=0.027671 seconds=0.06
epoch=33/80 loss=0.028790 seconds=0.05
epoch=34/80 loss=0.023666 seconds=0.03
epoch=35/80 loss=0.021063 seconds=0.05
epoch=36/80 loss=0.023144 seconds=0.05
epoch=37/80 loss=0.024570 seconds=0.05
epoch=38/80 loss=0.022694 seconds=0.06
epoch=39/80 loss=0.022463 seconds=0.06
epoch=40/80 loss=0.020923 seconds=0.05
epoch=41/80 loss=0.018152 seconds=0.05
epoch=42/80 loss=0.022346 seconds=0.06
epoch=43/80 loss=0.024546 seconds=0.05
epoch=44/80 loss=0.024359 seconds=0.05
epoch=45/80 loss=0.025435 seconds=0.05
epoch=46/80 loss=0.023555 seconds=0.03
epoch=47/80 loss=0.020690 seconds=0.05
epoch=48/80 loss=0.020184 seconds=0.05
epoch=49/80 loss=0.023235 seconds=0.05
epoch=50/80 loss=0.021412 seconds=0.06
epoch=51/80 loss=0.019400 seconds=0.06
epoch=52/80 loss=0.018477 seconds=0.05
epoch=53/80 loss=0.017743 seconds=0.05
epoch=54/80 loss=0.016355 seconds=0.03
epoch=55/80 loss=0.014587 seconds=0.05
epoch=56/80 loss=0.017641 seconds=0.05
epoch=57/80 loss=0.017011 seconds=0.05
epoch=58/80 loss=0.017348 seconds=0.05
epoch=59/80 loss=0.017817 seconds=0.03
epoch=60/80 loss=0.017869 seconds=0.05
epoch=61/80 loss=0.017746 seconds=0.05
epoch=62/80 loss=0.015029 seconds=0.05
epoch=63/80 loss=0.015392 seconds=0.05
epoch=64/80 loss=0.018619 seconds=0.05
epoch=65/80 loss=0.018081 seconds=0.05
epoch=66/80 loss=0.032955 seconds=0.05
epoch=67/80 loss=0.049316 seconds=0.05
epoch=68/80 loss=0.084577 seconds=0.05
epoch=69/80 loss=0.148856 seconds=0.05
epoch=70/80 loss=0.092803 seconds=0.05
epoch=71/80 loss=0.070730 seconds=0.05
epoch=72/80 loss=0.059742 seconds=0.05
epoch=73/80 loss=0.046521 seconds=0.05
epoch=74/80 loss=0.034932 seconds=0.03
epoch=75/80 loss=0.030211 seconds=0.06
epoch=76/80 loss=0.030031 seconds=0.03
epoch=77/80 loss=0.032650 seconds=0.05
epoch=78/80 loss=0.029536 seconds=0.05
epoch=79/80 loss=0.032339 seconds=0.05
epoch=80/80 loss=0.030571 seconds=0.05
fold=4/10 OOF_accuracy=0.933333 OOF_AUC=0.846591
Device=cuda; epochs=80; batch=32; model=ResNetAutoencoder1D
epoch=1/80 loss=0.879782 seconds=0.05
epoch=2/80 loss=0.383400 seconds=0.06
epoch=3/80 loss=0.249086 seconds=0.06
epoch=4/80 loss=0.157356 seconds=0.05
epoch=5/80 loss=0.133484 seconds=0.05
epoch=6/80 loss=0.110485 seconds=0.05
epoch=7/80 loss=0.097595 seconds=0.05
epoch=8/80 loss=0.077180 seconds=0.05
epoch=9/80 loss=0.060532 seconds=0.05
epoch=10/80 loss=0.061775 seconds=0.03
epoch=11/80 loss=0.057293 seconds=0.05
epoch=12/80 loss=0.056343 seconds=0.05
epoch=13/80 loss=0.049610 seconds=0.05
epoch=14/80 loss=0.045872 seconds=0.03
epoch=15/80 loss=0.046403 seconds=0.06
epoch=16/80 loss=0.042188 seconds=0.03
epoch=17/80 loss=0.037471 seconds=0.05
epoch=18/80 loss=0.038856 seconds=0.06
epoch=19/80 loss=0.039967 seconds=0.03
epoch=20/80 loss=0.045253 seconds=0.05
epoch=21/80 loss=0.056100 seconds=0.05
epoch=22/80 loss=0.062020 seconds=0.05
epoch=23/80 loss=0.057739 seconds=0.05
epoch=24/80 loss=0.041369 seconds=0.05
epoch=25/80 loss=0.053660 seconds=0.03
epoch=26/80 loss=0.041984 seconds=0.05
epoch=27/80 loss=0.037932 seconds=0.05
epoch=28/80 loss=0.038255 seconds=0.05
epoch=29/80 loss=0.031169 seconds=0.05
epoch=30/80 loss=0.032908 seconds=0.06
epoch=31/80 loss=0.032278 seconds=0.08
epoch=32/80 loss=0.028477 seconds=0.05
epoch=33/80 loss=0.024304 seconds=0.05
epoch=34/80 loss=0.022254 seconds=0.05
epoch=35/80 loss=0.027021 seconds=0.05
epoch=36/80 loss=0.027984 seconds=0.03
epoch=37/80 loss=0.025577 seconds=0.05
epoch=38/80 loss=0.026608 seconds=0.05
epoch=39/80 loss=0.027589 seconds=0.06
epoch=40/80 loss=0.037574 seconds=0.03
epoch=41/80 loss=0.031437 seconds=0.05
epoch=42/80 loss=0.032074 seconds=0.05
epoch=43/80 loss=0.026661 seconds=0.05
epoch=44/80 loss=0.021009 seconds=0.05
epoch=45/80 loss=0.021159 seconds=0.05
epoch=46/80 loss=0.022966 seconds=0.05
epoch=47/80 loss=0.020772 seconds=0.05
epoch=48/80 loss=0.019473 seconds=0.05
epoch=49/80 loss=0.023414 seconds=0.05
epoch=50/80 loss=0.019188 seconds=0.05
epoch=51/80 loss=0.019828 seconds=0.05
epoch=52/80 loss=0.019685 seconds=0.05
epoch=53/80 loss=0.017641 seconds=0.05
epoch=54/80 loss=0.019502 seconds=0.05
epoch=55/80 loss=0.018052 seconds=0.05
epoch=56/80 loss=0.022510 seconds=0.03
epoch=57/80 loss=0.050608 seconds=0.05
epoch=58/80 loss=0.033215 seconds=0.05
epoch=59/80 loss=0.045405 seconds=0.05
epoch=60/80 loss=0.036727 seconds=0.05
epoch=61/80 loss=0.028340 seconds=0.05
epoch=62/80 loss=0.023966 seconds=0.05
epoch=63/80 loss=0.021614 seconds=0.05
epoch=64/80 loss=0.025687 seconds=0.03
epoch=65/80 loss=0.020737 seconds=0.05
epoch=66/80 loss=0.022724 seconds=0.05
epoch=67/80 loss=0.027732 seconds=0.05
epoch=68/80 loss=0.021949 seconds=0.05
epoch=69/80 loss=0.024740 seconds=0.05
epoch=70/80 loss=0.023261 seconds=0.05
epoch=71/80 loss=0.023786 seconds=0.05
epoch=72/80 loss=0.021062 seconds=0.05
epoch=73/80 loss=0.017599 seconds=0.05
epoch=74/80 loss=0.016886 seconds=0.05
epoch=75/80 loss=0.014383 seconds=0.05
epoch=76/80 loss=0.014338 seconds=0.05
epoch=77/80 loss=0.013566 seconds=0.03
epoch=78/80 loss=0.015316 seconds=0.05
epoch=79/80 loss=0.014855 seconds=0.05
epoch=80/80 loss=0.015181 seconds=0.05
fold=5/10 OOF_accuracy=0.900000 OOF_AUC=0.948864
Device=cuda; epochs=80; batch=32; model=ResNetAutoencoder1D
epoch=1/80 loss=0.865905 seconds=0.05
epoch=2/80 loss=0.355856 seconds=0.05
epoch=3/80 loss=0.218855 seconds=0.05
epoch=4/80 loss=0.148501 seconds=0.05
epoch=5/80 loss=0.112463 seconds=0.05
epoch=6/80 loss=0.089476 seconds=0.06
epoch=7/80 loss=0.079742 seconds=0.03
epoch=8/80 loss=0.065483 seconds=0.05
epoch=9/80 loss=0.066016 seconds=0.06
epoch=10/80 loss=0.058279 seconds=0.05
epoch=11/80 loss=0.047198 seconds=0.05
epoch=12/80 loss=0.047079 seconds=0.05
epoch=13/80 loss=0.049501 seconds=0.05
epoch=14/80 loss=0.047170 seconds=0.05
epoch=15/80 loss=0.040436 seconds=0.06
epoch=16/80 loss=0.043278 seconds=0.08
epoch=17/80 loss=0.036485 seconds=0.05
epoch=18/80 loss=0.041510 seconds=0.03
epoch=19/80 loss=0.042888 seconds=0.05
epoch=20/80 loss=0.039727 seconds=0.05
epoch=21/80 loss=0.038703 seconds=0.05
epoch=22/80 loss=0.043816 seconds=0.05
epoch=23/80 loss=0.048853 seconds=0.05
epoch=24/80 loss=0.043898 seconds=0.06
epoch=25/80 loss=0.032793 seconds=0.05
epoch=26/80 loss=0.032702 seconds=0.05
epoch=27/80 loss=0.030100 seconds=0.08
epoch=28/80 loss=0.030740 seconds=0.05
epoch=29/80 loss=0.025394 seconds=0.05
epoch=30/80 loss=0.027747 seconds=0.06
epoch=31/80 loss=0.031158 seconds=0.05
epoch=32/80 loss=0.026873 seconds=0.05
epoch=33/80 loss=0.029163 seconds=0.06
epoch=34/80 loss=0.025365 seconds=0.08
epoch=35/80 loss=0.028150 seconds=0.05
epoch=36/80 loss=0.027661 seconds=0.06
epoch=37/80 loss=0.027263 seconds=0.05
epoch=38/80 loss=0.024935 seconds=0.05
epoch=39/80 loss=0.025616 seconds=0.05
epoch=40/80 loss=0.023301 seconds=0.06
epoch=41/80 loss=0.024138 seconds=0.05
epoch=42/80 loss=0.029772 seconds=0.05
epoch=43/80 loss=0.025139 seconds=0.05
epoch=44/80 loss=0.021738 seconds=0.05
epoch=45/80 loss=0.023627 seconds=0.05
epoch=46/80 loss=0.023274 seconds=0.06
epoch=47/80 loss=0.019037 seconds=0.05
epoch=48/80 loss=0.021061 seconds=0.05
epoch=49/80 loss=0.021316 seconds=0.06
epoch=50/80 loss=0.019789 seconds=0.05
epoch=51/80 loss=0.018608 seconds=0.05
epoch=52/80 loss=0.020975 seconds=0.05
epoch=53/80 loss=0.015531 seconds=0.06
epoch=54/80 loss=0.015418 seconds=0.05
epoch=55/80 loss=0.015697 seconds=0.05
epoch=56/80 loss=0.018577 seconds=0.06
epoch=57/80 loss=0.017370 seconds=0.05
epoch=58/80 loss=0.015253 seconds=0.05
epoch=59/80 loss=0.020543 seconds=0.05
epoch=60/80 loss=0.018357 seconds=0.05
epoch=61/80 loss=0.021491 seconds=0.05
epoch=62/80 loss=0.020598 seconds=0.05
epoch=63/80 loss=0.019953 seconds=0.05
epoch=64/80 loss=0.021555 seconds=0.05
epoch=65/80 loss=0.021738 seconds=0.05
epoch=66/80 loss=0.021491 seconds=0.06
epoch=67/80 loss=0.043005 seconds=0.05
epoch=68/80 loss=0.022852 seconds=0.06
epoch=69/80 loss=0.027182 seconds=0.05
epoch=70/80 loss=0.044612 seconds=0.05
epoch=71/80 loss=0.025726 seconds=0.05
epoch=72/80 loss=0.029267 seconds=0.05
epoch=73/80 loss=0.027496 seconds=0.05
epoch=74/80 loss=0.047225 seconds=0.06
epoch=75/80 loss=0.035756 seconds=0.05
epoch=76/80 loss=0.038553 seconds=0.06
epoch=77/80 loss=0.037677 seconds=0.05
epoch=78/80 loss=0.039787 seconds=0.05
epoch=79/80 loss=0.036625 seconds=0.05
epoch=80/80 loss=0.028875 seconds=0.05
fold=6/10 OOF_accuracy=0.866667 OOF_AUC=0.948864
Device=cuda; epochs=80; batch=32; model=ResNetAutoencoder1D
epoch=1/80 loss=0.836581 seconds=0.05
epoch=2/80 loss=0.348080 seconds=0.09
epoch=3/80 loss=0.219332 seconds=0.09
epoch=4/80 loss=0.156295 seconds=0.06
epoch=5/80 loss=0.125641 seconds=0.05
epoch=6/80 loss=0.106119 seconds=0.05
epoch=7/80 loss=0.090625 seconds=0.05
epoch=8/80 loss=0.076418 seconds=0.03
epoch=9/80 loss=0.065984 seconds=0.05
epoch=10/80 loss=0.056689 seconds=0.05
epoch=11/80 loss=0.055017 seconds=0.05
epoch=12/80 loss=0.056110 seconds=0.06
epoch=13/80 loss=0.046840 seconds=0.03
epoch=14/80 loss=0.044383 seconds=0.05
epoch=15/80 loss=0.041697 seconds=0.06
epoch=16/80 loss=0.045381 seconds=0.03
epoch=17/80 loss=0.036800 seconds=0.06
epoch=18/80 loss=0.041027 seconds=0.06
epoch=19/80 loss=0.037171 seconds=0.06
epoch=20/80 loss=0.034318 seconds=0.05
epoch=21/80 loss=0.031853 seconds=0.06
epoch=22/80 loss=0.032225 seconds=0.05
epoch=23/80 loss=0.036405 seconds=0.05
epoch=24/80 loss=0.032286 seconds=0.05
epoch=25/80 loss=0.036130 seconds=0.05
epoch=26/80 loss=0.032602 seconds=0.05
epoch=27/80 loss=0.033251 seconds=0.05
epoch=28/80 loss=0.035223 seconds=0.03
epoch=29/80 loss=0.029089 seconds=0.06
epoch=30/80 loss=0.032386 seconds=0.08
epoch=31/80 loss=0.032049 seconds=0.08
epoch=32/80 loss=0.031825 seconds=0.06
epoch=33/80 loss=0.026570 seconds=0.05
epoch=34/80 loss=0.024768 seconds=0.05
epoch=35/80 loss=0.025288 seconds=0.05
epoch=36/80 loss=0.023943 seconds=0.03
epoch=37/80 loss=0.029222 seconds=0.05
epoch=38/80 loss=0.023341 seconds=0.05
epoch=39/80 loss=0.024814 seconds=0.05
epoch=40/80 loss=0.023492 seconds=0.05
epoch=41/80 loss=0.022070 seconds=0.05
epoch=42/80 loss=0.025718 seconds=0.03
epoch=43/80 loss=0.021691 seconds=0.06
epoch=44/80 loss=0.023927 seconds=0.08
epoch=45/80 loss=0.024822 seconds=0.06
epoch=46/80 loss=0.029189 seconds=0.05
epoch=47/80 loss=0.024416 seconds=0.03
epoch=48/80 loss=0.022267 seconds=0.05
epoch=49/80 loss=0.021619 seconds=0.05
epoch=50/80 loss=0.021993 seconds=0.05
epoch=51/80 loss=0.020503 seconds=0.05
epoch=52/80 loss=0.023016 seconds=0.05
epoch=53/80 loss=0.021168 seconds=0.03
epoch=54/80 loss=0.016861 seconds=0.05
epoch=55/80 loss=0.016124 seconds=0.06
epoch=56/80 loss=0.019670 seconds=0.03
epoch=57/80 loss=0.015691 seconds=0.05
epoch=58/80 loss=0.015051 seconds=0.05
epoch=59/80 loss=0.019986 seconds=0.05
epoch=60/80 loss=0.019959 seconds=0.06
epoch=61/80 loss=0.020224 seconds=0.05
epoch=62/80 loss=0.018941 seconds=0.05
epoch=63/80 loss=0.019054 seconds=0.05
epoch=64/80 loss=0.017650 seconds=0.05
epoch=65/80 loss=0.017154 seconds=0.05
epoch=66/80 loss=0.022600 seconds=0.05
epoch=67/80 loss=0.018107 seconds=0.05
epoch=68/80 loss=0.016002 seconds=0.05
epoch=69/80 loss=0.019839 seconds=0.05
epoch=70/80 loss=0.018071 seconds=0.03
epoch=71/80 loss=0.017724 seconds=0.05
epoch=72/80 loss=0.021840 seconds=0.06
epoch=73/80 loss=0.021625 seconds=0.06
epoch=74/80 loss=0.024481 seconds=0.05
epoch=75/80 loss=0.021357 seconds=0.05
epoch=76/80 loss=0.018321 seconds=0.05
epoch=77/80 loss=0.014818 seconds=0.05
epoch=78/80 loss=0.017728 seconds=0.05
epoch=79/80 loss=0.017384 seconds=0.05
epoch=80/80 loss=0.014301 seconds=0.03
fold=7/10 OOF_accuracy=0.900000 OOF_AUC=0.909091
Device=cuda; epochs=80; batch=32; model=ResNetAutoencoder1D
epoch=1/80 loss=0.841046 seconds=0.05
epoch=2/80 loss=0.348204 seconds=0.05
epoch=3/80 loss=0.231678 seconds=0.05
epoch=4/80 loss=0.150018 seconds=0.08
epoch=5/80 loss=0.118236 seconds=0.08
epoch=6/80 loss=0.100092 seconds=0.08
epoch=7/80 loss=0.084408 seconds=0.05
epoch=8/80 loss=0.069187 seconds=0.05
epoch=9/80 loss=0.064961 seconds=0.05
epoch=10/80 loss=0.054850 seconds=0.05
epoch=11/80 loss=0.059890 seconds=0.05
epoch=12/80 loss=0.059603 seconds=0.05
epoch=13/80 loss=0.053667 seconds=0.05
epoch=14/80 loss=0.045865 seconds=0.05
epoch=15/80 loss=0.039753 seconds=0.05
epoch=16/80 loss=0.043250 seconds=0.08
epoch=17/80 loss=0.032805 seconds=0.08
epoch=18/80 loss=0.028412 seconds=0.05
epoch=19/80 loss=0.037404 seconds=0.05
epoch=20/80 loss=0.043691 seconds=0.05
epoch=21/80 loss=0.045430 seconds=0.05
epoch=22/80 loss=0.045843 seconds=0.05
epoch=23/80 loss=0.037047 seconds=0.05
epoch=24/80 loss=0.038167 seconds=0.05
epoch=25/80 loss=0.028815 seconds=0.05
epoch=26/80 loss=0.030869 seconds=0.05
epoch=27/80 loss=0.031289 seconds=0.05
epoch=28/80 loss=0.036574 seconds=0.06
epoch=29/80 loss=0.027531 seconds=0.06
epoch=30/80 loss=0.028299 seconds=0.05
epoch=31/80 loss=0.032140 seconds=0.05
epoch=32/80 loss=0.030507 seconds=0.05
epoch=33/80 loss=0.027057 seconds=0.05
epoch=34/80 loss=0.021645 seconds=0.05
epoch=35/80 loss=0.023614 seconds=0.05
epoch=36/80 loss=0.021806 seconds=0.06
epoch=37/80 loss=0.023352 seconds=0.06
epoch=38/80 loss=0.022306 seconds=0.05
epoch=39/80 loss=0.022752 seconds=0.05
epoch=40/80 loss=0.022780 seconds=0.05
epoch=41/80 loss=0.020799 seconds=0.05
epoch=42/80 loss=0.027320 seconds=0.05
epoch=43/80 loss=0.025972 seconds=0.03
epoch=44/80 loss=0.022981 seconds=0.05
epoch=45/80 loss=0.021002 seconds=0.05
epoch=46/80 loss=0.024369 seconds=0.05
epoch=47/80 loss=0.019365 seconds=0.03
epoch=48/80 loss=0.020225 seconds=0.05
epoch=49/80 loss=0.023442 seconds=0.05
epoch=50/80 loss=0.020488 seconds=0.05
epoch=51/80 loss=0.020402 seconds=0.05
epoch=52/80 loss=0.023933 seconds=0.03
epoch=53/80 loss=0.021353 seconds=0.05
epoch=54/80 loss=0.021948 seconds=0.05
epoch=55/80 loss=0.018905 seconds=0.05
epoch=56/80 loss=0.017312 seconds=0.05
epoch=57/80 loss=0.019079 seconds=0.05
epoch=58/80 loss=0.015060 seconds=0.05
epoch=59/80 loss=0.016460 seconds=0.05
epoch=60/80 loss=0.014091 seconds=0.05
epoch=61/80 loss=0.016029 seconds=0.06
epoch=62/80 loss=0.018778 seconds=0.05
epoch=63/80 loss=0.016544 seconds=0.05
epoch=64/80 loss=0.017885 seconds=0.05
epoch=65/80 loss=0.020325 seconds=0.05
epoch=66/80 loss=0.020585 seconds=0.05
epoch=67/80 loss=0.020040 seconds=0.05
epoch=68/80 loss=0.016924 seconds=0.05
epoch=69/80 loss=0.021370 seconds=0.05
epoch=70/80 loss=0.015856 seconds=0.05
epoch=71/80 loss=0.018464 seconds=0.05
epoch=72/80 loss=0.016714 seconds=0.05
epoch=73/80 loss=0.013813 seconds=0.05
epoch=74/80 loss=0.014620 seconds=0.06
epoch=75/80 loss=0.013633 seconds=0.05
epoch=76/80 loss=0.013168 seconds=0.05
epoch=77/80 loss=0.019764 seconds=0.05
epoch=78/80 loss=0.015870 seconds=0.03
epoch=79/80 loss=0.014311 seconds=0.06
epoch=80/80 loss=0.013539 seconds=0.03
fold=8/10 OOF_accuracy=0.766667 OOF_AUC=0.738636
Device=cuda; epochs=80; batch=32; model=ResNetAutoencoder1D
epoch=1/80 loss=0.858780 seconds=0.05
epoch=2/80 loss=0.346575 seconds=0.05
epoch=3/80 loss=0.229484 seconds=0.05
epoch=4/80 loss=0.148046 seconds=0.03
epoch=5/80 loss=0.115959 seconds=0.05
epoch=6/80 loss=0.108532 seconds=0.05
epoch=7/80 loss=0.084804 seconds=0.05
epoch=8/80 loss=0.068952 seconds=0.05
epoch=9/80 loss=0.060549 seconds=0.06
epoch=10/80 loss=0.062152 seconds=0.05
epoch=11/80 loss=0.048815 seconds=0.05
epoch=12/80 loss=0.054322 seconds=0.05
epoch=13/80 loss=0.058602 seconds=0.05
epoch=14/80 loss=0.049944 seconds=0.05
epoch=15/80 loss=0.039771 seconds=0.05
epoch=16/80 loss=0.049547 seconds=0.05
epoch=17/80 loss=0.045095 seconds=0.03
epoch=18/80 loss=0.037068 seconds=0.05
epoch=19/80 loss=0.034222 seconds=0.05
epoch=20/80 loss=0.043536 seconds=0.05
epoch=21/80 loss=0.044187 seconds=0.05
epoch=22/80 loss=0.043894 seconds=0.05
epoch=23/80 loss=0.038595 seconds=0.03
epoch=24/80 loss=0.033304 seconds=0.05
epoch=25/80 loss=0.037175 seconds=0.05
epoch=26/80 loss=0.034026 seconds=0.05
epoch=27/80 loss=0.029685 seconds=0.05
epoch=28/80 loss=0.034373 seconds=0.05
epoch=29/80 loss=0.033206 seconds=0.05
epoch=30/80 loss=0.027516 seconds=0.05
epoch=31/80 loss=0.028167 seconds=0.05
epoch=32/80 loss=0.030067 seconds=0.05
epoch=33/80 loss=0.027429 seconds=0.05
epoch=34/80 loss=0.026618 seconds=0.05
epoch=35/80 loss=0.021057 seconds=0.05
epoch=36/80 loss=0.020879 seconds=0.05
epoch=37/80 loss=0.024129 seconds=0.05
epoch=38/80 loss=0.023400 seconds=0.05
epoch=39/80 loss=0.023645 seconds=0.06
epoch=40/80 loss=0.020043 seconds=0.05
epoch=41/80 loss=0.022519 seconds=0.03
epoch=42/80 loss=0.021036 seconds=0.06
epoch=43/80 loss=0.023112 seconds=0.05
epoch=44/80 loss=0.020269 seconds=0.05
epoch=45/80 loss=0.022041 seconds=0.08
epoch=46/80 loss=0.022567 seconds=0.05
epoch=47/80 loss=0.022757 seconds=0.03
epoch=48/80 loss=0.023768 seconds=0.06
epoch=49/80 loss=0.022523 seconds=0.05
epoch=50/80 loss=0.028788 seconds=0.05
epoch=51/80 loss=0.021809 seconds=0.05
epoch=52/80 loss=0.022255 seconds=0.03
epoch=53/80 loss=0.017357 seconds=0.05
epoch=54/80 loss=0.023365 seconds=0.05
epoch=55/80 loss=0.019506 seconds=0.05
epoch=56/80 loss=0.020360 seconds=0.06
epoch=57/80 loss=0.017438 seconds=0.03
epoch=58/80 loss=0.018340 seconds=0.05
epoch=59/80 loss=0.017657 seconds=0.05
epoch=60/80 loss=0.016664 seconds=0.06
epoch=61/80 loss=0.014819 seconds=0.05
epoch=62/80 loss=0.016307 seconds=0.05
epoch=63/80 loss=0.016395 seconds=0.05
epoch=64/80 loss=0.020110 seconds=0.05
epoch=65/80 loss=0.018457 seconds=0.05
epoch=66/80 loss=0.016409 seconds=0.05
epoch=67/80 loss=0.015682 seconds=0.05
epoch=68/80 loss=0.014443 seconds=0.05
epoch=69/80 loss=0.016895 seconds=0.03
epoch=70/80 loss=0.013081 seconds=0.05
epoch=71/80 loss=0.017616 seconds=0.05
epoch=72/80 loss=0.016655 seconds=0.05
epoch=73/80 loss=0.014256 seconds=0.05
epoch=74/80 loss=0.015105 seconds=0.05
epoch=75/80 loss=0.012358 seconds=0.03
epoch=76/80 loss=0.013733 seconds=0.05
epoch=77/80 loss=0.016013 seconds=0.05
epoch=78/80 loss=0.015922 seconds=0.06
epoch=79/80 loss=0.013463 seconds=0.05
epoch=80/80 loss=0.012727 seconds=0.05
fold=9/10 OOF_accuracy=0.800000 OOF_AUC=0.897727
Device=cuda; epochs=80; batch=32; model=ResNetAutoencoder1D
epoch=1/80 loss=0.886490 seconds=0.05
epoch=2/80 loss=0.377661 seconds=0.05
epoch=3/80 loss=0.239532 seconds=0.05
epoch=4/80 loss=0.165941 seconds=0.05
epoch=5/80 loss=0.128165 seconds=0.05
epoch=6/80 loss=0.103083 seconds=0.05
epoch=7/80 loss=0.086389 seconds=0.05
epoch=8/80 loss=0.068769 seconds=0.05
epoch=9/80 loss=0.073697 seconds=0.06
epoch=10/80 loss=0.062517 seconds=0.03
epoch=11/80 loss=0.055709 seconds=0.05
epoch=12/80 loss=0.053553 seconds=0.05
epoch=13/80 loss=0.056784 seconds=0.05
epoch=14/80 loss=0.054217 seconds=0.05
epoch=15/80 loss=0.044958 seconds=0.05
epoch=16/80 loss=0.042560 seconds=0.03
epoch=17/80 loss=0.045670 seconds=0.05
epoch=18/80 loss=0.036567 seconds=0.05
epoch=19/80 loss=0.037910 seconds=0.05
epoch=20/80 loss=0.038884 seconds=0.05
epoch=21/80 loss=0.033658 seconds=0.05
epoch=22/80 loss=0.034772 seconds=0.05
epoch=23/80 loss=0.035689 seconds=0.05
epoch=24/80 loss=0.032144 seconds=0.03
epoch=25/80 loss=0.031325 seconds=0.03
epoch=26/80 loss=0.034583 seconds=0.05
epoch=27/80 loss=0.031387 seconds=0.05
epoch=28/80 loss=0.030189 seconds=0.05
epoch=29/80 loss=0.025982 seconds=0.05
epoch=30/80 loss=0.023182 seconds=0.05
epoch=31/80 loss=0.024958 seconds=0.05
epoch=32/80 loss=0.026110 seconds=0.05
epoch=33/80 loss=0.027672 seconds=0.05
epoch=34/80 loss=0.022936 seconds=0.05
epoch=35/80 loss=0.023758 seconds=0.05
epoch=36/80 loss=0.025756 seconds=0.03
epoch=37/80 loss=0.025004 seconds=0.05
epoch=38/80 loss=0.021204 seconds=0.05
epoch=39/80 loss=0.024768 seconds=0.05
epoch=40/80 loss=0.019807 seconds=0.05
epoch=41/80 loss=0.018902 seconds=0.05
epoch=42/80 loss=0.018764 seconds=0.03
epoch=43/80 loss=0.022979 seconds=0.05
epoch=44/80 loss=0.020650 seconds=0.06
epoch=45/80 loss=0.021717 seconds=0.06
epoch=46/80 loss=0.022375 seconds=0.05
epoch=47/80 loss=0.020426 seconds=0.06
epoch=48/80 loss=0.023048 seconds=0.05
epoch=49/80 loss=0.020721 seconds=0.05
epoch=50/80 loss=0.019907 seconds=0.05
epoch=51/80 loss=0.019241 seconds=0.08
epoch=52/80 loss=0.022969 seconds=0.06
epoch=53/80 loss=0.018382 seconds=0.05
epoch=54/80 loss=0.016701 seconds=0.05
epoch=55/80 loss=0.020044 seconds=0.05
epoch=56/80 loss=0.025727 seconds=0.05
epoch=57/80 loss=0.019472 seconds=0.05
epoch=58/80 loss=0.026852 seconds=0.05
epoch=59/80 loss=0.067651 seconds=0.05
epoch=60/80 loss=0.071065 seconds=0.05
epoch=61/80 loss=0.063148 seconds=0.05
epoch=62/80 loss=0.035342 seconds=0.05
epoch=63/80 loss=0.034775 seconds=0.05
epoch=64/80 loss=0.030275 seconds=0.05
epoch=65/80 loss=0.028960 seconds=0.05
epoch=66/80 loss=0.028252 seconds=0.05
epoch=67/80 loss=0.031934 seconds=0.05
epoch=68/80 loss=0.022769 seconds=0.05
epoch=69/80 loss=0.028409 seconds=0.05
epoch=70/80 loss=0.019452 seconds=0.05
epoch=71/80 loss=0.024558 seconds=0.05
epoch=72/80 loss=0.018553 seconds=0.05
epoch=73/80 loss=0.019256 seconds=0.05
epoch=74/80 loss=0.017899 seconds=0.05
epoch=75/80 loss=0.016205 seconds=0.05
epoch=76/80 loss=0.017149 seconds=0.06
epoch=77/80 loss=0.017471 seconds=0.03
epoch=78/80 loss=0.016126 seconds=0.06
epoch=79/80 loss=0.015758 seconds=0.05
epoch=80/80 loss=0.016640 seconds=0.05
fold=10/10 OOF_accuracy=0.800000 OOF_AUC=0.830688
Device=cuda; epochs=80; batch=32; model=ResNetAutoencoder1D
epoch=1/80 loss=0.846662 seconds=0.06
epoch=2/80 loss=0.330105 seconds=0.06
epoch=3/80 loss=0.205395 seconds=0.05
epoch=4/80 loss=0.179763 seconds=0.06
epoch=5/80 loss=0.133884 seconds=0.05
epoch=6/80 loss=0.101149 seconds=0.06
epoch=7/80 loss=0.089911 seconds=0.05
epoch=8/80 loss=0.068522 seconds=0.05
epoch=9/80 loss=0.085728 seconds=0.06
epoch=10/80 loss=0.069471 seconds=0.05
epoch=11/80 loss=0.060980 seconds=0.06
epoch=12/80 loss=0.053194 seconds=0.05
epoch=13/80 loss=0.052551 seconds=0.06
epoch=14/80 loss=0.057657 seconds=0.05
epoch=15/80 loss=0.043300 seconds=0.06
epoch=16/80 loss=0.037174 seconds=0.05
epoch=17/80 loss=0.044598 seconds=0.05
epoch=18/80 loss=0.050899 seconds=0.06
epoch=19/80 loss=0.059383 seconds=0.05
epoch=20/80 loss=0.057699 seconds=0.06
epoch=21/80 loss=0.083719 seconds=0.05
epoch=22/80 loss=0.077789 seconds=0.05
epoch=23/80 loss=0.067963 seconds=0.05
epoch=24/80 loss=0.055276 seconds=0.05
epoch=25/80 loss=0.051088 seconds=0.03
epoch=26/80 loss=0.046518 seconds=0.06
epoch=27/80 loss=0.039641 seconds=0.09
epoch=28/80 loss=0.044873 seconds=0.06
epoch=29/80 loss=0.033312 seconds=0.06
epoch=30/80 loss=0.033627 seconds=0.05
epoch=31/80 loss=0.035272 seconds=0.05
epoch=32/80 loss=0.038978 seconds=0.05
epoch=33/80 loss=0.037192 seconds=0.06
epoch=34/80 loss=0.032779 seconds=0.05
epoch=35/80 loss=0.038616 seconds=0.05
epoch=36/80 loss=0.029918 seconds=0.06
epoch=37/80 loss=0.032798 seconds=0.05
epoch=38/80 loss=0.032566 seconds=0.05
epoch=39/80 loss=0.028199 seconds=0.06
epoch=40/80 loss=0.023847 seconds=0.06
epoch=41/80 loss=0.025922 seconds=0.05
epoch=42/80 loss=0.022856 seconds=0.05
epoch=43/80 loss=0.026188 seconds=0.06
epoch=44/80 loss=0.028328 seconds=0.05
epoch=45/80 loss=0.025988 seconds=0.05
epoch=46/80 loss=0.021945 seconds=0.06
epoch=47/80 loss=0.020448 seconds=0.08
epoch=48/80 loss=0.024729 seconds=0.05
epoch=49/80 loss=0.023538 seconds=0.05
epoch=50/80 loss=0.021880 seconds=0.05
epoch=51/80 loss=0.024768 seconds=0.06
epoch=52/80 loss=0.026363 seconds=0.05
epoch=53/80 loss=0.026146 seconds=0.05
epoch=54/80 loss=0.038575 seconds=0.06
epoch=55/80 loss=0.028130 seconds=0.05
epoch=56/80 loss=0.025157 seconds=0.05
epoch=57/80 loss=0.018677 seconds=0.06
epoch=58/80 loss=0.021135 seconds=0.05
epoch=59/80 loss=0.021972 seconds=0.06
epoch=60/80 loss=0.021726 seconds=0.05
epoch=61/80 loss=0.023891 seconds=0.05
epoch=62/80 loss=0.020614 seconds=0.06
epoch=63/80 loss=0.021115 seconds=0.05
epoch=64/80 loss=0.019151 seconds=0.05
epoch=65/80 loss=0.020848 seconds=0.05
epoch=66/80 loss=0.018703 seconds=0.05
epoch=67/80 loss=0.016593 seconds=0.05
epoch=68/80 loss=0.018234 seconds=0.05
epoch=69/80 loss=0.014823 seconds=0.06
epoch=70/80 loss=0.014363 seconds=0.05
epoch=71/80 loss=0.017317 seconds=0.05
epoch=72/80 loss=0.018551 seconds=0.05
epoch=73/80 loss=0.018591 seconds=0.05
epoch=74/80 loss=0.017512 seconds=0.05
epoch=75/80 loss=0.019416 seconds=0.06
epoch=76/80 loss=0.018893 seconds=0.05
epoch=77/80 loss=0.015301 seconds=0.05
epoch=78/80 loss=0.017351 seconds=0.05
epoch=79/80 loss=0.013569 seconds=0.05
epoch=80/80 loss=0.015237 seconds=0.05
{"cv_oof": {"accuracy": 0.84, "balanced_accuracy": 0.7853881278538812, "sensitivity": 0.6666666666666666, "specificity": 0.9041095890410958, "f1_macro": 0.7920997920997921, "roc_auc": 0.859518574891482, "confusion_matrix": [[198, 21], [27, 54]], "classification_report": {"0": {"precision": 0.88, "recall": 0.9041095890410958, "f1-score": 0.8918918918918919, "support": 219.0}, "1": {"precision": 0.72, "recall": 0.6666666666666666, "f1-score": 0.6923076923076923, "support": 81.0}, "accuracy": 0.84, "macro avg": {"precision": 0.8, "recall": 0.7853881278538812, "f1-score": 0.7920997920997921, "support": 300.0}, "weighted avg": {"precision": 0.8368, "recall": 0.84, "f1-score": 0.838004158004158, "support": 300.0}}}, "test": {"accuracy": 0.8571428571428571, "balanced_accuracy": 0.7827380952380952, "sensitivity": 0.6190476190476191, "specificity": 0.9464285714285714, "f1_macro": 0.8043428043428044, "roc_auc": 0.8469387755102041, "confusion_matrix": [[53, 3], [8, 13]], "classification_report": {"0": {"precision": 0.8688524590163934, "recall": 0.9464285714285714, "f1-score": 0.905982905982906, "support": 56.0}, "1": {"precision": 0.8125, "recall": 0.6190476190476191, "f1-score": 0.7027027027027027, "support": 21.0}, "accuracy": 0.8571428571428571, "macro avg": {"precision": 0.8406762295081966, "recall": 0.7827380952380952, "f1-score": 0.8043428043428044, "support": 77.0}, "weighted avg": {"precision": 0.8534836065573771, "recall": 0.8571428571428571, "f1-score": 0.8505428505428506, "support": 77.0}}}, "folds": 10, "original_train_rows": 300, "train_rows": 300, "test_rows": 77, "elapsed_seconds": 48.06299999996554}
