Command: ["C:\\Users\\IHCK\\AppData\\Local\\Programs\\Python\\Python312\\python.exe", "-u", "C:\\Users\\IHCK\\Desktop\\1_10_69Final\\Hippocampal-Shape-Analysis-for-Epilepsy-Detection\\Model\\train_dataset_model.py", "--dataset", "pointnet_plsda", "--side", "left", "--model", "PointNet", "--kind", "xyz", "--train-csv", "C:\\Users\\IHCK\\Desktop\\1_10_69Final\\Hippocampal-Shape-Analysis-for-Epilepsy-Detection\\Output_Dataset\\pointnet_plsda\\left\\train_prepared.csv", "--test-csv", "C:\\Users\\IHCK\\Desktop\\1_10_69Final\\Hippocampal-Shape-Analysis-for-Epilepsy-Detection\\Output_Dataset\\pointnet_plsda\\left\\test_prepared.csv", "--output-dir", "C:\\Users\\IHCK\\Desktop\\1_10_69Final\\Hippocampal-Shape-Analysis-for-Epilepsy-Detection\\Model_Results\\dataset_runs_20261003_10fold\\pointnet_plsda\\left\\PointNet", "--epochs", "80", "--folds", "10", "--pls-components", "8", "--seed", "42", "--threads", "2"]
10-fold CV: dataset=pointnet_plsda side=left model=PointNet; original_train=300 test=73
Device=cuda; epochs=80; batch=32; model=PointNetDual
epoch=1/80 loss=0.734057 seconds=0.47
epoch=2/80 loss=0.505031 seconds=0.12
epoch=3/80 loss=0.406158 seconds=0.14
epoch=4/80 loss=0.403096 seconds=0.12
epoch=5/80 loss=0.359802 seconds=0.14
epoch=6/80 loss=0.299671 seconds=0.12
epoch=7/80 loss=0.249794 seconds=0.14
epoch=8/80 loss=0.333410 seconds=0.12
epoch=9/80 loss=0.304751 seconds=0.12
epoch=10/80 loss=0.264444 seconds=0.14
epoch=11/80 loss=0.221016 seconds=0.12
epoch=12/80 loss=0.275101 seconds=0.12
epoch=13/80 loss=0.251011 seconds=0.14
epoch=14/80 loss=0.230561 seconds=0.12
epoch=15/80 loss=0.280565 seconds=0.12
epoch=16/80 loss=0.274832 seconds=0.12
epoch=17/80 loss=0.216281 seconds=0.14
epoch=18/80 loss=0.167488 seconds=0.12
epoch=19/80 loss=0.127680 seconds=0.14
epoch=20/80 loss=0.102588 seconds=0.12
epoch=21/80 loss=0.116647 seconds=0.12
epoch=22/80 loss=0.116844 seconds=0.14
epoch=23/80 loss=0.277842 seconds=0.12
epoch=24/80 loss=0.277469 seconds=0.12
epoch=25/80 loss=0.181973 seconds=0.14
epoch=26/80 loss=0.099195 seconds=0.12
epoch=27/80 loss=0.116573 seconds=0.12
epoch=28/80 loss=0.082564 seconds=0.14
epoch=29/80 loss=0.064994 seconds=0.12
epoch=30/80 loss=0.194955 seconds=0.12
epoch=31/80 loss=0.177840 seconds=0.14
epoch=32/80 loss=0.115124 seconds=0.12
epoch=33/80 loss=0.096501 seconds=0.12
epoch=34/80 loss=0.159632 seconds=0.14
epoch=35/80 loss=0.145900 seconds=0.12
epoch=36/80 loss=0.104226 seconds=0.12
epoch=37/80 loss=0.117429 seconds=0.14
epoch=38/80 loss=0.074250 seconds=0.12
epoch=39/80 loss=0.075677 seconds=0.12
epoch=40/80 loss=0.081245 seconds=0.14
epoch=41/80 loss=0.066704 seconds=0.12
epoch=42/80 loss=0.050340 seconds=0.14
epoch=43/80 loss=0.061139 seconds=0.12
epoch=44/80 loss=0.150411 seconds=0.14
epoch=45/80 loss=0.127155 seconds=0.14
epoch=46/80 loss=0.088137 seconds=0.12
epoch=47/80 loss=0.147882 seconds=0.14
epoch=48/80 loss=0.139703 seconds=0.12
epoch=49/80 loss=0.140469 seconds=0.14
epoch=50/80 loss=0.114710 seconds=0.14
epoch=51/80 loss=0.100779 seconds=0.12
epoch=52/80 loss=0.078145 seconds=0.14
epoch=53/80 loss=0.031176 seconds=0.14
epoch=54/80 loss=0.071654 seconds=0.12
epoch=55/80 loss=0.047393 seconds=0.14
epoch=56/80 loss=0.101324 seconds=0.14
epoch=57/80 loss=0.140515 seconds=0.12
epoch=58/80 loss=0.112749 seconds=0.14
epoch=59/80 loss=0.092054 seconds=0.14
epoch=60/80 loss=0.107324 seconds=0.12
epoch=61/80 loss=0.085102 seconds=0.14
epoch=62/80 loss=0.070778 seconds=0.12
epoch=63/80 loss=0.072303 seconds=0.14
epoch=64/80 loss=0.046197 seconds=0.14
epoch=65/80 loss=0.030777 seconds=0.12
epoch=66/80 loss=0.059141 seconds=0.14
epoch=67/80 loss=0.041910 seconds=0.14
epoch=68/80 loss=0.039781 seconds=0.12
epoch=69/80 loss=0.049458 seconds=0.14
epoch=70/80 loss=0.048380 seconds=0.14
epoch=71/80 loss=0.129123 seconds=0.12
epoch=72/80 loss=0.196149 seconds=0.14
epoch=73/80 loss=0.086605 seconds=0.14
epoch=74/80 loss=0.047787 seconds=0.12
epoch=75/80 loss=0.079121 seconds=0.14
epoch=76/80 loss=0.054291 seconds=0.12
epoch=77/80 loss=0.021586 seconds=0.14
epoch=78/80 loss=0.028805 seconds=0.14
epoch=79/80 loss=0.050242 seconds=0.12
epoch=80/80 loss=0.087641 seconds=0.14
fold=1/10 OOF_accuracy=0.733333 OOF_AUC=0.800000
Device=cuda; epochs=80; batch=32; model=PointNetDual
epoch=1/80 loss=0.650722 seconds=0.12
epoch=2/80 loss=0.497750 seconds=0.14
epoch=3/80 loss=0.446176 seconds=0.14
epoch=4/80 loss=0.365953 seconds=0.14
epoch=5/80 loss=0.330932 seconds=0.12
epoch=6/80 loss=0.301971 seconds=0.14
epoch=7/80 loss=0.263579 seconds=0.14
epoch=8/80 loss=0.332481 seconds=0.14
epoch=9/80 loss=0.331989 seconds=0.14
epoch=10/80 loss=0.310868 seconds=0.14
epoch=11/80 loss=0.269506 seconds=0.14
epoch=12/80 loss=0.230075 seconds=0.14
epoch=13/80 loss=0.206543 seconds=0.14
epoch=14/80 loss=0.176722 seconds=0.14
epoch=15/80 loss=0.199303 seconds=0.14
epoch=16/80 loss=0.243858 seconds=0.14
epoch=17/80 loss=0.265537 seconds=0.14
epoch=18/80 loss=0.218425 seconds=0.14
epoch=19/80 loss=0.160438 seconds=0.14
epoch=20/80 loss=0.139066 seconds=0.14
epoch=21/80 loss=0.155443 seconds=0.14
epoch=22/80 loss=0.180333 seconds=0.12
epoch=23/80 loss=0.152404 seconds=0.14
epoch=24/80 loss=0.167739 seconds=0.14
epoch=25/80 loss=0.163424 seconds=0.14
epoch=26/80 loss=0.159908 seconds=0.14
epoch=27/80 loss=0.136146 seconds=0.14
epoch=28/80 loss=0.139409 seconds=0.14
epoch=29/80 loss=0.221404 seconds=0.14
epoch=30/80 loss=0.121390 seconds=0.14
epoch=31/80 loss=0.126578 seconds=0.14
epoch=32/80 loss=0.129670 seconds=0.14
epoch=33/80 loss=0.114949 seconds=0.12
epoch=34/80 loss=0.155236 seconds=0.14
epoch=35/80 loss=0.129372 seconds=0.14
epoch=36/80 loss=0.109223 seconds=0.14
epoch=37/80 loss=0.099016 seconds=0.14
epoch=38/80 loss=0.087245 seconds=0.14
epoch=39/80 loss=0.087889 seconds=0.14
epoch=40/80 loss=0.114891 seconds=0.14
epoch=41/80 loss=0.064173 seconds=0.14
epoch=42/80 loss=0.070410 seconds=0.12
epoch=43/80 loss=0.137024 seconds=0.14
epoch=44/80 loss=0.196048 seconds=0.14
epoch=45/80 loss=0.190682 seconds=0.14
epoch=46/80 loss=0.122579 seconds=0.14
epoch=47/80 loss=0.119633 seconds=0.14
epoch=48/80 loss=0.098427 seconds=0.14
epoch=49/80 loss=0.095500 seconds=0.14
epoch=50/80 loss=0.082402 seconds=0.12
epoch=51/80 loss=0.059205 seconds=0.14
epoch=52/80 loss=0.042949 seconds=0.14
epoch=53/80 loss=0.029827 seconds=0.14
epoch=54/80 loss=0.078849 seconds=0.14
epoch=55/80 loss=0.055890 seconds=0.14
epoch=56/80 loss=0.053635 seconds=0.14
epoch=57/80 loss=0.028627 seconds=0.14
epoch=58/80 loss=0.087855 seconds=0.14
epoch=59/80 loss=0.128118 seconds=0.14
epoch=60/80 loss=0.072450 seconds=0.14
epoch=61/80 loss=0.090203 seconds=0.14
epoch=62/80 loss=0.239800 seconds=0.14
epoch=63/80 loss=0.124627 seconds=0.14
epoch=64/80 loss=0.039473 seconds=0.14
epoch=65/80 loss=0.067288 seconds=0.14
epoch=66/80 loss=0.065797 seconds=0.14
epoch=67/80 loss=0.106140 seconds=0.14
epoch=68/80 loss=0.063699 seconds=0.14
epoch=69/80 loss=0.073515 seconds=0.14
epoch=70/80 loss=0.080564 seconds=0.14
epoch=71/80 loss=0.059451 seconds=0.14
epoch=72/80 loss=0.073734 seconds=0.14
epoch=73/80 loss=0.051958 seconds=0.14
epoch=74/80 loss=0.046266 seconds=0.14
epoch=75/80 loss=0.034200 seconds=0.14
epoch=76/80 loss=0.033069 seconds=0.14
epoch=77/80 loss=0.016048 seconds=0.12
epoch=78/80 loss=0.021791 seconds=0.14
epoch=79/80 loss=0.097220 seconds=0.14
epoch=80/80 loss=0.057082 seconds=0.14
fold=2/10 OOF_accuracy=0.666667 OOF_AUC=0.680000
Device=cuda; epochs=80; batch=32; model=PointNetDual
epoch=1/80 loss=0.654403 seconds=0.16
epoch=2/80 loss=0.467726 seconds=0.14
epoch=3/80 loss=0.425879 seconds=0.14
epoch=4/80 loss=0.336717 seconds=0.14
epoch=5/80 loss=0.315703 seconds=0.14
epoch=6/80 loss=0.271796 seconds=0.12
epoch=7/80 loss=0.263078 seconds=0.14
epoch=8/80 loss=0.274576 seconds=0.14
epoch=9/80 loss=0.356231 seconds=0.14
epoch=10/80 loss=0.232000 seconds=0.14
epoch=11/80 loss=0.189483 seconds=0.14
epoch=12/80 loss=0.196225 seconds=0.14
epoch=13/80 loss=0.208250 seconds=0.14
epoch=14/80 loss=0.189714 seconds=0.14
epoch=15/80 loss=0.243933 seconds=0.14
epoch=16/80 loss=0.190184 seconds=0.12
epoch=17/80 loss=0.156597 seconds=0.14
epoch=18/80 loss=0.159228 seconds=0.14
epoch=19/80 loss=0.233525 seconds=0.14
epoch=20/80 loss=0.159545 seconds=0.14
epoch=21/80 loss=0.200311 seconds=0.14
epoch=22/80 loss=0.199182 seconds=0.14
epoch=23/80 loss=0.164794 seconds=0.14
epoch=24/80 loss=0.135594 seconds=0.14
epoch=25/80 loss=0.163326 seconds=0.12
epoch=26/80 loss=0.169803 seconds=0.12
epoch=27/80 loss=0.125109 seconds=0.14
epoch=28/80 loss=0.137394 seconds=0.14
epoch=29/80 loss=0.103642 seconds=0.14
epoch=30/80 loss=0.096825 seconds=0.14
epoch=31/80 loss=0.130876 seconds=0.14
epoch=32/80 loss=0.161967 seconds=0.14
epoch=33/80 loss=0.094660 seconds=0.14
epoch=34/80 loss=0.094693 seconds=0.14
epoch=35/80 loss=0.110656 seconds=0.14
epoch=36/80 loss=0.075861 seconds=0.14
epoch=37/80 loss=0.055004 seconds=0.14
epoch=38/80 loss=0.085124 seconds=0.14
epoch=39/80 loss=0.118926 seconds=0.14
epoch=40/80 loss=0.173822 seconds=0.14
epoch=41/80 loss=0.186215 seconds=0.12
epoch=42/80 loss=0.145091 seconds=0.14
epoch=43/80 loss=0.122030 seconds=0.14
epoch=44/80 loss=0.077910 seconds=0.14
epoch=45/80 loss=0.077279 seconds=0.14
epoch=46/80 loss=0.084286 seconds=0.14
epoch=47/80 loss=0.043859 seconds=0.14
epoch=48/80 loss=0.053264 seconds=0.14
epoch=49/80 loss=0.092529 seconds=0.14
epoch=50/80 loss=0.097348 seconds=0.14
epoch=51/80 loss=0.142967 seconds=0.14
epoch=52/80 loss=0.125759 seconds=0.14
epoch=53/80 loss=0.057700 seconds=0.14
epoch=54/80 loss=0.154833 seconds=0.14
epoch=55/80 loss=0.078118 seconds=0.14
epoch=56/80 loss=0.154603 seconds=0.14
epoch=57/80 loss=0.092944 seconds=0.14
epoch=58/80 loss=0.086419 seconds=0.14
epoch=59/80 loss=0.081547 seconds=0.14
epoch=60/80 loss=0.057608 seconds=0.12
epoch=61/80 loss=0.026758 seconds=0.14
epoch=62/80 loss=0.039231 seconds=0.14
epoch=63/80 loss=0.021477 seconds=0.14
epoch=64/80 loss=0.056220 seconds=0.14
epoch=65/80 loss=0.063503 seconds=0.14
epoch=66/80 loss=0.022728 seconds=0.14
epoch=67/80 loss=0.056489 seconds=0.14
epoch=68/80 loss=0.027198 seconds=0.14
epoch=69/80 loss=0.027428 seconds=0.14
epoch=70/80 loss=0.028737 seconds=0.14
epoch=71/80 loss=0.046597 seconds=0.14
epoch=72/80 loss=0.120564 seconds=0.12
epoch=73/80 loss=0.111109 seconds=0.12
epoch=74/80 loss=0.141744 seconds=0.14
epoch=75/80 loss=0.045212 seconds=0.14
epoch=76/80 loss=0.042310 seconds=0.14
epoch=77/80 loss=0.064919 seconds=0.14
epoch=78/80 loss=0.034645 seconds=0.14
epoch=79/80 loss=0.054124 seconds=0.14
epoch=80/80 loss=0.065306 seconds=0.14
fold=3/10 OOF_accuracy=0.866667 OOF_AUC=0.933014
Device=cuda; epochs=80; batch=32; model=PointNetDual
epoch=1/80 loss=0.623273 seconds=0.14
epoch=2/80 loss=0.463701 seconds=0.14
epoch=3/80 loss=0.366088 seconds=0.14
epoch=4/80 loss=0.326816 seconds=0.14
epoch=5/80 loss=0.300923 seconds=0.14
epoch=6/80 loss=0.271961 seconds=0.14
epoch=7/80 loss=0.254260 seconds=0.12
epoch=8/80 loss=0.331040 seconds=0.14
epoch=9/80 loss=0.266405 seconds=0.14
epoch=10/80 loss=0.246478 seconds=0.14
epoch=11/80 loss=0.201887 seconds=0.14
epoch=12/80 loss=0.217680 seconds=0.14
epoch=13/80 loss=0.193992 seconds=0.14
epoch=14/80 loss=0.179899 seconds=0.14
epoch=15/80 loss=0.172942 seconds=0.14
epoch=16/80 loss=0.232540 seconds=0.14
epoch=17/80 loss=0.188116 seconds=0.14
epoch=18/80 loss=0.229386 seconds=0.14
epoch=19/80 loss=0.180680 seconds=0.14
epoch=20/80 loss=0.207864 seconds=0.14
epoch=21/80 loss=0.137498 seconds=0.14
epoch=22/80 loss=0.176406 seconds=0.14
epoch=23/80 loss=0.194629 seconds=0.14
epoch=24/80 loss=0.225254 seconds=0.14
epoch=25/80 loss=0.185768 seconds=0.12
epoch=26/80 loss=0.165060 seconds=0.14
epoch=27/80 loss=0.148789 seconds=0.14
epoch=28/80 loss=0.155701 seconds=0.14
epoch=29/80 loss=0.167278 seconds=0.14
epoch=30/80 loss=0.116679 seconds=0.14
epoch=31/80 loss=0.091008 seconds=0.14
epoch=32/80 loss=0.136099 seconds=0.14
epoch=33/80 loss=0.080860 seconds=0.14
epoch=34/80 loss=0.114658 seconds=0.14
epoch=35/80 loss=0.088674 seconds=0.14
epoch=36/80 loss=0.098192 seconds=0.14
epoch=37/80 loss=0.113277 seconds=0.12
epoch=38/80 loss=0.082423 seconds=0.14
epoch=39/80 loss=0.053805 seconds=0.14
epoch=40/80 loss=0.124329 seconds=0.14
epoch=41/80 loss=0.118140 seconds=0.14
epoch=42/80 loss=0.097887 seconds=0.14
epoch=43/80 loss=0.132504 seconds=0.14
epoch=44/80 loss=0.158326 seconds=0.14
epoch=45/80 loss=0.135558 seconds=0.14
epoch=46/80 loss=0.060604 seconds=0.14
epoch=47/80 loss=0.052702 seconds=0.14
epoch=48/80 loss=0.034845 seconds=0.14
epoch=49/80 loss=0.040698 seconds=0.14
epoch=50/80 loss=0.034229 seconds=0.14
epoch=51/80 loss=0.093324 seconds=0.14
epoch=52/80 loss=0.242779 seconds=0.12
epoch=53/80 loss=0.251383 seconds=0.16
epoch=54/80 loss=0.197687 seconds=0.12
epoch=55/80 loss=0.129455 seconds=0.14
epoch=56/80 loss=0.171330 seconds=0.12
epoch=57/80 loss=0.155167 seconds=0.14
epoch=58/80 loss=0.118408 seconds=0.14
epoch=59/80 loss=0.106628 seconds=0.14
epoch=60/80 loss=0.046399 seconds=0.12
epoch=61/80 loss=0.056193 seconds=0.14
epoch=62/80 loss=0.043896 seconds=0.14
epoch=63/80 loss=0.032173 seconds=0.12
epoch=64/80 loss=0.022790 seconds=0.14
epoch=65/80 loss=0.038266 seconds=0.14
epoch=66/80 loss=0.068880 seconds=0.12
epoch=67/80 loss=0.041118 seconds=0.14
epoch=68/80 loss=0.035809 seconds=0.14
epoch=69/80 loss=0.038818 seconds=0.12
epoch=70/80 loss=0.069762 seconds=0.14
epoch=71/80 loss=0.049351 seconds=0.14
epoch=72/80 loss=0.089093 seconds=0.12
epoch=73/80 loss=0.064816 seconds=0.14
epoch=74/80 loss=0.052779 seconds=0.14
epoch=75/80 loss=0.108636 seconds=0.12
epoch=76/80 loss=0.142445 seconds=0.14
epoch=77/80 loss=0.131897 seconds=0.14
epoch=78/80 loss=0.072032 seconds=0.14
epoch=79/80 loss=0.102558 seconds=0.12
epoch=80/80 loss=0.043159 seconds=0.14
fold=4/10 OOF_accuracy=0.700000 OOF_AUC=0.789474
Device=cuda; epochs=80; batch=32; model=PointNetDual
epoch=1/80 loss=0.615072 seconds=0.14
epoch=2/80 loss=0.455689 seconds=0.14
epoch=3/80 loss=0.400893 seconds=0.12
epoch=4/80 loss=0.308028 seconds=0.14
epoch=5/80 loss=0.320214 seconds=0.14
epoch=6/80 loss=0.343719 seconds=0.12
epoch=7/80 loss=0.324450 seconds=0.14
epoch=8/80 loss=0.279786 seconds=0.14
epoch=9/80 loss=0.239521 seconds=0.12
epoch=10/80 loss=0.181012 seconds=0.14
epoch=11/80 loss=0.168180 seconds=0.14
epoch=12/80 loss=0.228425 seconds=0.14
epoch=13/80 loss=0.236019 seconds=0.12
epoch=14/80 loss=0.170001 seconds=0.14
epoch=15/80 loss=0.169019 seconds=0.14
epoch=16/80 loss=0.144904 seconds=0.14
epoch=17/80 loss=0.160800 seconds=0.12
epoch=18/80 loss=0.133036 seconds=0.14
epoch=19/80 loss=0.151568 seconds=0.12
epoch=20/80 loss=0.155779 seconds=0.14
epoch=21/80 loss=0.297993 seconds=0.14
epoch=22/80 loss=0.259732 seconds=0.14
epoch=23/80 loss=0.187866 seconds=0.12
epoch=24/80 loss=0.133857 seconds=0.14
epoch=25/80 loss=0.132302 seconds=0.14
epoch=26/80 loss=0.080580 seconds=0.14
epoch=27/80 loss=0.093928 seconds=0.12
epoch=28/80 loss=0.126174 seconds=0.14
epoch=29/80 loss=0.101784 seconds=0.14
epoch=30/80 loss=0.121247 seconds=0.12
epoch=31/80 loss=0.130059 seconds=0.14
epoch=32/80 loss=0.228435 seconds=0.14
epoch=33/80 loss=0.162112 seconds=0.12
epoch=34/80 loss=0.129412 seconds=0.14
epoch=35/80 loss=0.129599 seconds=0.14
epoch=36/80 loss=0.087013 seconds=0.14
epoch=37/80 loss=0.099695 seconds=0.14
epoch=38/80 loss=0.048570 seconds=0.12
epoch=39/80 loss=0.032098 seconds=0.14
epoch=40/80 loss=0.047816 seconds=0.14
epoch=41/80 loss=0.073586 seconds=0.14
epoch=42/80 loss=0.114890 seconds=0.12
epoch=43/80 loss=0.100337 seconds=0.14
epoch=44/80 loss=0.083891 seconds=0.14
epoch=45/80 loss=0.167850 seconds=0.12
epoch=46/80 loss=0.121122 seconds=0.14
epoch=47/80 loss=0.062863 seconds=0.14
epoch=48/80 loss=0.070258 seconds=0.14
epoch=49/80 loss=0.161678 seconds=0.12
epoch=50/80 loss=0.080756 seconds=0.14
epoch=51/80 loss=0.087861 seconds=0.14
epoch=52/80 loss=0.058586 seconds=0.12
epoch=53/80 loss=0.031717 seconds=0.14
epoch=54/80 loss=0.058542 seconds=0.14
epoch=55/80 loss=0.037590 seconds=0.14
epoch=56/80 loss=0.087794 seconds=0.12
epoch=57/80 loss=0.080227 seconds=0.14
epoch=58/80 loss=0.077145 seconds=0.14
epoch=59/80 loss=0.058762 seconds=0.12
epoch=60/80 loss=0.050281 seconds=0.14
epoch=61/80 loss=0.075630 seconds=0.14
epoch=62/80 loss=0.052198 seconds=0.12
epoch=63/80 loss=0.068758 seconds=0.14
epoch=64/80 loss=0.059592 seconds=0.14
epoch=65/80 loss=0.045523 seconds=0.12
epoch=66/80 loss=0.058957 seconds=0.14
epoch=67/80 loss=0.036324 seconds=0.14
epoch=68/80 loss=0.047345 seconds=0.14
epoch=69/80 loss=0.044365 seconds=0.12
epoch=70/80 loss=0.011914 seconds=0.14
epoch=71/80 loss=0.010297 seconds=0.14
epoch=72/80 loss=0.046168 seconds=0.12
epoch=73/80 loss=0.099142 seconds=0.14
epoch=74/80 loss=0.090591 seconds=0.14
epoch=75/80 loss=0.149456 seconds=0.12
epoch=76/80 loss=0.078289 seconds=0.14
epoch=77/80 loss=0.034515 seconds=0.14
epoch=78/80 loss=0.025885 seconds=0.14
epoch=79/80 loss=0.062098 seconds=0.12
epoch=80/80 loss=0.079295 seconds=0.14
fold=5/10 OOF_accuracy=0.666667 OOF_AUC=0.717703
Device=cuda; epochs=80; batch=32; model=PointNetDual
epoch=1/80 loss=0.615493 seconds=0.14
epoch=2/80 loss=0.527288 seconds=0.14
epoch=3/80 loss=0.506577 seconds=0.14
epoch=4/80 loss=0.354178 seconds=0.14
epoch=5/80 loss=0.279927 seconds=0.12
epoch=6/80 loss=0.286078 seconds=0.14
epoch=7/80 loss=0.221760 seconds=0.14
epoch=8/80 loss=0.362963 seconds=0.14
epoch=9/80 loss=0.311477 seconds=0.12
epoch=10/80 loss=0.240372 seconds=0.14
epoch=11/80 loss=0.245313 seconds=0.14
epoch=12/80 loss=0.244975 seconds=0.12
epoch=13/80 loss=0.239854 seconds=0.14
epoch=14/80 loss=0.168128 seconds=0.12
epoch=15/80 loss=0.207781 seconds=0.14
epoch=16/80 loss=0.184183 seconds=0.14
epoch=17/80 loss=0.216138 seconds=0.14
epoch=18/80 loss=0.173181 seconds=0.12
epoch=19/80 loss=0.187067 seconds=0.14
epoch=20/80 loss=0.208744 seconds=0.14
epoch=21/80 loss=0.131919 seconds=0.12
epoch=22/80 loss=0.164124 seconds=0.14
epoch=23/80 loss=0.223354 seconds=0.14
epoch=24/80 loss=0.203468 seconds=0.12
epoch=25/80 loss=0.193809 seconds=0.14
epoch=26/80 loss=0.133900 seconds=0.14
epoch=27/80 loss=0.116169 seconds=0.12
epoch=28/80 loss=0.086595 seconds=0.14
epoch=29/80 loss=0.113879 seconds=0.14
epoch=30/80 loss=0.139915 seconds=0.14
epoch=31/80 loss=0.154922 seconds=0.14
epoch=32/80 loss=0.120357 seconds=0.14
epoch=33/80 loss=0.105794 seconds=0.14
epoch=34/80 loss=0.136830 seconds=0.14
epoch=35/80 loss=0.172839 seconds=0.14
epoch=36/80 loss=0.111992 seconds=0.14
epoch=37/80 loss=0.095345 seconds=0.12
epoch=38/80 loss=0.117710 seconds=0.14
epoch=39/80 loss=0.120593 seconds=0.14
epoch=40/80 loss=0.115464 seconds=0.14
epoch=41/80 loss=0.163121 seconds=0.12
epoch=42/80 loss=0.086637 seconds=0.14
epoch=43/80 loss=0.086605 seconds=0.14
epoch=44/80 loss=0.106245 seconds=0.12
epoch=45/80 loss=0.148404 seconds=0.14
epoch=46/80 loss=0.147844 seconds=0.14
epoch=47/80 loss=0.102890 seconds=0.12
epoch=48/80 loss=0.096398 seconds=0.14
epoch=49/80 loss=0.098174 seconds=0.14
epoch=50/80 loss=0.074886 seconds=0.14
epoch=51/80 loss=0.074023 seconds=0.14
epoch=52/80 loss=0.078037 seconds=0.12
epoch=53/80 loss=0.047616 seconds=0.14
epoch=54/80 loss=0.090089 seconds=0.14
epoch=55/80 loss=0.115955 seconds=0.14
epoch=56/80 loss=0.096203 seconds=0.14
epoch=57/80 loss=0.048539 seconds=0.12
epoch=58/80 loss=0.089040 seconds=0.14
epoch=59/80 loss=0.151563 seconds=0.14
epoch=60/80 loss=0.210532 seconds=0.14
epoch=61/80 loss=0.097738 seconds=0.14
epoch=62/80 loss=0.138210 seconds=0.14
epoch=63/80 loss=0.132861 seconds=0.14
epoch=64/80 loss=0.065076 seconds=0.12
epoch=65/80 loss=0.069048 seconds=0.14
epoch=66/80 loss=0.067518 seconds=0.14
epoch=67/80 loss=0.042790 seconds=0.14
epoch=68/80 loss=0.072755 seconds=0.14
epoch=69/80 loss=0.044586 seconds=0.12
epoch=70/80 loss=0.056542 seconds=0.14
epoch=71/80 loss=0.022874 seconds=0.14
epoch=72/80 loss=0.053354 seconds=0.14
epoch=73/80 loss=0.074485 seconds=0.12
epoch=74/80 loss=0.077543 seconds=0.14
epoch=75/80 loss=0.105688 seconds=0.14
epoch=76/80 loss=0.045223 seconds=0.12
epoch=77/80 loss=0.052276 seconds=0.14
epoch=78/80 loss=0.038906 seconds=0.14
epoch=79/80 loss=0.069056 seconds=0.12
epoch=80/80 loss=0.015861 seconds=0.14
fold=6/10 OOF_accuracy=0.700000 OOF_AUC=0.842105
Device=cuda; epochs=80; batch=32; model=PointNetDual
epoch=1/80 loss=0.676663 seconds=0.14
epoch=2/80 loss=0.461025 seconds=0.12
epoch=3/80 loss=0.382769 seconds=0.14
epoch=4/80 loss=0.320670 seconds=0.14
epoch=5/80 loss=0.330147 seconds=0.14
epoch=6/80 loss=0.261640 seconds=0.12
epoch=7/80 loss=0.219804 seconds=0.14
epoch=8/80 loss=0.246428 seconds=0.14
epoch=9/80 loss=0.233001 seconds=0.14
epoch=10/80 loss=0.264794 seconds=0.12
epoch=11/80 loss=0.224093 seconds=0.14
epoch=12/80 loss=0.192015 seconds=0.14
epoch=13/80 loss=0.125901 seconds=0.14
epoch=14/80 loss=0.165450 seconds=0.14
epoch=15/80 loss=0.174858 seconds=0.12
epoch=16/80 loss=0.149472 seconds=0.14
epoch=17/80 loss=0.259589 seconds=0.14
epoch=18/80 loss=0.272589 seconds=0.12
epoch=19/80 loss=0.219280 seconds=0.14
epoch=20/80 loss=0.178967 seconds=0.14
epoch=21/80 loss=0.159853 seconds=0.14
epoch=22/80 loss=0.105749 seconds=0.14
epoch=23/80 loss=0.106820 seconds=0.12
epoch=24/80 loss=0.095734 seconds=0.14
epoch=25/80 loss=0.114265 seconds=0.14
epoch=26/80 loss=0.162120 seconds=0.14
epoch=27/80 loss=0.162061 seconds=0.12
epoch=28/80 loss=0.191585 seconds=0.14
epoch=29/80 loss=0.195419 seconds=0.14
epoch=30/80 loss=0.164753 seconds=0.14
epoch=31/80 loss=0.101615 seconds=0.14
epoch=32/80 loss=0.204782 seconds=0.14
epoch=33/80 loss=0.129258 seconds=0.14
epoch=34/80 loss=0.115167 seconds=0.14
epoch=35/80 loss=0.064388 seconds=0.14
epoch=36/80 loss=0.091007 seconds=0.14
epoch=37/80 loss=0.055638 seconds=0.14
epoch=38/80 loss=0.060493 seconds=0.12
epoch=39/80 loss=0.090482 seconds=0.14
epoch=40/80 loss=0.093846 seconds=0.14
epoch=41/80 loss=0.140645 seconds=0.14
epoch=42/80 loss=0.098330 seconds=0.14
epoch=43/80 loss=0.134761 seconds=0.14
epoch=44/80 loss=0.079407 seconds=0.14
epoch=45/80 loss=0.077498 seconds=0.14
epoch=46/80 loss=0.071343 seconds=0.14
epoch=47/80 loss=0.044938 seconds=0.14
epoch=48/80 loss=0.120128 seconds=0.14
epoch=49/80 loss=0.126200 seconds=0.14
epoch=50/80 loss=0.170989 seconds=0.14
epoch=51/80 loss=0.081227 seconds=0.12
epoch=52/80 loss=0.083312 seconds=0.14
epoch=53/80 loss=0.047052 seconds=0.14
epoch=54/80 loss=0.048021 seconds=0.14
epoch=55/80 loss=0.029699 seconds=0.14
epoch=56/80 loss=0.082584 seconds=0.14
epoch=57/80 loss=0.099029 seconds=0.14
epoch=58/80 loss=0.103011 seconds=0.14
epoch=59/80 loss=0.088097 seconds=0.14
epoch=60/80 loss=0.059419 seconds=0.14
epoch=61/80 loss=0.060690 seconds=0.14
epoch=62/80 loss=0.062811 seconds=0.14
epoch=63/80 loss=0.075371 seconds=0.12
epoch=64/80 loss=0.061367 seconds=0.14
epoch=65/80 loss=0.079484 seconds=0.14
epoch=66/80 loss=0.049151 seconds=0.14
epoch=67/80 loss=0.018449 seconds=0.14
epoch=68/80 loss=0.112908 seconds=0.14
epoch=69/80 loss=0.155468 seconds=0.14
epoch=70/80 loss=0.118357 seconds=0.14
epoch=71/80 loss=0.109174 seconds=0.14
epoch=72/80 loss=0.127377 seconds=0.14
epoch=73/80 loss=0.071600 seconds=0.14
epoch=74/80 loss=0.152613 seconds=0.14
epoch=75/80 loss=0.115004 seconds=0.14
epoch=76/80 loss=0.056014 seconds=0.14
epoch=77/80 loss=0.050094 seconds=0.14
epoch=78/80 loss=0.055283 seconds=0.14
epoch=79/80 loss=0.082594 seconds=0.14
epoch=80/80 loss=0.046726 seconds=0.12
fold=7/10 OOF_accuracy=0.666667 OOF_AUC=0.693780
Device=cuda; epochs=80; batch=32; model=PointNetDual
epoch=1/80 loss=0.701251 seconds=0.14
epoch=2/80 loss=0.534443 seconds=0.14
epoch=3/80 loss=0.432925 seconds=0.14
epoch=4/80 loss=0.331814 seconds=0.14
epoch=5/80 loss=0.304474 seconds=0.14
epoch=6/80 loss=0.303590 seconds=0.14
epoch=7/80 loss=0.316703 seconds=0.14
epoch=8/80 loss=0.325911 seconds=0.14
epoch=9/80 loss=0.277935 seconds=0.14
epoch=10/80 loss=0.217360 seconds=0.14
epoch=11/80 loss=0.222368 seconds=0.14
epoch=12/80 loss=0.226348 seconds=0.14
epoch=13/80 loss=0.209095 seconds=0.14
epoch=14/80 loss=0.226758 seconds=0.14
epoch=15/80 loss=0.179602 seconds=0.14
epoch=16/80 loss=0.206778 seconds=0.14
epoch=17/80 loss=0.165646 seconds=0.14
epoch=18/80 loss=0.136864 seconds=0.14
epoch=19/80 loss=0.156598 seconds=0.14
epoch=20/80 loss=0.150940 seconds=0.14
epoch=21/80 loss=0.191778 seconds=0.14
epoch=22/80 loss=0.224875 seconds=0.14
epoch=23/80 loss=0.171944 seconds=0.12
epoch=24/80 loss=0.137121 seconds=0.14
epoch=25/80 loss=0.132039 seconds=0.14
epoch=26/80 loss=0.169622 seconds=0.14
epoch=27/80 loss=0.150926 seconds=0.14
epoch=28/80 loss=0.134117 seconds=0.14
epoch=29/80 loss=0.157409 seconds=0.14
epoch=30/80 loss=0.137220 seconds=0.14
epoch=31/80 loss=0.094406 seconds=0.14
epoch=32/80 loss=0.167701 seconds=0.14
epoch=33/80 loss=0.083302 seconds=0.14
epoch=34/80 loss=0.131315 seconds=0.14
epoch=35/80 loss=0.109177 seconds=0.14
epoch=36/80 loss=0.116949 seconds=0.14
epoch=37/80 loss=0.075256 seconds=0.14
epoch=38/80 loss=0.057414 seconds=0.14
epoch=39/80 loss=0.087123 seconds=0.14
epoch=40/80 loss=0.086759 seconds=0.12
epoch=41/80 loss=0.180797 seconds=0.16
epoch=42/80 loss=0.164487 seconds=0.14
epoch=43/80 loss=0.140727 seconds=0.14
epoch=44/80 loss=0.149663 seconds=0.12
epoch=45/80 loss=0.173162 seconds=0.14
epoch=46/80 loss=0.072440 seconds=0.14
epoch=47/80 loss=0.087490 seconds=0.14
epoch=48/80 loss=0.138916 seconds=0.14
epoch=49/80 loss=0.099260 seconds=0.14
epoch=50/80 loss=0.060764 seconds=0.14
epoch=51/80 loss=0.085768 seconds=0.14
epoch=52/80 loss=0.098399 seconds=0.14
epoch=53/80 loss=0.081650 seconds=0.12
epoch=54/80 loss=0.106329 seconds=0.14
epoch=55/80 loss=0.049668 seconds=0.14
epoch=56/80 loss=0.090790 seconds=0.14
epoch=57/80 loss=0.100142 seconds=0.14
epoch=58/80 loss=0.114457 seconds=0.14
epoch=59/80 loss=0.106795 seconds=0.14
epoch=60/80 loss=0.066596 seconds=0.14
epoch=61/80 loss=0.081549 seconds=0.14
epoch=62/80 loss=0.102551 seconds=0.14
epoch=63/80 loss=0.070311 seconds=0.12
epoch=64/80 loss=0.055299 seconds=0.14
epoch=65/80 loss=0.051299 seconds=0.14
epoch=66/80 loss=0.041970 seconds=0.14
epoch=67/80 loss=0.072411 seconds=0.14
epoch=68/80 loss=0.086186 seconds=0.14
epoch=69/80 loss=0.060805 seconds=0.14
epoch=70/80 loss=0.066721 seconds=0.14
epoch=71/80 loss=0.040130 seconds=0.14
epoch=72/80 loss=0.080809 seconds=0.14
epoch=73/80 loss=0.098350 seconds=0.14
epoch=74/80 loss=0.078496 seconds=0.14
epoch=75/80 loss=0.056585 seconds=0.12
epoch=76/80 loss=0.081385 seconds=0.14
epoch=77/80 loss=0.100689 seconds=0.14
epoch=78/80 loss=0.058712 seconds=0.14
epoch=79/80 loss=0.075438 seconds=0.14
epoch=80/80 loss=0.070383 seconds=0.14
fold=8/10 OOF_accuracy=0.733333 OOF_AUC=0.765550
Device=cuda; epochs=80; batch=32; model=PointNetDual
epoch=1/80 loss=0.641599 seconds=0.14
epoch=2/80 loss=0.470529 seconds=0.14
epoch=3/80 loss=0.406872 seconds=0.14
epoch=4/80 loss=0.345280 seconds=0.14
epoch=5/80 loss=0.292977 seconds=0.14
epoch=6/80 loss=0.308190 seconds=0.14
epoch=7/80 loss=0.220307 seconds=0.14
epoch=8/80 loss=0.302625 seconds=0.14
epoch=9/80 loss=0.258097 seconds=0.14
epoch=10/80 loss=0.189830 seconds=0.14
epoch=11/80 loss=0.213421 seconds=0.14
epoch=12/80 loss=0.220791 seconds=0.14
epoch=13/80 loss=0.145677 seconds=0.14
epoch=14/80 loss=0.108057 seconds=0.12
epoch=15/80 loss=0.192797 seconds=0.14
epoch=16/80 loss=0.176890 seconds=0.14
epoch=17/80 loss=0.205258 seconds=0.14
epoch=18/80 loss=0.220758 seconds=0.14
epoch=19/80 loss=0.253934 seconds=0.14
epoch=20/80 loss=0.181206 seconds=0.14
epoch=21/80 loss=0.182601 seconds=0.14
epoch=22/80 loss=0.163663 seconds=0.14
epoch=23/80 loss=0.122309 seconds=0.14
epoch=24/80 loss=0.119383 seconds=0.14
epoch=25/80 loss=0.128510 seconds=0.14
epoch=26/80 loss=0.184094 seconds=0.12
epoch=27/80 loss=0.104176 seconds=0.14
epoch=28/80 loss=0.104208 seconds=0.14
epoch=29/80 loss=0.153831 seconds=0.14
epoch=30/80 loss=0.124488 seconds=0.14
epoch=31/80 loss=0.103963 seconds=0.14
epoch=32/80 loss=0.174371 seconds=0.14
epoch=33/80 loss=0.121394 seconds=0.14
epoch=34/80 loss=0.109787 seconds=0.14
epoch=35/80 loss=0.080695 seconds=0.14
epoch=36/80 loss=0.053582 seconds=0.12
epoch=37/80 loss=0.121734 seconds=0.14
epoch=38/80 loss=0.100170 seconds=0.14
epoch=39/80 loss=0.079314 seconds=0.14
epoch=40/80 loss=0.052090 seconds=0.14
epoch=41/80 loss=0.082086 seconds=0.14
epoch=42/80 loss=0.060736 seconds=0.14
epoch=43/80 loss=0.123155 seconds=0.14
epoch=44/80 loss=0.139611 seconds=0.14
epoch=45/80 loss=0.147856 seconds=0.14
epoch=46/80 loss=0.164479 seconds=0.14
epoch=47/80 loss=0.101763 seconds=0.14
epoch=48/80 loss=0.098510 seconds=0.14
epoch=49/80 loss=0.058970 seconds=0.14
epoch=50/80 loss=0.059327 seconds=0.14
epoch=51/80 loss=0.035647 seconds=0.14
epoch=52/80 loss=0.040501 seconds=0.14
epoch=53/80 loss=0.073457 seconds=0.14
epoch=54/80 loss=0.053796 seconds=0.14
epoch=55/80 loss=0.063209 seconds=0.14
epoch=56/80 loss=0.089743 seconds=0.14
epoch=57/80 loss=0.075320 seconds=0.12
epoch=58/80 loss=0.085554 seconds=0.14
epoch=59/80 loss=0.121086 seconds=0.14
epoch=60/80 loss=0.102354 seconds=0.14
epoch=61/80 loss=0.058219 seconds=0.14
epoch=62/80 loss=0.053668 seconds=0.14
epoch=63/80 loss=0.025277 seconds=0.14
epoch=64/80 loss=0.030476 seconds=0.14
epoch=65/80 loss=0.050603 seconds=0.12
epoch=66/80 loss=0.045351 seconds=0.14
epoch=67/80 loss=0.030698 seconds=0.14
epoch=68/80 loss=0.031493 seconds=0.14
epoch=69/80 loss=0.042038 seconds=0.14
epoch=70/80 loss=0.022350 seconds=0.14
epoch=71/80 loss=0.056986 seconds=0.14
epoch=72/80 loss=0.123408 seconds=0.14
epoch=73/80 loss=0.132754 seconds=0.14
epoch=74/80 loss=0.108579 seconds=0.14
epoch=75/80 loss=0.065166 seconds=0.14
epoch=76/80 loss=0.044515 seconds=0.14
epoch=77/80 loss=0.059365 seconds=0.14
epoch=78/80 loss=0.030862 seconds=0.14
epoch=79/80 loss=0.028160 seconds=0.14
epoch=80/80 loss=0.019064 seconds=0.12
fold=9/10 OOF_accuracy=0.633333 OOF_AUC=0.602871
Device=cuda; epochs=80; batch=32; model=PointNetDual
epoch=1/80 loss=0.635731 seconds=0.14
epoch=2/80 loss=0.475520 seconds=0.14
epoch=3/80 loss=0.389525 seconds=0.12
epoch=4/80 loss=0.360612 seconds=0.14
epoch=5/80 loss=0.355769 seconds=0.14
epoch=6/80 loss=0.287916 seconds=0.12
epoch=7/80 loss=0.265191 seconds=0.14
epoch=8/80 loss=0.243330 seconds=0.14
epoch=9/80 loss=0.243011 seconds=0.12
epoch=10/80 loss=0.235752 seconds=0.14
epoch=11/80 loss=0.235024 seconds=0.12
epoch=12/80 loss=0.207385 seconds=0.14
epoch=13/80 loss=0.148184 seconds=0.14
epoch=14/80 loss=0.169404 seconds=0.12
epoch=15/80 loss=0.153485 seconds=0.14
epoch=16/80 loss=0.163783 seconds=0.14
epoch=17/80 loss=0.190504 seconds=0.12
epoch=18/80 loss=0.254350 seconds=0.14
epoch=19/80 loss=0.153438 seconds=0.14
epoch=20/80 loss=0.101686 seconds=0.14
epoch=21/80 loss=0.160242 seconds=0.14
epoch=22/80 loss=0.166338 seconds=0.12
epoch=23/80 loss=0.173217 seconds=0.14
epoch=24/80 loss=0.147222 seconds=0.14
epoch=25/80 loss=0.122356 seconds=0.14
epoch=26/80 loss=0.146272 seconds=0.12
epoch=27/80 loss=0.082925 seconds=0.14
epoch=28/80 loss=0.119152 seconds=0.14
epoch=29/80 loss=0.244313 seconds=0.14
epoch=30/80 loss=0.202779 seconds=0.12
epoch=31/80 loss=0.233693 seconds=0.14
epoch=32/80 loss=0.205100 seconds=0.14
epoch=33/80 loss=0.143739 seconds=0.12
epoch=34/80 loss=0.148113 seconds=0.14
epoch=35/80 loss=0.116688 seconds=0.14
epoch=36/80 loss=0.065894 seconds=0.12
epoch=37/80 loss=0.047278 seconds=0.14
epoch=38/80 loss=0.066702 seconds=0.14
epoch=39/80 loss=0.060237 seconds=0.12
epoch=40/80 loss=0.072096 seconds=0.14
epoch=41/80 loss=0.070566 seconds=0.14
epoch=42/80 loss=0.105023 seconds=0.12
epoch=43/80 loss=0.084806 seconds=0.14
epoch=44/80 loss=0.069139 seconds=0.14
epoch=45/80 loss=0.156989 seconds=0.12
epoch=46/80 loss=0.136095 seconds=0.14
epoch=47/80 loss=0.115109 seconds=0.14
epoch=48/80 loss=0.104478 seconds=0.12
epoch=49/80 loss=0.088233 seconds=0.14
epoch=50/80 loss=0.090207 seconds=0.14
epoch=51/80 loss=0.089149 seconds=0.14
epoch=52/80 loss=0.085204 seconds=0.12
epoch=53/80 loss=0.069369 seconds=0.14
epoch=54/80 loss=0.145678 seconds=0.14
epoch=55/80 loss=0.074891 seconds=0.12
epoch=56/80 loss=0.105183 seconds=0.14
epoch=57/80 loss=0.109950 seconds=0.14
epoch=58/80 loss=0.131076 seconds=0.12
epoch=59/80 loss=0.104128 seconds=0.14
epoch=60/80 loss=0.045891 seconds=0.14
epoch=61/80 loss=0.083724 seconds=0.12
epoch=62/80 loss=0.063748 seconds=0.14
epoch=63/80 loss=0.041485 seconds=0.14
epoch=64/80 loss=0.054386 seconds=0.12
epoch=65/80 loss=0.080046 seconds=0.14
epoch=66/80 loss=0.063460 seconds=0.14
epoch=67/80 loss=0.056196 seconds=0.12
epoch=68/80 loss=0.060169 seconds=0.14
epoch=69/80 loss=0.043507 seconds=0.14
epoch=70/80 loss=0.040515 seconds=0.12
epoch=71/80 loss=0.049261 seconds=0.14
epoch=72/80 loss=0.080333 seconds=0.14
epoch=73/80 loss=0.068337 seconds=0.12
epoch=74/80 loss=0.054216 seconds=0.14
epoch=75/80 loss=0.080128 seconds=0.14
epoch=76/80 loss=0.056602 seconds=0.12
epoch=77/80 loss=0.054355 seconds=0.14
epoch=78/80 loss=0.044738 seconds=0.14
epoch=79/80 loss=0.044348 seconds=0.12
epoch=80/80 loss=0.048276 seconds=0.14
fold=10/10 OOF_accuracy=0.666667 OOF_AUC=0.660287
Device=cuda; epochs=80; batch=32; model=PointNetDual
epoch=1/80 loss=0.716470 seconds=0.16
epoch=2/80 loss=0.495314 seconds=0.16
epoch=3/80 loss=0.427673 seconds=0.14
epoch=4/80 loss=0.398652 seconds=0.16
epoch=5/80 loss=0.381697 seconds=0.14
epoch=6/80 loss=0.300965 seconds=0.16
epoch=7/80 loss=0.271721 seconds=0.16
epoch=8/80 loss=0.311266 seconds=0.16
epoch=9/80 loss=0.301149 seconds=0.16
epoch=10/80 loss=0.276452 seconds=0.14
epoch=11/80 loss=0.219563 seconds=0.17
epoch=12/80 loss=0.277847 seconds=0.14
epoch=13/80 loss=0.253710 seconds=0.16
epoch=14/80 loss=0.237359 seconds=0.16
epoch=15/80 loss=0.209662 seconds=0.14
epoch=16/80 loss=0.182749 seconds=0.16
epoch=17/80 loss=0.208200 seconds=0.16
epoch=18/80 loss=0.226538 seconds=0.14
epoch=19/80 loss=0.190588 seconds=0.16
epoch=20/80 loss=0.169582 seconds=0.14
epoch=21/80 loss=0.164331 seconds=0.16
epoch=22/80 loss=0.210020 seconds=0.16
epoch=23/80 loss=0.184337 seconds=0.14
epoch=24/80 loss=0.206373 seconds=0.16
epoch=25/80 loss=0.164918 seconds=0.16
epoch=26/80 loss=0.122307 seconds=0.14
epoch=27/80 loss=0.125876 seconds=0.16
epoch=28/80 loss=0.102234 seconds=0.16
epoch=29/80 loss=0.144383 seconds=0.14
epoch=30/80 loss=0.149061 seconds=0.16
epoch=31/80 loss=0.142761 seconds=0.16
epoch=32/80 loss=0.161648 seconds=0.14
epoch=33/80 loss=0.194885 seconds=0.16
epoch=34/80 loss=0.248008 seconds=0.14
epoch=35/80 loss=0.167305 seconds=0.16
epoch=36/80 loss=0.098782 seconds=0.14
epoch=37/80 loss=0.080293 seconds=0.14
epoch=38/80 loss=0.119351 seconds=0.16
epoch=39/80 loss=0.080834 seconds=0.14
epoch=40/80 loss=0.070559 seconds=0.16
epoch=41/80 loss=0.083636 seconds=0.16
epoch=42/80 loss=0.099468 seconds=0.14
epoch=43/80 loss=0.082962 seconds=0.16
epoch=44/80 loss=0.066456 seconds=0.16
epoch=45/80 loss=0.121775 seconds=0.14
epoch=46/80 loss=0.056813 seconds=0.16
epoch=47/80 loss=0.094911 seconds=0.14
epoch=48/80 loss=0.062033 seconds=0.16
epoch=49/80 loss=0.097764 seconds=0.16
epoch=50/80 loss=0.081574 seconds=0.14
epoch=51/80 loss=0.076154 seconds=0.16
epoch=52/80 loss=0.106025 seconds=0.16
epoch=53/80 loss=0.063756 seconds=0.16
epoch=54/80 loss=0.036212 seconds=0.14
epoch=55/80 loss=0.057958 seconds=0.16
epoch=56/80 loss=0.062023 seconds=0.16
epoch=57/80 loss=0.069493 seconds=0.14
epoch=58/80 loss=0.097120 seconds=0.16
epoch=59/80 loss=0.143851 seconds=0.16
epoch=60/80 loss=0.106437 seconds=0.14
epoch=61/80 loss=0.088483 seconds=0.16
epoch=62/80 loss=0.080440 seconds=0.16
epoch=63/80 loss=0.075819 seconds=0.14
epoch=64/80 loss=0.061922 seconds=0.16
epoch=65/80 loss=0.058502 seconds=0.14
epoch=66/80 loss=0.072556 seconds=0.16
epoch=67/80 loss=0.088384 seconds=0.14
epoch=68/80 loss=0.097091 seconds=0.16
epoch=69/80 loss=0.083618 seconds=0.16
epoch=70/80 loss=0.091825 seconds=0.14
epoch=71/80 loss=0.087383 seconds=0.16
epoch=72/80 loss=0.044836 seconds=0.16
epoch=73/80 loss=0.024810 seconds=0.14
epoch=74/80 loss=0.024126 seconds=0.16
epoch=75/80 loss=0.036405 seconds=0.14
epoch=76/80 loss=0.043000 seconds=0.16
epoch=77/80 loss=0.024516 seconds=0.16
epoch=78/80 loss=0.123465 seconds=0.14
epoch=79/80 loss=0.105335 seconds=0.16
epoch=80/80 loss=0.141842 seconds=0.16
{"cv_oof": {"accuracy": 0.7033333333333334, "balanced_accuracy": 0.6872106481481481, "sensitivity": 0.6296296296296297, "specificity": 0.7447916666666666, "f1_macro": 0.6835555555555556, "roc_auc": 0.7391975308641976, "confusion_matrix": [[143, 49], [40, 68]], "classification_report": {"0": {"precision": 0.7814207650273224, "recall": 0.7447916666666666, "f1-score": 0.7626666666666667, "support": 192.0}, "1": {"precision": 0.5811965811965812, "recall": 0.6296296296296297, "f1-score": 0.6044444444444445, "support": 108.0}, "accuracy": 0.7033333333333334, "macro avg": {"precision": 0.6813086731119518, "recall": 0.6872106481481481, "f1-score": 0.6835555555555556, "support": 300.0}, "weighted avg": {"precision": 0.7093400588482556, "recall": 0.7033333333333334, "f1-score": 0.7057066666666667, "support": 300.0}}}, "test": {"accuracy": 0.726027397260274, "balanced_accuracy": 0.6239770867430442, "sensitivity": 0.2692307692307692, "specificity": 0.9787234042553191, "f1_macro": 0.6165966386554622, "roc_auc": 0.7618657937806874, "confusion_matrix": [[46, 1], [19, 7]], "classification_report": {"0": {"precision": 0.7076923076923077, "recall": 0.9787234042553191, "f1-score": 0.8214285714285714, "support": 47.0}, "1": {"precision": 0.875, "recall": 0.2692307692307692, "f1-score": 0.4117647058823529, "support": 26.0}, "accuracy": 0.726027397260274, "macro avg": {"precision": 0.7913461538461539, "recall": 0.6239770867430442, "f1-score": 0.6165966386554622, "support": 73.0}, "weighted avg": {"precision": 0.7672813487881981, "recall": 0.726027397260274, "f1-score": 0.6755208932888223, "support": 73.0}}}, "folds": 10, "original_train_rows": 300, "train_rows": 384, "test_rows": 73, "elapsed_seconds": 128.48399999993853}
