Command: ["C:\\Users\\IHCK\\AppData\\Local\\Programs\\Python\\Python312\\python.exe", "-u", "C:\\Users\\IHCK\\Desktop\\1_10_69Final\\Hippocampal-Shape-Analysis-for-Epilepsy-Detection\\Model\\train_dataset_model.py", "--dataset", "pointnet_raw_balanced_jitter", "--side", "right", "--model", "PointNet", "--kind", "xyz", "--train-csv", "C:\\Users\\IHCK\\Desktop\\1_10_69Final\\Hippocampal-Shape-Analysis-for-Epilepsy-Detection\\Output_Dataset\\pointnet_raw_balanced_jitter\\right\\train_prepared.csv", "--test-csv", "C:\\Users\\IHCK\\Desktop\\1_10_69Final\\Hippocampal-Shape-Analysis-for-Epilepsy-Detection\\Output_Dataset\\pointnet_raw_balanced_jitter\\right\\test_prepared.csv", "--output-dir", "C:\\Users\\IHCK\\Desktop\\1_10_69Final\\Hippocampal-Shape-Analysis-for-Epilepsy-Detection\\Model_Results\\dataset_runs_20261003_10fold\\pointnet_raw_balanced_jitter\\right\\PointNet", "--epochs", "80", "--folds", "10", "--pls-components", "8", "--seed", "42", "--threads", "2"]
10-fold CV: dataset=pointnet_raw_balanced_jitter side=right model=PointNet; original_train=300 test=77
Device=cuda; epochs=80; batch=32; model=PointNetDual
epoch=1/80 loss=0.600467 seconds=0.48
epoch=2/80 loss=0.500254 seconds=0.16
epoch=3/80 loss=0.398039 seconds=0.14
epoch=4/80 loss=0.347469 seconds=0.17
epoch=5/80 loss=0.301386 seconds=0.14
epoch=6/80 loss=0.254737 seconds=0.16
epoch=7/80 loss=0.365953 seconds=0.16
epoch=8/80 loss=0.238054 seconds=0.16
epoch=9/80 loss=0.209171 seconds=0.16
epoch=10/80 loss=0.261489 seconds=0.16
epoch=11/80 loss=0.258043 seconds=0.14
epoch=12/80 loss=0.204046 seconds=0.16
epoch=13/80 loss=0.202477 seconds=0.16
epoch=14/80 loss=0.230669 seconds=0.16
epoch=15/80 loss=0.142272 seconds=0.16
epoch=16/80 loss=0.174658 seconds=0.16
epoch=17/80 loss=0.151231 seconds=0.16
epoch=18/80 loss=0.160855 seconds=0.16
epoch=19/80 loss=0.200592 seconds=0.16
epoch=20/80 loss=0.198911 seconds=0.16
epoch=21/80 loss=0.288675 seconds=0.16
epoch=22/80 loss=0.167053 seconds=0.16
epoch=23/80 loss=0.132643 seconds=0.16
epoch=24/80 loss=0.124896 seconds=0.14
epoch=25/80 loss=0.128715 seconds=0.16
epoch=26/80 loss=0.085319 seconds=0.16
epoch=27/80 loss=0.141140 seconds=0.16
epoch=28/80 loss=0.211758 seconds=0.16
epoch=29/80 loss=0.203865 seconds=0.14
epoch=30/80 loss=0.137113 seconds=0.16
epoch=31/80 loss=0.164117 seconds=0.16
epoch=32/80 loss=0.100242 seconds=0.16
epoch=33/80 loss=0.163763 seconds=0.16
epoch=34/80 loss=0.092283 seconds=0.14
epoch=35/80 loss=0.088825 seconds=0.16
epoch=36/80 loss=0.193991 seconds=0.17
epoch=37/80 loss=0.098181 seconds=0.16
epoch=38/80 loss=0.097131 seconds=0.16
epoch=39/80 loss=0.094981 seconds=0.16
epoch=40/80 loss=0.168643 seconds=0.16
epoch=41/80 loss=0.200835 seconds=0.17
epoch=42/80 loss=0.172117 seconds=0.16
epoch=43/80 loss=0.165638 seconds=0.16
epoch=44/80 loss=0.122786 seconds=0.16
epoch=45/80 loss=0.112042 seconds=0.16
epoch=46/80 loss=0.203558 seconds=0.17
epoch=47/80 loss=0.145365 seconds=0.16
epoch=48/80 loss=0.095975 seconds=0.16
epoch=49/80 loss=0.109408 seconds=0.16
epoch=50/80 loss=0.071216 seconds=0.16
epoch=51/80 loss=0.070708 seconds=0.16
epoch=52/80 loss=0.067390 seconds=0.17
epoch=53/80 loss=0.070126 seconds=0.16
epoch=54/80 loss=0.051777 seconds=0.16
epoch=55/80 loss=0.061366 seconds=0.16
epoch=56/80 loss=0.070925 seconds=0.16
epoch=57/80 loss=0.100055 seconds=0.16
epoch=58/80 loss=0.214419 seconds=0.17
epoch=59/80 loss=0.097518 seconds=0.16
epoch=60/80 loss=0.129528 seconds=0.16
epoch=61/80 loss=0.110047 seconds=0.16
epoch=62/80 loss=0.075272 seconds=0.16
epoch=63/80 loss=0.051206 seconds=0.16
epoch=64/80 loss=0.043600 seconds=0.17
epoch=65/80 loss=0.067940 seconds=0.16
epoch=66/80 loss=0.054031 seconds=0.16
epoch=67/80 loss=0.047978 seconds=0.16
epoch=68/80 loss=0.069964 seconds=0.16
epoch=69/80 loss=0.083668 seconds=0.16
epoch=70/80 loss=0.058217 seconds=0.16
epoch=71/80 loss=0.075021 seconds=0.16
epoch=72/80 loss=0.060500 seconds=0.16
epoch=73/80 loss=0.059711 seconds=0.16
epoch=74/80 loss=0.127404 seconds=0.16
epoch=75/80 loss=0.139891 seconds=0.16
epoch=76/80 loss=0.094159 seconds=0.16
epoch=77/80 loss=0.067875 seconds=0.16
epoch=78/80 loss=0.074895 seconds=0.16
epoch=79/80 loss=0.078632 seconds=0.16
epoch=80/80 loss=0.119535 seconds=0.14
fold=1/10 OOF_accuracy=0.900000 OOF_AUC=0.937500
Device=cuda; epochs=80; batch=32; model=PointNetDual
epoch=1/80 loss=0.549136 seconds=0.16
epoch=2/80 loss=0.425646 seconds=0.16
epoch=3/80 loss=0.358525 seconds=0.16
epoch=4/80 loss=0.287197 seconds=0.16
epoch=5/80 loss=0.257076 seconds=0.16
epoch=6/80 loss=0.261704 seconds=0.16
epoch=7/80 loss=0.280792 seconds=0.16
epoch=8/80 loss=0.235485 seconds=0.16
epoch=9/80 loss=0.260462 seconds=0.16
epoch=10/80 loss=0.235979 seconds=0.16
epoch=11/80 loss=0.323447 seconds=0.16
epoch=12/80 loss=0.212988 seconds=0.16
epoch=13/80 loss=0.137243 seconds=0.16
epoch=14/80 loss=0.145123 seconds=0.16
epoch=15/80 loss=0.141929 seconds=0.16
epoch=16/80 loss=0.202575 seconds=0.16
epoch=17/80 loss=0.177540 seconds=0.16
epoch=18/80 loss=0.169292 seconds=0.16
epoch=19/80 loss=0.147803 seconds=0.17
epoch=20/80 loss=0.151586 seconds=0.16
epoch=21/80 loss=0.177037 seconds=0.14
epoch=22/80 loss=0.178976 seconds=0.16
epoch=23/80 loss=0.134686 seconds=0.16
epoch=24/80 loss=0.174976 seconds=0.16
epoch=25/80 loss=0.200676 seconds=0.16
epoch=26/80 loss=0.182747 seconds=0.16
epoch=27/80 loss=0.193061 seconds=0.16
epoch=28/80 loss=0.316708 seconds=0.16
epoch=29/80 loss=0.243792 seconds=0.16
epoch=30/80 loss=0.165741 seconds=0.14
epoch=31/80 loss=0.158558 seconds=0.16
epoch=32/80 loss=0.120927 seconds=0.16
epoch=33/80 loss=0.132429 seconds=0.16
epoch=34/80 loss=0.179993 seconds=0.16
epoch=35/80 loss=0.103711 seconds=0.17
epoch=36/80 loss=0.095558 seconds=0.14
epoch=37/80 loss=0.082474 seconds=0.14
epoch=38/80 loss=0.170165 seconds=0.16
epoch=39/80 loss=0.114498 seconds=0.16
epoch=40/80 loss=0.114579 seconds=0.16
epoch=41/80 loss=0.109637 seconds=0.16
epoch=42/80 loss=0.081816 seconds=0.16
epoch=43/80 loss=0.097525 seconds=0.16
epoch=44/80 loss=0.157615 seconds=0.16
epoch=45/80 loss=0.118189 seconds=0.16
epoch=46/80 loss=0.110324 seconds=0.16
epoch=47/80 loss=0.136287 seconds=0.14
epoch=48/80 loss=0.115454 seconds=0.14
epoch=49/80 loss=0.100479 seconds=0.16
epoch=50/80 loss=0.141419 seconds=0.16
epoch=51/80 loss=0.166057 seconds=0.16
epoch=52/80 loss=0.182470 seconds=0.16
epoch=53/80 loss=0.109975 seconds=0.16
epoch=54/80 loss=0.063648 seconds=0.16
epoch=55/80 loss=0.059003 seconds=0.16
epoch=56/80 loss=0.067048 seconds=0.16
epoch=57/80 loss=0.057153 seconds=0.16
epoch=58/80 loss=0.067897 seconds=0.14
epoch=59/80 loss=0.061615 seconds=0.16
epoch=60/80 loss=0.195757 seconds=0.16
epoch=61/80 loss=0.095809 seconds=0.16
epoch=62/80 loss=0.134530 seconds=0.16
epoch=63/80 loss=0.070424 seconds=0.16
epoch=64/80 loss=0.124866 seconds=0.16
epoch=65/80 loss=0.055420 seconds=0.16
epoch=66/80 loss=0.103084 seconds=0.16
epoch=67/80 loss=0.083238 seconds=0.16
epoch=68/80 loss=0.093038 seconds=0.16
epoch=69/80 loss=0.067767 seconds=0.16
epoch=70/80 loss=0.095273 seconds=0.16
epoch=71/80 loss=0.104777 seconds=0.16
epoch=72/80 loss=0.075475 seconds=0.16
epoch=73/80 loss=0.080250 seconds=0.16
epoch=74/80 loss=0.131287 seconds=0.14
epoch=75/80 loss=0.173182 seconds=0.16
epoch=76/80 loss=0.203745 seconds=0.16
epoch=77/80 loss=0.123954 seconds=0.16
epoch=78/80 loss=0.064522 seconds=0.16
epoch=79/80 loss=0.083825 seconds=0.16
epoch=80/80 loss=0.065781 seconds=0.16
fold=2/10 OOF_accuracy=0.766667 OOF_AUC=0.789773
Device=cuda; epochs=80; batch=32; model=PointNetDual
epoch=1/80 loss=0.671785 seconds=0.16
epoch=2/80 loss=0.504026 seconds=0.16
epoch=3/80 loss=0.411336 seconds=0.16
epoch=4/80 loss=0.362444 seconds=0.16
epoch=5/80 loss=0.299048 seconds=0.16
epoch=6/80 loss=0.293730 seconds=0.17
epoch=7/80 loss=0.280054 seconds=0.16
epoch=8/80 loss=0.279459 seconds=0.14
epoch=9/80 loss=0.262279 seconds=0.16
epoch=10/80 loss=0.226969 seconds=0.16
epoch=11/80 loss=0.203080 seconds=0.16
epoch=12/80 loss=0.174936 seconds=0.16
epoch=13/80 loss=0.133952 seconds=0.16
epoch=14/80 loss=0.145879 seconds=0.16
epoch=15/80 loss=0.232165 seconds=0.16
epoch=16/80 loss=0.177705 seconds=0.16
epoch=17/80 loss=0.244338 seconds=0.16
epoch=18/80 loss=0.254763 seconds=0.16
epoch=19/80 loss=0.156831 seconds=0.17
epoch=20/80 loss=0.152445 seconds=0.16
epoch=21/80 loss=0.193632 seconds=0.16
epoch=22/80 loss=0.150381 seconds=0.17
epoch=23/80 loss=0.124109 seconds=0.16
epoch=24/80 loss=0.106361 seconds=0.16
epoch=25/80 loss=0.206322 seconds=0.16
epoch=26/80 loss=0.165877 seconds=0.16
epoch=27/80 loss=0.154728 seconds=0.16
epoch=28/80 loss=0.217048 seconds=0.16
epoch=29/80 loss=0.175155 seconds=0.16
epoch=30/80 loss=0.227283 seconds=0.16
epoch=31/80 loss=0.185748 seconds=0.16
epoch=32/80 loss=0.109130 seconds=0.16
epoch=33/80 loss=0.142305 seconds=0.16
epoch=34/80 loss=0.151936 seconds=0.16
epoch=35/80 loss=0.079586 seconds=0.16
epoch=36/80 loss=0.077051 seconds=0.16
epoch=37/80 loss=0.084785 seconds=0.16
epoch=38/80 loss=0.046137 seconds=0.16
epoch=39/80 loss=0.052711 seconds=0.16
epoch=40/80 loss=0.073731 seconds=0.14
epoch=41/80 loss=0.119551 seconds=0.16
epoch=42/80 loss=0.124730 seconds=0.16
epoch=43/80 loss=0.265878 seconds=0.16
epoch=44/80 loss=0.123430 seconds=0.16
epoch=45/80 loss=0.116571 seconds=0.16
epoch=46/80 loss=0.117658 seconds=0.16
epoch=47/80 loss=0.062356 seconds=0.14
epoch=48/80 loss=0.070001 seconds=0.16
epoch=49/80 loss=0.089943 seconds=0.16
epoch=50/80 loss=0.082701 seconds=0.16
epoch=51/80 loss=0.055994 seconds=0.16
epoch=52/80 loss=0.046239 seconds=0.16
epoch=53/80 loss=0.084300 seconds=0.16
epoch=54/80 loss=0.159376 seconds=0.16
epoch=55/80 loss=0.307747 seconds=0.16
epoch=56/80 loss=0.206503 seconds=0.14
epoch=57/80 loss=0.174941 seconds=0.16
epoch=58/80 loss=0.108803 seconds=0.16
epoch=59/80 loss=0.092120 seconds=0.16
epoch=60/80 loss=0.152455 seconds=0.16
epoch=61/80 loss=0.089605 seconds=0.16
epoch=62/80 loss=0.069571 seconds=0.16
epoch=63/80 loss=0.040473 seconds=0.16
epoch=64/80 loss=0.019609 seconds=0.16
epoch=65/80 loss=0.016616 seconds=0.16
epoch=66/80 loss=0.097580 seconds=0.16
epoch=67/80 loss=0.107011 seconds=0.16
epoch=68/80 loss=0.159642 seconds=0.16
epoch=69/80 loss=0.158654 seconds=0.16
epoch=70/80 loss=0.102532 seconds=0.14
epoch=71/80 loss=0.058081 seconds=0.16
epoch=72/80 loss=0.047072 seconds=0.16
epoch=73/80 loss=0.189823 seconds=0.16
epoch=74/80 loss=0.148357 seconds=0.16
epoch=75/80 loss=0.134881 seconds=0.16
epoch=76/80 loss=0.121435 seconds=0.14
epoch=77/80 loss=0.077071 seconds=0.16
epoch=78/80 loss=0.091907 seconds=0.16
epoch=79/80 loss=0.046957 seconds=0.16
epoch=80/80 loss=0.061311 seconds=0.17
fold=3/10 OOF_accuracy=0.666667 OOF_AUC=0.789773
Device=cuda; epochs=80; batch=32; model=PointNetDual
epoch=1/80 loss=0.613519 seconds=0.16
epoch=2/80 loss=0.457813 seconds=0.16
epoch=3/80 loss=0.387061 seconds=0.16
epoch=4/80 loss=0.348750 seconds=0.16
epoch=5/80 loss=0.270493 seconds=0.16
epoch=6/80 loss=0.293436 seconds=0.16
epoch=7/80 loss=0.275097 seconds=0.16
epoch=8/80 loss=0.221781 seconds=0.14
epoch=9/80 loss=0.404091 seconds=0.16
epoch=10/80 loss=0.281360 seconds=0.17
epoch=11/80 loss=0.280706 seconds=0.16
epoch=12/80 loss=0.198777 seconds=0.14
epoch=13/80 loss=0.189544 seconds=0.16
epoch=14/80 loss=0.185299 seconds=0.16
epoch=15/80 loss=0.188260 seconds=0.16
epoch=16/80 loss=0.168864 seconds=0.16
epoch=17/80 loss=0.191116 seconds=0.16
epoch=18/80 loss=0.230669 seconds=0.16
epoch=19/80 loss=0.220348 seconds=0.16
epoch=20/80 loss=0.244747 seconds=0.16
epoch=21/80 loss=0.194415 seconds=0.16
epoch=22/80 loss=0.156124 seconds=0.17
epoch=23/80 loss=0.268191 seconds=0.16
epoch=24/80 loss=0.164893 seconds=0.16
epoch=25/80 loss=0.214033 seconds=0.16
epoch=26/80 loss=0.203499 seconds=0.17
epoch=27/80 loss=0.202458 seconds=0.16
epoch=28/80 loss=0.229611 seconds=0.16
epoch=29/80 loss=0.132561 seconds=0.16
epoch=30/80 loss=0.125254 seconds=0.16
epoch=31/80 loss=0.120729 seconds=0.16
epoch=32/80 loss=0.096875 seconds=0.16
epoch=33/80 loss=0.185114 seconds=0.17
epoch=34/80 loss=0.143803 seconds=0.16
epoch=35/80 loss=0.133886 seconds=0.16
epoch=36/80 loss=0.164266 seconds=0.16
epoch=37/80 loss=0.092616 seconds=0.16
epoch=38/80 loss=0.099092 seconds=0.16
epoch=39/80 loss=0.158112 seconds=0.17
epoch=40/80 loss=0.159285 seconds=0.16
epoch=41/80 loss=0.178622 seconds=0.16
epoch=42/80 loss=0.102003 seconds=0.16
epoch=43/80 loss=0.076331 seconds=0.16
epoch=44/80 loss=0.119505 seconds=0.16
epoch=45/80 loss=0.101770 seconds=0.16
epoch=46/80 loss=0.079874 seconds=0.16
epoch=47/80 loss=0.129682 seconds=0.16
epoch=48/80 loss=0.127328 seconds=0.17
epoch=49/80 loss=0.080813 seconds=0.16
epoch=50/80 loss=0.102463 seconds=0.16
epoch=51/80 loss=0.064900 seconds=0.16
epoch=52/80 loss=0.187461 seconds=0.16
epoch=53/80 loss=0.120551 seconds=0.16
epoch=54/80 loss=0.072071 seconds=0.16
epoch=55/80 loss=0.140649 seconds=0.16
epoch=56/80 loss=0.094772 seconds=0.16
epoch=57/80 loss=0.077123 seconds=0.17
epoch=58/80 loss=0.125936 seconds=0.16
epoch=59/80 loss=0.049844 seconds=0.16
epoch=60/80 loss=0.172135 seconds=0.16
epoch=61/80 loss=0.122801 seconds=0.16
epoch=62/80 loss=0.057998 seconds=0.17
epoch=63/80 loss=0.052636 seconds=0.16
epoch=64/80 loss=0.036525 seconds=0.16
epoch=65/80 loss=0.025748 seconds=0.16
epoch=66/80 loss=0.017601 seconds=0.16
epoch=67/80 loss=0.041076 seconds=0.16
epoch=68/80 loss=0.053252 seconds=0.16
epoch=69/80 loss=0.144189 seconds=0.16
epoch=70/80 loss=0.220712 seconds=0.16
epoch=71/80 loss=0.151749 seconds=0.16
epoch=72/80 loss=0.150407 seconds=0.17
epoch=73/80 loss=0.167734 seconds=0.16
epoch=74/80 loss=0.130712 seconds=0.16
epoch=75/80 loss=0.187143 seconds=0.16
epoch=76/80 loss=0.117940 seconds=0.16
epoch=77/80 loss=0.091557 seconds=0.17
epoch=78/80 loss=0.073876 seconds=0.16
epoch=79/80 loss=0.092463 seconds=0.16
epoch=80/80 loss=0.108295 seconds=0.17
fold=4/10 OOF_accuracy=0.900000 OOF_AUC=0.857955
Device=cuda; epochs=80; batch=32; model=PointNetDual
epoch=1/80 loss=0.655929 seconds=0.16
epoch=2/80 loss=0.546207 seconds=0.16
epoch=3/80 loss=0.420763 seconds=0.17
epoch=4/80 loss=0.366923 seconds=0.16
epoch=5/80 loss=0.260878 seconds=0.16
epoch=6/80 loss=0.355944 seconds=0.17
epoch=7/80 loss=0.329130 seconds=0.16
epoch=8/80 loss=0.244773 seconds=0.16
epoch=9/80 loss=0.370767 seconds=0.16
epoch=10/80 loss=0.261541 seconds=0.16
epoch=11/80 loss=0.254969 seconds=0.16
epoch=12/80 loss=0.274717 seconds=0.17
epoch=13/80 loss=0.196372 seconds=0.16
epoch=14/80 loss=0.148519 seconds=0.16
epoch=15/80 loss=0.229955 seconds=0.16
epoch=16/80 loss=0.207609 seconds=0.16
epoch=17/80 loss=0.198203 seconds=0.16
epoch=18/80 loss=0.151420 seconds=0.17
epoch=19/80 loss=0.220388 seconds=0.16
epoch=20/80 loss=0.197548 seconds=0.16
epoch=21/80 loss=0.214008 seconds=0.16
epoch=22/80 loss=0.111124 seconds=0.17
epoch=23/80 loss=0.098608 seconds=0.16
epoch=24/80 loss=0.108835 seconds=0.16
epoch=25/80 loss=0.159282 seconds=0.16
epoch=26/80 loss=0.178980 seconds=0.16
epoch=27/80 loss=0.338115 seconds=0.16
epoch=28/80 loss=0.238713 seconds=0.17
epoch=29/80 loss=0.234526 seconds=0.16
epoch=30/80 loss=0.230875 seconds=0.16
epoch=31/80 loss=0.253098 seconds=0.16
epoch=32/80 loss=0.115533 seconds=0.16
epoch=33/80 loss=0.138021 seconds=0.16
epoch=34/80 loss=0.224715 seconds=0.17
epoch=35/80 loss=0.095734 seconds=0.16
epoch=36/80 loss=0.103943 seconds=0.16
epoch=37/80 loss=0.102922 seconds=0.16
epoch=38/80 loss=0.077344 seconds=0.16
epoch=39/80 loss=0.124422 seconds=0.16
epoch=40/80 loss=0.109218 seconds=0.17
epoch=41/80 loss=0.123264 seconds=0.16
epoch=42/80 loss=0.109151 seconds=0.16
epoch=43/80 loss=0.157964 seconds=0.16
epoch=44/80 loss=0.159738 seconds=0.17
epoch=45/80 loss=0.136304 seconds=0.16
epoch=46/80 loss=0.100891 seconds=0.16
epoch=47/80 loss=0.080685 seconds=0.16
epoch=48/80 loss=0.149816 seconds=0.16
epoch=49/80 loss=0.144693 seconds=0.17
epoch=50/80 loss=0.109122 seconds=0.16
epoch=51/80 loss=0.122429 seconds=0.16
epoch=52/80 loss=0.107213 seconds=0.16
epoch=53/80 loss=0.081898 seconds=0.16
epoch=54/80 loss=0.090498 seconds=0.17
epoch=55/80 loss=0.088814 seconds=0.16
epoch=56/80 loss=0.048013 seconds=0.16
epoch=57/80 loss=0.065267 seconds=0.16
epoch=58/80 loss=0.064329 seconds=0.16
epoch=59/80 loss=0.052827 seconds=0.16
epoch=60/80 loss=0.067818 seconds=0.16
epoch=61/80 loss=0.055044 seconds=0.17
epoch=62/80 loss=0.137043 seconds=0.16
epoch=63/80 loss=0.089440 seconds=0.16
epoch=64/80 loss=0.050678 seconds=0.16
epoch=65/80 loss=0.042458 seconds=0.17
epoch=66/80 loss=0.081049 seconds=0.16
epoch=67/80 loss=0.049831 seconds=0.16
epoch=68/80 loss=0.038627 seconds=0.16
epoch=69/80 loss=0.048992 seconds=0.16
epoch=70/80 loss=0.071450 seconds=0.17
epoch=71/80 loss=0.125043 seconds=0.16
epoch=72/80 loss=0.065325 seconds=0.16
epoch=73/80 loss=0.057143 seconds=0.16
epoch=74/80 loss=0.057211 seconds=0.16
epoch=75/80 loss=0.120806 seconds=0.16
epoch=76/80 loss=0.074184 seconds=0.17
epoch=77/80 loss=0.104841 seconds=0.16
epoch=78/80 loss=0.043991 seconds=0.16
epoch=79/80 loss=0.054892 seconds=0.16
epoch=80/80 loss=0.173132 seconds=0.16
fold=5/10 OOF_accuracy=0.633333 OOF_AUC=0.761364
Device=cuda; epochs=80; batch=32; model=PointNetDual
epoch=1/80 loss=0.692382 seconds=0.16
epoch=2/80 loss=0.568701 seconds=0.17
epoch=3/80 loss=0.451181 seconds=0.16
epoch=4/80 loss=0.358578 seconds=0.16
epoch=5/80 loss=0.347867 seconds=0.16
epoch=6/80 loss=0.331897 seconds=0.16
epoch=7/80 loss=0.307126 seconds=0.17
epoch=8/80 loss=0.257640 seconds=0.16
epoch=9/80 loss=0.275698 seconds=0.16
epoch=10/80 loss=0.308789 seconds=0.16
epoch=11/80 loss=0.272808 seconds=0.16
epoch=12/80 loss=0.217580 seconds=0.17
epoch=13/80 loss=0.186098 seconds=0.16
epoch=14/80 loss=0.187429 seconds=0.16
epoch=15/80 loss=0.158330 seconds=0.16
epoch=16/80 loss=0.172509 seconds=0.16
epoch=17/80 loss=0.169884 seconds=0.17
epoch=18/80 loss=0.163598 seconds=0.16
epoch=19/80 loss=0.178023 seconds=0.16
epoch=20/80 loss=0.172289 seconds=0.16
epoch=21/80 loss=0.300689 seconds=0.16
epoch=22/80 loss=0.189795 seconds=0.16
epoch=23/80 loss=0.166843 seconds=0.17
epoch=24/80 loss=0.159685 seconds=0.16
epoch=25/80 loss=0.186652 seconds=0.16
epoch=26/80 loss=0.180717 seconds=0.16
epoch=27/80 loss=0.173966 seconds=0.17
epoch=28/80 loss=0.174211 seconds=0.16
epoch=29/80 loss=0.208332 seconds=0.16
epoch=30/80 loss=0.136825 seconds=0.16
epoch=31/80 loss=0.212270 seconds=0.16
epoch=32/80 loss=0.139478 seconds=0.17
epoch=33/80 loss=0.182386 seconds=0.16
epoch=34/80 loss=0.117838 seconds=0.16
epoch=35/80 loss=0.203301 seconds=0.16
epoch=36/80 loss=0.198900 seconds=0.16
epoch=37/80 loss=0.128978 seconds=0.17
epoch=38/80 loss=0.093878 seconds=0.16
epoch=39/80 loss=0.188953 seconds=0.16
epoch=40/80 loss=0.171302 seconds=0.16
epoch=41/80 loss=0.236106 seconds=0.16
epoch=42/80 loss=0.129000 seconds=0.16
epoch=43/80 loss=0.118104 seconds=0.17
epoch=44/80 loss=0.113931 seconds=0.16
epoch=45/80 loss=0.148588 seconds=0.16
epoch=46/80 loss=0.093896 seconds=0.16
epoch=47/80 loss=0.101988 seconds=0.16
epoch=48/80 loss=0.085305 seconds=0.16
epoch=49/80 loss=0.115009 seconds=0.16
epoch=50/80 loss=0.063618 seconds=0.17
epoch=51/80 loss=0.102700 seconds=0.16
epoch=52/80 loss=0.100191 seconds=0.16
epoch=53/80 loss=0.125074 seconds=0.16
epoch=54/80 loss=0.095902 seconds=0.16
epoch=55/80 loss=0.058824 seconds=0.16
epoch=56/80 loss=0.033925 seconds=0.17
epoch=57/80 loss=0.064556 seconds=0.16
epoch=58/80 loss=0.135832 seconds=0.16
epoch=59/80 loss=0.125283 seconds=0.16
epoch=60/80 loss=0.182374 seconds=0.16
epoch=61/80 loss=0.147645 seconds=0.16
epoch=62/80 loss=0.092578 seconds=0.16
epoch=63/80 loss=0.071929 seconds=0.17
epoch=64/80 loss=0.059062 seconds=0.16
epoch=65/80 loss=0.055597 seconds=0.16
epoch=66/80 loss=0.097063 seconds=0.17
epoch=67/80 loss=0.068449 seconds=0.16
epoch=68/80 loss=0.084027 seconds=0.16
epoch=69/80 loss=0.143858 seconds=0.16
epoch=70/80 loss=0.092509 seconds=0.16
epoch=71/80 loss=0.102634 seconds=0.16
epoch=72/80 loss=0.047801 seconds=0.17
epoch=73/80 loss=0.120042 seconds=0.16
epoch=74/80 loss=0.081504 seconds=0.16
epoch=75/80 loss=0.177560 seconds=0.16
epoch=76/80 loss=0.097850 seconds=0.17
epoch=77/80 loss=0.130448 seconds=0.16
epoch=78/80 loss=0.097426 seconds=0.16
epoch=79/80 loss=0.065236 seconds=0.16
epoch=80/80 loss=0.055437 seconds=0.16
fold=6/10 OOF_accuracy=0.766667 OOF_AUC=0.789773
Device=cuda; epochs=80; batch=32; model=PointNetDual
epoch=1/80 loss=0.593307 seconds=0.16
epoch=2/80 loss=0.455962 seconds=0.16
epoch=3/80 loss=0.358713 seconds=0.16
epoch=4/80 loss=0.326754 seconds=0.16
epoch=5/80 loss=0.266219 seconds=0.16
epoch=6/80 loss=0.276027 seconds=0.16
epoch=7/80 loss=0.259969 seconds=0.17
epoch=8/80 loss=0.217019 seconds=0.16
epoch=9/80 loss=0.214817 seconds=0.16
epoch=10/80 loss=0.271286 seconds=0.16
epoch=11/80 loss=0.219415 seconds=0.16
epoch=12/80 loss=0.208597 seconds=0.16
epoch=13/80 loss=0.303944 seconds=0.17
epoch=14/80 loss=0.307339 seconds=0.16
epoch=15/80 loss=0.181021 seconds=0.16
epoch=16/80 loss=0.183645 seconds=0.16
epoch=17/80 loss=0.198491 seconds=0.16
epoch=18/80 loss=0.189998 seconds=0.16
epoch=19/80 loss=0.230450 seconds=0.17
epoch=20/80 loss=0.204122 seconds=0.16
epoch=21/80 loss=0.302737 seconds=0.16
epoch=22/80 loss=0.172663 seconds=0.16
epoch=23/80 loss=0.176903 seconds=0.16
epoch=24/80 loss=0.129384 seconds=0.17
epoch=25/80 loss=0.210181 seconds=0.16
epoch=26/80 loss=0.148261 seconds=0.16
epoch=27/80 loss=0.141804 seconds=0.16
epoch=28/80 loss=0.202070 seconds=0.16
epoch=29/80 loss=0.183204 seconds=0.16
epoch=30/80 loss=0.121700 seconds=0.16
epoch=31/80 loss=0.160569 seconds=0.17
epoch=32/80 loss=0.077391 seconds=0.16
epoch=33/80 loss=0.086498 seconds=0.16
epoch=34/80 loss=0.249821 seconds=0.17
epoch=35/80 loss=0.184465 seconds=0.16
epoch=36/80 loss=0.226907 seconds=0.16
epoch=37/80 loss=0.096817 seconds=0.16
epoch=38/80 loss=0.073390 seconds=0.16
epoch=39/80 loss=0.084406 seconds=0.17
epoch=40/80 loss=0.118432 seconds=0.16
epoch=41/80 loss=0.109685 seconds=0.16
epoch=42/80 loss=0.119971 seconds=0.16
epoch=43/80 loss=0.066656 seconds=0.16
epoch=44/80 loss=0.060793 seconds=0.16
epoch=45/80 loss=0.102549 seconds=0.16
epoch=46/80 loss=0.186192 seconds=0.17
epoch=47/80 loss=0.132180 seconds=0.16
epoch=48/80 loss=0.101937 seconds=0.16
epoch=49/80 loss=0.095929 seconds=0.16
epoch=50/80 loss=0.096042 seconds=0.16
epoch=51/80 loss=0.072759 seconds=0.16
epoch=52/80 loss=0.109326 seconds=0.17
epoch=53/80 loss=0.112450 seconds=0.16
epoch=54/80 loss=0.104869 seconds=0.16
epoch=55/80 loss=0.141776 seconds=0.16
epoch=56/80 loss=0.111750 seconds=0.16
epoch=57/80 loss=0.104505 seconds=0.17
epoch=58/80 loss=0.180920 seconds=0.16
epoch=59/80 loss=0.175570 seconds=0.16
epoch=60/80 loss=0.202399 seconds=0.16
epoch=61/80 loss=0.134623 seconds=0.16
epoch=62/80 loss=0.125624 seconds=0.17
epoch=63/80 loss=0.084455 seconds=0.16
epoch=64/80 loss=0.092036 seconds=0.16
epoch=65/80 loss=0.061750 seconds=0.16
epoch=66/80 loss=0.071619 seconds=0.16
epoch=67/80 loss=0.079758 seconds=0.16
epoch=68/80 loss=0.088623 seconds=0.17
epoch=69/80 loss=0.110366 seconds=0.16
epoch=70/80 loss=0.078039 seconds=0.16
epoch=71/80 loss=0.080285 seconds=0.16
epoch=72/80 loss=0.091407 seconds=0.16
epoch=73/80 loss=0.070135 seconds=0.16
epoch=74/80 loss=0.109545 seconds=0.17
epoch=75/80 loss=0.139681 seconds=0.16
epoch=76/80 loss=0.100928 seconds=0.16
epoch=77/80 loss=0.044937 seconds=0.16
epoch=78/80 loss=0.045893 seconds=0.16
epoch=79/80 loss=0.088788 seconds=0.16
epoch=80/80 loss=0.209092 seconds=0.16
fold=7/10 OOF_accuracy=0.833333 OOF_AUC=0.750000
Device=cuda; epochs=80; batch=32; model=PointNetDual
epoch=1/80 loss=0.578534 seconds=0.16
epoch=2/80 loss=0.443919 seconds=0.16
epoch=3/80 loss=0.369682 seconds=0.16
epoch=4/80 loss=0.310161 seconds=0.17
epoch=5/80 loss=0.294590 seconds=0.16
epoch=6/80 loss=0.247870 seconds=0.16
epoch=7/80 loss=0.260903 seconds=0.16
epoch=8/80 loss=0.239904 seconds=0.17
epoch=9/80 loss=0.255358 seconds=0.16
epoch=10/80 loss=0.215403 seconds=0.16
epoch=11/80 loss=0.236782 seconds=0.16
epoch=12/80 loss=0.211440 seconds=0.16
epoch=13/80 loss=0.201803 seconds=0.16
epoch=14/80 loss=0.225539 seconds=0.16
epoch=15/80 loss=0.159567 seconds=0.17
epoch=16/80 loss=0.145247 seconds=0.16
epoch=17/80 loss=0.146571 seconds=0.16
epoch=18/80 loss=0.258636 seconds=0.16
epoch=19/80 loss=0.177848 seconds=0.16
epoch=20/80 loss=0.188117 seconds=0.16
epoch=21/80 loss=0.247066 seconds=0.17
epoch=22/80 loss=0.165103 seconds=0.16
epoch=23/80 loss=0.118034 seconds=0.16
epoch=24/80 loss=0.203710 seconds=0.16
epoch=25/80 loss=0.193585 seconds=0.16
epoch=26/80 loss=0.113480 seconds=0.16
epoch=27/80 loss=0.117808 seconds=0.16
epoch=28/80 loss=0.161850 seconds=0.17
epoch=29/80 loss=0.201008 seconds=0.16
epoch=30/80 loss=0.184420 seconds=0.16
epoch=31/80 loss=0.243722 seconds=0.16
epoch=32/80 loss=0.193869 seconds=0.16
epoch=33/80 loss=0.196011 seconds=0.17
epoch=34/80 loss=0.195940 seconds=0.16
epoch=35/80 loss=0.176142 seconds=0.16
epoch=36/80 loss=0.195940 seconds=0.16
epoch=37/80 loss=0.124751 seconds=0.17
epoch=38/80 loss=0.106094 seconds=0.16
epoch=39/80 loss=0.152340 seconds=0.16
epoch=40/80 loss=0.116589 seconds=0.16
epoch=41/80 loss=0.168807 seconds=0.16
epoch=42/80 loss=0.151237 seconds=0.16
epoch=43/80 loss=0.184686 seconds=0.17
epoch=44/80 loss=0.147903 seconds=0.16
epoch=45/80 loss=0.098189 seconds=0.16
epoch=46/80 loss=0.108706 seconds=0.16
epoch=47/80 loss=0.087442 seconds=0.16
epoch=48/80 loss=0.118564 seconds=0.16
epoch=49/80 loss=0.107584 seconds=0.17
epoch=50/80 loss=0.118610 seconds=0.14
epoch=51/80 loss=0.084922 seconds=0.17
epoch=52/80 loss=0.090830 seconds=0.16
epoch=53/80 loss=0.119705 seconds=0.16
epoch=54/80 loss=0.080459 seconds=0.16
epoch=55/80 loss=0.074594 seconds=0.16
epoch=56/80 loss=0.038850 seconds=0.17
epoch=57/80 loss=0.050502 seconds=0.16
epoch=58/80 loss=0.117311 seconds=0.16
epoch=59/80 loss=0.081567 seconds=0.16
epoch=60/80 loss=0.137520 seconds=0.16
epoch=61/80 loss=0.170572 seconds=0.17
epoch=62/80 loss=0.112304 seconds=0.16
epoch=63/80 loss=0.125560 seconds=0.16
epoch=64/80 loss=0.080046 seconds=0.16
epoch=65/80 loss=0.046202 seconds=0.16
epoch=66/80 loss=0.065976 seconds=0.16
epoch=67/80 loss=0.042477 seconds=0.16
epoch=68/80 loss=0.049468 seconds=0.16
epoch=69/80 loss=0.075222 seconds=0.16
epoch=70/80 loss=0.087279 seconds=0.16
epoch=71/80 loss=0.062494 seconds=0.16
epoch=72/80 loss=0.045792 seconds=0.16
epoch=73/80 loss=0.075150 seconds=0.16
epoch=74/80 loss=0.096077 seconds=0.14
epoch=75/80 loss=0.079700 seconds=0.16
epoch=76/80 loss=0.159121 seconds=0.16
epoch=77/80 loss=0.093923 seconds=0.16
epoch=78/80 loss=0.107019 seconds=0.16
epoch=79/80 loss=0.162700 seconds=0.16
epoch=80/80 loss=0.114100 seconds=0.16
fold=8/10 OOF_accuracy=0.666667 OOF_AUC=0.687500
Device=cuda; epochs=80; batch=32; model=PointNetDual
epoch=1/80 loss=0.583148 seconds=0.16
epoch=2/80 loss=0.450601 seconds=0.16
epoch=3/80 loss=0.346296 seconds=0.16
epoch=4/80 loss=0.293481 seconds=0.16
epoch=5/80 loss=0.286194 seconds=0.17
epoch=6/80 loss=0.294438 seconds=0.14
epoch=7/80 loss=0.238946 seconds=0.16
epoch=8/80 loss=0.206526 seconds=0.16
epoch=9/80 loss=0.272638 seconds=0.16
epoch=10/80 loss=0.237390 seconds=0.16
epoch=11/80 loss=0.192505 seconds=0.16
epoch=12/80 loss=0.254914 seconds=0.16
epoch=13/80 loss=0.268694 seconds=0.16
epoch=14/80 loss=0.178677 seconds=0.16
epoch=15/80 loss=0.151624 seconds=0.16
epoch=16/80 loss=0.141533 seconds=0.16
epoch=17/80 loss=0.190485 seconds=0.16
epoch=18/80 loss=0.138698 seconds=0.16
epoch=19/80 loss=0.136216 seconds=0.16
epoch=20/80 loss=0.183683 seconds=0.14
epoch=21/80 loss=0.272842 seconds=0.16
epoch=22/80 loss=0.195967 seconds=0.16
epoch=23/80 loss=0.114276 seconds=0.16
epoch=24/80 loss=0.141871 seconds=0.16
epoch=25/80 loss=0.139593 seconds=0.16
epoch=26/80 loss=0.131709 seconds=0.16
epoch=27/80 loss=0.143254 seconds=0.16
epoch=28/80 loss=0.186667 seconds=0.14
epoch=29/80 loss=0.129929 seconds=0.16
epoch=30/80 loss=0.098806 seconds=0.16
epoch=31/80 loss=0.086652 seconds=0.16
epoch=32/80 loss=0.078951 seconds=0.16
epoch=33/80 loss=0.196356 seconds=0.16
epoch=34/80 loss=0.215480 seconds=0.16
epoch=35/80 loss=0.153900 seconds=0.17
epoch=36/80 loss=0.227309 seconds=0.16
epoch=37/80 loss=0.106255 seconds=0.16
epoch=38/80 loss=0.083039 seconds=0.16
epoch=39/80 loss=0.097645 seconds=0.17
epoch=40/80 loss=0.107177 seconds=0.16
epoch=41/80 loss=0.092017 seconds=0.16
epoch=42/80 loss=0.182125 seconds=0.16
epoch=43/80 loss=0.199776 seconds=0.14
epoch=44/80 loss=0.124806 seconds=0.16
epoch=45/80 loss=0.146602 seconds=0.16
epoch=46/80 loss=0.126250 seconds=0.16
epoch=47/80 loss=0.075229 seconds=0.16
epoch=48/80 loss=0.064736 seconds=0.16
epoch=49/80 loss=0.071124 seconds=0.16
epoch=50/80 loss=0.115568 seconds=0.16
epoch=51/80 loss=0.164762 seconds=0.16
epoch=52/80 loss=0.102837 seconds=0.14
epoch=53/80 loss=0.167882 seconds=0.16
epoch=54/80 loss=0.095932 seconds=0.16
epoch=55/80 loss=0.062934 seconds=0.16
epoch=56/80 loss=0.049633 seconds=0.16
epoch=57/80 loss=0.061037 seconds=0.16
epoch=58/80 loss=0.120338 seconds=0.16
epoch=59/80 loss=0.072167 seconds=0.16
epoch=60/80 loss=0.134634 seconds=0.14
epoch=61/80 loss=0.096217 seconds=0.16
epoch=62/80 loss=0.072754 seconds=0.16
epoch=63/80 loss=0.068332 seconds=0.16
epoch=64/80 loss=0.080286 seconds=0.16
epoch=65/80 loss=0.041800 seconds=0.16
epoch=66/80 loss=0.079195 seconds=0.16
epoch=67/80 loss=0.071427 seconds=0.16
epoch=68/80 loss=0.117107 seconds=0.16
epoch=69/80 loss=0.181954 seconds=0.16
epoch=70/80 loss=0.123913 seconds=0.16
epoch=71/80 loss=0.069561 seconds=0.16
epoch=72/80 loss=0.090362 seconds=0.14
epoch=73/80 loss=0.114024 seconds=0.16
epoch=74/80 loss=0.069744 seconds=0.16
epoch=75/80 loss=0.145250 seconds=0.16
epoch=76/80 loss=0.090554 seconds=0.16
epoch=77/80 loss=0.069523 seconds=0.16
epoch=78/80 loss=0.035934 seconds=0.16
epoch=79/80 loss=0.062429 seconds=0.16
epoch=80/80 loss=0.057552 seconds=0.16
fold=9/10 OOF_accuracy=0.800000 OOF_AUC=0.818182
Device=cuda; epochs=80; batch=32; model=PointNetDual
epoch=1/80 loss=0.568482 seconds=0.17
epoch=2/80 loss=0.424435 seconds=0.16
epoch=3/80 loss=0.377340 seconds=0.16
epoch=4/80 loss=0.326311 seconds=0.16
epoch=5/80 loss=0.299427 seconds=0.17
epoch=6/80 loss=0.285348 seconds=0.16
epoch=7/80 loss=0.290066 seconds=0.16
epoch=8/80 loss=0.251053 seconds=0.14
epoch=9/80 loss=0.282980 seconds=0.17
epoch=10/80 loss=0.318919 seconds=0.14
epoch=11/80 loss=0.266958 seconds=0.16
epoch=12/80 loss=0.193655 seconds=0.16
epoch=13/80 loss=0.207464 seconds=0.16
epoch=14/80 loss=0.220799 seconds=0.16
epoch=15/80 loss=0.151337 seconds=0.16
epoch=16/80 loss=0.195775 seconds=0.16
epoch=17/80 loss=0.310416 seconds=0.16
epoch=18/80 loss=0.236626 seconds=0.16
epoch=19/80 loss=0.187572 seconds=0.16
epoch=20/80 loss=0.146927 seconds=0.16
epoch=21/80 loss=0.335566 seconds=0.16
epoch=22/80 loss=0.202827 seconds=0.14
epoch=23/80 loss=0.247305 seconds=0.17
epoch=24/80 loss=0.141890 seconds=0.14
epoch=25/80 loss=0.123287 seconds=0.16
epoch=26/80 loss=0.184881 seconds=0.16
epoch=27/80 loss=0.239309 seconds=0.16
epoch=28/80 loss=0.209690 seconds=0.16
epoch=29/80 loss=0.153136 seconds=0.16
epoch=30/80 loss=0.113998 seconds=0.16
epoch=31/80 loss=0.125745 seconds=0.16
epoch=32/80 loss=0.133197 seconds=0.16
epoch=33/80 loss=0.152180 seconds=0.16
epoch=34/80 loss=0.113112 seconds=0.16
epoch=35/80 loss=0.135014 seconds=0.16
epoch=36/80 loss=0.174506 seconds=0.16
epoch=37/80 loss=0.166274 seconds=0.16
epoch=38/80 loss=0.115487 seconds=0.16
epoch=39/80 loss=0.099443 seconds=0.16
epoch=40/80 loss=0.076534 seconds=0.16
epoch=41/80 loss=0.104174 seconds=0.14
epoch=42/80 loss=0.111316 seconds=0.17
epoch=43/80 loss=0.083190 seconds=0.16
epoch=44/80 loss=0.187904 seconds=0.16
epoch=45/80 loss=0.111787 seconds=0.16
epoch=46/80 loss=0.186240 seconds=0.16
epoch=47/80 loss=0.130529 seconds=0.16
epoch=48/80 loss=0.105155 seconds=0.16
epoch=49/80 loss=0.095555 seconds=0.16
epoch=50/80 loss=0.086203 seconds=0.16
epoch=51/80 loss=0.070095 seconds=0.16
epoch=52/80 loss=0.073281 seconds=0.16
epoch=53/80 loss=0.122410 seconds=0.16
epoch=54/80 loss=0.101571 seconds=0.16
epoch=55/80 loss=0.079792 seconds=0.16
epoch=56/80 loss=0.063745 seconds=0.16
epoch=57/80 loss=0.096961 seconds=0.16
epoch=58/80 loss=0.089328 seconds=0.16
epoch=59/80 loss=0.099871 seconds=0.14
epoch=60/80 loss=0.134501 seconds=0.16
epoch=61/80 loss=0.084234 seconds=0.16
epoch=62/80 loss=0.066344 seconds=0.16
epoch=63/80 loss=0.033747 seconds=0.16
epoch=64/80 loss=0.044045 seconds=0.16
epoch=65/80 loss=0.050437 seconds=0.16
epoch=66/80 loss=0.056174 seconds=0.16
epoch=67/80 loss=0.049127 seconds=0.16
epoch=68/80 loss=0.102558 seconds=0.16
epoch=69/80 loss=0.072830 seconds=0.16
epoch=70/80 loss=0.090759 seconds=0.16
epoch=71/80 loss=0.146211 seconds=0.16
epoch=72/80 loss=0.124772 seconds=0.16
epoch=73/80 loss=0.074453 seconds=0.16
epoch=74/80 loss=0.047686 seconds=0.16
epoch=75/80 loss=0.016270 seconds=0.16
epoch=76/80 loss=0.105477 seconds=0.16
epoch=77/80 loss=0.254567 seconds=0.16
epoch=78/80 loss=0.091329 seconds=0.16
epoch=79/80 loss=0.066083 seconds=0.16
epoch=80/80 loss=0.054663 seconds=0.16
fold=10/10 OOF_accuracy=0.633333 OOF_AUC=0.608466
Device=cuda; epochs=80; batch=32; model=PointNetDual
epoch=1/80 loss=0.511611 seconds=0.19
epoch=2/80 loss=0.405214 seconds=0.17
epoch=3/80 loss=0.362071 seconds=0.17
epoch=4/80 loss=0.318297 seconds=0.17
epoch=5/80 loss=0.266987 seconds=0.17
epoch=6/80 loss=0.227620 seconds=0.17
epoch=7/80 loss=0.248680 seconds=0.19
epoch=8/80 loss=0.224791 seconds=0.16
epoch=9/80 loss=0.186000 seconds=0.17
epoch=10/80 loss=0.244903 seconds=0.16
epoch=11/80 loss=0.225084 seconds=0.17
epoch=12/80 loss=0.238005 seconds=0.17
epoch=13/80 loss=0.197372 seconds=0.17
epoch=14/80 loss=0.165913 seconds=0.17
epoch=15/80 loss=0.142003 seconds=0.17
epoch=16/80 loss=0.133950 seconds=0.17
epoch=17/80 loss=0.166339 seconds=0.17
epoch=18/80 loss=0.225753 seconds=0.17
epoch=19/80 loss=0.235607 seconds=0.17
epoch=20/80 loss=0.142808 seconds=0.17
epoch=21/80 loss=0.195931 seconds=0.17
epoch=22/80 loss=0.103700 seconds=0.17
epoch=23/80 loss=0.143624 seconds=0.17
epoch=24/80 loss=0.210941 seconds=0.17
epoch=25/80 loss=0.153936 seconds=0.17
epoch=26/80 loss=0.116873 seconds=0.17
epoch=27/80 loss=0.117755 seconds=0.17
epoch=28/80 loss=0.106698 seconds=0.17
epoch=29/80 loss=0.109858 seconds=0.17
epoch=30/80 loss=0.242192 seconds=0.17
epoch=31/80 loss=0.175343 seconds=0.17
epoch=32/80 loss=0.132507 seconds=0.17
epoch=33/80 loss=0.072611 seconds=0.17
epoch=34/80 loss=0.082916 seconds=0.17
epoch=35/80 loss=0.170965 seconds=0.17
epoch=36/80 loss=0.138759 seconds=0.17
epoch=37/80 loss=0.102070 seconds=0.17
epoch=38/80 loss=0.090595 seconds=0.17
epoch=39/80 loss=0.073439 seconds=0.17
epoch=40/80 loss=0.099759 seconds=0.17
epoch=41/80 loss=0.100097 seconds=0.16
epoch=42/80 loss=0.159393 seconds=0.17
epoch=43/80 loss=0.150064 seconds=0.17
epoch=44/80 loss=0.100850 seconds=0.17
epoch=45/80 loss=0.039102 seconds=0.17
epoch=46/80 loss=0.038882 seconds=0.17
epoch=47/80 loss=0.026588 seconds=0.17
epoch=48/80 loss=0.043019 seconds=0.17
epoch=49/80 loss=0.061322 seconds=0.17
epoch=50/80 loss=0.149240 seconds=0.17
epoch=51/80 loss=0.210035 seconds=0.17
epoch=52/80 loss=0.068184 seconds=0.17
epoch=53/80 loss=0.083968 seconds=0.17
epoch=54/80 loss=0.076958 seconds=0.17
epoch=55/80 loss=0.045523 seconds=0.17
epoch=56/80 loss=0.050767 seconds=0.17
epoch=57/80 loss=0.033473 seconds=0.17
epoch=58/80 loss=0.107108 seconds=0.17
epoch=59/80 loss=0.056131 seconds=0.17
epoch=60/80 loss=0.061747 seconds=0.17
epoch=61/80 loss=0.087575 seconds=0.17
epoch=62/80 loss=0.058455 seconds=0.17
epoch=63/80 loss=0.049555 seconds=0.16
epoch=64/80 loss=0.044026 seconds=0.17
epoch=65/80 loss=0.095726 seconds=0.17
epoch=66/80 loss=0.161306 seconds=0.17
epoch=67/80 loss=0.084601 seconds=0.17
epoch=68/80 loss=0.064010 seconds=0.17
epoch=69/80 loss=0.051171 seconds=0.17
epoch=70/80 loss=0.043097 seconds=0.17
epoch=71/80 loss=0.029940 seconds=0.17
epoch=72/80 loss=0.014826 seconds=0.17
epoch=73/80 loss=0.038084 seconds=0.19
epoch=74/80 loss=0.099593 seconds=0.16
epoch=75/80 loss=0.041383 seconds=0.17
epoch=76/80 loss=0.031006 seconds=0.17
epoch=77/80 loss=0.035884 seconds=0.17
epoch=78/80 loss=0.025031 seconds=0.17
epoch=79/80 loss=0.071302 seconds=0.17
epoch=80/80 loss=0.065212 seconds=0.17
{"cv_oof": {"accuracy": 0.7566666666666667, "balanced_accuracy": 0.7244207677997632, "sensitivity": 0.654320987654321, "specificity": 0.7945205479452054, "f1_macro": 0.7093910481826988, "roc_auc": 0.7674615254523931, "confusion_matrix": [[174, 45], [28, 53]], "classification_report": {"0": {"precision": 0.8613861386138614, "recall": 0.7945205479452054, "f1-score": 0.8266033254156769, "support": 219.0}, "1": {"precision": 0.5408163265306123, "recall": 0.654320987654321, "f1-score": 0.5921787709497207, "support": 81.0}, "accuracy": 0.7566666666666667, "macro avg": {"precision": 0.7011012325722368, "recall": 0.7244207677997632, "f1-score": 0.7093910481826988, "support": 300.0}, "weighted avg": {"precision": 0.7748322893513842, "recall": 0.7566666666666667, "f1-score": 0.7633086957098688, "support": 300.0}}}, "test": {"accuracy": 0.7402597402597403, "balanced_accuracy": 0.6428571428571428, "sensitivity": 0.42857142857142855, "specificity": 0.8571428571428571, "f1_macro": 0.6506352087114338, "roc_auc": 0.7534013605442177, "confusion_matrix": [[48, 8], [12, 9]], "classification_report": {"0": {"precision": 0.8, "recall": 0.8571428571428571, "f1-score": 0.8275862068965517, "support": 56.0}, "1": {"precision": 0.5294117647058824, "recall": 0.42857142857142855, "f1-score": 0.47368421052631576, "support": 21.0}, "accuracy": 0.7402597402597403, "macro avg": {"precision": 0.6647058823529413, "recall": 0.6428571428571428, "f1-score": 0.6506352087114338, "support": 77.0}, "weighted avg": {"precision": 0.7262032085561498, "recall": 0.7402597402597403, "f1-score": 0.73106748061376, "support": 77.0}}}, "folds": 10, "original_train_rows": 300, "train_rows": 438, "test_rows": 77, "elapsed_seconds": 146.64000000001397}
