Command: ["C:\\Users\\IHCK\\AppData\\Local\\Programs\\Python\\Python312\\python.exe", "-u", "C:\\Users\\IHCK\\Desktop\\1_10_69Final\\Hippocampal-Shape-Analysis-for-Epilepsy-Detection\\Model\\train_dataset_model.py", "--dataset", "pointnet_raw", "--side", "right", "--model", "PointNet", "--kind", "xyz", "--train-csv", "C:\\Users\\IHCK\\Desktop\\1_10_69Final\\Hippocampal-Shape-Analysis-for-Epilepsy-Detection\\Output_Dataset\\pointnet_raw\\right\\train_prepared.csv", "--test-csv", "C:\\Users\\IHCK\\Desktop\\1_10_69Final\\Hippocampal-Shape-Analysis-for-Epilepsy-Detection\\Output_Dataset\\pointnet_raw\\right\\test_prepared.csv", "--output-dir", "C:\\Users\\IHCK\\Desktop\\1_10_69Final\\Hippocampal-Shape-Analysis-for-Epilepsy-Detection\\Model_Results\\dataset_runs_20261003_10fold\\pointnet_raw\\right\\PointNet", "--epochs", "80", "--folds", "10", "--pls-components", "8", "--seed", "42", "--threads", "2"]
10-fold CV: dataset=pointnet_raw side=right model=PointNet; original_train=300 test=77
Device=cuda; epochs=80; batch=32; model=PointNetDual
epoch=1/80 loss=0.760080 seconds=0.42
epoch=2/80 loss=0.662865 seconds=0.11
epoch=3/80 loss=0.586580 seconds=0.11
epoch=4/80 loss=0.493473 seconds=0.11
epoch=5/80 loss=0.435280 seconds=0.11
epoch=6/80 loss=0.356942 seconds=0.11
epoch=7/80 loss=0.340731 seconds=0.09
epoch=8/80 loss=0.318391 seconds=0.11
epoch=9/80 loss=0.312367 seconds=0.11
epoch=10/80 loss=0.307788 seconds=0.11
epoch=11/80 loss=0.318842 seconds=0.11
epoch=12/80 loss=0.312911 seconds=0.09
epoch=13/80 loss=0.255877 seconds=0.11
epoch=14/80 loss=0.259512 seconds=0.11
epoch=15/80 loss=0.273924 seconds=0.11
epoch=16/80 loss=0.276049 seconds=0.11
epoch=17/80 loss=0.152042 seconds=0.09
epoch=18/80 loss=0.164713 seconds=0.11
epoch=19/80 loss=0.141498 seconds=0.11
epoch=20/80 loss=0.180633 seconds=0.11
epoch=21/80 loss=0.207227 seconds=0.11
epoch=22/80 loss=0.209985 seconds=0.11
epoch=23/80 loss=0.162039 seconds=0.09
epoch=24/80 loss=0.210376 seconds=0.11
epoch=25/80 loss=0.186581 seconds=0.11
epoch=26/80 loss=0.131447 seconds=0.11
epoch=27/80 loss=0.200918 seconds=0.09
epoch=28/80 loss=0.157159 seconds=0.09
epoch=29/80 loss=0.119732 seconds=0.11
epoch=30/80 loss=0.122401 seconds=0.11
epoch=31/80 loss=0.161851 seconds=0.11
epoch=32/80 loss=0.140468 seconds=0.11
epoch=33/80 loss=0.143034 seconds=0.09
epoch=34/80 loss=0.199283 seconds=0.12
epoch=35/80 loss=0.292839 seconds=0.09
epoch=36/80 loss=0.338719 seconds=0.11
epoch=37/80 loss=0.322113 seconds=0.11
epoch=38/80 loss=0.259522 seconds=0.11
epoch=39/80 loss=0.153768 seconds=0.11
epoch=40/80 loss=0.118471 seconds=0.11
epoch=41/80 loss=0.064624 seconds=0.09
epoch=42/80 loss=0.098882 seconds=0.11
epoch=43/80 loss=0.099381 seconds=0.11
epoch=44/80 loss=0.190427 seconds=0.11
epoch=45/80 loss=0.112204 seconds=0.09
epoch=46/80 loss=0.131987 seconds=0.11
epoch=47/80 loss=0.175292 seconds=0.11
epoch=48/80 loss=0.141934 seconds=0.09
epoch=49/80 loss=0.126952 seconds=0.11
epoch=50/80 loss=0.115945 seconds=0.11
epoch=51/80 loss=0.070077 seconds=0.09
epoch=52/80 loss=0.080958 seconds=0.11
epoch=53/80 loss=0.042428 seconds=0.11
epoch=54/80 loss=0.109011 seconds=0.11
epoch=55/80 loss=0.053982 seconds=0.09
epoch=56/80 loss=0.076477 seconds=0.11
epoch=57/80 loss=0.177635 seconds=0.11
epoch=58/80 loss=0.128387 seconds=0.11
epoch=59/80 loss=0.139978 seconds=0.11
epoch=60/80 loss=0.093211 seconds=0.11
epoch=61/80 loss=0.039865 seconds=0.09
epoch=62/80 loss=0.104394 seconds=0.11
epoch=63/80 loss=0.115622 seconds=0.11
epoch=64/80 loss=0.086696 seconds=0.11
epoch=65/80 loss=0.206871 seconds=0.11
epoch=66/80 loss=0.128447 seconds=0.09
epoch=67/80 loss=0.085577 seconds=0.11
epoch=68/80 loss=0.093188 seconds=0.11
epoch=69/80 loss=0.117466 seconds=0.11
epoch=70/80 loss=0.076083 seconds=0.11
epoch=71/80 loss=0.094136 seconds=0.11
epoch=72/80 loss=0.110961 seconds=0.09
epoch=73/80 loss=0.113874 seconds=0.09
epoch=74/80 loss=0.112367 seconds=0.11
epoch=75/80 loss=0.062151 seconds=0.11
epoch=76/80 loss=0.143222 seconds=0.11
epoch=77/80 loss=0.151153 seconds=0.11
epoch=78/80 loss=0.247617 seconds=0.11
epoch=79/80 loss=0.150960 seconds=0.09
epoch=80/80 loss=0.168741 seconds=0.11
fold=1/10 OOF_accuracy=0.733333 OOF_AUC=0.857955
Device=cuda; epochs=80; batch=32; model=PointNetDual
epoch=1/80 loss=0.713625 seconds=0.11
epoch=2/80 loss=0.600447 seconds=0.11
epoch=3/80 loss=0.543937 seconds=0.11
epoch=4/80 loss=0.448218 seconds=0.11
epoch=5/80 loss=0.434768 seconds=0.11
epoch=6/80 loss=0.373631 seconds=0.09
epoch=7/80 loss=0.411275 seconds=0.11
epoch=8/80 loss=0.371115 seconds=0.11
epoch=9/80 loss=0.292530 seconds=0.11
epoch=10/80 loss=0.236994 seconds=0.11
epoch=11/80 loss=0.220035 seconds=0.09
epoch=12/80 loss=0.268374 seconds=0.11
epoch=13/80 loss=0.358573 seconds=0.11
epoch=14/80 loss=0.480253 seconds=0.11
epoch=15/80 loss=0.392999 seconds=0.11
epoch=16/80 loss=0.370165 seconds=0.09
epoch=17/80 loss=0.279498 seconds=0.11
epoch=18/80 loss=0.211868 seconds=0.11
epoch=19/80 loss=0.191650 seconds=0.11
epoch=20/80 loss=0.233310 seconds=0.11
epoch=21/80 loss=0.174210 seconds=0.11
epoch=22/80 loss=0.157831 seconds=0.11
epoch=23/80 loss=0.156377 seconds=0.11
epoch=24/80 loss=0.179974 seconds=0.09
epoch=25/80 loss=0.189446 seconds=0.11
epoch=26/80 loss=0.203374 seconds=0.11
epoch=27/80 loss=0.219309 seconds=0.11
epoch=28/80 loss=0.242443 seconds=0.11
epoch=29/80 loss=0.157537 seconds=0.11
epoch=30/80 loss=0.165958 seconds=0.09
epoch=31/80 loss=0.131060 seconds=0.11
epoch=32/80 loss=0.198192 seconds=0.11
epoch=33/80 loss=0.181950 seconds=0.11
epoch=34/80 loss=0.204890 seconds=0.11
epoch=35/80 loss=0.278163 seconds=0.11
epoch=36/80 loss=0.226300 seconds=0.09
epoch=37/80 loss=0.202197 seconds=0.11
epoch=38/80 loss=0.193234 seconds=0.11
epoch=39/80 loss=0.196091 seconds=0.11
epoch=40/80 loss=0.153656 seconds=0.11
epoch=41/80 loss=0.086036 seconds=0.09
epoch=42/80 loss=0.092445 seconds=0.11
epoch=43/80 loss=0.084933 seconds=0.11
epoch=44/80 loss=0.058992 seconds=0.11
epoch=45/80 loss=0.129781 seconds=0.11
epoch=46/80 loss=0.165773 seconds=0.09
epoch=47/80 loss=0.147568 seconds=0.11
epoch=48/80 loss=0.141844 seconds=0.11
epoch=49/80 loss=0.203898 seconds=0.11
epoch=50/80 loss=0.185091 seconds=0.11
epoch=51/80 loss=0.112177 seconds=0.09
epoch=52/80 loss=0.130801 seconds=0.11
epoch=53/80 loss=0.072807 seconds=0.11
epoch=54/80 loss=0.095886 seconds=0.11
epoch=55/80 loss=0.190956 seconds=0.11
epoch=56/80 loss=0.117278 seconds=0.11
epoch=57/80 loss=0.144707 seconds=0.09
epoch=58/80 loss=0.068161 seconds=0.11
epoch=59/80 loss=0.088210 seconds=0.11
epoch=60/80 loss=0.074775 seconds=0.11
epoch=61/80 loss=0.065646 seconds=0.11
epoch=62/80 loss=0.069054 seconds=0.11
epoch=63/80 loss=0.110549 seconds=0.11
epoch=64/80 loss=0.194218 seconds=0.09
epoch=65/80 loss=0.159415 seconds=0.11
epoch=66/80 loss=0.195392 seconds=0.11
epoch=67/80 loss=0.158961 seconds=0.11
epoch=68/80 loss=0.142077 seconds=0.11
epoch=69/80 loss=0.143315 seconds=0.11
epoch=70/80 loss=0.077812 seconds=0.11
epoch=71/80 loss=0.128565 seconds=0.11
epoch=72/80 loss=0.086386 seconds=0.11
epoch=73/80 loss=0.068054 seconds=0.11
epoch=74/80 loss=0.120217 seconds=0.11
epoch=75/80 loss=0.064889 seconds=0.09
epoch=76/80 loss=0.099459 seconds=0.11
epoch=77/80 loss=0.207730 seconds=0.11
epoch=78/80 loss=0.174510 seconds=0.11
epoch=79/80 loss=0.102772 seconds=0.11
epoch=80/80 loss=0.115065 seconds=0.11
fold=2/10 OOF_accuracy=0.733333 OOF_AUC=0.880682
Device=cuda; epochs=80; batch=32; model=PointNetDual
epoch=1/80 loss=0.736793 seconds=0.11
epoch=2/80 loss=0.600988 seconds=0.11
epoch=3/80 loss=0.539760 seconds=0.11
epoch=4/80 loss=0.465078 seconds=0.09
epoch=5/80 loss=0.398731 seconds=0.11
epoch=6/80 loss=0.364085 seconds=0.11
epoch=7/80 loss=0.397438 seconds=0.11
epoch=8/80 loss=0.340472 seconds=0.11
epoch=9/80 loss=0.301209 seconds=0.09
epoch=10/80 loss=0.334819 seconds=0.11
epoch=11/80 loss=0.269742 seconds=0.11
epoch=12/80 loss=0.274178 seconds=0.11
epoch=13/80 loss=0.314877 seconds=0.11
epoch=14/80 loss=0.290266 seconds=0.09
epoch=15/80 loss=0.272595 seconds=0.11
epoch=16/80 loss=0.231043 seconds=0.11
epoch=17/80 loss=0.171146 seconds=0.11
epoch=18/80 loss=0.138843 seconds=0.11
epoch=19/80 loss=0.159334 seconds=0.11
epoch=20/80 loss=0.212085 seconds=0.09
epoch=21/80 loss=0.248110 seconds=0.11
epoch=22/80 loss=0.440205 seconds=0.11
epoch=23/80 loss=0.396196 seconds=0.11
epoch=24/80 loss=0.232801 seconds=0.11
epoch=25/80 loss=0.268219 seconds=0.11
epoch=26/80 loss=0.213191 seconds=0.09
epoch=27/80 loss=0.135592 seconds=0.11
epoch=28/80 loss=0.125010 seconds=0.11
epoch=29/80 loss=0.124162 seconds=0.11
epoch=30/80 loss=0.155555 seconds=0.11
epoch=31/80 loss=0.254487 seconds=0.09
epoch=32/80 loss=0.229470 seconds=0.11
epoch=33/80 loss=0.167364 seconds=0.11
epoch=34/80 loss=0.117404 seconds=0.11
epoch=35/80 loss=0.223478 seconds=0.11
epoch=36/80 loss=0.163795 seconds=0.11
epoch=37/80 loss=0.140096 seconds=0.09
epoch=38/80 loss=0.130462 seconds=0.11
epoch=39/80 loss=0.169019 seconds=0.11
epoch=40/80 loss=0.206611 seconds=0.11
epoch=41/80 loss=0.135301 seconds=0.11
epoch=42/80 loss=0.217404 seconds=0.11
epoch=43/80 loss=0.184356 seconds=0.09
epoch=44/80 loss=0.103506 seconds=0.11
epoch=45/80 loss=0.088385 seconds=0.11
epoch=46/80 loss=0.119703 seconds=0.11
epoch=47/80 loss=0.060377 seconds=0.11
epoch=48/80 loss=0.048032 seconds=0.09
epoch=49/80 loss=0.069485 seconds=0.11
epoch=50/80 loss=0.060860 seconds=0.11
epoch=51/80 loss=0.090220 seconds=0.11
epoch=52/80 loss=0.108271 seconds=0.11
epoch=53/80 loss=0.128204 seconds=0.09
epoch=54/80 loss=0.113868 seconds=0.11
epoch=55/80 loss=0.149490 seconds=0.11
epoch=56/80 loss=0.147810 seconds=0.11
epoch=57/80 loss=0.120140 seconds=0.11
epoch=58/80 loss=0.107851 seconds=0.11
epoch=59/80 loss=0.100919 seconds=0.09
epoch=60/80 loss=0.100549 seconds=0.11
epoch=61/80 loss=0.115774 seconds=0.11
epoch=62/80 loss=0.087544 seconds=0.11
epoch=63/80 loss=0.108357 seconds=0.11
epoch=64/80 loss=0.115218 seconds=0.11
epoch=65/80 loss=0.135969 seconds=0.11
epoch=66/80 loss=0.111690 seconds=0.11
epoch=67/80 loss=0.102896 seconds=0.09
epoch=68/80 loss=0.053493 seconds=0.11
epoch=69/80 loss=0.123353 seconds=0.11
epoch=70/80 loss=0.058382 seconds=0.11
epoch=71/80 loss=0.063612 seconds=0.11
epoch=72/80 loss=0.098418 seconds=0.09
epoch=73/80 loss=0.107709 seconds=0.11
epoch=74/80 loss=0.117919 seconds=0.11
epoch=75/80 loss=0.053262 seconds=0.11
epoch=76/80 loss=0.086898 seconds=0.11
epoch=77/80 loss=0.060095 seconds=0.11
epoch=78/80 loss=0.060223 seconds=0.09
epoch=79/80 loss=0.036633 seconds=0.11
epoch=80/80 loss=0.020168 seconds=0.11
fold=3/10 OOF_accuracy=0.733333 OOF_AUC=0.806818
Device=cuda; epochs=80; batch=32; model=PointNetDual
epoch=1/80 loss=0.722585 seconds=0.09
epoch=2/80 loss=0.639671 seconds=0.11
epoch=3/80 loss=0.617937 seconds=0.11
epoch=4/80 loss=0.546842 seconds=0.11
epoch=5/80 loss=0.464720 seconds=0.11
epoch=6/80 loss=0.441260 seconds=0.09
epoch=7/80 loss=0.407856 seconds=0.11
epoch=8/80 loss=0.385878 seconds=0.11
epoch=9/80 loss=0.332285 seconds=0.11
epoch=10/80 loss=0.274395 seconds=0.11
epoch=11/80 loss=0.301666 seconds=0.11
epoch=12/80 loss=0.403466 seconds=0.11
epoch=13/80 loss=0.358093 seconds=0.09
epoch=14/80 loss=0.320002 seconds=0.11
epoch=15/80 loss=0.209170 seconds=0.11
epoch=16/80 loss=0.297479 seconds=0.11
epoch=17/80 loss=0.161181 seconds=0.11
epoch=18/80 loss=0.173557 seconds=0.11
epoch=19/80 loss=0.182992 seconds=0.11
epoch=20/80 loss=0.185695 seconds=0.11
epoch=21/80 loss=0.253133 seconds=0.09
epoch=22/80 loss=0.181867 seconds=0.11
epoch=23/80 loss=0.137257 seconds=0.11
epoch=24/80 loss=0.160286 seconds=0.11
epoch=25/80 loss=0.182637 seconds=0.11
epoch=26/80 loss=0.150985 seconds=0.11
epoch=27/80 loss=0.227839 seconds=0.11
epoch=28/80 loss=0.293372 seconds=0.12
epoch=29/80 loss=0.198138 seconds=0.11
epoch=30/80 loss=0.196278 seconds=0.11
epoch=31/80 loss=0.219965 seconds=0.11
epoch=32/80 loss=0.239453 seconds=0.09
epoch=33/80 loss=0.168012 seconds=0.11
epoch=34/80 loss=0.120861 seconds=0.11
epoch=35/80 loss=0.161902 seconds=0.11
epoch=36/80 loss=0.221286 seconds=0.11
epoch=37/80 loss=0.194777 seconds=0.11
epoch=38/80 loss=0.174517 seconds=0.11
epoch=39/80 loss=0.170169 seconds=0.11
epoch=40/80 loss=0.214847 seconds=0.09
epoch=41/80 loss=0.102437 seconds=0.11
epoch=42/80 loss=0.112545 seconds=0.11
epoch=43/80 loss=0.167696 seconds=0.11
epoch=44/80 loss=0.110326 seconds=0.11
epoch=45/80 loss=0.099920 seconds=0.11
epoch=46/80 loss=0.116073 seconds=0.09
epoch=47/80 loss=0.098410 seconds=0.11
epoch=48/80 loss=0.108661 seconds=0.11
epoch=49/80 loss=0.150830 seconds=0.11
epoch=50/80 loss=0.118665 seconds=0.11
epoch=51/80 loss=0.105317 seconds=0.11
epoch=52/80 loss=0.099689 seconds=0.09
epoch=53/80 loss=0.150305 seconds=0.11
epoch=54/80 loss=0.239946 seconds=0.11
epoch=55/80 loss=0.178745 seconds=0.11
epoch=56/80 loss=0.188835 seconds=0.11
epoch=57/80 loss=0.154191 seconds=0.09
epoch=58/80 loss=0.118578 seconds=0.11
epoch=59/80 loss=0.119544 seconds=0.11
epoch=60/80 loss=0.128867 seconds=0.11
epoch=61/80 loss=0.088370 seconds=0.11
epoch=62/80 loss=0.084689 seconds=0.11
epoch=63/80 loss=0.067292 seconds=0.09
epoch=64/80 loss=0.079668 seconds=0.11
epoch=65/80 loss=0.109788 seconds=0.11
epoch=66/80 loss=0.186716 seconds=0.11
epoch=67/80 loss=0.072439 seconds=0.11
epoch=68/80 loss=0.130547 seconds=0.09
epoch=69/80 loss=0.182708 seconds=0.11
epoch=70/80 loss=0.059896 seconds=0.11
epoch=71/80 loss=0.070549 seconds=0.11
epoch=72/80 loss=0.093155 seconds=0.11
epoch=73/80 loss=0.037433 seconds=0.09
epoch=74/80 loss=0.097414 seconds=0.09
epoch=75/80 loss=0.024003 seconds=0.11
epoch=76/80 loss=0.054874 seconds=0.11
epoch=77/80 loss=0.032208 seconds=0.11
epoch=78/80 loss=0.039603 seconds=0.11
epoch=79/80 loss=0.073429 seconds=0.11
epoch=80/80 loss=0.137331 seconds=0.11
fold=4/10 OOF_accuracy=0.800000 OOF_AUC=0.744318
Device=cuda; epochs=80; batch=32; model=PointNetDual
epoch=1/80 loss=0.748742 seconds=0.16
epoch=2/80 loss=0.594908 seconds=0.11
epoch=3/80 loss=0.639437 seconds=0.11
epoch=4/80 loss=0.508418 seconds=0.11
epoch=5/80 loss=0.404929 seconds=0.11
epoch=6/80 loss=0.361379 seconds=0.11
epoch=7/80 loss=0.400569 seconds=0.11
epoch=8/80 loss=0.347709 seconds=0.11
epoch=9/80 loss=0.258577 seconds=0.11
epoch=10/80 loss=0.385606 seconds=0.11
epoch=11/80 loss=0.376457 seconds=0.11
epoch=12/80 loss=0.244288 seconds=0.11
epoch=13/80 loss=0.225122 seconds=0.11
epoch=14/80 loss=0.179602 seconds=0.11
epoch=15/80 loss=0.232638 seconds=0.11
epoch=16/80 loss=0.250893 seconds=0.11
epoch=17/80 loss=0.148099 seconds=0.11
epoch=18/80 loss=0.181447 seconds=0.11
epoch=19/80 loss=0.192446 seconds=0.11
epoch=20/80 loss=0.263192 seconds=0.11
epoch=21/80 loss=0.235994 seconds=0.11
epoch=22/80 loss=0.285099 seconds=0.11
epoch=23/80 loss=0.272367 seconds=0.11
epoch=24/80 loss=0.219544 seconds=0.11
epoch=25/80 loss=0.162449 seconds=0.11
epoch=26/80 loss=0.110785 seconds=0.11
epoch=27/80 loss=0.082560 seconds=0.12
epoch=28/80 loss=0.103799 seconds=0.09
epoch=29/80 loss=0.127695 seconds=0.11
epoch=30/80 loss=0.344466 seconds=0.11
epoch=31/80 loss=0.335905 seconds=0.11
epoch=32/80 loss=0.255622 seconds=0.12
epoch=33/80 loss=0.191165 seconds=0.11
epoch=34/80 loss=0.128699 seconds=0.11
epoch=35/80 loss=0.144711 seconds=0.11
epoch=36/80 loss=0.085848 seconds=0.12
epoch=37/80 loss=0.072641 seconds=0.09
epoch=38/80 loss=0.130830 seconds=0.11
epoch=39/80 loss=0.152094 seconds=0.11
epoch=40/80 loss=0.204466 seconds=0.11
epoch=41/80 loss=0.182326 seconds=0.11
epoch=42/80 loss=0.163793 seconds=0.11
epoch=43/80 loss=0.148961 seconds=0.11
epoch=44/80 loss=0.181997 seconds=0.11
epoch=45/80 loss=0.072668 seconds=0.11
epoch=46/80 loss=0.158274 seconds=0.11
epoch=47/80 loss=0.195122 seconds=0.12
epoch=48/80 loss=0.193375 seconds=0.11
epoch=49/80 loss=0.142661 seconds=0.09
epoch=50/80 loss=0.105767 seconds=0.12
epoch=51/80 loss=0.073254 seconds=0.11
epoch=52/80 loss=0.050517 seconds=0.11
epoch=53/80 loss=0.111161 seconds=0.11
epoch=54/80 loss=0.120656 seconds=0.11
epoch=55/80 loss=0.252916 seconds=0.11
epoch=56/80 loss=0.255521 seconds=0.11
epoch=57/80 loss=0.076641 seconds=0.11
epoch=58/80 loss=0.099445 seconds=0.11
epoch=59/80 loss=0.087054 seconds=0.11
epoch=60/80 loss=0.108632 seconds=0.11
epoch=61/80 loss=0.047021 seconds=0.11
epoch=62/80 loss=0.034501 seconds=0.11
epoch=63/80 loss=0.152398 seconds=0.11
epoch=64/80 loss=0.155359 seconds=0.11
epoch=65/80 loss=0.153033 seconds=0.11
epoch=66/80 loss=0.190271 seconds=0.11
epoch=67/80 loss=0.122410 seconds=0.11
epoch=68/80 loss=0.097548 seconds=0.11
epoch=69/80 loss=0.110426 seconds=0.11
epoch=70/80 loss=0.107181 seconds=0.11
epoch=71/80 loss=0.053796 seconds=0.11
epoch=72/80 loss=0.065956 seconds=0.11
epoch=73/80 loss=0.100485 seconds=0.12
epoch=74/80 loss=0.075439 seconds=0.11
epoch=75/80 loss=0.067904 seconds=0.11
epoch=76/80 loss=0.085239 seconds=0.11
epoch=77/80 loss=0.128871 seconds=0.11
epoch=78/80 loss=0.105450 seconds=0.11
epoch=79/80 loss=0.147131 seconds=0.11
epoch=80/80 loss=0.111174 seconds=0.11
fold=5/10 OOF_accuracy=0.633333 OOF_AUC=0.721591
Device=cuda; epochs=80; batch=32; model=PointNetDual
epoch=1/80 loss=0.690311 seconds=0.11
epoch=2/80 loss=0.605090 seconds=0.11
epoch=3/80 loss=0.580204 seconds=0.11
epoch=4/80 loss=0.514086 seconds=0.12
epoch=5/80 loss=0.456286 seconds=0.11
epoch=6/80 loss=0.407810 seconds=0.11
epoch=7/80 loss=0.391218 seconds=0.11
epoch=8/80 loss=0.340044 seconds=0.11
epoch=9/80 loss=0.293982 seconds=0.11
epoch=10/80 loss=0.291982 seconds=0.11
epoch=11/80 loss=0.257234 seconds=0.11
epoch=12/80 loss=0.240894 seconds=0.11
epoch=13/80 loss=0.271652 seconds=0.11
epoch=14/80 loss=0.375694 seconds=0.11
epoch=15/80 loss=0.285165 seconds=0.11
epoch=16/80 loss=0.320538 seconds=0.11
epoch=17/80 loss=0.281266 seconds=0.11
epoch=18/80 loss=0.229985 seconds=0.11
epoch=19/80 loss=0.207437 seconds=0.11
epoch=20/80 loss=0.228521 seconds=0.11
epoch=21/80 loss=0.269931 seconds=0.11
epoch=22/80 loss=0.164427 seconds=0.11
epoch=23/80 loss=0.173776 seconds=0.11
epoch=24/80 loss=0.186575 seconds=0.11
epoch=25/80 loss=0.188714 seconds=0.11
epoch=26/80 loss=0.117521 seconds=0.11
epoch=27/80 loss=0.186143 seconds=0.11
epoch=28/80 loss=0.189196 seconds=0.11
epoch=29/80 loss=0.139129 seconds=0.11
epoch=30/80 loss=0.135781 seconds=0.11
epoch=31/80 loss=0.228827 seconds=0.11
epoch=32/80 loss=0.264602 seconds=0.11
epoch=33/80 loss=0.222294 seconds=0.11
epoch=34/80 loss=0.199265 seconds=0.11
epoch=35/80 loss=0.138453 seconds=0.11
epoch=36/80 loss=0.107143 seconds=0.11
epoch=37/80 loss=0.139883 seconds=0.11
epoch=38/80 loss=0.152120 seconds=0.11
epoch=39/80 loss=0.230890 seconds=0.11
epoch=40/80 loss=0.210824 seconds=0.11
epoch=41/80 loss=0.213876 seconds=0.11
epoch=42/80 loss=0.183765 seconds=0.11
epoch=43/80 loss=0.099257 seconds=0.11
epoch=44/80 loss=0.097752 seconds=0.11
epoch=45/80 loss=0.163098 seconds=0.11
epoch=46/80 loss=0.201116 seconds=0.11
epoch=47/80 loss=0.151101 seconds=0.12
epoch=48/80 loss=0.160422 seconds=0.11
epoch=49/80 loss=0.136563 seconds=0.11
epoch=50/80 loss=0.089096 seconds=0.11
epoch=51/80 loss=0.171136 seconds=0.09
epoch=52/80 loss=0.082432 seconds=0.09
epoch=53/80 loss=0.062399 seconds=0.11
epoch=54/80 loss=0.064317 seconds=0.12
epoch=55/80 loss=0.080144 seconds=0.11
epoch=56/80 loss=0.073443 seconds=0.11
epoch=57/80 loss=0.088150 seconds=0.11
epoch=58/80 loss=0.126899 seconds=0.11
epoch=59/80 loss=0.170220 seconds=0.11
epoch=60/80 loss=0.139131 seconds=0.11
epoch=61/80 loss=0.141791 seconds=0.11
epoch=62/80 loss=0.190341 seconds=0.11
epoch=63/80 loss=0.128024 seconds=0.11
epoch=64/80 loss=0.146811 seconds=0.11
epoch=65/80 loss=0.145690 seconds=0.11
epoch=66/80 loss=0.135493 seconds=0.11
epoch=67/80 loss=0.124396 seconds=0.11
epoch=68/80 loss=0.134404 seconds=0.11
epoch=69/80 loss=0.148313 seconds=0.11
epoch=70/80 loss=0.096942 seconds=0.11
epoch=71/80 loss=0.052519 seconds=0.11
epoch=72/80 loss=0.122973 seconds=0.11
epoch=73/80 loss=0.038270 seconds=0.11
epoch=74/80 loss=0.053873 seconds=0.11
epoch=75/80 loss=0.101953 seconds=0.11
epoch=76/80 loss=0.066540 seconds=0.11
epoch=77/80 loss=0.223362 seconds=0.11
epoch=78/80 loss=0.258678 seconds=0.11
epoch=79/80 loss=0.164183 seconds=0.11
epoch=80/80 loss=0.114562 seconds=0.11
fold=6/10 OOF_accuracy=0.600000 OOF_AUC=0.835227
Device=cuda; epochs=80; batch=32; model=PointNetDual
epoch=1/80 loss=0.729216 seconds=0.11
epoch=2/80 loss=0.667249 seconds=0.11
epoch=3/80 loss=0.607565 seconds=0.11
epoch=4/80 loss=0.557063 seconds=0.11
epoch=5/80 loss=0.496625 seconds=0.11
epoch=6/80 loss=0.433263 seconds=0.11
epoch=7/80 loss=0.391627 seconds=0.11
epoch=8/80 loss=0.307821 seconds=0.11
epoch=9/80 loss=0.388488 seconds=0.11
epoch=10/80 loss=0.318847 seconds=0.12
epoch=11/80 loss=0.279466 seconds=0.11
epoch=12/80 loss=0.286888 seconds=0.11
epoch=13/80 loss=0.279950 seconds=0.11
epoch=14/80 loss=0.291152 seconds=0.11
epoch=15/80 loss=0.218603 seconds=0.11
epoch=16/80 loss=0.256549 seconds=0.11
epoch=17/80 loss=0.179595 seconds=0.11
epoch=18/80 loss=0.298042 seconds=0.11
epoch=19/80 loss=0.293680 seconds=0.11
epoch=20/80 loss=0.452185 seconds=0.11
epoch=21/80 loss=0.307803 seconds=0.11
epoch=22/80 loss=0.253738 seconds=0.11
epoch=23/80 loss=0.300674 seconds=0.11
epoch=24/80 loss=0.157837 seconds=0.11
epoch=25/80 loss=0.207457 seconds=0.11
epoch=26/80 loss=0.127160 seconds=0.11
epoch=27/80 loss=0.114676 seconds=0.11
epoch=28/80 loss=0.101356 seconds=0.11
epoch=29/80 loss=0.145069 seconds=0.11
epoch=30/80 loss=0.157215 seconds=0.11
epoch=31/80 loss=0.189921 seconds=0.11
epoch=32/80 loss=0.155645 seconds=0.11
epoch=33/80 loss=0.185930 seconds=0.11
epoch=34/80 loss=0.217260 seconds=0.11
epoch=35/80 loss=0.190007 seconds=0.11
epoch=36/80 loss=0.132346 seconds=0.11
epoch=37/80 loss=0.138813 seconds=0.11
epoch=38/80 loss=0.108633 seconds=0.11
epoch=39/80 loss=0.078247 seconds=0.11
epoch=40/80 loss=0.069689 seconds=0.11
epoch=41/80 loss=0.088516 seconds=0.12
epoch=42/80 loss=0.259625 seconds=0.11
epoch=43/80 loss=0.132873 seconds=0.11
epoch=44/80 loss=0.118880 seconds=0.11
epoch=45/80 loss=0.163677 seconds=0.11
epoch=46/80 loss=0.172159 seconds=0.11
epoch=47/80 loss=0.135039 seconds=0.11
epoch=48/80 loss=0.166032 seconds=0.11
epoch=49/80 loss=0.169101 seconds=0.11
epoch=50/80 loss=0.171019 seconds=0.11
epoch=51/80 loss=0.131797 seconds=0.11
epoch=52/80 loss=0.087471 seconds=0.11
epoch=53/80 loss=0.165088 seconds=0.11
epoch=54/80 loss=0.183024 seconds=0.11
epoch=55/80 loss=0.094896 seconds=0.11
epoch=56/80 loss=0.102754 seconds=0.11
epoch=57/80 loss=0.126361 seconds=0.11
epoch=58/80 loss=0.130780 seconds=0.11
epoch=59/80 loss=0.157427 seconds=0.11
epoch=60/80 loss=0.134953 seconds=0.11
epoch=61/80 loss=0.102201 seconds=0.11
epoch=62/80 loss=0.095560 seconds=0.11
epoch=63/80 loss=0.126371 seconds=0.11
epoch=64/80 loss=0.129301 seconds=0.11
epoch=65/80 loss=0.200029 seconds=0.11
epoch=66/80 loss=0.090860 seconds=0.11
epoch=67/80 loss=0.088052 seconds=0.11
epoch=68/80 loss=0.116848 seconds=0.11
epoch=69/80 loss=0.218022 seconds=0.11
epoch=70/80 loss=0.134792 seconds=0.12
epoch=71/80 loss=0.121495 seconds=0.11
epoch=72/80 loss=0.084321 seconds=0.11
epoch=73/80 loss=0.088767 seconds=0.11
epoch=74/80 loss=0.095680 seconds=0.11
epoch=75/80 loss=0.121041 seconds=0.11
epoch=76/80 loss=0.137278 seconds=0.11
epoch=77/80 loss=0.134012 seconds=0.11
epoch=78/80 loss=0.156523 seconds=0.11
epoch=79/80 loss=0.169320 seconds=0.11
epoch=80/80 loss=0.133292 seconds=0.11
fold=7/10 OOF_accuracy=0.800000 OOF_AUC=0.767045
Device=cuda; epochs=80; batch=32; model=PointNetDual
epoch=1/80 loss=0.732742 seconds=0.11
epoch=2/80 loss=0.600430 seconds=0.11
epoch=3/80 loss=0.481914 seconds=0.11
epoch=4/80 loss=0.439391 seconds=0.11
epoch=5/80 loss=0.422207 seconds=0.11
epoch=6/80 loss=0.421817 seconds=0.12
epoch=7/80 loss=0.317384 seconds=0.11
epoch=8/80 loss=0.254853 seconds=0.11
epoch=9/80 loss=0.194992 seconds=0.11
epoch=10/80 loss=0.186791 seconds=0.11
epoch=11/80 loss=0.229237 seconds=0.11
epoch=12/80 loss=0.454290 seconds=0.11
epoch=13/80 loss=0.406823 seconds=0.11
epoch=14/80 loss=0.281804 seconds=0.11
epoch=15/80 loss=0.205037 seconds=0.11
epoch=16/80 loss=0.261561 seconds=0.11
epoch=17/80 loss=0.188627 seconds=0.11
epoch=18/80 loss=0.138655 seconds=0.11
epoch=19/80 loss=0.161689 seconds=0.11
epoch=20/80 loss=0.227433 seconds=0.11
epoch=21/80 loss=0.220338 seconds=0.11
epoch=22/80 loss=0.248723 seconds=0.11
epoch=23/80 loss=0.145398 seconds=0.11
epoch=24/80 loss=0.096669 seconds=0.11
epoch=25/80 loss=0.119270 seconds=0.11
epoch=26/80 loss=0.141879 seconds=0.11
epoch=27/80 loss=0.157100 seconds=0.11
epoch=28/80 loss=0.220233 seconds=0.11
epoch=29/80 loss=0.122053 seconds=0.11
epoch=30/80 loss=0.154796 seconds=0.11
epoch=31/80 loss=0.153114 seconds=0.12
epoch=32/80 loss=0.134884 seconds=0.09
epoch=33/80 loss=0.121961 seconds=0.11
epoch=34/80 loss=0.328195 seconds=0.09
epoch=35/80 loss=0.320396 seconds=0.12
epoch=36/80 loss=0.267889 seconds=0.09
epoch=37/80 loss=0.205181 seconds=0.12
epoch=38/80 loss=0.227194 seconds=0.11
epoch=39/80 loss=0.146289 seconds=0.11
epoch=40/80 loss=0.184720 seconds=0.09
epoch=41/80 loss=0.147076 seconds=0.11
epoch=42/80 loss=0.194912 seconds=0.12
epoch=43/80 loss=0.084168 seconds=0.11
epoch=44/80 loss=0.134030 seconds=0.11
epoch=45/80 loss=0.117588 seconds=0.11
epoch=46/80 loss=0.141711 seconds=0.11
epoch=47/80 loss=0.093196 seconds=0.11
epoch=48/80 loss=0.096920 seconds=0.11
epoch=49/80 loss=0.092285 seconds=0.11
epoch=50/80 loss=0.103665 seconds=0.11
epoch=51/80 loss=0.216631 seconds=0.11
epoch=52/80 loss=0.107178 seconds=0.11
epoch=53/80 loss=0.108269 seconds=0.11
epoch=54/80 loss=0.064904 seconds=0.11
epoch=55/80 loss=0.060006 seconds=0.11
epoch=56/80 loss=0.061184 seconds=0.11
epoch=57/80 loss=0.035194 seconds=0.11
epoch=58/80 loss=0.084986 seconds=0.11
epoch=59/80 loss=0.157847 seconds=0.11
epoch=60/80 loss=0.127131 seconds=0.11
epoch=61/80 loss=0.156126 seconds=0.11
epoch=62/80 loss=0.095330 seconds=0.11
epoch=63/80 loss=0.130044 seconds=0.11
epoch=64/80 loss=0.073567 seconds=0.11
epoch=65/80 loss=0.153054 seconds=0.11
epoch=66/80 loss=0.083123 seconds=0.11
epoch=67/80 loss=0.094486 seconds=0.11
epoch=68/80 loss=0.119839 seconds=0.11
epoch=69/80 loss=0.160534 seconds=0.11
epoch=70/80 loss=0.121489 seconds=0.11
epoch=71/80 loss=0.084401 seconds=0.11
epoch=72/80 loss=0.072597 seconds=0.11
epoch=73/80 loss=0.027390 seconds=0.09
epoch=74/80 loss=0.088671 seconds=0.11
epoch=75/80 loss=0.289439 seconds=0.11
epoch=76/80 loss=0.236487 seconds=0.11
epoch=77/80 loss=0.150472 seconds=0.11
epoch=78/80 loss=0.105843 seconds=0.11
epoch=79/80 loss=0.095987 seconds=0.11
epoch=80/80 loss=0.073196 seconds=0.11
fold=8/10 OOF_accuracy=0.633333 OOF_AUC=0.710227
Device=cuda; epochs=80; batch=32; model=PointNetDual
epoch=1/80 loss=0.713661 seconds=0.11
epoch=2/80 loss=0.665876 seconds=0.11
epoch=3/80 loss=0.535166 seconds=0.11
epoch=4/80 loss=0.492386 seconds=0.11
epoch=5/80 loss=0.462381 seconds=0.11
epoch=6/80 loss=0.493837 seconds=0.11
epoch=7/80 loss=0.397848 seconds=0.11
epoch=8/80 loss=0.351895 seconds=0.11
epoch=9/80 loss=0.383678 seconds=0.11
epoch=10/80 loss=0.365694 seconds=0.11
epoch=11/80 loss=0.289385 seconds=0.11
epoch=12/80 loss=0.383803 seconds=0.11
epoch=13/80 loss=0.287577 seconds=0.11
epoch=14/80 loss=0.316836 seconds=0.11
epoch=15/80 loss=0.282412 seconds=0.11
epoch=16/80 loss=0.257167 seconds=0.11
epoch=17/80 loss=0.200316 seconds=0.11
epoch=18/80 loss=0.169840 seconds=0.11
epoch=19/80 loss=0.153210 seconds=0.11
epoch=20/80 loss=0.276354 seconds=0.11
epoch=21/80 loss=0.310598 seconds=0.11
epoch=22/80 loss=0.250207 seconds=0.11
epoch=23/80 loss=0.270104 seconds=0.11
epoch=24/80 loss=0.174017 seconds=0.11
epoch=25/80 loss=0.181105 seconds=0.11
epoch=26/80 loss=0.342454 seconds=0.11
epoch=27/80 loss=0.494464 seconds=0.11
epoch=28/80 loss=0.370122 seconds=0.11
epoch=29/80 loss=0.267788 seconds=0.11
epoch=30/80 loss=0.217562 seconds=0.11
epoch=31/80 loss=0.189809 seconds=0.11
epoch=32/80 loss=0.180993 seconds=0.11
epoch=33/80 loss=0.181168 seconds=0.12
epoch=34/80 loss=0.273238 seconds=0.11
epoch=35/80 loss=0.268518 seconds=0.11
epoch=36/80 loss=0.224320 seconds=0.11
epoch=37/80 loss=0.131230 seconds=0.11
epoch=38/80 loss=0.106030 seconds=0.11
epoch=39/80 loss=0.100943 seconds=0.11
epoch=40/80 loss=0.097317 seconds=0.11
epoch=41/80 loss=0.056219 seconds=0.11
epoch=42/80 loss=0.076661 seconds=0.11
epoch=43/80 loss=0.117778 seconds=0.11
epoch=44/80 loss=0.177502 seconds=0.11
epoch=45/80 loss=0.234296 seconds=0.11
epoch=46/80 loss=0.197631 seconds=0.11
epoch=47/80 loss=0.129217 seconds=0.11
epoch=48/80 loss=0.131050 seconds=0.11
epoch=49/80 loss=0.105128 seconds=0.11
epoch=50/80 loss=0.085295 seconds=0.11
epoch=51/80 loss=0.074302 seconds=0.11
epoch=52/80 loss=0.047210 seconds=0.11
epoch=53/80 loss=0.074376 seconds=0.11
epoch=54/80 loss=0.189738 seconds=0.11
epoch=55/80 loss=0.086183 seconds=0.11
epoch=56/80 loss=0.107172 seconds=0.11
epoch=57/80 loss=0.069661 seconds=0.11
epoch=58/80 loss=0.087607 seconds=0.11
epoch=59/80 loss=0.135927 seconds=0.11
epoch=60/80 loss=0.152233 seconds=0.11
epoch=61/80 loss=0.136505 seconds=0.11
epoch=62/80 loss=0.103119 seconds=0.11
epoch=63/80 loss=0.095065 seconds=0.11
epoch=64/80 loss=0.077103 seconds=0.11
epoch=65/80 loss=0.156204 seconds=0.11
epoch=66/80 loss=0.121268 seconds=0.11
epoch=67/80 loss=0.098472 seconds=0.11
epoch=68/80 loss=0.052548 seconds=0.11
epoch=69/80 loss=0.078403 seconds=0.11
epoch=70/80 loss=0.051363 seconds=0.11
epoch=71/80 loss=0.060288 seconds=0.11
epoch=72/80 loss=0.092615 seconds=0.11
epoch=73/80 loss=0.054447 seconds=0.11
epoch=74/80 loss=0.080324 seconds=0.11
epoch=75/80 loss=0.031032 seconds=0.11
epoch=76/80 loss=0.119697 seconds=0.11
epoch=77/80 loss=0.099269 seconds=0.12
epoch=78/80 loss=0.142031 seconds=0.11
epoch=79/80 loss=0.170204 seconds=0.11
epoch=80/80 loss=0.131559 seconds=0.11
fold=9/10 OOF_accuracy=0.566667 OOF_AUC=0.647727
Device=cuda; epochs=80; batch=32; model=PointNetDual
epoch=1/80 loss=0.726138 seconds=0.11
epoch=2/80 loss=0.625896 seconds=0.11
epoch=3/80 loss=0.613718 seconds=0.11
epoch=4/80 loss=0.588516 seconds=0.12
epoch=5/80 loss=0.456889 seconds=0.11
epoch=6/80 loss=0.432673 seconds=0.11
epoch=7/80 loss=0.468453 seconds=0.11
epoch=8/80 loss=0.416207 seconds=0.11
epoch=9/80 loss=0.362511 seconds=0.11
epoch=10/80 loss=0.299419 seconds=0.11
epoch=11/80 loss=0.307203 seconds=0.11
epoch=12/80 loss=0.361768 seconds=0.11
epoch=13/80 loss=0.414295 seconds=0.11
epoch=14/80 loss=0.336261 seconds=0.11
epoch=15/80 loss=0.246476 seconds=0.11
epoch=16/80 loss=0.288952 seconds=0.11
epoch=17/80 loss=0.186498 seconds=0.11
epoch=18/80 loss=0.170012 seconds=0.11
epoch=19/80 loss=0.317132 seconds=0.11
epoch=20/80 loss=0.214676 seconds=0.11
epoch=21/80 loss=0.233903 seconds=0.11
epoch=22/80 loss=0.235925 seconds=0.11
epoch=23/80 loss=0.176351 seconds=0.11
epoch=24/80 loss=0.161399 seconds=0.11
epoch=25/80 loss=0.276643 seconds=0.11
epoch=26/80 loss=0.260793 seconds=0.11
epoch=27/80 loss=0.159920 seconds=0.11
epoch=28/80 loss=0.182177 seconds=0.11
epoch=29/80 loss=0.127509 seconds=0.11
epoch=30/80 loss=0.147682 seconds=0.11
epoch=31/80 loss=0.134453 seconds=0.11
epoch=32/80 loss=0.093881 seconds=0.11
epoch=33/80 loss=0.169087 seconds=0.11
epoch=34/80 loss=0.122557 seconds=0.11
epoch=35/80 loss=0.192897 seconds=0.11
epoch=36/80 loss=0.227228 seconds=0.11
epoch=37/80 loss=0.215677 seconds=0.11
epoch=38/80 loss=0.165352 seconds=0.11
epoch=39/80 loss=0.160727 seconds=0.11
epoch=40/80 loss=0.142189 seconds=0.11
epoch=41/80 loss=0.115218 seconds=0.11
epoch=42/80 loss=0.138235 seconds=0.11
epoch=43/80 loss=0.117908 seconds=0.11
epoch=44/80 loss=0.106023 seconds=0.11
epoch=45/80 loss=0.115095 seconds=0.11
epoch=46/80 loss=0.127267 seconds=0.11
epoch=47/80 loss=0.064021 seconds=0.11
epoch=48/80 loss=0.101714 seconds=0.11
epoch=49/80 loss=0.094622 seconds=0.11
epoch=50/80 loss=0.089370 seconds=0.11
epoch=51/80 loss=0.107061 seconds=0.12
epoch=52/80 loss=0.147532 seconds=0.11
epoch=53/80 loss=0.146922 seconds=0.11
epoch=54/80 loss=0.149976 seconds=0.09
epoch=55/80 loss=0.176509 seconds=0.11
epoch=56/80 loss=0.134997 seconds=0.12
epoch=57/80 loss=0.125509 seconds=0.11
epoch=58/80 loss=0.096164 seconds=0.11
epoch=59/80 loss=0.119650 seconds=0.11
epoch=60/80 loss=0.082541 seconds=0.11
epoch=61/80 loss=0.102641 seconds=0.11
epoch=62/80 loss=0.077312 seconds=0.11
epoch=63/80 loss=0.080350 seconds=0.11
epoch=64/80 loss=0.120079 seconds=0.11
epoch=65/80 loss=0.079049 seconds=0.11
epoch=66/80 loss=0.149924 seconds=0.11
epoch=67/80 loss=0.171660 seconds=0.11
epoch=68/80 loss=0.140875 seconds=0.11
epoch=69/80 loss=0.089052 seconds=0.11
epoch=70/80 loss=0.061642 seconds=0.11
epoch=71/80 loss=0.066643 seconds=0.11
epoch=72/80 loss=0.122381 seconds=0.11
epoch=73/80 loss=0.076034 seconds=0.11
epoch=74/80 loss=0.108469 seconds=0.11
epoch=75/80 loss=0.045216 seconds=0.11
epoch=76/80 loss=0.065001 seconds=0.11
epoch=77/80 loss=0.057106 seconds=0.11
epoch=78/80 loss=0.173657 seconds=0.11
epoch=79/80 loss=0.315563 seconds=0.11
epoch=80/80 loss=0.104889 seconds=0.11
fold=10/10 OOF_accuracy=0.566667 OOF_AUC=0.476190
Device=cuda; epochs=80; batch=32; model=PointNetDual
epoch=1/80 loss=0.749025 seconds=0.12
epoch=2/80 loss=0.653908 seconds=0.11
epoch=3/80 loss=0.577845 seconds=0.12
epoch=4/80 loss=0.529672 seconds=0.12
epoch=5/80 loss=0.541373 seconds=0.11
epoch=6/80 loss=0.479598 seconds=0.12
epoch=7/80 loss=0.433996 seconds=0.12
epoch=8/80 loss=0.430958 seconds=0.12
epoch=9/80 loss=0.459570 seconds=0.12
epoch=10/80 loss=0.404062 seconds=0.12
epoch=11/80 loss=0.329954 seconds=0.11
epoch=12/80 loss=0.318566 seconds=0.12
epoch=13/80 loss=0.282943 seconds=0.12
epoch=14/80 loss=0.308475 seconds=0.12
epoch=15/80 loss=0.265464 seconds=0.11
epoch=16/80 loss=0.234321 seconds=0.12
epoch=17/80 loss=0.239422 seconds=0.12
epoch=18/80 loss=0.293161 seconds=0.12
epoch=19/80 loss=0.276002 seconds=0.12
epoch=20/80 loss=0.249453 seconds=0.11
epoch=21/80 loss=0.280308 seconds=0.12
epoch=22/80 loss=0.211874 seconds=0.12
epoch=23/80 loss=0.274297 seconds=0.12
epoch=24/80 loss=0.217478 seconds=0.11
epoch=25/80 loss=0.216870 seconds=0.12
epoch=26/80 loss=0.232164 seconds=0.12
epoch=27/80 loss=0.151463 seconds=0.12
epoch=28/80 loss=0.273708 seconds=0.11
epoch=29/80 loss=0.195667 seconds=0.12
epoch=30/80 loss=0.136386 seconds=0.12
epoch=31/80 loss=0.152161 seconds=0.11
epoch=32/80 loss=0.203044 seconds=0.12
epoch=33/80 loss=0.195952 seconds=0.12
epoch=34/80 loss=0.117406 seconds=0.12
epoch=35/80 loss=0.189802 seconds=0.11
epoch=36/80 loss=0.306083 seconds=0.12
epoch=37/80 loss=0.376285 seconds=0.12
epoch=38/80 loss=0.398973 seconds=0.12
epoch=39/80 loss=0.281724 seconds=0.12
epoch=40/80 loss=0.242296 seconds=0.11
epoch=41/80 loss=0.243269 seconds=0.12
epoch=42/80 loss=0.173360 seconds=0.12
epoch=43/80 loss=0.243629 seconds=0.12
epoch=44/80 loss=0.155962 seconds=0.11
epoch=45/80 loss=0.105358 seconds=0.12
epoch=46/80 loss=0.120607 seconds=0.12
epoch=47/80 loss=0.214507 seconds=0.11
epoch=48/80 loss=0.155588 seconds=0.12
epoch=49/80 loss=0.095978 seconds=0.12
epoch=50/80 loss=0.126147 seconds=0.12
epoch=51/80 loss=0.116422 seconds=0.11
epoch=52/80 loss=0.138016 seconds=0.12
epoch=53/80 loss=0.152783 seconds=0.12
epoch=54/80 loss=0.153352 seconds=0.11
epoch=55/80 loss=0.160551 seconds=0.12
epoch=56/80 loss=0.105402 seconds=0.12
epoch=57/80 loss=0.121586 seconds=0.12
epoch=58/80 loss=0.102478 seconds=0.11
epoch=59/80 loss=0.165173 seconds=0.12
epoch=60/80 loss=0.079782 seconds=0.12
epoch=61/80 loss=0.134603 seconds=0.12
epoch=62/80 loss=0.094783 seconds=0.12
epoch=63/80 loss=0.209336 seconds=0.11
epoch=64/80 loss=0.124535 seconds=0.12
epoch=65/80 loss=0.108003 seconds=0.11
epoch=66/80 loss=0.105289 seconds=0.12
epoch=67/80 loss=0.102058 seconds=0.11
epoch=68/80 loss=0.129747 seconds=0.12
epoch=69/80 loss=0.121436 seconds=0.12
epoch=70/80 loss=0.071378 seconds=0.11
epoch=71/80 loss=0.057471 seconds=0.12
epoch=72/80 loss=0.043259 seconds=0.11
epoch=73/80 loss=0.038209 seconds=0.12
epoch=74/80 loss=0.182157 seconds=0.12
epoch=75/80 loss=0.156029 seconds=0.12
epoch=76/80 loss=0.065680 seconds=0.11
epoch=77/80 loss=0.109647 seconds=0.12
epoch=78/80 loss=0.131995 seconds=0.11
epoch=79/80 loss=0.096510 seconds=0.12
epoch=80/80 loss=0.127977 seconds=0.11
{"cv_oof": {"accuracy": 0.68, "balanced_accuracy": 0.6602401488246237, "sensitivity": 0.6172839506172839, "specificity": 0.7031963470319634, "f1_macro": 0.6362901596282078, "roc_auc": 0.7466599019110435, "confusion_matrix": [[154, 65], [31, 50]], "classification_report": {"0": {"precision": 0.8324324324324325, "recall": 0.7031963470319634, "f1-score": 0.7623762376237624, "support": 219.0}, "1": {"precision": 0.43478260869565216, "recall": 0.6172839506172839, "f1-score": 0.5102040816326531, "support": 81.0}, "accuracy": 0.68, "macro avg": {"precision": 0.6336075205640423, "recall": 0.6602401488246237, "f1-score": 0.6362901596282078, "support": 300.0}, "weighted avg": {"precision": 0.7250669800235018, "recall": 0.68, "f1-score": 0.6942897555061629, "support": 300.0}}}, "test": {"accuracy": 0.7012987012987013, "balanced_accuracy": 0.6607142857142857, "sensitivity": 0.5714285714285714, "specificity": 0.75, "f1_macro": 0.6478425134221515, "roc_auc": 0.7134353741496599, "confusion_matrix": [[42, 14], [9, 12]], "classification_report": {"0": {"precision": 0.8235294117647058, "recall": 0.75, "f1-score": 0.7850467289719626, "support": 56.0}, "1": {"precision": 0.46153846153846156, "recall": 0.5714285714285714, "f1-score": 0.5106382978723404, "support": 21.0}, "accuracy": 0.7012987012987013, "macro avg": {"precision": 0.6425339366515836, "recall": 0.6607142857142857, "f1-score": 0.6478425134221515, "support": 77.0}, "weighted avg": {"precision": 0.7248046071575484, "recall": 0.7012987012987013, "f1-score": 0.7102080659447929, "support": 77.0}}}, "folds": 10, "original_train_rows": 300, "train_rows": 300, "test_rows": 77, "elapsed_seconds": 100.28200000000652}
