Command: ["C:\\Users\\IHCK\\AppData\\Local\\Programs\\Python\\Python312\\python.exe", "-u", "C:\\Users\\IHCK\\Desktop\\1_10_69Final\\Hippocampal-Shape-Analysis-for-Epilepsy-Detection\\Model\\train_dataset_model.py", "--dataset", "pointnet_raw", "--side", "left", "--model", "PointNet", "--kind", "xyz", "--train-csv", "C:\\Users\\IHCK\\Desktop\\1_10_69Final\\Hippocampal-Shape-Analysis-for-Epilepsy-Detection\\Output_Dataset\\pointnet_raw\\left\\train_prepared.csv", "--test-csv", "C:\\Users\\IHCK\\Desktop\\1_10_69Final\\Hippocampal-Shape-Analysis-for-Epilepsy-Detection\\Output_Dataset\\pointnet_raw\\left\\test_prepared.csv", "--output-dir", "C:\\Users\\IHCK\\Desktop\\1_10_69Final\\Hippocampal-Shape-Analysis-for-Epilepsy-Detection\\Model_Results\\dataset_runs_20261003_10fold\\pointnet_raw\\left\\PointNet", "--epochs", "80", "--folds", "10", "--pls-components", "8", "--seed", "42", "--threads", "2"]
10-fold CV: dataset=pointnet_raw side=left model=PointNet; original_train=300 test=73
Device=cuda; epochs=80; batch=32; model=PointNetDual
epoch=1/80 loss=0.714419 seconds=0.55
epoch=2/80 loss=0.555755 seconds=0.09
epoch=3/80 loss=0.431596 seconds=0.11
epoch=4/80 loss=0.430295 seconds=0.11
epoch=5/80 loss=0.416780 seconds=0.11
epoch=6/80 loss=0.347946 seconds=0.11
epoch=7/80 loss=0.325652 seconds=0.11
epoch=8/80 loss=0.374619 seconds=0.11
epoch=9/80 loss=0.276600 seconds=0.12
epoch=10/80 loss=0.242430 seconds=0.11
epoch=11/80 loss=0.263444 seconds=0.12
epoch=12/80 loss=0.310517 seconds=0.12
epoch=13/80 loss=0.304738 seconds=0.12
epoch=14/80 loss=0.164514 seconds=0.12
epoch=15/80 loss=0.130242 seconds=0.12
epoch=16/80 loss=0.148567 seconds=0.16
epoch=17/80 loss=0.140979 seconds=0.12
epoch=18/80 loss=0.238800 seconds=0.12
epoch=19/80 loss=0.295613 seconds=0.14
epoch=20/80 loss=0.322523 seconds=0.12
epoch=21/80 loss=0.285205 seconds=0.12
epoch=22/80 loss=0.212182 seconds=0.12
epoch=23/80 loss=0.222502 seconds=0.11
epoch=24/80 loss=0.233027 seconds=0.12
epoch=25/80 loss=0.194714 seconds=0.11
epoch=26/80 loss=0.182336 seconds=0.11
epoch=27/80 loss=0.196720 seconds=0.11
epoch=28/80 loss=0.185056 seconds=0.11
epoch=29/80 loss=0.115948 seconds=0.11
epoch=30/80 loss=0.107862 seconds=0.11
epoch=31/80 loss=0.178435 seconds=0.11
epoch=32/80 loss=0.140456 seconds=0.11
epoch=33/80 loss=0.206096 seconds=0.12
epoch=34/80 loss=0.134809 seconds=0.11
epoch=35/80 loss=0.101939 seconds=0.11
epoch=36/80 loss=0.098563 seconds=0.11
epoch=37/80 loss=0.107451 seconds=0.11
epoch=38/80 loss=0.096905 seconds=0.11
epoch=39/80 loss=0.119334 seconds=0.09
epoch=40/80 loss=0.124312 seconds=0.12
epoch=41/80 loss=0.105921 seconds=0.12
epoch=42/80 loss=0.075314 seconds=0.11
epoch=43/80 loss=0.065086 seconds=0.12
epoch=44/80 loss=0.053242 seconds=0.09
epoch=45/80 loss=0.126076 seconds=0.12
epoch=46/80 loss=0.116841 seconds=0.12
epoch=47/80 loss=0.130149 seconds=0.12
epoch=48/80 loss=0.132083 seconds=0.12
epoch=49/80 loss=0.071109 seconds=0.12
epoch=50/80 loss=0.066597 seconds=0.11
epoch=51/80 loss=0.094540 seconds=0.12
epoch=52/80 loss=0.132774 seconds=0.12
epoch=53/80 loss=0.182080 seconds=0.11
epoch=54/80 loss=0.092487 seconds=0.11
epoch=55/80 loss=0.076078 seconds=0.11
epoch=56/80 loss=0.095177 seconds=0.11
epoch=57/80 loss=0.089398 seconds=0.11
epoch=58/80 loss=0.072414 seconds=0.11
epoch=59/80 loss=0.033078 seconds=0.12
epoch=60/80 loss=0.080455 seconds=0.11
epoch=61/80 loss=0.071143 seconds=0.11
epoch=62/80 loss=0.091268 seconds=0.11
epoch=63/80 loss=0.079942 seconds=0.11
epoch=64/80 loss=0.089667 seconds=0.11
epoch=65/80 loss=0.056569 seconds=0.11
epoch=66/80 loss=0.036624 seconds=0.12
epoch=67/80 loss=0.170147 seconds=0.11
epoch=68/80 loss=0.059294 seconds=0.11
epoch=69/80 loss=0.082453 seconds=0.11
epoch=70/80 loss=0.043433 seconds=0.11
epoch=71/80 loss=0.038842 seconds=0.11
epoch=72/80 loss=0.116727 seconds=0.11
epoch=73/80 loss=0.177303 seconds=0.12
epoch=74/80 loss=0.179274 seconds=0.12
epoch=75/80 loss=0.085399 seconds=0.14
epoch=76/80 loss=0.136157 seconds=0.14
epoch=77/80 loss=0.096604 seconds=0.12
epoch=78/80 loss=0.191825 seconds=0.14
epoch=79/80 loss=0.074850 seconds=0.12
epoch=80/80 loss=0.091044 seconds=0.11
fold=1/10 OOF_accuracy=0.733333 OOF_AUC=0.695000
Device=cuda; epochs=80; batch=32; model=PointNetDual
epoch=1/80 loss=0.743139 seconds=0.12
epoch=2/80 loss=0.623956 seconds=0.14
epoch=3/80 loss=0.510271 seconds=0.12
epoch=4/80 loss=0.372779 seconds=0.12
epoch=5/80 loss=0.380385 seconds=0.17
epoch=6/80 loss=0.321881 seconds=0.12
epoch=7/80 loss=0.341958 seconds=0.12
epoch=8/80 loss=0.362398 seconds=0.14
epoch=9/80 loss=0.296093 seconds=0.11
epoch=10/80 loss=0.240932 seconds=0.14
epoch=11/80 loss=0.172602 seconds=0.12
epoch=12/80 loss=0.223381 seconds=0.12
epoch=13/80 loss=0.270235 seconds=0.14
epoch=14/80 loss=0.228644 seconds=0.12
epoch=15/80 loss=0.195253 seconds=0.12
epoch=16/80 loss=0.185655 seconds=0.11
epoch=17/80 loss=0.170290 seconds=0.12
epoch=18/80 loss=0.189892 seconds=0.14
epoch=19/80 loss=0.270780 seconds=0.12
epoch=20/80 loss=0.350261 seconds=0.11
epoch=21/80 loss=0.306295 seconds=0.09
epoch=22/80 loss=0.223859 seconds=0.12
epoch=23/80 loss=0.167827 seconds=0.11
epoch=24/80 loss=0.138862 seconds=0.11
epoch=25/80 loss=0.108173 seconds=0.12
epoch=26/80 loss=0.135841 seconds=0.09
epoch=27/80 loss=0.126702 seconds=0.12
epoch=28/80 loss=0.135063 seconds=0.11
epoch=29/80 loss=0.086278 seconds=0.11
epoch=30/80 loss=0.111714 seconds=0.11
epoch=31/80 loss=0.093020 seconds=0.11
epoch=32/80 loss=0.171422 seconds=0.11
epoch=33/80 loss=0.247636 seconds=0.12
epoch=34/80 loss=0.205888 seconds=0.11
epoch=35/80 loss=0.125676 seconds=0.09
epoch=36/80 loss=0.115127 seconds=0.11
epoch=37/80 loss=0.103270 seconds=0.11
epoch=38/80 loss=0.133045 seconds=0.11
epoch=39/80 loss=0.174678 seconds=0.12
epoch=40/80 loss=0.138252 seconds=0.12
epoch=41/80 loss=0.102970 seconds=0.11
epoch=42/80 loss=0.050164 seconds=0.11
epoch=43/80 loss=0.036010 seconds=0.11
epoch=44/80 loss=0.070774 seconds=0.11
epoch=45/80 loss=0.101069 seconds=0.11
epoch=46/80 loss=0.131618 seconds=0.11
epoch=47/80 loss=0.096204 seconds=0.11
epoch=48/80 loss=0.091643 seconds=0.11
epoch=49/80 loss=0.141412 seconds=0.09
epoch=50/80 loss=0.098560 seconds=0.11
epoch=51/80 loss=0.094477 seconds=0.11
epoch=52/80 loss=0.064189 seconds=0.11
epoch=53/80 loss=0.044568 seconds=0.11
epoch=54/80 loss=0.032377 seconds=0.11
epoch=55/80 loss=0.038184 seconds=0.11
epoch=56/80 loss=0.044846 seconds=0.11
epoch=57/80 loss=0.067432 seconds=0.11
epoch=58/80 loss=0.088669 seconds=0.09
epoch=59/80 loss=0.124759 seconds=0.11
epoch=60/80 loss=0.256248 seconds=0.11
epoch=61/80 loss=0.067300 seconds=0.11
epoch=62/80 loss=0.130179 seconds=0.11
epoch=63/80 loss=0.125889 seconds=0.11
epoch=64/80 loss=0.170787 seconds=0.11
epoch=65/80 loss=0.098981 seconds=0.11
epoch=66/80 loss=0.089608 seconds=0.11
epoch=67/80 loss=0.084368 seconds=0.11
epoch=68/80 loss=0.081538 seconds=0.11
epoch=69/80 loss=0.146621 seconds=0.09
epoch=70/80 loss=0.068989 seconds=0.11
epoch=71/80 loss=0.043351 seconds=0.11
epoch=72/80 loss=0.066032 seconds=0.11
epoch=73/80 loss=0.031579 seconds=0.11
epoch=74/80 loss=0.042761 seconds=0.11
epoch=75/80 loss=0.061487 seconds=0.11
epoch=76/80 loss=0.118566 seconds=0.11
epoch=77/80 loss=0.077748 seconds=0.11
epoch=78/80 loss=0.091341 seconds=0.11
epoch=79/80 loss=0.157799 seconds=0.09
epoch=80/80 loss=0.084471 seconds=0.11
fold=2/10 OOF_accuracy=0.700000 OOF_AUC=0.670000
Device=cuda; epochs=80; batch=32; model=PointNetDual
epoch=1/80 loss=0.702718 seconds=0.11
epoch=2/80 loss=0.519078 seconds=0.09
epoch=3/80 loss=0.454406 seconds=0.11
epoch=4/80 loss=0.451782 seconds=0.11
epoch=5/80 loss=0.414990 seconds=0.11
epoch=6/80 loss=0.410209 seconds=0.11
epoch=7/80 loss=0.330720 seconds=0.11
epoch=8/80 loss=0.343550 seconds=0.11
epoch=9/80 loss=0.305660 seconds=0.11
epoch=10/80 loss=0.271246 seconds=0.11
epoch=11/80 loss=0.243750 seconds=0.11
epoch=12/80 loss=0.267790 seconds=0.11
epoch=13/80 loss=0.261570 seconds=0.11
epoch=14/80 loss=0.223652 seconds=0.11
epoch=15/80 loss=0.163423 seconds=0.11
epoch=16/80 loss=0.297767 seconds=0.11
epoch=17/80 loss=0.234079 seconds=0.11
epoch=18/80 loss=0.285069 seconds=0.11
epoch=19/80 loss=0.300122 seconds=0.12
epoch=20/80 loss=0.222909 seconds=0.11
epoch=21/80 loss=0.157497 seconds=0.11
epoch=22/80 loss=0.186928 seconds=0.11
epoch=23/80 loss=0.251913 seconds=0.11
epoch=24/80 loss=0.164488 seconds=0.11
epoch=25/80 loss=0.170985 seconds=0.11
epoch=26/80 loss=0.169317 seconds=0.11
epoch=27/80 loss=0.182851 seconds=0.11
epoch=28/80 loss=0.164429 seconds=0.11
epoch=29/80 loss=0.107904 seconds=0.11
epoch=30/80 loss=0.150832 seconds=0.11
epoch=31/80 loss=0.150427 seconds=0.11
epoch=32/80 loss=0.183140 seconds=0.11
epoch=33/80 loss=0.176997 seconds=0.11
epoch=34/80 loss=0.222930 seconds=0.12
epoch=35/80 loss=0.133375 seconds=0.11
epoch=36/80 loss=0.141631 seconds=0.11
epoch=37/80 loss=0.096063 seconds=0.11
epoch=38/80 loss=0.097257 seconds=0.11
epoch=39/80 loss=0.062448 seconds=0.11
epoch=40/80 loss=0.129786 seconds=0.11
epoch=41/80 loss=0.143267 seconds=0.11
epoch=42/80 loss=0.103326 seconds=0.11
epoch=43/80 loss=0.051447 seconds=0.11
epoch=44/80 loss=0.073922 seconds=0.11
epoch=45/80 loss=0.122118 seconds=0.11
epoch=46/80 loss=0.252194 seconds=0.11
epoch=47/80 loss=0.133378 seconds=0.11
epoch=48/80 loss=0.242060 seconds=0.11
epoch=49/80 loss=0.183112 seconds=0.12
epoch=50/80 loss=0.110207 seconds=0.11
epoch=51/80 loss=0.101865 seconds=0.11
epoch=52/80 loss=0.052835 seconds=0.11
epoch=53/80 loss=0.047718 seconds=0.11
epoch=54/80 loss=0.080837 seconds=0.11
epoch=55/80 loss=0.089378 seconds=0.11
epoch=56/80 loss=0.113396 seconds=0.11
epoch=57/80 loss=0.181747 seconds=0.11
epoch=58/80 loss=0.134005 seconds=0.11
epoch=59/80 loss=0.174736 seconds=0.11
epoch=60/80 loss=0.101143 seconds=0.11
epoch=61/80 loss=0.063058 seconds=0.11
epoch=62/80 loss=0.123328 seconds=0.11
epoch=63/80 loss=0.183613 seconds=0.11
epoch=64/80 loss=0.253243 seconds=0.11
epoch=65/80 loss=0.135641 seconds=0.11
epoch=66/80 loss=0.130464 seconds=0.11
epoch=67/80 loss=0.095738 seconds=0.11
epoch=68/80 loss=0.063217 seconds=0.11
epoch=69/80 loss=0.049393 seconds=0.11
epoch=70/80 loss=0.019192 seconds=0.11
epoch=71/80 loss=0.031258 seconds=0.11
epoch=72/80 loss=0.024946 seconds=0.11
epoch=73/80 loss=0.033535 seconds=0.11
epoch=74/80 loss=0.062806 seconds=0.11
epoch=75/80 loss=0.090125 seconds=0.11
epoch=76/80 loss=0.223037 seconds=0.11
epoch=77/80 loss=0.082961 seconds=0.11
epoch=78/80 loss=0.127859 seconds=0.11
epoch=79/80 loss=0.067683 seconds=0.11
epoch=80/80 loss=0.043719 seconds=0.11
fold=3/10 OOF_accuracy=0.700000 OOF_AUC=0.794258
Device=cuda; epochs=80; batch=32; model=PointNetDual
epoch=1/80 loss=0.733133 seconds=0.12
epoch=2/80 loss=0.599513 seconds=0.11
epoch=3/80 loss=0.552311 seconds=0.11
epoch=4/80 loss=0.446064 seconds=0.11
epoch=5/80 loss=0.444501 seconds=0.11
epoch=6/80 loss=0.399507 seconds=0.11
epoch=7/80 loss=0.352432 seconds=0.11
epoch=8/80 loss=0.291017 seconds=0.11
epoch=9/80 loss=0.281736 seconds=0.11
epoch=10/80 loss=0.319390 seconds=0.11
epoch=11/80 loss=0.249941 seconds=0.11
epoch=12/80 loss=0.289107 seconds=0.11
epoch=13/80 loss=0.348794 seconds=0.12
epoch=14/80 loss=0.263782 seconds=0.11
epoch=15/80 loss=0.257868 seconds=0.11
epoch=16/80 loss=0.243572 seconds=0.11
epoch=17/80 loss=0.170741 seconds=0.11
epoch=18/80 loss=0.158925 seconds=0.11
epoch=19/80 loss=0.276718 seconds=0.11
epoch=20/80 loss=0.247538 seconds=0.11
epoch=21/80 loss=0.226354 seconds=0.11
epoch=22/80 loss=0.251049 seconds=0.11
epoch=23/80 loss=0.212530 seconds=0.11
epoch=24/80 loss=0.158838 seconds=0.11
epoch=25/80 loss=0.213826 seconds=0.11
epoch=26/80 loss=0.205889 seconds=0.11
epoch=27/80 loss=0.170597 seconds=0.11
epoch=28/80 loss=0.181230 seconds=0.11
epoch=29/80 loss=0.105246 seconds=0.11
epoch=30/80 loss=0.121237 seconds=0.11
epoch=31/80 loss=0.199770 seconds=0.11
epoch=32/80 loss=0.149003 seconds=0.11
epoch=33/80 loss=0.124782 seconds=0.11
epoch=34/80 loss=0.162058 seconds=0.11
epoch=35/80 loss=0.103817 seconds=0.11
epoch=36/80 loss=0.103556 seconds=0.12
epoch=37/80 loss=0.118842 seconds=0.11
epoch=38/80 loss=0.121672 seconds=0.11
epoch=39/80 loss=0.254647 seconds=0.11
epoch=40/80 loss=0.117612 seconds=0.11
epoch=41/80 loss=0.090124 seconds=0.11
epoch=42/80 loss=0.073043 seconds=0.11
epoch=43/80 loss=0.073948 seconds=0.11
epoch=44/80 loss=0.034676 seconds=0.11
epoch=45/80 loss=0.045271 seconds=0.11
epoch=46/80 loss=0.136592 seconds=0.11
epoch=47/80 loss=0.145440 seconds=0.11
epoch=48/80 loss=0.137971 seconds=0.11
epoch=49/80 loss=0.156482 seconds=0.11
epoch=50/80 loss=0.177501 seconds=0.11
epoch=51/80 loss=0.164979 seconds=0.11
epoch=52/80 loss=0.070845 seconds=0.11
epoch=53/80 loss=0.081123 seconds=0.11
epoch=54/80 loss=0.083773 seconds=0.11
epoch=55/80 loss=0.073560 seconds=0.11
epoch=56/80 loss=0.080299 seconds=0.12
epoch=57/80 loss=0.078852 seconds=0.11
epoch=58/80 loss=0.095753 seconds=0.11
epoch=59/80 loss=0.157270 seconds=0.11
epoch=60/80 loss=0.152467 seconds=0.11
epoch=61/80 loss=0.064272 seconds=0.11
epoch=62/80 loss=0.127600 seconds=0.09
epoch=63/80 loss=0.119290 seconds=0.12
epoch=64/80 loss=0.101924 seconds=0.11
epoch=65/80 loss=0.063759 seconds=0.11
epoch=66/80 loss=0.142727 seconds=0.11
epoch=67/80 loss=0.206723 seconds=0.11
epoch=68/80 loss=0.103117 seconds=0.11
epoch=69/80 loss=0.085340 seconds=0.11
epoch=70/80 loss=0.076540 seconds=0.11
epoch=71/80 loss=0.075938 seconds=0.11
epoch=72/80 loss=0.107680 seconds=0.11
epoch=73/80 loss=0.084105 seconds=0.11
epoch=74/80 loss=0.104798 seconds=0.11
epoch=75/80 loss=0.047515 seconds=0.11
epoch=76/80 loss=0.082185 seconds=0.11
epoch=77/80 loss=0.096579 seconds=0.11
epoch=78/80 loss=0.113485 seconds=0.11
epoch=79/80 loss=0.152502 seconds=0.11
epoch=80/80 loss=0.125385 seconds=0.11
fold=4/10 OOF_accuracy=0.666667 OOF_AUC=0.751196
Device=cuda; epochs=80; batch=32; model=PointNetDual
epoch=1/80 loss=0.710314 seconds=0.11
epoch=2/80 loss=0.645358 seconds=0.11
epoch=3/80 loss=0.525429 seconds=0.11
epoch=4/80 loss=0.431680 seconds=0.11
epoch=5/80 loss=0.422647 seconds=0.11
epoch=6/80 loss=0.375058 seconds=0.11
epoch=7/80 loss=0.326654 seconds=0.11
epoch=8/80 loss=0.330958 seconds=0.11
epoch=9/80 loss=0.362276 seconds=0.11
epoch=10/80 loss=0.288806 seconds=0.11
epoch=11/80 loss=0.243904 seconds=0.11
epoch=12/80 loss=0.345028 seconds=0.11
epoch=13/80 loss=0.327317 seconds=0.11
epoch=14/80 loss=0.193220 seconds=0.11
epoch=15/80 loss=0.203352 seconds=0.11
epoch=16/80 loss=0.217676 seconds=0.11
epoch=17/80 loss=0.200406 seconds=0.11
epoch=18/80 loss=0.222622 seconds=0.11
epoch=19/80 loss=0.238875 seconds=0.11
epoch=20/80 loss=0.260191 seconds=0.11
epoch=21/80 loss=0.238729 seconds=0.11
epoch=22/80 loss=0.291153 seconds=0.11
epoch=23/80 loss=0.260676 seconds=0.11
epoch=24/80 loss=0.183503 seconds=0.11
epoch=25/80 loss=0.245986 seconds=0.11
epoch=26/80 loss=0.166886 seconds=0.11
epoch=27/80 loss=0.123106 seconds=0.11
epoch=28/80 loss=0.170297 seconds=0.11
epoch=29/80 loss=0.085848 seconds=0.12
epoch=30/80 loss=0.160050 seconds=0.09
epoch=31/80 loss=0.190933 seconds=0.12
epoch=32/80 loss=0.201536 seconds=0.11
epoch=33/80 loss=0.169875 seconds=0.11
epoch=34/80 loss=0.109275 seconds=0.11
epoch=35/80 loss=0.121472 seconds=0.11
epoch=36/80 loss=0.092037 seconds=0.11
epoch=37/80 loss=0.108310 seconds=0.11
epoch=38/80 loss=0.070063 seconds=0.11
epoch=39/80 loss=0.137428 seconds=0.11
epoch=40/80 loss=0.117124 seconds=0.11
epoch=41/80 loss=0.061769 seconds=0.11
epoch=42/80 loss=0.154225 seconds=0.11
epoch=43/80 loss=0.104501 seconds=0.11
epoch=44/80 loss=0.141857 seconds=0.11
epoch=45/80 loss=0.181545 seconds=0.11
epoch=46/80 loss=0.180106 seconds=0.11
epoch=47/80 loss=0.291807 seconds=0.12
epoch=48/80 loss=0.192243 seconds=0.11
epoch=49/80 loss=0.126755 seconds=0.09
epoch=50/80 loss=0.113225 seconds=0.11
epoch=51/80 loss=0.087116 seconds=0.11
epoch=52/80 loss=0.049657 seconds=0.11
epoch=53/80 loss=0.085183 seconds=0.11
epoch=54/80 loss=0.044064 seconds=0.11
epoch=55/80 loss=0.070084 seconds=0.11
epoch=56/80 loss=0.053047 seconds=0.12
epoch=57/80 loss=0.114670 seconds=0.11
epoch=58/80 loss=0.254184 seconds=0.11
epoch=59/80 loss=0.254592 seconds=0.11
epoch=60/80 loss=0.182333 seconds=0.11
epoch=61/80 loss=0.084971 seconds=0.11
epoch=62/80 loss=0.089294 seconds=0.11
epoch=63/80 loss=0.082686 seconds=0.11
epoch=64/80 loss=0.124742 seconds=0.11
epoch=65/80 loss=0.268348 seconds=0.11
epoch=66/80 loss=0.208242 seconds=0.11
epoch=67/80 loss=0.172756 seconds=0.11
epoch=68/80 loss=0.111335 seconds=0.11
epoch=69/80 loss=0.118037 seconds=0.11
epoch=70/80 loss=0.077751 seconds=0.11
epoch=71/80 loss=0.063695 seconds=0.11
epoch=72/80 loss=0.097361 seconds=0.11
epoch=73/80 loss=0.042443 seconds=0.11
epoch=74/80 loss=0.053291 seconds=0.11
epoch=75/80 loss=0.040714 seconds=0.11
epoch=76/80 loss=0.067122 seconds=0.11
epoch=77/80 loss=0.188939 seconds=0.11
epoch=78/80 loss=0.185730 seconds=0.11
epoch=79/80 loss=0.084912 seconds=0.11
epoch=80/80 loss=0.097420 seconds=0.11
fold=5/10 OOF_accuracy=0.700000 OOF_AUC=0.808612
Device=cuda; epochs=80; batch=32; model=PointNetDual
epoch=1/80 loss=0.729695 seconds=0.11
epoch=2/80 loss=0.519243 seconds=0.11
epoch=3/80 loss=0.482297 seconds=0.11
epoch=4/80 loss=0.517378 seconds=0.11
epoch=5/80 loss=0.431812 seconds=0.11
epoch=6/80 loss=0.385300 seconds=0.11
epoch=7/80 loss=0.346010 seconds=0.11
epoch=8/80 loss=0.317360 seconds=0.11
epoch=9/80 loss=0.405649 seconds=0.11
epoch=10/80 loss=0.348266 seconds=0.11
epoch=11/80 loss=0.357610 seconds=0.11
epoch=12/80 loss=0.322670 seconds=0.11
epoch=13/80 loss=0.313237 seconds=0.11
epoch=14/80 loss=0.262364 seconds=0.11
epoch=15/80 loss=0.274308 seconds=0.11
epoch=16/80 loss=0.275851 seconds=0.11
epoch=17/80 loss=0.193000 seconds=0.11
epoch=18/80 loss=0.266233 seconds=0.12
epoch=19/80 loss=0.211635 seconds=0.11
epoch=20/80 loss=0.188138 seconds=0.11
epoch=21/80 loss=0.176677 seconds=0.11
epoch=22/80 loss=0.249900 seconds=0.11
epoch=23/80 loss=0.198316 seconds=0.11
epoch=24/80 loss=0.217390 seconds=0.11
epoch=25/80 loss=0.327634 seconds=0.11
epoch=26/80 loss=0.190169 seconds=0.11
epoch=27/80 loss=0.213283 seconds=0.11
epoch=28/80 loss=0.164944 seconds=0.11
epoch=29/80 loss=0.132984 seconds=0.11
epoch=30/80 loss=0.242371 seconds=0.11
epoch=31/80 loss=0.241826 seconds=0.11
epoch=32/80 loss=0.125567 seconds=0.11
epoch=33/80 loss=0.101567 seconds=0.11
epoch=34/80 loss=0.094250 seconds=0.11
epoch=35/80 loss=0.109160 seconds=0.11
epoch=36/80 loss=0.096519 seconds=0.11
epoch=37/80 loss=0.149544 seconds=0.11
epoch=38/80 loss=0.118395 seconds=0.11
epoch=39/80 loss=0.165047 seconds=0.11
epoch=40/80 loss=0.349911 seconds=0.11
epoch=41/80 loss=0.321521 seconds=0.11
epoch=42/80 loss=0.239831 seconds=0.11
epoch=43/80 loss=0.202520 seconds=0.11
epoch=44/80 loss=0.159545 seconds=0.11
epoch=45/80 loss=0.136428 seconds=0.11
epoch=46/80 loss=0.104264 seconds=0.09
epoch=47/80 loss=0.072317 seconds=0.11
epoch=48/80 loss=0.058472 seconds=0.11
epoch=49/80 loss=0.086726 seconds=0.11
epoch=50/80 loss=0.179382 seconds=0.11
epoch=51/80 loss=0.137233 seconds=0.11
epoch=52/80 loss=0.060418 seconds=0.09
epoch=53/80 loss=0.192856 seconds=0.11
epoch=54/80 loss=0.163702 seconds=0.11
epoch=55/80 loss=0.175085 seconds=0.11
epoch=56/80 loss=0.109680 seconds=0.11
epoch=57/80 loss=0.122400 seconds=0.09
epoch=58/80 loss=0.158440 seconds=0.11
epoch=59/80 loss=0.120079 seconds=0.11
epoch=60/80 loss=0.161425 seconds=0.11
epoch=61/80 loss=0.205503 seconds=0.11
epoch=62/80 loss=0.177414 seconds=0.09
epoch=63/80 loss=0.125972 seconds=0.11
epoch=64/80 loss=0.090655 seconds=0.11
epoch=65/80 loss=0.088717 seconds=0.11
epoch=66/80 loss=0.067543 seconds=0.11
epoch=67/80 loss=0.059972 seconds=0.11
epoch=68/80 loss=0.030854 seconds=0.09
epoch=69/80 loss=0.037152 seconds=0.11
epoch=70/80 loss=0.044641 seconds=0.11
epoch=71/80 loss=0.023704 seconds=0.11
epoch=72/80 loss=0.111800 seconds=0.11
epoch=73/80 loss=0.230010 seconds=0.11
epoch=74/80 loss=0.320817 seconds=0.11
epoch=75/80 loss=0.129042 seconds=0.09
epoch=76/80 loss=0.196580 seconds=0.11
epoch=77/80 loss=0.095571 seconds=0.11
epoch=78/80 loss=0.110246 seconds=0.11
epoch=79/80 loss=0.099432 seconds=0.09
epoch=80/80 loss=0.086543 seconds=0.11
fold=6/10 OOF_accuracy=0.733333 OOF_AUC=0.870813
Device=cuda; epochs=80; batch=32; model=PointNetDual
epoch=1/80 loss=0.681693 seconds=0.11
epoch=2/80 loss=0.595833 seconds=0.11
epoch=3/80 loss=0.513272 seconds=0.09
epoch=4/80 loss=0.445054 seconds=0.11
epoch=5/80 loss=0.438989 seconds=0.11
epoch=6/80 loss=0.417712 seconds=0.11
epoch=7/80 loss=0.327682 seconds=0.11
epoch=8/80 loss=0.295386 seconds=0.11
epoch=9/80 loss=0.236846 seconds=0.09
epoch=10/80 loss=0.324369 seconds=0.09
epoch=11/80 loss=0.302408 seconds=0.11
epoch=12/80 loss=0.329708 seconds=0.11
epoch=13/80 loss=0.268244 seconds=0.11
epoch=14/80 loss=0.221073 seconds=0.11
epoch=15/80 loss=0.205657 seconds=0.09
epoch=16/80 loss=0.186615 seconds=0.11
epoch=17/80 loss=0.171639 seconds=0.11
epoch=18/80 loss=0.294647 seconds=0.11
epoch=19/80 loss=0.320185 seconds=0.11
epoch=20/80 loss=0.260162 seconds=0.11
epoch=21/80 loss=0.366926 seconds=0.11
epoch=22/80 loss=0.325330 seconds=0.09
epoch=23/80 loss=0.279898 seconds=0.11
epoch=24/80 loss=0.238641 seconds=0.11
epoch=25/80 loss=0.220541 seconds=0.11
epoch=26/80 loss=0.165719 seconds=0.11
epoch=27/80 loss=0.163553 seconds=0.11
epoch=28/80 loss=0.155609 seconds=0.09
epoch=29/80 loss=0.142660 seconds=0.11
epoch=30/80 loss=0.136240 seconds=0.11
epoch=31/80 loss=0.178459 seconds=0.11
epoch=32/80 loss=0.131967 seconds=0.11
epoch=33/80 loss=0.104339 seconds=0.11
epoch=34/80 loss=0.119992 seconds=0.11
epoch=35/80 loss=0.109957 seconds=0.11
epoch=36/80 loss=0.096863 seconds=0.09
epoch=37/80 loss=0.059079 seconds=0.11
epoch=38/80 loss=0.107166 seconds=0.11
epoch=39/80 loss=0.138128 seconds=0.11
epoch=40/80 loss=0.210624 seconds=0.11
epoch=41/80 loss=0.192819 seconds=0.09
epoch=42/80 loss=0.166684 seconds=0.11
epoch=43/80 loss=0.121525 seconds=0.11
epoch=44/80 loss=0.096578 seconds=0.11
epoch=45/80 loss=0.110212 seconds=0.11
epoch=46/80 loss=0.130083 seconds=0.11
epoch=47/80 loss=0.077855 seconds=0.09
epoch=48/80 loss=0.132393 seconds=0.11
epoch=49/80 loss=0.169336 seconds=0.11
epoch=50/80 loss=0.143373 seconds=0.11
epoch=51/80 loss=0.150616 seconds=0.11
epoch=52/80 loss=0.115084 seconds=0.11
epoch=53/80 loss=0.132550 seconds=0.11
epoch=54/80 loss=0.080994 seconds=0.09
epoch=55/80 loss=0.067453 seconds=0.11
epoch=56/80 loss=0.079934 seconds=0.11
epoch=57/80 loss=0.123863 seconds=0.11
epoch=58/80 loss=0.069461 seconds=0.11
epoch=59/80 loss=0.115622 seconds=0.11
epoch=60/80 loss=0.083476 seconds=0.11
epoch=61/80 loss=0.051248 seconds=0.11
epoch=62/80 loss=0.053840 seconds=0.09
epoch=63/80 loss=0.078623 seconds=0.11
epoch=64/80 loss=0.086600 seconds=0.11
epoch=65/80 loss=0.129799 seconds=0.11
epoch=66/80 loss=0.052141 seconds=0.11
epoch=67/80 loss=0.077633 seconds=0.11
epoch=68/80 loss=0.105966 seconds=0.11
epoch=69/80 loss=0.077123 seconds=0.09
epoch=70/80 loss=0.047441 seconds=0.09
epoch=71/80 loss=0.041531 seconds=0.11
epoch=72/80 loss=0.064904 seconds=0.11
epoch=73/80 loss=0.074754 seconds=0.11
epoch=74/80 loss=0.069495 seconds=0.11
epoch=75/80 loss=0.054488 seconds=0.09
epoch=76/80 loss=0.216638 seconds=0.11
epoch=77/80 loss=0.085520 seconds=0.11
epoch=78/80 loss=0.260971 seconds=0.11
epoch=79/80 loss=0.126858 seconds=0.11
epoch=80/80 loss=0.097118 seconds=0.11
fold=7/10 OOF_accuracy=0.566667 OOF_AUC=0.751196
Device=cuda; epochs=80; batch=32; model=PointNetDual
epoch=1/80 loss=0.682410 seconds=0.11
epoch=2/80 loss=0.544617 seconds=0.11
epoch=3/80 loss=0.470266 seconds=0.11
epoch=4/80 loss=0.450406 seconds=0.11
epoch=5/80 loss=0.460159 seconds=0.09
epoch=6/80 loss=0.482090 seconds=0.11
epoch=7/80 loss=0.478596 seconds=0.11
epoch=8/80 loss=0.400998 seconds=0.11
epoch=9/80 loss=0.361737 seconds=0.11
epoch=10/80 loss=0.425460 seconds=0.11
epoch=11/80 loss=0.346205 seconds=0.09
epoch=12/80 loss=0.291638 seconds=0.11
epoch=13/80 loss=0.325189 seconds=0.11
epoch=14/80 loss=0.207432 seconds=0.11
epoch=15/80 loss=0.240881 seconds=0.11
epoch=16/80 loss=0.328207 seconds=0.11
epoch=17/80 loss=0.325001 seconds=0.11
epoch=18/80 loss=0.354511 seconds=0.09
epoch=19/80 loss=0.271163 seconds=0.11
epoch=20/80 loss=0.244455 seconds=0.11
epoch=21/80 loss=0.200884 seconds=0.11
epoch=22/80 loss=0.229347 seconds=0.11
epoch=23/80 loss=0.222927 seconds=0.09
epoch=24/80 loss=0.155372 seconds=0.11
epoch=25/80 loss=0.145283 seconds=0.11
epoch=26/80 loss=0.145599 seconds=0.11
epoch=27/80 loss=0.129243 seconds=0.11
epoch=28/80 loss=0.190137 seconds=0.11
epoch=29/80 loss=0.163025 seconds=0.09
epoch=30/80 loss=0.229879 seconds=0.11
epoch=31/80 loss=0.327071 seconds=0.11
epoch=32/80 loss=0.182360 seconds=0.11
epoch=33/80 loss=0.169922 seconds=0.11
epoch=34/80 loss=0.160357 seconds=0.09
epoch=35/80 loss=0.122760 seconds=0.11
epoch=36/80 loss=0.142103 seconds=0.11
epoch=37/80 loss=0.148804 seconds=0.11
epoch=38/80 loss=0.200703 seconds=0.11
epoch=39/80 loss=0.162688 seconds=0.11
epoch=40/80 loss=0.296940 seconds=0.11
epoch=41/80 loss=0.241745 seconds=0.09
epoch=42/80 loss=0.225026 seconds=0.11
epoch=43/80 loss=0.186848 seconds=0.11
epoch=44/80 loss=0.177128 seconds=0.11
epoch=45/80 loss=0.137045 seconds=0.11
epoch=46/80 loss=0.146166 seconds=0.11
epoch=47/80 loss=0.080902 seconds=0.09
epoch=48/80 loss=0.088249 seconds=0.11
epoch=49/80 loss=0.130096 seconds=0.11
epoch=50/80 loss=0.107063 seconds=0.11
epoch=51/80 loss=0.120493 seconds=0.11
epoch=52/80 loss=0.194610 seconds=0.11
epoch=53/80 loss=0.116605 seconds=0.11
epoch=54/80 loss=0.214026 seconds=0.09
epoch=55/80 loss=0.180214 seconds=0.11
epoch=56/80 loss=0.090019 seconds=0.11
epoch=57/80 loss=0.160227 seconds=0.11
epoch=58/80 loss=0.127094 seconds=0.11
epoch=59/80 loss=0.104933 seconds=0.09
epoch=60/80 loss=0.095499 seconds=0.11
epoch=61/80 loss=0.073239 seconds=0.11
epoch=62/80 loss=0.058465 seconds=0.11
epoch=63/80 loss=0.127266 seconds=0.11
epoch=64/80 loss=0.104327 seconds=0.11
epoch=65/80 loss=0.126094 seconds=0.11
epoch=66/80 loss=0.107468 seconds=0.11
epoch=67/80 loss=0.099107 seconds=0.09
epoch=68/80 loss=0.073960 seconds=0.11
epoch=69/80 loss=0.081907 seconds=0.11
epoch=70/80 loss=0.047064 seconds=0.11
epoch=71/80 loss=0.058534 seconds=0.11
epoch=72/80 loss=0.135734 seconds=0.09
epoch=73/80 loss=0.083280 seconds=0.11
epoch=74/80 loss=0.088140 seconds=0.11
epoch=75/80 loss=0.062357 seconds=0.11
epoch=76/80 loss=0.162422 seconds=0.11
epoch=77/80 loss=0.089229 seconds=0.11
epoch=78/80 loss=0.157571 seconds=0.11
epoch=79/80 loss=0.091710 seconds=0.09
epoch=80/80 loss=0.060211 seconds=0.11
fold=8/10 OOF_accuracy=0.733333 OOF_AUC=0.655502
Device=cuda; epochs=80; batch=32; model=PointNetDual
epoch=1/80 loss=0.777391 seconds=0.11
epoch=2/80 loss=0.696256 seconds=0.09
epoch=3/80 loss=0.605406 seconds=0.11
epoch=4/80 loss=0.464899 seconds=0.11
epoch=5/80 loss=0.423934 seconds=0.11
epoch=6/80 loss=0.420171 seconds=0.11
epoch=7/80 loss=0.381605 seconds=0.11
epoch=8/80 loss=0.311161 seconds=0.11
epoch=9/80 loss=0.284774 seconds=0.09
epoch=10/80 loss=0.302009 seconds=0.11
epoch=11/80 loss=0.331533 seconds=0.11
epoch=12/80 loss=0.321502 seconds=0.11
epoch=13/80 loss=0.346370 seconds=0.11
epoch=14/80 loss=0.303685 seconds=0.11
epoch=15/80 loss=0.246537 seconds=0.11
epoch=16/80 loss=0.226560 seconds=0.09
epoch=17/80 loss=0.172255 seconds=0.11
epoch=18/80 loss=0.190261 seconds=0.11
epoch=19/80 loss=0.189880 seconds=0.11
epoch=20/80 loss=0.333762 seconds=0.11
epoch=21/80 loss=0.279286 seconds=0.11
epoch=22/80 loss=0.252185 seconds=0.11
epoch=23/80 loss=0.181532 seconds=0.11
epoch=24/80 loss=0.197063 seconds=0.09
epoch=25/80 loss=0.158118 seconds=0.11
epoch=26/80 loss=0.186898 seconds=0.11
epoch=27/80 loss=0.286083 seconds=0.11
epoch=28/80 loss=0.183227 seconds=0.11
epoch=29/80 loss=0.187817 seconds=0.09
epoch=30/80 loss=0.121808 seconds=0.11
epoch=31/80 loss=0.125252 seconds=0.11
epoch=32/80 loss=0.147667 seconds=0.11
epoch=33/80 loss=0.149243 seconds=0.11
epoch=34/80 loss=0.160250 seconds=0.09
epoch=35/80 loss=0.202581 seconds=0.09
epoch=36/80 loss=0.181939 seconds=0.11
epoch=37/80 loss=0.172796 seconds=0.11
epoch=38/80 loss=0.249222 seconds=0.11
epoch=39/80 loss=0.166226 seconds=0.11
epoch=40/80 loss=0.139307 seconds=0.09
epoch=41/80 loss=0.088406 seconds=0.09
epoch=42/80 loss=0.134203 seconds=0.11
epoch=43/80 loss=0.110449 seconds=0.11
epoch=44/80 loss=0.105073 seconds=0.11
epoch=45/80 loss=0.103210 seconds=0.11
epoch=46/80 loss=0.080694 seconds=0.11
epoch=47/80 loss=0.078504 seconds=0.11
epoch=48/80 loss=0.095603 seconds=0.11
epoch=49/80 loss=0.174651 seconds=0.11
epoch=50/80 loss=0.105681 seconds=0.11
epoch=51/80 loss=0.130474 seconds=0.11
epoch=52/80 loss=0.144100 seconds=0.11
epoch=53/80 loss=0.140686 seconds=0.09
epoch=54/80 loss=0.154348 seconds=0.11
epoch=55/80 loss=0.118221 seconds=0.11
epoch=56/80 loss=0.120957 seconds=0.11
epoch=57/80 loss=0.178621 seconds=0.11
epoch=58/80 loss=0.082730 seconds=0.11
epoch=59/80 loss=0.052214 seconds=0.09
epoch=60/80 loss=0.091493 seconds=0.11
epoch=61/80 loss=0.025908 seconds=0.11
epoch=62/80 loss=0.104020 seconds=0.11
epoch=63/80 loss=0.231069 seconds=0.11
epoch=64/80 loss=0.361218 seconds=0.11
epoch=65/80 loss=0.294955 seconds=0.09
epoch=66/80 loss=0.189881 seconds=0.11
epoch=67/80 loss=0.141785 seconds=0.11
epoch=68/80 loss=0.114967 seconds=0.11
epoch=69/80 loss=0.076138 seconds=0.11
epoch=70/80 loss=0.038780 seconds=0.09
epoch=71/80 loss=0.034900 seconds=0.11
epoch=72/80 loss=0.067620 seconds=0.11
epoch=73/80 loss=0.033576 seconds=0.11
epoch=74/80 loss=0.058063 seconds=0.11
epoch=75/80 loss=0.033648 seconds=0.11
epoch=76/80 loss=0.074101 seconds=0.11
epoch=77/80 loss=0.120229 seconds=0.11
epoch=78/80 loss=0.128565 seconds=0.11
epoch=79/80 loss=0.092709 seconds=0.12
epoch=80/80 loss=0.104619 seconds=0.11
fold=9/10 OOF_accuracy=0.800000 OOF_AUC=0.741627
Device=cuda; epochs=80; batch=32; model=PointNetDual
epoch=1/80 loss=0.724282 seconds=0.12
epoch=2/80 loss=0.593073 seconds=0.11
epoch=3/80 loss=0.476143 seconds=0.11
epoch=4/80 loss=0.527034 seconds=0.11
epoch=5/80 loss=0.409720 seconds=0.11
epoch=6/80 loss=0.359956 seconds=0.11
epoch=7/80 loss=0.327301 seconds=0.12
epoch=8/80 loss=0.298316 seconds=0.11
epoch=9/80 loss=0.348775 seconds=0.11
epoch=10/80 loss=0.344839 seconds=0.11
epoch=11/80 loss=0.291688 seconds=0.11
epoch=12/80 loss=0.284898 seconds=0.11
epoch=13/80 loss=0.342069 seconds=0.11
epoch=14/80 loss=0.340532 seconds=0.11
epoch=15/80 loss=0.236709 seconds=0.11
epoch=16/80 loss=0.207146 seconds=0.11
epoch=17/80 loss=0.234691 seconds=0.11
epoch=18/80 loss=0.188667 seconds=0.11
epoch=19/80 loss=0.218703 seconds=0.11
epoch=20/80 loss=0.199333 seconds=0.11
epoch=21/80 loss=0.210978 seconds=0.11
epoch=22/80 loss=0.150361 seconds=0.11
epoch=23/80 loss=0.170758 seconds=0.11
epoch=24/80 loss=0.215749 seconds=0.11
epoch=25/80 loss=0.328690 seconds=0.11
epoch=26/80 loss=0.250259 seconds=0.11
epoch=27/80 loss=0.238351 seconds=0.11
epoch=28/80 loss=0.186636 seconds=0.11
epoch=29/80 loss=0.124592 seconds=0.11
epoch=30/80 loss=0.084664 seconds=0.11
epoch=31/80 loss=0.093354 seconds=0.11
epoch=32/80 loss=0.161287 seconds=0.11
epoch=33/80 loss=0.124733 seconds=0.11
epoch=34/80 loss=0.102942 seconds=0.11
epoch=35/80 loss=0.182991 seconds=0.11
epoch=36/80 loss=0.155963 seconds=0.11
epoch=37/80 loss=0.099016 seconds=0.11
epoch=38/80 loss=0.209039 seconds=0.11
epoch=39/80 loss=0.183057 seconds=0.11
epoch=40/80 loss=0.128455 seconds=0.11
epoch=41/80 loss=0.129239 seconds=0.11
epoch=42/80 loss=0.078732 seconds=0.11
epoch=43/80 loss=0.085707 seconds=0.12
epoch=44/80 loss=0.091996 seconds=0.11
epoch=45/80 loss=0.079800 seconds=0.11
epoch=46/80 loss=0.100667 seconds=0.11
epoch=47/80 loss=0.069852 seconds=0.11
epoch=48/80 loss=0.185996 seconds=0.11
epoch=49/80 loss=0.232718 seconds=0.11
epoch=50/80 loss=0.219433 seconds=0.11
epoch=51/80 loss=0.223257 seconds=0.11
epoch=52/80 loss=0.119773 seconds=0.11
epoch=53/80 loss=0.086375 seconds=0.11
epoch=54/80 loss=0.064770 seconds=0.11
epoch=55/80 loss=0.063287 seconds=0.11
epoch=56/80 loss=0.028954 seconds=0.11
epoch=57/80 loss=0.048053 seconds=0.11
epoch=58/80 loss=0.062456 seconds=0.11
epoch=59/80 loss=0.082230 seconds=0.11
epoch=60/80 loss=0.078136 seconds=0.11
epoch=61/80 loss=0.168219 seconds=0.11
epoch=62/80 loss=0.083489 seconds=0.11
epoch=63/80 loss=0.094568 seconds=0.11
epoch=64/80 loss=0.100577 seconds=0.11
epoch=65/80 loss=0.107218 seconds=0.11
epoch=66/80 loss=0.082688 seconds=0.11
epoch=67/80 loss=0.055403 seconds=0.11
epoch=68/80 loss=0.050844 seconds=0.11
epoch=69/80 loss=0.094874 seconds=0.11
epoch=70/80 loss=0.049519 seconds=0.11
epoch=71/80 loss=0.056048 seconds=0.11
epoch=72/80 loss=0.048694 seconds=0.12
epoch=73/80 loss=0.131497 seconds=0.11
epoch=74/80 loss=0.163306 seconds=0.09
epoch=75/80 loss=0.071121 seconds=0.12
epoch=76/80 loss=0.103826 seconds=0.11
epoch=77/80 loss=0.156086 seconds=0.11
epoch=78/80 loss=0.114046 seconds=0.11
epoch=79/80 loss=0.102308 seconds=0.11
epoch=80/80 loss=0.067110 seconds=0.11
fold=10/10 OOF_accuracy=0.500000 OOF_AUC=0.765550
Device=cuda; epochs=80; batch=32; model=PointNetDual
epoch=1/80 loss=0.731886 seconds=0.12
epoch=2/80 loss=0.594432 seconds=0.12
epoch=3/80 loss=0.546135 seconds=0.12
epoch=4/80 loss=0.502501 seconds=0.11
epoch=5/80 loss=0.409240 seconds=0.12
epoch=6/80 loss=0.421278 seconds=0.12
epoch=7/80 loss=0.405153 seconds=0.12
epoch=8/80 loss=0.370798 seconds=0.12
epoch=9/80 loss=0.430736 seconds=0.11
epoch=10/80 loss=0.391513 seconds=0.12
epoch=11/80 loss=0.286276 seconds=0.12
epoch=12/80 loss=0.252910 seconds=0.12
epoch=13/80 loss=0.248150 seconds=0.12
epoch=14/80 loss=0.252303 seconds=0.11
epoch=15/80 loss=0.315334 seconds=0.12
epoch=16/80 loss=0.267165 seconds=0.12
epoch=17/80 loss=0.219248 seconds=0.12
epoch=18/80 loss=0.241611 seconds=0.11
epoch=19/80 loss=0.191307 seconds=0.12
epoch=20/80 loss=0.227337 seconds=0.12
epoch=21/80 loss=0.235296 seconds=0.11
epoch=22/80 loss=0.257678 seconds=0.12
epoch=23/80 loss=0.283068 seconds=0.12
epoch=24/80 loss=0.328581 seconds=0.12
epoch=25/80 loss=0.221031 seconds=0.12
epoch=26/80 loss=0.284416 seconds=0.11
epoch=27/80 loss=0.199305 seconds=0.12
epoch=28/80 loss=0.168573 seconds=0.12
epoch=29/80 loss=0.081471 seconds=0.12
epoch=30/80 loss=0.109162 seconds=0.12
epoch=31/80 loss=0.181950 seconds=0.11
epoch=32/80 loss=0.274866 seconds=0.12
epoch=33/80 loss=0.303353 seconds=0.12
epoch=34/80 loss=0.186516 seconds=0.11
epoch=35/80 loss=0.304423 seconds=0.12
epoch=36/80 loss=0.169134 seconds=0.12
epoch=37/80 loss=0.211527 seconds=0.12
epoch=38/80 loss=0.146247 seconds=0.11
epoch=39/80 loss=0.131124 seconds=0.12
epoch=40/80 loss=0.149596 seconds=0.12
epoch=41/80 loss=0.128434 seconds=0.12
epoch=42/80 loss=0.094792 seconds=0.11
epoch=43/80 loss=0.196616 seconds=0.12
epoch=44/80 loss=0.190367 seconds=0.12
epoch=45/80 loss=0.169131 seconds=0.11
epoch=46/80 loss=0.184009 seconds=0.12
epoch=47/80 loss=0.177293 seconds=0.12
epoch=48/80 loss=0.224868 seconds=0.11
epoch=49/80 loss=0.162385 seconds=0.12
epoch=50/80 loss=0.112498 seconds=0.12
epoch=51/80 loss=0.082340 seconds=0.12
epoch=52/80 loss=0.084790 seconds=0.12
epoch=53/80 loss=0.175816 seconds=0.11
epoch=54/80 loss=0.226427 seconds=0.12
epoch=55/80 loss=0.099832 seconds=0.12
epoch=56/80 loss=0.095113 seconds=0.12
epoch=57/80 loss=0.080660 seconds=0.11
epoch=58/80 loss=0.133127 seconds=0.12
epoch=59/80 loss=0.122090 seconds=0.12
epoch=60/80 loss=0.141999 seconds=0.12
epoch=61/80 loss=0.135192 seconds=0.11
epoch=62/80 loss=0.135332 seconds=0.12
epoch=63/80 loss=0.234600 seconds=0.12
epoch=64/80 loss=0.164076 seconds=0.12
epoch=65/80 loss=0.166379 seconds=0.11
epoch=66/80 loss=0.108912 seconds=0.12
epoch=67/80 loss=0.129991 seconds=0.12
epoch=68/80 loss=0.167156 seconds=0.12
epoch=69/80 loss=0.261883 seconds=0.11
epoch=70/80 loss=0.134188 seconds=0.12
epoch=71/80 loss=0.107816 seconds=0.12
epoch=72/80 loss=0.111844 seconds=0.12
epoch=73/80 loss=0.100222 seconds=0.11
epoch=74/80 loss=0.084199 seconds=0.12
epoch=75/80 loss=0.083425 seconds=0.12
epoch=76/80 loss=0.074929 seconds=0.11
epoch=77/80 loss=0.094242 seconds=0.12
epoch=78/80 loss=0.078052 seconds=0.12
epoch=79/80 loss=0.059552 seconds=0.12
epoch=80/80 loss=0.029708 seconds=0.11
{"cv_oof": {"accuracy": 0.6833333333333333, "balanced_accuracy": 0.6594328703703703, "sensitivity": 0.5740740740740741, "specificity": 0.7447916666666666, "f1_macro": 0.6584331068205516, "roc_auc": 0.7214988425925926, "confusion_matrix": [[143, 49], [46, 62]], "classification_report": {"0": {"precision": 0.7566137566137566, "recall": 0.7447916666666666, "f1-score": 0.7506561679790026, "support": 192.0}, "1": {"precision": 0.5585585585585585, "recall": 0.5740740740740741, "f1-score": 0.5662100456621004, "support": 108.0}, "accuracy": 0.6833333333333333, "macro avg": {"precision": 0.6575861575861576, "recall": 0.6594328703703703, "f1-score": 0.6584331068205516, "support": 300.0}, "weighted avg": {"precision": 0.6853138853138853, "recall": 0.6833333333333333, "f1-score": 0.6842555639449178, "support": 300.0}}}, "test": {"accuracy": 0.684931506849315, "balanced_accuracy": 0.6865793780687397, "sensitivity": 0.6923076923076923, "specificity": 0.6808510638297872, "f1_macro": 0.6729008377167349, "roc_auc": 0.7610474631751227, "confusion_matrix": [[32, 15], [8, 18]], "classification_report": {"0": {"precision": 0.8, "recall": 0.6808510638297872, "f1-score": 0.735632183908046, "support": 47.0}, "1": {"precision": 0.5454545454545454, "recall": 0.6923076923076923, "f1-score": 0.6101694915254238, "support": 26.0}, "accuracy": 0.684931506849315, "macro avg": {"precision": 0.6727272727272727, "recall": 0.6865793780687397, "f1-score": 0.6729008377167349, "support": 73.0}, "weighted avg": {"precision": 0.7093399750933997, "recall": 0.684931506849315, "f1-score": 0.6909468414156051, "support": 73.0}}}, "folds": 10, "original_train_rows": 300, "train_rows": 300, "test_rows": 73, "elapsed_seconds": 101.71900000004098}
