Dataset=augment_plsda_balanced side=right model=ResNetAE
Test people=77; sampling=N of N with replacement; seed=42; saved Prediction unchanged
Attempted=1000; valid=1000; skipped=0
{
  "Accuracy": {
    "original": 0.8181818181818182,
    "bootstrap_mean": 0.8187142857142857,
    "bootstrap_std": 0.04334328265564828,
    "ci95_lower": 0.7402597402597403,
    "ci95_upper": 0.8961038961038961
  },
  "BalancedAccuracy": {
    "original": 0.7261904761904763,
    "bootstrap_mean": 0.7266135572230694,
    "bootstrap_std": 0.05876348667993054,
    "ci95_lower": 0.6096788033395176,
    "ci95_upper": 0.8421144595359366
  },
  "Sensitivity_Class0": {
    "original": 0.9285714285714286,
    "bootstrap_mean": 0.9272884710371206,
    "bootstrap_std": 0.033736173690553865,
    "ci95_lower": 0.8571428571428571,
    "ci95_upper": 0.9836131676361713
  },
  "Specificity_Class0": {
    "original": 0.5238095238095238,
    "bootstrap_mean": 0.5259386434090182,
    "bootstrap_std": 0.11312904019303814,
    "ci95_lower": 0.2857142857142857,
    "ci95_upper": 0.7391304347826086
  },
  "F1_Class0": {
    "original": 0.8813559322033898,
    "bootstrap_mean": 0.8810005485690783,
    "bootstrap_std": 0.031125512434369826,
    "ci95_lower": 0.8181620553359684,
    "ci95_upper": 0.9375
  },
  "Sensitivity_Class1": {
    "original": 0.5238095238095238,
    "bootstrap_mean": 0.5259386434090182,
    "bootstrap_std": 0.11312904019303814,
    "ci95_lower": 0.2857142857142857,
    "ci95_upper": 0.7391304347826086
  },
  "Specificity_Class1": {
    "original": 0.9285714285714286,
    "bootstrap_mean": 0.9272884710371206,
    "bootstrap_std": 0.033736173690553865,
    "ci95_lower": 0.8571428571428571,
    "ci95_upper": 0.9836131676361713
  },
  "F1_Class1": {
    "original": 0.6111111111111112,
    "bootstrap_mean": 0.6035302071096126,
    "bootstrap_std": 0.0993183767262665,
    "ci95_lower": 0.3808035714285714,
    "ci95_upper": 0.7826513213981244
  },
  "F1_macro": {
    "original": 0.7462335216572504,
    "bootstrap_mean": 0.7422653778393454,
    "bootstrap_std": 0.05981356737099778,
    "ci95_lower": 0.6182560513269175,
    "ci95_upper": 0.851923076923077
  },
  "AUC": {
    "original": 0.7942176870748299,
    "bootstrap_mean": 0.7941229706813734,
    "bootstrap_std": 0.06564183030551635,
    "ci95_lower": 0.6567577748312441,
    "ci95_upper": 0.9123563508064516
  }
}
