Dataset=coef_raw side=right model=MobileNet
Test people=77; sampling=N of N with replacement; seed=42; saved Prediction unchanged
Attempted=1000; valid=1000; skipped=0
{
  "Accuracy": {
    "original": 0.8181818181818182,
    "bootstrap_mean": 0.8170389610389611,
    "bootstrap_std": 0.04304414385640381,
    "ci95_lower": 0.7272727272727273,
    "ci95_upper": 0.8961038961038961
  },
  "BalancedAccuracy": {
    "original": 0.7410714285714286,
    "bootstrap_mean": 0.7373648075946809,
    "bootstrap_std": 0.05977145775172782,
    "ci95_lower": 0.6148793859649123,
    "ci95_upper": 0.8490543635486981
  },
  "Sensitivity_Class0": {
    "original": 0.9107142857142857,
    "bootstrap_mean": 0.9105474198332192,
    "bootstrap_std": 0.037584800634917905,
    "ci95_lower": 0.8362878787878787,
    "ci95_upper": 0.9818181818181818
  },
  "Specificity_Class0": {
    "original": 0.5714285714285714,
    "bootstrap_mean": 0.5641821953561426,
    "bootstrap_std": 0.11477330286436152,
    "ci95_lower": 0.3333333333333333,
    "ci95_upper": 0.7858082706766917
  },
  "F1_Class0": {
    "original": 0.8793103448275862,
    "bootstrap_mean": 0.8781042705131527,
    "bootstrap_std": 0.03141773139437982,
    "ci95_lower": 0.8162887377173091,
    "ci95_upper": 0.9333333333333333
  },
  "Sensitivity_Class1": {
    "original": 0.5714285714285714,
    "bootstrap_mean": 0.5641821953561426,
    "bootstrap_std": 0.11477330286436152,
    "ci95_lower": 0.3333333333333333,
    "ci95_upper": 0.7858082706766917
  },
  "Specificity_Class1": {
    "original": 0.9107142857142857,
    "bootstrap_mean": 0.9105474198332192,
    "bootstrap_std": 0.037584800634917905,
    "ci95_lower": 0.8362878787878787,
    "ci95_upper": 0.9818181818181818
  },
  "F1_Class1": {
    "original": 0.631578947368421,
    "bootstrap_mean": 0.6178105293639357,
    "bootstrap_std": 0.0980886153793549,
    "ci95_lower": 0.4,
    "ci95_upper": 0.7894736842105263
  },
  "F1_macro": {
    "original": 0.7554446460980035,
    "bootstrap_mean": 0.747957399938544,
    "bootstrap_std": 0.059153619307328584,
    "ci95_lower": 0.6263745363010069,
    "ci95_upper": 0.8548732744372278
  },
  "AUC": {
    "original": 0.842687074829932,
    "bootstrap_mean": 0.8416725112527345,
    "bootstrap_std": 0.05746244848431109,
    "ci95_lower": 0.7228013582342955,
    "ci95_upper": 0.9487254901960784
  }
}
