Command: ["C:\\Users\\IHCK\\AppData\\Local\\Programs\\Python\\Python312\\python.exe", "-u", "C:\\Users\\IHCK\\Desktop\\1_10_69Final\\Hippocampal-Shape-Analysis-for-Epilepsy-Detection\\Model\\train_dataset_model.py", "--dataset", "augment_plsda_balanced", "--side", "left", "--model", "MobileNet", "--kind", "coef", "--train-csv", "C:\\Users\\IHCK\\Desktop\\1_10_69Final\\Hippocampal-Shape-Analysis-for-Epilepsy-Detection\\Output_Dataset\\augment_plsda_balanced\\left\\train_prepared.csv", "--test-csv", "C:\\Users\\IHCK\\Desktop\\1_10_69Final\\Hippocampal-Shape-Analysis-for-Epilepsy-Detection\\Output_Dataset\\augment_plsda_balanced\\left\\test_prepared.csv", "--output-dir", "C:\\Users\\IHCK\\Desktop\\1_10_69Final\\Hippocampal-Shape-Analysis-for-Epilepsy-Detection\\Model_Results\\dataset_runs_20261003\\augment_plsda_balanced\\left\\MobileNet", "--epochs", "80", "--pls-components", "8", "--seed", "42", "--threads", "2"]
dataset=augment_plsda_balanced side=left model=MobileNet; train=1920 test=73 features=507
Fixed settings. Full training fit; no cross-validation or test-based selection.
Device=cuda; epochs=80; batch=32; model=MobileNetV2_1D
epoch=1/80 loss=0.177628 seconds=0.73
epoch=2/80 loss=0.039194 seconds=0.39
epoch=3/80 loss=0.035679 seconds=0.38
epoch=4/80 loss=0.035381 seconds=0.38
epoch=5/80 loss=0.030980 seconds=0.36
epoch=6/80 loss=0.018673 seconds=0.38
epoch=7/80 loss=0.021508 seconds=0.38
epoch=8/80 loss=0.015781 seconds=0.38
epoch=9/80 loss=0.035488 seconds=0.38
epoch=10/80 loss=0.021031 seconds=0.38
epoch=11/80 loss=0.016918 seconds=0.38
epoch=12/80 loss=0.026818 seconds=0.39
epoch=13/80 loss=0.014214 seconds=0.36
epoch=14/80 loss=0.012025 seconds=0.38
epoch=15/80 loss=0.005228 seconds=0.38
epoch=16/80 loss=0.019339 seconds=0.36
epoch=17/80 loss=0.014599 seconds=0.39
epoch=18/80 loss=0.005462 seconds=0.36
epoch=19/80 loss=0.014914 seconds=0.38
epoch=20/80 loss=0.013564 seconds=0.38
epoch=21/80 loss=0.015231 seconds=0.38
epoch=22/80 loss=0.003462 seconds=0.38
epoch=23/80 loss=0.006208 seconds=0.39
epoch=24/80 loss=0.005908 seconds=0.38
epoch=25/80 loss=0.004704 seconds=0.39
epoch=26/80 loss=0.006609 seconds=0.38
epoch=27/80 loss=0.005662 seconds=0.38
epoch=28/80 loss=0.011903 seconds=0.39
epoch=29/80 loss=0.005650 seconds=0.41
epoch=30/80 loss=0.005363 seconds=0.38
epoch=31/80 loss=0.003107 seconds=0.38
epoch=32/80 loss=0.000940 seconds=0.38
epoch=33/80 loss=0.001191 seconds=0.39
epoch=34/80 loss=0.000507 seconds=0.39
epoch=35/80 loss=0.006490 seconds=0.38
epoch=36/80 loss=0.008680 seconds=0.39
epoch=37/80 loss=0.007968 seconds=0.39
epoch=38/80 loss=0.017191 seconds=0.38
epoch=39/80 loss=0.007793 seconds=0.39
epoch=40/80 loss=0.006835 seconds=0.39
epoch=41/80 loss=0.002595 seconds=0.38
epoch=42/80 loss=0.020860 seconds=0.38
epoch=43/80 loss=0.004627 seconds=0.38
epoch=44/80 loss=0.005223 seconds=0.38
epoch=45/80 loss=0.000785 seconds=0.38
epoch=46/80 loss=0.001110 seconds=0.39
epoch=47/80 loss=0.001516 seconds=0.38
epoch=48/80 loss=0.006419 seconds=0.38
epoch=49/80 loss=0.006868 seconds=0.39
epoch=50/80 loss=0.006001 seconds=0.38
epoch=51/80 loss=0.011981 seconds=0.39
epoch=52/80 loss=0.002936 seconds=0.39
epoch=53/80 loss=0.017836 seconds=0.38
epoch=54/80 loss=0.002420 seconds=0.38
epoch=55/80 loss=0.001554 seconds=0.39
epoch=56/80 loss=0.009163 seconds=0.39
epoch=57/80 loss=0.001080 seconds=0.42
epoch=58/80 loss=0.002002 seconds=0.39
epoch=59/80 loss=0.000832 seconds=0.39
epoch=60/80 loss=0.001216 seconds=0.45
epoch=61/80 loss=0.000239 seconds=0.48
epoch=62/80 loss=0.007173 seconds=0.47
epoch=63/80 loss=0.016569 seconds=0.52
epoch=64/80 loss=0.005418 seconds=0.39
epoch=65/80 loss=0.007732 seconds=0.38
epoch=66/80 loss=0.003719 seconds=0.39
epoch=67/80 loss=0.003911 seconds=0.39
epoch=68/80 loss=0.004487 seconds=0.39
epoch=69/80 loss=0.002060 seconds=0.38
epoch=70/80 loss=0.002119 seconds=0.39
epoch=71/80 loss=0.006141 seconds=0.38
epoch=72/80 loss=0.002371 seconds=0.39
epoch=73/80 loss=0.003755 seconds=0.39
epoch=74/80 loss=0.003561 seconds=0.38
epoch=75/80 loss=0.000793 seconds=0.38
epoch=76/80 loss=0.000212 seconds=0.38
epoch=77/80 loss=0.000213 seconds=0.44
epoch=78/80 loss=0.006150 seconds=0.47
epoch=79/80 loss=0.013492 seconds=0.50
epoch=80/80 loss=0.013764 seconds=0.47
{"accuracy": 0.7671232876712328, "balanced_accuracy": 0.7504091653027822, "sensitivity": 0.6923076923076923, "specificity": 0.8085106382978723, "f1_macro": 0.7482247920470684, "roc_auc": 0.7847790507364976, "confusion_matrix": [[38, 9], [8, 18]], "classification_report": {"0": {"precision": 0.8260869565217391, "recall": 0.8085106382978723, "f1-score": 0.8172043010752689, "support": 47.0}, "1": {"precision": 0.6666666666666666, "recall": 0.6923076923076923, "f1-score": 0.6792452830188679, "support": 26.0}, "accuracy": 0.7671232876712328, "macro avg": {"precision": 0.7463768115942029, "recall": 0.7504091653027822, "f1-score": 0.7482247920470684, "support": 73.0}, "weighted avg": {"precision": 0.7693071272582888, "recall": 0.7671232876712328, "f1-score": 0.7680682124524412, "support": 73.0}}, "train_rows": 1920, "test_rows": 73, "source_features": 507, "model_input_features": [8], "elapsed_seconds": 34.56299999996554}
