Command: ["C:\\Users\\IHCK\\AppData\\Local\\Programs\\Python\\Python312\\python.exe", "-u", "C:\\Users\\IHCK\\Desktop\\1_10_69Final\\Hippocampal-Shape-Analysis-for-Epilepsy-Detection\\Model\\train_dataset_model.py", "--dataset", "augment_plsda_balanced", "--side", "right", "--model", "SqueezeNet", "--kind", "coef", "--train-csv", "C:\\Users\\IHCK\\Desktop\\1_10_69Final\\Hippocampal-Shape-Analysis-for-Epilepsy-Detection\\Output_Dataset\\augment_plsda_balanced\\right\\train_prepared.csv", "--test-csv", "C:\\Users\\IHCK\\Desktop\\1_10_69Final\\Hippocampal-Shape-Analysis-for-Epilepsy-Detection\\Output_Dataset\\augment_plsda_balanced\\right\\test_prepared.csv", "--output-dir", "C:\\Users\\IHCK\\Desktop\\1_10_69Final\\Hippocampal-Shape-Analysis-for-Epilepsy-Detection\\Model_Results\\dataset_runs_20261003\\augment_plsda_balanced\\right\\SqueezeNet", "--epochs", "80", "--pls-components", "8", "--seed", "42", "--threads", "2"]
dataset=augment_plsda_balanced side=right model=SqueezeNet; train=2182 test=77 features=507
Fixed settings. Full training fit; no cross-validation or test-based selection.
Device=cuda; epochs=80; batch=32; model=SqueezeNet1D
epoch=1/80 loss=0.506879 seconds=0.61
epoch=2/80 loss=0.082440 seconds=0.23
epoch=3/80 loss=0.029597 seconds=0.23
epoch=4/80 loss=0.020095 seconds=0.19
epoch=5/80 loss=0.039792 seconds=0.20
epoch=6/80 loss=0.013534 seconds=0.19
epoch=7/80 loss=0.010323 seconds=0.20
epoch=8/80 loss=0.014043 seconds=0.20
epoch=9/80 loss=0.014389 seconds=0.19
epoch=10/80 loss=0.012757 seconds=0.20
epoch=11/80 loss=0.011630 seconds=0.22
epoch=12/80 loss=0.010155 seconds=0.19
epoch=13/80 loss=0.010940 seconds=0.19
epoch=14/80 loss=0.010203 seconds=0.23
epoch=15/80 loss=0.008604 seconds=0.20
epoch=16/80 loss=0.006061 seconds=0.19
epoch=17/80 loss=0.011572 seconds=0.23
epoch=18/80 loss=0.006430 seconds=0.19
epoch=19/80 loss=0.017932 seconds=0.19
epoch=20/80 loss=0.010426 seconds=0.20
epoch=21/80 loss=0.005115 seconds=0.20
epoch=22/80 loss=0.005515 seconds=0.19
epoch=23/80 loss=0.008208 seconds=0.20
epoch=24/80 loss=0.018443 seconds=0.20
epoch=25/80 loss=0.016199 seconds=0.20
epoch=26/80 loss=0.007861 seconds=0.19
epoch=27/80 loss=0.005958 seconds=0.20
epoch=28/80 loss=0.007968 seconds=0.19
epoch=29/80 loss=0.004264 seconds=0.20
epoch=30/80 loss=0.007448 seconds=0.20
epoch=31/80 loss=0.060514 seconds=0.20
epoch=32/80 loss=0.009519 seconds=0.19
epoch=33/80 loss=0.006366 seconds=0.20
epoch=34/80 loss=0.006718 seconds=0.20
epoch=35/80 loss=0.003914 seconds=0.20
epoch=36/80 loss=0.005116 seconds=0.19
epoch=37/80 loss=0.003858 seconds=0.19
epoch=38/80 loss=0.002430 seconds=0.20
epoch=39/80 loss=0.002430 seconds=0.23
epoch=40/80 loss=0.003137 seconds=0.20
epoch=41/80 loss=0.002125 seconds=0.20
epoch=42/80 loss=0.002427 seconds=0.19
epoch=43/80 loss=0.002534 seconds=0.19
epoch=44/80 loss=0.001619 seconds=0.20
epoch=45/80 loss=0.003309 seconds=0.19
epoch=46/80 loss=0.003455 seconds=0.22
epoch=47/80 loss=0.003975 seconds=0.19
epoch=48/80 loss=0.002014 seconds=0.20
epoch=49/80 loss=0.005417 seconds=0.19
epoch=50/80 loss=0.003182 seconds=0.20
epoch=51/80 loss=0.006112 seconds=0.19
epoch=52/80 loss=0.005318 seconds=0.20
epoch=53/80 loss=0.001871 seconds=0.20
epoch=54/80 loss=0.002076 seconds=0.19
epoch=55/80 loss=0.000881 seconds=0.20
epoch=56/80 loss=0.000899 seconds=0.19
epoch=57/80 loss=0.000663 seconds=0.22
epoch=58/80 loss=0.000655 seconds=0.19
epoch=59/80 loss=0.001108 seconds=0.20
epoch=60/80 loss=0.004020 seconds=0.20
epoch=61/80 loss=0.008470 seconds=0.22
epoch=62/80 loss=0.022533 seconds=0.19
epoch=63/80 loss=0.013489 seconds=0.20
epoch=64/80 loss=0.007926 seconds=0.20
epoch=65/80 loss=0.001406 seconds=0.19
epoch=66/80 loss=0.001829 seconds=0.20
epoch=67/80 loss=0.001699 seconds=0.19
epoch=68/80 loss=0.001045 seconds=0.22
epoch=69/80 loss=0.000988 seconds=0.19
epoch=70/80 loss=0.000483 seconds=0.19
epoch=71/80 loss=0.000374 seconds=0.20
epoch=72/80 loss=0.001006 seconds=0.19
epoch=73/80 loss=0.001022 seconds=0.20
epoch=74/80 loss=0.000341 seconds=0.19
epoch=75/80 loss=0.002492 seconds=0.20
epoch=76/80 loss=0.000375 seconds=0.19
epoch=77/80 loss=0.000516 seconds=0.20
epoch=78/80 loss=0.000138 seconds=0.19
epoch=79/80 loss=0.000423 seconds=0.22
epoch=80/80 loss=0.000135 seconds=0.20
{"accuracy": 0.7922077922077922, "balanced_accuracy": 0.7232142857142857, "sensitivity": 0.5714285714285714, "specificity": 0.875, "f1_macro": 0.7298245614035088, "roc_auc": 0.7767857142857143, "confusion_matrix": [[49, 7], [9, 12]], "classification_report": {"0": {"precision": 0.8448275862068966, "recall": 0.875, "f1-score": 0.8596491228070176, "support": 56.0}, "1": {"precision": 0.631578947368421, "recall": 0.5714285714285714, "f1-score": 0.6, "support": 21.0}, "accuracy": 0.7922077922077922, "macro avg": {"precision": 0.7382032667876588, "recall": 0.7232142857142857, "f1-score": 0.7298245614035088, "support": 77.0}, "weighted avg": {"precision": 0.786668866523676, "recall": 0.7922077922077922, "f1-score": 0.788835725677831, "support": 77.0}}, "train_rows": 2182, "test_rows": 77, "source_features": 507, "model_input_features": [8], "elapsed_seconds": 19.32799999997951}
