Command: ["C:\\Users\\IHCK\\AppData\\Local\\Programs\\Python\\Python312\\python.exe", "-u", "C:\\Users\\IHCK\\Desktop\\1_10_69Final\\Hippocampal-Shape-Analysis-for-Epilepsy-Detection\\Model\\train_dataset_model.py", "--dataset", "augment_plsda_balanced", "--side", "right", "--model", "ResNetAE", "--kind", "coef", "--train-csv", "C:\\Users\\IHCK\\Desktop\\1_10_69Final\\Hippocampal-Shape-Analysis-for-Epilepsy-Detection\\Output_Dataset\\augment_plsda_balanced\\right\\train_prepared.csv", "--test-csv", "C:\\Users\\IHCK\\Desktop\\1_10_69Final\\Hippocampal-Shape-Analysis-for-Epilepsy-Detection\\Output_Dataset\\augment_plsda_balanced\\right\\test_prepared.csv", "--output-dir", "C:\\Users\\IHCK\\Desktop\\1_10_69Final\\Hippocampal-Shape-Analysis-for-Epilepsy-Detection\\Model_Results\\dataset_runs_20261003\\augment_plsda_balanced\\right\\ResNetAE", "--epochs", "80", "--pls-components", "8", "--seed", "42", "--threads", "2"]
dataset=augment_plsda_balanced side=right model=ResNetAE; train=2182 test=77 features=507
Fixed settings. Full training fit; no cross-validation or test-based selection.
Device=cuda; epochs=80; batch=32; model=ResNetAutoencoder1D
epoch=1/80 loss=4.944399 seconds=0.70
epoch=2/80 loss=1.019246 seconds=0.31
epoch=3/80 loss=0.805547 seconds=0.33
epoch=4/80 loss=0.580479 seconds=0.31
epoch=5/80 loss=0.476217 seconds=0.34
epoch=6/80 loss=0.555303 seconds=0.33
epoch=7/80 loss=0.423244 seconds=0.33
epoch=8/80 loss=0.464759 seconds=0.31
epoch=9/80 loss=0.369504 seconds=0.34
epoch=10/80 loss=0.325063 seconds=0.33
epoch=11/80 loss=0.334781 seconds=0.34
epoch=12/80 loss=0.290325 seconds=0.33
epoch=13/80 loss=0.290016 seconds=0.34
epoch=14/80 loss=0.301881 seconds=0.34
epoch=15/80 loss=0.271651 seconds=0.36
epoch=16/80 loss=0.268988 seconds=0.30
epoch=17/80 loss=0.293543 seconds=0.33
epoch=18/80 loss=0.324578 seconds=0.31
epoch=19/80 loss=0.234380 seconds=0.31
epoch=20/80 loss=0.260709 seconds=0.34
epoch=21/80 loss=0.242548 seconds=0.31
epoch=22/80 loss=0.257917 seconds=0.33
epoch=23/80 loss=0.195614 seconds=0.30
epoch=24/80 loss=0.212181 seconds=0.34
epoch=25/80 loss=0.286321 seconds=0.34
epoch=26/80 loss=0.239584 seconds=0.36
epoch=27/80 loss=0.217216 seconds=0.34
epoch=28/80 loss=0.297285 seconds=0.34
epoch=29/80 loss=0.205296 seconds=0.34
epoch=30/80 loss=0.208132 seconds=0.33
epoch=31/80 loss=0.188752 seconds=0.34
epoch=32/80 loss=0.166297 seconds=0.33
epoch=33/80 loss=0.175495 seconds=0.33
epoch=34/80 loss=0.185204 seconds=0.34
epoch=35/80 loss=0.154756 seconds=0.34
epoch=36/80 loss=0.151021 seconds=0.33
epoch=37/80 loss=0.165691 seconds=0.33
epoch=38/80 loss=0.168653 seconds=0.34
epoch=39/80 loss=0.149263 seconds=0.33
epoch=40/80 loss=0.173206 seconds=0.34
epoch=41/80 loss=0.137703 seconds=0.36
epoch=42/80 loss=0.173486 seconds=0.33
epoch=43/80 loss=0.133481 seconds=0.33
epoch=44/80 loss=0.154187 seconds=0.33
epoch=45/80 loss=0.159216 seconds=0.34
epoch=46/80 loss=0.151056 seconds=0.31
epoch=47/80 loss=0.177620 seconds=0.34
epoch=48/80 loss=0.163054 seconds=0.34
epoch=49/80 loss=0.161605 seconds=0.33
epoch=50/80 loss=0.147297 seconds=0.34
epoch=51/80 loss=0.170037 seconds=0.34
epoch=52/80 loss=0.135026 seconds=0.31
epoch=53/80 loss=0.133915 seconds=0.31
epoch=54/80 loss=0.132312 seconds=0.33
epoch=55/80 loss=0.121199 seconds=0.33
epoch=56/80 loss=0.120611 seconds=0.31
epoch=57/80 loss=0.129315 seconds=0.31
epoch=58/80 loss=0.132473 seconds=0.33
epoch=59/80 loss=0.161141 seconds=0.33
epoch=60/80 loss=0.140950 seconds=0.34
epoch=61/80 loss=0.150922 seconds=0.34
epoch=62/80 loss=0.157344 seconds=0.33
epoch=63/80 loss=0.140874 seconds=0.33
epoch=64/80 loss=0.124971 seconds=0.31
epoch=65/80 loss=0.124006 seconds=0.34
epoch=66/80 loss=0.170633 seconds=0.39
epoch=67/80 loss=0.133591 seconds=0.36
epoch=68/80 loss=0.109831 seconds=0.33
epoch=69/80 loss=0.108420 seconds=0.33
epoch=70/80 loss=0.119735 seconds=0.33
epoch=71/80 loss=0.103809 seconds=0.34
epoch=72/80 loss=0.110894 seconds=0.34
epoch=73/80 loss=0.113780 seconds=0.36
epoch=74/80 loss=0.099540 seconds=0.34
epoch=75/80 loss=0.107434 seconds=0.33
epoch=76/80 loss=0.118427 seconds=0.33
epoch=77/80 loss=0.107486 seconds=0.34
epoch=78/80 loss=0.129252 seconds=0.33
epoch=79/80 loss=0.109243 seconds=0.33
epoch=80/80 loss=0.109961 seconds=0.36
{"accuracy": 0.8181818181818182, "balanced_accuracy": 0.7261904761904763, "sensitivity": 0.5238095238095238, "specificity": 0.9285714285714286, "f1_macro": 0.7462335216572504, "roc_auc": 0.7942176870748299, "confusion_matrix": [[52, 4], [10, 11]], "classification_report": {"0": {"precision": 0.8387096774193549, "recall": 0.9285714285714286, "f1-score": 0.8813559322033898, "support": 56.0}, "1": {"precision": 0.7333333333333333, "recall": 0.5238095238095238, "f1-score": 0.6111111111111112, "support": 21.0}, "accuracy": 0.8181818181818182, "macro avg": {"precision": 0.7860215053763441, "recall": 0.7261904761904763, "f1-score": 0.7462335216572504, "support": 77.0}, "weighted avg": {"precision": 0.8099706744868035, "recall": 0.8181818181818182, "f1-score": 0.8076527991782229, "support": 77.0}}, "train_rows": 2182, "test_rows": 77, "source_features": 507, "model_input_features": [8], "elapsed_seconds": 30.0}
