Command: ["C:\\Users\\IHCK\\AppData\\Local\\Programs\\Python\\Python312\\python.exe", "-u", "C:\\Users\\IHCK\\Desktop\\1_10_69Final\\Hippocampal-Shape-Analysis-for-Epilepsy-Detection\\Model\\train_dataset_model.py", "--dataset", "augment_plsda_balanced", "--side", "left", "--model", "ResNet", "--kind", "coef", "--train-csv", "C:\\Users\\IHCK\\Desktop\\1_10_69Final\\Hippocampal-Shape-Analysis-for-Epilepsy-Detection\\Output_Dataset\\augment_plsda_balanced\\left\\train_prepared.csv", "--test-csv", "C:\\Users\\IHCK\\Desktop\\1_10_69Final\\Hippocampal-Shape-Analysis-for-Epilepsy-Detection\\Output_Dataset\\augment_plsda_balanced\\left\\test_prepared.csv", "--output-dir", "C:\\Users\\IHCK\\Desktop\\1_10_69Final\\Hippocampal-Shape-Analysis-for-Epilepsy-Detection\\Model_Results\\dataset_runs_20261003\\augment_plsda_balanced\\left\\ResNet", "--epochs", "80", "--pls-components", "8", "--seed", "42", "--threads", "2"]
dataset=augment_plsda_balanced side=left model=ResNet; train=1920 test=73 features=507
Fixed settings. Full training fit; no cross-validation or test-based selection.
Device=cuda; epochs=80; batch=32; model=ResNet1D
epoch=1/80 loss=0.081170 seconds=0.56
epoch=2/80 loss=0.026116 seconds=0.23
epoch=3/80 loss=0.031760 seconds=0.27
epoch=4/80 loss=0.025013 seconds=0.22
epoch=5/80 loss=0.022004 seconds=0.25
epoch=6/80 loss=0.011984 seconds=0.22
epoch=7/80 loss=0.008101 seconds=0.25
epoch=8/80 loss=0.018210 seconds=0.23
epoch=9/80 loss=0.030717 seconds=0.25
epoch=10/80 loss=0.010484 seconds=0.25
epoch=11/80 loss=0.009833 seconds=0.23
epoch=12/80 loss=0.012113 seconds=0.25
epoch=13/80 loss=0.013524 seconds=0.23
epoch=14/80 loss=0.011150 seconds=0.25
epoch=15/80 loss=0.004481 seconds=0.23
epoch=16/80 loss=0.010260 seconds=0.27
epoch=17/80 loss=0.013790 seconds=0.27
epoch=18/80 loss=0.003374 seconds=0.23
epoch=19/80 loss=0.013719 seconds=0.25
epoch=20/80 loss=0.002697 seconds=0.23
epoch=21/80 loss=0.009232 seconds=0.23
epoch=22/80 loss=0.003392 seconds=0.22
epoch=23/80 loss=0.014686 seconds=0.23
epoch=24/80 loss=0.014510 seconds=0.22
epoch=25/80 loss=0.006129 seconds=0.23
epoch=26/80 loss=0.003926 seconds=0.27
epoch=27/80 loss=0.002812 seconds=0.25
epoch=28/80 loss=0.000904 seconds=0.23
epoch=29/80 loss=0.004029 seconds=0.27
epoch=30/80 loss=0.001229 seconds=0.25
epoch=31/80 loss=0.003829 seconds=0.27
epoch=32/80 loss=0.003232 seconds=0.23
epoch=33/80 loss=0.006995 seconds=0.23
epoch=34/80 loss=0.001160 seconds=0.25
epoch=35/80 loss=0.000446 seconds=0.23
epoch=36/80 loss=0.000714 seconds=0.25
epoch=37/80 loss=0.007478 seconds=0.22
epoch=38/80 loss=0.004638 seconds=0.25
epoch=39/80 loss=0.005606 seconds=0.25
epoch=40/80 loss=0.001573 seconds=0.25
epoch=41/80 loss=0.000526 seconds=0.25
epoch=42/80 loss=0.005056 seconds=0.27
epoch=43/80 loss=0.003144 seconds=0.25
epoch=44/80 loss=0.010004 seconds=0.27
epoch=45/80 loss=0.014364 seconds=0.25
epoch=46/80 loss=0.001554 seconds=0.27
epoch=47/80 loss=0.003325 seconds=0.25
epoch=48/80 loss=0.000451 seconds=0.25
epoch=49/80 loss=0.000209 seconds=0.28
epoch=50/80 loss=0.000140 seconds=0.25
epoch=51/80 loss=0.000163 seconds=0.25
epoch=52/80 loss=0.000142 seconds=0.25
epoch=53/80 loss=0.000291 seconds=0.27
epoch=54/80 loss=0.004219 seconds=0.27
epoch=55/80 loss=0.010291 seconds=0.23
epoch=56/80 loss=0.011619 seconds=0.25
epoch=57/80 loss=0.001213 seconds=0.27
epoch=58/80 loss=0.008080 seconds=0.23
epoch=59/80 loss=0.003147 seconds=0.23
epoch=60/80 loss=0.004472 seconds=0.27
epoch=61/80 loss=0.000583 seconds=0.25
epoch=62/80 loss=0.000163 seconds=0.25
epoch=63/80 loss=0.020892 seconds=0.27
epoch=64/80 loss=0.001391 seconds=0.25
epoch=65/80 loss=0.002802 seconds=0.25
epoch=66/80 loss=0.006140 seconds=0.25
epoch=67/80 loss=0.002034 seconds=0.23
epoch=68/80 loss=0.001428 seconds=0.25
epoch=69/80 loss=0.002437 seconds=0.25
epoch=70/80 loss=0.002155 seconds=0.25
epoch=71/80 loss=0.002113 seconds=0.25
epoch=72/80 loss=0.001860 seconds=0.25
epoch=73/80 loss=0.005091 seconds=0.23
epoch=74/80 loss=0.004492 seconds=0.23
epoch=75/80 loss=0.001017 seconds=0.22
epoch=76/80 loss=0.000294 seconds=0.23
epoch=77/80 loss=0.004604 seconds=0.23
epoch=78/80 loss=0.002488 seconds=0.23
epoch=79/80 loss=0.000928 seconds=0.25
epoch=80/80 loss=0.017801 seconds=0.23
{"accuracy": 0.7397260273972602, "balanced_accuracy": 0.7377250409165302, "sensitivity": 0.7307692307692307, "specificity": 0.7446808510638298, "f1_macro": 0.7265917602996255, "roc_auc": 0.8101472995090017, "confusion_matrix": [[35, 12], [7, 19]], "classification_report": {"0": {"precision": 0.8333333333333334, "recall": 0.7446808510638298, "f1-score": 0.7865168539325843, "support": 47.0}, "1": {"precision": 0.6129032258064516, "recall": 0.7307692307692307, "f1-score": 0.6666666666666666, "support": 26.0}, "accuracy": 0.7397260273972602, "macro avg": {"precision": 0.7231182795698925, "recall": 0.7377250409165302, "f1-score": 0.7265917602996255, "support": 73.0}, "weighted avg": {"precision": 0.7548239799675948, "recall": 0.7397260273972602, "f1-score": 0.7438304858652711, "support": 73.0}}, "train_rows": 1920, "test_rows": 73, "source_features": 507, "model_input_features": [8], "elapsed_seconds": 24.671999999904074}
