Command: ["C:\\Users\\IHCK\\AppData\\Local\\Programs\\Python\\Python312\\python.exe", "-u", "C:\\Users\\IHCK\\Desktop\\1_10_69Final\\Hippocampal-Shape-Analysis-for-Epilepsy-Detection\\Model\\train_dataset_model.py", "--dataset", "augment_plsda_balanced", "--side", "right", "--model", "ResNet", "--kind", "coef", "--train-csv", "C:\\Users\\IHCK\\Desktop\\1_10_69Final\\Hippocampal-Shape-Analysis-for-Epilepsy-Detection\\Output_Dataset\\augment_plsda_balanced\\right\\train_prepared.csv", "--test-csv", "C:\\Users\\IHCK\\Desktop\\1_10_69Final\\Hippocampal-Shape-Analysis-for-Epilepsy-Detection\\Output_Dataset\\augment_plsda_balanced\\right\\test_prepared.csv", "--output-dir", "C:\\Users\\IHCK\\Desktop\\1_10_69Final\\Hippocampal-Shape-Analysis-for-Epilepsy-Detection\\Model_Results\\dataset_runs_20261003\\augment_plsda_balanced\\right\\ResNet", "--epochs", "80", "--pls-components", "8", "--seed", "42", "--threads", "2"]
dataset=augment_plsda_balanced side=right model=ResNet; train=2182 test=77 features=507
Fixed settings. Full training fit; no cross-validation or test-based selection.
Device=cuda; epochs=80; batch=32; model=ResNet1D
epoch=1/80 loss=0.069374 seconds=0.64
epoch=2/80 loss=0.018002 seconds=0.33
epoch=3/80 loss=0.011981 seconds=0.28
epoch=4/80 loss=0.011047 seconds=0.33
epoch=5/80 loss=0.003294 seconds=0.33
epoch=6/80 loss=0.012641 seconds=0.31
epoch=7/80 loss=0.005806 seconds=0.31
epoch=8/80 loss=0.038526 seconds=0.31
epoch=9/80 loss=0.009769 seconds=0.31
epoch=10/80 loss=0.012189 seconds=0.28
epoch=11/80 loss=0.002268 seconds=0.31
epoch=12/80 loss=0.006158 seconds=0.31
epoch=13/80 loss=0.005887 seconds=0.30
epoch=14/80 loss=0.005365 seconds=0.31
epoch=15/80 loss=0.005434 seconds=0.31
epoch=16/80 loss=0.050139 seconds=0.30
epoch=17/80 loss=0.004125 seconds=0.30
epoch=18/80 loss=0.046239 seconds=0.30
epoch=19/80 loss=0.006359 seconds=0.28
epoch=20/80 loss=0.017630 seconds=0.30
epoch=21/80 loss=0.006513 seconds=0.30
epoch=22/80 loss=0.012515 seconds=0.28
epoch=23/80 loss=0.003902 seconds=0.30
epoch=24/80 loss=0.053394 seconds=0.28
epoch=25/80 loss=0.011852 seconds=0.27
epoch=26/80 loss=0.009008 seconds=0.25
epoch=27/80 loss=0.003394 seconds=0.28
epoch=28/80 loss=0.002536 seconds=0.25
epoch=29/80 loss=0.005180 seconds=0.25
epoch=30/80 loss=0.005173 seconds=0.27
epoch=31/80 loss=0.001965 seconds=0.30
epoch=32/80 loss=0.002199 seconds=0.30
epoch=33/80 loss=0.005668 seconds=0.28
epoch=34/80 loss=0.006042 seconds=0.27
epoch=35/80 loss=0.005370 seconds=0.28
epoch=36/80 loss=0.003573 seconds=0.30
epoch=37/80 loss=0.002100 seconds=0.30
epoch=38/80 loss=0.005440 seconds=0.27
epoch=39/80 loss=0.002771 seconds=0.30
epoch=40/80 loss=0.001149 seconds=0.30
epoch=41/80 loss=0.008617 seconds=0.31
epoch=42/80 loss=0.014077 seconds=0.30
epoch=43/80 loss=0.003795 seconds=0.30
epoch=44/80 loss=0.003486 seconds=0.30
epoch=45/80 loss=0.003795 seconds=0.31
epoch=46/80 loss=0.001780 seconds=0.30
epoch=47/80 loss=0.000797 seconds=0.30
epoch=48/80 loss=0.005248 seconds=0.31
epoch=49/80 loss=0.009871 seconds=0.28
epoch=50/80 loss=0.003911 seconds=0.31
epoch=51/80 loss=0.001803 seconds=0.30
epoch=52/80 loss=0.000502 seconds=0.34
epoch=53/80 loss=0.000497 seconds=0.30
epoch=54/80 loss=0.005423 seconds=0.28
epoch=55/80 loss=0.001560 seconds=0.30
epoch=56/80 loss=0.000822 seconds=0.28
epoch=57/80 loss=0.000195 seconds=0.28
epoch=58/80 loss=0.000418 seconds=0.31
epoch=59/80 loss=0.000128 seconds=0.30
epoch=60/80 loss=0.000156 seconds=0.30
epoch=61/80 loss=0.000284 seconds=0.28
epoch=62/80 loss=0.006733 seconds=0.30
epoch=63/80 loss=0.001400 seconds=0.28
epoch=64/80 loss=0.000735 seconds=0.30
epoch=65/80 loss=0.000506 seconds=0.33
epoch=66/80 loss=0.002686 seconds=0.30
epoch=67/80 loss=0.001171 seconds=0.30
epoch=68/80 loss=0.000203 seconds=0.28
epoch=69/80 loss=0.003309 seconds=0.30
epoch=70/80 loss=0.005490 seconds=0.28
epoch=71/80 loss=0.002490 seconds=0.28
epoch=72/80 loss=0.001253 seconds=0.30
epoch=73/80 loss=0.000485 seconds=0.28
epoch=74/80 loss=0.003956 seconds=0.31
epoch=75/80 loss=0.000628 seconds=0.31
epoch=76/80 loss=0.000535 seconds=0.30
epoch=77/80 loss=0.000286 seconds=0.30
epoch=78/80 loss=0.000077 seconds=0.34
epoch=79/80 loss=0.005561 seconds=0.30
epoch=80/80 loss=0.004473 seconds=0.31
{"accuracy": 0.8441558441558441, "balanced_accuracy": 0.7738095238095238, "sensitivity": 0.6190476190476191, "specificity": 0.9285714285714286, "f1_macro": 0.7903811252268602, "roc_auc": 0.8061224489795917, "confusion_matrix": [[52, 4], [8, 13]], "classification_report": {"0": {"precision": 0.8666666666666667, "recall": 0.9285714285714286, "f1-score": 0.896551724137931, "support": 56.0}, "1": {"precision": 0.7647058823529411, "recall": 0.6190476190476191, "f1-score": 0.6842105263157895, "support": 21.0}, "accuracy": 0.8441558441558441, "macro avg": {"precision": 0.8156862745098039, "recall": 0.7738095238095238, "f1-score": 0.7903811252268602, "support": 77.0}, "weighted avg": {"precision": 0.8388591800356506, "recall": 0.8441558441558441, "f1-score": 0.8386404883682561, "support": 77.0}}, "train_rows": 2182, "test_rows": 77, "source_features": 507, "model_input_features": [8], "elapsed_seconds": 28.76500000001397}
