Command: ["C:\\Users\\IHCK\\AppData\\Local\\Programs\\Python\\Python312\\python.exe", "-u", "C:\\Users\\IHCK\\Desktop\\1_10_69Final\\Hippocampal-Shape-Analysis-for-Epilepsy-Detection\\Model\\train_dataset_model.py", "--dataset", "augment_plsda_balanced", "--side", "left", "--model", "ResNetAE", "--kind", "coef", "--train-csv", "C:\\Users\\IHCK\\Desktop\\1_10_69Final\\Hippocampal-Shape-Analysis-for-Epilepsy-Detection\\Output_Dataset\\augment_plsda_balanced\\left\\train_prepared.csv", "--test-csv", "C:\\Users\\IHCK\\Desktop\\1_10_69Final\\Hippocampal-Shape-Analysis-for-Epilepsy-Detection\\Output_Dataset\\augment_plsda_balanced\\left\\test_prepared.csv", "--output-dir", "C:\\Users\\IHCK\\Desktop\\1_10_69Final\\Hippocampal-Shape-Analysis-for-Epilepsy-Detection\\Model_Results\\dataset_runs_20261003\\augment_plsda_balanced\\left\\ResNetAE", "--epochs", "80", "--pls-components", "8", "--seed", "42", "--threads", "2"]
dataset=augment_plsda_balanced side=left model=ResNetAE; train=1920 test=73 features=507
Fixed settings. Full training fit; no cross-validation or test-based selection.
Device=cuda; epochs=80; batch=32; model=ResNetAutoencoder1D
epoch=1/80 loss=4.585018 seconds=0.67
epoch=2/80 loss=1.068842 seconds=0.31
epoch=3/80 loss=0.786292 seconds=0.31
epoch=4/80 loss=0.620265 seconds=0.33
epoch=5/80 loss=0.574000 seconds=0.30
epoch=6/80 loss=0.455280 seconds=0.30
epoch=7/80 loss=0.469861 seconds=0.28
epoch=8/80 loss=0.411248 seconds=0.30
epoch=9/80 loss=0.389062 seconds=0.30
epoch=10/80 loss=0.338446 seconds=0.30
epoch=11/80 loss=0.321530 seconds=0.30
epoch=12/80 loss=0.332443 seconds=0.31
epoch=13/80 loss=0.303461 seconds=0.28
epoch=14/80 loss=0.303618 seconds=0.30
epoch=15/80 loss=0.275591 seconds=0.30
epoch=16/80 loss=0.277657 seconds=0.31
epoch=17/80 loss=0.271324 seconds=0.28
epoch=18/80 loss=0.273268 seconds=0.30
epoch=19/80 loss=0.265964 seconds=0.31
epoch=20/80 loss=0.239589 seconds=0.30
epoch=21/80 loss=0.227210 seconds=0.30
epoch=22/80 loss=0.222630 seconds=0.30
epoch=23/80 loss=0.216726 seconds=0.31
epoch=24/80 loss=0.231454 seconds=0.30
epoch=25/80 loss=0.212473 seconds=0.28
epoch=26/80 loss=0.210533 seconds=0.30
epoch=27/80 loss=0.191003 seconds=0.30
epoch=28/80 loss=0.215167 seconds=0.30
epoch=29/80 loss=0.206174 seconds=0.28
epoch=30/80 loss=0.209740 seconds=0.31
epoch=31/80 loss=0.202391 seconds=0.31
epoch=32/80 loss=0.187534 seconds=0.30
epoch=33/80 loss=0.159782 seconds=0.31
epoch=34/80 loss=0.153090 seconds=0.30
epoch=35/80 loss=0.157839 seconds=0.30
epoch=36/80 loss=0.179136 seconds=0.31
epoch=37/80 loss=0.175046 seconds=0.30
epoch=38/80 loss=0.155460 seconds=0.30
epoch=39/80 loss=0.175980 seconds=0.31
epoch=40/80 loss=0.155220 seconds=0.30
epoch=41/80 loss=0.171270 seconds=0.30
epoch=42/80 loss=0.165315 seconds=0.30
epoch=43/80 loss=0.147516 seconds=0.31
epoch=44/80 loss=0.161929 seconds=0.30
epoch=45/80 loss=0.155444 seconds=0.31
epoch=46/80 loss=0.122788 seconds=0.30
epoch=47/80 loss=0.135547 seconds=0.31
epoch=48/80 loss=0.140454 seconds=0.31
epoch=49/80 loss=0.121628 seconds=0.28
epoch=50/80 loss=0.141504 seconds=0.30
epoch=51/80 loss=0.146733 seconds=0.31
epoch=52/80 loss=0.132750 seconds=0.30
epoch=53/80 loss=0.144697 seconds=0.33
epoch=54/80 loss=0.135818 seconds=0.28
epoch=55/80 loss=0.137947 seconds=0.28
epoch=56/80 loss=0.135922 seconds=0.30
epoch=57/80 loss=0.120695 seconds=0.33
epoch=58/80 loss=0.133026 seconds=0.28
epoch=59/80 loss=0.126861 seconds=0.31
epoch=60/80 loss=0.137351 seconds=0.31
epoch=61/80 loss=0.138240 seconds=0.27
epoch=62/80 loss=0.115188 seconds=0.28
epoch=63/80 loss=0.127622 seconds=0.30
epoch=64/80 loss=0.131826 seconds=0.27
epoch=65/80 loss=0.131039 seconds=0.28
epoch=66/80 loss=0.130334 seconds=0.28
epoch=67/80 loss=0.115088 seconds=0.28
epoch=68/80 loss=0.112415 seconds=0.28
epoch=69/80 loss=0.127793 seconds=0.28
epoch=70/80 loss=0.123275 seconds=0.27
epoch=71/80 loss=0.107776 seconds=0.28
epoch=72/80 loss=0.134873 seconds=0.30
epoch=73/80 loss=0.122458 seconds=0.31
epoch=74/80 loss=0.103851 seconds=0.31
epoch=75/80 loss=0.119376 seconds=0.30
epoch=76/80 loss=0.099377 seconds=0.30
epoch=77/80 loss=0.107187 seconds=0.30
epoch=78/80 loss=0.124967 seconds=0.30
epoch=79/80 loss=0.117371 seconds=0.28
epoch=80/80 loss=0.116113 seconds=0.30
{"accuracy": 0.7671232876712328, "balanced_accuracy": 0.7504091653027822, "sensitivity": 0.6923076923076923, "specificity": 0.8085106382978723, "f1_macro": 0.7482247920470684, "roc_auc": 0.8281505728314239, "confusion_matrix": [[38, 9], [8, 18]], "classification_report": {"0": {"precision": 0.8260869565217391, "recall": 0.8085106382978723, "f1-score": 0.8172043010752689, "support": 47.0}, "1": {"precision": 0.6666666666666666, "recall": 0.6923076923076923, "f1-score": 0.6792452830188679, "support": 26.0}, "accuracy": 0.7671232876712328, "macro avg": {"precision": 0.7463768115942029, "recall": 0.7504091653027822, "f1-score": 0.7482247920470684, "support": 73.0}, "weighted avg": {"precision": 0.7693071272582888, "recall": 0.7671232876712328, "f1-score": 0.7680682124524412, "support": 73.0}}, "train_rows": 1920, "test_rows": 73, "source_features": 507, "model_input_features": [8], "elapsed_seconds": 27.15700000000652}
