Command: ["C:\\Users\\IHCK\\AppData\\Local\\Programs\\Python\\Python312\\python.exe", "-u", "C:\\Users\\IHCK\\Desktop\\1_10_69Final\\Hippocampal-Shape-Analysis-for-Epilepsy-Detection\\Model\\train_dataset_model.py", "--dataset", "augment_plsda_balanced", "--side", "left", "--model", "MLP", "--kind", "coef", "--train-csv", "C:\\Users\\IHCK\\Desktop\\1_10_69Final\\Hippocampal-Shape-Analysis-for-Epilepsy-Detection\\Output_Dataset\\augment_plsda_balanced\\left\\train_prepared.csv", "--test-csv", "C:\\Users\\IHCK\\Desktop\\1_10_69Final\\Hippocampal-Shape-Analysis-for-Epilepsy-Detection\\Output_Dataset\\augment_plsda_balanced\\left\\test_prepared.csv", "--output-dir", "C:\\Users\\IHCK\\Desktop\\1_10_69Final\\Hippocampal-Shape-Analysis-for-Epilepsy-Detection\\Model_Results\\dataset_runs_20261003\\augment_plsda_balanced\\left\\MLP", "--epochs", "80", "--pls-components", "8", "--seed", "42", "--threads", "2"]
dataset=augment_plsda_balanced side=left model=MLP; train=1920 test=73 features=507
Fixed settings. Full training fit; no cross-validation or test-based selection.
Iteration 1, loss = 0.45031006
Iteration 2, loss = 0.12657983
Iteration 3, loss = 0.04828559
Iteration 4, loss = 0.02963244
Iteration 5, loss = 0.02229181
Iteration 6, loss = 0.01826644
Iteration 7, loss = 0.01580670
Iteration 8, loss = 0.01399707
Iteration 9, loss = 0.01270758
Iteration 10, loss = 0.01179096
Iteration 11, loss = 0.01074930
Iteration 12, loss = 0.01022420
Iteration 13, loss = 0.00955692
Iteration 14, loss = 0.00892037
Iteration 15, loss = 0.00826182
Iteration 16, loss = 0.00790463
Iteration 17, loss = 0.00757077
Iteration 18, loss = 0.00717079
Iteration 19, loss = 0.00684574
Iteration 20, loss = 0.00656590
Iteration 21, loss = 0.00632408
Iteration 22, loss = 0.00576834
Iteration 23, loss = 0.00566890
Iteration 24, loss = 0.00506647
Iteration 25, loss = 0.00487431
Iteration 26, loss = 0.00450219
Iteration 27, loss = 0.00432377
Iteration 28, loss = 0.00413494
Iteration 29, loss = 0.00393560
Iteration 30, loss = 0.00381981
Iteration 31, loss = 0.00360927
Iteration 32, loss = 0.00350691
Iteration 33, loss = 0.00326135
Iteration 34, loss = 0.00311312
Iteration 35, loss = 0.00301184
Iteration 36, loss = 0.00283451
Iteration 37, loss = 0.00271365
Iteration 38, loss = 0.00261016
Iteration 39, loss = 0.00261186
Iteration 40, loss = 0.00238366
Iteration 41, loss = 0.00229416
Iteration 42, loss = 0.00222687
Iteration 43, loss = 0.00213606
Iteration 44, loss = 0.00204999
Iteration 45, loss = 0.00205545
Iteration 46, loss = 0.00187424
Iteration 47, loss = 0.00183359
Iteration 48, loss = 0.00175476
Iteration 49, loss = 0.00172763
Iteration 50, loss = 0.00173286
Iteration 51, loss = 0.00158885
Iteration 52, loss = 0.00155197
Iteration 53, loss = 0.00153466
Iteration 54, loss = 0.00144470
Iteration 55, loss = 0.00144632
Iteration 56, loss = 0.00141560
Iteration 57, loss = 0.00138375
Iteration 58, loss = 0.00127373
Iteration 59, loss = 0.00125063
Iteration 60, loss = 0.00121734
Iteration 61, loss = 0.00117510
Iteration 62, loss = 0.00114155
Iteration 63, loss = 0.00111027
Iteration 64, loss = 0.00108205
Iteration 65, loss = 0.00105759
Iteration 66, loss = 0.00103375
Iteration 67, loss = 0.00101776
Iteration 68, loss = 0.00097853
Iteration 69, loss = 0.00096003
Training loss did not improve more than tol=0.000100 for 10 consecutive epochs. Stopping.
{"accuracy": 0.726027397260274, "balanced_accuracy": 0.718494271685761, "sensitivity": 0.6923076923076923, "specificity": 0.7446808510638298, "f1_macro": 0.7103174603174603, "roc_auc": 0.8314238952536825, "confusion_matrix": [[35, 12], [8, 18]], "classification_report": {"0": {"precision": 0.813953488372093, "recall": 0.7446808510638298, "f1-score": 0.7777777777777778, "support": 47.0}, "1": {"precision": 0.6, "recall": 0.6923076923076923, "f1-score": 0.6428571428571429, "support": 26.0}, "accuracy": 0.726027397260274, "macro avg": {"precision": 0.7069767441860465, "recall": 0.718494271685761, "f1-score": 0.7103174603174603, "support": 73.0}, "weighted avg": {"precision": 0.7377508760751832, "recall": 0.726027397260274, "f1-score": 0.7297238530115243, "support": 73.0}}, "train_rows": 1920, "test_rows": 73, "source_features": 507, "model_input_features": [8], "elapsed_seconds": 0.4529999999795109}
