Command: ["C:\\Users\\IHCK\\AppData\\Local\\Programs\\Python\\Python312\\python.exe", "-u", "C:\\Users\\IHCK\\Desktop\\1_10_69Final\\Hippocampal-Shape-Analysis-for-Epilepsy-Detection\\Model\\train_dataset_model.py", "--dataset", "augment_plsda_balanced", "--side", "right", "--model", "MobileNet", "--kind", "coef", "--train-csv", "C:\\Users\\IHCK\\Desktop\\1_10_69Final\\Hippocampal-Shape-Analysis-for-Epilepsy-Detection\\Output_Dataset\\augment_plsda_balanced\\right\\train_prepared.csv", "--test-csv", "C:\\Users\\IHCK\\Desktop\\1_10_69Final\\Hippocampal-Shape-Analysis-for-Epilepsy-Detection\\Output_Dataset\\augment_plsda_balanced\\right\\test_prepared.csv", "--output-dir", "C:\\Users\\IHCK\\Desktop\\1_10_69Final\\Hippocampal-Shape-Analysis-for-Epilepsy-Detection\\Model_Results\\dataset_runs_20261003\\augment_plsda_balanced\\right\\MobileNet", "--epochs", "80", "--pls-components", "8", "--seed", "42", "--threads", "2"]
dataset=augment_plsda_balanced side=right model=MobileNet; train=2182 test=77 features=507
Fixed settings. Full training fit; no cross-validation or test-based selection.
Device=cuda; epochs=80; batch=32; model=MobileNetV2_1D
epoch=1/80 loss=0.137153 seconds=0.84
epoch=2/80 loss=0.019050 seconds=0.45
epoch=3/80 loss=0.019236 seconds=0.42
epoch=4/80 loss=0.023991 seconds=0.42
epoch=5/80 loss=0.008813 seconds=0.44
epoch=6/80 loss=0.012331 seconds=0.45
epoch=7/80 loss=0.011721 seconds=0.42
epoch=8/80 loss=0.015831 seconds=0.44
epoch=9/80 loss=0.006261 seconds=0.44
epoch=10/80 loss=0.012068 seconds=0.44
epoch=11/80 loss=0.007038 seconds=0.45
epoch=12/80 loss=0.007704 seconds=0.42
epoch=13/80 loss=0.006694 seconds=0.44
epoch=14/80 loss=0.007879 seconds=0.47
epoch=15/80 loss=0.008979 seconds=0.44
epoch=16/80 loss=0.047372 seconds=0.45
epoch=17/80 loss=0.003923 seconds=0.42
epoch=18/80 loss=0.009340 seconds=0.44
epoch=19/80 loss=0.004160 seconds=0.42
epoch=20/80 loss=0.014419 seconds=0.45
epoch=21/80 loss=0.005497 seconds=0.44
epoch=22/80 loss=0.012493 seconds=0.44
epoch=23/80 loss=0.002782 seconds=0.44
epoch=24/80 loss=0.011676 seconds=0.44
epoch=25/80 loss=0.014072 seconds=0.44
epoch=26/80 loss=0.004031 seconds=0.44
epoch=27/80 loss=0.001888 seconds=0.44
epoch=28/80 loss=0.000735 seconds=0.45
epoch=29/80 loss=0.002610 seconds=0.42
epoch=30/80 loss=0.002272 seconds=0.44
epoch=31/80 loss=0.005154 seconds=0.45
epoch=32/80 loss=0.000988 seconds=0.42
epoch=33/80 loss=0.000736 seconds=0.44
epoch=34/80 loss=0.000626 seconds=0.42
epoch=35/80 loss=0.003427 seconds=0.44
epoch=36/80 loss=0.004349 seconds=0.45
epoch=37/80 loss=0.002405 seconds=0.44
epoch=38/80 loss=0.011749 seconds=0.44
epoch=39/80 loss=0.002196 seconds=0.44
epoch=40/80 loss=0.002155 seconds=0.44
epoch=41/80 loss=0.001396 seconds=0.44
epoch=42/80 loss=0.015251 seconds=0.44
epoch=43/80 loss=0.000801 seconds=0.44
epoch=44/80 loss=0.000787 seconds=0.44
epoch=45/80 loss=0.000419 seconds=0.42
epoch=46/80 loss=0.008234 seconds=0.44
epoch=47/80 loss=0.002113 seconds=0.42
epoch=48/80 loss=0.018129 seconds=0.44
epoch=49/80 loss=0.009433 seconds=0.44
epoch=50/80 loss=0.007373 seconds=0.44
epoch=51/80 loss=0.004385 seconds=0.45
epoch=52/80 loss=0.000690 seconds=0.42
epoch=53/80 loss=0.001820 seconds=0.42
epoch=54/80 loss=0.006292 seconds=0.44
epoch=55/80 loss=0.002168 seconds=0.42
epoch=56/80 loss=0.003070 seconds=0.48
epoch=57/80 loss=0.000558 seconds=0.45
epoch=58/80 loss=0.007357 seconds=0.48
epoch=59/80 loss=0.000913 seconds=0.45
epoch=60/80 loss=0.001465 seconds=0.48
epoch=61/80 loss=0.000350 seconds=0.45
epoch=62/80 loss=0.007186 seconds=0.42
epoch=63/80 loss=0.004945 seconds=0.44
epoch=64/80 loss=0.006067 seconds=0.44
epoch=65/80 loss=0.002983 seconds=0.44
epoch=66/80 loss=0.007591 seconds=0.44
epoch=67/80 loss=0.005473 seconds=0.42
epoch=68/80 loss=0.000959 seconds=0.45
epoch=69/80 loss=0.001522 seconds=0.44
epoch=70/80 loss=0.003138 seconds=0.42
epoch=71/80 loss=0.004378 seconds=0.44
epoch=72/80 loss=0.001704 seconds=0.42
epoch=73/80 loss=0.000178 seconds=0.44
epoch=74/80 loss=0.000210 seconds=0.42
epoch=75/80 loss=0.000305 seconds=0.42
epoch=76/80 loss=0.000572 seconds=0.44
epoch=77/80 loss=0.000995 seconds=0.42
epoch=78/80 loss=0.002145 seconds=0.42
epoch=79/80 loss=0.003881 seconds=0.44
epoch=80/80 loss=0.000664 seconds=0.42
{"accuracy": 0.8311688311688312, "balanced_accuracy": 0.75, "sensitivity": 0.5714285714285714, "specificity": 0.9285714285714286, "f1_macro": 0.7687687687687688, "roc_auc": 0.8103741496598639, "confusion_matrix": [[52, 4], [9, 12]], "classification_report": {"0": {"precision": 0.8524590163934426, "recall": 0.9285714285714286, "f1-score": 0.8888888888888888, "support": 56.0}, "1": {"precision": 0.75, "recall": 0.5714285714285714, "f1-score": 0.6486486486486487, "support": 21.0}, "accuracy": 0.8311688311688312, "macro avg": {"precision": 0.8012295081967213, "recall": 0.75, "f1-score": 0.7687687687687688, "support": 77.0}, "weighted avg": {"precision": 0.82451564828614, "recall": 0.8311688311688312, "f1-score": 0.8233688233688233, "support": 77.0}}, "train_rows": 2182, "test_rows": 77, "source_features": 507, "model_input_features": [8], "elapsed_seconds": 38.42200000002049}
