Command: ["C:\\Users\\IHCK\\AppData\\Local\\Programs\\Python\\Python312\\python.exe", "-u", "C:\\Users\\IHCK\\Desktop\\1_10_69Final\\Hippocampal-Shape-Analysis-for-Epilepsy-Detection\\Model\\train_dataset_model.py", "--dataset", "augment_plsda_balanced", "--side", "left", "--model", "SqueezeNet", "--kind", "coef", "--train-csv", "C:\\Users\\IHCK\\Desktop\\1_10_69Final\\Hippocampal-Shape-Analysis-for-Epilepsy-Detection\\Output_Dataset\\augment_plsda_balanced\\left\\train_prepared.csv", "--test-csv", "C:\\Users\\IHCK\\Desktop\\1_10_69Final\\Hippocampal-Shape-Analysis-for-Epilepsy-Detection\\Output_Dataset\\augment_plsda_balanced\\left\\test_prepared.csv", "--output-dir", "C:\\Users\\IHCK\\Desktop\\1_10_69Final\\Hippocampal-Shape-Analysis-for-Epilepsy-Detection\\Model_Results\\dataset_runs_20261003\\augment_plsda_balanced\\left\\SqueezeNet", "--epochs", "80", "--pls-components", "8", "--seed", "42", "--threads", "2"]
dataset=augment_plsda_balanced side=left model=SqueezeNet; train=1920 test=73 features=507
Fixed settings. Full training fit; no cross-validation or test-based selection.
Device=cuda; epochs=80; batch=32; model=SqueezeNet1D
epoch=1/80 loss=0.497366 seconds=0.52
epoch=2/80 loss=0.088115 seconds=0.23
epoch=3/80 loss=0.066613 seconds=0.19
epoch=4/80 loss=0.049798 seconds=0.19
epoch=5/80 loss=0.038542 seconds=0.20
epoch=6/80 loss=0.036608 seconds=0.20
epoch=7/80 loss=0.038523 seconds=0.19
epoch=8/80 loss=0.037372 seconds=0.20
epoch=9/80 loss=0.025943 seconds=0.19
epoch=10/80 loss=0.037419 seconds=0.22
epoch=11/80 loss=0.029162 seconds=0.19
epoch=12/80 loss=0.025058 seconds=0.20
epoch=13/80 loss=0.022632 seconds=0.20
epoch=14/80 loss=0.033299 seconds=0.17
epoch=15/80 loss=0.026459 seconds=0.20
epoch=16/80 loss=0.024526 seconds=0.17
epoch=17/80 loss=0.020796 seconds=0.19
epoch=18/80 loss=0.022143 seconds=0.25
epoch=19/80 loss=0.018509 seconds=0.22
epoch=20/80 loss=0.020206 seconds=0.20
epoch=21/80 loss=0.018987 seconds=0.19
epoch=22/80 loss=0.015812 seconds=0.19
epoch=23/80 loss=0.018146 seconds=0.19
epoch=24/80 loss=0.014928 seconds=0.16
epoch=25/80 loss=0.014017 seconds=0.19
epoch=26/80 loss=0.012478 seconds=0.17
epoch=27/80 loss=0.015950 seconds=0.19
epoch=28/80 loss=0.012257 seconds=0.19
epoch=29/80 loss=0.016343 seconds=0.17
epoch=30/80 loss=0.020326 seconds=0.19
epoch=31/80 loss=0.014989 seconds=0.22
epoch=32/80 loss=0.012434 seconds=0.20
epoch=33/80 loss=0.019006 seconds=0.20
epoch=34/80 loss=0.010973 seconds=0.22
epoch=35/80 loss=0.012306 seconds=0.22
epoch=36/80 loss=0.011525 seconds=0.23
epoch=37/80 loss=0.027973 seconds=0.19
epoch=38/80 loss=0.026684 seconds=0.19
epoch=39/80 loss=0.009904 seconds=0.19
epoch=40/80 loss=0.010803 seconds=0.19
epoch=41/80 loss=0.011684 seconds=0.19
epoch=42/80 loss=0.022357 seconds=0.19
epoch=43/80 loss=0.017716 seconds=0.17
epoch=44/80 loss=0.011463 seconds=0.17
epoch=45/80 loss=0.011150 seconds=0.19
epoch=46/80 loss=0.015273 seconds=0.19
epoch=47/80 loss=0.010038 seconds=0.19
epoch=48/80 loss=0.011909 seconds=0.19
epoch=49/80 loss=0.011999 seconds=0.19
epoch=50/80 loss=0.012442 seconds=0.17
epoch=51/80 loss=0.008727 seconds=0.17
epoch=52/80 loss=0.009146 seconds=0.19
epoch=53/80 loss=0.010312 seconds=0.20
epoch=54/80 loss=0.023986 seconds=0.19
epoch=55/80 loss=0.008404 seconds=0.19
epoch=56/80 loss=0.008927 seconds=0.19
epoch=57/80 loss=0.007395 seconds=0.20
epoch=58/80 loss=0.005348 seconds=0.19
epoch=59/80 loss=0.008207 seconds=0.19
epoch=60/80 loss=0.006350 seconds=0.19
epoch=61/80 loss=0.004797 seconds=0.19
epoch=62/80 loss=0.016446 seconds=0.22
epoch=63/80 loss=0.011591 seconds=0.22
epoch=64/80 loss=0.007036 seconds=0.22
epoch=65/80 loss=0.011497 seconds=0.23
epoch=66/80 loss=0.005648 seconds=0.19
epoch=67/80 loss=0.010049 seconds=0.17
epoch=68/80 loss=0.009564 seconds=0.19
epoch=69/80 loss=0.005919 seconds=0.19
epoch=70/80 loss=0.005249 seconds=0.19
epoch=71/80 loss=0.011828 seconds=0.19
epoch=72/80 loss=0.010674 seconds=0.19
epoch=73/80 loss=0.012931 seconds=0.19
epoch=74/80 loss=0.007189 seconds=0.19
epoch=75/80 loss=0.007774 seconds=0.20
epoch=76/80 loss=0.007445 seconds=0.19
epoch=77/80 loss=0.004468 seconds=0.19
epoch=78/80 loss=0.006122 seconds=0.20
epoch=79/80 loss=0.007300 seconds=0.19
epoch=80/80 loss=0.003397 seconds=0.17
{"accuracy": 0.726027397260274, "balanced_accuracy": 0.718494271685761, "sensitivity": 0.6923076923076923, "specificity": 0.7446808510638298, "f1_macro": 0.7103174603174603, "roc_auc": 0.8113747954173486, "confusion_matrix": [[35, 12], [8, 18]], "classification_report": {"0": {"precision": 0.813953488372093, "recall": 0.7446808510638298, "f1-score": 0.7777777777777778, "support": 47.0}, "1": {"precision": 0.6, "recall": 0.6923076923076923, "f1-score": 0.6428571428571429, "support": 26.0}, "accuracy": 0.726027397260274, "macro avg": {"precision": 0.7069767441860465, "recall": 0.718494271685761, "f1-score": 0.7103174603174603, "support": 73.0}, "weighted avg": {"precision": 0.7377508760751832, "recall": 0.726027397260274, "f1-score": 0.7297238530115243, "support": 73.0}}, "train_rows": 1920, "test_rows": 73, "source_features": 507, "model_input_features": [8], "elapsed_seconds": 18.75}
