Command: ["C:\\Users\\IHCK\\AppData\\Local\\Programs\\Python\\Python312\\python.exe", "-u", "C:\\Users\\IHCK\\Desktop\\1_10_69Final\\Hippocampal-Shape-Analysis-for-Epilepsy-Detection\\Model\\train_dataset_model.py", "--dataset", "coef_raw", "--side", "right", "--model", "SqueezeNet", "--kind", "coef", "--train-csv", "C:\\Users\\IHCK\\Desktop\\1_10_69Final\\Hippocampal-Shape-Analysis-for-Epilepsy-Detection\\Output_Dataset\\coef_raw\\right\\train_prepared.csv", "--test-csv", "C:\\Users\\IHCK\\Desktop\\1_10_69Final\\Hippocampal-Shape-Analysis-for-Epilepsy-Detection\\Output_Dataset\\coef_raw\\right\\test_prepared.csv", "--output-dir", "C:\\Users\\IHCK\\Desktop\\1_10_69Final\\Hippocampal-Shape-Analysis-for-Epilepsy-Detection\\Model_Results\\dataset_runs_20261003\\coef_raw\\right\\SqueezeNet", "--epochs", "80", "--pls-components", "8", "--seed", "42", "--threads", "2"]
dataset=coef_raw side=right model=SqueezeNet; train=300 test=77 features=507
Fixed settings. Full training fit; no cross-validation or test-based selection.
Device=cuda; epochs=80; batch=32; model=SqueezeNet1D
epoch=1/80 loss=1.013548 seconds=0.41
epoch=2/80 loss=1.010580 seconds=0.03
epoch=3/80 loss=1.004945 seconds=0.03
epoch=4/80 loss=0.983381 seconds=0.05
epoch=5/80 loss=0.925712 seconds=0.03
epoch=6/80 loss=0.782626 seconds=0.03
epoch=7/80 loss=0.630356 seconds=0.03
epoch=8/80 loss=0.571837 seconds=0.03
epoch=9/80 loss=0.524894 seconds=0.03
epoch=10/80 loss=0.506275 seconds=0.05
epoch=11/80 loss=0.474609 seconds=0.03
epoch=12/80 loss=0.455216 seconds=0.03
epoch=13/80 loss=0.441854 seconds=0.03
epoch=14/80 loss=0.422056 seconds=0.05
epoch=15/80 loss=0.409978 seconds=0.03
epoch=16/80 loss=0.397524 seconds=0.05
epoch=17/80 loss=0.393763 seconds=0.03
epoch=18/80 loss=0.376765 seconds=0.03
epoch=19/80 loss=0.382066 seconds=0.05
epoch=20/80 loss=0.372612 seconds=0.03
epoch=21/80 loss=0.363016 seconds=0.03
epoch=22/80 loss=0.356835 seconds=0.03
epoch=23/80 loss=0.347155 seconds=0.03
epoch=24/80 loss=0.342031 seconds=0.05
epoch=25/80 loss=0.342853 seconds=0.03
epoch=26/80 loss=0.326058 seconds=0.03
epoch=27/80 loss=0.329360 seconds=0.03
epoch=28/80 loss=0.313035 seconds=0.03
epoch=29/80 loss=0.353048 seconds=0.03
epoch=30/80 loss=0.299646 seconds=0.02
epoch=31/80 loss=0.297458 seconds=0.03
epoch=32/80 loss=0.299011 seconds=0.03
epoch=33/80 loss=0.318330 seconds=0.03
epoch=34/80 loss=0.293233 seconds=0.03
epoch=35/80 loss=0.331516 seconds=0.03
epoch=36/80 loss=0.320981 seconds=0.03
epoch=37/80 loss=0.277946 seconds=0.03
epoch=38/80 loss=0.259506 seconds=0.03
epoch=39/80 loss=0.262561 seconds=0.03
epoch=40/80 loss=0.253938 seconds=0.03
epoch=41/80 loss=0.250543 seconds=0.05
epoch=42/80 loss=0.215629 seconds=0.02
epoch=43/80 loss=0.223221 seconds=0.05
epoch=44/80 loss=0.266251 seconds=0.03
epoch=45/80 loss=0.192247 seconds=0.03
epoch=46/80 loss=0.231748 seconds=0.03
epoch=47/80 loss=0.194565 seconds=0.02
epoch=48/80 loss=0.178980 seconds=0.03
epoch=49/80 loss=0.189699 seconds=0.03
epoch=50/80 loss=0.175876 seconds=0.03
epoch=51/80 loss=0.168367 seconds=0.03
epoch=52/80 loss=0.146826 seconds=0.03
epoch=53/80 loss=0.195948 seconds=0.03
epoch=54/80 loss=0.150260 seconds=0.03
epoch=55/80 loss=0.174116 seconds=0.03
epoch=56/80 loss=0.130772 seconds=0.03
epoch=57/80 loss=0.133142 seconds=0.03
epoch=58/80 loss=0.146706 seconds=0.03
epoch=59/80 loss=0.120489 seconds=0.03
epoch=60/80 loss=0.096344 seconds=0.03
epoch=61/80 loss=0.094233 seconds=0.03
epoch=62/80 loss=0.071976 seconds=0.03
epoch=63/80 loss=0.074263 seconds=0.03
epoch=64/80 loss=0.060015 seconds=0.03
epoch=65/80 loss=0.056976 seconds=0.03
epoch=66/80 loss=0.056938 seconds=0.03
epoch=67/80 loss=0.068151 seconds=0.03
epoch=68/80 loss=0.050930 seconds=0.03
epoch=69/80 loss=0.046930 seconds=0.03
epoch=70/80 loss=0.042023 seconds=0.03
epoch=71/80 loss=0.033709 seconds=0.03
epoch=72/80 loss=0.050666 seconds=0.03
epoch=73/80 loss=0.047880 seconds=0.03
epoch=74/80 loss=0.035676 seconds=0.03
epoch=75/80 loss=0.028008 seconds=0.03
epoch=76/80 loss=0.025176 seconds=0.03
epoch=77/80 loss=0.023506 seconds=0.03
epoch=78/80 loss=0.018807 seconds=0.03
epoch=79/80 loss=0.025139 seconds=0.03
epoch=80/80 loss=0.069260 seconds=0.05
{"accuracy": 0.8701298701298701, "balanced_accuracy": 0.8214285714285714, "sensitivity": 0.7142857142857143, "specificity": 0.9285714285714286, "f1_macro": 0.831140350877193, "roc_auc": 0.8575680272108843, "confusion_matrix": [[52, 4], [6, 15]], "classification_report": {"0": {"precision": 0.896551724137931, "recall": 0.9285714285714286, "f1-score": 0.9122807017543859, "support": 56.0}, "1": {"precision": 0.7894736842105263, "recall": 0.7142857142857143, "f1-score": 0.75, "support": 21.0}, "accuracy": 0.8701298701298701, "macro avg": {"precision": 0.8430127041742287, "recall": 0.8214285714285714, "f1-score": 0.831140350877193, "support": 77.0}, "weighted avg": {"precision": 0.867348622339548, "recall": 0.8701298701298701, "f1-score": 0.8680223285486444, "support": 77.0}}, "train_rows": 300, "test_rows": 77, "source_features": 507, "model_input_features": [8], "elapsed_seconds": 5.905999999959022}
