Command: ["C:\\Users\\IHCK\\AppData\\Local\\Programs\\Python\\Python312\\python.exe", "-u", "C:\\Users\\IHCK\\Desktop\\1_10_69Final\\Hippocampal-Shape-Analysis-for-Epilepsy-Detection\\Model\\train_dataset_model.py", "--dataset", "coef_raw", "--side", "left", "--model", "SqueezeNet", "--kind", "coef", "--train-csv", "C:\\Users\\IHCK\\Desktop\\1_10_69Final\\Hippocampal-Shape-Analysis-for-Epilepsy-Detection\\Output_Dataset\\coef_raw\\left\\train_prepared.csv", "--test-csv", "C:\\Users\\IHCK\\Desktop\\1_10_69Final\\Hippocampal-Shape-Analysis-for-Epilepsy-Detection\\Output_Dataset\\coef_raw\\left\\test_prepared.csv", "--output-dir", "C:\\Users\\IHCK\\Desktop\\1_10_69Final\\Hippocampal-Shape-Analysis-for-Epilepsy-Detection\\Model_Results\\dataset_runs_20261003\\coef_raw\\left\\SqueezeNet", "--epochs", "80", "--pls-components", "8", "--seed", "42", "--threads", "2"]
dataset=coef_raw side=left model=SqueezeNet; train=300 test=73 features=507
Fixed settings. Full training fit; no cross-validation or test-based selection.
Device=cuda; epochs=80; batch=32; model=SqueezeNet1D
epoch=1/80 loss=0.887165 seconds=0.44
epoch=2/80 loss=0.880534 seconds=0.03
epoch=3/80 loss=0.855372 seconds=0.03
epoch=4/80 loss=0.766780 seconds=0.03
epoch=5/80 loss=0.560026 seconds=0.05
epoch=6/80 loss=0.280189 seconds=0.03
epoch=7/80 loss=0.144609 seconds=0.03
epoch=8/80 loss=0.160043 seconds=0.03
epoch=9/80 loss=0.145867 seconds=0.05
epoch=10/80 loss=0.137283 seconds=0.05
epoch=11/80 loss=0.112295 seconds=0.03
epoch=12/80 loss=0.097330 seconds=0.03
epoch=13/80 loss=0.111020 seconds=0.03
epoch=14/80 loss=0.095957 seconds=0.05
epoch=15/80 loss=0.084890 seconds=0.03
epoch=16/80 loss=0.098305 seconds=0.03
epoch=17/80 loss=0.081285 seconds=0.03
epoch=18/80 loss=0.090402 seconds=0.05
epoch=19/80 loss=0.073010 seconds=0.03
epoch=20/80 loss=0.080205 seconds=0.03
epoch=21/80 loss=0.080455 seconds=0.03
epoch=22/80 loss=0.088725 seconds=0.05
epoch=23/80 loss=0.061975 seconds=0.03
epoch=24/80 loss=0.056098 seconds=0.03
epoch=25/80 loss=0.052947 seconds=0.03
epoch=26/80 loss=0.057104 seconds=0.03
epoch=27/80 loss=0.049752 seconds=0.03
epoch=28/80 loss=0.046192 seconds=0.03
epoch=29/80 loss=0.050920 seconds=0.03
epoch=30/80 loss=0.055884 seconds=0.03
epoch=31/80 loss=0.064006 seconds=0.03
epoch=32/80 loss=0.062465 seconds=0.03
epoch=33/80 loss=0.047064 seconds=0.03
epoch=34/80 loss=0.051214 seconds=0.03
epoch=35/80 loss=0.041822 seconds=0.03
epoch=36/80 loss=0.044775 seconds=0.03
epoch=37/80 loss=0.038365 seconds=0.03
epoch=38/80 loss=0.031408 seconds=0.03
epoch=39/80 loss=0.045039 seconds=0.03
epoch=40/80 loss=0.030284 seconds=0.03
epoch=41/80 loss=0.036965 seconds=0.05
epoch=42/80 loss=0.045458 seconds=0.03
epoch=43/80 loss=0.040497 seconds=0.03
epoch=44/80 loss=0.057970 seconds=0.03
epoch=45/80 loss=0.032956 seconds=0.03
epoch=46/80 loss=0.074895 seconds=0.03
epoch=47/80 loss=0.036659 seconds=0.03
epoch=48/80 loss=0.031690 seconds=0.03
epoch=49/80 loss=0.033071 seconds=0.03
epoch=50/80 loss=0.024081 seconds=0.05
epoch=51/80 loss=0.027381 seconds=0.02
epoch=52/80 loss=0.051797 seconds=0.02
epoch=53/80 loss=0.023040 seconds=0.03
epoch=54/80 loss=0.019036 seconds=0.03
epoch=55/80 loss=0.022193 seconds=0.03
epoch=56/80 loss=0.025389 seconds=0.03
epoch=57/80 loss=0.034024 seconds=0.03
epoch=58/80 loss=0.031194 seconds=0.03
epoch=59/80 loss=0.039234 seconds=0.03
epoch=60/80 loss=0.035900 seconds=0.03
epoch=61/80 loss=0.022864 seconds=0.03
epoch=62/80 loss=0.016805 seconds=0.03
epoch=63/80 loss=0.025631 seconds=0.03
epoch=64/80 loss=0.016496 seconds=0.03
epoch=65/80 loss=0.016618 seconds=0.03
epoch=66/80 loss=0.015561 seconds=0.03
epoch=67/80 loss=0.020601 seconds=0.03
epoch=68/80 loss=0.013024 seconds=0.03
epoch=69/80 loss=0.016323 seconds=0.03
epoch=70/80 loss=0.023186 seconds=0.03
epoch=71/80 loss=0.012905 seconds=0.03
epoch=72/80 loss=0.019083 seconds=0.03
epoch=73/80 loss=0.019567 seconds=0.03
epoch=74/80 loss=0.037559 seconds=0.03
epoch=75/80 loss=0.167364 seconds=0.03
epoch=76/80 loss=0.184901 seconds=0.05
epoch=77/80 loss=0.089749 seconds=0.03
epoch=78/80 loss=0.035867 seconds=0.03
epoch=79/80 loss=0.034156 seconds=0.03
epoch=80/80 loss=0.025039 seconds=0.03
{"accuracy": 0.726027397260274, "balanced_accuracy": 0.7270867430441899, "sensitivity": 0.7307692307692307, "specificity": 0.723404255319149, "f1_macro": 0.7139498432601881, "roc_auc": 0.8535188216039279, "confusion_matrix": [[34, 13], [7, 19]], "classification_report": {"0": {"precision": 0.8292682926829268, "recall": 0.723404255319149, "f1-score": 0.7727272727272727, "support": 47.0}, "1": {"precision": 0.59375, "recall": 0.7307692307692307, "f1-score": 0.6551724137931034, "support": 26.0}, "accuracy": 0.726027397260274, "macro avg": {"precision": 0.7115091463414633, "recall": 0.7270867430441899, "f1-score": 0.7139498432601881, "support": 73.0}, "weighted avg": {"precision": 0.7453850651520214, "recall": 0.726027397260274, "f1-score": 0.7308584188603083, "support": 73.0}}, "train_rows": 300, "test_rows": 73, "source_features": 507, "model_input_features": [8], "elapsed_seconds": 5.952999999979511}
