Command: ["C:\\Users\\IHCK\\AppData\\Local\\Programs\\Python\\Python312\\python.exe", "-u", "C:\\Users\\IHCK\\Desktop\\1_10_69Final\\Hippocampal-Shape-Analysis-for-Epilepsy-Detection\\Model\\train_dataset_model.py", "--dataset", "coef_raw_balanced_jitter", "--side", "left", "--model", "ResNetAE", "--kind", "coef", "--train-csv", "C:\\Users\\IHCK\\Desktop\\1_10_69Final\\Hippocampal-Shape-Analysis-for-Epilepsy-Detection\\Output_Dataset\\coef_raw_balanced_jitter\\left\\train_prepared.csv", "--test-csv", "C:\\Users\\IHCK\\Desktop\\1_10_69Final\\Hippocampal-Shape-Analysis-for-Epilepsy-Detection\\Output_Dataset\\coef_raw_balanced_jitter\\left\\test_prepared.csv", "--output-dir", "C:\\Users\\IHCK\\Desktop\\1_10_69Final\\Hippocampal-Shape-Analysis-for-Epilepsy-Detection\\Model_Results\\dataset_runs_20261003\\coef_raw_balanced_jitter\\left\\ResNetAE", "--epochs", "80", "--pls-components", "8", "--seed", "42", "--threads", "2"]
dataset=coef_raw_balanced_jitter side=left model=ResNetAE; train=384 test=73 features=507
Fixed settings. Full training fit; no cross-validation or test-based selection.
Device=cuda; epochs=80; batch=32; model=ResNetAutoencoder1D
epoch=1/80 loss=5.422887 seconds=0.45
epoch=2/80 loss=2.513983 seconds=0.05
epoch=3/80 loss=1.229738 seconds=0.06
epoch=4/80 loss=0.841179 seconds=0.06
epoch=5/80 loss=0.663944 seconds=0.06
epoch=6/80 loss=0.555106 seconds=0.06
epoch=7/80 loss=0.529512 seconds=0.08
epoch=8/80 loss=0.564271 seconds=0.06
epoch=9/80 loss=0.440991 seconds=0.08
epoch=10/80 loss=0.459842 seconds=0.06
epoch=11/80 loss=0.362924 seconds=0.06
epoch=12/80 loss=0.353880 seconds=0.06
epoch=13/80 loss=0.379879 seconds=0.08
epoch=14/80 loss=0.319930 seconds=0.06
epoch=15/80 loss=0.293163 seconds=0.06
epoch=16/80 loss=0.244024 seconds=0.06
epoch=17/80 loss=0.243888 seconds=0.06
epoch=18/80 loss=0.284651 seconds=0.08
epoch=19/80 loss=0.322960 seconds=0.06
epoch=20/80 loss=0.316321 seconds=0.08
epoch=21/80 loss=0.247734 seconds=0.08
epoch=22/80 loss=0.249920 seconds=0.06
epoch=23/80 loss=0.301217 seconds=0.08
epoch=24/80 loss=0.281265 seconds=0.06
epoch=25/80 loss=0.255759 seconds=0.08
epoch=26/80 loss=0.249122 seconds=0.06
epoch=27/80 loss=0.243676 seconds=0.08
epoch=28/80 loss=0.225773 seconds=0.08
epoch=29/80 loss=0.220729 seconds=0.06
epoch=30/80 loss=0.249441 seconds=0.08
epoch=31/80 loss=0.219982 seconds=0.06
epoch=32/80 loss=0.220839 seconds=0.08
epoch=33/80 loss=0.232164 seconds=0.08
epoch=34/80 loss=0.239187 seconds=0.06
epoch=35/80 loss=0.220295 seconds=0.08
epoch=36/80 loss=0.204280 seconds=0.06
epoch=37/80 loss=0.177198 seconds=0.08
epoch=38/80 loss=0.181542 seconds=0.06
epoch=39/80 loss=0.159922 seconds=0.08
epoch=40/80 loss=0.180849 seconds=0.08
epoch=41/80 loss=0.186650 seconds=0.06
epoch=42/80 loss=0.169895 seconds=0.08
epoch=43/80 loss=0.164798 seconds=0.08
epoch=44/80 loss=0.144955 seconds=0.06
epoch=45/80 loss=0.171680 seconds=0.08
epoch=46/80 loss=0.126481 seconds=0.06
epoch=47/80 loss=0.154979 seconds=0.06
epoch=48/80 loss=0.158138 seconds=0.08
epoch=49/80 loss=0.164643 seconds=0.08
epoch=50/80 loss=0.146373 seconds=0.06
epoch=51/80 loss=0.148769 seconds=0.08
epoch=52/80 loss=0.138201 seconds=0.06
epoch=53/80 loss=0.143091 seconds=0.08
epoch=54/80 loss=0.146865 seconds=0.06
epoch=55/80 loss=0.120791 seconds=0.08
epoch=56/80 loss=0.137198 seconds=0.06
epoch=57/80 loss=0.127413 seconds=0.08
epoch=58/80 loss=0.115575 seconds=0.06
epoch=59/80 loss=0.149069 seconds=0.08
epoch=60/80 loss=0.145485 seconds=0.08
epoch=61/80 loss=0.144570 seconds=0.08
epoch=62/80 loss=0.156474 seconds=0.06
epoch=63/80 loss=0.141948 seconds=0.08
epoch=64/80 loss=0.117655 seconds=0.06
epoch=65/80 loss=0.108542 seconds=0.08
epoch=66/80 loss=0.130940 seconds=0.08
epoch=67/80 loss=0.119958 seconds=0.06
epoch=68/80 loss=0.129232 seconds=0.06
epoch=69/80 loss=0.157158 seconds=0.08
epoch=70/80 loss=0.147453 seconds=0.06
epoch=71/80 loss=0.128172 seconds=0.08
epoch=72/80 loss=0.121039 seconds=0.08
epoch=73/80 loss=0.124006 seconds=0.06
epoch=74/80 loss=0.127687 seconds=0.08
epoch=75/80 loss=0.097141 seconds=0.06
epoch=76/80 loss=0.111713 seconds=0.06
epoch=77/80 loss=0.110889 seconds=0.08
epoch=78/80 loss=0.125657 seconds=0.06
epoch=79/80 loss=0.126339 seconds=0.06
epoch=80/80 loss=0.108249 seconds=0.08
{"accuracy": 0.7671232876712328, "balanced_accuracy": 0.7590016366612111, "sensitivity": 0.7307692307692307, "specificity": 0.7872340425531915, "f1_macro": 0.752047952047952, "roc_auc": 0.8330605564648118, "confusion_matrix": [[37, 10], [7, 19]], "classification_report": {"0": {"precision": 0.8409090909090909, "recall": 0.7872340425531915, "f1-score": 0.8131868131868132, "support": 47.0}, "1": {"precision": 0.6551724137931034, "recall": 0.7307692307692307, "f1-score": 0.6909090909090909, "support": 26.0}, "accuracy": 0.7671232876712328, "macro avg": {"precision": 0.7480407523510972, "recall": 0.7590016366612111, "f1-score": 0.752047952047952, "support": 73.0}, "weighted avg": {"precision": 0.7747563017992872, "recall": 0.7671232876712328, "f1-score": 0.7696358436084464, "support": 73.0}}, "train_rows": 384, "test_rows": 73, "source_features": 507, "model_input_features": [8], "elapsed_seconds": 8.922000000020489}
