Command: ["C:\\Users\\IHCK\\AppData\\Local\\Programs\\Python\\Python312\\python.exe", "-u", "C:\\Users\\IHCK\\Desktop\\1_10_69Final\\Hippocampal-Shape-Analysis-for-Epilepsy-Detection\\Model\\train_dataset_model.py", "--dataset", "coef_plsda", "--side", "right", "--model", "MLP", "--kind", "coef", "--train-csv", "C:\\Users\\IHCK\\Desktop\\1_10_69Final\\Hippocampal-Shape-Analysis-for-Epilepsy-Detection\\Output_Dataset\\coef_plsda\\right\\train_prepared.csv", "--test-csv", "C:\\Users\\IHCK\\Desktop\\1_10_69Final\\Hippocampal-Shape-Analysis-for-Epilepsy-Detection\\Output_Dataset\\coef_plsda\\right\\test_prepared.csv", "--output-dir", "C:\\Users\\IHCK\\Desktop\\1_10_69Final\\Hippocampal-Shape-Analysis-for-Epilepsy-Detection\\Model_Results\\dataset_runs_20261003\\coef_plsda\\right\\MLP", "--epochs", "80", "--pls-components", "8", "--seed", "42", "--threads", "2"]
dataset=coef_plsda side=right model=MLP; train=438 test=77 features=507
Fixed settings. Full training fit; no cross-validation or test-based selection.
Iteration 1, loss = 0.70162650
Iteration 2, loss = 0.50104845
Iteration 3, loss = 0.36397033
Iteration 4, loss = 0.26807432
Iteration 5, loss = 0.20108165
Iteration 6, loss = 0.15320670
Iteration 7, loss = 0.11840730
Iteration 8, loss = 0.09241338
Iteration 9, loss = 0.07260571
Iteration 10, loss = 0.05817794
Iteration 11, loss = 0.04753788
Iteration 12, loss = 0.03917058
Iteration 13, loss = 0.03348548
Iteration 14, loss = 0.02862430
Iteration 15, loss = 0.02517045
Iteration 16, loss = 0.02257923
Iteration 17, loss = 0.02016439
Iteration 18, loss = 0.01843246
Iteration 19, loss = 0.01693865
Iteration 20, loss = 0.01568165
Iteration 21, loss = 0.01480426
Iteration 22, loss = 0.01374394
Iteration 23, loss = 0.01301439
Iteration 24, loss = 0.01226249
Iteration 25, loss = 0.01162465
Iteration 26, loss = 0.01109671
Iteration 27, loss = 0.01060138
Iteration 28, loss = 0.01015531
Iteration 29, loss = 0.00974498
Iteration 30, loss = 0.00940807
Iteration 31, loss = 0.00916708
Iteration 32, loss = 0.00885032
Iteration 33, loss = 0.00860730
Iteration 34, loss = 0.00839439
Iteration 35, loss = 0.00813616
Iteration 36, loss = 0.00791732
Iteration 37, loss = 0.00762712
Iteration 38, loss = 0.00731775
Iteration 39, loss = 0.00705170
Iteration 40, loss = 0.00677748
Iteration 41, loss = 0.00658141
Iteration 42, loss = 0.00642714
Iteration 43, loss = 0.00628124
Iteration 44, loss = 0.00612431
Iteration 45, loss = 0.00597065
Iteration 46, loss = 0.00579126
Iteration 47, loss = 0.00571736
Iteration 48, loss = 0.00547036
Iteration 49, loss = 0.00531988
Iteration 50, loss = 0.00532946
Iteration 51, loss = 0.00528386
Iteration 52, loss = 0.00513607
Iteration 53, loss = 0.00483398
Iteration 54, loss = 0.00462886
Iteration 55, loss = 0.00436877
Iteration 56, loss = 0.00433785
Iteration 57, loss = 0.00425545
Iteration 58, loss = 0.00422571
Iteration 59, loss = 0.00417692
Iteration 60, loss = 0.00408656
Iteration 61, loss = 0.00391167
Iteration 62, loss = 0.00381045
Iteration 63, loss = 0.00369879
Iteration 64, loss = 0.00361276
Iteration 65, loss = 0.00354158
Iteration 66, loss = 0.00345190
Iteration 67, loss = 0.00337125
Iteration 68, loss = 0.00330412
Iteration 69, loss = 0.00336367
Iteration 70, loss = 0.00346288
Iteration 71, loss = 0.00341332
Iteration 72, loss = 0.00331325
Iteration 73, loss = 0.00312846
Iteration 74, loss = 0.00306523
Iteration 75, loss = 0.00295400
Iteration 76, loss = 0.00286484
Iteration 77, loss = 0.00282048
Iteration 78, loss = 0.00274498
Iteration 79, loss = 0.00280871
Iteration 80, loss = 0.00262107
Iteration 81, loss = 0.00264548
Iteration 82, loss = 0.00260697
Iteration 83, loss = 0.00252283
Iteration 84, loss = 0.00244717
Iteration 85, loss = 0.00251286
Iteration 86, loss = 0.00238402
Iteration 87, loss = 0.00231828
Iteration 88, loss = 0.00229347
Iteration 89, loss = 0.00225782
Iteration 90, loss = 0.00222988
Iteration 91, loss = 0.00224559
Training loss did not improve more than tol=0.000100 for 10 consecutive epochs. Stopping.
{"accuracy": 0.8311688311688312, "balanced_accuracy": 0.7648809523809523, "sensitivity": 0.6190476190476191, "specificity": 0.9107142857142857, "f1_macro": 0.7768115942028986, "roc_auc": 0.8341836734693877, "confusion_matrix": [[51, 5], [8, 13]], "classification_report": {"0": {"precision": 0.864406779661017, "recall": 0.9107142857142857, "f1-score": 0.8869565217391304, "support": 56.0}, "1": {"precision": 0.7222222222222222, "recall": 0.6190476190476191, "f1-score": 0.6666666666666666, "support": 21.0}, "accuracy": 0.8311688311688312, "macro avg": {"precision": 0.7933145009416196, "recall": 0.7648809523809523, "f1-score": 0.7768115942028986, "support": 77.0}, "weighted avg": {"precision": 0.8256291730868002, "recall": 0.8311688311688312, "f1-score": 0.8268774703557312, "support": 77.0}}, "train_rows": 438, "test_rows": 77, "source_features": 507, "model_input_features": [8], "elapsed_seconds": 0.1720000000204891}
