Command: ["C:\\Users\\IHCK\\AppData\\Local\\Programs\\Python\\Python312\\python.exe", "-u", "C:\\Users\\IHCK\\Desktop\\1_10_69Final\\Hippocampal-Shape-Analysis-for-Epilepsy-Detection\\Model\\train_dataset_model.py", "--dataset", "coef_raw_balanced_jitter", "--side", "left", "--model", "MobileNet", "--kind", "coef", "--train-csv", "C:\\Users\\IHCK\\Desktop\\1_10_69Final\\Hippocampal-Shape-Analysis-for-Epilepsy-Detection\\Output_Dataset\\coef_raw_balanced_jitter\\left\\train_prepared.csv", "--test-csv", "C:\\Users\\IHCK\\Desktop\\1_10_69Final\\Hippocampal-Shape-Analysis-for-Epilepsy-Detection\\Output_Dataset\\coef_raw_balanced_jitter\\left\\test_prepared.csv", "--output-dir", "C:\\Users\\IHCK\\Desktop\\1_10_69Final\\Hippocampal-Shape-Analysis-for-Epilepsy-Detection\\Model_Results\\dataset_runs_20261003\\coef_raw_balanced_jitter\\left\\MobileNet", "--epochs", "80", "--pls-components", "8", "--seed", "42", "--threads", "2"]
dataset=coef_raw_balanced_jitter side=left model=MobileNet; train=384 test=73 features=507
Fixed settings. Full training fit; no cross-validation or test-based selection.
Device=cuda; epochs=80; batch=32; model=MobileNetV2_1D
epoch=1/80 loss=0.491269 seconds=0.45
epoch=2/80 loss=0.223476 seconds=0.11
epoch=3/80 loss=0.111799 seconds=0.11
epoch=4/80 loss=0.056588 seconds=0.11
epoch=5/80 loss=0.038159 seconds=0.12
epoch=6/80 loss=0.026761 seconds=0.11
epoch=7/80 loss=0.038890 seconds=0.12
epoch=8/80 loss=0.025319 seconds=0.11
epoch=9/80 loss=0.014781 seconds=0.09
epoch=10/80 loss=0.012471 seconds=0.09
epoch=11/80 loss=0.012516 seconds=0.09
epoch=12/80 loss=0.014391 seconds=0.09
epoch=13/80 loss=0.018271 seconds=0.11
epoch=14/80 loss=0.015916 seconds=0.09
epoch=15/80 loss=0.033265 seconds=0.08
epoch=16/80 loss=0.009584 seconds=0.09
epoch=17/80 loss=0.010459 seconds=0.08
epoch=18/80 loss=0.009419 seconds=0.08
epoch=19/80 loss=0.028236 seconds=0.09
epoch=20/80 loss=0.043827 seconds=0.08
epoch=21/80 loss=0.040625 seconds=0.08
epoch=22/80 loss=0.046026 seconds=0.08
epoch=23/80 loss=0.023591 seconds=0.08
epoch=24/80 loss=0.023701 seconds=0.08
epoch=25/80 loss=0.033400 seconds=0.08
epoch=26/80 loss=0.016755 seconds=0.08
epoch=27/80 loss=0.025347 seconds=0.08
epoch=28/80 loss=0.019548 seconds=0.09
epoch=29/80 loss=0.037518 seconds=0.08
epoch=30/80 loss=0.013321 seconds=0.08
epoch=31/80 loss=0.011051 seconds=0.08
epoch=32/80 loss=0.015955 seconds=0.08
epoch=33/80 loss=0.014601 seconds=0.06
epoch=34/80 loss=0.015229 seconds=0.08
epoch=35/80 loss=0.012558 seconds=0.09
epoch=36/80 loss=0.002833 seconds=0.08
epoch=37/80 loss=0.002149 seconds=0.06
epoch=38/80 loss=0.008237 seconds=0.08
epoch=39/80 loss=0.004148 seconds=0.08
epoch=40/80 loss=0.002212 seconds=0.08
epoch=41/80 loss=0.002841 seconds=0.06
epoch=42/80 loss=0.001911 seconds=0.08
epoch=43/80 loss=0.001209 seconds=0.08
epoch=44/80 loss=0.001298 seconds=0.06
epoch=45/80 loss=0.002486 seconds=0.08
epoch=46/80 loss=0.016543 seconds=0.08
epoch=47/80 loss=0.001030 seconds=0.08
epoch=48/80 loss=0.001341 seconds=0.08
epoch=49/80 loss=0.002862 seconds=0.06
epoch=50/80 loss=0.001153 seconds=0.08
epoch=51/80 loss=0.001361 seconds=0.08
epoch=52/80 loss=0.001045 seconds=0.08
epoch=53/80 loss=0.000848 seconds=0.08
epoch=54/80 loss=0.000669 seconds=0.08
epoch=55/80 loss=0.000574 seconds=0.08
epoch=56/80 loss=0.000633 seconds=0.06
epoch=57/80 loss=0.001138 seconds=0.08
epoch=58/80 loss=0.000956 seconds=0.08
epoch=59/80 loss=0.001513 seconds=0.08
epoch=60/80 loss=0.001050 seconds=0.06
epoch=61/80 loss=0.000620 seconds=0.08
epoch=62/80 loss=0.000665 seconds=0.08
epoch=63/80 loss=0.001157 seconds=0.08
epoch=64/80 loss=0.000667 seconds=0.06
epoch=65/80 loss=0.000884 seconds=0.08
epoch=66/80 loss=0.002634 seconds=0.08
epoch=67/80 loss=0.004128 seconds=0.06
epoch=68/80 loss=0.025454 seconds=0.08
epoch=69/80 loss=0.045585 seconds=0.08
epoch=70/80 loss=0.045298 seconds=0.06
epoch=71/80 loss=0.036750 seconds=0.08
epoch=72/80 loss=0.032506 seconds=0.08
epoch=73/80 loss=0.014590 seconds=0.08
epoch=74/80 loss=0.007052 seconds=0.06
epoch=75/80 loss=0.004120 seconds=0.08
epoch=76/80 loss=0.011940 seconds=0.08
epoch=77/80 loss=0.007856 seconds=0.08
epoch=78/80 loss=0.020181 seconds=0.08
epoch=79/80 loss=0.008514 seconds=0.08
epoch=80/80 loss=0.018611 seconds=0.06
{"accuracy": 0.7534246575342466, "balanced_accuracy": 0.739770867430442, "sensitivity": 0.6923076923076923, "specificity": 0.7872340425531915, "f1_macro": 0.7355072463768115, "roc_auc": 0.8150572831423896, "confusion_matrix": [[37, 10], [8, 18]], "classification_report": {"0": {"precision": 0.8222222222222222, "recall": 0.7872340425531915, "f1-score": 0.8043478260869565, "support": 47.0}, "1": {"precision": 0.6428571428571429, "recall": 0.6923076923076923, "f1-score": 0.6666666666666666, "support": 26.0}, "accuracy": 0.7534246575342466, "macro avg": {"precision": 0.7325396825396826, "recall": 0.739770867430442, "f1-score": 0.7355072463768115, "support": 73.0}, "weighted avg": {"precision": 0.7583387692976734, "recall": 0.7534246575342466, "f1-score": 0.7553107008139767, "support": 73.0}}, "train_rows": 384, "test_rows": 73, "source_features": 507, "model_input_features": [8], "elapsed_seconds": 9.812999999965541}
