Command: ["C:\\Users\\IHCK\\AppData\\Local\\Programs\\Python\\Python312\\python.exe", "-u", "C:\\Users\\IHCK\\Desktop\\1_10_69Final\\Hippocampal-Shape-Analysis-for-Epilepsy-Detection\\Model\\train_dataset_model.py", "--dataset", "coef_raw_balanced_jitter", "--side", "left", "--model", "SqueezeNet", "--kind", "coef", "--train-csv", "C:\\Users\\IHCK\\Desktop\\1_10_69Final\\Hippocampal-Shape-Analysis-for-Epilepsy-Detection\\Output_Dataset\\coef_raw_balanced_jitter\\left\\train_prepared.csv", "--test-csv", "C:\\Users\\IHCK\\Desktop\\1_10_69Final\\Hippocampal-Shape-Analysis-for-Epilepsy-Detection\\Output_Dataset\\coef_raw_balanced_jitter\\left\\test_prepared.csv", "--output-dir", "C:\\Users\\IHCK\\Desktop\\1_10_69Final\\Hippocampal-Shape-Analysis-for-Epilepsy-Detection\\Model_Results\\dataset_runs_20261003\\coef_raw_balanced_jitter\\left\\SqueezeNet", "--epochs", "80", "--pls-components", "8", "--seed", "42", "--threads", "2"]
dataset=coef_raw_balanced_jitter side=left model=SqueezeNet; train=384 test=73 features=507
Fixed settings. Full training fit; no cross-validation or test-based selection.
Device=cuda; epochs=80; batch=32; model=SqueezeNet1D
epoch=1/80 loss=0.693171 seconds=0.44
epoch=2/80 loss=0.692625 seconds=0.05
epoch=3/80 loss=0.684852 seconds=0.03
epoch=4/80 loss=0.661522 seconds=0.05
epoch=5/80 loss=0.607254 seconds=0.06
epoch=6/80 loss=0.546727 seconds=0.05
epoch=7/80 loss=0.498509 seconds=0.03
epoch=8/80 loss=0.439211 seconds=0.05
epoch=9/80 loss=0.382947 seconds=0.05
epoch=10/80 loss=0.321314 seconds=0.05
epoch=11/80 loss=0.261568 seconds=0.03
epoch=12/80 loss=0.221330 seconds=0.05
epoch=13/80 loss=0.222294 seconds=0.05
epoch=14/80 loss=0.198609 seconds=0.05
epoch=15/80 loss=0.160861 seconds=0.05
epoch=16/80 loss=0.152849 seconds=0.06
epoch=17/80 loss=0.127847 seconds=0.05
epoch=18/80 loss=0.113849 seconds=0.03
epoch=19/80 loss=0.105296 seconds=0.05
epoch=20/80 loss=0.134177 seconds=0.05
epoch=21/80 loss=0.122060 seconds=0.03
epoch=22/80 loss=0.108564 seconds=0.05
epoch=23/80 loss=0.084475 seconds=0.05
epoch=24/80 loss=0.086097 seconds=0.03
epoch=25/80 loss=0.071825 seconds=0.05
epoch=26/80 loss=0.067474 seconds=0.05
epoch=27/80 loss=0.062214 seconds=0.03
epoch=28/80 loss=0.056694 seconds=0.03
epoch=29/80 loss=0.072260 seconds=0.05
epoch=30/80 loss=0.067743 seconds=0.03
epoch=31/80 loss=0.080027 seconds=0.03
epoch=32/80 loss=0.050261 seconds=0.05
epoch=33/80 loss=0.050812 seconds=0.03
epoch=34/80 loss=0.053120 seconds=0.03
epoch=35/80 loss=0.042504 seconds=0.03
epoch=36/80 loss=0.067081 seconds=0.03
epoch=37/80 loss=0.055020 seconds=0.05
epoch=38/80 loss=0.045055 seconds=0.03
epoch=39/80 loss=0.046000 seconds=0.03
epoch=40/80 loss=0.034210 seconds=0.05
epoch=41/80 loss=0.057310 seconds=0.03
epoch=42/80 loss=0.040168 seconds=0.05
epoch=43/80 loss=0.052888 seconds=0.03
epoch=44/80 loss=0.043083 seconds=0.03
epoch=45/80 loss=0.039343 seconds=0.03
epoch=46/80 loss=0.052848 seconds=0.03
epoch=47/80 loss=0.029453 seconds=0.03
epoch=48/80 loss=0.031996 seconds=0.05
epoch=49/80 loss=0.028881 seconds=0.05
epoch=50/80 loss=0.028658 seconds=0.03
epoch=51/80 loss=0.054850 seconds=0.03
epoch=52/80 loss=0.033682 seconds=0.05
epoch=53/80 loss=0.030518 seconds=0.03
epoch=54/80 loss=0.029198 seconds=0.05
epoch=55/80 loss=0.044643 seconds=0.03
epoch=56/80 loss=0.054362 seconds=0.03
epoch=57/80 loss=0.036026 seconds=0.05
epoch=58/80 loss=0.036010 seconds=0.03
epoch=59/80 loss=0.020448 seconds=0.05
epoch=60/80 loss=0.022841 seconds=0.05
epoch=61/80 loss=0.033377 seconds=0.03
epoch=62/80 loss=0.059149 seconds=0.05
epoch=63/80 loss=0.017262 seconds=0.03
epoch=64/80 loss=0.019621 seconds=0.05
epoch=65/80 loss=0.026061 seconds=0.03
epoch=66/80 loss=0.033093 seconds=0.05
epoch=67/80 loss=0.013806 seconds=0.03
epoch=68/80 loss=0.012603 seconds=0.03
epoch=69/80 loss=0.014795 seconds=0.05
epoch=70/80 loss=0.017383 seconds=0.03
epoch=71/80 loss=0.017980 seconds=0.05
epoch=72/80 loss=0.025154 seconds=0.03
epoch=73/80 loss=0.022314 seconds=0.05
epoch=74/80 loss=0.027623 seconds=0.05
epoch=75/80 loss=0.032347 seconds=0.03
epoch=76/80 loss=0.016251 seconds=0.05
epoch=77/80 loss=0.012216 seconds=0.03
epoch=78/80 loss=0.018983 seconds=0.03
epoch=79/80 loss=0.018634 seconds=0.05
epoch=80/80 loss=0.012229 seconds=0.03
{"accuracy": 0.7671232876712328, "balanced_accuracy": 0.7504091653027822, "sensitivity": 0.6923076923076923, "specificity": 0.8085106382978723, "f1_macro": 0.7482247920470684, "roc_auc": 0.8265139116202945, "confusion_matrix": [[38, 9], [8, 18]], "classification_report": {"0": {"precision": 0.8260869565217391, "recall": 0.8085106382978723, "f1-score": 0.8172043010752689, "support": 47.0}, "1": {"precision": 0.6666666666666666, "recall": 0.6923076923076923, "f1-score": 0.6792452830188679, "support": 26.0}, "accuracy": 0.7671232876712328, "macro avg": {"precision": 0.7463768115942029, "recall": 0.7504091653027822, "f1-score": 0.7482247920470684, "support": 73.0}, "weighted avg": {"precision": 0.7693071272582888, "recall": 0.7671232876712328, "f1-score": 0.7680682124524412, "support": 73.0}}, "train_rows": 384, "test_rows": 73, "source_features": 507, "model_input_features": [8], "elapsed_seconds": 6.64000000001397}
