Command: ["C:\\Users\\IHCK\\AppData\\Local\\Programs\\Python\\Python312\\python.exe", "-u", "C:\\Users\\IHCK\\Desktop\\1_10_69Final\\Hippocampal-Shape-Analysis-for-Epilepsy-Detection\\Model\\train_dataset_model.py", "--dataset", "coef_raw", "--side", "left", "--model", "ResNetAE", "--kind", "coef", "--train-csv", "C:\\Users\\IHCK\\Desktop\\1_10_69Final\\Hippocampal-Shape-Analysis-for-Epilepsy-Detection\\Output_Dataset\\coef_raw\\left\\train_prepared.csv", "--test-csv", "C:\\Users\\IHCK\\Desktop\\1_10_69Final\\Hippocampal-Shape-Analysis-for-Epilepsy-Detection\\Output_Dataset\\coef_raw\\left\\test_prepared.csv", "--output-dir", "C:\\Users\\IHCK\\Desktop\\1_10_69Final\\Hippocampal-Shape-Analysis-for-Epilepsy-Detection\\Model_Results\\dataset_runs_20261003\\coef_raw\\left\\ResNetAE", "--epochs", "80", "--pls-components", "8", "--seed", "42", "--threads", "2"]
dataset=coef_raw side=left model=ResNetAE; train=300 test=73 features=507
Fixed settings. Full training fit; no cross-validation or test-based selection.
Device=cuda; epochs=80; batch=32; model=ResNetAutoencoder1D
epoch=1/80 loss=5.349233 seconds=0.47
epoch=2/80 loss=2.917139 seconds=0.06
epoch=3/80 loss=1.770520 seconds=0.05
epoch=4/80 loss=1.180086 seconds=0.05
epoch=5/80 loss=0.926973 seconds=0.06
epoch=6/80 loss=0.780240 seconds=0.05
epoch=7/80 loss=0.729707 seconds=0.05
epoch=8/80 loss=0.603422 seconds=0.05
epoch=9/80 loss=0.801638 seconds=0.06
epoch=10/80 loss=0.597127 seconds=0.05
epoch=11/80 loss=0.475944 seconds=0.05
epoch=12/80 loss=0.384600 seconds=0.06
epoch=13/80 loss=0.353425 seconds=0.05
epoch=14/80 loss=0.358613 seconds=0.05
epoch=15/80 loss=0.352598 seconds=0.05
epoch=16/80 loss=0.331920 seconds=0.05
epoch=17/80 loss=0.397003 seconds=0.06
epoch=18/80 loss=0.379721 seconds=0.06
epoch=19/80 loss=0.288278 seconds=0.06
epoch=20/80 loss=0.257091 seconds=0.05
epoch=21/80 loss=0.262313 seconds=0.05
epoch=22/80 loss=0.286450 seconds=0.06
epoch=23/80 loss=0.312876 seconds=0.05
epoch=24/80 loss=0.351568 seconds=0.05
epoch=25/80 loss=0.310323 seconds=0.06
epoch=26/80 loss=0.384652 seconds=0.05
epoch=27/80 loss=0.275220 seconds=0.05
epoch=28/80 loss=0.281991 seconds=0.05
epoch=29/80 loss=0.230232 seconds=0.05
epoch=30/80 loss=0.233716 seconds=0.06
epoch=31/80 loss=0.225738 seconds=0.05
epoch=32/80 loss=0.220574 seconds=0.05
epoch=33/80 loss=0.240299 seconds=0.06
epoch=34/80 loss=0.205426 seconds=0.05
epoch=35/80 loss=0.229551 seconds=0.06
epoch=36/80 loss=0.225736 seconds=0.05
epoch=37/80 loss=0.221792 seconds=0.05
epoch=38/80 loss=0.231336 seconds=0.06
epoch=39/80 loss=0.223818 seconds=0.05
epoch=40/80 loss=0.226556 seconds=0.06
epoch=41/80 loss=0.256107 seconds=0.05
epoch=42/80 loss=0.201727 seconds=0.05
epoch=43/80 loss=0.213805 seconds=0.05
epoch=44/80 loss=0.217225 seconds=0.06
epoch=45/80 loss=0.165410 seconds=0.05
epoch=46/80 loss=0.195893 seconds=0.06
epoch=47/80 loss=0.177859 seconds=0.05
epoch=48/80 loss=0.193953 seconds=0.05
epoch=49/80 loss=0.161608 seconds=0.05
epoch=50/80 loss=0.171354 seconds=0.06
epoch=51/80 loss=0.171209 seconds=0.05
epoch=52/80 loss=0.183611 seconds=0.05
epoch=53/80 loss=0.233874 seconds=0.05
epoch=54/80 loss=0.273899 seconds=0.06
epoch=55/80 loss=0.202243 seconds=0.05
epoch=56/80 loss=0.169204 seconds=0.05
epoch=57/80 loss=0.146949 seconds=0.05
epoch=58/80 loss=0.181081 seconds=0.05
epoch=59/80 loss=0.183513 seconds=0.06
epoch=60/80 loss=0.214324 seconds=0.05
epoch=61/80 loss=0.182902 seconds=0.05
epoch=62/80 loss=0.188954 seconds=0.05
epoch=63/80 loss=0.189472 seconds=0.05
epoch=64/80 loss=0.201743 seconds=0.06
epoch=65/80 loss=0.192731 seconds=0.06
epoch=66/80 loss=0.153288 seconds=0.06
epoch=67/80 loss=0.166992 seconds=0.05
epoch=68/80 loss=0.203564 seconds=0.06
epoch=69/80 loss=0.196879 seconds=0.06
epoch=70/80 loss=0.162065 seconds=0.06
epoch=71/80 loss=0.168195 seconds=0.06
epoch=72/80 loss=0.191858 seconds=0.05
epoch=73/80 loss=0.174199 seconds=0.06
epoch=74/80 loss=0.162830 seconds=0.06
epoch=75/80 loss=0.186492 seconds=0.06
epoch=76/80 loss=0.131027 seconds=0.06
epoch=77/80 loss=0.149586 seconds=0.05
epoch=78/80 loss=0.138555 seconds=0.06
epoch=79/80 loss=0.122704 seconds=0.05
epoch=80/80 loss=0.122742 seconds=0.05
{"accuracy": 0.7397260273972602, "balanced_accuracy": 0.7377250409165302, "sensitivity": 0.7307692307692307, "specificity": 0.7446808510638298, "f1_macro": 0.7265917602996255, "roc_auc": 0.837152209492635, "confusion_matrix": [[35, 12], [7, 19]], "classification_report": {"0": {"precision": 0.8333333333333334, "recall": 0.7446808510638298, "f1-score": 0.7865168539325843, "support": 47.0}, "1": {"precision": 0.6129032258064516, "recall": 0.7307692307692307, "f1-score": 0.6666666666666666, "support": 26.0}, "accuracy": 0.7397260273972602, "macro avg": {"precision": 0.7231182795698925, "recall": 0.7377250409165302, "f1-score": 0.7265917602996255, "support": 73.0}, "weighted avg": {"precision": 0.7548239799675948, "recall": 0.7397260273972602, "f1-score": 0.7438304858652711, "support": 73.0}}, "train_rows": 300, "test_rows": 73, "source_features": 507, "model_input_features": [8], "elapsed_seconds": 7.577999999979511}
