Command: ["C:\\Users\\IHCK\\AppData\\Local\\Programs\\Python\\Python312\\python.exe", "-u", "C:\\Users\\IHCK\\Desktop\\1_10_69Final\\Hippocampal-Shape-Analysis-for-Epilepsy-Detection\\Model\\train_dataset_model.py", "--dataset", "coef_plsda", "--side", "right", "--model", "SqueezeNet", "--kind", "coef", "--train-csv", "C:\\Users\\IHCK\\Desktop\\1_10_69Final\\Hippocampal-Shape-Analysis-for-Epilepsy-Detection\\Output_Dataset\\coef_plsda\\right\\train_prepared.csv", "--test-csv", "C:\\Users\\IHCK\\Desktop\\1_10_69Final\\Hippocampal-Shape-Analysis-for-Epilepsy-Detection\\Output_Dataset\\coef_plsda\\right\\test_prepared.csv", "--output-dir", "C:\\Users\\IHCK\\Desktop\\1_10_69Final\\Hippocampal-Shape-Analysis-for-Epilepsy-Detection\\Model_Results\\dataset_runs_20261003\\coef_plsda\\right\\SqueezeNet", "--epochs", "80", "--pls-components", "8", "--seed", "42", "--threads", "2"]
dataset=coef_plsda side=right model=SqueezeNet; train=438 test=77 features=507
Fixed settings. Full training fit; no cross-validation or test-based selection.
Device=cuda; epochs=80; batch=32; model=SqueezeNet1D
epoch=1/80 loss=0.693532 seconds=0.39
epoch=2/80 loss=0.683640 seconds=0.05
epoch=3/80 loss=0.638116 seconds=0.05
epoch=4/80 loss=0.481644 seconds=0.05
epoch=5/80 loss=0.375447 seconds=0.05
epoch=6/80 loss=0.321799 seconds=0.05
epoch=7/80 loss=0.247497 seconds=0.05
epoch=8/80 loss=0.220667 seconds=0.05
epoch=9/80 loss=0.190001 seconds=0.05
epoch=10/80 loss=0.167508 seconds=0.05
epoch=11/80 loss=0.147310 seconds=0.05
epoch=12/80 loss=0.139459 seconds=0.05
epoch=13/80 loss=0.118023 seconds=0.06
epoch=14/80 loss=0.116897 seconds=0.05
epoch=15/80 loss=0.097135 seconds=0.03
epoch=16/80 loss=0.101475 seconds=0.05
epoch=17/80 loss=0.093080 seconds=0.05
epoch=18/80 loss=0.082175 seconds=0.05
epoch=19/80 loss=0.073466 seconds=0.05
epoch=20/80 loss=0.057201 seconds=0.05
epoch=21/80 loss=0.084898 seconds=0.03
epoch=22/80 loss=0.084649 seconds=0.05
epoch=23/80 loss=0.082286 seconds=0.05
epoch=24/80 loss=0.061686 seconds=0.03
epoch=25/80 loss=0.055613 seconds=0.05
epoch=26/80 loss=0.042963 seconds=0.05
epoch=27/80 loss=0.044141 seconds=0.05
epoch=28/80 loss=0.048762 seconds=0.03
epoch=29/80 loss=0.039234 seconds=0.05
epoch=30/80 loss=0.039281 seconds=0.05
epoch=31/80 loss=0.031320 seconds=0.05
epoch=32/80 loss=0.035640 seconds=0.05
epoch=33/80 loss=0.033540 seconds=0.05
epoch=34/80 loss=0.038800 seconds=0.03
epoch=35/80 loss=0.041854 seconds=0.05
epoch=36/80 loss=0.043386 seconds=0.05
epoch=37/80 loss=0.038634 seconds=0.03
epoch=38/80 loss=0.029622 seconds=0.05
epoch=39/80 loss=0.024325 seconds=0.05
epoch=40/80 loss=0.022755 seconds=0.05
epoch=41/80 loss=0.024817 seconds=0.05
epoch=42/80 loss=0.034823 seconds=0.03
epoch=43/80 loss=0.024087 seconds=0.05
epoch=44/80 loss=0.028402 seconds=0.05
epoch=45/80 loss=0.020755 seconds=0.05
epoch=46/80 loss=0.017693 seconds=0.05
epoch=47/80 loss=0.033937 seconds=0.05
epoch=48/80 loss=0.029572 seconds=0.03
epoch=49/80 loss=0.029756 seconds=0.03
epoch=50/80 loss=0.031631 seconds=0.05
epoch=51/80 loss=0.020518 seconds=0.05
epoch=52/80 loss=0.017494 seconds=0.05
epoch=53/80 loss=0.027562 seconds=0.05
epoch=54/80 loss=0.014953 seconds=0.05
epoch=55/80 loss=0.009395 seconds=0.03
epoch=56/80 loss=0.014298 seconds=0.05
epoch=57/80 loss=0.021073 seconds=0.05
epoch=58/80 loss=0.017010 seconds=0.05
epoch=59/80 loss=0.013803 seconds=0.05
epoch=60/80 loss=0.008861 seconds=0.05
epoch=61/80 loss=0.015539 seconds=0.05
epoch=62/80 loss=0.012462 seconds=0.05
epoch=63/80 loss=0.019992 seconds=0.05
epoch=64/80 loss=0.011653 seconds=0.05
epoch=65/80 loss=0.018153 seconds=0.03
epoch=66/80 loss=0.014570 seconds=0.05
epoch=67/80 loss=0.036927 seconds=0.05
epoch=68/80 loss=0.074812 seconds=0.05
epoch=69/80 loss=0.029165 seconds=0.03
epoch=70/80 loss=0.027557 seconds=0.05
epoch=71/80 loss=0.016434 seconds=0.05
epoch=72/80 loss=0.010199 seconds=0.05
epoch=73/80 loss=0.012247 seconds=0.05
epoch=74/80 loss=0.014413 seconds=0.03
epoch=75/80 loss=0.008179 seconds=0.05
epoch=76/80 loss=0.008922 seconds=0.05
epoch=77/80 loss=0.005375 seconds=0.03
epoch=78/80 loss=0.009306 seconds=0.05
epoch=79/80 loss=0.009060 seconds=0.05
epoch=80/80 loss=0.006739 seconds=0.05
{"accuracy": 0.8181818181818182, "balanced_accuracy": 0.7410714285714286, "sensitivity": 0.5714285714285714, "specificity": 0.9107142857142857, "f1_macro": 0.7554446460980035, "roc_auc": 0.83078231292517, "confusion_matrix": [[51, 5], [9, 12]], "classification_report": {"0": {"precision": 0.85, "recall": 0.9107142857142857, "f1-score": 0.8793103448275862, "support": 56.0}, "1": {"precision": 0.7058823529411765, "recall": 0.5714285714285714, "f1-score": 0.631578947368421, "support": 21.0}, "accuracy": 0.8181818181818182, "macro avg": {"precision": 0.7779411764705882, "recall": 0.7410714285714286, "f1-score": 0.7554446460980035, "support": 77.0}, "weighted avg": {"precision": 0.8106951871657754, "recall": 0.8181818181818182, "f1-score": 0.8117472364296321, "support": 77.0}}, "train_rows": 438, "test_rows": 77, "source_features": 507, "model_input_features": [8], "elapsed_seconds": 6.812999999965541}
