Command: ["C:\\Users\\IHCK\\AppData\\Local\\Programs\\Python\\Python312\\python.exe", "-u", "C:\\Users\\IHCK\\Desktop\\1_10_69Final\\Hippocampal-Shape-Analysis-for-Epilepsy-Detection\\Model\\train_dataset_model.py", "--dataset", "coef_plsda", "--side", "left", "--model", "MobileNet", "--kind", "coef", "--train-csv", "C:\\Users\\IHCK\\Desktop\\1_10_69Final\\Hippocampal-Shape-Analysis-for-Epilepsy-Detection\\Output_Dataset\\coef_plsda\\left\\train_prepared.csv", "--test-csv", "C:\\Users\\IHCK\\Desktop\\1_10_69Final\\Hippocampal-Shape-Analysis-for-Epilepsy-Detection\\Output_Dataset\\coef_plsda\\left\\test_prepared.csv", "--output-dir", "C:\\Users\\IHCK\\Desktop\\1_10_69Final\\Hippocampal-Shape-Analysis-for-Epilepsy-Detection\\Model_Results\\dataset_runs_20261003\\coef_plsda\\left\\MobileNet", "--epochs", "80", "--pls-components", "8", "--seed", "42", "--threads", "2"]
dataset=coef_plsda side=left model=MobileNet; train=384 test=73 features=507
Fixed settings. Full training fit; no cross-validation or test-based selection.
Device=cuda; epochs=80; batch=32; model=MobileNetV2_1D
epoch=1/80 loss=0.485487 seconds=0.44
epoch=2/80 loss=0.207673 seconds=0.08
epoch=3/80 loss=0.112532 seconds=0.09
epoch=4/80 loss=0.063044 seconds=0.08
epoch=5/80 loss=0.053931 seconds=0.08
epoch=6/80 loss=0.032271 seconds=0.08
epoch=7/80 loss=0.030062 seconds=0.09
epoch=8/80 loss=0.031457 seconds=0.09
epoch=9/80 loss=0.028089 seconds=0.09
epoch=10/80 loss=0.022466 seconds=0.06
epoch=11/80 loss=0.014525 seconds=0.08
epoch=12/80 loss=0.022961 seconds=0.08
epoch=13/80 loss=0.025518 seconds=0.08
epoch=14/80 loss=0.035713 seconds=0.08
epoch=15/80 loss=0.055490 seconds=0.08
epoch=16/80 loss=0.030808 seconds=0.08
epoch=17/80 loss=0.037497 seconds=0.08
epoch=18/80 loss=0.012473 seconds=0.08
epoch=19/80 loss=0.014819 seconds=0.06
epoch=20/80 loss=0.043669 seconds=0.08
epoch=21/80 loss=0.010214 seconds=0.08
epoch=22/80 loss=0.021228 seconds=0.08
epoch=23/80 loss=0.010007 seconds=0.08
epoch=24/80 loss=0.007809 seconds=0.08
epoch=25/80 loss=0.014246 seconds=0.08
epoch=26/80 loss=0.010884 seconds=0.06
epoch=27/80 loss=0.004854 seconds=0.06
epoch=28/80 loss=0.003371 seconds=0.08
epoch=29/80 loss=0.002776 seconds=0.08
epoch=30/80 loss=0.004723 seconds=0.08
epoch=31/80 loss=0.002199 seconds=0.08
epoch=32/80 loss=0.004340 seconds=0.06
epoch=33/80 loss=0.002288 seconds=0.08
epoch=34/80 loss=0.006751 seconds=0.08
epoch=35/80 loss=0.028160 seconds=0.09
epoch=36/80 loss=0.019069 seconds=0.09
epoch=37/80 loss=0.010962 seconds=0.08
epoch=38/80 loss=0.069797 seconds=0.08
epoch=39/80 loss=0.042507 seconds=0.08
epoch=40/80 loss=0.014906 seconds=0.06
epoch=41/80 loss=0.022517 seconds=0.08
epoch=42/80 loss=0.005827 seconds=0.08
epoch=43/80 loss=0.011793 seconds=0.08
epoch=44/80 loss=0.010019 seconds=0.08
epoch=45/80 loss=0.003458 seconds=0.08
epoch=46/80 loss=0.003440 seconds=0.08
epoch=47/80 loss=0.001805 seconds=0.08
epoch=48/80 loss=0.003657 seconds=0.08
epoch=49/80 loss=0.011383 seconds=0.08
epoch=50/80 loss=0.002712 seconds=0.08
epoch=51/80 loss=0.003159 seconds=0.08
epoch=52/80 loss=0.009465 seconds=0.08
epoch=53/80 loss=0.002600 seconds=0.06
epoch=54/80 loss=0.002453 seconds=0.08
epoch=55/80 loss=0.001045 seconds=0.08
epoch=56/80 loss=0.001424 seconds=0.06
epoch=57/80 loss=0.001488 seconds=0.06
epoch=58/80 loss=0.001455 seconds=0.08
epoch=59/80 loss=0.004575 seconds=0.08
epoch=60/80 loss=0.001786 seconds=0.08
epoch=61/80 loss=0.007032 seconds=0.06
epoch=62/80 loss=0.001847 seconds=0.08
epoch=63/80 loss=0.002017 seconds=0.08
epoch=64/80 loss=0.000985 seconds=0.08
epoch=65/80 loss=0.000815 seconds=0.08
epoch=66/80 loss=0.004539 seconds=0.08
epoch=67/80 loss=0.018606 seconds=0.08
epoch=68/80 loss=0.020051 seconds=0.06
epoch=69/80 loss=0.048455 seconds=0.08
epoch=70/80 loss=0.045321 seconds=0.08
epoch=71/80 loss=0.016956 seconds=0.06
epoch=72/80 loss=0.020324 seconds=0.08
epoch=73/80 loss=0.008721 seconds=0.08
epoch=74/80 loss=0.010578 seconds=0.08
epoch=75/80 loss=0.013538 seconds=0.08
epoch=76/80 loss=0.021277 seconds=0.08
epoch=77/80 loss=0.004477 seconds=0.08
epoch=78/80 loss=0.009984 seconds=0.08
epoch=79/80 loss=0.005370 seconds=0.08
epoch=80/80 loss=0.002463 seconds=0.08
{"accuracy": 0.7808219178082192, "balanced_accuracy": 0.7610474631751227, "sensitivity": 0.6923076923076923, "specificity": 0.8297872340425532, "f1_macro": 0.7610474631751227, "roc_auc": 0.8453355155482816, "confusion_matrix": [[39, 8], [8, 18]], "classification_report": {"0": {"precision": 0.8297872340425532, "recall": 0.8297872340425532, "f1-score": 0.8297872340425532, "support": 47.0}, "1": {"precision": 0.6923076923076923, "recall": 0.6923076923076923, "f1-score": 0.6923076923076923, "support": 26.0}, "accuracy": 0.7808219178082192, "macro avg": {"precision": 0.7610474631751227, "recall": 0.7610474631751227, "f1-score": 0.7610474631751227, "support": 73.0}, "weighted avg": {"precision": 0.7808219178082192, "recall": 0.7808219178082192, "f1-score": 0.7808219178082192, "support": 73.0}}, "train_rows": 384, "test_rows": 73, "source_features": 507, "model_input_features": [8], "elapsed_seconds": 9.5}
