Command: ["C:\\Users\\IHCK\\AppData\\Local\\Programs\\Python\\Python312\\python.exe", "-u", "C:\\Users\\IHCK\\Desktop\\1_10_69Final\\Hippocampal-Shape-Analysis-for-Epilepsy-Detection\\Model\\train_dataset_model.py", "--dataset", "coef_raw", "--side", "right", "--model", "MLP", "--kind", "coef", "--train-csv", "C:\\Users\\IHCK\\Desktop\\1_10_69Final\\Hippocampal-Shape-Analysis-for-Epilepsy-Detection\\Output_Dataset\\coef_raw\\right\\train_prepared.csv", "--test-csv", "C:\\Users\\IHCK\\Desktop\\1_10_69Final\\Hippocampal-Shape-Analysis-for-Epilepsy-Detection\\Output_Dataset\\coef_raw\\right\\test_prepared.csv", "--output-dir", "C:\\Users\\IHCK\\Desktop\\1_10_69Final\\Hippocampal-Shape-Analysis-for-Epilepsy-Detection\\Model_Results\\dataset_runs_20261003\\coef_raw\\right\\MLP", "--epochs", "80", "--pls-components", "8", "--seed", "42", "--threads", "2"]
dataset=coef_raw side=right model=MLP; train=300 test=77 features=507
Fixed settings. Full training fit; no cross-validation or test-based selection.
Iteration 1, loss = 0.68781287
Iteration 2, loss = 0.53744562
Iteration 3, loss = 0.42377848
Iteration 4, loss = 0.33831343
Iteration 5, loss = 0.27102518
Iteration 6, loss = 0.21874367
Iteration 7, loss = 0.17870953
Iteration 8, loss = 0.14497041
Iteration 9, loss = 0.11971899
Iteration 10, loss = 0.09961367
Iteration 11, loss = 0.08328464
Iteration 12, loss = 0.06991675
Iteration 13, loss = 0.05960414
Iteration 14, loss = 0.05058740
Iteration 15, loss = 0.04329031
Iteration 16, loss = 0.03742051
Iteration 17, loss = 0.03277917
Iteration 18, loss = 0.02878877
Iteration 19, loss = 0.02556737
Iteration 20, loss = 0.02291555
Iteration 21, loss = 0.02058426
Iteration 22, loss = 0.01881520
Iteration 23, loss = 0.01724040
Iteration 24, loss = 0.01585166
Iteration 25, loss = 0.01465330
Iteration 26, loss = 0.01355684
Iteration 27, loss = 0.01257795
Iteration 28, loss = 0.01179819
Iteration 29, loss = 0.01108195
Iteration 30, loss = 0.01045386
Iteration 31, loss = 0.00988348
Iteration 32, loss = 0.00936457
Iteration 33, loss = 0.00886944
Iteration 34, loss = 0.00841891
Iteration 35, loss = 0.00800869
Iteration 36, loss = 0.00762625
Iteration 37, loss = 0.00734048
Iteration 38, loss = 0.00701445
Iteration 39, loss = 0.00674008
Iteration 40, loss = 0.00643075
Iteration 41, loss = 0.00622517
Iteration 42, loss = 0.00598402
Iteration 43, loss = 0.00574360
Iteration 44, loss = 0.00552516
Iteration 45, loss = 0.00537197
Iteration 46, loss = 0.00517414
Iteration 47, loss = 0.00499822
Iteration 48, loss = 0.00483474
Iteration 49, loss = 0.00465449
Iteration 50, loss = 0.00453684
Iteration 51, loss = 0.00438357
Iteration 52, loss = 0.00426355
Iteration 53, loss = 0.00416304
Iteration 54, loss = 0.00405408
Iteration 55, loss = 0.00393465
Iteration 56, loss = 0.00383357
Iteration 57, loss = 0.00372953
Iteration 58, loss = 0.00362286
Iteration 59, loss = 0.00352958
Iteration 60, loss = 0.00348140
Iteration 61, loss = 0.00336577
Iteration 62, loss = 0.00329729
Iteration 63, loss = 0.00322046
Iteration 64, loss = 0.00314160
Iteration 65, loss = 0.00306424
Iteration 66, loss = 0.00299228
Iteration 67, loss = 0.00292628
Iteration 68, loss = 0.00286637
Iteration 69, loss = 0.00281556
Iteration 70, loss = 0.00275991
Iteration 71, loss = 0.00272547
Iteration 72, loss = 0.00267783
Training loss did not improve more than tol=0.000100 for 10 consecutive epochs. Stopping.
{"accuracy": 0.7922077922077922, "balanced_accuracy": 0.7380952380952381, "sensitivity": 0.6190476190476191, "specificity": 0.8571428571428571, "f1_macro": 0.7380952380952381, "roc_auc": 0.8384353741496599, "confusion_matrix": [[48, 8], [8, 13]], "classification_report": {"0": {"precision": 0.8571428571428571, "recall": 0.8571428571428571, "f1-score": 0.8571428571428571, "support": 56.0}, "1": {"precision": 0.6190476190476191, "recall": 0.6190476190476191, "f1-score": 0.6190476190476191, "support": 21.0}, "accuracy": 0.7922077922077922, "macro avg": {"precision": 0.7380952380952381, "recall": 0.7380952380952381, "f1-score": 0.7380952380952381, "support": 77.0}, "weighted avg": {"precision": 0.7922077922077922, "recall": 0.7922077922077922, "f1-score": 0.7922077922077922, "support": 77.0}}, "train_rows": 300, "test_rows": 77, "source_features": 507, "model_input_features": [8], "elapsed_seconds": 0.0940000000409782}
