Command: ["C:\\Users\\IHCK\\AppData\\Local\\Programs\\Python\\Python312\\python.exe", "-u", "C:\\Users\\IHCK\\Desktop\\1_10_69Final\\Hippocampal-Shape-Analysis-for-Epilepsy-Detection\\Model\\train_dataset_model.py", "--dataset", "coef_plsda", "--side", "left", "--model", "MLP", "--kind", "coef", "--train-csv", "C:\\Users\\IHCK\\Desktop\\1_10_69Final\\Hippocampal-Shape-Analysis-for-Epilepsy-Detection\\Output_Dataset\\coef_plsda\\left\\train_prepared.csv", "--test-csv", "C:\\Users\\IHCK\\Desktop\\1_10_69Final\\Hippocampal-Shape-Analysis-for-Epilepsy-Detection\\Output_Dataset\\coef_plsda\\left\\test_prepared.csv", "--output-dir", "C:\\Users\\IHCK\\Desktop\\1_10_69Final\\Hippocampal-Shape-Analysis-for-Epilepsy-Detection\\Model_Results\\dataset_runs_20261003\\coef_plsda\\left\\MLP", "--epochs", "80", "--pls-components", "8", "--seed", "42", "--threads", "2"]
dataset=coef_plsda side=left model=MLP; train=384 test=73 features=507
Fixed settings. Full training fit; no cross-validation or test-based selection.
Iteration 1, loss = 0.71740805
Iteration 2, loss = 0.56866487
Iteration 3, loss = 0.46009011
Iteration 4, loss = 0.37354414
Iteration 5, loss = 0.30885252
Iteration 6, loss = 0.25592876
Iteration 7, loss = 0.21456874
Iteration 8, loss = 0.18146318
Iteration 9, loss = 0.15378672
Iteration 10, loss = 0.13184331
Iteration 11, loss = 0.11375249
Iteration 12, loss = 0.09867911
Iteration 13, loss = 0.08683256
Iteration 14, loss = 0.07652827
Iteration 15, loss = 0.06757768
Iteration 16, loss = 0.05976487
Iteration 17, loss = 0.05383819
Iteration 18, loss = 0.04841980
Iteration 19, loss = 0.04390424
Iteration 20, loss = 0.04003320
Iteration 21, loss = 0.03665234
Iteration 22, loss = 0.03372933
Iteration 23, loss = 0.03125905
Iteration 24, loss = 0.02890119
Iteration 25, loss = 0.02699968
Iteration 26, loss = 0.02542054
Iteration 27, loss = 0.02385410
Iteration 28, loss = 0.02253937
Iteration 29, loss = 0.02133675
Iteration 30, loss = 0.02014406
Iteration 31, loss = 0.01907975
Iteration 32, loss = 0.01824553
Iteration 33, loss = 0.01730015
Iteration 34, loss = 0.01659255
Iteration 35, loss = 0.01581097
Iteration 36, loss = 0.01515860
Iteration 37, loss = 0.01455670
Iteration 38, loss = 0.01407508
Iteration 39, loss = 0.01347284
Iteration 40, loss = 0.01298062
Iteration 41, loss = 0.01253571
Iteration 42, loss = 0.01213355
Iteration 43, loss = 0.01165732
Iteration 44, loss = 0.01132972
Iteration 45, loss = 0.01096776
Iteration 46, loss = 0.01061463
Iteration 47, loss = 0.01030605
Iteration 48, loss = 0.01002011
Iteration 49, loss = 0.00969740
Iteration 50, loss = 0.00942756
Iteration 51, loss = 0.00909089
Iteration 52, loss = 0.00885405
Iteration 53, loss = 0.00862243
Iteration 54, loss = 0.00834414
Iteration 55, loss = 0.00815588
Iteration 56, loss = 0.00790951
Iteration 57, loss = 0.00773161
Iteration 58, loss = 0.00751045
Iteration 59, loss = 0.00731493
Iteration 60, loss = 0.00714873
Iteration 61, loss = 0.00696996
Iteration 62, loss = 0.00676805
Iteration 63, loss = 0.00663524
Iteration 64, loss = 0.00648520
Iteration 65, loss = 0.00630735
Iteration 66, loss = 0.00619512
Iteration 67, loss = 0.00603760
Iteration 68, loss = 0.00588389
Iteration 69, loss = 0.00575976
Iteration 70, loss = 0.00560814
Iteration 71, loss = 0.00550791
Iteration 72, loss = 0.00544843
Iteration 73, loss = 0.00528993
Iteration 74, loss = 0.00521684
Iteration 75, loss = 0.00508714
Iteration 76, loss = 0.00493507
Iteration 77, loss = 0.00488585
Iteration 78, loss = 0.00474817
Iteration 79, loss = 0.00469271
Iteration 80, loss = 0.00458864
Iteration 81, loss = 0.00446996
Iteration 82, loss = 0.00438446
Iteration 83, loss = 0.00430430
Iteration 84, loss = 0.00422128
Iteration 85, loss = 0.00414247
Iteration 86, loss = 0.00408549
Iteration 87, loss = 0.00400902
Iteration 88, loss = 0.00396088
Iteration 89, loss = 0.00386002
Iteration 90, loss = 0.00377399
Iteration 91, loss = 0.00371237
Iteration 92, loss = 0.00366552
Iteration 93, loss = 0.00361309
Iteration 94, loss = 0.00354540
Iteration 95, loss = 0.00348070
Iteration 96, loss = 0.00340241
Iteration 97, loss = 0.00337273
Iteration 98, loss = 0.00328506
Iteration 99, loss = 0.00326012
Iteration 100, loss = 0.00320227
Training loss did not improve more than tol=0.000100 for 10 consecutive epochs. Stopping.
{"accuracy": 0.7397260273972602, "balanced_accuracy": 0.7377250409165302, "sensitivity": 0.7307692307692307, "specificity": 0.7446808510638298, "f1_macro": 0.7265917602996255, "roc_auc": 0.853518821603928, "confusion_matrix": [[35, 12], [7, 19]], "classification_report": {"0": {"precision": 0.8333333333333334, "recall": 0.7446808510638298, "f1-score": 0.7865168539325843, "support": 47.0}, "1": {"precision": 0.6129032258064516, "recall": 0.7307692307692307, "f1-score": 0.6666666666666666, "support": 26.0}, "accuracy": 0.7397260273972602, "macro avg": {"precision": 0.7231182795698925, "recall": 0.7377250409165302, "f1-score": 0.7265917602996255, "support": 73.0}, "weighted avg": {"precision": 0.7548239799675948, "recall": 0.7397260273972602, "f1-score": 0.7438304858652711, "support": 73.0}}, "train_rows": 384, "test_rows": 73, "source_features": 507, "model_input_features": [8], "elapsed_seconds": 0.15600000007543713}
