Command: ["C:\\Users\\IHCK\\AppData\\Local\\Programs\\Python\\Python312\\python.exe", "-u", "C:\\Users\\IHCK\\Desktop\\1_10_69Final\\Hippocampal-Shape-Analysis-for-Epilepsy-Detection\\Model\\train_dataset_model.py", "--dataset", "coef_raw", "--side", "right", "--model", "MobileNet", "--kind", "coef", "--train-csv", "C:\\Users\\IHCK\\Desktop\\1_10_69Final\\Hippocampal-Shape-Analysis-for-Epilepsy-Detection\\Output_Dataset\\coef_raw\\right\\train_prepared.csv", "--test-csv", "C:\\Users\\IHCK\\Desktop\\1_10_69Final\\Hippocampal-Shape-Analysis-for-Epilepsy-Detection\\Output_Dataset\\coef_raw\\right\\test_prepared.csv", "--output-dir", "C:\\Users\\IHCK\\Desktop\\1_10_69Final\\Hippocampal-Shape-Analysis-for-Epilepsy-Detection\\Model_Results\\dataset_runs_20261003\\coef_raw\\right\\MobileNet", "--epochs", "80", "--pls-components", "8", "--seed", "42", "--threads", "2"]
dataset=coef_raw side=right model=MobileNet; train=300 test=77 features=507
Fixed settings. Full training fit; no cross-validation or test-based selection.
Device=cuda; epochs=80; batch=32; model=MobileNetV2_1D
epoch=1/80 loss=0.612235 seconds=0.44
epoch=2/80 loss=0.300511 seconds=0.06
epoch=3/80 loss=0.158352 seconds=0.08
epoch=4/80 loss=0.121271 seconds=0.06
epoch=5/80 loss=0.076856 seconds=0.06
epoch=6/80 loss=0.055747 seconds=0.06
epoch=7/80 loss=0.053074 seconds=0.08
epoch=8/80 loss=0.034488 seconds=0.08
epoch=9/80 loss=0.062257 seconds=0.06
epoch=10/80 loss=0.049342 seconds=0.06
epoch=11/80 loss=0.029121 seconds=0.08
epoch=12/80 loss=0.036083 seconds=0.06
epoch=13/80 loss=0.024268 seconds=0.06
epoch=14/80 loss=0.026846 seconds=0.06
epoch=15/80 loss=0.015073 seconds=0.06
epoch=16/80 loss=0.009413 seconds=0.06
epoch=17/80 loss=0.013450 seconds=0.06
epoch=18/80 loss=0.027862 seconds=0.06
epoch=19/80 loss=0.050059 seconds=0.06
epoch=20/80 loss=0.021571 seconds=0.06
epoch=21/80 loss=0.056798 seconds=0.06
epoch=22/80 loss=0.043716 seconds=0.06
epoch=23/80 loss=0.025886 seconds=0.06
epoch=24/80 loss=0.019903 seconds=0.06
epoch=25/80 loss=0.019624 seconds=0.05
epoch=26/80 loss=0.011699 seconds=0.06
epoch=27/80 loss=0.007739 seconds=0.06
epoch=28/80 loss=0.011651 seconds=0.06
epoch=29/80 loss=0.005572 seconds=0.06
epoch=30/80 loss=0.005058 seconds=0.05
epoch=31/80 loss=0.006456 seconds=0.06
epoch=32/80 loss=0.011458 seconds=0.06
epoch=33/80 loss=0.005057 seconds=0.05
epoch=34/80 loss=0.004290 seconds=0.08
epoch=35/80 loss=0.009082 seconds=0.05
epoch=36/80 loss=0.003294 seconds=0.05
epoch=37/80 loss=0.004116 seconds=0.06
epoch=38/80 loss=0.004788 seconds=0.06
epoch=39/80 loss=0.002682 seconds=0.06
epoch=40/80 loss=0.004025 seconds=0.06
epoch=41/80 loss=0.002593 seconds=0.08
epoch=42/80 loss=0.002459 seconds=0.05
epoch=43/80 loss=0.004898 seconds=0.06
epoch=44/80 loss=0.007546 seconds=0.06
epoch=45/80 loss=0.017639 seconds=0.05
epoch=46/80 loss=0.004232 seconds=0.06
epoch=47/80 loss=0.003082 seconds=0.06
epoch=48/80 loss=0.003544 seconds=0.06
epoch=49/80 loss=0.002299 seconds=0.06
epoch=50/80 loss=0.001867 seconds=0.06
epoch=51/80 loss=0.002492 seconds=0.05
epoch=52/80 loss=0.041532 seconds=0.06
epoch=53/80 loss=0.049632 seconds=0.06
epoch=54/80 loss=0.049770 seconds=0.06
epoch=55/80 loss=0.023459 seconds=0.05
epoch=56/80 loss=0.015855 seconds=0.06
epoch=57/80 loss=0.010271 seconds=0.06
epoch=58/80 loss=0.012574 seconds=0.06
epoch=59/80 loss=0.010513 seconds=0.06
epoch=60/80 loss=0.005128 seconds=0.05
epoch=61/80 loss=0.004765 seconds=0.06
epoch=62/80 loss=0.011197 seconds=0.06
epoch=63/80 loss=0.016768 seconds=0.06
epoch=64/80 loss=0.027144 seconds=0.06
epoch=65/80 loss=0.039580 seconds=0.08
epoch=66/80 loss=0.014835 seconds=0.06
epoch=67/80 loss=0.007724 seconds=0.06
epoch=68/80 loss=0.005706 seconds=0.06
epoch=69/80 loss=0.003798 seconds=0.06
epoch=70/80 loss=0.003371 seconds=0.06
epoch=71/80 loss=0.002444 seconds=0.06
epoch=72/80 loss=0.001979 seconds=0.06
epoch=73/80 loss=0.002555 seconds=0.06
epoch=74/80 loss=0.001495 seconds=0.06
epoch=75/80 loss=0.001321 seconds=0.06
epoch=76/80 loss=0.001808 seconds=0.08
epoch=77/80 loss=0.001259 seconds=0.05
epoch=78/80 loss=0.001296 seconds=0.06
epoch=79/80 loss=0.001077 seconds=0.06
epoch=80/80 loss=0.001465 seconds=0.08
{"accuracy": 0.8181818181818182, "balanced_accuracy": 0.7410714285714286, "sensitivity": 0.5714285714285714, "specificity": 0.9107142857142857, "f1_macro": 0.7554446460980035, "roc_auc": 0.842687074829932, "confusion_matrix": [[51, 5], [9, 12]], "classification_report": {"0": {"precision": 0.85, "recall": 0.9107142857142857, "f1-score": 0.8793103448275862, "support": 56.0}, "1": {"precision": 0.7058823529411765, "recall": 0.5714285714285714, "f1-score": 0.631578947368421, "support": 21.0}, "accuracy": 0.8181818181818182, "macro avg": {"precision": 0.7779411764705882, "recall": 0.7410714285714286, "f1-score": 0.7554446460980035, "support": 77.0}, "weighted avg": {"precision": 0.8106951871657754, "recall": 0.8181818181818182, "f1-score": 0.8117472364296321, "support": 77.0}}, "train_rows": 300, "test_rows": 77, "source_features": 507, "model_input_features": [8], "elapsed_seconds": 8.359000000054948}
