Command: ["C:\\Users\\IHCK\\AppData\\Local\\Programs\\Python\\Python312\\python.exe", "-u", "C:\\Users\\IHCK\\Desktop\\1_10_69Final\\Hippocampal-Shape-Analysis-for-Epilepsy-Detection\\Model\\train_dataset_model.py", "--dataset", "coef_plsda", "--side", "right", "--model", "MobileNet", "--kind", "coef", "--train-csv", "C:\\Users\\IHCK\\Desktop\\1_10_69Final\\Hippocampal-Shape-Analysis-for-Epilepsy-Detection\\Output_Dataset\\coef_plsda\\right\\train_prepared.csv", "--test-csv", "C:\\Users\\IHCK\\Desktop\\1_10_69Final\\Hippocampal-Shape-Analysis-for-Epilepsy-Detection\\Output_Dataset\\coef_plsda\\right\\test_prepared.csv", "--output-dir", "C:\\Users\\IHCK\\Desktop\\1_10_69Final\\Hippocampal-Shape-Analysis-for-Epilepsy-Detection\\Model_Results\\dataset_runs_20261003\\coef_plsda\\right\\MobileNet", "--epochs", "80", "--pls-components", "8", "--seed", "42", "--threads", "2"]
dataset=coef_plsda side=right model=MobileNet; train=438 test=77 features=507
Fixed settings. Full training fit; no cross-validation or test-based selection.
Device=cuda; epochs=80; batch=32; model=MobileNetV2_1D
epoch=1/80 loss=0.441492 seconds=0.47
epoch=2/80 loss=0.150058 seconds=0.09
epoch=3/80 loss=0.065992 seconds=0.09
epoch=4/80 loss=0.046239 seconds=0.11
epoch=5/80 loss=0.035302 seconds=0.09
epoch=6/80 loss=0.017978 seconds=0.11
epoch=7/80 loss=0.017915 seconds=0.09
epoch=8/80 loss=0.010694 seconds=0.08
epoch=9/80 loss=0.008556 seconds=0.09
epoch=10/80 loss=0.008242 seconds=0.09
epoch=11/80 loss=0.007168 seconds=0.08
epoch=12/80 loss=0.010255 seconds=0.09
epoch=13/80 loss=0.006380 seconds=0.09
epoch=14/80 loss=0.025447 seconds=0.09
epoch=15/80 loss=0.017551 seconds=0.08
epoch=16/80 loss=0.010209 seconds=0.09
epoch=17/80 loss=0.068515 seconds=0.08
epoch=18/80 loss=0.039857 seconds=0.09
epoch=19/80 loss=0.032929 seconds=0.09
epoch=20/80 loss=0.038104 seconds=0.08
epoch=21/80 loss=0.032794 seconds=0.09
epoch=22/80 loss=0.017549 seconds=0.08
epoch=23/80 loss=0.011309 seconds=0.08
epoch=24/80 loss=0.006299 seconds=0.09
epoch=25/80 loss=0.002369 seconds=0.09
epoch=26/80 loss=0.003634 seconds=0.08
epoch=27/80 loss=0.001821 seconds=0.09
epoch=28/80 loss=0.003929 seconds=0.08
epoch=29/80 loss=0.002576 seconds=0.09
epoch=30/80 loss=0.001280 seconds=0.09
epoch=31/80 loss=0.001565 seconds=0.08
epoch=32/80 loss=0.001402 seconds=0.09
epoch=33/80 loss=0.002242 seconds=0.09
epoch=34/80 loss=0.003512 seconds=0.08
epoch=35/80 loss=0.002022 seconds=0.09
epoch=36/80 loss=0.001753 seconds=0.09
epoch=37/80 loss=0.001733 seconds=0.09
epoch=38/80 loss=0.007155 seconds=0.09
epoch=39/80 loss=0.001923 seconds=0.08
epoch=40/80 loss=0.001022 seconds=0.09
epoch=41/80 loss=0.005597 seconds=0.08
epoch=42/80 loss=0.016312 seconds=0.09
epoch=43/80 loss=0.019329 seconds=0.08
epoch=44/80 loss=0.022700 seconds=0.09
epoch=45/80 loss=0.003670 seconds=0.09
epoch=46/80 loss=0.002302 seconds=0.09
epoch=47/80 loss=0.008205 seconds=0.08
epoch=48/80 loss=0.003059 seconds=0.09
epoch=49/80 loss=0.000915 seconds=0.08
epoch=50/80 loss=0.006676 seconds=0.09
epoch=51/80 loss=0.001503 seconds=0.08
epoch=52/80 loss=0.003499 seconds=0.09
epoch=53/80 loss=0.001664 seconds=0.09
epoch=54/80 loss=0.000690 seconds=0.08
epoch=55/80 loss=0.000637 seconds=0.09
epoch=56/80 loss=0.006827 seconds=0.08
epoch=57/80 loss=0.004591 seconds=0.09
epoch=58/80 loss=0.003172 seconds=0.08
epoch=59/80 loss=0.029864 seconds=0.09
epoch=60/80 loss=0.019482 seconds=0.09
epoch=61/80 loss=0.003101 seconds=0.08
epoch=62/80 loss=0.001192 seconds=0.09
epoch=63/80 loss=0.002211 seconds=0.09
epoch=64/80 loss=0.001678 seconds=0.09
epoch=65/80 loss=0.021207 seconds=0.08
epoch=66/80 loss=0.046051 seconds=0.08
epoch=67/80 loss=0.015053 seconds=0.09
epoch=68/80 loss=0.011159 seconds=0.08
epoch=69/80 loss=0.003125 seconds=0.09
epoch=70/80 loss=0.006258 seconds=0.09
epoch=71/80 loss=0.010141 seconds=0.08
epoch=72/80 loss=0.035356 seconds=0.09
epoch=73/80 loss=0.044892 seconds=0.09
epoch=74/80 loss=0.019906 seconds=0.08
epoch=75/80 loss=0.001841 seconds=0.09
epoch=76/80 loss=0.004037 seconds=0.09
epoch=77/80 loss=0.001373 seconds=0.09
epoch=78/80 loss=0.001943 seconds=0.08
epoch=79/80 loss=0.001238 seconds=0.09
epoch=80/80 loss=0.001642 seconds=0.08
{"accuracy": 0.8571428571428571, "balanced_accuracy": 0.7827380952380952, "sensitivity": 0.6190476190476191, "specificity": 0.9464285714285714, "f1_macro": 0.8043428043428044, "roc_auc": 0.8426870748299319, "confusion_matrix": [[53, 3], [8, 13]], "classification_report": {"0": {"precision": 0.8688524590163934, "recall": 0.9464285714285714, "f1-score": 0.905982905982906, "support": 56.0}, "1": {"precision": 0.8125, "recall": 0.6190476190476191, "f1-score": 0.7027027027027027, "support": 21.0}, "accuracy": 0.8571428571428571, "macro avg": {"precision": 0.8406762295081966, "recall": 0.7827380952380952, "f1-score": 0.8043428043428044, "support": 77.0}, "weighted avg": {"precision": 0.8534836065573771, "recall": 0.8571428571428571, "f1-score": 0.8505428505428506, "support": 77.0}}, "train_rows": 438, "test_rows": 77, "source_features": 507, "model_input_features": [8], "elapsed_seconds": 10.405999999959022}
