Command: ["C:\\Users\\IHCK\\AppData\\Local\\Programs\\Python\\Python312\\python.exe", "-u", "C:\\Users\\IHCK\\Desktop\\1_10_69Final\\Hippocampal-Shape-Analysis-for-Epilepsy-Detection\\Model\\train_dataset_model.py", "--dataset", "coef_raw_balanced_jitter", "--side", "left", "--model", "MLP", "--kind", "coef", "--train-csv", "C:\\Users\\IHCK\\Desktop\\1_10_69Final\\Hippocampal-Shape-Analysis-for-Epilepsy-Detection\\Output_Dataset\\coef_raw_balanced_jitter\\left\\train_prepared.csv", "--test-csv", "C:\\Users\\IHCK\\Desktop\\1_10_69Final\\Hippocampal-Shape-Analysis-for-Epilepsy-Detection\\Output_Dataset\\coef_raw_balanced_jitter\\left\\test_prepared.csv", "--output-dir", "C:\\Users\\IHCK\\Desktop\\1_10_69Final\\Hippocampal-Shape-Analysis-for-Epilepsy-Detection\\Model_Results\\dataset_runs_20261003\\coef_raw_balanced_jitter\\left\\MLP", "--epochs", "80", "--pls-components", "8", "--seed", "42", "--threads", "2"]
dataset=coef_raw_balanced_jitter side=left model=MLP; train=384 test=73 features=507
Fixed settings. Full training fit; no cross-validation or test-based selection.
Iteration 1, loss = 0.68728982
Iteration 2, loss = 0.54338517
Iteration 3, loss = 0.43457941
Iteration 4, loss = 0.35017880
Iteration 5, loss = 0.28432432
Iteration 6, loss = 0.23276056
Iteration 7, loss = 0.19228745
Iteration 8, loss = 0.16007425
Iteration 9, loss = 0.13480983
Iteration 10, loss = 0.11525636
Iteration 11, loss = 0.10001270
Iteration 12, loss = 0.08730896
Iteration 13, loss = 0.07749404
Iteration 14, loss = 0.06893901
Iteration 15, loss = 0.06216864
Iteration 16, loss = 0.05620730
Iteration 17, loss = 0.05170241
Iteration 18, loss = 0.04773197
Iteration 19, loss = 0.04436648
Iteration 20, loss = 0.04159702
Iteration 21, loss = 0.03923878
Iteration 22, loss = 0.03719573
Iteration 23, loss = 0.03533588
Iteration 24, loss = 0.03355629
Iteration 25, loss = 0.03210504
Iteration 26, loss = 0.03081062
Iteration 27, loss = 0.02939003
Iteration 28, loss = 0.02839676
Iteration 29, loss = 0.02720532
Iteration 30, loss = 0.02625093
Iteration 31, loss = 0.02530653
Iteration 32, loss = 0.02444144
Iteration 33, loss = 0.02361250
Iteration 34, loss = 0.02292844
Iteration 35, loss = 0.02213017
Iteration 36, loss = 0.02133622
Iteration 37, loss = 0.02075601
Iteration 38, loss = 0.02022463
Iteration 39, loss = 0.01962263
Iteration 40, loss = 0.01904275
Iteration 41, loss = 0.01854173
Iteration 42, loss = 0.01807513
Iteration 43, loss = 0.01752907
Iteration 44, loss = 0.01714971
Iteration 45, loss = 0.01657448
Iteration 46, loss = 0.01621702
Iteration 47, loss = 0.01586804
Iteration 48, loss = 0.01544800
Iteration 49, loss = 0.01506895
Iteration 50, loss = 0.01467197
Iteration 51, loss = 0.01422901
Iteration 52, loss = 0.01392016
Iteration 53, loss = 0.01360579
Iteration 54, loss = 0.01323332
Iteration 55, loss = 0.01296849
Iteration 56, loss = 0.01266559
Iteration 57, loss = 0.01239503
Iteration 58, loss = 0.01210309
Iteration 59, loss = 0.01182590
Iteration 60, loss = 0.01160922
Iteration 61, loss = 0.01132816
Iteration 62, loss = 0.01105978
Iteration 63, loss = 0.01085176
Iteration 64, loss = 0.01066597
Iteration 65, loss = 0.01040122
Iteration 66, loss = 0.01021122
Iteration 67, loss = 0.01000681
Iteration 68, loss = 0.00975702
Iteration 69, loss = 0.00956382
Iteration 70, loss = 0.00936092
Iteration 71, loss = 0.00926068
Iteration 72, loss = 0.00913912
Iteration 73, loss = 0.00889524
Iteration 74, loss = 0.00879468
Iteration 75, loss = 0.00860154
Iteration 76, loss = 0.00839482
Iteration 77, loss = 0.00831578
Iteration 78, loss = 0.00810764
Iteration 79, loss = 0.00802604
Iteration 80, loss = 0.00788801
Iteration 81, loss = 0.00768848
Iteration 82, loss = 0.00756763
Iteration 83, loss = 0.00745673
Iteration 84, loss = 0.00731755
Iteration 85, loss = 0.00718322
Iteration 86, loss = 0.00710854
Iteration 87, loss = 0.00697672
Iteration 88, loss = 0.00691475
Iteration 89, loss = 0.00675904
Iteration 90, loss = 0.00661629
Iteration 91, loss = 0.00652873
Iteration 92, loss = 0.00646057
Iteration 93, loss = 0.00635130
Iteration 94, loss = 0.00625028
Iteration 95, loss = 0.00615068
Iteration 96, loss = 0.00602363
Iteration 97, loss = 0.00596072
Iteration 98, loss = 0.00581401
Iteration 99, loss = 0.00577228
Iteration 100, loss = 0.00567339
Iteration 101, loss = 0.00559955
Iteration 102, loss = 0.00547211
Iteration 103, loss = 0.00541850
Iteration 104, loss = 0.00531039
Iteration 105, loss = 0.00523671
Iteration 106, loss = 0.00513306
Iteration 107, loss = 0.00510413
Iteration 108, loss = 0.00499272
Iteration 109, loss = 0.00492916
Iteration 110, loss = 0.00485943
Iteration 111, loss = 0.00475842
Iteration 112, loss = 0.00470093
Iteration 113, loss = 0.00463386
Iteration 114, loss = 0.00454576
Iteration 115, loss = 0.00453819
Iteration 116, loss = 0.00441218
Iteration 117, loss = 0.00436950
Iteration 118, loss = 0.00431194
Iteration 119, loss = 0.00425987
Iteration 120, loss = 0.00418889
Iteration 121, loss = 0.00412814
Iteration 122, loss = 0.00405966
Iteration 123, loss = 0.00399037
Iteration 124, loss = 0.00393696
Iteration 125, loss = 0.00389799
Iteration 126, loss = 0.00384129
Iteration 127, loss = 0.00379640
Training loss did not improve more than tol=0.000100 for 10 consecutive epochs. Stopping.
{"accuracy": 0.7123287671232876, "balanced_accuracy": 0.7164484451718494, "sensitivity": 0.7307692307692307, "specificity": 0.7021276595744681, "f1_macro": 0.7013442431326709, "roc_auc": 0.8314238952536824, "confusion_matrix": [[33, 14], [7, 19]], "classification_report": {"0": {"precision": 0.825, "recall": 0.7021276595744681, "f1-score": 0.7586206896551724, "support": 47.0}, "1": {"precision": 0.5757575757575758, "recall": 0.7307692307692307, "f1-score": 0.6440677966101694, "support": 26.0}, "accuracy": 0.7123287671232876, "macro avg": {"precision": 0.7003787878787879, "recall": 0.7164484451718494, "f1-score": 0.7013442431326709, "support": 73.0}, "weighted avg": {"precision": 0.7362287256122872, "recall": 0.7123287671232876, "f1-score": 0.717821029118596, "support": 73.0}}, "train_rows": 384, "test_rows": 73, "source_features": 507, "model_input_features": [8], "elapsed_seconds": 0.18799999996554106}
