Command: ["C:\\Users\\IHCK\\AppData\\Local\\Programs\\Python\\Python312\\python.exe", "-u", "C:\\Users\\IHCK\\Desktop\\1_10_69Final\\Hippocampal-Shape-Analysis-for-Epilepsy-Detection\\Model\\train_dataset_model.py", "--dataset", "coef_raw_balanced_jitter", "--side", "right", "--model", "ResNetAE", "--kind", "coef", "--train-csv", "C:\\Users\\IHCK\\Desktop\\1_10_69Final\\Hippocampal-Shape-Analysis-for-Epilepsy-Detection\\Output_Dataset\\coef_raw_balanced_jitter\\right\\train_prepared.csv", "--test-csv", "C:\\Users\\IHCK\\Desktop\\1_10_69Final\\Hippocampal-Shape-Analysis-for-Epilepsy-Detection\\Output_Dataset\\coef_raw_balanced_jitter\\right\\test_prepared.csv", "--output-dir", "C:\\Users\\IHCK\\Desktop\\1_10_69Final\\Hippocampal-Shape-Analysis-for-Epilepsy-Detection\\Model_Results\\dataset_runs_20261003\\coef_raw_balanced_jitter\\right\\ResNetAE", "--epochs", "80", "--pls-components", "8", "--seed", "42", "--threads", "2"]
dataset=coef_raw_balanced_jitter side=right model=ResNetAE; train=438 test=77 features=507
Fixed settings. Full training fit; no cross-validation or test-based selection.
Device=cuda; epochs=80; batch=32; model=ResNetAutoencoder1D
epoch=1/80 loss=5.253661 seconds=0.44
epoch=2/80 loss=1.846097 seconds=0.08
epoch=3/80 loss=1.054992 seconds=0.06
epoch=4/80 loss=0.922429 seconds=0.08
epoch=5/80 loss=0.843614 seconds=0.08
epoch=6/80 loss=0.717822 seconds=0.06
epoch=7/80 loss=0.568619 seconds=0.08
epoch=8/80 loss=0.496302 seconds=0.06
epoch=9/80 loss=0.464013 seconds=0.08
epoch=10/80 loss=0.496016 seconds=0.08
epoch=11/80 loss=0.413447 seconds=0.06
epoch=12/80 loss=0.365277 seconds=0.08
epoch=13/80 loss=0.282185 seconds=0.08
epoch=14/80 loss=0.280973 seconds=0.06
epoch=15/80 loss=0.269292 seconds=0.06
epoch=16/80 loss=0.323820 seconds=0.06
epoch=17/80 loss=0.342611 seconds=0.08
epoch=18/80 loss=0.283857 seconds=0.06
epoch=19/80 loss=0.287918 seconds=0.06
epoch=20/80 loss=0.266512 seconds=0.08
epoch=21/80 loss=0.237095 seconds=0.06
epoch=22/80 loss=0.216009 seconds=0.06
epoch=23/80 loss=0.235757 seconds=0.06
epoch=24/80 loss=0.196031 seconds=0.08
epoch=25/80 loss=0.197262 seconds=0.06
epoch=26/80 loss=0.208606 seconds=0.06
epoch=27/80 loss=0.170915 seconds=0.06
epoch=28/80 loss=0.178206 seconds=0.08
epoch=29/80 loss=0.192195 seconds=0.06
epoch=30/80 loss=0.212864 seconds=0.08
epoch=31/80 loss=0.160023 seconds=0.06
epoch=32/80 loss=0.165475 seconds=0.06
epoch=33/80 loss=0.194039 seconds=0.08
epoch=34/80 loss=0.180912 seconds=0.06
epoch=35/80 loss=0.182787 seconds=0.06
epoch=36/80 loss=0.193032 seconds=0.06
epoch=37/80 loss=0.157096 seconds=0.08
epoch=38/80 loss=0.190356 seconds=0.06
epoch=39/80 loss=0.162276 seconds=0.08
epoch=40/80 loss=0.165901 seconds=0.06
epoch=41/80 loss=0.147294 seconds=0.06
epoch=42/80 loss=0.139986 seconds=0.08
epoch=43/80 loss=0.145711 seconds=0.06
epoch=44/80 loss=0.141600 seconds=0.08
epoch=45/80 loss=0.131221 seconds=0.06
epoch=46/80 loss=0.152450 seconds=0.08
epoch=47/80 loss=0.130977 seconds=0.08
epoch=48/80 loss=0.137193 seconds=0.06
epoch=49/80 loss=0.124811 seconds=0.08
epoch=50/80 loss=0.139794 seconds=0.08
epoch=51/80 loss=0.127716 seconds=0.06
epoch=52/80 loss=0.129781 seconds=0.08
epoch=53/80 loss=0.141099 seconds=0.08
epoch=54/80 loss=0.134251 seconds=0.06
epoch=55/80 loss=0.145624 seconds=0.08
epoch=56/80 loss=0.123146 seconds=0.06
epoch=57/80 loss=0.108735 seconds=0.08
epoch=58/80 loss=0.114666 seconds=0.06
epoch=59/80 loss=0.099753 seconds=0.08
epoch=60/80 loss=0.106953 seconds=0.08
epoch=61/80 loss=0.104349 seconds=0.06
epoch=62/80 loss=0.111497 seconds=0.06
epoch=63/80 loss=0.094517 seconds=0.06
epoch=64/80 loss=0.103169 seconds=0.08
epoch=65/80 loss=0.111061 seconds=0.06
epoch=66/80 loss=0.099359 seconds=0.06
epoch=67/80 loss=0.109753 seconds=0.08
epoch=68/80 loss=0.095832 seconds=0.06
epoch=69/80 loss=0.091254 seconds=0.08
epoch=70/80 loss=0.100370 seconds=0.06
epoch=71/80 loss=0.104129 seconds=0.08
epoch=72/80 loss=0.101021 seconds=0.08
epoch=73/80 loss=0.110856 seconds=0.06
epoch=74/80 loss=0.122333 seconds=0.08
epoch=75/80 loss=0.115713 seconds=0.08
epoch=76/80 loss=0.116581 seconds=0.06
epoch=77/80 loss=0.109442 seconds=0.06
epoch=78/80 loss=0.099642 seconds=0.06
epoch=79/80 loss=0.097222 seconds=0.06
epoch=80/80 loss=0.089036 seconds=0.08
{"accuracy": 0.8181818181818182, "balanced_accuracy": 0.6964285714285714, "sensitivity": 0.42857142857142855, "specificity": 0.9642857142857143, "f1_macro": 0.7238729508196722, "roc_auc": 0.8273809523809523, "confusion_matrix": [[54, 2], [12, 9]], "classification_report": {"0": {"precision": 0.8181818181818182, "recall": 0.9642857142857143, "f1-score": 0.8852459016393442, "support": 56.0}, "1": {"precision": 0.8181818181818182, "recall": 0.42857142857142855, "f1-score": 0.5625, "support": 21.0}, "accuracy": 0.8181818181818182, "macro avg": {"precision": 0.8181818181818182, "recall": 0.6964285714285714, "f1-score": 0.7238729508196722, "support": 77.0}, "weighted avg": {"precision": 0.8181818181818182, "recall": 0.8181818181818182, "f1-score": 0.7972242921013413, "support": 77.0}}, "train_rows": 438, "test_rows": 77, "source_features": 507, "model_input_features": [8], "elapsed_seconds": 8.875}
