Command: ["C:\\Users\\IHCK\\AppData\\Local\\Programs\\Python\\Python312\\python.exe", "-u", "C:\\Users\\IHCK\\Desktop\\1_10_69Final\\Hippocampal-Shape-Analysis-for-Epilepsy-Detection\\Model\\train_dataset_model.py", "--dataset", "coef_raw_balanced_jitter", "--side", "left", "--model", "ResNet", "--kind", "coef", "--train-csv", "C:\\Users\\IHCK\\Desktop\\1_10_69Final\\Hippocampal-Shape-Analysis-for-Epilepsy-Detection\\Output_Dataset\\coef_raw_balanced_jitter\\left\\train_prepared.csv", "--test-csv", "C:\\Users\\IHCK\\Desktop\\1_10_69Final\\Hippocampal-Shape-Analysis-for-Epilepsy-Detection\\Output_Dataset\\coef_raw_balanced_jitter\\left\\test_prepared.csv", "--output-dir", "C:\\Users\\IHCK\\Desktop\\1_10_69Final\\Hippocampal-Shape-Analysis-for-Epilepsy-Detection\\Model_Results\\dataset_runs_20261003\\coef_raw_balanced_jitter\\left\\ResNet", "--epochs", "80", "--pls-components", "8", "--seed", "42", "--threads", "2"]
dataset=coef_raw_balanced_jitter side=left model=ResNet; train=384 test=73 features=507
Fixed settings. Full training fit; no cross-validation or test-based selection.
Device=cuda; epochs=80; batch=32; model=ResNet1D
epoch=1/80 loss=0.239268 seconds=0.41
epoch=2/80 loss=0.075539 seconds=0.05
epoch=3/80 loss=0.037727 seconds=0.05
epoch=4/80 loss=0.018106 seconds=0.06
epoch=5/80 loss=0.025385 seconds=0.05
epoch=6/80 loss=0.012038 seconds=0.05
epoch=7/80 loss=0.019061 seconds=0.05
epoch=8/80 loss=0.022272 seconds=0.05
epoch=9/80 loss=0.011096 seconds=0.05
epoch=10/80 loss=0.012836 seconds=0.05
epoch=11/80 loss=0.017703 seconds=0.06
epoch=12/80 loss=0.024732 seconds=0.05
epoch=13/80 loss=0.030578 seconds=0.05
epoch=14/80 loss=0.055435 seconds=0.05
epoch=15/80 loss=0.026853 seconds=0.06
epoch=16/80 loss=0.010713 seconds=0.05
epoch=17/80 loss=0.021028 seconds=0.05
epoch=18/80 loss=0.005893 seconds=0.05
epoch=19/80 loss=0.005147 seconds=0.05
epoch=20/80 loss=0.008751 seconds=0.05
epoch=21/80 loss=0.009303 seconds=0.05
epoch=22/80 loss=0.005092 seconds=0.05
epoch=23/80 loss=0.002441 seconds=0.05
epoch=24/80 loss=0.003828 seconds=0.05
epoch=25/80 loss=0.005074 seconds=0.03
epoch=26/80 loss=0.002662 seconds=0.06
epoch=27/80 loss=0.019130 seconds=0.05
epoch=28/80 loss=0.018324 seconds=0.05
epoch=29/80 loss=0.009757 seconds=0.06
epoch=30/80 loss=0.002864 seconds=0.05
epoch=31/80 loss=0.002487 seconds=0.05
epoch=32/80 loss=0.007226 seconds=0.06
epoch=33/80 loss=0.001776 seconds=0.05
epoch=34/80 loss=0.022678 seconds=0.05
epoch=35/80 loss=0.013005 seconds=0.05
epoch=36/80 loss=0.005469 seconds=0.05
epoch=37/80 loss=0.000922 seconds=0.05
epoch=38/80 loss=0.032314 seconds=0.05
epoch=39/80 loss=0.002434 seconds=0.05
epoch=40/80 loss=0.003146 seconds=0.06
epoch=41/80 loss=0.003414 seconds=0.05
epoch=42/80 loss=0.001365 seconds=0.06
epoch=43/80 loss=0.000801 seconds=0.05
epoch=44/80 loss=0.003174 seconds=0.06
epoch=45/80 loss=0.002760 seconds=0.05
epoch=46/80 loss=0.000613 seconds=0.06
epoch=47/80 loss=0.000455 seconds=0.05
epoch=48/80 loss=0.000473 seconds=0.05
epoch=49/80 loss=0.001446 seconds=0.05
epoch=50/80 loss=0.001755 seconds=0.05
epoch=51/80 loss=0.000555 seconds=0.05
epoch=52/80 loss=0.000588 seconds=0.06
epoch=53/80 loss=0.000752 seconds=0.05
epoch=54/80 loss=0.000285 seconds=0.05
epoch=55/80 loss=0.000238 seconds=0.05
epoch=56/80 loss=0.000941 seconds=0.05
epoch=57/80 loss=0.002678 seconds=0.05
epoch=58/80 loss=0.001120 seconds=0.06
epoch=59/80 loss=0.011013 seconds=0.05
epoch=60/80 loss=0.015889 seconds=0.06
epoch=61/80 loss=0.009784 seconds=0.05
epoch=62/80 loss=0.005279 seconds=0.05
epoch=63/80 loss=0.001525 seconds=0.05
epoch=64/80 loss=0.000796 seconds=0.05
epoch=65/80 loss=0.001089 seconds=0.05
epoch=66/80 loss=0.000633 seconds=0.05
epoch=67/80 loss=0.016603 seconds=0.05
epoch=68/80 loss=0.011499 seconds=0.06
epoch=69/80 loss=0.045647 seconds=0.05
epoch=70/80 loss=0.016257 seconds=0.06
epoch=71/80 loss=0.010384 seconds=0.05
epoch=72/80 loss=0.018169 seconds=0.05
epoch=73/80 loss=0.002795 seconds=0.06
epoch=74/80 loss=0.003664 seconds=0.05
epoch=75/80 loss=0.000784 seconds=0.05
epoch=76/80 loss=0.002169 seconds=0.05
epoch=77/80 loss=0.000925 seconds=0.05
epoch=78/80 loss=0.001643 seconds=0.06
epoch=79/80 loss=0.001000 seconds=0.05
epoch=80/80 loss=0.001389 seconds=0.03
{"accuracy": 0.726027397260274, "balanced_accuracy": 0.718494271685761, "sensitivity": 0.6923076923076923, "specificity": 0.7446808510638298, "f1_macro": 0.7103174603174603, "roc_auc": 0.8158756137479541, "confusion_matrix": [[35, 12], [8, 18]], "classification_report": {"0": {"precision": 0.813953488372093, "recall": 0.7446808510638298, "f1-score": 0.7777777777777778, "support": 47.0}, "1": {"precision": 0.6, "recall": 0.6923076923076923, "f1-score": 0.6428571428571429, "support": 26.0}, "accuracy": 0.726027397260274, "macro avg": {"precision": 0.7069767441860465, "recall": 0.718494271685761, "f1-score": 0.7103174603174603, "support": 73.0}, "weighted avg": {"precision": 0.7377508760751832, "recall": 0.726027397260274, "f1-score": 0.7297238530115243, "support": 73.0}}, "train_rows": 384, "test_rows": 73, "source_features": 507, "model_input_features": [8], "elapsed_seconds": 9.079000000027008}
