Command: ["C:\\Users\\IHCK\\AppData\\Local\\Programs\\Python\\Python312\\python.exe", "-u", "C:\\Users\\IHCK\\Desktop\\1_10_69Final\\Hippocampal-Shape-Analysis-for-Epilepsy-Detection\\Model\\train_dataset_model.py", "--dataset", "coef_plsda", "--side", "left", "--model", "ResNet", "--kind", "coef", "--train-csv", "C:\\Users\\IHCK\\Desktop\\1_10_69Final\\Hippocampal-Shape-Analysis-for-Epilepsy-Detection\\Output_Dataset\\coef_plsda\\left\\train_prepared.csv", "--test-csv", "C:\\Users\\IHCK\\Desktop\\1_10_69Final\\Hippocampal-Shape-Analysis-for-Epilepsy-Detection\\Output_Dataset\\coef_plsda\\left\\test_prepared.csv", "--output-dir", "C:\\Users\\IHCK\\Desktop\\1_10_69Final\\Hippocampal-Shape-Analysis-for-Epilepsy-Detection\\Model_Results\\dataset_runs_20261003\\coef_plsda\\left\\ResNet", "--epochs", "80", "--pls-components", "8", "--seed", "42", "--threads", "2"]
dataset=coef_plsda side=left model=ResNet; train=384 test=73 features=507
Fixed settings. Full training fit; no cross-validation or test-based selection.
Device=cuda; epochs=80; batch=32; model=ResNet1D
epoch=1/80 loss=0.260349 seconds=0.41
epoch=2/80 loss=0.094482 seconds=0.08
epoch=3/80 loss=0.074297 seconds=0.06
epoch=4/80 loss=0.034102 seconds=0.06
epoch=5/80 loss=0.036351 seconds=0.06
epoch=6/80 loss=0.022562 seconds=0.06
epoch=7/80 loss=0.061174 seconds=0.05
epoch=8/80 loss=0.044466 seconds=0.05
epoch=9/80 loss=0.036679 seconds=0.06
epoch=10/80 loss=0.021467 seconds=0.05
epoch=11/80 loss=0.008004 seconds=0.05
epoch=12/80 loss=0.021364 seconds=0.05
epoch=13/80 loss=0.034866 seconds=0.06
epoch=14/80 loss=0.009774 seconds=0.05
epoch=15/80 loss=0.011335 seconds=0.06
epoch=16/80 loss=0.011915 seconds=0.06
epoch=17/80 loss=0.027098 seconds=0.06
epoch=18/80 loss=0.026852 seconds=0.05
epoch=19/80 loss=0.010680 seconds=0.06
epoch=20/80 loss=0.044206 seconds=0.05
epoch=21/80 loss=0.003657 seconds=0.06
epoch=22/80 loss=0.014859 seconds=0.05
epoch=23/80 loss=0.006406 seconds=0.06
epoch=24/80 loss=0.005567 seconds=0.05
epoch=25/80 loss=0.008924 seconds=0.06
epoch=26/80 loss=0.005846 seconds=0.05
epoch=27/80 loss=0.005673 seconds=0.06
epoch=28/80 loss=0.009316 seconds=0.05
epoch=29/80 loss=0.021821 seconds=0.06
epoch=30/80 loss=0.016802 seconds=0.05
epoch=31/80 loss=0.004425 seconds=0.06
epoch=32/80 loss=0.017305 seconds=0.05
epoch=33/80 loss=0.009502 seconds=0.06
epoch=34/80 loss=0.023244 seconds=0.05
epoch=35/80 loss=0.013769 seconds=0.06
epoch=36/80 loss=0.013038 seconds=0.05
epoch=37/80 loss=0.001528 seconds=0.06
epoch=38/80 loss=0.008766 seconds=0.06
epoch=39/80 loss=0.003756 seconds=0.06
epoch=40/80 loss=0.006010 seconds=0.05
epoch=41/80 loss=0.028476 seconds=0.06
epoch=42/80 loss=0.041599 seconds=0.05
epoch=43/80 loss=0.017677 seconds=0.06
epoch=44/80 loss=0.019702 seconds=0.06
epoch=45/80 loss=0.005402 seconds=0.05
epoch=46/80 loss=0.007410 seconds=0.05
epoch=47/80 loss=0.003780 seconds=0.06
epoch=48/80 loss=0.005858 seconds=0.05
epoch=49/80 loss=0.004773 seconds=0.05
epoch=50/80 loss=0.002379 seconds=0.05
epoch=51/80 loss=0.001734 seconds=0.06
epoch=52/80 loss=0.003605 seconds=0.05
epoch=53/80 loss=0.002407 seconds=0.06
epoch=54/80 loss=0.001423 seconds=0.05
epoch=55/80 loss=0.000402 seconds=0.06
epoch=56/80 loss=0.001190 seconds=0.05
epoch=57/80 loss=0.000809 seconds=0.05
epoch=58/80 loss=0.000903 seconds=0.05
epoch=59/80 loss=0.015216 seconds=0.06
epoch=60/80 loss=0.024312 seconds=0.06
epoch=61/80 loss=0.020625 seconds=0.05
epoch=62/80 loss=0.010036 seconds=0.06
epoch=63/80 loss=0.001598 seconds=0.08
epoch=64/80 loss=0.001794 seconds=0.08
epoch=65/80 loss=0.001174 seconds=0.05
epoch=66/80 loss=0.008860 seconds=0.06
epoch=67/80 loss=0.007498 seconds=0.05
epoch=68/80 loss=0.009903 seconds=0.06
epoch=69/80 loss=0.027724 seconds=0.06
epoch=70/80 loss=0.008915 seconds=0.05
epoch=71/80 loss=0.003922 seconds=0.05
epoch=72/80 loss=0.004676 seconds=0.06
epoch=73/80 loss=0.002072 seconds=0.06
epoch=74/80 loss=0.004626 seconds=0.05
epoch=75/80 loss=0.000550 seconds=0.05
epoch=76/80 loss=0.003633 seconds=0.05
epoch=77/80 loss=0.003622 seconds=0.06
epoch=78/80 loss=0.008074 seconds=0.05
epoch=79/80 loss=0.010151 seconds=0.03
epoch=80/80 loss=0.067698 seconds=0.05
{"accuracy": 0.7945205479452054, "balanced_accuracy": 0.7716857610474632, "sensitivity": 0.6923076923076923, "specificity": 0.851063829787234, "f1_macro": 0.7739938080495357, "roc_auc": 0.8502454991816695, "confusion_matrix": [[40, 7], [8, 18]], "classification_report": {"0": {"precision": 0.8333333333333334, "recall": 0.851063829787234, "f1-score": 0.8421052631578947, "support": 47.0}, "1": {"precision": 0.72, "recall": 0.6923076923076923, "f1-score": 0.7058823529411765, "support": 26.0}, "accuracy": 0.7945205479452054, "macro avg": {"precision": 0.7766666666666666, "recall": 0.7716857610474632, "f1-score": 0.7739938080495357, "support": 73.0}, "weighted avg": {"precision": 0.7929680365296804, "recall": 0.7945205479452054, "f1-score": 0.793587514313584, "support": 73.0}}, "train_rows": 384, "test_rows": 73, "source_features": 507, "model_input_features": [8], "elapsed_seconds": 9.5}
