Command: ["C:\\Users\\IHCK\\AppData\\Local\\Programs\\Python\\Python312\\python.exe", "-u", "C:\\Users\\IHCK\\Desktop\\1_10_69Final\\Hippocampal-Shape-Analysis-for-Epilepsy-Detection\\Model\\train_dataset_model.py", "--dataset", "coef_raw_balanced_jitter", "--side", "right", "--model", "MobileNet", "--kind", "coef", "--train-csv", "C:\\Users\\IHCK\\Desktop\\1_10_69Final\\Hippocampal-Shape-Analysis-for-Epilepsy-Detection\\Output_Dataset\\coef_raw_balanced_jitter\\right\\train_prepared.csv", "--test-csv", "C:\\Users\\IHCK\\Desktop\\1_10_69Final\\Hippocampal-Shape-Analysis-for-Epilepsy-Detection\\Output_Dataset\\coef_raw_balanced_jitter\\right\\test_prepared.csv", "--output-dir", "C:\\Users\\IHCK\\Desktop\\1_10_69Final\\Hippocampal-Shape-Analysis-for-Epilepsy-Detection\\Model_Results\\dataset_runs_20261003\\coef_raw_balanced_jitter\\right\\MobileNet", "--epochs", "80", "--pls-components", "8", "--seed", "42", "--threads", "2"]
dataset=coef_raw_balanced_jitter side=right model=MobileNet; train=438 test=77 features=507
Fixed settings. Full training fit; no cross-validation or test-based selection.
Device=cuda; epochs=80; batch=32; model=MobileNetV2_1D
epoch=1/80 loss=0.467753 seconds=0.45
epoch=2/80 loss=0.156984 seconds=0.09
epoch=3/80 loss=0.068702 seconds=0.09
epoch=4/80 loss=0.044470 seconds=0.09
epoch=5/80 loss=0.032748 seconds=0.09
epoch=6/80 loss=0.022348 seconds=0.09
epoch=7/80 loss=0.021272 seconds=0.09
epoch=8/80 loss=0.011211 seconds=0.09
epoch=9/80 loss=0.016518 seconds=0.09
epoch=10/80 loss=0.019327 seconds=0.09
epoch=11/80 loss=0.016276 seconds=0.08
epoch=12/80 loss=0.066755 seconds=0.09
epoch=13/80 loss=0.024727 seconds=0.08
epoch=14/80 loss=0.013523 seconds=0.08
epoch=15/80 loss=0.009069 seconds=0.09
epoch=16/80 loss=0.007754 seconds=0.08
epoch=17/80 loss=0.014313 seconds=0.09
epoch=18/80 loss=0.037979 seconds=0.09
epoch=19/80 loss=0.066862 seconds=0.08
epoch=20/80 loss=0.011399 seconds=0.09
epoch=21/80 loss=0.032882 seconds=0.08
epoch=22/80 loss=0.005937 seconds=0.09
epoch=23/80 loss=0.021111 seconds=0.08
epoch=24/80 loss=0.013112 seconds=0.09
epoch=25/80 loss=0.003152 seconds=0.08
epoch=26/80 loss=0.004078 seconds=0.09
epoch=27/80 loss=0.001989 seconds=0.08
epoch=28/80 loss=0.004541 seconds=0.08
epoch=29/80 loss=0.002912 seconds=0.09
epoch=30/80 loss=0.001327 seconds=0.09
epoch=31/80 loss=0.001598 seconds=0.08
epoch=32/80 loss=0.001260 seconds=0.09
epoch=33/80 loss=0.002253 seconds=0.08
epoch=34/80 loss=0.001524 seconds=0.09
epoch=35/80 loss=0.001496 seconds=0.08
epoch=36/80 loss=0.001686 seconds=0.09
epoch=37/80 loss=0.001200 seconds=0.08
epoch=38/80 loss=0.003090 seconds=0.09
epoch=39/80 loss=0.005500 seconds=0.09
epoch=40/80 loss=0.004878 seconds=0.08
epoch=41/80 loss=0.001483 seconds=0.09
epoch=42/80 loss=0.018362 seconds=0.09
epoch=43/80 loss=0.017804 seconds=0.08
epoch=44/80 loss=0.008559 seconds=0.09
epoch=45/80 loss=0.000708 seconds=0.08
epoch=46/80 loss=0.001568 seconds=0.09
epoch=47/80 loss=0.000876 seconds=0.08
epoch=48/80 loss=0.000570 seconds=0.09
epoch=49/80 loss=0.000597 seconds=0.08
epoch=50/80 loss=0.003388 seconds=0.08
epoch=51/80 loss=0.015223 seconds=0.09
epoch=52/80 loss=0.012003 seconds=0.08
epoch=53/80 loss=0.035530 seconds=0.08
epoch=54/80 loss=0.010601 seconds=0.09
epoch=55/80 loss=0.007934 seconds=0.08
epoch=56/80 loss=0.002616 seconds=0.09
epoch=57/80 loss=0.001528 seconds=0.08
epoch=58/80 loss=0.005611 seconds=0.09
epoch=59/80 loss=0.001033 seconds=0.08
epoch=60/80 loss=0.005362 seconds=0.09
epoch=61/80 loss=0.007158 seconds=0.08
epoch=62/80 loss=0.002455 seconds=0.09
epoch=63/80 loss=0.001157 seconds=0.08
epoch=64/80 loss=0.000646 seconds=0.08
epoch=65/80 loss=0.002271 seconds=0.09
epoch=66/80 loss=0.000555 seconds=0.09
epoch=67/80 loss=0.000462 seconds=0.08
epoch=68/80 loss=0.001185 seconds=0.08
epoch=69/80 loss=0.000788 seconds=0.08
epoch=70/80 loss=0.000652 seconds=0.09
epoch=71/80 loss=0.000837 seconds=0.08
epoch=72/80 loss=0.000373 seconds=0.09
epoch=73/80 loss=0.000566 seconds=0.08
epoch=74/80 loss=0.000696 seconds=0.09
epoch=75/80 loss=0.000277 seconds=0.08
epoch=76/80 loss=0.000213 seconds=0.09
epoch=77/80 loss=0.000346 seconds=0.08
epoch=78/80 loss=0.000296 seconds=0.08
epoch=79/80 loss=0.000764 seconds=0.09
epoch=80/80 loss=0.000284 seconds=0.09
{"accuracy": 0.8051948051948052, "balanced_accuracy": 0.7023809523809523, "sensitivity": 0.47619047619047616, "specificity": 0.9285714285714286, "f1_macro": 0.7226890756302521, "roc_auc": 0.7976190476190476, "confusion_matrix": [[52, 4], [11, 10]], "classification_report": {"0": {"precision": 0.8253968253968254, "recall": 0.9285714285714286, "f1-score": 0.8739495798319328, "support": 56.0}, "1": {"precision": 0.7142857142857143, "recall": 0.47619047619047616, "f1-score": 0.5714285714285714, "support": 21.0}, "accuracy": 0.8051948051948052, "macro avg": {"precision": 0.7698412698412698, "recall": 0.7023809523809523, "f1-score": 0.7226890756302521, "support": 77.0}, "weighted avg": {"precision": 0.7950937950937951, "recall": 0.8051948051948052, "f1-score": 0.7914438502673796, "support": 77.0}}, "train_rows": 438, "test_rows": 77, "source_features": 507, "model_input_features": [8], "elapsed_seconds": 10.295999999972992}
