Command: ["C:\\Users\\IHCK\\AppData\\Local\\Programs\\Python\\Python312\\python.exe", "-u", "C:\\Users\\IHCK\\Desktop\\1_10_69Final\\Hippocampal-Shape-Analysis-for-Epilepsy-Detection\\Model\\train_dataset_model.py", "--dataset", "coef_raw_balanced_jitter", "--side", "right", "--model", "ResNet", "--kind", "coef", "--train-csv", "C:\\Users\\IHCK\\Desktop\\1_10_69Final\\Hippocampal-Shape-Analysis-for-Epilepsy-Detection\\Output_Dataset\\coef_raw_balanced_jitter\\right\\train_prepared.csv", "--test-csv", "C:\\Users\\IHCK\\Desktop\\1_10_69Final\\Hippocampal-Shape-Analysis-for-Epilepsy-Detection\\Output_Dataset\\coef_raw_balanced_jitter\\right\\test_prepared.csv", "--output-dir", "C:\\Users\\IHCK\\Desktop\\1_10_69Final\\Hippocampal-Shape-Analysis-for-Epilepsy-Detection\\Model_Results\\dataset_runs_20261003\\coef_raw_balanced_jitter\\right\\ResNet", "--epochs", "80", "--pls-components", "8", "--seed", "42", "--threads", "2"]
dataset=coef_raw_balanced_jitter side=right model=ResNet; train=438 test=77 features=507
Fixed settings. Full training fit; no cross-validation or test-based selection.
Device=cuda; epochs=80; batch=32; model=ResNet1D
epoch=1/80 loss=0.198123 seconds=0.44
epoch=2/80 loss=0.059033 seconds=0.05
epoch=3/80 loss=0.024471 seconds=0.06
epoch=4/80 loss=0.016352 seconds=0.05
epoch=5/80 loss=0.024051 seconds=0.06
epoch=6/80 loss=0.014997 seconds=0.06
epoch=7/80 loss=0.013427 seconds=0.06
epoch=8/80 loss=0.008983 seconds=0.05
epoch=9/80 loss=0.003977 seconds=0.06
epoch=10/80 loss=0.003961 seconds=0.06
epoch=11/80 loss=0.002796 seconds=0.06
epoch=12/80 loss=0.003836 seconds=0.05
epoch=13/80 loss=0.005699 seconds=0.06
epoch=14/80 loss=0.049227 seconds=0.06
epoch=15/80 loss=0.011080 seconds=0.05
epoch=16/80 loss=0.007373 seconds=0.06
epoch=17/80 loss=0.025409 seconds=0.06
epoch=18/80 loss=0.028895 seconds=0.05
epoch=19/80 loss=0.025893 seconds=0.06
epoch=20/80 loss=0.001915 seconds=0.06
epoch=21/80 loss=0.027751 seconds=0.05
epoch=22/80 loss=0.010417 seconds=0.06
epoch=23/80 loss=0.020241 seconds=0.06
epoch=24/80 loss=0.006128 seconds=0.06
epoch=25/80 loss=0.001548 seconds=0.06
epoch=26/80 loss=0.001922 seconds=0.05
epoch=27/80 loss=0.001006 seconds=0.06
epoch=28/80 loss=0.002572 seconds=0.05
epoch=29/80 loss=0.003488 seconds=0.05
epoch=30/80 loss=0.002382 seconds=0.05
epoch=31/80 loss=0.001579 seconds=0.06
epoch=32/80 loss=0.000776 seconds=0.05
epoch=33/80 loss=0.001086 seconds=0.06
epoch=34/80 loss=0.001518 seconds=0.05
epoch=35/80 loss=0.000905 seconds=0.05
epoch=36/80 loss=0.001502 seconds=0.06
epoch=37/80 loss=0.000866 seconds=0.05
epoch=38/80 loss=0.003279 seconds=0.06
epoch=39/80 loss=0.003215 seconds=0.06
epoch=40/80 loss=0.005314 seconds=0.06
epoch=41/80 loss=0.013500 seconds=0.05
epoch=42/80 loss=0.009809 seconds=0.06
epoch=43/80 loss=0.008984 seconds=0.05
epoch=44/80 loss=0.007430 seconds=0.06
epoch=45/80 loss=0.000340 seconds=0.06
epoch=46/80 loss=0.000821 seconds=0.05
epoch=47/80 loss=0.000636 seconds=0.05
epoch=48/80 loss=0.000353 seconds=0.06
epoch=49/80 loss=0.000367 seconds=0.05
epoch=50/80 loss=0.001574 seconds=0.06
epoch=51/80 loss=0.000295 seconds=0.06
epoch=52/80 loss=0.000232 seconds=0.06
epoch=53/80 loss=0.000502 seconds=0.06
epoch=54/80 loss=0.000203 seconds=0.06
epoch=55/80 loss=0.000275 seconds=0.05
epoch=56/80 loss=0.000936 seconds=0.06
epoch=57/80 loss=0.000244 seconds=0.05
epoch=58/80 loss=0.000805 seconds=0.06
epoch=59/80 loss=0.000224 seconds=0.05
epoch=60/80 loss=0.000640 seconds=0.05
epoch=61/80 loss=0.000455 seconds=0.06
epoch=62/80 loss=0.000196 seconds=0.06
epoch=63/80 loss=0.000135 seconds=0.06
epoch=64/80 loss=0.000148 seconds=0.06
epoch=65/80 loss=0.000422 seconds=0.05
epoch=66/80 loss=0.000441 seconds=0.05
epoch=67/80 loss=0.000121 seconds=0.05
epoch=68/80 loss=0.000104 seconds=0.06
epoch=69/80 loss=0.000176 seconds=0.05
epoch=70/80 loss=0.000292 seconds=0.06
epoch=71/80 loss=0.000487 seconds=0.05
epoch=72/80 loss=0.000091 seconds=0.05
epoch=73/80 loss=0.000167 seconds=0.06
epoch=74/80 loss=0.000261 seconds=0.05
epoch=75/80 loss=0.000119 seconds=0.06
epoch=76/80 loss=0.000069 seconds=0.06
epoch=77/80 loss=0.000218 seconds=0.05
epoch=78/80 loss=0.000092 seconds=0.06
epoch=79/80 loss=0.000553 seconds=0.05
epoch=80/80 loss=0.000169 seconds=0.06
{"accuracy": 0.8181818181818182, "balanced_accuracy": 0.6964285714285714, "sensitivity": 0.42857142857142855, "specificity": 0.9642857142857143, "f1_macro": 0.7238729508196722, "roc_auc": 0.8205782312925168, "confusion_matrix": [[54, 2], [12, 9]], "classification_report": {"0": {"precision": 0.8181818181818182, "recall": 0.9642857142857143, "f1-score": 0.8852459016393442, "support": 56.0}, "1": {"precision": 0.8181818181818182, "recall": 0.42857142857142855, "f1-score": 0.5625, "support": 21.0}, "accuracy": 0.8181818181818182, "macro avg": {"precision": 0.8181818181818182, "recall": 0.6964285714285714, "f1-score": 0.7238729508196722, "support": 77.0}, "weighted avg": {"precision": 0.8181818181818182, "recall": 0.8181818181818182, "f1-score": 0.7972242921013413, "support": 77.0}}, "train_rows": 438, "test_rows": 77, "source_features": 507, "model_input_features": [8], "elapsed_seconds": 9.53200000000652}
