Command: ["C:\\Users\\IHCK\\AppData\\Local\\Programs\\Python\\Python312\\python.exe", "-u", "C:\\Users\\IHCK\\Desktop\\1_10_69Final\\Hippocampal-Shape-Analysis-for-Epilepsy-Detection\\Model\\train_dataset_model.py", "--dataset", "coef_plsda", "--side", "right", "--model", "ResNetAE", "--kind", "coef", "--train-csv", "C:\\Users\\IHCK\\Desktop\\1_10_69Final\\Hippocampal-Shape-Analysis-for-Epilepsy-Detection\\Output_Dataset\\coef_plsda\\right\\train_prepared.csv", "--test-csv", "C:\\Users\\IHCK\\Desktop\\1_10_69Final\\Hippocampal-Shape-Analysis-for-Epilepsy-Detection\\Output_Dataset\\coef_plsda\\right\\test_prepared.csv", "--output-dir", "C:\\Users\\IHCK\\Desktop\\1_10_69Final\\Hippocampal-Shape-Analysis-for-Epilepsy-Detection\\Model_Results\\dataset_runs_20261003\\coef_plsda\\right\\ResNetAE", "--epochs", "80", "--pls-components", "8", "--seed", "42", "--threads", "2"]
dataset=coef_plsda side=right model=ResNetAE; train=438 test=77 features=507
Fixed settings. Full training fit; no cross-validation or test-based selection.
Device=cuda; epochs=80; batch=32; model=ResNetAutoencoder1D
epoch=1/80 loss=5.989011 seconds=0.45
epoch=2/80 loss=2.553487 seconds=0.06
epoch=3/80 loss=1.268581 seconds=0.08
epoch=4/80 loss=0.976977 seconds=0.08
epoch=5/80 loss=0.833536 seconds=0.06
epoch=6/80 loss=0.749529 seconds=0.08
epoch=7/80 loss=0.680095 seconds=0.08
epoch=8/80 loss=0.539580 seconds=0.06
epoch=9/80 loss=0.471714 seconds=0.08
epoch=10/80 loss=0.477826 seconds=0.08
epoch=11/80 loss=0.463617 seconds=0.06
epoch=12/80 loss=0.407035 seconds=0.08
epoch=13/80 loss=0.384336 seconds=0.06
epoch=14/80 loss=0.358789 seconds=0.08
epoch=15/80 loss=0.292785 seconds=0.06
epoch=16/80 loss=0.334335 seconds=0.08
epoch=17/80 loss=0.327754 seconds=0.06
epoch=18/80 loss=0.300456 seconds=0.09
epoch=19/80 loss=0.356604 seconds=0.06
epoch=20/80 loss=0.304844 seconds=0.08
epoch=21/80 loss=0.290956 seconds=0.06
epoch=22/80 loss=0.270181 seconds=0.08
epoch=23/80 loss=0.266921 seconds=0.08
epoch=24/80 loss=0.240128 seconds=0.09
epoch=25/80 loss=0.234325 seconds=0.08
epoch=26/80 loss=0.214975 seconds=0.08
epoch=27/80 loss=0.228067 seconds=0.08
epoch=28/80 loss=0.190294 seconds=0.08
epoch=29/80 loss=0.235698 seconds=0.09
epoch=30/80 loss=0.245490 seconds=0.08
epoch=31/80 loss=0.183173 seconds=0.09
epoch=32/80 loss=0.183248 seconds=0.08
epoch=33/80 loss=0.249464 seconds=0.06
epoch=34/80 loss=0.195171 seconds=0.06
epoch=35/80 loss=0.202162 seconds=0.08
epoch=36/80 loss=0.210559 seconds=0.06
epoch=37/80 loss=0.182198 seconds=0.08
epoch=38/80 loss=0.235141 seconds=0.08
epoch=39/80 loss=0.185089 seconds=0.06
epoch=40/80 loss=0.182474 seconds=0.08
epoch=41/80 loss=0.207152 seconds=0.08
epoch=42/80 loss=0.185550 seconds=0.08
epoch=43/80 loss=0.176045 seconds=0.09
epoch=44/80 loss=0.165029 seconds=0.08
epoch=45/80 loss=0.127028 seconds=0.08
epoch=46/80 loss=0.139482 seconds=0.08
epoch=47/80 loss=0.131127 seconds=0.08
epoch=48/80 loss=0.141313 seconds=0.09
epoch=49/80 loss=0.139107 seconds=0.08
epoch=50/80 loss=0.165055 seconds=0.08
epoch=51/80 loss=0.173392 seconds=0.08
epoch=52/80 loss=0.136777 seconds=0.09
epoch=53/80 loss=0.148844 seconds=0.08
epoch=54/80 loss=0.131680 seconds=0.08
epoch=55/80 loss=0.169685 seconds=0.08
epoch=56/80 loss=0.159064 seconds=0.08
epoch=57/80 loss=0.134235 seconds=0.08
epoch=58/80 loss=0.138436 seconds=0.09
epoch=59/80 loss=0.106264 seconds=0.06
epoch=60/80 loss=0.125531 seconds=0.06
epoch=61/80 loss=0.127801 seconds=0.08
epoch=62/80 loss=0.135631 seconds=0.06
epoch=63/80 loss=0.130101 seconds=0.08
epoch=64/80 loss=0.129997 seconds=0.06
epoch=65/80 loss=0.130210 seconds=0.08
epoch=66/80 loss=0.133424 seconds=0.06
epoch=67/80 loss=0.121085 seconds=0.06
epoch=68/80 loss=0.129663 seconds=0.06
epoch=69/80 loss=0.141335 seconds=0.08
epoch=70/80 loss=0.138547 seconds=0.06
epoch=71/80 loss=0.128280 seconds=0.08
epoch=72/80 loss=0.114117 seconds=0.06
epoch=73/80 loss=0.138205 seconds=0.06
epoch=74/80 loss=0.141837 seconds=0.08
epoch=75/80 loss=0.131930 seconds=0.08
epoch=76/80 loss=0.112242 seconds=0.08
epoch=77/80 loss=0.106695 seconds=0.06
epoch=78/80 loss=0.103683 seconds=0.08
epoch=79/80 loss=0.110835 seconds=0.08
epoch=80/80 loss=0.116302 seconds=0.06
{"accuracy": 0.8181818181818182, "balanced_accuracy": 0.7261904761904763, "sensitivity": 0.5238095238095238, "specificity": 0.9285714285714286, "f1_macro": 0.7462335216572504, "roc_auc": 0.8460884353741497, "confusion_matrix": [[52, 4], [10, 11]], "classification_report": {"0": {"precision": 0.8387096774193549, "recall": 0.9285714285714286, "f1-score": 0.8813559322033898, "support": 56.0}, "1": {"precision": 0.7333333333333333, "recall": 0.5238095238095238, "f1-score": 0.6111111111111112, "support": 21.0}, "accuracy": 0.8181818181818182, "macro avg": {"precision": 0.7860215053763441, "recall": 0.7261904761904763, "f1-score": 0.7462335216572504, "support": 77.0}, "weighted avg": {"precision": 0.8099706744868035, "recall": 0.8181818181818182, "f1-score": 0.8076527991782229, "support": 77.0}}, "train_rows": 438, "test_rows": 77, "source_features": 507, "model_input_features": [8], "elapsed_seconds": 9.295999999972992}
