Command: ["C:\\Users\\IHCK\\AppData\\Local\\Programs\\Python\\Python312\\python.exe", "-u", "C:\\Users\\IHCK\\Desktop\\1_10_69Final\\Hippocampal-Shape-Analysis-for-Epilepsy-Detection\\Model\\train_dataset_model.py", "--dataset", "coef_raw_balanced_jitter", "--side", "right", "--model", "SqueezeNet", "--kind", "coef", "--train-csv", "C:\\Users\\IHCK\\Desktop\\1_10_69Final\\Hippocampal-Shape-Analysis-for-Epilepsy-Detection\\Output_Dataset\\coef_raw_balanced_jitter\\right\\train_prepared.csv", "--test-csv", "C:\\Users\\IHCK\\Desktop\\1_10_69Final\\Hippocampal-Shape-Analysis-for-Epilepsy-Detection\\Output_Dataset\\coef_raw_balanced_jitter\\right\\test_prepared.csv", "--output-dir", "C:\\Users\\IHCK\\Desktop\\1_10_69Final\\Hippocampal-Shape-Analysis-for-Epilepsy-Detection\\Model_Results\\dataset_runs_20261003\\coef_raw_balanced_jitter\\right\\SqueezeNet", "--epochs", "80", "--pls-components", "8", "--seed", "42", "--threads", "2"]
dataset=coef_raw_balanced_jitter side=right model=SqueezeNet; train=438 test=77 features=507
Fixed settings. Full training fit; no cross-validation or test-based selection.
Device=cuda; epochs=80; batch=32; model=SqueezeNet1D
epoch=1/80 loss=0.693481 seconds=0.44
epoch=2/80 loss=0.680897 seconds=0.06
epoch=3/80 loss=0.617987 seconds=0.06
epoch=4/80 loss=0.401391 seconds=0.06
epoch=5/80 loss=0.231796 seconds=0.06
epoch=6/80 loss=0.162477 seconds=0.05
epoch=7/80 loss=0.133414 seconds=0.06
epoch=8/80 loss=0.121255 seconds=0.05
epoch=9/80 loss=0.114733 seconds=0.06
epoch=10/80 loss=0.114203 seconds=0.05
epoch=11/80 loss=0.093432 seconds=0.05
epoch=12/80 loss=0.085848 seconds=0.05
epoch=13/80 loss=0.079856 seconds=0.05
epoch=14/80 loss=0.079473 seconds=0.06
epoch=15/80 loss=0.067620 seconds=0.03
epoch=16/80 loss=0.068648 seconds=0.05
epoch=17/80 loss=0.060686 seconds=0.05
epoch=18/80 loss=0.064655 seconds=0.05
epoch=19/80 loss=0.101199 seconds=0.03
epoch=20/80 loss=0.069760 seconds=0.05
epoch=21/80 loss=0.057984 seconds=0.05
epoch=22/80 loss=0.063382 seconds=0.05
epoch=23/80 loss=0.061358 seconds=0.05
epoch=24/80 loss=0.045886 seconds=0.05
epoch=25/80 loss=0.043579 seconds=0.03
epoch=26/80 loss=0.037178 seconds=0.05
epoch=27/80 loss=0.040299 seconds=0.05
epoch=28/80 loss=0.044871 seconds=0.05
epoch=29/80 loss=0.037832 seconds=0.05
epoch=30/80 loss=0.047438 seconds=0.03
epoch=31/80 loss=0.052207 seconds=0.05
epoch=32/80 loss=0.036949 seconds=0.05
epoch=33/80 loss=0.038440 seconds=0.05
epoch=34/80 loss=0.034972 seconds=0.03
epoch=35/80 loss=0.034580 seconds=0.05
epoch=36/80 loss=0.034894 seconds=0.05
epoch=37/80 loss=0.032232 seconds=0.06
epoch=38/80 loss=0.026348 seconds=0.03
epoch=39/80 loss=0.026367 seconds=0.05
epoch=40/80 loss=0.029984 seconds=0.05
epoch=41/80 loss=0.025084 seconds=0.05
epoch=42/80 loss=0.022649 seconds=0.05
epoch=43/80 loss=0.023307 seconds=0.03
epoch=44/80 loss=0.022308 seconds=0.05
epoch=45/80 loss=0.030953 seconds=0.05
epoch=46/80 loss=0.061063 seconds=0.05
epoch=47/80 loss=0.043509 seconds=0.05
epoch=48/80 loss=0.055560 seconds=0.05
epoch=49/80 loss=0.027366 seconds=0.03
epoch=50/80 loss=0.023608 seconds=0.05
epoch=51/80 loss=0.030475 seconds=0.05
epoch=52/80 loss=0.022253 seconds=0.05
epoch=53/80 loss=0.016060 seconds=0.05
epoch=54/80 loss=0.016469 seconds=0.05
epoch=55/80 loss=0.016695 seconds=0.03
epoch=56/80 loss=0.016118 seconds=0.05
epoch=57/80 loss=0.019651 seconds=0.05
epoch=58/80 loss=0.019145 seconds=0.05
epoch=59/80 loss=0.018489 seconds=0.05
epoch=60/80 loss=0.012056 seconds=0.05
epoch=61/80 loss=0.011266 seconds=0.03
epoch=62/80 loss=0.017299 seconds=0.05
epoch=63/80 loss=0.010514 seconds=0.05
epoch=64/80 loss=0.012481 seconds=0.05
epoch=65/80 loss=0.010875 seconds=0.05
epoch=66/80 loss=0.009690 seconds=0.05
epoch=67/80 loss=0.020811 seconds=0.03
epoch=68/80 loss=0.009321 seconds=0.05
epoch=69/80 loss=0.022447 seconds=0.05
epoch=70/80 loss=0.014605 seconds=0.05
epoch=71/80 loss=0.004658 seconds=0.05
epoch=72/80 loss=0.008528 seconds=0.03
epoch=73/80 loss=0.015521 seconds=0.05
epoch=74/80 loss=0.005112 seconds=0.05
epoch=75/80 loss=0.005432 seconds=0.05
epoch=76/80 loss=0.007026 seconds=0.05
epoch=77/80 loss=0.004593 seconds=0.03
epoch=78/80 loss=0.005537 seconds=0.05
epoch=79/80 loss=0.012549 seconds=0.05
epoch=80/80 loss=0.010831 seconds=0.05
{"accuracy": 0.8311688311688312, "balanced_accuracy": 0.7648809523809523, "sensitivity": 0.6190476190476191, "specificity": 0.9107142857142857, "f1_macro": 0.7768115942028986, "roc_auc": 0.8295068027210885, "confusion_matrix": [[51, 5], [8, 13]], "classification_report": {"0": {"precision": 0.864406779661017, "recall": 0.9107142857142857, "f1-score": 0.8869565217391304, "support": 56.0}, "1": {"precision": 0.7222222222222222, "recall": 0.6190476190476191, "f1-score": 0.6666666666666666, "support": 21.0}, "accuracy": 0.8311688311688312, "macro avg": {"precision": 0.7933145009416196, "recall": 0.7648809523809523, "f1-score": 0.7768115942028986, "support": 77.0}, "weighted avg": {"precision": 0.8256291730868002, "recall": 0.8311688311688312, "f1-score": 0.8268774703557312, "support": 77.0}}, "train_rows": 438, "test_rows": 77, "source_features": 507, "model_input_features": [8], "elapsed_seconds": 6.98499999998603}
