Command: ["C:\\Users\\IHCK\\AppData\\Local\\Programs\\Python\\Python312\\python.exe", "-u", "C:\\Users\\IHCK\\Desktop\\1_10_69Final\\Hippocampal-Shape-Analysis-for-Epilepsy-Detection\\Model\\train_dataset_model.py", "--dataset", "coef_raw", "--side", "left", "--model", "ResNet", "--kind", "coef", "--train-csv", "C:\\Users\\IHCK\\Desktop\\1_10_69Final\\Hippocampal-Shape-Analysis-for-Epilepsy-Detection\\Output_Dataset\\coef_raw\\left\\train_prepared.csv", "--test-csv", "C:\\Users\\IHCK\\Desktop\\1_10_69Final\\Hippocampal-Shape-Analysis-for-Epilepsy-Detection\\Output_Dataset\\coef_raw\\left\\test_prepared.csv", "--output-dir", "C:\\Users\\IHCK\\Desktop\\1_10_69Final\\Hippocampal-Shape-Analysis-for-Epilepsy-Detection\\Model_Results\\dataset_runs_20261003\\coef_raw\\left\\ResNet", "--epochs", "80", "--pls-components", "8", "--seed", "42", "--threads", "2"]
dataset=coef_raw side=left model=ResNet; train=300 test=73 features=507
Fixed settings. Full training fit; no cross-validation or test-based selection.
Device=cuda; epochs=80; batch=32; model=ResNet1D
epoch=1/80 loss=0.397024 seconds=0.73
epoch=2/80 loss=0.132847 seconds=0.03
epoch=3/80 loss=0.054588 seconds=0.03
epoch=4/80 loss=0.060205 seconds=0.05
epoch=5/80 loss=0.035769 seconds=0.03
epoch=6/80 loss=0.040681 seconds=0.03
epoch=7/80 loss=0.033734 seconds=0.05
epoch=8/80 loss=0.024268 seconds=0.03
epoch=9/80 loss=0.065919 seconds=0.03
epoch=10/80 loss=0.036110 seconds=0.05
epoch=11/80 loss=0.017857 seconds=0.05
epoch=12/80 loss=0.020057 seconds=0.05
epoch=13/80 loss=0.014007 seconds=0.03
epoch=14/80 loss=0.021971 seconds=0.05
epoch=15/80 loss=0.029600 seconds=0.05
epoch=16/80 loss=0.013480 seconds=0.05
epoch=17/80 loss=0.013929 seconds=0.03
epoch=18/80 loss=0.059120 seconds=0.05
epoch=19/80 loss=0.033938 seconds=0.03
epoch=20/80 loss=0.016215 seconds=0.05
epoch=21/80 loss=0.013968 seconds=0.03
epoch=22/80 loss=0.048772 seconds=0.05
epoch=23/80 loss=0.052086 seconds=0.05
epoch=24/80 loss=0.019993 seconds=0.05
epoch=25/80 loss=0.012389 seconds=0.03
epoch=26/80 loss=0.036319 seconds=0.03
epoch=27/80 loss=0.040377 seconds=0.05
epoch=28/80 loss=0.013218 seconds=0.03
epoch=29/80 loss=0.005402 seconds=0.03
epoch=30/80 loss=0.004834 seconds=0.05
epoch=31/80 loss=0.005316 seconds=0.05
epoch=32/80 loss=0.035185 seconds=0.03
epoch=33/80 loss=0.052906 seconds=0.05
epoch=34/80 loss=0.012901 seconds=0.05
epoch=35/80 loss=0.026458 seconds=0.03
epoch=36/80 loss=0.003854 seconds=0.03
epoch=37/80 loss=0.024871 seconds=0.05
epoch=38/80 loss=0.016097 seconds=0.05
epoch=39/80 loss=0.004483 seconds=0.05
epoch=40/80 loss=0.031935 seconds=0.03
epoch=41/80 loss=0.013662 seconds=0.05
epoch=42/80 loss=0.038554 seconds=0.05
epoch=43/80 loss=0.007591 seconds=0.03
epoch=44/80 loss=0.011059 seconds=0.05
epoch=45/80 loss=0.001955 seconds=0.03
epoch=46/80 loss=0.002060 seconds=0.03
epoch=47/80 loss=0.002395 seconds=0.03
epoch=48/80 loss=0.014463 seconds=0.05
epoch=49/80 loss=0.037286 seconds=0.03
epoch=50/80 loss=0.008266 seconds=0.05
epoch=51/80 loss=0.009382 seconds=0.03
epoch=52/80 loss=0.023895 seconds=0.03
epoch=53/80 loss=0.031926 seconds=0.05
epoch=54/80 loss=0.043159 seconds=0.05
epoch=55/80 loss=0.011376 seconds=0.03
epoch=56/80 loss=0.006006 seconds=0.05
epoch=57/80 loss=0.003558 seconds=0.05
epoch=58/80 loss=0.019675 seconds=0.03
epoch=59/80 loss=0.043932 seconds=0.05
epoch=60/80 loss=0.044053 seconds=0.03
epoch=61/80 loss=0.027541 seconds=0.05
epoch=62/80 loss=0.023677 seconds=0.03
epoch=63/80 loss=0.089093 seconds=0.03
epoch=64/80 loss=0.016561 seconds=0.05
epoch=65/80 loss=0.019108 seconds=0.03
epoch=66/80 loss=0.019845 seconds=0.05
epoch=67/80 loss=0.027433 seconds=0.03
epoch=68/80 loss=0.018266 seconds=0.03
epoch=69/80 loss=0.032047 seconds=0.05
epoch=70/80 loss=0.010639 seconds=0.03
epoch=71/80 loss=0.008447 seconds=0.05
epoch=72/80 loss=0.006445 seconds=0.03
epoch=73/80 loss=0.004375 seconds=0.05
epoch=74/80 loss=0.003160 seconds=0.03
epoch=75/80 loss=0.002138 seconds=0.05
epoch=76/80 loss=0.002120 seconds=0.05
epoch=77/80 loss=0.001901 seconds=0.05
epoch=78/80 loss=0.001860 seconds=0.03
epoch=79/80 loss=0.002643 seconds=0.05
epoch=80/80 loss=0.001786 seconds=0.03
{"accuracy": 0.7671232876712328, "balanced_accuracy": 0.7504091653027822, "sensitivity": 0.6923076923076923, "specificity": 0.8085106382978723, "f1_macro": 0.7482247920470684, "roc_auc": 0.8371522094926351, "confusion_matrix": [[38, 9], [8, 18]], "classification_report": {"0": {"precision": 0.8260869565217391, "recall": 0.8085106382978723, "f1-score": 0.8172043010752689, "support": 47.0}, "1": {"precision": 0.6666666666666666, "recall": 0.6923076923076923, "f1-score": 0.6792452830188679, "support": 26.0}, "accuracy": 0.7671232876712328, "macro avg": {"precision": 0.7463768115942029, "recall": 0.7504091653027822, "f1-score": 0.7482247920470684, "support": 73.0}, "weighted avg": {"precision": 0.7693071272582888, "recall": 0.7671232876712328, "f1-score": 0.7680682124524412, "support": 73.0}}, "train_rows": 300, "test_rows": 73, "source_features": 507, "model_input_features": [8], "elapsed_seconds": 9.10999999998603}
