Command: ["C:\\Users\\IHCK\\AppData\\Local\\Programs\\Python\\Python312\\python.exe", "-u", "C:\\Users\\IHCK\\Desktop\\1_10_69Final\\Hippocampal-Shape-Analysis-for-Epilepsy-Detection\\Model\\train_dataset_model.py", "--dataset", "coef_raw", "--side", "right", "--model", "ResNet", "--kind", "coef", "--train-csv", "C:\\Users\\IHCK\\Desktop\\1_10_69Final\\Hippocampal-Shape-Analysis-for-Epilepsy-Detection\\Output_Dataset\\coef_raw\\right\\train_prepared.csv", "--test-csv", "C:\\Users\\IHCK\\Desktop\\1_10_69Final\\Hippocampal-Shape-Analysis-for-Epilepsy-Detection\\Output_Dataset\\coef_raw\\right\\test_prepared.csv", "--output-dir", "C:\\Users\\IHCK\\Desktop\\1_10_69Final\\Hippocampal-Shape-Analysis-for-Epilepsy-Detection\\Model_Results\\dataset_runs_20261003\\coef_raw\\right\\ResNet", "--epochs", "80", "--pls-components", "8", "--seed", "42", "--threads", "2"]
dataset=coef_raw side=right model=ResNet; train=300 test=77 features=507
Fixed settings. Full training fit; no cross-validation or test-based selection.
Device=cuda; epochs=80; batch=32; model=ResNet1D
epoch=1/80 loss=0.386069 seconds=0.38
epoch=2/80 loss=0.115266 seconds=0.05
epoch=3/80 loss=0.046360 seconds=0.05
epoch=4/80 loss=0.046071 seconds=0.05
epoch=5/80 loss=0.025779 seconds=0.03
epoch=6/80 loss=0.022261 seconds=0.05
epoch=7/80 loss=0.016582 seconds=0.05
epoch=8/80 loss=0.013316 seconds=0.03
epoch=9/80 loss=0.053617 seconds=0.05
epoch=10/80 loss=0.031956 seconds=0.03
epoch=11/80 loss=0.015377 seconds=0.05
epoch=12/80 loss=0.011813 seconds=0.05
epoch=13/80 loss=0.008186 seconds=0.03
epoch=14/80 loss=0.025157 seconds=0.05
epoch=15/80 loss=0.011075 seconds=0.05
epoch=16/80 loss=0.003378 seconds=0.03
epoch=17/80 loss=0.009039 seconds=0.05
epoch=18/80 loss=0.014463 seconds=0.05
epoch=19/80 loss=0.033499 seconds=0.05
epoch=20/80 loss=0.006764 seconds=0.03
epoch=21/80 loss=0.051798 seconds=0.05
epoch=22/80 loss=0.028299 seconds=0.05
epoch=23/80 loss=0.040499 seconds=0.03
epoch=24/80 loss=0.019911 seconds=0.05
epoch=25/80 loss=0.012199 seconds=0.03
epoch=26/80 loss=0.014487 seconds=0.05
epoch=27/80 loss=0.003478 seconds=0.05
epoch=28/80 loss=0.005225 seconds=0.03
epoch=29/80 loss=0.002276 seconds=0.05
epoch=30/80 loss=0.001903 seconds=0.05
epoch=31/80 loss=0.011381 seconds=0.05
epoch=32/80 loss=0.016313 seconds=0.05
epoch=33/80 loss=0.022094 seconds=0.03
epoch=34/80 loss=0.007739 seconds=0.05
epoch=35/80 loss=0.019866 seconds=0.05
epoch=36/80 loss=0.008059 seconds=0.05
epoch=37/80 loss=0.004447 seconds=0.03
epoch=38/80 loss=0.016884 seconds=0.05
epoch=39/80 loss=0.003721 seconds=0.05
epoch=40/80 loss=0.008500 seconds=0.03
epoch=41/80 loss=0.001665 seconds=0.05
epoch=42/80 loss=0.002535 seconds=0.05
epoch=43/80 loss=0.023556 seconds=0.03
epoch=44/80 loss=0.002156 seconds=0.05
epoch=45/80 loss=0.002514 seconds=0.03
epoch=46/80 loss=0.001042 seconds=0.03
epoch=47/80 loss=0.001201 seconds=0.05
epoch=48/80 loss=0.003487 seconds=0.05
epoch=49/80 loss=0.000953 seconds=0.03
epoch=50/80 loss=0.001224 seconds=0.05
epoch=51/80 loss=0.001360 seconds=0.03
epoch=52/80 loss=0.019823 seconds=0.05
epoch=53/80 loss=0.041975 seconds=0.03
epoch=54/80 loss=0.043681 seconds=0.05
epoch=55/80 loss=0.017473 seconds=0.03
epoch=56/80 loss=0.004104 seconds=0.06
epoch=57/80 loss=0.005709 seconds=0.05
epoch=58/80 loss=0.008607 seconds=0.03
epoch=59/80 loss=0.005637 seconds=0.05
epoch=60/80 loss=0.007544 seconds=0.05
epoch=61/80 loss=0.006695 seconds=0.05
epoch=62/80 loss=0.005041 seconds=0.03
epoch=63/80 loss=0.009112 seconds=0.05
epoch=64/80 loss=0.001648 seconds=0.03
epoch=65/80 loss=0.001415 seconds=0.03
epoch=66/80 loss=0.001099 seconds=0.05
epoch=67/80 loss=0.000482 seconds=0.05
epoch=68/80 loss=0.011202 seconds=0.03
epoch=69/80 loss=0.001086 seconds=0.05
epoch=70/80 loss=0.004835 seconds=0.03
epoch=71/80 loss=0.000532 seconds=0.05
epoch=72/80 loss=0.002316 seconds=0.03
epoch=73/80 loss=0.000751 seconds=0.05
epoch=74/80 loss=0.000385 seconds=0.03
epoch=75/80 loss=0.000354 seconds=0.05
epoch=76/80 loss=0.000433 seconds=0.03
epoch=77/80 loss=0.000331 seconds=0.05
epoch=78/80 loss=0.000395 seconds=0.05
epoch=79/80 loss=0.000322 seconds=0.03
epoch=80/80 loss=0.000347 seconds=0.05
{"accuracy": 0.8441558441558441, "balanced_accuracy": 0.7589285714285714, "sensitivity": 0.5714285714285714, "specificity": 0.9464285714285714, "f1_macro": 0.7824858757062148, "roc_auc": 0.842687074829932, "confusion_matrix": [[53, 3], [9, 12]], "classification_report": {"0": {"precision": 0.8548387096774194, "recall": 0.9464285714285714, "f1-score": 0.8983050847457628, "support": 56.0}, "1": {"precision": 0.8, "recall": 0.5714285714285714, "f1-score": 0.6666666666666666, "support": 21.0}, "accuracy": 0.8441558441558441, "macro avg": {"precision": 0.8274193548387097, "recall": 0.7589285714285714, "f1-score": 0.7824858757062148, "support": 77.0}, "weighted avg": {"precision": 0.839882697947214, "recall": 0.8441558441558441, "f1-score": 0.8351309707241911, "support": 77.0}}, "train_rows": 300, "test_rows": 77, "source_features": 507, "model_input_features": [8], "elapsed_seconds": 8.327999999979511}
