Command: ["C:\\Users\\IHCK\\AppData\\Local\\Programs\\Python\\Python312\\python.exe", "-u", "C:\\Users\\IHCK\\Desktop\\1_10_69Final\\Hippocampal-Shape-Analysis-for-Epilepsy-Detection\\Model\\train_dataset_model.py", "--dataset", "coef_raw", "--side", "left", "--model", "MLP", "--kind", "coef", "--train-csv", "C:\\Users\\IHCK\\Desktop\\1_10_69Final\\Hippocampal-Shape-Analysis-for-Epilepsy-Detection\\Output_Dataset\\coef_raw\\left\\train_prepared.csv", "--test-csv", "C:\\Users\\IHCK\\Desktop\\1_10_69Final\\Hippocampal-Shape-Analysis-for-Epilepsy-Detection\\Output_Dataset\\coef_raw\\left\\test_prepared.csv", "--output-dir", "C:\\Users\\IHCK\\Desktop\\1_10_69Final\\Hippocampal-Shape-Analysis-for-Epilepsy-Detection\\Model_Results\\dataset_runs_20261003\\coef_raw\\left\\MLP", "--epochs", "80", "--pls-components", "8", "--seed", "42", "--threads", "2"]
dataset=coef_raw side=left model=MLP; train=300 test=73 features=507
Fixed settings. Full training fit; no cross-validation or test-based selection.
Iteration 1, loss = 0.70509817
Iteration 2, loss = 0.57408302
Iteration 3, loss = 0.47151193
Iteration 4, loss = 0.39324275
Iteration 5, loss = 0.32895523
Iteration 6, loss = 0.27787616
Iteration 7, loss = 0.23635276
Iteration 8, loss = 0.20276531
Iteration 9, loss = 0.17445560
Iteration 10, loss = 0.15086138
Iteration 11, loss = 0.13078300
Iteration 12, loss = 0.11328137
Iteration 13, loss = 0.09916317
Iteration 14, loss = 0.08671753
Iteration 15, loss = 0.07587217
Iteration 16, loss = 0.06742386
Iteration 17, loss = 0.06046356
Iteration 18, loss = 0.05419878
Iteration 19, loss = 0.04911788
Iteration 20, loss = 0.04468917
Iteration 21, loss = 0.04083624
Iteration 22, loss = 0.03748313
Iteration 23, loss = 0.03447250
Iteration 24, loss = 0.03180556
Iteration 25, loss = 0.02948563
Iteration 26, loss = 0.02753313
Iteration 27, loss = 0.02573215
Iteration 28, loss = 0.02422129
Iteration 29, loss = 0.02277949
Iteration 30, loss = 0.02142599
Iteration 31, loss = 0.02034932
Iteration 32, loss = 0.01930164
Iteration 33, loss = 0.01841635
Iteration 34, loss = 0.01751480
Iteration 35, loss = 0.01676879
Iteration 36, loss = 0.01601188
Iteration 37, loss = 0.01545675
Iteration 38, loss = 0.01468039
Iteration 39, loss = 0.01420274
Iteration 40, loss = 0.01362521
Iteration 41, loss = 0.01310427
Iteration 42, loss = 0.01263601
Iteration 43, loss = 0.01218043
Iteration 44, loss = 0.01177797
Iteration 45, loss = 0.01134462
Iteration 46, loss = 0.01096875
Iteration 47, loss = 0.01067535
Iteration 48, loss = 0.01036902
Iteration 49, loss = 0.01009797
Iteration 50, loss = 0.00981042
Iteration 51, loss = 0.00948071
Iteration 52, loss = 0.00914571
Iteration 53, loss = 0.00895988
Iteration 54, loss = 0.00857917
Iteration 55, loss = 0.00837069
Iteration 56, loss = 0.00817347
Iteration 57, loss = 0.00797496
Iteration 58, loss = 0.00775015
Iteration 59, loss = 0.00753556
Iteration 60, loss = 0.00732195
Iteration 61, loss = 0.00706197
Iteration 62, loss = 0.00692479
Iteration 63, loss = 0.00678647
Iteration 64, loss = 0.00674641
Iteration 65, loss = 0.00664486
Iteration 66, loss = 0.00648701
Iteration 67, loss = 0.00629362
Iteration 68, loss = 0.00613583
Iteration 69, loss = 0.00596162
Iteration 70, loss = 0.00574353
Iteration 71, loss = 0.00557920
Iteration 72, loss = 0.00547452
Iteration 73, loss = 0.00535905
Iteration 74, loss = 0.00521763
Iteration 75, loss = 0.00507884
Iteration 76, loss = 0.00495099
Iteration 77, loss = 0.00486495
Iteration 78, loss = 0.00474524
Iteration 79, loss = 0.00468636
Iteration 80, loss = 0.00460863
Iteration 81, loss = 0.00451515
Iteration 82, loss = 0.00440446
Iteration 83, loss = 0.00431189
Iteration 84, loss = 0.00422756
Iteration 85, loss = 0.00416149
Iteration 86, loss = 0.00407829
Iteration 87, loss = 0.00401252
Iteration 88, loss = 0.00393829
Iteration 89, loss = 0.00384637
Iteration 90, loss = 0.00379345
Iteration 91, loss = 0.00370171
Iteration 92, loss = 0.00364923
Iteration 93, loss = 0.00357944
Training loss did not improve more than tol=0.000100 for 10 consecutive epochs. Stopping.
{"accuracy": 0.7397260273972602, "balanced_accuracy": 0.7377250409165302, "sensitivity": 0.7307692307692307, "specificity": 0.7446808510638298, "f1_macro": 0.7265917602996255, "roc_auc": 0.851063829787234, "confusion_matrix": [[35, 12], [7, 19]], "classification_report": {"0": {"precision": 0.8333333333333334, "recall": 0.7446808510638298, "f1-score": 0.7865168539325843, "support": 47.0}, "1": {"precision": 0.6129032258064516, "recall": 0.7307692307692307, "f1-score": 0.6666666666666666, "support": 26.0}, "accuracy": 0.7397260273972602, "macro avg": {"precision": 0.7231182795698925, "recall": 0.7377250409165302, "f1-score": 0.7265917602996255, "support": 73.0}, "weighted avg": {"precision": 0.7548239799675948, "recall": 0.7397260273972602, "f1-score": 0.7438304858652711, "support": 73.0}}, "train_rows": 300, "test_rows": 73, "source_features": 507, "model_input_features": [8], "elapsed_seconds": 0.10999999998603016}
