Command: ["C:\\Users\\IHCK\\AppData\\Local\\Programs\\Python\\Python312\\python.exe", "-u", "C:\\Users\\IHCK\\Desktop\\1_10_69Final\\Hippocampal-Shape-Analysis-for-Epilepsy-Detection\\Model\\train_dataset_model.py", "--dataset", "coef_plsda", "--side", "left", "--model", "SqueezeNet", "--kind", "coef", "--train-csv", "C:\\Users\\IHCK\\Desktop\\1_10_69Final\\Hippocampal-Shape-Analysis-for-Epilepsy-Detection\\Output_Dataset\\coef_plsda\\left\\train_prepared.csv", "--test-csv", "C:\\Users\\IHCK\\Desktop\\1_10_69Final\\Hippocampal-Shape-Analysis-for-Epilepsy-Detection\\Output_Dataset\\coef_plsda\\left\\test_prepared.csv", "--output-dir", "C:\\Users\\IHCK\\Desktop\\1_10_69Final\\Hippocampal-Shape-Analysis-for-Epilepsy-Detection\\Model_Results\\dataset_runs_20261003\\coef_plsda\\left\\SqueezeNet", "--epochs", "80", "--pls-components", "8", "--seed", "42", "--threads", "2"]
dataset=coef_plsda side=left model=SqueezeNet; train=384 test=73 features=507
Fixed settings. Full training fit; no cross-validation or test-based selection.
Device=cuda; epochs=80; batch=32; model=SqueezeNet1D
epoch=1/80 loss=0.691578 seconds=0.39
epoch=2/80 loss=0.680649 seconds=0.03
epoch=3/80 loss=0.618124 seconds=0.05
epoch=4/80 loss=0.436267 seconds=0.05
epoch=5/80 loss=0.212975 seconds=0.03
epoch=6/80 loss=0.104748 seconds=0.05
epoch=7/80 loss=0.095784 seconds=0.05
epoch=8/80 loss=0.061238 seconds=0.05
epoch=9/80 loss=0.072519 seconds=0.03
epoch=10/80 loss=0.052565 seconds=0.05
epoch=11/80 loss=0.064257 seconds=0.05
epoch=12/80 loss=0.065391 seconds=0.03
epoch=13/80 loss=0.070519 seconds=0.05
epoch=14/80 loss=0.050069 seconds=0.05
epoch=15/80 loss=0.067974 seconds=0.03
epoch=16/80 loss=0.052249 seconds=0.05
epoch=17/80 loss=0.065091 seconds=0.03
epoch=18/80 loss=0.051685 seconds=0.05
epoch=19/80 loss=0.048058 seconds=0.03
epoch=20/80 loss=0.044904 seconds=0.05
epoch=21/80 loss=0.054669 seconds=0.03
epoch=22/80 loss=0.051391 seconds=0.03
epoch=23/80 loss=0.046400 seconds=0.05
epoch=24/80 loss=0.047752 seconds=0.03
epoch=25/80 loss=0.062315 seconds=0.05
epoch=26/80 loss=0.090379 seconds=0.03
epoch=27/80 loss=0.070464 seconds=0.05
epoch=28/80 loss=0.074842 seconds=0.03
epoch=29/80 loss=0.054313 seconds=0.03
epoch=30/80 loss=0.048160 seconds=0.03
epoch=31/80 loss=0.038593 seconds=0.05
epoch=32/80 loss=0.043796 seconds=0.03
epoch=33/80 loss=0.052306 seconds=0.05
epoch=34/80 loss=0.044259 seconds=0.03
epoch=35/80 loss=0.040162 seconds=0.03
epoch=36/80 loss=0.030070 seconds=0.05
epoch=37/80 loss=0.031762 seconds=0.03
epoch=38/80 loss=0.037358 seconds=0.05
epoch=39/80 loss=0.035997 seconds=0.03
epoch=40/80 loss=0.027090 seconds=0.03
epoch=41/80 loss=0.033060 seconds=0.05
epoch=42/80 loss=0.031030 seconds=0.05
epoch=43/80 loss=0.033851 seconds=0.03
epoch=44/80 loss=0.038532 seconds=0.05
epoch=45/80 loss=0.027156 seconds=0.03
epoch=46/80 loss=0.025934 seconds=0.05
epoch=47/80 loss=0.034956 seconds=0.03
epoch=48/80 loss=0.040110 seconds=0.05
epoch=49/80 loss=0.033518 seconds=0.03
epoch=50/80 loss=0.032848 seconds=0.05
epoch=51/80 loss=0.034330 seconds=0.03
epoch=52/80 loss=0.026348 seconds=0.03
epoch=53/80 loss=0.020037 seconds=0.05
epoch=54/80 loss=0.027842 seconds=0.03
epoch=55/80 loss=0.027341 seconds=0.03
epoch=56/80 loss=0.021037 seconds=0.05
epoch=57/80 loss=0.021227 seconds=0.05
epoch=58/80 loss=0.020930 seconds=0.03
epoch=59/80 loss=0.031658 seconds=0.03
epoch=60/80 loss=0.033644 seconds=0.05
epoch=61/80 loss=0.020701 seconds=0.03
epoch=62/80 loss=0.024436 seconds=0.03
epoch=63/80 loss=0.019397 seconds=0.05
epoch=64/80 loss=0.028258 seconds=0.05
epoch=65/80 loss=0.045785 seconds=0.03
epoch=66/80 loss=0.040311 seconds=0.03
epoch=67/80 loss=0.038002 seconds=0.05
epoch=68/80 loss=0.021365 seconds=0.03
epoch=69/80 loss=0.024445 seconds=0.05
epoch=70/80 loss=0.022724 seconds=0.03
epoch=71/80 loss=0.020283 seconds=0.03
epoch=72/80 loss=0.027678 seconds=0.05
epoch=73/80 loss=0.019284 seconds=0.03
epoch=74/80 loss=0.010565 seconds=0.05
epoch=75/80 loss=0.012502 seconds=0.03
epoch=76/80 loss=0.015651 seconds=0.05
epoch=77/80 loss=0.012665 seconds=0.03
epoch=78/80 loss=0.020901 seconds=0.05
epoch=79/80 loss=0.011849 seconds=0.03
epoch=80/80 loss=0.011931 seconds=0.05
{"accuracy": 0.684931506849315, "balanced_accuracy": 0.6951718494271686, "sensitivity": 0.7307692307692307, "specificity": 0.6595744680851063, "f1_macro": 0.6761812921890067, "roc_auc": 0.8584288052373159, "confusion_matrix": [[31, 16], [7, 19]], "classification_report": {"0": {"precision": 0.8157894736842105, "recall": 0.6595744680851063, "f1-score": 0.7294117647058823, "support": 47.0}, "1": {"precision": 0.5428571428571428, "recall": 0.7307692307692307, "f1-score": 0.6229508196721312, "support": 26.0}, "accuracy": 0.684931506849315, "macro avg": {"precision": 0.6793233082706767, "recall": 0.6951718494271686, "f1-score": 0.6761812921890067, "support": 73.0}, "weighted avg": {"precision": 0.7185806983211454, "recall": 0.684931506849315, "f1-score": 0.6914941678445463, "support": 73.0}}, "train_rows": 384, "test_rows": 73, "source_features": 507, "model_input_features": [8], "elapsed_seconds": 6.39000000001397}
