Command: ["C:\\Users\\IHCK\\AppData\\Local\\Programs\\Python\\Python312\\python.exe", "-u", "C:\\Users\\IHCK\\Desktop\\1_10_69Final\\Hippocampal-Shape-Analysis-for-Epilepsy-Detection\\Model\\train_dataset_model.py", "--dataset", "coef_raw", "--side", "left", "--model", "MobileNet", "--kind", "coef", "--train-csv", "C:\\Users\\IHCK\\Desktop\\1_10_69Final\\Hippocampal-Shape-Analysis-for-Epilepsy-Detection\\Output_Dataset\\coef_raw\\left\\train_prepared.csv", "--test-csv", "C:\\Users\\IHCK\\Desktop\\1_10_69Final\\Hippocampal-Shape-Analysis-for-Epilepsy-Detection\\Output_Dataset\\coef_raw\\left\\test_prepared.csv", "--output-dir", "C:\\Users\\IHCK\\Desktop\\1_10_69Final\\Hippocampal-Shape-Analysis-for-Epilepsy-Detection\\Model_Results\\dataset_runs_20261003\\coef_raw\\left\\MobileNet", "--epochs", "80", "--pls-components", "8", "--seed", "42", "--threads", "2"]
dataset=coef_raw side=left model=MobileNet; train=300 test=73 features=507
Fixed settings. Full training fit; no cross-validation or test-based selection.
Device=cuda; epochs=80; batch=32; model=MobileNetV2_1D
epoch=1/80 loss=0.600043 seconds=0.47
epoch=2/80 loss=0.306465 seconds=0.06
epoch=3/80 loss=0.169710 seconds=0.08
epoch=4/80 loss=0.126813 seconds=0.06
epoch=5/80 loss=0.083640 seconds=0.08
epoch=6/80 loss=0.068729 seconds=0.06
epoch=7/80 loss=0.053294 seconds=0.06
epoch=8/80 loss=0.050107 seconds=0.06
epoch=9/80 loss=0.072659 seconds=0.08
epoch=10/80 loss=0.056158 seconds=0.06
epoch=11/80 loss=0.050763 seconds=0.08
epoch=12/80 loss=0.025765 seconds=0.06
epoch=13/80 loss=0.027508 seconds=0.08
epoch=14/80 loss=0.025657 seconds=0.06
epoch=15/80 loss=0.020155 seconds=0.06
epoch=16/80 loss=0.016727 seconds=0.05
epoch=17/80 loss=0.045360 seconds=0.08
epoch=18/80 loss=0.060520 seconds=0.06
epoch=19/80 loss=0.019822 seconds=0.06
epoch=20/80 loss=0.030141 seconds=0.06
epoch=21/80 loss=0.015105 seconds=0.06
epoch=22/80 loss=0.013070 seconds=0.06
epoch=23/80 loss=0.013949 seconds=0.06
epoch=24/80 loss=0.033566 seconds=0.06
epoch=25/80 loss=0.017873 seconds=0.06
epoch=26/80 loss=0.016093 seconds=0.06
epoch=27/80 loss=0.006099 seconds=0.06
epoch=28/80 loss=0.011539 seconds=0.06
epoch=29/80 loss=0.004168 seconds=0.06
epoch=30/80 loss=0.006244 seconds=0.06
epoch=31/80 loss=0.004997 seconds=0.08
epoch=32/80 loss=0.021874 seconds=0.06
epoch=33/80 loss=0.042032 seconds=0.06
epoch=34/80 loss=0.015687 seconds=0.05
epoch=35/80 loss=0.063287 seconds=0.06
epoch=36/80 loss=0.028179 seconds=0.06
epoch=37/80 loss=0.025325 seconds=0.06
epoch=38/80 loss=0.026565 seconds=0.06
epoch=39/80 loss=0.030250 seconds=0.08
epoch=40/80 loss=0.024680 seconds=0.06
epoch=41/80 loss=0.032851 seconds=0.06
epoch=42/80 loss=0.021904 seconds=0.05
epoch=43/80 loss=0.010300 seconds=0.06
epoch=44/80 loss=0.019061 seconds=0.06
epoch=45/80 loss=0.006344 seconds=0.06
epoch=46/80 loss=0.004348 seconds=0.06
epoch=47/80 loss=0.006854 seconds=0.06
epoch=48/80 loss=0.025268 seconds=0.06
epoch=49/80 loss=0.010017 seconds=0.06
epoch=50/80 loss=0.003835 seconds=0.05
epoch=51/80 loss=0.006568 seconds=0.06
epoch=52/80 loss=0.031016 seconds=0.06
epoch=53/80 loss=0.025072 seconds=0.06
epoch=54/80 loss=0.096866 seconds=0.06
epoch=55/80 loss=0.024038 seconds=0.06
epoch=56/80 loss=0.015294 seconds=0.06
epoch=57/80 loss=0.005328 seconds=0.06
epoch=58/80 loss=0.009058 seconds=0.06
epoch=59/80 loss=0.017555 seconds=0.06
epoch=60/80 loss=0.042672 seconds=0.06
epoch=61/80 loss=0.028920 seconds=0.06
epoch=62/80 loss=0.038780 seconds=0.06
epoch=63/80 loss=0.082993 seconds=0.06
epoch=64/80 loss=0.029648 seconds=0.06
epoch=65/80 loss=0.021256 seconds=0.06
epoch=66/80 loss=0.017169 seconds=0.06
epoch=67/80 loss=0.011563 seconds=0.06
epoch=68/80 loss=0.013626 seconds=0.06
epoch=69/80 loss=0.014324 seconds=0.08
epoch=70/80 loss=0.006555 seconds=0.06
epoch=71/80 loss=0.008311 seconds=0.06
epoch=72/80 loss=0.006349 seconds=0.06
epoch=73/80 loss=0.024475 seconds=0.06
epoch=74/80 loss=0.006013 seconds=0.06
epoch=75/80 loss=0.022959 seconds=0.06
epoch=76/80 loss=0.009405 seconds=0.06
epoch=77/80 loss=0.003227 seconds=0.06
epoch=78/80 loss=0.004147 seconds=0.06
epoch=79/80 loss=0.003148 seconds=0.05
epoch=80/80 loss=0.002146 seconds=0.06
{"accuracy": 0.7808219178082192, "balanced_accuracy": 0.7696399345335515, "sensitivity": 0.7307692307692307, "specificity": 0.8085106382978723, "f1_macro": 0.7648953301127215, "roc_auc": 0.8469721767594108, "confusion_matrix": [[38, 9], [7, 19]], "classification_report": {"0": {"precision": 0.8444444444444444, "recall": 0.8085106382978723, "f1-score": 0.8260869565217391, "support": 47.0}, "1": {"precision": 0.6785714285714286, "recall": 0.7307692307692307, "f1-score": 0.7037037037037037, "support": 26.0}, "accuracy": 0.7808219178082192, "macro avg": {"precision": 0.7615079365079365, "recall": 0.7696399345335515, "f1-score": 0.7648953301127215, "support": 73.0}, "weighted avg": {"precision": 0.785366383996521, "recall": 0.7808219178082192, "f1-score": 0.7824984007235348, "support": 73.0}}, "train_rows": 300, "test_rows": 73, "source_features": 507, "model_input_features": [8], "elapsed_seconds": 8.452999999979511}
