Command: ["C:\\Users\\IHCK\\AppData\\Local\\Programs\\Python\\Python312\\python.exe", "-u", "C:\\Users\\IHCK\\Desktop\\1_10_69Final\\Hippocampal-Shape-Analysis-for-Epilepsy-Detection\\Model\\train_dataset_model.py", "--dataset", "coef_raw", "--side", "right", "--model", "ResNetAE", "--kind", "coef", "--train-csv", "C:\\Users\\IHCK\\Desktop\\1_10_69Final\\Hippocampal-Shape-Analysis-for-Epilepsy-Detection\\Output_Dataset\\coef_raw\\right\\train_prepared.csv", "--test-csv", "C:\\Users\\IHCK\\Desktop\\1_10_69Final\\Hippocampal-Shape-Analysis-for-Epilepsy-Detection\\Output_Dataset\\coef_raw\\right\\test_prepared.csv", "--output-dir", "C:\\Users\\IHCK\\Desktop\\1_10_69Final\\Hippocampal-Shape-Analysis-for-Epilepsy-Detection\\Model_Results\\dataset_runs_20261003\\coef_raw\\right\\ResNetAE", "--epochs", "80", "--pls-components", "8", "--seed", "42", "--threads", "2"]
dataset=coef_raw side=right model=ResNetAE; train=300 test=77 features=507
Fixed settings. Full training fit; no cross-validation or test-based selection.
Device=cuda; epochs=80; batch=32; model=ResNetAutoencoder1D
epoch=1/80 loss=5.730154 seconds=0.44
epoch=2/80 loss=2.954099 seconds=0.05
epoch=3/80 loss=1.706151 seconds=0.05
epoch=4/80 loss=1.280970 seconds=0.05
epoch=5/80 loss=1.005495 seconds=0.06
epoch=6/80 loss=0.759582 seconds=0.05
epoch=7/80 loss=0.794060 seconds=0.05
epoch=8/80 loss=0.670065 seconds=0.05
epoch=9/80 loss=0.616032 seconds=0.06
epoch=10/80 loss=0.601985 seconds=0.05
epoch=11/80 loss=0.500926 seconds=0.05
epoch=12/80 loss=0.447315 seconds=0.05
epoch=13/80 loss=0.436633 seconds=0.06
epoch=14/80 loss=0.469506 seconds=0.05
epoch=15/80 loss=0.363563 seconds=0.05
epoch=16/80 loss=0.299652 seconds=0.06
epoch=17/80 loss=0.352139 seconds=0.05
epoch=18/80 loss=0.376895 seconds=0.05
epoch=19/80 loss=0.369578 seconds=0.05
epoch=20/80 loss=0.346266 seconds=0.05
epoch=21/80 loss=0.350135 seconds=0.06
epoch=22/80 loss=0.307963 seconds=0.05
epoch=23/80 loss=0.278696 seconds=0.05
epoch=24/80 loss=0.263346 seconds=0.05
epoch=25/80 loss=0.287010 seconds=0.05
epoch=26/80 loss=0.241890 seconds=0.06
epoch=27/80 loss=0.286701 seconds=0.05
epoch=28/80 loss=0.301470 seconds=0.05
epoch=29/80 loss=0.214077 seconds=0.05
epoch=30/80 loss=0.235991 seconds=0.05
epoch=31/80 loss=0.223982 seconds=0.05
epoch=32/80 loss=0.236202 seconds=0.05
epoch=33/80 loss=0.256426 seconds=0.03
epoch=34/80 loss=0.226743 seconds=0.06
epoch=35/80 loss=0.247145 seconds=0.05
epoch=36/80 loss=0.203821 seconds=0.05
epoch=37/80 loss=0.229063 seconds=0.05
epoch=38/80 loss=0.230920 seconds=0.06
epoch=39/80 loss=0.200022 seconds=0.03
epoch=40/80 loss=0.202763 seconds=0.05
epoch=41/80 loss=0.194723 seconds=0.05
epoch=42/80 loss=0.156224 seconds=0.05
epoch=43/80 loss=0.210330 seconds=0.05
epoch=44/80 loss=0.190101 seconds=0.05
epoch=45/80 loss=0.214366 seconds=0.05
epoch=46/80 loss=0.198424 seconds=0.05
epoch=47/80 loss=0.167233 seconds=0.05
epoch=48/80 loss=0.221124 seconds=0.05
epoch=49/80 loss=0.213148 seconds=0.05
epoch=50/80 loss=0.176260 seconds=0.03
epoch=51/80 loss=0.195486 seconds=0.05
epoch=52/80 loss=0.168335 seconds=0.05
epoch=53/80 loss=0.165298 seconds=0.05
epoch=54/80 loss=0.190542 seconds=0.05
epoch=55/80 loss=0.184031 seconds=0.05
epoch=56/80 loss=0.173732 seconds=0.05
epoch=57/80 loss=0.129320 seconds=0.03
epoch=58/80 loss=0.152961 seconds=0.05
epoch=59/80 loss=0.169074 seconds=0.05
epoch=60/80 loss=0.187699 seconds=0.05
epoch=61/80 loss=0.166266 seconds=0.05
epoch=62/80 loss=0.144072 seconds=0.05
epoch=63/80 loss=0.151811 seconds=0.05
epoch=64/80 loss=0.125657 seconds=0.03
epoch=65/80 loss=0.134115 seconds=0.05
epoch=66/80 loss=0.142140 seconds=0.05
epoch=67/80 loss=0.117240 seconds=0.05
epoch=68/80 loss=0.136617 seconds=0.05
epoch=69/80 loss=0.109234 seconds=0.03
epoch=70/80 loss=0.118605 seconds=0.03
epoch=71/80 loss=0.141569 seconds=0.05
epoch=72/80 loss=0.137961 seconds=0.05
epoch=73/80 loss=0.131338 seconds=0.05
epoch=74/80 loss=0.135438 seconds=0.05
epoch=75/80 loss=0.156151 seconds=0.05
epoch=76/80 loss=0.140331 seconds=0.05
epoch=77/80 loss=0.118406 seconds=0.05
epoch=78/80 loss=0.132047 seconds=0.05
epoch=79/80 loss=0.116063 seconds=0.05
epoch=80/80 loss=0.117372 seconds=0.05
{"accuracy": 0.8441558441558441, "balanced_accuracy": 0.7589285714285714, "sensitivity": 0.5714285714285714, "specificity": 0.9464285714285714, "f1_macro": 0.7824858757062148, "roc_auc": 0.8588435374149661, "confusion_matrix": [[53, 3], [9, 12]], "classification_report": {"0": {"precision": 0.8548387096774194, "recall": 0.9464285714285714, "f1-score": 0.8983050847457628, "support": 56.0}, "1": {"precision": 0.8, "recall": 0.5714285714285714, "f1-score": 0.6666666666666666, "support": 21.0}, "accuracy": 0.8441558441558441, "macro avg": {"precision": 0.8274193548387097, "recall": 0.7589285714285714, "f1-score": 0.7824858757062148, "support": 77.0}, "weighted avg": {"precision": 0.839882697947214, "recall": 0.8441558441558441, "f1-score": 0.8351309707241911, "support": 77.0}}, "train_rows": 300, "test_rows": 77, "source_features": 507, "model_input_features": [8], "elapsed_seconds": 7.140999999945052}
