Command: ["C:\\Users\\IHCK\\AppData\\Local\\Programs\\Python\\Python312\\python.exe", "-u", "C:\\Users\\IHCK\\Desktop\\1_10_69Final\\Hippocampal-Shape-Analysis-for-Epilepsy-Detection\\Model\\train_dataset_model.py", "--dataset", "coef_plsda", "--side", "left", "--model", "ResNetAE", "--kind", "coef", "--train-csv", "C:\\Users\\IHCK\\Desktop\\1_10_69Final\\Hippocampal-Shape-Analysis-for-Epilepsy-Detection\\Output_Dataset\\coef_plsda\\left\\train_prepared.csv", "--test-csv", "C:\\Users\\IHCK\\Desktop\\1_10_69Final\\Hippocampal-Shape-Analysis-for-Epilepsy-Detection\\Output_Dataset\\coef_plsda\\left\\test_prepared.csv", "--output-dir", "C:\\Users\\IHCK\\Desktop\\1_10_69Final\\Hippocampal-Shape-Analysis-for-Epilepsy-Detection\\Model_Results\\dataset_runs_20261003\\coef_plsda\\left\\ResNetAE", "--epochs", "80", "--pls-components", "8", "--seed", "42", "--threads", "2"]
dataset=coef_plsda side=left model=ResNetAE; train=384 test=73 features=507
Fixed settings. Full training fit; no cross-validation or test-based selection.
Device=cuda; epochs=80; batch=32; model=ResNetAutoencoder1D
epoch=1/80 loss=5.837726 seconds=0.42
epoch=2/80 loss=2.469362 seconds=0.06
epoch=3/80 loss=1.326449 seconds=0.08
epoch=4/80 loss=1.032741 seconds=0.05
epoch=5/80 loss=0.814322 seconds=0.06
epoch=6/80 loss=0.722728 seconds=0.05
epoch=7/80 loss=0.625888 seconds=0.06
epoch=8/80 loss=0.641166 seconds=0.06
epoch=9/80 loss=0.492284 seconds=0.06
epoch=10/80 loss=0.455690 seconds=0.06
epoch=11/80 loss=0.407409 seconds=0.06
epoch=12/80 loss=0.361571 seconds=0.06
epoch=13/80 loss=0.405434 seconds=0.05
epoch=14/80 loss=0.392230 seconds=0.06
epoch=15/80 loss=0.318519 seconds=0.05
epoch=16/80 loss=0.278926 seconds=0.06
epoch=17/80 loss=0.306130 seconds=0.05
epoch=18/80 loss=0.321007 seconds=0.06
epoch=19/80 loss=0.332098 seconds=0.05
epoch=20/80 loss=0.359096 seconds=0.06
epoch=21/80 loss=0.254442 seconds=0.05
epoch=22/80 loss=0.263313 seconds=0.06
epoch=23/80 loss=0.339616 seconds=0.06
epoch=24/80 loss=0.307813 seconds=0.05
epoch=25/80 loss=0.287490 seconds=0.05
epoch=26/80 loss=0.230824 seconds=0.06
epoch=27/80 loss=0.254292 seconds=0.06
epoch=28/80 loss=0.231385 seconds=0.06
epoch=29/80 loss=0.214817 seconds=0.05
epoch=30/80 loss=0.257751 seconds=0.06
epoch=31/80 loss=0.231480 seconds=0.06
epoch=32/80 loss=0.263107 seconds=0.06
epoch=33/80 loss=0.232513 seconds=0.05
epoch=34/80 loss=0.237462 seconds=0.06
epoch=35/80 loss=0.239217 seconds=0.05
epoch=36/80 loss=0.179100 seconds=0.06
epoch=37/80 loss=0.180786 seconds=0.05
epoch=38/80 loss=0.210893 seconds=0.06
epoch=39/80 loss=0.180651 seconds=0.06
epoch=40/80 loss=0.175861 seconds=0.05
epoch=41/80 loss=0.214255 seconds=0.06
epoch=42/80 loss=0.167725 seconds=0.06
epoch=43/80 loss=0.167879 seconds=0.05
epoch=44/80 loss=0.169080 seconds=0.06
epoch=45/80 loss=0.191480 seconds=0.06
epoch=46/80 loss=0.162438 seconds=0.05
epoch=47/80 loss=0.163083 seconds=0.05
epoch=48/80 loss=0.180763 seconds=0.06
epoch=49/80 loss=0.172627 seconds=0.05
epoch=50/80 loss=0.173041 seconds=0.06
epoch=51/80 loss=0.160819 seconds=0.06
epoch=52/80 loss=0.162720 seconds=0.05
epoch=53/80 loss=0.144379 seconds=0.06
epoch=54/80 loss=0.154081 seconds=0.06
epoch=55/80 loss=0.113163 seconds=0.05
epoch=56/80 loss=0.124573 seconds=0.06
epoch=57/80 loss=0.150174 seconds=0.05
epoch=58/80 loss=0.135607 seconds=0.06
epoch=59/80 loss=0.171556 seconds=0.06
epoch=60/80 loss=0.160406 seconds=0.05
epoch=61/80 loss=0.146131 seconds=0.06
epoch=62/80 loss=0.148162 seconds=0.05
epoch=63/80 loss=0.136193 seconds=0.06
epoch=64/80 loss=0.140178 seconds=0.05
epoch=65/80 loss=0.134831 seconds=0.06
epoch=66/80 loss=0.157320 seconds=0.06
epoch=67/80 loss=0.136154 seconds=0.06
epoch=68/80 loss=0.146401 seconds=0.06
epoch=69/80 loss=0.160085 seconds=0.06
epoch=70/80 loss=0.128133 seconds=0.05
epoch=71/80 loss=0.108431 seconds=0.06
epoch=72/80 loss=0.111664 seconds=0.08
epoch=73/80 loss=0.109317 seconds=0.05
epoch=74/80 loss=0.136747 seconds=0.06
epoch=75/80 loss=0.092985 seconds=0.08
epoch=76/80 loss=0.114506 seconds=0.06
epoch=77/80 loss=0.097253 seconds=0.06
epoch=78/80 loss=0.115673 seconds=0.06
epoch=79/80 loss=0.100931 seconds=0.05
epoch=80/80 loss=0.114411 seconds=0.06
{"accuracy": 0.7671232876712328, "balanced_accuracy": 0.7418166939443536, "sensitivity": 0.6538461538461539, "specificity": 0.8297872340425532, "f1_macro": 0.743859649122807, "roc_auc": 0.8584288052373159, "confusion_matrix": [[39, 8], [9, 17]], "classification_report": {"0": {"precision": 0.8125, "recall": 0.8297872340425532, "f1-score": 0.8210526315789474, "support": 47.0}, "1": {"precision": 0.68, "recall": 0.6538461538461539, "f1-score": 0.6666666666666666, "support": 26.0}, "accuracy": 0.7671232876712328, "macro avg": {"precision": 0.7462500000000001, "recall": 0.7418166939443536, "f1-score": 0.743859649122807, "support": 73.0}, "weighted avg": {"precision": 0.7653082191780822, "recall": 0.7671232876712328, "f1-score": 0.7660658495553954, "support": 73.0}}, "train_rows": 384, "test_rows": 73, "source_features": 507, "model_input_features": [8], "elapsed_seconds": 8.125}
