Command: ["C:\\Users\\IHCK\\AppData\\Local\\Programs\\Python\\Python312\\python.exe", "-u", "C:\\Users\\IHCK\\Desktop\\1_10_69Final\\Hippocampal-Shape-Analysis-for-Epilepsy-Detection\\Model\\train_dataset_model.py", "--dataset", "coef_plsda", "--side", "right", "--model", "ResNet", "--kind", "coef", "--train-csv", "C:\\Users\\IHCK\\Desktop\\1_10_69Final\\Hippocampal-Shape-Analysis-for-Epilepsy-Detection\\Output_Dataset\\coef_plsda\\right\\train_prepared.csv", "--test-csv", "C:\\Users\\IHCK\\Desktop\\1_10_69Final\\Hippocampal-Shape-Analysis-for-Epilepsy-Detection\\Output_Dataset\\coef_plsda\\right\\test_prepared.csv", "--output-dir", "C:\\Users\\IHCK\\Desktop\\1_10_69Final\\Hippocampal-Shape-Analysis-for-Epilepsy-Detection\\Model_Results\\dataset_runs_20261003\\coef_plsda\\right\\ResNet", "--epochs", "80", "--pls-components", "8", "--seed", "42", "--threads", "2"]
dataset=coef_plsda side=right model=ResNet; train=438 test=77 features=507
Fixed settings. Full training fit; no cross-validation or test-based selection.
Device=cuda; epochs=80; batch=32; model=ResNet1D
epoch=1/80 loss=0.208347 seconds=0.41
epoch=2/80 loss=0.049143 seconds=0.05
epoch=3/80 loss=0.019769 seconds=0.06
epoch=4/80 loss=0.026780 seconds=0.06
epoch=5/80 loss=0.022544 seconds=0.06
epoch=6/80 loss=0.009734 seconds=0.05
epoch=7/80 loss=0.015785 seconds=0.06
epoch=8/80 loss=0.007929 seconds=0.06
epoch=9/80 loss=0.006873 seconds=0.06
epoch=10/80 loss=0.004771 seconds=0.05
epoch=11/80 loss=0.003626 seconds=0.06
epoch=12/80 loss=0.015497 seconds=0.06
epoch=13/80 loss=0.038142 seconds=0.06
epoch=14/80 loss=0.030329 seconds=0.06
epoch=15/80 loss=0.029786 seconds=0.06
epoch=16/80 loss=0.013947 seconds=0.06
epoch=17/80 loss=0.029163 seconds=0.06
epoch=18/80 loss=0.025235 seconds=0.06
epoch=19/80 loss=0.020010 seconds=0.06
epoch=20/80 loss=0.010458 seconds=0.06
epoch=21/80 loss=0.012593 seconds=0.08
epoch=22/80 loss=0.002947 seconds=0.06
epoch=23/80 loss=0.016723 seconds=0.06
epoch=24/80 loss=0.008548 seconds=0.06
epoch=25/80 loss=0.003066 seconds=0.06
epoch=26/80 loss=0.002593 seconds=0.08
epoch=27/80 loss=0.001248 seconds=0.06
epoch=28/80 loss=0.003882 seconds=0.06
epoch=29/80 loss=0.001853 seconds=0.06
epoch=30/80 loss=0.001272 seconds=0.06
epoch=31/80 loss=0.000600 seconds=0.06
epoch=32/80 loss=0.001384 seconds=0.08
epoch=33/80 loss=0.001628 seconds=0.06
epoch=34/80 loss=0.000999 seconds=0.06
epoch=35/80 loss=0.000525 seconds=0.05
epoch=36/80 loss=0.001171 seconds=0.06
epoch=37/80 loss=0.000604 seconds=0.06
epoch=38/80 loss=0.016929 seconds=0.06
epoch=39/80 loss=0.009974 seconds=0.06
epoch=40/80 loss=0.001273 seconds=0.06
epoch=41/80 loss=0.003654 seconds=0.06
epoch=42/80 loss=0.025802 seconds=0.06
epoch=43/80 loss=0.006662 seconds=0.05
epoch=44/80 loss=0.002963 seconds=0.08
epoch=45/80 loss=0.000546 seconds=0.06
epoch=46/80 loss=0.001142 seconds=0.06
epoch=47/80 loss=0.000469 seconds=0.06
epoch=48/80 loss=0.000413 seconds=0.06
epoch=49/80 loss=0.000266 seconds=0.06
epoch=50/80 loss=0.005419 seconds=0.08
epoch=51/80 loss=0.001951 seconds=0.08
epoch=52/80 loss=0.000478 seconds=0.06
epoch=53/80 loss=0.000666 seconds=0.06
epoch=54/80 loss=0.000473 seconds=0.05
epoch=55/80 loss=0.000298 seconds=0.06
epoch=56/80 loss=0.000274 seconds=0.05
epoch=57/80 loss=0.000215 seconds=0.06
epoch=58/80 loss=0.002660 seconds=0.06
epoch=59/80 loss=0.000242 seconds=0.05
epoch=60/80 loss=0.000553 seconds=0.06
epoch=61/80 loss=0.000527 seconds=0.05
epoch=62/80 loss=0.000219 seconds=0.06
epoch=63/80 loss=0.000151 seconds=0.05
epoch=64/80 loss=0.000130 seconds=0.06
epoch=65/80 loss=0.001020 seconds=0.05
epoch=66/80 loss=0.000274 seconds=0.06
epoch=67/80 loss=0.000200 seconds=0.06
epoch=68/80 loss=0.000309 seconds=0.08
epoch=69/80 loss=0.000329 seconds=0.06
epoch=70/80 loss=0.000295 seconds=0.05
epoch=71/80 loss=0.000286 seconds=0.06
epoch=72/80 loss=0.000115 seconds=0.05
epoch=73/80 loss=0.000160 seconds=0.06
epoch=74/80 loss=0.012066 seconds=0.05
epoch=75/80 loss=0.008795 seconds=0.06
epoch=76/80 loss=0.025113 seconds=0.06
epoch=77/80 loss=0.015590 seconds=0.08
epoch=78/80 loss=0.016672 seconds=0.06
epoch=79/80 loss=0.009951 seconds=0.06
epoch=80/80 loss=0.014304 seconds=0.06
{"accuracy": 0.8311688311688312, "balanced_accuracy": 0.7202380952380952, "sensitivity": 0.47619047619047616, "specificity": 0.9642857142857143, "f1_macro": 0.7493112947658402, "roc_auc": 0.7993197278911565, "confusion_matrix": [[54, 2], [11, 10]], "classification_report": {"0": {"precision": 0.8307692307692308, "recall": 0.9642857142857143, "f1-score": 0.8925619834710744, "support": 56.0}, "1": {"precision": 0.8333333333333334, "recall": 0.47619047619047616, "f1-score": 0.6060606060606061, "support": 21.0}, "accuracy": 0.8311688311688312, "macro avg": {"precision": 0.8320512820512821, "recall": 0.7202380952380952, "f1-score": 0.7493112947658402, "support": 77.0}, "weighted avg": {"precision": 0.8314685314685315, "recall": 0.8311688311688312, "f1-score": 0.8144252441773103, "support": 77.0}}, "train_rows": 438, "test_rows": 77, "source_features": 507, "model_input_features": [8], "elapsed_seconds": 8.203000000095926}
