Command: ["C:\\Users\\IHCK\\AppData\\Local\\Programs\\Python\\Python312\\python.exe", "-u", "C:\\Users\\IHCK\\Desktop\\1_10_69Final\\Hippocampal-Shape-Analysis-for-Epilepsy-Detection\\Model\\train_dataset_model.py", "--dataset", "coef_raw_balanced_jitter", "--side", "right", "--model", "MLP", "--kind", "coef", "--train-csv", "C:\\Users\\IHCK\\Desktop\\1_10_69Final\\Hippocampal-Shape-Analysis-for-Epilepsy-Detection\\Output_Dataset\\coef_raw_balanced_jitter\\right\\train_prepared.csv", "--test-csv", "C:\\Users\\IHCK\\Desktop\\1_10_69Final\\Hippocampal-Shape-Analysis-for-Epilepsy-Detection\\Output_Dataset\\coef_raw_balanced_jitter\\right\\test_prepared.csv", "--output-dir", "C:\\Users\\IHCK\\Desktop\\1_10_69Final\\Hippocampal-Shape-Analysis-for-Epilepsy-Detection\\Model_Results\\dataset_runs_20261003\\coef_raw_balanced_jitter\\right\\MLP", "--epochs", "80", "--pls-components", "8", "--seed", "42", "--threads", "2"]
dataset=coef_raw_balanced_jitter side=right model=MLP; train=438 test=77 features=507
Fixed settings. Full training fit; no cross-validation or test-based selection.
Iteration 1, loss = 0.65738870
Iteration 2, loss = 0.47545283
Iteration 3, loss = 0.35380330
Iteration 4, loss = 0.26634090
Iteration 5, loss = 0.20312972
Iteration 6, loss = 0.15583605
Iteration 7, loss = 0.12069677
Iteration 8, loss = 0.09386875
Iteration 9, loss = 0.07307968
Iteration 10, loss = 0.05767177
Iteration 11, loss = 0.04605066
Iteration 12, loss = 0.03714772
Iteration 13, loss = 0.03036847
Iteration 14, loss = 0.02488715
Iteration 15, loss = 0.02083977
Iteration 16, loss = 0.01779718
Iteration 17, loss = 0.01519789
Iteration 18, loss = 0.01320591
Iteration 19, loss = 0.01161252
Iteration 20, loss = 0.01028379
Iteration 21, loss = 0.00925558
Iteration 22, loss = 0.00828782
Iteration 23, loss = 0.00750438
Iteration 24, loss = 0.00690195
Iteration 25, loss = 0.00637526
Iteration 26, loss = 0.00590942
Iteration 27, loss = 0.00547609
Iteration 28, loss = 0.00510435
Iteration 29, loss = 0.00478083
Iteration 30, loss = 0.00448569
Iteration 31, loss = 0.00422749
Iteration 32, loss = 0.00399070
Iteration 33, loss = 0.00377903
Iteration 34, loss = 0.00358348
Iteration 35, loss = 0.00341684
Iteration 36, loss = 0.00325972
Iteration 37, loss = 0.00311303
Iteration 38, loss = 0.00296082
Iteration 39, loss = 0.00281793
Iteration 40, loss = 0.00269704
Iteration 41, loss = 0.00257383
Iteration 42, loss = 0.00246752
Iteration 43, loss = 0.00236909
Iteration 44, loss = 0.00227875
Iteration 45, loss = 0.00219270
Iteration 46, loss = 0.00210808
Iteration 47, loss = 0.00203285
Iteration 48, loss = 0.00196312
Iteration 49, loss = 0.00190033
Iteration 50, loss = 0.00184193
Iteration 51, loss = 0.00178983
Iteration 52, loss = 0.00173758
Iteration 53, loss = 0.00168833
Training loss did not improve more than tol=0.000100 for 10 consecutive epochs. Stopping.
{"accuracy": 0.8181818181818182, "balanced_accuracy": 0.6964285714285714, "sensitivity": 0.42857142857142855, "specificity": 0.9642857142857143, "f1_macro": 0.7238729508196722, "roc_auc": 0.8375850340136054, "confusion_matrix": [[54, 2], [12, 9]], "classification_report": {"0": {"precision": 0.8181818181818182, "recall": 0.9642857142857143, "f1-score": 0.8852459016393442, "support": 56.0}, "1": {"precision": 0.8181818181818182, "recall": 0.42857142857142855, "f1-score": 0.5625, "support": 21.0}, "accuracy": 0.8181818181818182, "macro avg": {"precision": 0.8181818181818182, "recall": 0.6964285714285714, "f1-score": 0.7238729508196722, "support": 77.0}, "weighted avg": {"precision": 0.8181818181818182, "recall": 0.8181818181818182, "f1-score": 0.7972242921013413, "support": 77.0}}, "train_rows": 438, "test_rows": 77, "source_features": 507, "model_input_features": [8], "elapsed_seconds": 0.10900000005494803}
