Command: ["C:\\Users\\IHCK\\AppData\\Local\\Programs\\Python\\Python312\\python.exe", "-u", "C:\\Users\\IHCK\\Desktop\\1_10_69Final\\Hippocampal-Shape-Analysis-for-Epilepsy-Detection\\Model\\train_dataset_model.py", "--dataset", "plsda_latent_features", "--side", "left", "--model", "ResNetAE", "--kind", "latent", "--train-csv", "C:\\Users\\IHCK\\Desktop\\1_10_69Final\\Hippocampal-Shape-Analysis-for-Epilepsy-Detection\\Output_Dataset\\plsda_latent_features\\left\\train_plsda_latent_features.csv", "--test-csv", "C:\\Users\\IHCK\\Desktop\\1_10_69Final\\Hippocampal-Shape-Analysis-for-Epilepsy-Detection\\Output_Dataset\\plsda_latent_features\\left\\test_plsda_latent_features.csv", "--output-dir", "C:\\Users\\IHCK\\Desktop\\1_10_69Final\\Hippocampal-Shape-Analysis-for-Epilepsy-Detection\\Model_Results\\dataset_runs_20261003\\plsda_latent_features\\left\\ResNetAE", "--epochs", "80", "--pls-components", "8", "--seed", "42", "--threads", "2"]
dataset=plsda_latent_features side=left model=ResNetAE; train=300 test=73 features=8
Fixed settings. Full training fit; no cross-validation or test-based selection.
Device=cuda; epochs=80; batch=32; model=ResNetAutoencoder1D
epoch=1/80 loss=0.850979 seconds=0.39
epoch=2/80 loss=0.384800 seconds=0.05
epoch=3/80 loss=0.228286 seconds=0.05
epoch=4/80 loss=0.194018 seconds=0.06
epoch=5/80 loss=0.153318 seconds=0.05
epoch=6/80 loss=0.120739 seconds=0.05
epoch=7/80 loss=0.094069 seconds=0.05
epoch=8/80 loss=0.094058 seconds=0.05
epoch=9/80 loss=0.129773 seconds=0.05
epoch=10/80 loss=0.095720 seconds=0.06
epoch=11/80 loss=0.073150 seconds=0.05
epoch=12/80 loss=0.056311 seconds=0.05
epoch=13/80 loss=0.053618 seconds=0.06
epoch=14/80 loss=0.050619 seconds=0.05
epoch=15/80 loss=0.054941 seconds=0.05
epoch=16/80 loss=0.049977 seconds=0.06
epoch=17/80 loss=0.052128 seconds=0.05
epoch=18/80 loss=0.053706 seconds=0.05
epoch=19/80 loss=0.043372 seconds=0.05
epoch=20/80 loss=0.050214 seconds=0.05
epoch=21/80 loss=0.060219 seconds=0.06
epoch=22/80 loss=0.073033 seconds=0.05
epoch=23/80 loss=0.063362 seconds=0.05
epoch=24/80 loss=0.059762 seconds=0.05
epoch=25/80 loss=0.061585 seconds=0.05
epoch=26/80 loss=0.068979 seconds=0.05
epoch=27/80 loss=0.042588 seconds=0.05
epoch=28/80 loss=0.050706 seconds=0.05
epoch=29/80 loss=0.040835 seconds=0.05
epoch=30/80 loss=0.036102 seconds=0.05
epoch=31/80 loss=0.035456 seconds=0.05
epoch=32/80 loss=0.041552 seconds=0.06
epoch=33/80 loss=0.068993 seconds=0.05
epoch=34/80 loss=0.044381 seconds=0.05
epoch=35/80 loss=0.051834 seconds=0.05
epoch=36/80 loss=0.037602 seconds=0.05
epoch=37/80 loss=0.039612 seconds=0.05
epoch=38/80 loss=0.039566 seconds=0.05
epoch=39/80 loss=0.037805 seconds=0.05
epoch=40/80 loss=0.085847 seconds=0.05
epoch=41/80 loss=0.053387 seconds=0.05
epoch=42/80 loss=0.049886 seconds=0.05
epoch=43/80 loss=0.042049 seconds=0.05
epoch=44/80 loss=0.040109 seconds=0.05
epoch=45/80 loss=0.028886 seconds=0.05
epoch=46/80 loss=0.027812 seconds=0.05
epoch=47/80 loss=0.029356 seconds=0.05
epoch=48/80 loss=0.052023 seconds=0.05
epoch=49/80 loss=0.039760 seconds=0.05
epoch=50/80 loss=0.043143 seconds=0.05
epoch=51/80 loss=0.032252 seconds=0.05
epoch=52/80 loss=0.036278 seconds=0.05
epoch=53/80 loss=0.060591 seconds=0.06
epoch=54/80 loss=0.089429 seconds=0.05
epoch=55/80 loss=0.047449 seconds=0.05
epoch=56/80 loss=0.032575 seconds=0.06
epoch=57/80 loss=0.027673 seconds=0.03
epoch=58/80 loss=0.044776 seconds=0.05
epoch=59/80 loss=0.031893 seconds=0.05
epoch=60/80 loss=0.066934 seconds=0.06
epoch=61/80 loss=0.035076 seconds=0.05
epoch=62/80 loss=0.048022 seconds=0.05
epoch=63/80 loss=0.078000 seconds=0.05
epoch=64/80 loss=0.136922 seconds=0.05
epoch=65/80 loss=0.048177 seconds=0.06
epoch=66/80 loss=0.044789 seconds=0.05
epoch=67/80 loss=0.045431 seconds=0.05
epoch=68/80 loss=0.049489 seconds=0.05
epoch=69/80 loss=0.043265 seconds=0.05
epoch=70/80 loss=0.031424 seconds=0.05
epoch=71/80 loss=0.031415 seconds=0.05
epoch=72/80 loss=0.029554 seconds=0.05
epoch=73/80 loss=0.025647 seconds=0.05
epoch=74/80 loss=0.028334 seconds=0.05
epoch=75/80 loss=0.030875 seconds=0.05
epoch=76/80 loss=0.024942 seconds=0.05
epoch=77/80 loss=0.028276 seconds=0.05
epoch=78/80 loss=0.026022 seconds=0.05
epoch=79/80 loss=0.021853 seconds=0.06
epoch=80/80 loss=0.018171 seconds=0.05
{"accuracy": 0.7671232876712328, "balanced_accuracy": 0.7590016366612111, "sensitivity": 0.7307692307692307, "specificity": 0.7872340425531915, "f1_macro": 0.752047952047952, "roc_auc": 0.8412438625204582, "confusion_matrix": [[37, 10], [7, 19]], "classification_report": {"0": {"precision": 0.8409090909090909, "recall": 0.7872340425531915, "f1-score": 0.8131868131868132, "support": 47.0}, "1": {"precision": 0.6551724137931034, "recall": 0.7307692307692307, "f1-score": 0.6909090909090909, "support": 26.0}, "accuracy": 0.7671232876712328, "macro avg": {"precision": 0.7480407523510972, "recall": 0.7590016366612111, "f1-score": 0.752047952047952, "support": 73.0}, "weighted avg": {"precision": 0.7747563017992872, "recall": 0.7671232876712328, "f1-score": 0.7696358436084464, "support": 73.0}}, "train_rows": 300, "test_rows": 73, "source_features": 8, "model_input_features": [8], "elapsed_seconds": 7.234000000054948}
