Command: ["C:\\Users\\IHCK\\AppData\\Local\\Programs\\Python\\Python312\\python.exe", "-u", "C:\\Users\\IHCK\\Desktop\\1_10_69Final\\Hippocampal-Shape-Analysis-for-Epilepsy-Detection\\Model\\train_dataset_model.py", "--dataset", "plsda_latent_features", "--side", "left", "--model", "ResNet", "--kind", "latent", "--train-csv", "C:\\Users\\IHCK\\Desktop\\1_10_69Final\\Hippocampal-Shape-Analysis-for-Epilepsy-Detection\\Output_Dataset\\plsda_latent_features\\left\\train_plsda_latent_features.csv", "--test-csv", "C:\\Users\\IHCK\\Desktop\\1_10_69Final\\Hippocampal-Shape-Analysis-for-Epilepsy-Detection\\Output_Dataset\\plsda_latent_features\\left\\test_plsda_latent_features.csv", "--output-dir", "C:\\Users\\IHCK\\Desktop\\1_10_69Final\\Hippocampal-Shape-Analysis-for-Epilepsy-Detection\\Model_Results\\dataset_runs_20261003\\plsda_latent_features\\left\\ResNet", "--epochs", "80", "--pls-components", "8", "--seed", "42", "--threads", "2"]
dataset=plsda_latent_features side=left model=ResNet; train=300 test=73 features=8
Fixed settings. Full training fit; no cross-validation or test-based selection.
Device=cuda; epochs=80; batch=32; model=ResNet1D
epoch=1/80 loss=0.403167 seconds=0.36
epoch=2/80 loss=0.105039 seconds=0.03
epoch=3/80 loss=0.045695 seconds=0.05
epoch=4/80 loss=0.046329 seconds=0.05
epoch=5/80 loss=0.030615 seconds=0.03
epoch=6/80 loss=0.033494 seconds=0.05
epoch=7/80 loss=0.017690 seconds=0.05
epoch=8/80 loss=0.027066 seconds=0.03
epoch=9/80 loss=0.058789 seconds=0.05
epoch=10/80 loss=0.030666 seconds=0.05
epoch=11/80 loss=0.018420 seconds=0.03
epoch=12/80 loss=0.011812 seconds=0.05
epoch=13/80 loss=0.018299 seconds=0.03
epoch=14/80 loss=0.015048 seconds=0.03
epoch=15/80 loss=0.026526 seconds=0.05
epoch=16/80 loss=0.010154 seconds=0.05
epoch=17/80 loss=0.005980 seconds=0.03
epoch=18/80 loss=0.010138 seconds=0.05
epoch=19/80 loss=0.005629 seconds=0.03
epoch=20/80 loss=0.003340 seconds=0.05
epoch=21/80 loss=0.002201 seconds=0.05
epoch=22/80 loss=0.005421 seconds=0.03
epoch=23/80 loss=0.006264 seconds=0.05
epoch=24/80 loss=0.022746 seconds=0.05
epoch=25/80 loss=0.069487 seconds=0.03
epoch=26/80 loss=0.084428 seconds=0.05
epoch=27/80 loss=0.035860 seconds=0.03
epoch=28/80 loss=0.051620 seconds=0.05
epoch=29/80 loss=0.014131 seconds=0.03
epoch=30/80 loss=0.012335 seconds=0.05
epoch=31/80 loss=0.010896 seconds=0.05
epoch=32/80 loss=0.023595 seconds=0.03
epoch=33/80 loss=0.046229 seconds=0.05
epoch=34/80 loss=0.013989 seconds=0.03
epoch=35/80 loss=0.024233 seconds=0.05
epoch=36/80 loss=0.004801 seconds=0.03
epoch=37/80 loss=0.019783 seconds=0.05
epoch=38/80 loss=0.014677 seconds=0.03
epoch=39/80 loss=0.008057 seconds=0.05
epoch=40/80 loss=0.019706 seconds=0.05
epoch=41/80 loss=0.031288 seconds=0.03
epoch=42/80 loss=0.015759 seconds=0.05
epoch=43/80 loss=0.006913 seconds=0.03
epoch=44/80 loss=0.004460 seconds=0.05
epoch=45/80 loss=0.002106 seconds=0.03
epoch=46/80 loss=0.001155 seconds=0.03
epoch=47/80 loss=0.001717 seconds=0.05
epoch=48/80 loss=0.010537 seconds=0.03
epoch=49/80 loss=0.004786 seconds=0.05
epoch=50/80 loss=0.003763 seconds=0.05
epoch=51/80 loss=0.008887 seconds=0.05
epoch=52/80 loss=0.024381 seconds=0.03
epoch=53/80 loss=0.032416 seconds=0.03
epoch=54/80 loss=0.078297 seconds=0.05
epoch=55/80 loss=0.012466 seconds=0.05
epoch=56/80 loss=0.008832 seconds=0.03
epoch=57/80 loss=0.003305 seconds=0.05
epoch=58/80 loss=0.009034 seconds=0.05
epoch=59/80 loss=0.015313 seconds=0.03
epoch=60/80 loss=0.057540 seconds=0.05
epoch=61/80 loss=0.027536 seconds=0.03
epoch=62/80 loss=0.057381 seconds=0.05
epoch=63/80 loss=0.092412 seconds=0.03
epoch=64/80 loss=0.079470 seconds=0.05
epoch=65/80 loss=0.020985 seconds=0.03
epoch=66/80 loss=0.015012 seconds=0.03
epoch=67/80 loss=0.027871 seconds=0.05
epoch=68/80 loss=0.031610 seconds=0.05
epoch=69/80 loss=0.028301 seconds=0.03
epoch=70/80 loss=0.022549 seconds=0.05
epoch=71/80 loss=0.008004 seconds=0.03
epoch=72/80 loss=0.008191 seconds=0.03
epoch=73/80 loss=0.003611 seconds=0.03
epoch=74/80 loss=0.003117 seconds=0.05
epoch=75/80 loss=0.005336 seconds=0.05
epoch=76/80 loss=0.002201 seconds=0.03
epoch=77/80 loss=0.002404 seconds=0.03
epoch=78/80 loss=0.002190 seconds=0.03
epoch=79/80 loss=0.002309 seconds=0.05
epoch=80/80 loss=0.001570 seconds=0.03
{"accuracy": 0.7534246575342466, "balanced_accuracy": 0.739770867430442, "sensitivity": 0.6923076923076923, "specificity": 0.7872340425531915, "f1_macro": 0.7355072463768115, "roc_auc": 0.8322422258592471, "confusion_matrix": [[37, 10], [8, 18]], "classification_report": {"0": {"precision": 0.8222222222222222, "recall": 0.7872340425531915, "f1-score": 0.8043478260869565, "support": 47.0}, "1": {"precision": 0.6428571428571429, "recall": 0.6923076923076923, "f1-score": 0.6666666666666666, "support": 26.0}, "accuracy": 0.7534246575342466, "macro avg": {"precision": 0.7325396825396826, "recall": 0.739770867430442, "f1-score": 0.7355072463768115, "support": 73.0}, "weighted avg": {"precision": 0.7583387692976734, "recall": 0.7534246575342466, "f1-score": 0.7553107008139767, "support": 73.0}}, "train_rows": 300, "test_rows": 73, "source_features": 8, "model_input_features": [8], "elapsed_seconds": 6.437999999965541}
