Command: ["C:\\Users\\IHCK\\AppData\\Local\\Programs\\Python\\Python312\\python.exe", "-u", "C:\\Users\\IHCK\\Desktop\\1_10_69Final\\Hippocampal-Shape-Analysis-for-Epilepsy-Detection\\Model\\train_dataset_model.py", "--dataset", "plsda_latent_features", "--side", "left", "--model", "MLP", "--kind", "latent", "--train-csv", "C:\\Users\\IHCK\\Desktop\\1_10_69Final\\Hippocampal-Shape-Analysis-for-Epilepsy-Detection\\Output_Dataset\\plsda_latent_features\\left\\train_plsda_latent_features.csv", "--test-csv", "C:\\Users\\IHCK\\Desktop\\1_10_69Final\\Hippocampal-Shape-Analysis-for-Epilepsy-Detection\\Output_Dataset\\plsda_latent_features\\left\\test_plsda_latent_features.csv", "--output-dir", "C:\\Users\\IHCK\\Desktop\\1_10_69Final\\Hippocampal-Shape-Analysis-for-Epilepsy-Detection\\Model_Results\\dataset_runs_20261003\\plsda_latent_features\\left\\MLP", "--epochs", "80", "--pls-components", "8", "--seed", "42", "--threads", "2"]
dataset=plsda_latent_features side=left model=MLP; train=300 test=73 features=8
Fixed settings. Full training fit; no cross-validation or test-based selection.
Iteration 1, loss = 0.72400215
Iteration 2, loss = 0.67807247
Iteration 3, loss = 0.63820424
Iteration 4, loss = 0.60046444
Iteration 5, loss = 0.56550378
Iteration 6, loss = 0.53161637
Iteration 7, loss = 0.49789239
Iteration 8, loss = 0.46445364
Iteration 9, loss = 0.43122839
Iteration 10, loss = 0.39756846
Iteration 11, loss = 0.36423968
Iteration 12, loss = 0.33171128
Iteration 13, loss = 0.29965919
Iteration 14, loss = 0.26939813
Iteration 15, loss = 0.24077614
Iteration 16, loss = 0.21472152
Iteration 17, loss = 0.19016576
Iteration 18, loss = 0.16842229
Iteration 19, loss = 0.14920176
Iteration 20, loss = 0.13202325
Iteration 21, loss = 0.11707322
Iteration 22, loss = 0.10424609
Iteration 23, loss = 0.09307177
Iteration 24, loss = 0.08349549
Iteration 25, loss = 0.07506989
Iteration 26, loss = 0.06798543
Iteration 27, loss = 0.06181031
Iteration 28, loss = 0.05633375
Iteration 29, loss = 0.05175228
Iteration 30, loss = 0.04746696
Iteration 31, loss = 0.04391302
Iteration 32, loss = 0.04064814
Iteration 33, loss = 0.03789119
Iteration 34, loss = 0.03530190
Iteration 35, loss = 0.03308122
Iteration 36, loss = 0.03101561
Iteration 37, loss = 0.02928532
Iteration 38, loss = 0.02759285
Iteration 39, loss = 0.02613689
Iteration 40, loss = 0.02483968
Iteration 41, loss = 0.02363872
Iteration 42, loss = 0.02249016
Iteration 43, loss = 0.02148306
Iteration 44, loss = 0.02054344
Iteration 45, loss = 0.01963392
Iteration 46, loss = 0.01882538
Iteration 47, loss = 0.01813157
Iteration 48, loss = 0.01742062
Iteration 49, loss = 0.01677613
Iteration 50, loss = 0.01616824
Iteration 51, loss = 0.01555868
Iteration 52, loss = 0.01501073
Iteration 53, loss = 0.01449015
Iteration 54, loss = 0.01397144
Iteration 55, loss = 0.01352354
Iteration 56, loss = 0.01305921
Iteration 57, loss = 0.01265327
Iteration 58, loss = 0.01226735
Iteration 59, loss = 0.01187749
Iteration 60, loss = 0.01156301
Iteration 61, loss = 0.01119687
Iteration 62, loss = 0.01085790
Iteration 63, loss = 0.01051948
Iteration 64, loss = 0.01027138
Iteration 65, loss = 0.00994303
Iteration 66, loss = 0.00966797
Iteration 67, loss = 0.00945212
Iteration 68, loss = 0.00919096
Iteration 69, loss = 0.00896679
Iteration 70, loss = 0.00870909
Iteration 71, loss = 0.00850154
Iteration 72, loss = 0.00831531
Iteration 73, loss = 0.00809798
Iteration 74, loss = 0.00790412
Iteration 75, loss = 0.00770413
Iteration 76, loss = 0.00750056
Iteration 77, loss = 0.00734487
Iteration 78, loss = 0.00715396
Iteration 79, loss = 0.00700769
Iteration 80, loss = 0.00683446
Iteration 81, loss = 0.00670297
Iteration 82, loss = 0.00655999
Iteration 83, loss = 0.00641462
Iteration 84, loss = 0.00627427
Iteration 85, loss = 0.00614964
Iteration 86, loss = 0.00602161
Iteration 87, loss = 0.00588936
Iteration 88, loss = 0.00579482
Iteration 89, loss = 0.00566841
Iteration 90, loss = 0.00556192
Iteration 91, loss = 0.00544936
Iteration 92, loss = 0.00533978
Iteration 93, loss = 0.00523449
Iteration 94, loss = 0.00512030
Iteration 95, loss = 0.00504021
Iteration 96, loss = 0.00494796
Iteration 97, loss = 0.00485027
Iteration 98, loss = 0.00475978
Iteration 99, loss = 0.00468826
Iteration 100, loss = 0.00460502
Iteration 101, loss = 0.00452666
Iteration 102, loss = 0.00443990
Iteration 103, loss = 0.00437367
Iteration 104, loss = 0.00429885
Iteration 105, loss = 0.00423323
Training loss did not improve more than tol=0.000100 for 10 consecutive epochs. Stopping.
{"accuracy": 0.7534246575342466, "balanced_accuracy": 0.7483633387888706, "sensitivity": 0.7307692307692307, "specificity": 0.7659574468085106, "f1_macro": 0.7392857142857143, "roc_auc": 0.8436988543371522, "confusion_matrix": [[36, 11], [7, 19]], "classification_report": {"0": {"precision": 0.8372093023255814, "recall": 0.7659574468085106, "f1-score": 0.8, "support": 47.0}, "1": {"precision": 0.6333333333333333, "recall": 0.7307692307692307, "f1-score": 0.6785714285714286, "support": 26.0}, "accuracy": 0.7534246575342466, "macro avg": {"precision": 0.7352713178294574, "recall": 0.7483633387888706, "f1-score": 0.7392857142857143, "support": 73.0}, "weighted avg": {"precision": 0.7645959435064245, "recall": 0.7534246575342466, "f1-score": 0.7567514677103718, "support": 73.0}}, "train_rows": 300, "test_rows": 73, "source_features": 8, "model_input_features": [8], "elapsed_seconds": 0.14099999994505197}
