Command: ["C:\\Users\\IHCK\\AppData\\Local\\Programs\\Python\\Python312\\python.exe", "-u", "C:\\Users\\IHCK\\Desktop\\1_10_69Final\\Hippocampal-Shape-Analysis-for-Epilepsy-Detection\\Model\\train_dataset_model.py", "--dataset", "plsda_latent_features", "--side", "left", "--model", "MobileNet", "--kind", "latent", "--train-csv", "C:\\Users\\IHCK\\Desktop\\1_10_69Final\\Hippocampal-Shape-Analysis-for-Epilepsy-Detection\\Output_Dataset\\plsda_latent_features\\left\\train_plsda_latent_features.csv", "--test-csv", "C:\\Users\\IHCK\\Desktop\\1_10_69Final\\Hippocampal-Shape-Analysis-for-Epilepsy-Detection\\Output_Dataset\\plsda_latent_features\\left\\test_plsda_latent_features.csv", "--output-dir", "C:\\Users\\IHCK\\Desktop\\1_10_69Final\\Hippocampal-Shape-Analysis-for-Epilepsy-Detection\\Model_Results\\dataset_runs_20261003\\plsda_latent_features\\left\\MobileNet", "--epochs", "80", "--pls-components", "8", "--seed", "42", "--threads", "2"]
dataset=plsda_latent_features side=left model=MobileNet; train=300 test=73 features=8
Fixed settings. Full training fit; no cross-validation or test-based selection.
Device=cuda; epochs=80; batch=32; model=MobileNetV2_1D
epoch=1/80 loss=0.621653 seconds=0.38
epoch=2/80 loss=0.333827 seconds=0.08
epoch=3/80 loss=0.174446 seconds=0.06
epoch=4/80 loss=0.133595 seconds=0.06
epoch=5/80 loss=0.085256 seconds=0.06
epoch=6/80 loss=0.068730 seconds=0.06
epoch=7/80 loss=0.053658 seconds=0.06
epoch=8/80 loss=0.040884 seconds=0.06
epoch=9/80 loss=0.072192 seconds=0.06
epoch=10/80 loss=0.043602 seconds=0.08
epoch=11/80 loss=0.031034 seconds=0.05
epoch=12/80 loss=0.020094 seconds=0.06
epoch=13/80 loss=0.018129 seconds=0.06
epoch=14/80 loss=0.016128 seconds=0.06
epoch=15/80 loss=0.021560 seconds=0.06
epoch=16/80 loss=0.022093 seconds=0.06
epoch=17/80 loss=0.016128 seconds=0.06
epoch=18/80 loss=0.025498 seconds=0.06
epoch=19/80 loss=0.008628 seconds=0.06
epoch=20/80 loss=0.010756 seconds=0.06
epoch=21/80 loss=0.006581 seconds=0.05
epoch=22/80 loss=0.020384 seconds=0.06
epoch=23/80 loss=0.014223 seconds=0.06
epoch=24/80 loss=0.027592 seconds=0.06
epoch=25/80 loss=0.034645 seconds=0.06
epoch=26/80 loss=0.053719 seconds=0.06
epoch=27/80 loss=0.023577 seconds=0.06
epoch=28/80 loss=0.017635 seconds=0.05
epoch=29/80 loss=0.007980 seconds=0.08
epoch=30/80 loss=0.008756 seconds=0.06
epoch=31/80 loss=0.018330 seconds=0.06
epoch=32/80 loss=0.038351 seconds=0.06
epoch=33/80 loss=0.130606 seconds=0.06
epoch=34/80 loss=0.035323 seconds=0.06
epoch=35/80 loss=0.068453 seconds=0.06
epoch=36/80 loss=0.018490 seconds=0.06
epoch=37/80 loss=0.044894 seconds=0.08
epoch=38/80 loss=0.028362 seconds=0.05
epoch=39/80 loss=0.009995 seconds=0.06
epoch=40/80 loss=0.012287 seconds=0.06
epoch=41/80 loss=0.017729 seconds=0.06
epoch=42/80 loss=0.014093 seconds=0.06
epoch=43/80 loss=0.011332 seconds=0.05
epoch=44/80 loss=0.012477 seconds=0.06
epoch=45/80 loss=0.003797 seconds=0.06
epoch=46/80 loss=0.003239 seconds=0.06
epoch=47/80 loss=0.002963 seconds=0.06
epoch=48/80 loss=0.012590 seconds=0.06
epoch=49/80 loss=0.008429 seconds=0.06
epoch=50/80 loss=0.020128 seconds=0.06
epoch=51/80 loss=0.013768 seconds=0.06
epoch=52/80 loss=0.026275 seconds=0.06
epoch=53/80 loss=0.044182 seconds=0.06
epoch=54/80 loss=0.097605 seconds=0.06
epoch=55/80 loss=0.019753 seconds=0.06
epoch=56/80 loss=0.035376 seconds=0.06
epoch=57/80 loss=0.014571 seconds=0.06
epoch=58/80 loss=0.034127 seconds=0.06
epoch=59/80 loss=0.015243 seconds=0.06
epoch=60/80 loss=0.019971 seconds=0.06
epoch=61/80 loss=0.013051 seconds=0.06
epoch=62/80 loss=0.024707 seconds=0.06
epoch=63/80 loss=0.102660 seconds=0.06
epoch=64/80 loss=0.031718 seconds=0.06
epoch=65/80 loss=0.023012 seconds=0.06
epoch=66/80 loss=0.015936 seconds=0.06
epoch=67/80 loss=0.025382 seconds=0.06
epoch=68/80 loss=0.025428 seconds=0.06
epoch=69/80 loss=0.013259 seconds=0.06
epoch=70/80 loss=0.008902 seconds=0.06
epoch=71/80 loss=0.013263 seconds=0.06
epoch=72/80 loss=0.009094 seconds=0.06
epoch=73/80 loss=0.009815 seconds=0.06
epoch=74/80 loss=0.004765 seconds=0.06
epoch=75/80 loss=0.014584 seconds=0.06
epoch=76/80 loss=0.005663 seconds=0.06
epoch=77/80 loss=0.002220 seconds=0.06
epoch=78/80 loss=0.002137 seconds=0.06
epoch=79/80 loss=0.002969 seconds=0.06
epoch=80/80 loss=0.002094 seconds=0.06
{"accuracy": 0.7808219178082192, "balanced_accuracy": 0.7610474631751227, "sensitivity": 0.6923076923076923, "specificity": 0.8297872340425532, "f1_macro": 0.7610474631751227, "roc_auc": 0.8216039279869067, "confusion_matrix": [[39, 8], [8, 18]], "classification_report": {"0": {"precision": 0.8297872340425532, "recall": 0.8297872340425532, "f1-score": 0.8297872340425532, "support": 47.0}, "1": {"precision": 0.6923076923076923, "recall": 0.6923076923076923, "f1-score": 0.6923076923076923, "support": 26.0}, "accuracy": 0.7808219178082192, "macro avg": {"precision": 0.7610474631751227, "recall": 0.7610474631751227, "f1-score": 0.7610474631751227, "support": 73.0}, "weighted avg": {"precision": 0.7808219178082192, "recall": 0.7808219178082192, "f1-score": 0.7808219178082192, "support": 73.0}}, "train_rows": 300, "test_rows": 73, "source_features": 8, "model_input_features": [8], "elapsed_seconds": 8.25}
