Command: ["C:\\Users\\IHCK\\AppData\\Local\\Programs\\Python\\Python312\\python.exe", "-u", "C:\\Users\\IHCK\\Desktop\\1_10_69Final\\Hippocampal-Shape-Analysis-for-Epilepsy-Detection\\Model\\train_dataset_model.py", "--dataset", "plsda_latent_features", "--side", "right", "--model", "MobileNet", "--kind", "latent", "--train-csv", "C:\\Users\\IHCK\\Desktop\\1_10_69Final\\Hippocampal-Shape-Analysis-for-Epilepsy-Detection\\Output_Dataset\\plsda_latent_features\\right\\train_plsda_latent_features.csv", "--test-csv", "C:\\Users\\IHCK\\Desktop\\1_10_69Final\\Hippocampal-Shape-Analysis-for-Epilepsy-Detection\\Output_Dataset\\plsda_latent_features\\right\\test_plsda_latent_features.csv", "--output-dir", "C:\\Users\\IHCK\\Desktop\\1_10_69Final\\Hippocampal-Shape-Analysis-for-Epilepsy-Detection\\Model_Results\\dataset_runs_20261003\\plsda_latent_features\\right\\MobileNet", "--epochs", "80", "--pls-components", "8", "--seed", "42", "--threads", "2"]
dataset=plsda_latent_features side=right model=MobileNet; train=300 test=77 features=8
Fixed settings. Full training fit; no cross-validation or test-based selection.
Device=cuda; epochs=80; batch=32; model=MobileNetV2_1D
epoch=1/80 loss=0.634859 seconds=0.42
epoch=2/80 loss=0.335092 seconds=0.08
epoch=3/80 loss=0.175085 seconds=0.08
epoch=4/80 loss=0.122914 seconds=0.08
epoch=5/80 loss=0.080602 seconds=0.09
epoch=6/80 loss=0.063376 seconds=0.08
epoch=7/80 loss=0.051153 seconds=0.08
epoch=8/80 loss=0.032426 seconds=0.08
epoch=9/80 loss=0.058710 seconds=0.09
epoch=10/80 loss=0.050320 seconds=0.08
epoch=11/80 loss=0.029487 seconds=0.08
epoch=12/80 loss=0.034246 seconds=0.08
epoch=13/80 loss=0.020255 seconds=0.08
epoch=14/80 loss=0.025809 seconds=0.09
epoch=15/80 loss=0.015121 seconds=0.08
epoch=16/80 loss=0.011243 seconds=0.06
epoch=17/80 loss=0.013354 seconds=0.08
epoch=18/80 loss=0.018802 seconds=0.09
epoch=19/80 loss=0.037692 seconds=0.08
epoch=20/80 loss=0.047977 seconds=0.08
epoch=21/80 loss=0.080276 seconds=0.08
epoch=22/80 loss=0.052047 seconds=0.08
epoch=23/80 loss=0.019206 seconds=0.08
epoch=24/80 loss=0.018895 seconds=0.09
epoch=25/80 loss=0.024446 seconds=0.06
epoch=26/80 loss=0.013121 seconds=0.09
epoch=27/80 loss=0.010140 seconds=0.08
epoch=28/80 loss=0.013074 seconds=0.08
epoch=29/80 loss=0.005373 seconds=0.08
epoch=30/80 loss=0.004919 seconds=0.08
epoch=31/80 loss=0.009359 seconds=0.09
epoch=32/80 loss=0.025901 seconds=0.08
epoch=33/80 loss=0.007902 seconds=0.09
epoch=34/80 loss=0.005487 seconds=0.08
epoch=35/80 loss=0.009148 seconds=0.08
epoch=36/80 loss=0.003737 seconds=0.09
epoch=37/80 loss=0.004454 seconds=0.08
epoch=38/80 loss=0.019292 seconds=0.08
epoch=39/80 loss=0.003273 seconds=0.08
epoch=40/80 loss=0.008523 seconds=0.08
epoch=41/80 loss=0.002940 seconds=0.09
epoch=42/80 loss=0.005961 seconds=0.08
epoch=43/80 loss=0.004253 seconds=0.08
epoch=44/80 loss=0.002581 seconds=0.08
epoch=45/80 loss=0.001787 seconds=0.08
epoch=46/80 loss=0.002005 seconds=0.08
epoch=47/80 loss=0.002321 seconds=0.08
epoch=48/80 loss=0.002802 seconds=0.08
epoch=49/80 loss=0.001755 seconds=0.08
epoch=50/80 loss=0.001541 seconds=0.09
epoch=51/80 loss=0.001757 seconds=0.08
epoch=52/80 loss=0.039647 seconds=0.08
epoch=53/80 loss=0.035809 seconds=0.08
epoch=54/80 loss=0.048490 seconds=0.08
epoch=55/80 loss=0.017382 seconds=0.08
epoch=56/80 loss=0.012025 seconds=0.09
epoch=57/80 loss=0.005257 seconds=0.08
epoch=58/80 loss=0.006562 seconds=0.08
epoch=59/80 loss=0.006294 seconds=0.09
epoch=60/80 loss=0.026872 seconds=0.08
epoch=61/80 loss=0.011214 seconds=0.08
epoch=62/80 loss=0.008863 seconds=0.09
epoch=63/80 loss=0.022180 seconds=0.06
epoch=64/80 loss=0.007534 seconds=0.09
epoch=65/80 loss=0.064767 seconds=0.08
epoch=66/80 loss=0.010936 seconds=0.08
epoch=67/80 loss=0.015358 seconds=0.09
epoch=68/80 loss=0.012260 seconds=0.08
epoch=69/80 loss=0.005626 seconds=0.09
epoch=70/80 loss=0.003115 seconds=0.08
epoch=71/80 loss=0.005771 seconds=0.08
epoch=72/80 loss=0.005643 seconds=0.08
epoch=73/80 loss=0.002362 seconds=0.08
epoch=74/80 loss=0.001496 seconds=0.08
epoch=75/80 loss=0.001386 seconds=0.08
epoch=76/80 loss=0.001902 seconds=0.08
epoch=77/80 loss=0.001276 seconds=0.08
epoch=78/80 loss=0.001376 seconds=0.08
epoch=79/80 loss=0.001099 seconds=0.08
epoch=80/80 loss=0.001458 seconds=0.08
{"accuracy": 0.8051948051948052, "balanced_accuracy": 0.7619047619047619, "sensitivity": 0.6666666666666666, "specificity": 0.8571428571428571, "f1_macro": 0.7580138277812697, "roc_auc": 0.8358843537414966, "confusion_matrix": [[48, 8], [7, 14]], "classification_report": {"0": {"precision": 0.8727272727272727, "recall": 0.8571428571428571, "f1-score": 0.8648648648648649, "support": 56.0}, "1": {"precision": 0.6363636363636364, "recall": 0.6666666666666666, "f1-score": 0.6511627906976745, "support": 21.0}, "accuracy": 0.8051948051948052, "macro avg": {"precision": 0.7545454545454545, "recall": 0.7619047619047619, "f1-score": 0.7580138277812697, "support": 77.0}, "weighted avg": {"precision": 0.8082644628099174, "recall": 0.8051948051948052, "f1-score": 0.8065824810010858, "support": 77.0}}, "train_rows": 300, "test_rows": 77, "source_features": 8, "model_input_features": [8], "elapsed_seconds": 9.765999999945052}
