Command: ["C:\\Users\\IHCK\\AppData\\Local\\Programs\\Python\\Python312\\python.exe", "-u", "C:\\Users\\IHCK\\Desktop\\1_10_69Final\\Hippocampal-Shape-Analysis-for-Epilepsy-Detection\\Model\\train_dataset_model.py", "--dataset", "plsda_latent_features", "--side", "right", "--model", "ResNet", "--kind", "latent", "--train-csv", "C:\\Users\\IHCK\\Desktop\\1_10_69Final\\Hippocampal-Shape-Analysis-for-Epilepsy-Detection\\Output_Dataset\\plsda_latent_features\\right\\train_plsda_latent_features.csv", "--test-csv", "C:\\Users\\IHCK\\Desktop\\1_10_69Final\\Hippocampal-Shape-Analysis-for-Epilepsy-Detection\\Output_Dataset\\plsda_latent_features\\right\\test_plsda_latent_features.csv", "--output-dir", "C:\\Users\\IHCK\\Desktop\\1_10_69Final\\Hippocampal-Shape-Analysis-for-Epilepsy-Detection\\Model_Results\\dataset_runs_20261003\\plsda_latent_features\\right\\ResNet", "--epochs", "80", "--pls-components", "8", "--seed", "42", "--threads", "2"]
dataset=plsda_latent_features side=right model=ResNet; train=300 test=77 features=8
Fixed settings. Full training fit; no cross-validation or test-based selection.
Device=cuda; epochs=80; batch=32; model=ResNet1D
epoch=1/80 loss=0.407503 seconds=0.34
epoch=2/80 loss=0.093367 seconds=0.05
epoch=3/80 loss=0.041187 seconds=0.03
epoch=4/80 loss=0.037572 seconds=0.03
epoch=5/80 loss=0.023807 seconds=0.05
epoch=6/80 loss=0.016276 seconds=0.03
epoch=7/80 loss=0.014326 seconds=0.05
epoch=8/80 loss=0.008689 seconds=0.03
epoch=9/80 loss=0.033793 seconds=0.05
epoch=10/80 loss=0.015894 seconds=0.05
epoch=11/80 loss=0.017429 seconds=0.05
epoch=12/80 loss=0.010197 seconds=0.05
epoch=13/80 loss=0.007344 seconds=0.03
epoch=14/80 loss=0.013426 seconds=0.05
epoch=15/80 loss=0.007291 seconds=0.05
epoch=16/80 loss=0.003239 seconds=0.03
epoch=17/80 loss=0.006369 seconds=0.05
epoch=18/80 loss=0.015495 seconds=0.05
epoch=19/80 loss=0.032662 seconds=0.03
epoch=20/80 loss=0.009495 seconds=0.03
epoch=21/80 loss=0.063851 seconds=0.05
epoch=22/80 loss=0.062013 seconds=0.03
epoch=23/80 loss=0.072169 seconds=0.05
epoch=24/80 loss=0.048562 seconds=0.05
epoch=25/80 loss=0.011712 seconds=0.05
epoch=26/80 loss=0.030024 seconds=0.05
epoch=27/80 loss=0.007875 seconds=0.03
epoch=28/80 loss=0.008980 seconds=0.05
epoch=29/80 loss=0.003711 seconds=0.03
epoch=30/80 loss=0.003365 seconds=0.05
epoch=31/80 loss=0.010406 seconds=0.03
epoch=32/80 loss=0.011859 seconds=0.03
epoch=33/80 loss=0.009028 seconds=0.05
epoch=34/80 loss=0.004276 seconds=0.05
epoch=35/80 loss=0.005096 seconds=0.05
epoch=36/80 loss=0.004552 seconds=0.05
epoch=37/80 loss=0.002904 seconds=0.03
epoch=38/80 loss=0.007752 seconds=0.05
epoch=39/80 loss=0.004139 seconds=0.03
epoch=40/80 loss=0.005716 seconds=0.05
epoch=41/80 loss=0.002124 seconds=0.05
epoch=42/80 loss=0.001456 seconds=0.05
epoch=43/80 loss=0.002620 seconds=0.03
epoch=44/80 loss=0.001423 seconds=0.05
epoch=45/80 loss=0.000818 seconds=0.05
epoch=46/80 loss=0.000976 seconds=0.03
epoch=47/80 loss=0.001001 seconds=0.05
epoch=48/80 loss=0.003897 seconds=0.03
epoch=49/80 loss=0.001008 seconds=0.05
epoch=50/80 loss=0.001793 seconds=0.03
epoch=51/80 loss=0.004763 seconds=0.05
epoch=52/80 loss=0.021111 seconds=0.05
epoch=53/80 loss=0.022718 seconds=0.03
epoch=54/80 loss=0.033652 seconds=0.05
epoch=55/80 loss=0.004867 seconds=0.05
epoch=56/80 loss=0.004653 seconds=0.03
epoch=57/80 loss=0.003857 seconds=0.05
epoch=58/80 loss=0.007472 seconds=0.03
epoch=59/80 loss=0.016718 seconds=0.05
epoch=60/80 loss=0.016747 seconds=0.05
epoch=61/80 loss=0.042837 seconds=0.05
epoch=62/80 loss=0.009378 seconds=0.05
epoch=63/80 loss=0.008805 seconds=0.03
epoch=64/80 loss=0.009299 seconds=0.05
epoch=65/80 loss=0.032618 seconds=0.03
epoch=66/80 loss=0.003284 seconds=0.05
epoch=67/80 loss=0.003751 seconds=0.03
epoch=68/80 loss=0.011871 seconds=0.03
epoch=69/80 loss=0.006310 seconds=0.03
epoch=70/80 loss=0.006972 seconds=0.05
epoch=71/80 loss=0.001318 seconds=0.05
epoch=72/80 loss=0.003219 seconds=0.05
epoch=73/80 loss=0.001684 seconds=0.05
epoch=74/80 loss=0.001043 seconds=0.03
epoch=75/80 loss=0.000715 seconds=0.05
epoch=76/80 loss=0.000900 seconds=0.05
epoch=77/80 loss=0.000638 seconds=0.03
epoch=78/80 loss=0.000682 seconds=0.05
epoch=79/80 loss=0.000569 seconds=0.05
epoch=80/80 loss=0.000620 seconds=0.03
{"accuracy": 0.7792207792207793, "balanced_accuracy": 0.6845238095238095, "sensitivity": 0.47619047619047616, "specificity": 0.8928571428571429, "f1_macro": 0.6976206976206976, "roc_auc": 0.8256802721088435, "confusion_matrix": [[50, 6], [11, 10]], "classification_report": {"0": {"precision": 0.819672131147541, "recall": 0.8928571428571429, "f1-score": 0.8547008547008547, "support": 56.0}, "1": {"precision": 0.625, "recall": 0.47619047619047616, "f1-score": 0.5405405405405406, "support": 21.0}, "accuracy": 0.7792207792207793, "macro avg": {"precision": 0.7223360655737705, "recall": 0.6845238095238095, "f1-score": 0.6976206976206976, "support": 77.0}, "weighted avg": {"precision": 0.7665797317436661, "recall": 0.7792207792207793, "f1-score": 0.7690207690207691, "support": 77.0}}, "train_rows": 300, "test_rows": 77, "source_features": 8, "model_input_features": [8], "elapsed_seconds": 8.297000000020489}
