Command: ["C:\\Users\\IHCK\\AppData\\Local\\Programs\\Python\\Python312\\python.exe", "-u", "C:\\Users\\IHCK\\Desktop\\1_10_69Final\\Hippocampal-Shape-Analysis-for-Epilepsy-Detection\\Model\\train_dataset_model.py", "--dataset", "plsda_latent_features", "--side", "left", "--model", "SqueezeNet", "--kind", "latent", "--train-csv", "C:\\Users\\IHCK\\Desktop\\1_10_69Final\\Hippocampal-Shape-Analysis-for-Epilepsy-Detection\\Output_Dataset\\plsda_latent_features\\left\\train_plsda_latent_features.csv", "--test-csv", "C:\\Users\\IHCK\\Desktop\\1_10_69Final\\Hippocampal-Shape-Analysis-for-Epilepsy-Detection\\Output_Dataset\\plsda_latent_features\\left\\test_plsda_latent_features.csv", "--output-dir", "C:\\Users\\IHCK\\Desktop\\1_10_69Final\\Hippocampal-Shape-Analysis-for-Epilepsy-Detection\\Model_Results\\dataset_runs_20261003\\plsda_latent_features\\left\\SqueezeNet", "--epochs", "80", "--pls-components", "8", "--seed", "42", "--threads", "2"]
dataset=plsda_latent_features side=left model=SqueezeNet; train=300 test=73 features=8
Fixed settings. Full training fit; no cross-validation or test-based selection.
Device=cuda; epochs=80; batch=32; model=SqueezeNet1D
epoch=1/80 loss=0.888210 seconds=0.38
epoch=2/80 loss=0.886437 seconds=0.03
epoch=3/80 loss=0.883637 seconds=0.03
epoch=4/80 loss=0.870868 seconds=0.03
epoch=5/80 loss=0.828520 seconds=0.03
epoch=6/80 loss=0.698563 seconds=0.03
epoch=7/80 loss=0.440501 seconds=0.03
epoch=8/80 loss=0.259570 seconds=0.03
epoch=9/80 loss=0.199598 seconds=0.03
epoch=10/80 loss=0.157866 seconds=0.05
epoch=11/80 loss=0.134682 seconds=0.03
epoch=12/80 loss=0.114879 seconds=0.03
epoch=13/80 loss=0.139973 seconds=0.03
epoch=14/80 loss=0.094520 seconds=0.03
epoch=15/80 loss=0.088176 seconds=0.03
epoch=16/80 loss=0.095293 seconds=0.03
epoch=17/80 loss=0.089706 seconds=0.03
epoch=18/80 loss=0.093791 seconds=0.03
epoch=19/80 loss=0.098421 seconds=0.03
epoch=20/80 loss=0.096376 seconds=0.03
epoch=21/80 loss=0.090413 seconds=0.03
epoch=22/80 loss=0.077204 seconds=0.03
epoch=23/80 loss=0.062526 seconds=0.03
epoch=24/80 loss=0.063487 seconds=0.03
epoch=25/80 loss=0.082915 seconds=0.03
epoch=26/80 loss=0.065367 seconds=0.03
epoch=27/80 loss=0.062707 seconds=0.03
epoch=28/80 loss=0.070464 seconds=0.05
epoch=29/80 loss=0.064214 seconds=0.03
epoch=30/80 loss=0.064858 seconds=0.03
epoch=31/80 loss=0.099639 seconds=0.03
epoch=32/80 loss=0.067780 seconds=0.03
epoch=33/80 loss=0.072603 seconds=0.03
epoch=34/80 loss=0.069133 seconds=0.03
epoch=35/80 loss=0.054737 seconds=0.05
epoch=36/80 loss=0.058567 seconds=0.03
epoch=37/80 loss=0.040265 seconds=0.03
epoch=38/80 loss=0.043136 seconds=0.03
epoch=39/80 loss=0.063354 seconds=0.03
epoch=40/80 loss=0.058615 seconds=0.03
epoch=41/80 loss=0.055811 seconds=0.03
epoch=42/80 loss=0.054703 seconds=0.03
epoch=43/80 loss=0.053681 seconds=0.03
epoch=44/80 loss=0.065461 seconds=0.03
epoch=45/80 loss=0.040702 seconds=0.03
epoch=46/80 loss=0.059442 seconds=0.03
epoch=47/80 loss=0.035939 seconds=0.03
epoch=48/80 loss=0.046800 seconds=0.03
epoch=49/80 loss=0.034343 seconds=0.03
epoch=50/80 loss=0.049152 seconds=0.03
epoch=51/80 loss=0.036753 seconds=0.03
epoch=52/80 loss=0.103740 seconds=0.03
epoch=53/80 loss=0.078408 seconds=0.03
epoch=54/80 loss=0.073219 seconds=0.03
epoch=55/80 loss=0.052010 seconds=0.03
epoch=56/80 loss=0.054657 seconds=0.03
epoch=57/80 loss=0.050759 seconds=0.03
epoch=58/80 loss=0.059458 seconds=0.03
epoch=59/80 loss=0.054265 seconds=0.05
epoch=60/80 loss=0.055099 seconds=0.03
epoch=61/80 loss=0.035105 seconds=0.03
epoch=62/80 loss=0.030063 seconds=0.03
epoch=63/80 loss=0.040887 seconds=0.03
epoch=64/80 loss=0.023962 seconds=0.03
epoch=65/80 loss=0.035095 seconds=0.03
epoch=66/80 loss=0.035707 seconds=0.03
epoch=67/80 loss=0.034471 seconds=0.03
epoch=68/80 loss=0.030658 seconds=0.03
epoch=69/80 loss=0.046429 seconds=0.03
epoch=70/80 loss=0.044805 seconds=0.03
epoch=71/80 loss=0.031818 seconds=0.05
epoch=72/80 loss=0.023290 seconds=0.03
epoch=73/80 loss=0.032257 seconds=0.03
epoch=74/80 loss=0.044017 seconds=0.02
epoch=75/80 loss=0.099222 seconds=0.03
epoch=76/80 loss=0.089103 seconds=0.03
epoch=77/80 loss=0.030941 seconds=0.03
epoch=78/80 loss=0.031021 seconds=0.05
epoch=79/80 loss=0.036889 seconds=0.03
epoch=80/80 loss=0.025454 seconds=0.03
{"accuracy": 0.7123287671232876, "balanced_accuracy": 0.7164484451718494, "sensitivity": 0.7307692307692307, "specificity": 0.7021276595744681, "f1_macro": 0.7013442431326709, "roc_auc": 0.8424713584288053, "confusion_matrix": [[33, 14], [7, 19]], "classification_report": {"0": {"precision": 0.825, "recall": 0.7021276595744681, "f1-score": 0.7586206896551724, "support": 47.0}, "1": {"precision": 0.5757575757575758, "recall": 0.7307692307692307, "f1-score": 0.6440677966101694, "support": 26.0}, "accuracy": 0.7123287671232876, "macro avg": {"precision": 0.7003787878787879, "recall": 0.7164484451718494, "f1-score": 0.7013442431326709, "support": 73.0}, "weighted avg": {"precision": 0.7362287256122872, "recall": 0.7123287671232876, "f1-score": 0.717821029118596, "support": 73.0}}, "train_rows": 300, "test_rows": 73, "source_features": 8, "model_input_features": [8], "elapsed_seconds": 5.85999999998603}
