Command: ["C:\\Users\\IHCK\\AppData\\Local\\Programs\\Python\\Python312\\python.exe", "-u", "C:\\Users\\IHCK\\Desktop\\1_10_69Final\\Hippocampal-Shape-Analysis-for-Epilepsy-Detection\\Model\\train_dataset_model.py", "--dataset", "plsda_latent_features", "--side", "right", "--model", "SqueezeNet", "--kind", "latent", "--train-csv", "C:\\Users\\IHCK\\Desktop\\1_10_69Final\\Hippocampal-Shape-Analysis-for-Epilepsy-Detection\\Output_Dataset\\plsda_latent_features\\right\\train_plsda_latent_features.csv", "--test-csv", "C:\\Users\\IHCK\\Desktop\\1_10_69Final\\Hippocampal-Shape-Analysis-for-Epilepsy-Detection\\Output_Dataset\\plsda_latent_features\\right\\test_plsda_latent_features.csv", "--output-dir", "C:\\Users\\IHCK\\Desktop\\1_10_69Final\\Hippocampal-Shape-Analysis-for-Epilepsy-Detection\\Model_Results\\dataset_runs_20261003\\plsda_latent_features\\right\\SqueezeNet", "--epochs", "80", "--pls-components", "8", "--seed", "42", "--threads", "2"]
dataset=plsda_latent_features side=right model=SqueezeNet; train=300 test=77 features=8
Fixed settings. Full training fit; no cross-validation or test-based selection.
Device=cuda; epochs=80; batch=32; model=SqueezeNet1D
epoch=1/80 loss=1.013861 seconds=0.38
epoch=2/80 loss=1.012064 seconds=0.03
epoch=3/80 loss=1.011619 seconds=0.05
epoch=4/80 loss=1.010100 seconds=0.03
epoch=5/80 loss=1.007355 seconds=0.05
epoch=6/80 loss=0.992097 seconds=0.03
epoch=7/80 loss=0.948995 seconds=0.05
epoch=8/80 loss=0.845625 seconds=0.03
epoch=9/80 loss=0.715536 seconds=0.05
epoch=10/80 loss=0.652675 seconds=0.03
epoch=11/80 loss=0.595708 seconds=0.05
epoch=12/80 loss=0.557416 seconds=0.03
epoch=13/80 loss=0.527667 seconds=0.05
epoch=14/80 loss=0.499955 seconds=0.03
epoch=15/80 loss=0.487632 seconds=0.05
epoch=16/80 loss=0.468638 seconds=0.03
epoch=17/80 loss=0.432362 seconds=0.03
epoch=18/80 loss=0.413357 seconds=0.03
epoch=19/80 loss=0.415602 seconds=0.03
epoch=20/80 loss=0.402666 seconds=0.03
epoch=21/80 loss=0.391120 seconds=0.03
epoch=22/80 loss=0.356632 seconds=0.03
epoch=23/80 loss=0.363392 seconds=0.03
epoch=24/80 loss=0.322071 seconds=0.03
epoch=25/80 loss=0.324796 seconds=0.03
epoch=26/80 loss=0.331216 seconds=0.03
epoch=27/80 loss=0.299370 seconds=0.02
epoch=28/80 loss=0.297831 seconds=0.03
epoch=29/80 loss=0.376510 seconds=0.03
epoch=30/80 loss=0.306888 seconds=0.03
epoch=31/80 loss=0.264576 seconds=0.03
epoch=32/80 loss=0.270665 seconds=0.03
epoch=33/80 loss=0.307874 seconds=0.03
epoch=34/80 loss=0.264619 seconds=0.03
epoch=35/80 loss=0.296715 seconds=0.03
epoch=36/80 loss=0.293664 seconds=0.02
epoch=37/80 loss=0.259460 seconds=0.03
epoch=38/80 loss=0.248821 seconds=0.03
epoch=39/80 loss=0.225623 seconds=0.03
epoch=40/80 loss=0.253884 seconds=0.03
epoch=41/80 loss=0.235086 seconds=0.03
epoch=42/80 loss=0.173424 seconds=0.02
epoch=43/80 loss=0.194480 seconds=0.03
epoch=44/80 loss=0.196544 seconds=0.03
epoch=45/80 loss=0.159110 seconds=0.02
epoch=46/80 loss=0.184361 seconds=0.03
epoch=47/80 loss=0.151167 seconds=0.03
epoch=48/80 loss=0.153303 seconds=0.03
epoch=49/80 loss=0.149526 seconds=0.02
epoch=50/80 loss=0.123619 seconds=0.03
epoch=51/80 loss=0.124814 seconds=0.03
epoch=52/80 loss=0.144834 seconds=0.03
epoch=53/80 loss=0.122188 seconds=0.03
epoch=54/80 loss=0.098518 seconds=0.03
epoch=55/80 loss=0.114703 seconds=0.02
epoch=56/80 loss=0.098756 seconds=0.03
epoch=57/80 loss=0.096024 seconds=0.03
epoch=58/80 loss=0.083902 seconds=0.03
epoch=59/80 loss=0.081598 seconds=0.03
epoch=60/80 loss=0.101633 seconds=0.03
epoch=61/80 loss=0.088470 seconds=0.02
epoch=62/80 loss=0.055212 seconds=0.03
epoch=63/80 loss=0.071869 seconds=0.03
epoch=64/80 loss=0.044037 seconds=0.03
epoch=65/80 loss=0.040933 seconds=0.02
epoch=66/80 loss=0.051121 seconds=0.03
epoch=67/80 loss=0.081848 seconds=0.03
epoch=68/80 loss=0.061355 seconds=0.03
epoch=69/80 loss=0.101414 seconds=0.03
epoch=70/80 loss=0.073428 seconds=0.03
epoch=71/80 loss=0.041241 seconds=0.02
epoch=72/80 loss=0.069513 seconds=0.03
epoch=73/80 loss=0.056879 seconds=0.03
epoch=74/80 loss=0.037805 seconds=0.02
epoch=75/80 loss=0.048192 seconds=0.03
epoch=76/80 loss=0.057028 seconds=0.03
epoch=77/80 loss=0.047992 seconds=0.03
epoch=78/80 loss=0.067807 seconds=0.03
epoch=79/80 loss=0.037992 seconds=0.02
epoch=80/80 loss=0.062352 seconds=0.03
{"accuracy": 0.8701298701298701, "balanced_accuracy": 0.8660714285714286, "sensitivity": 0.8571428571428571, "specificity": 0.875, "f1_macro": 0.8450080515297906, "roc_auc": 0.8622448979591837, "confusion_matrix": [[49, 7], [3, 18]], "classification_report": {"0": {"precision": 0.9423076923076923, "recall": 0.875, "f1-score": 0.9074074074074074, "support": 56.0}, "1": {"precision": 0.72, "recall": 0.8571428571428571, "f1-score": 0.782608695652174, "support": 21.0}, "accuracy": 0.8701298701298701, "macro avg": {"precision": 0.8311538461538461, "recall": 0.8660714285714286, "f1-score": 0.8450080515297906, "support": 77.0}, "weighted avg": {"precision": 0.8816783216783216, "recall": 0.8701298701298701, "f1-score": 0.8733713951105255, "support": 77.0}}, "train_rows": 300, "test_rows": 77, "source_features": 8, "model_input_features": [8], "elapsed_seconds": 5.702999999979511}
