Command: ["C:\\Users\\IHCK\\AppData\\Local\\Programs\\Python\\Python312\\python.exe", "-u", "C:\\Users\\IHCK\\Desktop\\1_10_69Final\\Hippocampal-Shape-Analysis-for-Epilepsy-Detection\\Model\\train_dataset_model.py", "--dataset", "plsda_latent_features", "--side", "right", "--model", "MLP", "--kind", "latent", "--train-csv", "C:\\Users\\IHCK\\Desktop\\1_10_69Final\\Hippocampal-Shape-Analysis-for-Epilepsy-Detection\\Output_Dataset\\plsda_latent_features\\right\\train_plsda_latent_features.csv", "--test-csv", "C:\\Users\\IHCK\\Desktop\\1_10_69Final\\Hippocampal-Shape-Analysis-for-Epilepsy-Detection\\Output_Dataset\\plsda_latent_features\\right\\test_plsda_latent_features.csv", "--output-dir", "C:\\Users\\IHCK\\Desktop\\1_10_69Final\\Hippocampal-Shape-Analysis-for-Epilepsy-Detection\\Model_Results\\dataset_runs_20261003\\plsda_latent_features\\right\\MLP", "--epochs", "80", "--pls-components", "8", "--seed", "42", "--threads", "2"]
dataset=plsda_latent_features side=right model=MLP; train=300 test=77 features=8
Fixed settings. Full training fit; no cross-validation or test-based selection.
Iteration 1, loss = 0.73360002
Iteration 2, loss = 0.67245764
Iteration 3, loss = 0.62108642
Iteration 4, loss = 0.57415591
Iteration 5, loss = 0.53206943
Iteration 6, loss = 0.49408018
Iteration 7, loss = 0.45820814
Iteration 8, loss = 0.42489253
Iteration 9, loss = 0.39183104
Iteration 10, loss = 0.35999492
Iteration 11, loss = 0.32820377
Iteration 12, loss = 0.29684871
Iteration 13, loss = 0.26681830
Iteration 14, loss = 0.23848217
Iteration 15, loss = 0.21109755
Iteration 16, loss = 0.18706246
Iteration 17, loss = 0.16432634
Iteration 18, loss = 0.14431890
Iteration 19, loss = 0.12642967
Iteration 20, loss = 0.11123926
Iteration 21, loss = 0.09756285
Iteration 22, loss = 0.08585382
Iteration 23, loss = 0.07552522
Iteration 24, loss = 0.06680870
Iteration 25, loss = 0.05914656
Iteration 26, loss = 0.05276162
Iteration 27, loss = 0.04718368
Iteration 28, loss = 0.04246840
Iteration 29, loss = 0.03838082
Iteration 30, loss = 0.03495496
Iteration 31, loss = 0.03186992
Iteration 32, loss = 0.02927311
Iteration 33, loss = 0.02700726
Iteration 34, loss = 0.02502879
Iteration 35, loss = 0.02327701
Iteration 36, loss = 0.02170506
Iteration 37, loss = 0.02041072
Iteration 38, loss = 0.01920661
Iteration 39, loss = 0.01808258
Iteration 40, loss = 0.01704759
Iteration 41, loss = 0.01621870
Iteration 42, loss = 0.01544003
Iteration 43, loss = 0.01466190
Iteration 44, loss = 0.01399248
Iteration 45, loss = 0.01342081
Iteration 46, loss = 0.01282405
Iteration 47, loss = 0.01230933
Iteration 48, loss = 0.01183158
Iteration 49, loss = 0.01135322
Iteration 50, loss = 0.01096993
Iteration 51, loss = 0.01054514
Iteration 52, loss = 0.01019658
Iteration 53, loss = 0.00986704
Iteration 54, loss = 0.00954622
Iteration 55, loss = 0.00921947
Iteration 56, loss = 0.00894532
Iteration 57, loss = 0.00865628
Iteration 58, loss = 0.00837577
Iteration 59, loss = 0.00812581
Iteration 60, loss = 0.00790873
Iteration 61, loss = 0.00764643
Iteration 62, loss = 0.00744262
Iteration 63, loss = 0.00723800
Iteration 64, loss = 0.00702803
Iteration 65, loss = 0.00683669
Iteration 66, loss = 0.00664691
Iteration 67, loss = 0.00647259
Iteration 68, loss = 0.00630297
Iteration 69, loss = 0.00614686
Iteration 70, loss = 0.00599130
Iteration 71, loss = 0.00587178
Iteration 72, loss = 0.00572473
Iteration 73, loss = 0.00560394
Iteration 74, loss = 0.00546214
Iteration 75, loss = 0.00534325
Iteration 76, loss = 0.00521046
Iteration 77, loss = 0.00509464
Iteration 78, loss = 0.00498438
Iteration 79, loss = 0.00486346
Iteration 80, loss = 0.00475456
Iteration 81, loss = 0.00466971
Iteration 82, loss = 0.00456731
Iteration 83, loss = 0.00447994
Iteration 84, loss = 0.00438627
Iteration 85, loss = 0.00431661
Iteration 86, loss = 0.00422636
Iteration 87, loss = 0.00414695
Iteration 88, loss = 0.00405579
Iteration 89, loss = 0.00399422
Iteration 90, loss = 0.00391534
Iteration 91, loss = 0.00383932
Iteration 92, loss = 0.00377308
Iteration 93, loss = 0.00371305
Training loss did not improve more than tol=0.000100 for 10 consecutive epochs. Stopping.
{"accuracy": 0.7792207792207793, "balanced_accuracy": 0.7291666666666667, "sensitivity": 0.6190476190476191, "specificity": 0.8392857142857143, "f1_macro": 0.7257490048187722, "roc_auc": 0.8316326530612245, "confusion_matrix": [[47, 9], [8, 13]], "classification_report": {"0": {"precision": 0.8545454545454545, "recall": 0.8392857142857143, "f1-score": 0.8468468468468469, "support": 56.0}, "1": {"precision": 0.5909090909090909, "recall": 0.6190476190476191, "f1-score": 0.6046511627906976, "support": 21.0}, "accuracy": 0.7792207792207793, "macro avg": {"precision": 0.7227272727272727, "recall": 0.7291666666666667, "f1-score": 0.7257490048187722, "support": 77.0}, "weighted avg": {"precision": 0.7826446280991736, "recall": 0.7792207792207793, "f1-score": 0.780793478467897, "support": 77.0}}, "train_rows": 300, "test_rows": 77, "source_features": 8, "model_input_features": [8], "elapsed_seconds": 0.125}
