Command: ["C:\\Users\\IHCK\\AppData\\Local\\Programs\\Python\\Python312\\python.exe", "-u", "C:\\Users\\IHCK\\Desktop\\1_10_69Final\\Hippocampal-Shape-Analysis-for-Epilepsy-Detection\\Model\\train_dataset_model.py", "--dataset", "plsda_latent_features", "--side", "right", "--model", "ResNetAE", "--kind", "latent", "--train-csv", "C:\\Users\\IHCK\\Desktop\\1_10_69Final\\Hippocampal-Shape-Analysis-for-Epilepsy-Detection\\Output_Dataset\\plsda_latent_features\\right\\train_plsda_latent_features.csv", "--test-csv", "C:\\Users\\IHCK\\Desktop\\1_10_69Final\\Hippocampal-Shape-Analysis-for-Epilepsy-Detection\\Output_Dataset\\plsda_latent_features\\right\\test_plsda_latent_features.csv", "--output-dir", "C:\\Users\\IHCK\\Desktop\\1_10_69Final\\Hippocampal-Shape-Analysis-for-Epilepsy-Detection\\Model_Results\\dataset_runs_20261003\\plsda_latent_features\\right\\ResNetAE", "--epochs", "80", "--pls-components", "8", "--seed", "42", "--threads", "2"]
dataset=plsda_latent_features side=right model=ResNetAE; train=300 test=77 features=8
Fixed settings. Full training fit; no cross-validation or test-based selection.
Device=cuda; epochs=80; batch=32; model=ResNetAutoencoder1D
epoch=1/80 loss=0.846662 seconds=0.42
epoch=2/80 loss=0.330105 seconds=0.05
epoch=3/80 loss=0.205395 seconds=0.06
epoch=4/80 loss=0.179763 seconds=0.06
epoch=5/80 loss=0.133884 seconds=0.06
epoch=6/80 loss=0.101149 seconds=0.06
epoch=7/80 loss=0.089911 seconds=0.05
epoch=8/80 loss=0.068522 seconds=0.06
epoch=9/80 loss=0.085728 seconds=0.06
epoch=10/80 loss=0.069471 seconds=0.05
epoch=11/80 loss=0.060980 seconds=0.06
epoch=12/80 loss=0.053194 seconds=0.06
epoch=13/80 loss=0.052551 seconds=0.05
epoch=14/80 loss=0.057657 seconds=0.06
epoch=15/80 loss=0.043300 seconds=0.06
epoch=16/80 loss=0.037174 seconds=0.06
epoch=17/80 loss=0.044598 seconds=0.06
epoch=18/80 loss=0.050899 seconds=0.05
epoch=19/80 loss=0.059383 seconds=0.06
epoch=20/80 loss=0.057699 seconds=0.05
epoch=21/80 loss=0.083719 seconds=0.06
epoch=22/80 loss=0.077789 seconds=0.06
epoch=23/80 loss=0.067963 seconds=0.06
epoch=24/80 loss=0.055276 seconds=0.06
epoch=25/80 loss=0.051088 seconds=0.05
epoch=26/80 loss=0.046518 seconds=0.06
epoch=27/80 loss=0.039641 seconds=0.06
epoch=28/80 loss=0.044873 seconds=0.05
epoch=29/80 loss=0.033312 seconds=0.06
epoch=30/80 loss=0.033627 seconds=0.05
epoch=31/80 loss=0.035272 seconds=0.06
epoch=32/80 loss=0.038978 seconds=0.06
epoch=33/80 loss=0.037192 seconds=0.06
epoch=34/80 loss=0.032779 seconds=0.05
epoch=35/80 loss=0.038616 seconds=0.06
epoch=36/80 loss=0.029918 seconds=0.06
epoch=37/80 loss=0.032798 seconds=0.06
epoch=38/80 loss=0.032566 seconds=0.06
epoch=39/80 loss=0.028199 seconds=0.06
epoch=40/80 loss=0.023847 seconds=0.06
epoch=41/80 loss=0.025922 seconds=0.05
epoch=42/80 loss=0.022856 seconds=0.06
epoch=43/80 loss=0.026188 seconds=0.05
epoch=44/80 loss=0.028328 seconds=0.06
epoch=45/80 loss=0.025988 seconds=0.06
epoch=46/80 loss=0.021945 seconds=0.06
epoch=47/80 loss=0.020448 seconds=0.06
epoch=48/80 loss=0.024729 seconds=0.05
epoch=49/80 loss=0.023538 seconds=0.06
epoch=50/80 loss=0.021880 seconds=0.06
epoch=51/80 loss=0.024768 seconds=0.05
epoch=52/80 loss=0.026363 seconds=0.06
epoch=53/80 loss=0.026146 seconds=0.06
epoch=54/80 loss=0.038575 seconds=0.06
epoch=55/80 loss=0.028130 seconds=0.05
epoch=56/80 loss=0.025157 seconds=0.06
epoch=57/80 loss=0.018677 seconds=0.06
epoch=58/80 loss=0.021135 seconds=0.05
epoch=59/80 loss=0.021972 seconds=0.06
epoch=60/80 loss=0.021726 seconds=0.06
epoch=61/80 loss=0.023891 seconds=0.06
epoch=62/80 loss=0.020614 seconds=0.06
epoch=63/80 loss=0.021115 seconds=0.06
epoch=64/80 loss=0.019151 seconds=0.06
epoch=65/80 loss=0.020848 seconds=0.06
epoch=66/80 loss=0.018703 seconds=0.05
epoch=67/80 loss=0.016593 seconds=0.06
epoch=68/80 loss=0.018234 seconds=0.06
epoch=69/80 loss=0.014823 seconds=0.06
epoch=70/80 loss=0.014363 seconds=0.06
epoch=71/80 loss=0.017317 seconds=0.05
epoch=72/80 loss=0.018551 seconds=0.06
epoch=73/80 loss=0.018591 seconds=0.06
epoch=74/80 loss=0.017512 seconds=0.06
epoch=75/80 loss=0.019416 seconds=0.05
epoch=76/80 loss=0.018893 seconds=0.06
epoch=77/80 loss=0.015301 seconds=0.06
epoch=78/80 loss=0.017351 seconds=0.06
epoch=79/80 loss=0.013569 seconds=0.06
epoch=80/80 loss=0.015237 seconds=0.06
{"accuracy": 0.8571428571428571, "balanced_accuracy": 0.7827380952380952, "sensitivity": 0.6190476190476191, "specificity": 0.9464285714285714, "f1_macro": 0.8043428043428044, "roc_auc": 0.8469387755102041, "confusion_matrix": [[53, 3], [8, 13]], "classification_report": {"0": {"precision": 0.8688524590163934, "recall": 0.9464285714285714, "f1-score": 0.905982905982906, "support": 56.0}, "1": {"precision": 0.8125, "recall": 0.6190476190476191, "f1-score": 0.7027027027027027, "support": 21.0}, "accuracy": 0.8571428571428571, "macro avg": {"precision": 0.8406762295081966, "recall": 0.7827380952380952, "f1-score": 0.8043428043428044, "support": 77.0}, "weighted avg": {"precision": 0.8534836065573771, "recall": 0.8571428571428571, "f1-score": 0.8505428505428506, "support": 77.0}}, "train_rows": 300, "test_rows": 77, "source_features": 8, "model_input_features": [8], "elapsed_seconds": 7.984000000054948}
