Command: ["C:\\Users\\IHCK\\AppData\\Local\\Programs\\Python\\Python312\\python.exe", "-u", "C:\\Users\\IHCK\\Desktop\\1_10_69Final\\Hippocampal-Shape-Analysis-for-Epilepsy-Detection\\Model\\train_dataset_model.py", "--dataset", "pointnet_raw", "--side", "right", "--model", "PointNet", "--kind", "xyz", "--train-csv", "C:\\Users\\IHCK\\Desktop\\1_10_69Final\\Hippocampal-Shape-Analysis-for-Epilepsy-Detection\\Output_Dataset\\pointnet_raw\\right\\train_prepared.csv", "--test-csv", "C:\\Users\\IHCK\\Desktop\\1_10_69Final\\Hippocampal-Shape-Analysis-for-Epilepsy-Detection\\Output_Dataset\\pointnet_raw\\right\\test_prepared.csv", "--output-dir", "C:\\Users\\IHCK\\Desktop\\1_10_69Final\\Hippocampal-Shape-Analysis-for-Epilepsy-Detection\\Model_Results\\dataset_runs_20261003\\pointnet_raw\\right\\PointNet", "--epochs", "80", "--pls-components", "8", "--seed", "42", "--threads", "2"]
dataset=pointnet_raw side=right model=PointNet; train=300 test=77 features=3006
Fixed settings. Full training fit; no cross-validation or test-based selection.
Device=cuda; epochs=80; batch=32; model=PointNetDual
epoch=1/80 loss=0.749025 seconds=0.42
epoch=2/80 loss=0.653908 seconds=0.11
epoch=3/80 loss=0.577845 seconds=0.12
epoch=4/80 loss=0.529672 seconds=0.11
epoch=5/80 loss=0.541373 seconds=0.12
epoch=6/80 loss=0.479598 seconds=0.11
epoch=7/80 loss=0.433996 seconds=0.12
epoch=8/80 loss=0.430958 seconds=0.11
epoch=9/80 loss=0.459570 seconds=0.11
epoch=10/80 loss=0.404062 seconds=0.12
epoch=11/80 loss=0.329954 seconds=0.11
epoch=12/80 loss=0.318566 seconds=0.12
epoch=13/80 loss=0.282943 seconds=0.11
epoch=14/80 loss=0.308475 seconds=0.11
epoch=15/80 loss=0.265464 seconds=0.12
epoch=16/80 loss=0.234321 seconds=0.11
epoch=17/80 loss=0.239422 seconds=0.11
epoch=18/80 loss=0.293161 seconds=0.12
epoch=19/80 loss=0.276002 seconds=0.11
epoch=20/80 loss=0.249453 seconds=0.12
epoch=21/80 loss=0.280308 seconds=0.11
epoch=22/80 loss=0.211874 seconds=0.12
epoch=23/80 loss=0.274297 seconds=0.11
epoch=24/80 loss=0.217478 seconds=0.12
epoch=25/80 loss=0.216870 seconds=0.11
epoch=26/80 loss=0.232164 seconds=0.12
epoch=27/80 loss=0.151463 seconds=0.11
epoch=28/80 loss=0.273708 seconds=0.11
epoch=29/80 loss=0.195667 seconds=0.12
epoch=30/80 loss=0.136386 seconds=0.11
epoch=31/80 loss=0.152161 seconds=0.11
epoch=32/80 loss=0.203044 seconds=0.12
epoch=33/80 loss=0.195952 seconds=0.11
epoch=34/80 loss=0.117406 seconds=0.11
epoch=35/80 loss=0.189802 seconds=0.12
epoch=36/80 loss=0.306083 seconds=0.11
epoch=37/80 loss=0.376285 seconds=0.11
epoch=38/80 loss=0.398973 seconds=0.12
epoch=39/80 loss=0.281724 seconds=0.11
epoch=40/80 loss=0.242296 seconds=0.12
epoch=41/80 loss=0.243269 seconds=0.11
epoch=42/80 loss=0.173360 seconds=0.11
epoch=43/80 loss=0.243629 seconds=0.12
epoch=44/80 loss=0.155962 seconds=0.11
epoch=45/80 loss=0.105358 seconds=0.11
epoch=46/80 loss=0.120607 seconds=0.12
epoch=47/80 loss=0.214507 seconds=0.11
epoch=48/80 loss=0.155588 seconds=0.11
epoch=49/80 loss=0.095978 seconds=0.12
epoch=50/80 loss=0.126147 seconds=0.12
epoch=51/80 loss=0.116422 seconds=0.11
epoch=52/80 loss=0.138016 seconds=0.12
epoch=53/80 loss=0.152783 seconds=0.11
epoch=54/80 loss=0.153352 seconds=0.12
epoch=55/80 loss=0.160551 seconds=0.12
epoch=56/80 loss=0.105402 seconds=0.11
epoch=57/80 loss=0.121586 seconds=0.12
epoch=58/80 loss=0.102478 seconds=0.11
epoch=59/80 loss=0.165173 seconds=0.12
epoch=60/80 loss=0.079782 seconds=0.12
epoch=61/80 loss=0.134603 seconds=0.11
epoch=62/80 loss=0.094783 seconds=0.12
epoch=63/80 loss=0.209336 seconds=0.11
epoch=64/80 loss=0.124535 seconds=0.12
epoch=65/80 loss=0.108003 seconds=0.11
epoch=66/80 loss=0.105289 seconds=0.12
epoch=67/80 loss=0.102058 seconds=0.12
epoch=68/80 loss=0.129747 seconds=0.11
epoch=69/80 loss=0.121436 seconds=0.12
epoch=70/80 loss=0.071378 seconds=0.11
epoch=71/80 loss=0.057471 seconds=0.12
epoch=72/80 loss=0.043259 seconds=0.12
epoch=73/80 loss=0.038209 seconds=0.11
epoch=74/80 loss=0.182157 seconds=0.12
epoch=75/80 loss=0.156029 seconds=0.11
epoch=76/80 loss=0.065680 seconds=0.12
epoch=77/80 loss=0.109647 seconds=0.12
epoch=78/80 loss=0.131995 seconds=0.11
epoch=79/80 loss=0.096510 seconds=0.12
epoch=80/80 loss=0.127977 seconds=0.11
{"accuracy": 0.7012987012987013, "balanced_accuracy": 0.6607142857142857, "sensitivity": 0.5714285714285714, "specificity": 0.75, "f1_macro": 0.6478425134221515, "roc_auc": 0.7134353741496599, "confusion_matrix": [[42, 14], [9, 12]], "classification_report": {"0": {"precision": 0.8235294117647058, "recall": 0.75, "f1-score": 0.7850467289719626, "support": 56.0}, "1": {"precision": 0.46153846153846156, "recall": 0.5714285714285714, "f1-score": 0.5106382978723404, "support": 21.0}, "accuracy": 0.7012987012987013, "macro avg": {"precision": 0.6425339366515836, "recall": 0.6607142857142857, "f1-score": 0.6478425134221515, "support": 77.0}, "weighted avg": {"precision": 0.7248046071575484, "recall": 0.7012987012987013, "f1-score": 0.7102080659447929, "support": 77.0}}, "train_rows": 300, "test_rows": 77, "source_features": 3006, "model_input_features": [3, 1002], "elapsed_seconds": 12.703000000095926}
