Command: ["C:\\Users\\IHCK\\AppData\\Local\\Programs\\Python\\Python312\\python.exe", "-u", "C:\\Users\\IHCK\\Desktop\\1_10_69Final\\Hippocampal-Shape-Analysis-for-Epilepsy-Detection\\Model\\train_dataset_model.py", "--dataset", "pointnet_plsda", "--side", "left", "--model", "PointNet", "--kind", "xyz", "--train-csv", "C:\\Users\\IHCK\\Desktop\\1_10_69Final\\Hippocampal-Shape-Analysis-for-Epilepsy-Detection\\Output_Dataset\\pointnet_plsda\\left\\train_prepared.csv", "--test-csv", "C:\\Users\\IHCK\\Desktop\\1_10_69Final\\Hippocampal-Shape-Analysis-for-Epilepsy-Detection\\Output_Dataset\\pointnet_plsda\\left\\test_prepared.csv", "--output-dir", "C:\\Users\\IHCK\\Desktop\\1_10_69Final\\Hippocampal-Shape-Analysis-for-Epilepsy-Detection\\Model_Results\\dataset_runs_20261003\\pointnet_plsda\\left\\PointNet", "--epochs", "80", "--pls-components", "8", "--seed", "42", "--threads", "2"]
dataset=pointnet_plsda side=left model=PointNet; train=384 test=73 features=3006
Fixed settings. Full training fit; no cross-validation or test-based selection.
Device=cuda; epochs=80; batch=32; model=PointNetDual
epoch=1/80 loss=0.704405 seconds=0.47
epoch=2/80 loss=0.524250 seconds=0.14
epoch=3/80 loss=0.410773 seconds=0.14
epoch=4/80 loss=0.356180 seconds=0.16
epoch=5/80 loss=0.407341 seconds=0.14
epoch=6/80 loss=0.332992 seconds=0.14
epoch=7/80 loss=0.269690 seconds=0.16
epoch=8/80 loss=0.269202 seconds=0.14
epoch=9/80 loss=0.219938 seconds=0.14
epoch=10/80 loss=0.195930 seconds=0.16
epoch=11/80 loss=0.235282 seconds=0.14
epoch=12/80 loss=0.267548 seconds=0.14
epoch=13/80 loss=0.307876 seconds=0.14
epoch=14/80 loss=0.272580 seconds=0.16
epoch=15/80 loss=0.214275 seconds=0.14
epoch=16/80 loss=0.153377 seconds=0.14
epoch=17/80 loss=0.215528 seconds=0.16
epoch=18/80 loss=0.248558 seconds=0.14
epoch=19/80 loss=0.197549 seconds=0.14
epoch=20/80 loss=0.126284 seconds=0.16
epoch=21/80 loss=0.125950 seconds=0.14
epoch=22/80 loss=0.142034 seconds=0.14
epoch=23/80 loss=0.131175 seconds=0.16
epoch=24/80 loss=0.178302 seconds=0.14
epoch=25/80 loss=0.130794 seconds=0.14
epoch=26/80 loss=0.150544 seconds=0.14
epoch=27/80 loss=0.165717 seconds=0.14
epoch=28/80 loss=0.105870 seconds=0.14
epoch=29/80 loss=0.172246 seconds=0.14
epoch=30/80 loss=0.160569 seconds=0.16
epoch=31/80 loss=0.157396 seconds=0.14
epoch=32/80 loss=0.128397 seconds=0.14
epoch=33/80 loss=0.158517 seconds=0.16
epoch=34/80 loss=0.146862 seconds=0.14
epoch=35/80 loss=0.104406 seconds=0.14
epoch=36/80 loss=0.076009 seconds=0.14
epoch=37/80 loss=0.051797 seconds=0.16
epoch=38/80 loss=0.091569 seconds=0.14
epoch=39/80 loss=0.060263 seconds=0.16
epoch=40/80 loss=0.043457 seconds=0.14
epoch=41/80 loss=0.089028 seconds=0.16
epoch=42/80 loss=0.068772 seconds=0.16
epoch=43/80 loss=0.056821 seconds=0.14
epoch=44/80 loss=0.159352 seconds=0.16
epoch=45/80 loss=0.164688 seconds=0.16
epoch=46/80 loss=0.110066 seconds=0.14
epoch=47/80 loss=0.105457 seconds=0.16
epoch=48/80 loss=0.141549 seconds=0.14
epoch=49/80 loss=0.136576 seconds=0.16
epoch=50/80 loss=0.122368 seconds=0.16
epoch=51/80 loss=0.079583 seconds=0.14
epoch=52/80 loss=0.081116 seconds=0.16
epoch=53/80 loss=0.039334 seconds=0.16
epoch=54/80 loss=0.042924 seconds=0.14
epoch=55/80 loss=0.020353 seconds=0.16
epoch=56/80 loss=0.043977 seconds=0.16
epoch=57/80 loss=0.031008 seconds=0.16
epoch=58/80 loss=0.066497 seconds=0.14
epoch=59/80 loss=0.101277 seconds=0.16
epoch=60/80 loss=0.072215 seconds=0.16
epoch=61/80 loss=0.118966 seconds=0.14
epoch=62/80 loss=0.151675 seconds=0.16
epoch=63/80 loss=0.119723 seconds=0.14
epoch=64/80 loss=0.134328 seconds=0.16
epoch=65/80 loss=0.124799 seconds=0.16
epoch=66/80 loss=0.131542 seconds=0.16
epoch=67/80 loss=0.094749 seconds=0.14
epoch=68/80 loss=0.051836 seconds=0.16
epoch=69/80 loss=0.052518 seconds=0.14
epoch=70/80 loss=0.057722 seconds=0.16
epoch=71/80 loss=0.045658 seconds=0.16
epoch=72/80 loss=0.029170 seconds=0.14
epoch=73/80 loss=0.023826 seconds=0.16
epoch=74/80 loss=0.029151 seconds=0.14
epoch=75/80 loss=0.062846 seconds=0.16
epoch=76/80 loss=0.063809 seconds=0.16
epoch=77/80 loss=0.042066 seconds=0.16
epoch=78/80 loss=0.082314 seconds=0.14
epoch=79/80 loss=0.041050 seconds=0.16
epoch=80/80 loss=0.065879 seconds=0.16
{"accuracy": 0.7671232876712328, "balanced_accuracy": 0.6816693944353519, "sensitivity": 0.38461538461538464, "specificity": 0.9787234042553191, "f1_macro": 0.6922886188941235, "roc_auc": 0.7070376432078559, "confusion_matrix": [[46, 1], [16, 10]], "classification_report": {"0": {"precision": 0.7419354838709677, "recall": 0.9787234042553191, "f1-score": 0.8440366972477065, "support": 47.0}, "1": {"precision": 0.9090909090909091, "recall": 0.38461538461538464, "f1-score": 0.5405405405405406, "support": 26.0}, "accuracy": 0.7671232876712328, "macro avg": {"precision": 0.8255131964809383, "recall": 0.6816693944353519, "f1-score": 0.6922886188941235, "support": 73.0}, "weighted avg": {"precision": 0.8014702928534128, "recall": 0.7671232876712328, "f1-score": 0.7359421756807707, "support": 73.0}}, "train_rows": 384, "test_rows": 73, "source_features": 3006, "model_input_features": [3, 1002], "elapsed_seconds": 15.140999999945052}
