Command: ["C:\\Users\\IHCK\\AppData\\Local\\Programs\\Python\\Python312\\python.exe", "-u", "C:\\Users\\IHCK\\Desktop\\1_10_69Final\\Hippocampal-Shape-Analysis-for-Epilepsy-Detection\\Model\\train_dataset_model.py", "--dataset", "pointnet_plsda", "--side", "right", "--model", "PointNet", "--kind", "xyz", "--train-csv", "C:\\Users\\IHCK\\Desktop\\1_10_69Final\\Hippocampal-Shape-Analysis-for-Epilepsy-Detection\\Output_Dataset\\pointnet_plsda\\right\\train_prepared.csv", "--test-csv", "C:\\Users\\IHCK\\Desktop\\1_10_69Final\\Hippocampal-Shape-Analysis-for-Epilepsy-Detection\\Output_Dataset\\pointnet_plsda\\right\\test_prepared.csv", "--output-dir", "C:\\Users\\IHCK\\Desktop\\1_10_69Final\\Hippocampal-Shape-Analysis-for-Epilepsy-Detection\\Model_Results\\dataset_runs_20261003\\pointnet_plsda\\right\\PointNet", "--epochs", "80", "--pls-components", "8", "--seed", "42", "--threads", "2"]
dataset=pointnet_plsda side=right model=PointNet; train=438 test=77 features=3006
Fixed settings. Full training fit; no cross-validation or test-based selection.
Device=cuda; epochs=80; batch=32; model=PointNetDual
epoch=1/80 loss=0.650881 seconds=0.52
epoch=2/80 loss=0.522484 seconds=0.17
epoch=3/80 loss=0.412738 seconds=0.17
epoch=4/80 loss=0.441141 seconds=0.17
epoch=5/80 loss=0.373486 seconds=0.17
epoch=6/80 loss=0.296456 seconds=0.16
epoch=7/80 loss=0.326360 seconds=0.17
epoch=8/80 loss=0.313122 seconds=0.17
epoch=9/80 loss=0.267575 seconds=0.17
epoch=10/80 loss=0.249485 seconds=0.17
epoch=11/80 loss=0.203467 seconds=0.17
epoch=12/80 loss=0.264330 seconds=0.17
epoch=13/80 loss=0.281085 seconds=0.17
epoch=14/80 loss=0.210478 seconds=0.17
epoch=15/80 loss=0.194769 seconds=0.17
epoch=16/80 loss=0.202262 seconds=0.17
epoch=17/80 loss=0.254814 seconds=0.16
epoch=18/80 loss=0.233744 seconds=0.17
epoch=19/80 loss=0.167877 seconds=0.17
epoch=20/80 loss=0.204559 seconds=0.16
epoch=21/80 loss=0.204548 seconds=0.17
epoch=22/80 loss=0.159730 seconds=0.17
epoch=23/80 loss=0.164382 seconds=0.17
epoch=24/80 loss=0.221912 seconds=0.17
epoch=25/80 loss=0.237214 seconds=0.16
epoch=26/80 loss=0.188650 seconds=0.17
epoch=27/80 loss=0.175481 seconds=0.17
epoch=28/80 loss=0.115495 seconds=0.17
epoch=29/80 loss=0.076450 seconds=0.16
epoch=30/80 loss=0.115862 seconds=0.17
epoch=31/80 loss=0.170545 seconds=0.17
epoch=32/80 loss=0.170889 seconds=0.17
epoch=33/80 loss=0.152006 seconds=0.17
epoch=34/80 loss=0.184243 seconds=0.17
epoch=35/80 loss=0.235986 seconds=0.17
epoch=36/80 loss=0.178515 seconds=0.19
epoch=37/80 loss=0.139753 seconds=0.17
epoch=38/80 loss=0.155158 seconds=0.17
epoch=39/80 loss=0.112702 seconds=0.17
epoch=40/80 loss=0.116580 seconds=0.17
epoch=41/80 loss=0.110967 seconds=0.17
epoch=42/80 loss=0.084296 seconds=0.19
epoch=43/80 loss=0.146613 seconds=0.17
epoch=44/80 loss=0.106487 seconds=0.17
epoch=45/80 loss=0.056070 seconds=0.17
epoch=46/80 loss=0.052384 seconds=0.17
epoch=47/80 loss=0.052091 seconds=0.17
epoch=48/80 loss=0.045108 seconds=0.17
epoch=49/80 loss=0.148944 seconds=0.19
epoch=50/80 loss=0.264091 seconds=0.17
epoch=51/80 loss=0.144449 seconds=0.17
epoch=52/80 loss=0.104209 seconds=0.17
epoch=53/80 loss=0.121780 seconds=0.17
epoch=54/80 loss=0.125331 seconds=0.17
epoch=55/80 loss=0.129977 seconds=0.17
epoch=56/80 loss=0.069223 seconds=0.17
epoch=57/80 loss=0.106665 seconds=0.17
epoch=58/80 loss=0.073910 seconds=0.17
epoch=59/80 loss=0.070725 seconds=0.19
epoch=60/80 loss=0.078837 seconds=0.16
epoch=61/80 loss=0.065289 seconds=0.19
epoch=62/80 loss=0.055322 seconds=0.17
epoch=63/80 loss=0.034408 seconds=0.17
epoch=64/80 loss=0.027680 seconds=0.17
epoch=65/80 loss=0.164063 seconds=0.17
epoch=66/80 loss=0.202130 seconds=0.17
epoch=67/80 loss=0.129926 seconds=0.19
epoch=68/80 loss=0.089043 seconds=0.17
epoch=69/80 loss=0.044011 seconds=0.16
epoch=70/80 loss=0.054530 seconds=0.19
epoch=71/80 loss=0.077126 seconds=0.17
epoch=72/80 loss=0.067891 seconds=0.17
epoch=73/80 loss=0.069432 seconds=0.17
epoch=74/80 loss=0.071603 seconds=0.17
epoch=75/80 loss=0.090658 seconds=0.17
epoch=76/80 loss=0.106986 seconds=0.19
epoch=77/80 loss=0.096490 seconds=0.17
epoch=78/80 loss=0.089549 seconds=0.17
epoch=79/80 loss=0.091642 seconds=0.17
epoch=80/80 loss=0.107517 seconds=0.17
{"accuracy": 0.5844155844155844, "balanced_accuracy": 0.5952380952380952, "sensitivity": 0.6190476190476191, "specificity": 0.5714285714285714, "f1_macro": 0.5574712643678161, "roc_auc": 0.6819727891156463, "confusion_matrix": [[32, 24], [8, 13]], "classification_report": {"0": {"precision": 0.8, "recall": 0.5714285714285714, "f1-score": 0.6666666666666666, "support": 56.0}, "1": {"precision": 0.35135135135135137, "recall": 0.6190476190476191, "f1-score": 0.4482758620689655, "support": 21.0}, "accuracy": 0.5844155844155844, "macro avg": {"precision": 0.5756756756756757, "recall": 0.5952380952380952, "f1-score": 0.5574712643678161, "support": 77.0}, "weighted avg": {"precision": 0.6776412776412777, "recall": 0.5844155844155844, "f1-score": 0.6071055381400209, "support": 77.0}}, "train_rows": 438, "test_rows": 77, "source_features": 3006, "model_input_features": [3, 1002], "elapsed_seconds": 17.140999999945052}
