Command: ["C:\\Users\\IHCK\\AppData\\Local\\Programs\\Python\\Python312\\python.exe", "-u", "C:\\Users\\IHCK\\Desktop\\1_10_69Final\\Hippocampal-Shape-Analysis-for-Epilepsy-Detection\\Model\\train_dataset_model.py", "--dataset", "pointnet_raw", "--side", "left", "--model", "PointNet", "--kind", "xyz", "--train-csv", "C:\\Users\\IHCK\\Desktop\\1_10_69Final\\Hippocampal-Shape-Analysis-for-Epilepsy-Detection\\Output_Dataset\\pointnet_raw\\left\\train_prepared.csv", "--test-csv", "C:\\Users\\IHCK\\Desktop\\1_10_69Final\\Hippocampal-Shape-Analysis-for-Epilepsy-Detection\\Output_Dataset\\pointnet_raw\\left\\test_prepared.csv", "--output-dir", "C:\\Users\\IHCK\\Desktop\\1_10_69Final\\Hippocampal-Shape-Analysis-for-Epilepsy-Detection\\Model_Results\\dataset_runs_20261003\\pointnet_raw\\left\\PointNet", "--epochs", "80", "--pls-components", "8", "--seed", "42", "--threads", "2"]
dataset=pointnet_raw side=left model=PointNet; train=300 test=73 features=3006
Fixed settings. Full training fit; no cross-validation or test-based selection.
Device=cuda; epochs=80; batch=32; model=PointNetDual
epoch=1/80 loss=0.731886 seconds=0.48
epoch=2/80 loss=0.594432 seconds=0.12
epoch=3/80 loss=0.546135 seconds=0.11
epoch=4/80 loss=0.502501 seconds=0.12
epoch=5/80 loss=0.409240 seconds=0.11
epoch=6/80 loss=0.421278 seconds=0.12
epoch=7/80 loss=0.405153 seconds=0.11
epoch=8/80 loss=0.370798 seconds=0.11
epoch=9/80 loss=0.430736 seconds=0.12
epoch=10/80 loss=0.391513 seconds=0.11
epoch=11/80 loss=0.286276 seconds=0.11
epoch=12/80 loss=0.252910 seconds=0.11
epoch=13/80 loss=0.248150 seconds=0.12
epoch=14/80 loss=0.252303 seconds=0.11
epoch=15/80 loss=0.315334 seconds=0.11
epoch=16/80 loss=0.267165 seconds=0.12
epoch=17/80 loss=0.219248 seconds=0.11
epoch=18/80 loss=0.241611 seconds=0.11
epoch=19/80 loss=0.191307 seconds=0.12
epoch=20/80 loss=0.227337 seconds=0.11
epoch=21/80 loss=0.235296 seconds=0.11
epoch=22/80 loss=0.257678 seconds=0.12
epoch=23/80 loss=0.283068 seconds=0.11
epoch=24/80 loss=0.328581 seconds=0.11
epoch=25/80 loss=0.221031 seconds=0.12
epoch=26/80 loss=0.284416 seconds=0.11
epoch=27/80 loss=0.199305 seconds=0.12
epoch=28/80 loss=0.168573 seconds=0.11
epoch=29/80 loss=0.081471 seconds=0.11
epoch=30/80 loss=0.109162 seconds=0.12
epoch=31/80 loss=0.181950 seconds=0.11
epoch=32/80 loss=0.274866 seconds=0.11
epoch=33/80 loss=0.303353 seconds=0.12
epoch=34/80 loss=0.186516 seconds=0.11
epoch=35/80 loss=0.304423 seconds=0.11
epoch=36/80 loss=0.169134 seconds=0.12
epoch=37/80 loss=0.211527 seconds=0.11
epoch=38/80 loss=0.146247 seconds=0.11
epoch=39/80 loss=0.131124 seconds=0.11
epoch=40/80 loss=0.149596 seconds=0.11
epoch=41/80 loss=0.128434 seconds=0.11
epoch=42/80 loss=0.094792 seconds=0.12
epoch=43/80 loss=0.196616 seconds=0.11
epoch=44/80 loss=0.190367 seconds=0.11
epoch=45/80 loss=0.169131 seconds=0.12
epoch=46/80 loss=0.184009 seconds=0.11
epoch=47/80 loss=0.177293 seconds=0.12
epoch=48/80 loss=0.224868 seconds=0.11
epoch=49/80 loss=0.162385 seconds=0.12
epoch=50/80 loss=0.112498 seconds=0.11
epoch=51/80 loss=0.082340 seconds=0.12
epoch=52/80 loss=0.084790 seconds=0.12
epoch=53/80 loss=0.175816 seconds=0.11
epoch=54/80 loss=0.226427 seconds=0.12
epoch=55/80 loss=0.099832 seconds=0.11
epoch=56/80 loss=0.095113 seconds=0.12
epoch=57/80 loss=0.080660 seconds=0.11
epoch=58/80 loss=0.133127 seconds=0.12
epoch=59/80 loss=0.122090 seconds=0.11
epoch=60/80 loss=0.141999 seconds=0.12
epoch=61/80 loss=0.135192 seconds=0.11
epoch=62/80 loss=0.135332 seconds=0.12
epoch=63/80 loss=0.234600 seconds=0.12
epoch=64/80 loss=0.164076 seconds=0.11
epoch=65/80 loss=0.166379 seconds=0.12
epoch=66/80 loss=0.108912 seconds=0.11
epoch=67/80 loss=0.129991 seconds=0.12
epoch=68/80 loss=0.167156 seconds=0.12
epoch=69/80 loss=0.261883 seconds=0.11
epoch=70/80 loss=0.134188 seconds=0.12
epoch=71/80 loss=0.107816 seconds=0.11
epoch=72/80 loss=0.111844 seconds=0.12
epoch=73/80 loss=0.100222 seconds=0.12
epoch=74/80 loss=0.084199 seconds=0.11
epoch=75/80 loss=0.083425 seconds=0.12
epoch=76/80 loss=0.074929 seconds=0.11
epoch=77/80 loss=0.094242 seconds=0.12
epoch=78/80 loss=0.078052 seconds=0.11
epoch=79/80 loss=0.059552 seconds=0.12
epoch=80/80 loss=0.029708 seconds=0.12
{"accuracy": 0.684931506849315, "balanced_accuracy": 0.6865793780687397, "sensitivity": 0.6923076923076923, "specificity": 0.6808510638297872, "f1_macro": 0.6729008377167349, "roc_auc": 0.7610474631751227, "confusion_matrix": [[32, 15], [8, 18]], "classification_report": {"0": {"precision": 0.8, "recall": 0.6808510638297872, "f1-score": 0.735632183908046, "support": 47.0}, "1": {"precision": 0.5454545454545454, "recall": 0.6923076923076923, "f1-score": 0.6101694915254238, "support": 26.0}, "accuracy": 0.684931506849315, "macro avg": {"precision": 0.6727272727272727, "recall": 0.6865793780687397, "f1-score": 0.6729008377167349, "support": 73.0}, "weighted avg": {"precision": 0.7093399750933997, "recall": 0.684931506849315, "f1-score": 0.6909468414156051, "support": 73.0}}, "train_rows": 300, "test_rows": 73, "source_features": 3006, "model_input_features": [3, 1002], "elapsed_seconds": 12.672000000020489}
