Command: ["C:\\Users\\IHCK\\AppData\\Local\\Programs\\Python\\Python312\\python.exe", "-u", "C:\\Users\\IHCK\\Desktop\\1_10_69Final\\Hippocampal-Shape-Analysis-for-Epilepsy-Detection\\Model\\train_dataset_model.py", "--dataset", "pointnet_raw_balanced_jitter", "--side", "left", "--model", "PointNet", "--kind", "xyz", "--train-csv", "C:\\Users\\IHCK\\Desktop\\1_10_69Final\\Hippocampal-Shape-Analysis-for-Epilepsy-Detection\\Output_Dataset\\pointnet_raw_balanced_jitter\\left\\train_prepared.csv", "--test-csv", "C:\\Users\\IHCK\\Desktop\\1_10_69Final\\Hippocampal-Shape-Analysis-for-Epilepsy-Detection\\Output_Dataset\\pointnet_raw_balanced_jitter\\left\\test_prepared.csv", "--output-dir", "C:\\Users\\IHCK\\Desktop\\1_10_69Final\\Hippocampal-Shape-Analysis-for-Epilepsy-Detection\\Model_Results\\dataset_runs_20261003\\pointnet_raw_balanced_jitter\\left\\PointNet", "--epochs", "80", "--pls-components", "8", "--seed", "42", "--threads", "2"]
dataset=pointnet_raw_balanced_jitter side=left model=PointNet; train=384 test=73 features=3006
Fixed settings. Full training fit; no cross-validation or test-based selection.
Device=cuda; epochs=80; batch=32; model=PointNetDual
epoch=1/80 loss=0.670402 seconds=0.47
epoch=2/80 loss=0.441279 seconds=0.16
epoch=3/80 loss=0.387058 seconds=0.14
epoch=4/80 loss=0.352739 seconds=0.16
epoch=5/80 loss=0.362383 seconds=0.14
epoch=6/80 loss=0.296667 seconds=0.16
epoch=7/80 loss=0.278884 seconds=0.14
epoch=8/80 loss=0.215732 seconds=0.16
epoch=9/80 loss=0.187365 seconds=0.14
epoch=10/80 loss=0.186974 seconds=0.16
epoch=11/80 loss=0.146887 seconds=0.16
epoch=12/80 loss=0.205632 seconds=0.14
epoch=13/80 loss=0.307024 seconds=0.16
epoch=14/80 loss=0.236095 seconds=0.14
epoch=15/80 loss=0.223130 seconds=0.16
epoch=16/80 loss=0.144285 seconds=0.14
epoch=17/80 loss=0.128658 seconds=0.16
epoch=18/80 loss=0.167196 seconds=0.14
epoch=19/80 loss=0.168220 seconds=0.16
epoch=20/80 loss=0.133462 seconds=0.14
epoch=21/80 loss=0.175634 seconds=0.16
epoch=22/80 loss=0.123955 seconds=0.14
epoch=23/80 loss=0.146113 seconds=0.16
epoch=24/80 loss=0.134172 seconds=0.14
epoch=25/80 loss=0.114810 seconds=0.16
epoch=26/80 loss=0.125552 seconds=0.14
epoch=27/80 loss=0.117833 seconds=0.16
epoch=28/80 loss=0.075221 seconds=0.16
epoch=29/80 loss=0.107283 seconds=0.14
epoch=30/80 loss=0.109834 seconds=0.16
epoch=31/80 loss=0.152616 seconds=0.14
epoch=32/80 loss=0.252334 seconds=0.16
epoch=33/80 loss=0.180021 seconds=0.14
epoch=34/80 loss=0.160104 seconds=0.16
epoch=35/80 loss=0.097309 seconds=0.14
epoch=36/80 loss=0.085244 seconds=0.16
epoch=37/80 loss=0.056026 seconds=0.14
epoch=38/80 loss=0.054020 seconds=0.16
epoch=39/80 loss=0.060281 seconds=0.16
epoch=40/80 loss=0.038170 seconds=0.16
epoch=41/80 loss=0.109192 seconds=0.14
epoch=42/80 loss=0.105415 seconds=0.16
epoch=43/80 loss=0.070858 seconds=0.16
epoch=44/80 loss=0.202436 seconds=0.16
epoch=45/80 loss=0.147938 seconds=0.16
epoch=46/80 loss=0.079806 seconds=0.16
epoch=47/80 loss=0.062976 seconds=0.16
epoch=48/80 loss=0.044822 seconds=0.14
epoch=49/80 loss=0.066687 seconds=0.16
epoch=50/80 loss=0.087113 seconds=0.16
epoch=51/80 loss=0.064162 seconds=0.16
epoch=52/80 loss=0.117937 seconds=0.16
epoch=53/80 loss=0.062724 seconds=0.16
epoch=54/80 loss=0.090969 seconds=0.14
epoch=55/80 loss=0.099335 seconds=0.16
epoch=56/80 loss=0.058008 seconds=0.16
epoch=57/80 loss=0.080779 seconds=0.16
epoch=58/80 loss=0.110367 seconds=0.16
epoch=59/80 loss=0.201495 seconds=0.16
epoch=60/80 loss=0.076494 seconds=0.16
epoch=61/80 loss=0.053655 seconds=0.14
epoch=62/80 loss=0.099012 seconds=0.16
epoch=63/80 loss=0.026052 seconds=0.16
epoch=64/80 loss=0.022356 seconds=0.16
epoch=65/80 loss=0.030491 seconds=0.16
epoch=66/80 loss=0.034701 seconds=0.16
epoch=67/80 loss=0.052812 seconds=0.14
epoch=68/80 loss=0.031962 seconds=0.16
epoch=69/80 loss=0.106153 seconds=0.16
epoch=70/80 loss=0.125579 seconds=0.16
epoch=71/80 loss=0.097797 seconds=0.16
epoch=72/80 loss=0.083820 seconds=0.16
epoch=73/80 loss=0.076486 seconds=0.14
epoch=74/80 loss=0.084147 seconds=0.14
epoch=75/80 loss=0.023750 seconds=0.16
epoch=76/80 loss=0.050057 seconds=0.16
epoch=77/80 loss=0.040909 seconds=0.16
epoch=78/80 loss=0.067997 seconds=0.14
epoch=79/80 loss=0.033184 seconds=0.16
epoch=80/80 loss=0.084676 seconds=0.16
{"accuracy": 0.7534246575342466, "balanced_accuracy": 0.7225859247135843, "sensitivity": 0.6153846153846154, "specificity": 0.8297872340425532, "f1_macro": 0.7262500000000001, "roc_auc": 0.7430441898527005, "confusion_matrix": [[39, 8], [10, 16]], "classification_report": {"0": {"precision": 0.7959183673469388, "recall": 0.8297872340425532, "f1-score": 0.8125, "support": 47.0}, "1": {"precision": 0.6666666666666666, "recall": 0.6153846153846154, "f1-score": 0.64, "support": 26.0}, "accuracy": 0.7534246575342466, "macro avg": {"precision": 0.7312925170068028, "recall": 0.7225859247135843, "f1-score": 0.7262500000000001, "support": 73.0}, "weighted avg": {"precision": 0.7498835150498556, "recall": 0.7534246575342466, "f1-score": 0.7510616438356165, "support": 73.0}}, "train_rows": 384, "test_rows": 73, "source_features": 3006, "model_input_features": [3, 1002], "elapsed_seconds": 15.405999999959022}
