Command: ["C:\\Users\\IHCK\\AppData\\Local\\Programs\\Python\\Python312\\python.exe", "-u", "C:\\Users\\IHCK\\Desktop\\1_10_69Final\\Hippocampal-Shape-Analysis-for-Epilepsy-Detection\\Model\\train_dataset_model.py", "--dataset", "pointnet_raw_balanced_jitter", "--side", "right", "--model", "PointNet", "--kind", "xyz", "--train-csv", "C:\\Users\\IHCK\\Desktop\\1_10_69Final\\Hippocampal-Shape-Analysis-for-Epilepsy-Detection\\Output_Dataset\\pointnet_raw_balanced_jitter\\right\\train_prepared.csv", "--test-csv", "C:\\Users\\IHCK\\Desktop\\1_10_69Final\\Hippocampal-Shape-Analysis-for-Epilepsy-Detection\\Output_Dataset\\pointnet_raw_balanced_jitter\\right\\test_prepared.csv", "--output-dir", "C:\\Users\\IHCK\\Desktop\\1_10_69Final\\Hippocampal-Shape-Analysis-for-Epilepsy-Detection\\Model_Results\\dataset_runs_20261003\\pointnet_raw_balanced_jitter\\right\\PointNet", "--epochs", "80", "--pls-components", "8", "--seed", "42", "--threads", "2"]
dataset=pointnet_raw_balanced_jitter side=right model=PointNet; train=438 test=77 features=3006
Fixed settings. Full training fit; no cross-validation or test-based selection.
Device=cuda; epochs=80; batch=32; model=PointNetDual
epoch=1/80 loss=0.579531 seconds=0.50
epoch=2/80 loss=0.395218 seconds=0.17
epoch=3/80 loss=0.345667 seconds=0.16
epoch=4/80 loss=0.359355 seconds=0.17
epoch=5/80 loss=0.259240 seconds=0.17
epoch=6/80 loss=0.226277 seconds=0.17
epoch=7/80 loss=0.254388 seconds=0.17
epoch=8/80 loss=0.237805 seconds=0.17
epoch=9/80 loss=0.207164 seconds=0.17
epoch=10/80 loss=0.243754 seconds=0.17
epoch=11/80 loss=0.196428 seconds=0.17
epoch=12/80 loss=0.185916 seconds=0.17
epoch=13/80 loss=0.144958 seconds=0.16
epoch=14/80 loss=0.169621 seconds=0.17
epoch=15/80 loss=0.188393 seconds=0.17
epoch=16/80 loss=0.223983 seconds=0.17
epoch=17/80 loss=0.256694 seconds=0.17
epoch=18/80 loss=0.156558 seconds=0.17
epoch=19/80 loss=0.244728 seconds=0.16
epoch=20/80 loss=0.195378 seconds=0.17
epoch=21/80 loss=0.173140 seconds=0.19
epoch=22/80 loss=0.231216 seconds=0.16
epoch=23/80 loss=0.192481 seconds=0.17
epoch=24/80 loss=0.109306 seconds=0.17
epoch=25/80 loss=0.087072 seconds=0.17
epoch=26/80 loss=0.065407 seconds=0.17
epoch=27/80 loss=0.068979 seconds=0.17
epoch=28/80 loss=0.166973 seconds=0.16
epoch=29/80 loss=0.140907 seconds=0.16
epoch=30/80 loss=0.158739 seconds=0.17
epoch=31/80 loss=0.167858 seconds=0.17
epoch=32/80 loss=0.185473 seconds=0.17
epoch=33/80 loss=0.100624 seconds=0.17
epoch=34/80 loss=0.097105 seconds=0.19
epoch=35/80 loss=0.117365 seconds=0.17
epoch=36/80 loss=0.164430 seconds=0.17
epoch=37/80 loss=0.119342 seconds=0.17
epoch=38/80 loss=0.089484 seconds=0.19
epoch=39/80 loss=0.071051 seconds=0.17
epoch=40/80 loss=0.077883 seconds=0.17
epoch=41/80 loss=0.075130 seconds=0.17
epoch=42/80 loss=0.055757 seconds=0.17
epoch=43/80 loss=0.043826 seconds=0.17
epoch=44/80 loss=0.032057 seconds=0.19
epoch=45/80 loss=0.077475 seconds=0.16
epoch=46/80 loss=0.122271 seconds=0.19
epoch=47/80 loss=0.103863 seconds=0.17
epoch=48/80 loss=0.075592 seconds=0.16
epoch=49/80 loss=0.076087 seconds=0.17
epoch=50/80 loss=0.141828 seconds=0.17
epoch=51/80 loss=0.077388 seconds=0.17
epoch=52/80 loss=0.047277 seconds=0.17
epoch=53/80 loss=0.064741 seconds=0.17
epoch=54/80 loss=0.053594 seconds=0.17
epoch=55/80 loss=0.050553 seconds=0.17
epoch=56/80 loss=0.101672 seconds=0.17
epoch=57/80 loss=0.058952 seconds=0.17
epoch=58/80 loss=0.033805 seconds=0.17
epoch=59/80 loss=0.041280 seconds=0.17
epoch=60/80 loss=0.058655 seconds=0.17
epoch=61/80 loss=0.092275 seconds=0.17
epoch=62/80 loss=0.060393 seconds=0.17
epoch=63/80 loss=0.040189 seconds=0.17
epoch=64/80 loss=0.052143 seconds=0.17
epoch=65/80 loss=0.157083 seconds=0.17
epoch=66/80 loss=0.106847 seconds=0.17
epoch=67/80 loss=0.049546 seconds=0.17
epoch=68/80 loss=0.046204 seconds=0.17
epoch=69/80 loss=0.023491 seconds=0.17
epoch=70/80 loss=0.039829 seconds=0.17
epoch=71/80 loss=0.038390 seconds=0.17
epoch=72/80 loss=0.017789 seconds=0.17
epoch=73/80 loss=0.033476 seconds=0.17
epoch=74/80 loss=0.066449 seconds=0.17
epoch=75/80 loss=0.031988 seconds=0.17
epoch=76/80 loss=0.052605 seconds=0.17
epoch=77/80 loss=0.035029 seconds=0.17
epoch=78/80 loss=0.038657 seconds=0.17
epoch=79/80 loss=0.066665 seconds=0.17
epoch=80/80 loss=0.051329 seconds=0.17
{"accuracy": 0.8051948051948052, "balanced_accuracy": 0.7023809523809523, "sensitivity": 0.47619047619047616, "specificity": 0.9285714285714286, "f1_macro": 0.7226890756302521, "roc_auc": 0.7576530612244897, "confusion_matrix": [[52, 4], [11, 10]], "classification_report": {"0": {"precision": 0.8253968253968254, "recall": 0.9285714285714286, "f1-score": 0.8739495798319328, "support": 56.0}, "1": {"precision": 0.7142857142857143, "recall": 0.47619047619047616, "f1-score": 0.5714285714285714, "support": 21.0}, "accuracy": 0.8051948051948052, "macro avg": {"precision": 0.7698412698412698, "recall": 0.7023809523809523, "f1-score": 0.7226890756302521, "support": 77.0}, "weighted avg": {"precision": 0.7950937950937951, "recall": 0.8051948051948052, "f1-score": 0.7914438502673796, "support": 77.0}}, "train_rows": 438, "test_rows": 77, "source_features": 3006, "model_input_features": [3, 1002], "elapsed_seconds": 17.031000000075437}
