Dataset=plsda_latent_features side=right model=SVM
Test people=77; sampling=N of N with replacement; seed=42; saved Prediction unchanged
Attempted=1000; valid=1000; skipped=0
{
  "Accuracy": {
    "original": 0.8181818181818182,
    "bootstrap_mean": 0.818064935064935,
    "bootstrap_std": 0.04401890033853906,
    "ci95_lower": 0.7272727272727273,
    "ci95_upper": 0.8961038961038961
  },
  "BalancedAccuracy": {
    "original": 0.7261904761904763,
    "bootstrap_mean": 0.7245109352071667,
    "bootstrap_std": 0.060671422049945585,
    "ci95_lower": 0.6074561403508771,
    "ci95_upper": 0.8422217614768974
  },
  "Sensitivity_Class0": {
    "original": 0.9285714285714286,
    "bootstrap_mean": 0.9279047013341247,
    "bootstrap_std": 0.034079984179974335,
    "ci95_lower": 0.8571428571428571,
    "ci95_upper": 0.9836065573770492
  },
  "Specificity_Class0": {
    "original": 0.5238095238095238,
    "bootstrap_mean": 0.5211171690802086,
    "bootstrap_std": 0.11587172527755309,
    "ci95_lower": 0.2857142857142857,
    "ci95_upper": 0.7394021739130432
  },
  "F1_Class0": {
    "original": 0.8813559322033898,
    "bootstrap_mean": 0.8807076691208904,
    "bootstrap_std": 0.03156934121180732,
    "ci95_lower": 0.8173913043478261,
    "ci95_upper": 0.9369510135135135
  },
  "Sensitivity_Class1": {
    "original": 0.5238095238095238,
    "bootstrap_mean": 0.5211171690802086,
    "bootstrap_std": 0.11587172527755309,
    "ci95_lower": 0.2857142857142857,
    "ci95_upper": 0.7394021739130432
  },
  "Specificity_Class1": {
    "original": 0.9285714285714286,
    "bootstrap_mean": 0.9279047013341247,
    "bootstrap_std": 0.034079984179974335,
    "ci95_lower": 0.8571428571428571,
    "ci95_upper": 0.9836065573770492
  },
  "F1_Class1": {
    "original": 0.6111111111111112,
    "bootstrap_mean": 0.5999650215724875,
    "bootstrap_std": 0.1042408195941148,
    "ci95_lower": 0.3783783783783784,
    "ci95_upper": 0.7804878048780488
  },
  "F1_macro": {
    "original": 0.7462335216572504,
    "bootstrap_mean": 0.7403363453466889,
    "bootstrap_std": 0.062243389870830626,
    "ci95_lower": 0.6163126147390506,
    "ci95_upper": 0.8548087529021181
  },
  "AUC": {
    "original": 0.8324829931972789,
    "bootstrap_mean": 0.832096845714366,
    "bootstrap_std": 0.05504850352907928,
    "ci95_lower": 0.7151614240873524,
    "ci95_upper": 0.9308880446227837
  }
}
