Dataset=plsda_direct side=left model=PLSDA
Test people=73; sampling=N of N with replacement; seed=42; saved Prediction unchanged
Attempted=1000; valid=1000; skipped=0
{
  "Accuracy": {
    "original": 0.7671232876712328,
    "bootstrap_mean": 0.7691506849315068,
    "bootstrap_std": 0.04870771111359142,
    "ci95_lower": 0.6712328767123288,
    "ci95_upper": 0.863013698630137
  },
  "BalancedAccuracy": {
    "original": 0.7590016366612111,
    "bootstrap_mean": 0.7607791486239194,
    "bootstrap_std": 0.05340102421805671,
    "ci95_lower": 0.6523438117157355,
    "ci95_upper": 0.8591154188948307
  },
  "Sensitivity_Class0": {
    "original": 0.7872340425531915,
    "bootstrap_mean": 0.7898662321449585,
    "bootstrap_std": 0.058339581321553965,
    "ci95_lower": 0.6666666666666666,
    "ci95_upper": 0.8974489795918368
  },
  "Specificity_Class0": {
    "original": 0.7307692307692307,
    "bootstrap_mean": 0.7316920651028801,
    "bootstrap_std": 0.09060419067052831,
    "ci95_lower": 0.55,
    "ci95_upper": 0.9131340579710143
  },
  "F1_Class0": {
    "original": 0.8131868131868132,
    "bootstrap_mean": 0.8138331477204247,
    "bootstrap_std": 0.044615850038731725,
    "ci95_lower": 0.7178571428571429,
    "ci95_upper": 0.8936575481256331
  },
  "Sensitivity_Class1": {
    "original": 0.7307692307692307,
    "bootstrap_mean": 0.7316920651028801,
    "bootstrap_std": 0.09060419067052831,
    "ci95_lower": 0.55,
    "ci95_upper": 0.9131340579710143
  },
  "Specificity_Class1": {
    "original": 0.7872340425531915,
    "bootstrap_mean": 0.7898662321449585,
    "bootstrap_std": 0.058339581321553965,
    "ci95_lower": 0.6666666666666666,
    "ci95_upper": 0.8974489795918368
  },
  "F1_Class1": {
    "original": 0.6909090909090909,
    "bootstrap_mean": 0.6874448765764852,
    "bootstrap_std": 0.07143140232235953,
    "ci95_lower": 0.5306122448979592,
    "ci95_upper": 0.8163409025582063
  },
  "F1_macro": {
    "original": 0.752047952047952,
    "bootstrap_mean": 0.7506390121484549,
    "bootstrap_std": 0.051707169904705134,
    "ci95_lower": 0.6441971964224286,
    "ci95_upper": 0.844820856621337
  },
  "AUC": {
    "original": 0.8428805237315875,
    "bootstrap_mean": 0.8455773212547285,
    "bootstrap_std": 0.05315224548260476,
    "ci95_lower": 0.7280467747111681,
    "ci95_upper": 0.9413265306122449
  }
}
