Dataset=augment_plsda_balanced side=left model=MobileNet
Test people=73; sampling=N of N with replacement; seed=42; saved Prediction unchanged
Attempted=1000; valid=1000; skipped=0
{
  "Accuracy": {
    "original": 0.7671232876712328,
    "bootstrap_mean": 0.7699726027397261,
    "bootstrap_std": 0.05003672525918141,
    "ci95_lower": 0.6712328767123288,
    "ci95_upper": 0.863013698630137
  },
  "BalancedAccuracy": {
    "original": 0.7504091653027822,
    "bootstrap_mean": 0.753045641394365,
    "bootstrap_std": 0.055816103581250644,
    "ci95_lower": 0.636857756605097,
    "ci95_upper": 0.8558673469387755
  },
  "Sensitivity_Class0": {
    "original": 0.8085106382978723,
    "bootstrap_mean": 0.811561248072815,
    "bootstrap_std": 0.05472034100469673,
    "ci95_lower": 0.6956521739130435,
    "ci95_upper": 0.9107242063492064
  },
  "Specificity_Class0": {
    "original": 0.6923076923076923,
    "bootstrap_mean": 0.6945300347159151,
    "bootstrap_std": 0.09522158751440114,
    "ci95_lower": 0.5,
    "ci95_upper": 0.8710685483870967
  },
  "F1_Class0": {
    "original": 0.8172043010752689,
    "bootstrap_mean": 0.8185191682752845,
    "bootstrap_std": 0.04434494140089548,
    "ci95_lower": 0.7252678571428571,
    "ci95_upper": 0.8979591836734694
  },
  "Sensitivity_Class1": {
    "original": 0.6923076923076923,
    "bootstrap_mean": 0.6945300347159151,
    "bootstrap_std": 0.09522158751440114,
    "ci95_lower": 0.5,
    "ci95_upper": 0.8710685483870967
  },
  "Specificity_Class1": {
    "original": 0.8085106382978723,
    "bootstrap_mean": 0.811561248072815,
    "bootstrap_std": 0.05472034100469673,
    "ci95_lower": 0.6956521739130435,
    "ci95_upper": 0.9107242063492064
  },
  "F1_Class1": {
    "original": 0.6792452830188679,
    "bootstrap_mean": 0.6767814662533119,
    "bootstrap_std": 0.07572617832756887,
    "ci95_lower": 0.5,
    "ci95_upper": 0.8125264830508474
  },
  "F1_macro": {
    "original": 0.7482247920470684,
    "bootstrap_mean": 0.7476503172642981,
    "bootstrap_std": 0.0539740970516277,
    "ci95_lower": 0.6305830583058306,
    "ci95_upper": 0.8435612702123515
  },
  "AUC": {
    "original": 0.7847790507364976,
    "bootstrap_mean": 0.7863355175162865,
    "bootstrap_std": 0.058718199074216854,
    "ci95_lower": 0.6513889916743756,
    "ci95_upper": 0.8928120567375886
  }
}
