Command: ["C:\\Users\\IHCK\\AppData\\Local\\Programs\\Python\\Python312\\python.exe", "-u", "C:\\Users\\IHCK\\Desktop\\1_10_69Final\\Hippocampal-Shape-Analysis-for-Epilepsy-Detection\\Model\\train_dataset_model.py", "--dataset", "augment_plsda_balanced", "--side", "right", "--model", "SqueezeNet", "--kind", "coef", "--train-csv", "C:\\Users\\IHCK\\Desktop\\1_10_69Final\\Hippocampal-Shape-Analysis-for-Epilepsy-Detection\\Output_Dataset\\augment_plsda_balanced\\right\\train_prepared.csv", "--test-csv", "C:\\Users\\IHCK\\Desktop\\1_10_69Final\\Hippocampal-Shape-Analysis-for-Epilepsy-Detection\\Output_Dataset\\augment_plsda_balanced\\right\\test_prepared.csv", "--output-dir", "C:\\Users\\IHCK\\Desktop\\1_10_69Final\\Hippocampal-Shape-Analysis-for-Epilepsy-Detection\\Model_Results\\dataset_runs_20261003_oof_threshold\\augment_plsda_balanced\\right\\SqueezeNet", "--epochs", "80", "--folds", "10", "--pls-components", "8", "--seed", "42", "--threads", "2", "--tune-threshold"]
10-fold CV: dataset=augment_plsda_balanced side=right model=SqueezeNet; original_train=300 test=77
Device=cuda; epochs=80; batch=32; model=SqueezeNet1D
epoch=1/80 loss=0.658793 seconds=0.75
epoch=2/80 loss=0.425395 seconds=0.27
epoch=3/80 loss=0.290046 seconds=0.28
epoch=4/80 loss=0.192996 seconds=0.30
epoch=5/80 loss=0.142442 seconds=0.20
epoch=6/80 loss=0.139204 seconds=0.25
epoch=7/80 loss=0.105610 seconds=0.25
epoch=8/80 loss=0.093193 seconds=0.22
epoch=9/80 loss=0.070003 seconds=0.20
epoch=10/80 loss=0.058060 seconds=0.23
epoch=11/80 loss=0.053872 seconds=0.22
epoch=12/80 loss=0.030535 seconds=0.28
epoch=13/80 loss=0.034747 seconds=0.28
epoch=14/80 loss=0.029752 seconds=0.23
epoch=15/80 loss=0.018082 seconds=0.20
epoch=16/80 loss=0.016242 seconds=0.20
epoch=17/80 loss=0.022804 seconds=0.22
epoch=18/80 loss=0.013093 seconds=0.20
epoch=19/80 loss=0.012831 seconds=0.20
epoch=20/80 loss=0.008775 seconds=0.22
epoch=21/80 loss=0.008848 seconds=0.22
epoch=22/80 loss=0.004880 seconds=0.27
epoch=23/80 loss=0.003098 seconds=0.25
epoch=24/80 loss=0.006787 seconds=0.22
epoch=25/80 loss=0.007471 seconds=0.25
epoch=26/80 loss=0.004528 seconds=0.25
epoch=27/80 loss=0.001643 seconds=0.20
epoch=28/80 loss=0.002916 seconds=0.19
epoch=29/80 loss=0.003471 seconds=0.22
epoch=30/80 loss=0.005126 seconds=0.19
epoch=31/80 loss=0.006555 seconds=0.23
epoch=32/80 loss=0.000638 seconds=0.23
epoch=33/80 loss=0.001536 seconds=0.20
epoch=34/80 loss=0.000980 seconds=0.20
epoch=35/80 loss=0.002669 seconds=0.20
epoch=36/80 loss=0.005246 seconds=0.20
epoch=37/80 loss=0.016292 seconds=0.23
epoch=38/80 loss=0.023134 seconds=0.22
epoch=39/80 loss=0.003423 seconds=0.22
epoch=40/80 loss=0.005118 seconds=0.22
epoch=41/80 loss=0.002497 seconds=0.25
epoch=42/80 loss=0.001176 seconds=0.22
epoch=43/80 loss=0.001253 seconds=0.22
epoch=44/80 loss=0.000418 seconds=0.22
epoch=45/80 loss=0.000322 seconds=0.22
epoch=46/80 loss=0.000273 seconds=0.23
epoch=47/80 loss=0.000403 seconds=0.22
epoch=48/80 loss=0.000454 seconds=0.22
epoch=49/80 loss=0.008513 seconds=0.22
epoch=50/80 loss=0.000725 seconds=0.28
epoch=51/80 loss=0.000545 seconds=0.30
epoch=52/80 loss=0.001630 seconds=0.23
epoch=53/80 loss=0.018650 seconds=0.20
epoch=54/80 loss=0.001430 seconds=0.23
epoch=55/80 loss=0.000591 seconds=0.20
epoch=56/80 loss=0.000557 seconds=0.25
epoch=57/80 loss=0.009152 seconds=0.22
epoch=58/80 loss=0.004189 seconds=0.20
epoch=59/80 loss=0.003163 seconds=0.19
epoch=60/80 loss=0.000752 seconds=0.22
epoch=61/80 loss=0.001232 seconds=0.34
epoch=62/80 loss=0.006731 seconds=0.20
epoch=63/80 loss=0.009099 seconds=0.22
epoch=64/80 loss=0.002258 seconds=0.20
epoch=65/80 loss=0.000293 seconds=0.23
epoch=66/80 loss=0.000367 seconds=0.23
epoch=67/80 loss=0.000554 seconds=0.20
epoch=68/80 loss=0.007353 seconds=0.20
epoch=69/80 loss=0.003855 seconds=0.22
epoch=70/80 loss=0.000249 seconds=0.28
epoch=71/80 loss=0.000130 seconds=0.23
epoch=72/80 loss=0.000263 seconds=0.20
epoch=73/80 loss=0.000160 seconds=0.19
epoch=74/80 loss=0.000328 seconds=0.22
epoch=75/80 loss=0.000416 seconds=0.22
epoch=76/80 loss=0.000099 seconds=0.19
epoch=77/80 loss=0.000078 seconds=0.20
epoch=78/80 loss=0.000116 seconds=0.20
epoch=79/80 loss=0.000105 seconds=0.20
epoch=80/80 loss=0.000049 seconds=0.31
fold=1/10 OOF_accuracy=0.766667 OOF_AUC=0.812500
Device=cuda; epochs=80; batch=32; model=SqueezeNet1D
epoch=1/80 loss=0.573353 seconds=0.23
epoch=2/80 loss=0.207881 seconds=0.25
epoch=3/80 loss=0.127211 seconds=0.23
epoch=4/80 loss=0.087461 seconds=0.23
epoch=5/80 loss=0.076443 seconds=0.28
epoch=6/80 loss=0.058274 seconds=0.22
epoch=7/80 loss=0.053072 seconds=0.22
epoch=8/80 loss=0.038400 seconds=0.20
epoch=9/80 loss=0.040541 seconds=0.23
epoch=10/80 loss=0.041880 seconds=0.22
epoch=11/80 loss=0.026031 seconds=0.22
epoch=12/80 loss=0.025193 seconds=0.30
epoch=13/80 loss=0.033597 seconds=0.23
epoch=14/80 loss=0.021968 seconds=0.25
epoch=15/80 loss=0.019206 seconds=0.27
epoch=16/80 loss=0.017526 seconds=0.23
epoch=17/80 loss=0.026222 seconds=0.23
epoch=18/80 loss=0.016416 seconds=0.23
epoch=19/80 loss=0.018252 seconds=0.22
epoch=20/80 loss=0.015052 seconds=0.20
epoch=21/80 loss=0.014804 seconds=0.22
epoch=22/80 loss=0.016134 seconds=0.22
epoch=23/80 loss=0.019641 seconds=0.22
epoch=24/80 loss=0.023700 seconds=0.28
epoch=25/80 loss=0.012716 seconds=0.20
epoch=26/80 loss=0.008798 seconds=0.20
epoch=27/80 loss=0.006576 seconds=0.20
epoch=28/80 loss=0.005977 seconds=0.20
epoch=29/80 loss=0.009247 seconds=0.22
epoch=30/80 loss=0.018049 seconds=0.20
epoch=31/80 loss=0.011988 seconds=0.20
epoch=32/80 loss=0.008698 seconds=0.22
epoch=33/80 loss=0.006796 seconds=0.20
epoch=34/80 loss=0.003819 seconds=0.28
epoch=35/80 loss=0.010169 seconds=0.22
epoch=36/80 loss=0.006474 seconds=0.23
epoch=37/80 loss=0.007086 seconds=0.22
epoch=38/80 loss=0.004356 seconds=0.20
epoch=39/80 loss=0.005275 seconds=0.20
epoch=40/80 loss=0.005678 seconds=0.22
epoch=41/80 loss=0.004075 seconds=0.28
epoch=42/80 loss=0.025487 seconds=0.27
epoch=43/80 loss=0.012566 seconds=0.33
epoch=44/80 loss=0.006370 seconds=0.22
epoch=45/80 loss=0.001976 seconds=0.23
epoch=46/80 loss=0.002307 seconds=0.20
epoch=47/80 loss=0.002842 seconds=0.22
epoch=48/80 loss=0.002117 seconds=0.22
epoch=49/80 loss=0.001191 seconds=0.22
epoch=50/80 loss=0.001422 seconds=0.23
epoch=51/80 loss=0.006483 seconds=0.20
epoch=52/80 loss=0.002492 seconds=0.31
epoch=53/80 loss=0.006798 seconds=0.33
epoch=54/80 loss=0.001085 seconds=0.30
epoch=55/80 loss=0.004933 seconds=0.28
epoch=56/80 loss=0.001724 seconds=0.23
epoch=57/80 loss=0.002180 seconds=0.25
epoch=58/80 loss=0.001444 seconds=0.22
epoch=59/80 loss=0.000327 seconds=0.20
epoch=60/80 loss=0.002746 seconds=0.25
epoch=61/80 loss=0.000913 seconds=0.27
epoch=62/80 loss=0.000429 seconds=0.20
epoch=63/80 loss=0.000719 seconds=0.23
epoch=64/80 loss=0.000442 seconds=0.22
epoch=65/80 loss=0.016462 seconds=0.20
epoch=66/80 loss=0.007909 seconds=0.22
epoch=67/80 loss=0.002226 seconds=0.23
epoch=68/80 loss=0.009660 seconds=0.20
epoch=69/80 loss=0.001844 seconds=0.22
epoch=70/80 loss=0.001673 seconds=0.28
epoch=71/80 loss=0.001114 seconds=0.22
epoch=72/80 loss=0.000376 seconds=0.22
epoch=73/80 loss=0.000190 seconds=0.20
epoch=74/80 loss=0.000384 seconds=0.19
epoch=75/80 loss=0.001675 seconds=0.22
epoch=76/80 loss=0.000351 seconds=0.20
epoch=77/80 loss=0.000762 seconds=0.19
epoch=78/80 loss=0.000337 seconds=0.20
epoch=79/80 loss=0.000312 seconds=0.19
epoch=80/80 loss=0.000111 seconds=0.27
fold=2/10 OOF_accuracy=0.833333 OOF_AUC=0.892045
Device=cuda; epochs=80; batch=32; model=SqueezeNet1D
epoch=1/80 loss=0.563057 seconds=0.22
epoch=2/80 loss=0.183127 seconds=0.20
epoch=3/80 loss=0.129363 seconds=0.20
epoch=4/80 loss=0.113197 seconds=0.19
epoch=5/80 loss=0.096481 seconds=0.22
epoch=6/80 loss=0.070381 seconds=0.20
epoch=7/80 loss=0.066570 seconds=0.28
epoch=8/80 loss=0.061655 seconds=0.20
epoch=9/80 loss=0.051746 seconds=0.22
epoch=10/80 loss=0.044064 seconds=0.20
epoch=11/80 loss=0.068134 seconds=0.22
epoch=12/80 loss=0.041538 seconds=0.20
epoch=13/80 loss=0.038273 seconds=0.22
epoch=14/80 loss=0.030279 seconds=0.20
epoch=15/80 loss=0.033591 seconds=0.22
epoch=16/80 loss=0.029767 seconds=0.20
epoch=17/80 loss=0.039586 seconds=0.27
epoch=18/80 loss=0.038376 seconds=0.22
epoch=19/80 loss=0.026317 seconds=0.22
epoch=20/80 loss=0.022209 seconds=0.22
epoch=21/80 loss=0.021157 seconds=0.19
epoch=22/80 loss=0.017698 seconds=0.20
epoch=23/80 loss=0.023992 seconds=0.23
epoch=24/80 loss=0.019855 seconds=0.22
epoch=25/80 loss=0.018218 seconds=0.23
epoch=26/80 loss=0.016545 seconds=0.27
epoch=27/80 loss=0.013173 seconds=0.28
epoch=28/80 loss=0.012481 seconds=0.22
epoch=29/80 loss=0.008732 seconds=0.23
epoch=30/80 loss=0.028720 seconds=0.23
epoch=31/80 loss=0.010077 seconds=0.23
epoch=32/80 loss=0.007421 seconds=0.20
epoch=33/80 loss=0.009574 seconds=0.22
epoch=34/80 loss=0.006842 seconds=0.22
epoch=35/80 loss=0.005154 seconds=0.23
epoch=36/80 loss=0.017172 seconds=0.28
epoch=37/80 loss=0.007700 seconds=0.23
epoch=38/80 loss=0.007862 seconds=0.22
epoch=39/80 loss=0.005219 seconds=0.20
epoch=40/80 loss=0.004182 seconds=0.20
epoch=41/80 loss=0.004272 seconds=0.22
epoch=42/80 loss=0.002730 seconds=0.22
epoch=43/80 loss=0.004473 seconds=0.23
epoch=44/80 loss=0.023426 seconds=0.22
epoch=45/80 loss=0.004491 seconds=0.30
epoch=46/80 loss=0.006617 seconds=0.30
epoch=47/80 loss=0.003935 seconds=0.23
epoch=48/80 loss=0.006670 seconds=0.23
epoch=49/80 loss=0.010613 seconds=0.27
epoch=50/80 loss=0.003153 seconds=0.25
epoch=51/80 loss=0.001964 seconds=0.23
epoch=52/80 loss=0.002596 seconds=0.22
epoch=53/80 loss=0.012917 seconds=0.22
epoch=54/80 loss=0.005189 seconds=0.27
epoch=55/80 loss=0.003556 seconds=0.23
epoch=56/80 loss=0.001889 seconds=0.23
epoch=57/80 loss=0.001470 seconds=0.22
epoch=58/80 loss=0.001468 seconds=0.23
epoch=59/80 loss=0.001580 seconds=0.20
epoch=60/80 loss=0.003940 seconds=0.22
epoch=61/80 loss=0.000918 seconds=0.20
epoch=62/80 loss=0.001204 seconds=0.20
epoch=63/80 loss=0.000880 seconds=0.25
epoch=64/80 loss=0.000710 seconds=0.28
epoch=65/80 loss=0.000475 seconds=0.22
epoch=66/80 loss=0.000694 seconds=0.23
epoch=67/80 loss=0.000605 seconds=0.20
epoch=68/80 loss=0.000292 seconds=0.22
epoch=69/80 loss=0.000113 seconds=0.22
epoch=70/80 loss=0.000121 seconds=0.20
epoch=71/80 loss=0.000124 seconds=0.23
epoch=72/80 loss=0.000187 seconds=0.23
epoch=73/80 loss=0.000252 seconds=0.30
epoch=74/80 loss=0.000063 seconds=0.25
epoch=75/80 loss=0.000162 seconds=0.22
epoch=76/80 loss=0.000146 seconds=0.20
epoch=77/80 loss=0.000131 seconds=0.23
epoch=78/80 loss=0.000074 seconds=0.20
epoch=79/80 loss=0.000051 seconds=0.20
epoch=80/80 loss=0.000043 seconds=0.20
fold=3/10 OOF_accuracy=0.733333 OOF_AUC=0.687500
Device=cuda; epochs=80; batch=32; model=SqueezeNet1D
epoch=1/80 loss=0.672889 seconds=0.19
epoch=2/80 loss=0.303538 seconds=0.20
epoch=3/80 loss=0.079901 seconds=0.19
epoch=4/80 loss=0.044468 seconds=0.19
epoch=5/80 loss=0.072412 seconds=0.20
epoch=6/80 loss=0.037189 seconds=0.19
epoch=7/80 loss=0.025951 seconds=0.20
epoch=8/80 loss=0.027248 seconds=0.19
epoch=9/80 loss=0.022843 seconds=0.27
epoch=10/80 loss=0.028590 seconds=0.23
epoch=11/80 loss=0.018916 seconds=0.20
epoch=12/80 loss=0.021651 seconds=0.22
epoch=13/80 loss=0.023823 seconds=0.20
epoch=14/80 loss=0.029003 seconds=0.19
epoch=15/80 loss=0.013351 seconds=0.20
epoch=16/80 loss=0.018035 seconds=0.20
epoch=17/80 loss=0.014751 seconds=0.20
epoch=18/80 loss=0.009074 seconds=0.19
epoch=19/80 loss=0.010560 seconds=0.23
epoch=20/80 loss=0.008804 seconds=0.28
epoch=21/80 loss=0.010535 seconds=0.22
epoch=22/80 loss=0.008519 seconds=0.22
epoch=23/80 loss=0.007016 seconds=0.22
epoch=24/80 loss=0.009489 seconds=0.22
epoch=25/80 loss=0.006780 seconds=0.22
epoch=26/80 loss=0.007446 seconds=0.22
epoch=27/80 loss=0.006642 seconds=0.23
epoch=28/80 loss=0.016153 seconds=0.25
epoch=29/80 loss=0.011546 seconds=0.28
epoch=30/80 loss=0.005874 seconds=0.22
epoch=31/80 loss=0.003257 seconds=0.22
epoch=32/80 loss=0.004265 seconds=0.22
epoch=33/80 loss=0.017712 seconds=0.23
epoch=34/80 loss=0.002852 seconds=0.22
epoch=35/80 loss=0.007656 seconds=0.33
epoch=36/80 loss=0.003471 seconds=0.23
epoch=37/80 loss=0.004863 seconds=0.23
epoch=38/80 loss=0.002133 seconds=0.30
epoch=39/80 loss=0.015202 seconds=0.20
epoch=40/80 loss=0.003751 seconds=0.20
epoch=41/80 loss=0.002018 seconds=0.23
epoch=42/80 loss=0.000708 seconds=0.20
epoch=43/80 loss=0.001667 seconds=0.22
epoch=44/80 loss=0.011197 seconds=0.20
epoch=45/80 loss=0.004870 seconds=0.22
epoch=46/80 loss=0.001925 seconds=0.20
epoch=47/80 loss=0.000760 seconds=0.23
epoch=48/80 loss=0.000495 seconds=0.27
epoch=49/80 loss=0.000424 seconds=0.22
epoch=50/80 loss=0.000301 seconds=0.22
epoch=51/80 loss=0.000153 seconds=0.22
epoch=52/80 loss=0.000184 seconds=0.22
epoch=53/80 loss=0.000248 seconds=0.20
epoch=54/80 loss=0.000995 seconds=0.25
epoch=55/80 loss=0.000243 seconds=0.20
epoch=56/80 loss=0.000446 seconds=0.22
epoch=57/80 loss=0.000152 seconds=0.31
epoch=58/80 loss=0.000178 seconds=0.22
epoch=59/80 loss=0.000121 seconds=0.22
epoch=60/80 loss=0.000076 seconds=0.22
epoch=61/80 loss=0.000094 seconds=0.22
epoch=62/80 loss=0.000113 seconds=0.20
epoch=63/80 loss=0.000048 seconds=0.22
epoch=64/80 loss=0.000070 seconds=0.20
epoch=65/80 loss=0.000075 seconds=0.22
epoch=66/80 loss=0.000075 seconds=0.22
epoch=67/80 loss=0.000078 seconds=0.31
epoch=68/80 loss=0.000049 seconds=0.22
epoch=69/80 loss=0.000078 seconds=0.22
epoch=70/80 loss=0.000036 seconds=0.22
epoch=71/80 loss=0.000039 seconds=0.22
epoch=72/80 loss=0.000085 seconds=0.23
epoch=73/80 loss=0.000050 seconds=0.22
epoch=74/80 loss=0.000052 seconds=0.22
epoch=75/80 loss=0.000046 seconds=0.20
epoch=76/80 loss=0.000038 seconds=0.27
epoch=77/80 loss=0.000037 seconds=0.23
epoch=78/80 loss=0.000047 seconds=0.22
epoch=79/80 loss=0.000057 seconds=0.20
epoch=80/80 loss=0.000120 seconds=0.22
fold=4/10 OOF_accuracy=0.766667 OOF_AUC=0.778409
Device=cuda; epochs=80; batch=32; model=SqueezeNet1D
epoch=1/80 loss=0.524388 seconds=0.23
epoch=2/80 loss=0.067883 seconds=0.30
epoch=3/80 loss=0.026966 seconds=0.23
epoch=4/80 loss=0.025027 seconds=0.23
epoch=5/80 loss=0.034587 seconds=0.22
epoch=6/80 loss=0.012782 seconds=0.19
epoch=7/80 loss=0.010065 seconds=0.23
epoch=8/80 loss=0.013016 seconds=0.20
epoch=9/80 loss=0.005575 seconds=0.20
epoch=10/80 loss=0.008318 seconds=0.19
epoch=11/80 loss=0.006219 seconds=0.20
epoch=12/80 loss=0.007927 seconds=0.28
epoch=13/80 loss=0.007628 seconds=0.22
epoch=14/80 loss=0.004392 seconds=0.30
epoch=15/80 loss=0.003916 seconds=0.30
epoch=16/80 loss=0.008439 seconds=0.27
epoch=17/80 loss=0.006014 seconds=0.22
epoch=18/80 loss=0.002383 seconds=0.27
epoch=19/80 loss=0.010271 seconds=0.30
epoch=20/80 loss=0.006357 seconds=0.30
epoch=21/80 loss=0.007299 seconds=0.23
epoch=22/80 loss=0.010146 seconds=0.20
epoch=23/80 loss=0.004485 seconds=0.22
epoch=24/80 loss=0.001994 seconds=0.22
epoch=25/80 loss=0.002503 seconds=0.19
epoch=26/80 loss=0.002010 seconds=0.22
epoch=27/80 loss=0.012904 seconds=0.19
epoch=28/80 loss=0.001126 seconds=0.25
epoch=29/80 loss=0.000401 seconds=0.20
epoch=30/80 loss=0.002304 seconds=0.31
epoch=31/80 loss=0.010854 seconds=0.22
epoch=32/80 loss=0.022031 seconds=0.25
epoch=33/80 loss=0.026773 seconds=0.22
epoch=34/80 loss=0.006406 seconds=0.22
epoch=35/80 loss=0.002520 seconds=0.22
epoch=36/80 loss=0.003361 seconds=0.23
epoch=37/80 loss=0.002719 seconds=0.22
epoch=38/80 loss=0.001325 seconds=0.23
epoch=39/80 loss=0.000981 seconds=0.28
epoch=40/80 loss=0.000682 seconds=0.25
epoch=41/80 loss=0.002429 seconds=0.22
epoch=42/80 loss=0.000637 seconds=0.23
epoch=43/80 loss=0.003544 seconds=0.22
epoch=44/80 loss=0.001346 seconds=0.22
epoch=45/80 loss=0.003532 seconds=0.22
epoch=46/80 loss=0.000262 seconds=0.23
epoch=47/80 loss=0.000912 seconds=0.27
epoch=48/80 loss=0.000172 seconds=0.28
epoch=49/80 loss=0.000201 seconds=0.23
epoch=50/80 loss=0.000325 seconds=0.25
epoch=51/80 loss=0.008353 seconds=0.27
epoch=52/80 loss=0.000506 seconds=0.28
epoch=53/80 loss=0.000485 seconds=0.31
epoch=54/80 loss=0.000294 seconds=0.23
epoch=55/80 loss=0.000333 seconds=0.25
epoch=56/80 loss=0.000280 seconds=0.30
epoch=57/80 loss=0.001011 seconds=0.25
epoch=58/80 loss=0.000949 seconds=0.23
epoch=59/80 loss=0.000179 seconds=0.23
epoch=60/80 loss=0.000071 seconds=0.23
epoch=61/80 loss=0.000190 seconds=0.22
epoch=62/80 loss=0.000120 seconds=0.22
epoch=63/80 loss=0.000430 seconds=0.22
epoch=64/80 loss=0.000338 seconds=0.25
epoch=65/80 loss=0.000060 seconds=0.27
epoch=66/80 loss=0.000101 seconds=0.27
epoch=67/80 loss=0.000105 seconds=0.23
epoch=68/80 loss=0.000768 seconds=0.22
epoch=69/80 loss=0.001974 seconds=0.23
epoch=70/80 loss=0.087955 seconds=0.27
epoch=71/80 loss=0.014853 seconds=0.22
epoch=72/80 loss=0.004261 seconds=0.23
epoch=73/80 loss=0.003396 seconds=0.23
epoch=74/80 loss=0.001040 seconds=0.28
epoch=75/80 loss=0.001561 seconds=0.23
epoch=76/80 loss=0.001243 seconds=0.22
epoch=77/80 loss=0.000604 seconds=0.22
epoch=78/80 loss=0.001153 seconds=0.25
epoch=79/80 loss=0.000566 seconds=0.23
epoch=80/80 loss=0.001468 seconds=0.23
fold=5/10 OOF_accuracy=0.900000 OOF_AUC=0.977273
Device=cuda; epochs=80; batch=32; model=SqueezeNet1D
epoch=1/80 loss=0.583566 seconds=0.22
epoch=2/80 loss=0.228484 seconds=0.25
epoch=3/80 loss=0.137818 seconds=0.23
epoch=4/80 loss=0.104022 seconds=0.23
epoch=5/80 loss=0.081393 seconds=0.20
epoch=6/80 loss=0.082780 seconds=0.20
epoch=7/80 loss=0.061772 seconds=0.22
epoch=8/80 loss=0.058196 seconds=0.22
epoch=9/80 loss=0.041042 seconds=0.28
epoch=10/80 loss=0.048414 seconds=0.23
epoch=11/80 loss=0.037225 seconds=0.22
epoch=12/80 loss=0.036077 seconds=0.23
epoch=13/80 loss=0.042968 seconds=0.22
epoch=14/80 loss=0.030783 seconds=0.22
epoch=15/80 loss=0.031747 seconds=0.25
epoch=16/80 loss=0.031681 seconds=0.22
epoch=17/80 loss=0.033946 seconds=0.22
epoch=18/80 loss=0.026737 seconds=0.25
epoch=19/80 loss=0.026243 seconds=0.25
epoch=20/80 loss=0.026315 seconds=0.22
epoch=21/80 loss=0.022394 seconds=0.20
epoch=22/80 loss=0.031986 seconds=0.20
epoch=23/80 loss=0.025465 seconds=0.22
epoch=24/80 loss=0.019916 seconds=0.20
epoch=25/80 loss=0.027210 seconds=0.20
epoch=26/80 loss=0.015510 seconds=0.22
epoch=27/80 loss=0.031157 seconds=0.20
epoch=28/80 loss=0.017185 seconds=0.25
epoch=29/80 loss=0.012680 seconds=0.22
epoch=30/80 loss=0.012761 seconds=0.22
epoch=31/80 loss=0.013726 seconds=0.31
epoch=32/80 loss=0.014911 seconds=0.20
epoch=33/80 loss=0.009160 seconds=0.22
epoch=34/80 loss=0.009249 seconds=0.20
epoch=35/80 loss=0.014562 seconds=0.23
epoch=36/80 loss=0.009212 seconds=0.20
epoch=37/80 loss=0.005943 seconds=0.23
epoch=38/80 loss=0.006766 seconds=0.28
epoch=39/80 loss=0.007710 seconds=0.22
epoch=40/80 loss=0.016746 seconds=0.22
epoch=41/80 loss=0.007806 seconds=0.22
epoch=42/80 loss=0.006906 seconds=0.20
epoch=43/80 loss=0.006940 seconds=0.23
epoch=44/80 loss=0.011825 seconds=0.20
epoch=45/80 loss=0.010359 seconds=0.20
epoch=46/80 loss=0.003882 seconds=0.22
epoch=47/80 loss=0.004272 seconds=0.23
epoch=48/80 loss=0.003482 seconds=0.27
epoch=49/80 loss=0.002822 seconds=0.19
epoch=50/80 loss=0.001645 seconds=0.20
epoch=51/80 loss=0.000831 seconds=0.22
epoch=52/80 loss=0.000984 seconds=0.20
epoch=53/80 loss=0.000853 seconds=0.22
epoch=54/80 loss=0.000757 seconds=0.22
epoch=55/80 loss=0.001292 seconds=0.20
epoch=56/80 loss=0.000687 seconds=0.20
epoch=57/80 loss=0.000838 seconds=0.22
epoch=58/80 loss=0.003366 seconds=0.30
epoch=59/80 loss=0.012696 seconds=0.22
epoch=60/80 loss=0.008989 seconds=0.22
epoch=61/80 loss=0.017631 seconds=0.20
epoch=62/80 loss=0.010887 seconds=0.20
epoch=63/80 loss=0.002068 seconds=0.20
epoch=64/80 loss=0.001052 seconds=0.22
epoch=65/80 loss=0.000906 seconds=0.19
epoch=66/80 loss=0.000710 seconds=0.22
epoch=67/80 loss=0.000461 seconds=0.22
epoch=68/80 loss=0.000271 seconds=0.25
epoch=69/80 loss=0.000241 seconds=0.20
epoch=70/80 loss=0.000160 seconds=0.20
epoch=71/80 loss=0.000188 seconds=0.20
epoch=72/80 loss=0.011485 seconds=0.20
epoch=73/80 loss=0.002127 seconds=0.22
epoch=74/80 loss=0.000842 seconds=0.20
epoch=75/80 loss=0.005276 seconds=0.19
epoch=76/80 loss=0.000579 seconds=0.20
epoch=77/80 loss=0.000354 seconds=0.22
epoch=78/80 loss=0.000374 seconds=0.28
epoch=79/80 loss=0.000436 seconds=0.20
epoch=80/80 loss=0.000199 seconds=0.20
fold=6/10 OOF_accuracy=0.900000 OOF_AUC=0.965909
Device=cuda; epochs=80; batch=32; model=SqueezeNet1D
epoch=1/80 loss=0.508864 seconds=0.22
epoch=2/80 loss=0.067487 seconds=0.20
epoch=3/80 loss=0.038305 seconds=0.20
epoch=4/80 loss=0.022824 seconds=0.28
epoch=5/80 loss=0.022032 seconds=0.22
epoch=6/80 loss=0.014195 seconds=0.22
epoch=7/80 loss=0.010377 seconds=0.23
epoch=8/80 loss=0.009385 seconds=0.23
epoch=9/80 loss=0.010053 seconds=0.22
epoch=10/80 loss=0.014153 seconds=0.22
epoch=11/80 loss=0.013051 seconds=0.22
epoch=12/80 loss=0.010292 seconds=0.22
epoch=13/80 loss=0.002724 seconds=0.23
epoch=14/80 loss=0.005626 seconds=0.28
epoch=15/80 loss=0.021041 seconds=0.23
epoch=16/80 loss=0.003444 seconds=0.20
epoch=17/80 loss=0.003210 seconds=0.23
epoch=18/80 loss=0.001810 seconds=0.23
epoch=19/80 loss=0.001853 seconds=0.22
epoch=20/80 loss=0.003834 seconds=0.23
epoch=21/80 loss=0.002331 seconds=0.25
epoch=22/80 loss=0.001389 seconds=0.22
epoch=23/80 loss=0.001221 seconds=0.28
epoch=24/80 loss=0.001522 seconds=0.22
epoch=25/80 loss=0.000792 seconds=0.20
epoch=26/80 loss=0.000929 seconds=0.22
epoch=27/80 loss=0.000471 seconds=0.23
epoch=28/80 loss=0.001491 seconds=0.25
epoch=29/80 loss=0.016412 seconds=0.23
epoch=30/80 loss=0.002175 seconds=0.20
epoch=31/80 loss=0.000488 seconds=0.23
epoch=32/80 loss=0.000748 seconds=0.28
epoch=33/80 loss=0.000540 seconds=0.23
epoch=34/80 loss=0.005273 seconds=0.23
epoch=35/80 loss=0.003452 seconds=0.20
epoch=36/80 loss=0.005348 seconds=0.20
epoch=37/80 loss=0.003000 seconds=0.23
epoch=38/80 loss=0.000303 seconds=0.20
epoch=39/80 loss=0.000163 seconds=0.20
epoch=40/80 loss=0.000322 seconds=0.22
epoch=41/80 loss=0.000984 seconds=0.20
epoch=42/80 loss=0.001230 seconds=0.30
epoch=43/80 loss=0.000142 seconds=0.22
epoch=44/80 loss=0.000611 seconds=0.20
epoch=45/80 loss=0.000153 seconds=0.22
epoch=46/80 loss=0.000153 seconds=0.20
epoch=47/80 loss=0.000091 seconds=0.22
epoch=48/80 loss=0.000118 seconds=0.23
epoch=49/80 loss=0.000617 seconds=0.22
epoch=50/80 loss=0.000387 seconds=0.20
epoch=51/80 loss=0.000034 seconds=0.27
epoch=52/80 loss=0.000066 seconds=0.27
epoch=53/80 loss=0.000065 seconds=0.22
epoch=54/80 loss=0.000108 seconds=0.22
epoch=55/80 loss=0.000089 seconds=0.19
epoch=56/80 loss=0.000033 seconds=0.22
epoch=57/80 loss=0.000202 seconds=0.22
epoch=58/80 loss=0.000041 seconds=0.22
epoch=59/80 loss=0.000038 seconds=0.19
epoch=60/80 loss=0.000144 seconds=0.25
epoch=61/80 loss=0.000018 seconds=0.28
epoch=62/80 loss=0.000050 seconds=0.23
epoch=63/80 loss=0.000023 seconds=0.22
epoch=64/80 loss=0.000023 seconds=0.23
epoch=65/80 loss=0.000022 seconds=0.22
epoch=66/80 loss=0.000043 seconds=0.22
epoch=67/80 loss=0.000021 seconds=0.20
epoch=68/80 loss=0.000029 seconds=0.22
epoch=69/80 loss=0.000016 seconds=0.22
epoch=70/80 loss=0.000033 seconds=0.22
epoch=71/80 loss=0.000020 seconds=0.28
epoch=72/80 loss=0.000020 seconds=0.19
epoch=73/80 loss=0.000036 seconds=0.23
epoch=74/80 loss=0.000017 seconds=0.19
epoch=75/80 loss=0.000044 seconds=0.20
epoch=76/80 loss=0.000030 seconds=0.22
epoch=77/80 loss=0.000010 seconds=0.20
epoch=78/80 loss=0.000038 seconds=0.22
epoch=79/80 loss=0.056086 seconds=0.22
epoch=80/80 loss=0.017549 seconds=0.23
fold=7/10 OOF_accuracy=0.766667 OOF_AUC=0.852273
Device=cuda; epochs=80; batch=32; model=SqueezeNet1D
epoch=1/80 loss=0.661305 seconds=0.25
epoch=2/80 loss=0.348766 seconds=0.25
epoch=3/80 loss=0.144872 seconds=0.25
epoch=4/80 loss=0.091819 seconds=0.27
epoch=5/80 loss=0.051384 seconds=0.28
epoch=6/80 loss=0.037461 seconds=0.27
epoch=7/80 loss=0.028565 seconds=0.25
epoch=8/80 loss=0.022747 seconds=0.25
epoch=9/80 loss=0.022653 seconds=0.22
epoch=10/80 loss=0.019625 seconds=0.22
epoch=11/80 loss=0.015172 seconds=0.20
epoch=12/80 loss=0.017036 seconds=0.22
epoch=13/80 loss=0.017923 seconds=0.23
epoch=14/80 loss=0.032671 seconds=0.25
epoch=15/80 loss=0.016558 seconds=0.25
epoch=16/80 loss=0.016025 seconds=0.22
epoch=17/80 loss=0.011241 seconds=0.23
epoch=18/80 loss=0.007962 seconds=0.22
epoch=19/80 loss=0.012437 seconds=0.23
epoch=20/80 loss=0.007907 seconds=0.22
epoch=21/80 loss=0.011512 seconds=0.22
epoch=22/80 loss=0.045863 seconds=0.22
epoch=23/80 loss=0.008221 seconds=0.23
epoch=24/80 loss=0.008585 seconds=0.27
epoch=25/80 loss=0.004760 seconds=0.23
epoch=26/80 loss=0.004671 seconds=0.20
epoch=27/80 loss=0.004532 seconds=0.23
epoch=28/80 loss=0.002235 seconds=0.20
epoch=29/80 loss=0.002460 seconds=0.22
epoch=30/80 loss=0.002441 seconds=0.22
epoch=31/80 loss=0.002145 seconds=0.23
epoch=32/80 loss=0.000800 seconds=0.22
epoch=33/80 loss=0.001109 seconds=0.22
epoch=34/80 loss=0.000889 seconds=0.31
epoch=35/80 loss=0.001931 seconds=0.25
epoch=36/80 loss=0.012954 seconds=0.31
epoch=37/80 loss=0.005992 seconds=0.28
epoch=38/80 loss=0.002498 seconds=0.22
epoch=39/80 loss=0.001604 seconds=0.22
epoch=40/80 loss=0.003454 seconds=0.23
epoch=41/80 loss=0.001102 seconds=0.22
epoch=42/80 loss=0.000512 seconds=0.27
epoch=43/80 loss=0.000244 seconds=0.23
epoch=44/80 loss=0.000371 seconds=0.20
epoch=45/80 loss=0.000189 seconds=0.20
epoch=46/80 loss=0.000125 seconds=0.20
epoch=47/80 loss=0.000253 seconds=0.22
epoch=48/80 loss=0.000195 seconds=0.20
epoch=49/80 loss=0.000105 seconds=0.31
epoch=50/80 loss=0.000075 seconds=0.22
epoch=51/80 loss=0.000102 seconds=0.20
epoch=52/80 loss=0.000138 seconds=0.28
epoch=53/80 loss=0.000101 seconds=0.27
epoch=54/80 loss=0.000062 seconds=0.22
epoch=55/80 loss=0.000065 seconds=0.20
epoch=56/80 loss=0.000073 seconds=0.20
epoch=57/80 loss=0.000082 seconds=0.20
epoch=58/80 loss=0.000064 seconds=0.20
epoch=59/80 loss=0.000291 seconds=0.20
epoch=60/80 loss=0.000073 seconds=0.20
epoch=61/80 loss=0.000048 seconds=0.22
epoch=62/80 loss=0.000075 seconds=0.28
epoch=63/80 loss=0.000092 seconds=0.20
epoch=64/80 loss=0.004437 seconds=0.20
epoch=65/80 loss=0.000554 seconds=0.20
epoch=66/80 loss=0.000169 seconds=0.20
epoch=67/80 loss=0.000185 seconds=0.25
epoch=68/80 loss=0.000142 seconds=0.20
epoch=69/80 loss=0.000135 seconds=0.25
epoch=70/80 loss=0.000059 seconds=0.23
epoch=71/80 loss=0.000040 seconds=0.28
epoch=72/80 loss=0.000055 seconds=0.25
epoch=73/80 loss=0.000036 seconds=0.22
epoch=74/80 loss=0.000020 seconds=0.22
epoch=75/80 loss=0.000084 seconds=0.23
epoch=76/80 loss=0.000058 seconds=0.23
epoch=77/80 loss=0.000052 seconds=0.22
epoch=78/80 loss=0.019081 seconds=0.25
epoch=79/80 loss=0.002844 seconds=0.20
epoch=80/80 loss=0.001004 seconds=0.23
fold=8/10 OOF_accuracy=0.800000 OOF_AUC=0.761364
Device=cuda; epochs=80; batch=32; model=SqueezeNet1D
epoch=1/80 loss=0.590998 seconds=0.23
epoch=2/80 loss=0.203500 seconds=0.22
epoch=3/80 loss=0.129061 seconds=0.23
epoch=4/80 loss=0.092441 seconds=0.22
epoch=5/80 loss=0.071563 seconds=0.23
epoch=6/80 loss=0.053505 seconds=0.30
epoch=7/80 loss=0.031403 seconds=0.22
epoch=8/80 loss=0.022884 seconds=0.22
epoch=9/80 loss=0.015752 seconds=0.23
epoch=10/80 loss=0.018257 seconds=0.23
epoch=11/80 loss=0.017325 seconds=0.22
epoch=12/80 loss=0.012396 seconds=0.23
epoch=13/80 loss=0.010898 seconds=0.23
epoch=14/80 loss=0.008532 seconds=0.22
epoch=15/80 loss=0.007341 seconds=0.27
epoch=16/80 loss=0.008561 seconds=0.25
epoch=17/80 loss=0.003299 seconds=0.22
epoch=18/80 loss=0.004522 seconds=0.20
epoch=19/80 loss=0.014784 seconds=0.23
epoch=20/80 loss=0.002879 seconds=0.22
epoch=21/80 loss=0.004108 seconds=0.23
epoch=22/80 loss=0.005012 seconds=0.22
epoch=23/80 loss=0.032653 seconds=0.25
epoch=24/80 loss=0.009310 seconds=0.22
epoch=25/80 loss=0.002536 seconds=0.30
epoch=26/80 loss=0.002098 seconds=0.22
epoch=27/80 loss=0.001428 seconds=0.20
epoch=28/80 loss=0.001910 seconds=0.20
epoch=29/80 loss=0.002167 seconds=0.20
epoch=30/80 loss=0.000687 seconds=0.20
epoch=31/80 loss=0.000594 seconds=0.22
epoch=32/80 loss=0.000571 seconds=0.20
epoch=33/80 loss=0.000489 seconds=0.19
epoch=34/80 loss=0.000830 seconds=0.22
epoch=35/80 loss=0.000769 seconds=0.28
epoch=36/80 loss=0.000710 seconds=0.22
epoch=37/80 loss=0.000407 seconds=0.22
epoch=38/80 loss=0.000214 seconds=0.19
epoch=39/80 loss=0.000368 seconds=0.19
epoch=40/80 loss=0.001420 seconds=0.19
epoch=41/80 loss=0.001232 seconds=0.20
epoch=42/80 loss=0.000326 seconds=0.20
epoch=43/80 loss=0.000532 seconds=0.20
epoch=44/80 loss=0.005722 seconds=0.22
epoch=45/80 loss=0.000566 seconds=0.28
epoch=46/80 loss=0.000372 seconds=0.22
epoch=47/80 loss=0.000165 seconds=0.20
epoch=48/80 loss=0.000193 seconds=0.20
epoch=49/80 loss=0.000338 seconds=0.20
epoch=50/80 loss=0.000600 seconds=0.22
epoch=51/80 loss=0.000209 seconds=0.20
epoch=52/80 loss=0.000180 seconds=0.20
epoch=53/80 loss=0.000197 seconds=0.20
epoch=54/80 loss=0.011675 seconds=0.20
epoch=55/80 loss=0.001403 seconds=0.27
epoch=56/80 loss=0.006872 seconds=0.22
epoch=57/80 loss=0.000979 seconds=0.20
epoch=58/80 loss=0.000372 seconds=0.22
epoch=59/80 loss=0.000191 seconds=0.19
epoch=60/80 loss=0.000346 seconds=0.22
epoch=61/80 loss=0.000910 seconds=0.19
epoch=62/80 loss=0.002035 seconds=0.20
epoch=63/80 loss=0.021806 seconds=0.20
epoch=64/80 loss=0.001317 seconds=0.22
epoch=65/80 loss=0.000561 seconds=0.27
epoch=66/80 loss=0.000225 seconds=0.25
epoch=67/80 loss=0.000648 seconds=0.20
epoch=68/80 loss=0.000244 seconds=0.20
epoch=69/80 loss=0.000171 seconds=0.22
epoch=70/80 loss=0.000135 seconds=0.22
epoch=71/80 loss=0.000092 seconds=0.22
epoch=72/80 loss=0.000338 seconds=0.23
epoch=73/80 loss=0.000208 seconds=0.20
epoch=74/80 loss=0.000069 seconds=0.25
epoch=75/80 loss=0.000098 seconds=0.27
epoch=76/80 loss=0.000109 seconds=0.22
epoch=77/80 loss=0.001184 seconds=0.25
epoch=78/80 loss=0.000239 seconds=0.20
epoch=79/80 loss=0.000077 seconds=0.20
epoch=80/80 loss=0.000113 seconds=0.20
fold=9/10 OOF_accuracy=0.833333 OOF_AUC=0.732955
Device=cuda; epochs=80; batch=32; model=SqueezeNet1D
epoch=1/80 loss=0.584236 seconds=0.33
epoch=2/80 loss=0.219257 seconds=0.22
epoch=3/80 loss=0.121626 seconds=0.22
epoch=4/80 loss=0.101761 seconds=0.20
epoch=5/80 loss=0.067842 seconds=0.22
epoch=6/80 loss=0.051325 seconds=0.20
epoch=7/80 loss=0.062225 seconds=0.22
epoch=8/80 loss=0.043279 seconds=0.22
epoch=9/80 loss=0.030884 seconds=0.22
epoch=10/80 loss=0.033283 seconds=0.23
epoch=11/80 loss=0.026069 seconds=0.23
epoch=12/80 loss=0.021713 seconds=0.22
epoch=13/80 loss=0.028788 seconds=0.20
epoch=14/80 loss=0.013074 seconds=0.20
epoch=15/80 loss=0.013686 seconds=0.23
epoch=16/80 loss=0.030643 seconds=0.20
epoch=17/80 loss=0.015889 seconds=0.22
epoch=18/80 loss=0.005961 seconds=0.22
epoch=19/80 loss=0.003956 seconds=0.22
epoch=20/80 loss=0.004509 seconds=0.27
epoch=21/80 loss=0.019991 seconds=0.22
epoch=22/80 loss=0.022799 seconds=0.20
epoch=23/80 loss=0.006853 seconds=0.20
epoch=24/80 loss=0.007127 seconds=0.20
epoch=25/80 loss=0.003825 seconds=0.22
epoch=26/80 loss=0.003417 seconds=0.19
epoch=27/80 loss=0.003778 seconds=0.20
epoch=28/80 loss=0.006083 seconds=0.19
epoch=29/80 loss=0.004678 seconds=0.20
epoch=30/80 loss=0.002660 seconds=0.20
epoch=31/80 loss=0.001265 seconds=0.30
epoch=32/80 loss=0.003590 seconds=0.20
epoch=33/80 loss=0.000671 seconds=0.19
epoch=34/80 loss=0.000473 seconds=0.22
epoch=35/80 loss=0.000510 seconds=0.20
epoch=36/80 loss=0.000868 seconds=0.20
epoch=37/80 loss=0.000552 seconds=0.20
epoch=38/80 loss=0.000364 seconds=0.22
epoch=39/80 loss=0.000446 seconds=0.20
epoch=40/80 loss=0.000783 seconds=0.20
epoch=41/80 loss=0.000248 seconds=0.30
epoch=42/80 loss=0.000106 seconds=0.20
epoch=43/80 loss=0.000133 seconds=0.20
epoch=44/80 loss=0.000168 seconds=0.20
epoch=45/80 loss=0.000073 seconds=0.20
epoch=46/80 loss=0.000136 seconds=0.22
epoch=47/80 loss=0.000071 seconds=0.20
epoch=48/80 loss=0.000155 seconds=0.22
epoch=49/80 loss=0.000077 seconds=0.23
epoch=50/80 loss=0.000100 seconds=0.20
epoch=51/80 loss=0.000088 seconds=0.28
epoch=52/80 loss=0.000060 seconds=0.23
epoch=53/80 loss=0.000087 seconds=0.22
epoch=54/80 loss=0.000085 seconds=0.23
epoch=55/80 loss=0.000220 seconds=0.22
epoch=56/80 loss=0.000060 seconds=0.22
epoch=57/80 loss=0.000312 seconds=0.20
epoch=58/80 loss=0.062109 seconds=0.22
epoch=59/80 loss=0.003634 seconds=0.22
epoch=60/80 loss=0.002209 seconds=0.27
epoch=61/80 loss=0.002250 seconds=0.25
epoch=62/80 loss=0.001452 seconds=0.22
epoch=63/80 loss=0.004434 seconds=0.23
epoch=64/80 loss=0.008057 seconds=0.20
epoch=65/80 loss=0.001877 seconds=0.22
epoch=66/80 loss=0.000628 seconds=0.22
epoch=67/80 loss=0.000248 seconds=0.20
epoch=68/80 loss=0.000220 seconds=0.23
epoch=69/80 loss=0.000180 seconds=0.22
epoch=70/80 loss=0.000112 seconds=0.30
epoch=71/80 loss=0.000656 seconds=0.23
epoch=72/80 loss=0.000136 seconds=0.23
epoch=73/80 loss=0.000075 seconds=0.20
epoch=74/80 loss=0.000087 seconds=0.25
epoch=75/80 loss=0.000075 seconds=0.22
epoch=76/80 loss=0.000088 seconds=0.22
epoch=77/80 loss=0.000053 seconds=0.22
epoch=78/80 loss=0.000059 seconds=0.20
epoch=79/80 loss=0.000051 seconds=0.23
epoch=80/80 loss=0.000032 seconds=0.25
fold=10/10 OOF_accuracy=0.700000 OOF_AUC=0.777778
Frozen Train OOF threshold=0.99977856874465942; objective=accuracy; OOF selection accuracy=0.826667
Device=cuda; epochs=80; batch=32; model=SqueezeNet1D
epoch=1/80 loss=0.506879 seconds=0.31
epoch=2/80 loss=0.082440 seconds=0.36
epoch=3/80 loss=0.029597 seconds=0.31
epoch=4/80 loss=0.020095 seconds=0.22
epoch=5/80 loss=0.039792 seconds=0.27
epoch=6/80 loss=0.013534 seconds=0.23
epoch=7/80 loss=0.010323 seconds=0.25
epoch=8/80 loss=0.014043 seconds=0.27
epoch=9/80 loss=0.014389 seconds=0.23
epoch=10/80 loss=0.012757 seconds=0.33
epoch=11/80 loss=0.011630 seconds=0.23
epoch=12/80 loss=0.010155 seconds=0.23
epoch=13/80 loss=0.010940 seconds=0.25
epoch=14/80 loss=0.010203 seconds=0.25
epoch=15/80 loss=0.008604 seconds=0.25
epoch=16/80 loss=0.006061 seconds=0.23
epoch=17/80 loss=0.011572 seconds=0.25
epoch=18/80 loss=0.006430 seconds=0.27
epoch=19/80 loss=0.017932 seconds=0.30
epoch=20/80 loss=0.010426 seconds=0.22
epoch=21/80 loss=0.005115 seconds=0.25
epoch=22/80 loss=0.005515 seconds=0.28
epoch=23/80 loss=0.008208 seconds=0.23
epoch=24/80 loss=0.018443 seconds=0.23
epoch=25/80 loss=0.016199 seconds=0.27
epoch=26/80 loss=0.007861 seconds=0.25
epoch=27/80 loss=0.005958 seconds=0.31
epoch=28/80 loss=0.007968 seconds=0.25
epoch=29/80 loss=0.004264 seconds=0.25
epoch=30/80 loss=0.007448 seconds=0.23
epoch=31/80 loss=0.060514 seconds=0.23
epoch=32/80 loss=0.009519 seconds=0.23
epoch=33/80 loss=0.006366 seconds=0.25
epoch=34/80 loss=0.006718 seconds=0.23
epoch=35/80 loss=0.003914 seconds=0.25
epoch=36/80 loss=0.005116 seconds=0.28
epoch=37/80 loss=0.003858 seconds=0.22
epoch=38/80 loss=0.002430 seconds=0.23
epoch=39/80 loss=0.002430 seconds=0.23
epoch=40/80 loss=0.003137 seconds=0.22
epoch=41/80 loss=0.002125 seconds=0.22
epoch=42/80 loss=0.002427 seconds=0.22
epoch=43/80 loss=0.002534 seconds=0.25
epoch=44/80 loss=0.001619 seconds=0.23
epoch=45/80 loss=0.003309 seconds=0.30
epoch=46/80 loss=0.003455 seconds=0.27
epoch=47/80 loss=0.003975 seconds=0.23
epoch=48/80 loss=0.002014 seconds=0.23
epoch=49/80 loss=0.005417 seconds=0.23
epoch=50/80 loss=0.003182 seconds=0.27
epoch=51/80 loss=0.006112 seconds=0.34
epoch=52/80 loss=0.005318 seconds=0.31
epoch=53/80 loss=0.001871 seconds=0.39
epoch=54/80 loss=0.002076 seconds=0.28
epoch=55/80 loss=0.000881 seconds=0.28
epoch=56/80 loss=0.000899 seconds=0.25
epoch=57/80 loss=0.000663 seconds=0.25
epoch=58/80 loss=0.000655 seconds=0.25
epoch=59/80 loss=0.001108 seconds=0.25
epoch=60/80 loss=0.004020 seconds=0.25
epoch=61/80 loss=0.008470 seconds=0.33
epoch=62/80 loss=0.022533 seconds=0.23
epoch=63/80 loss=0.013489 seconds=0.23
epoch=64/80 loss=0.007926 seconds=0.25
epoch=65/80 loss=0.001406 seconds=0.25
epoch=66/80 loss=0.001829 seconds=0.23
epoch=67/80 loss=0.001699 seconds=0.25
epoch=68/80 loss=0.001045 seconds=0.25
epoch=69/80 loss=0.000988 seconds=0.30
epoch=70/80 loss=0.000483 seconds=0.27
epoch=71/80 loss=0.000374 seconds=0.25
epoch=72/80 loss=0.001006 seconds=0.25
epoch=73/80 loss=0.001022 seconds=0.25
epoch=74/80 loss=0.000341 seconds=0.25
epoch=75/80 loss=0.002492 seconds=0.23
epoch=76/80 loss=0.000375 seconds=0.23
epoch=77/80 loss=0.000516 seconds=0.25
epoch=78/80 loss=0.000138 seconds=0.30
epoch=79/80 loss=0.000423 seconds=0.28
epoch=80/80 loss=0.000135 seconds=0.23
{"cv_oof": {"accuracy": 0.8, "balanced_accuracy": 0.7657703365465922, "sensitivity": 0.691358024691358, "specificity": 0.8401826484018264, "f1_macro": 0.7554879374049119, "roc_auc": 0.8162241389029822, "confusion_matrix": [[184, 35], [25, 56]], "classification_report": {"0": {"precision": 0.8803827751196173, "recall": 0.8401826484018264, "f1-score": 0.8598130841121495, "support": 219.0}, "1": {"precision": 0.6153846153846154, "recall": 0.691358024691358, "f1-score": 0.6511627906976745, "support": 81.0}, "accuracy": 0.8, "macro avg": {"precision": 0.7478836952521164, "recall": 0.7657703365465922, "f1-score": 0.7554879374049119, "support": 300.0}, "weighted avg": {"precision": 0.8088332719911668, "recall": 0.8, "f1-score": 0.8034775048902412, "support": 300.0}}}, "test": {"accuracy": 0.8181818181818182, "balanced_accuracy": 0.7113095238095237, "sensitivity": 0.47619047619047616, "specificity": 0.9464285714285714, "f1_macro": 0.7357843137254902, "roc_auc": 0.7767857142857143, "confusion_matrix": [[53, 3], [11, 10]], "classification_report": {"0": {"precision": 0.828125, "recall": 0.9464285714285714, "f1-score": 0.8833333333333333, "support": 56.0}, "1": {"precision": 0.7692307692307693, "recall": 0.47619047619047616, "f1-score": 0.5882352941176471, "support": 21.0}, "accuracy": 0.8181818181818182, "macro avg": {"precision": 0.7986778846153846, "recall": 0.7113095238095237, "f1-score": 0.7357843137254902, "support": 77.0}, "weighted avg": {"precision": 0.8120629370629371, "recall": 0.8181818181818182, "f1-score": 0.8028520499108734, "support": 77.0}}}, "folds": 10, "original_train_rows": 300, "train_rows": 2182, "test_rows": 77, "elapsed_seconds": 216.875, "test_default": {"accuracy": 0.7922077922077922, "balanced_accuracy": 0.7232142857142857, "sensitivity": 0.5714285714285714, "specificity": 0.875, "f1_macro": 0.7298245614035088, "roc_auc": 0.7767857142857143, "confusion_matrix": [[49, 7], [9, 12]], "classification_report": {"0": {"precision": 0.8448275862068966, "recall": 0.875, "f1-score": 0.8596491228070176, "support": 56.0}, "1": {"precision": 0.631578947368421, "recall": 0.5714285714285714, "f1-score": 0.6, "support": 21.0}, "accuracy": 0.7922077922077922, "macro avg": {"precision": 0.7382032667876588, "recall": 0.7232142857142857, "f1-score": 0.7298245614035088, "support": 77.0}, "weighted avg": {"precision": 0.786668866523676, "recall": 0.7922077922077922, "f1-score": 0.788835725677831, "support": 77.0}}}, "decision_threshold": 0.9997785687446594, "oof_threshold_selection": {"accuracy": 0.8266666666666667, "balanced_accuracy": 0.7256891594791138, "sensitivity": 0.5061728395061729, "specificity": 0.9452054794520548, "f1_macro": 0.7501761578374223, "roc_auc": 0.8162241389029822, "confusion_matrix": [[207, 12], [40, 41]], "classification_report": {"0": {"precision": 0.8380566801619433, "recall": 0.9452054794520548, "f1-score": 0.8884120171673819, "support": 219.0}, "1": {"precision": 0.7735849056603774, "recall": 0.5061728395061729, "f1-score": 0.6119402985074627, "support": 81.0}, "accuracy": 0.8266666666666667, "macro avg": {"precision": 0.8058207929111604, "recall": 0.7256891594791138, "f1-score": 0.7501761578374223, "support": 300.0}, "weighted avg": {"precision": 0.8206493010465206, "recall": 0.8266666666666667, "f1-score": 0.8137646531292038, "support": 300.0}}}, "test_accuracy_change": 0.025974025974025983}
