Command: ["C:\\Users\\IHCK\\AppData\\Local\\Programs\\Python\\Python312\\python.exe", "-u", "C:\\Users\\IHCK\\Desktop\\1_10_69Final\\Hippocampal-Shape-Analysis-for-Epilepsy-Detection\\Model\\train_dataset_model.py", "--dataset", "augment_plsda_balanced", "--side", "left", "--model", "MobileNet", "--kind", "coef", "--train-csv", "C:\\Users\\IHCK\\Desktop\\1_10_69Final\\Hippocampal-Shape-Analysis-for-Epilepsy-Detection\\Output_Dataset\\augment_plsda_balanced\\left\\train_prepared.csv", "--test-csv", "C:\\Users\\IHCK\\Desktop\\1_10_69Final\\Hippocampal-Shape-Analysis-for-Epilepsy-Detection\\Output_Dataset\\augment_plsda_balanced\\left\\test_prepared.csv", "--output-dir", "C:\\Users\\IHCK\\Desktop\\1_10_69Final\\Hippocampal-Shape-Analysis-for-Epilepsy-Detection\\Model_Results\\dataset_runs_20261003_oof_threshold\\augment_plsda_balanced\\left\\MobileNet", "--epochs", "80", "--folds", "10", "--pls-components", "8", "--seed", "42", "--threads", "2", "--tune-threshold"]
10-fold CV: dataset=augment_plsda_balanced side=left model=MobileNet; original_train=300 test=73
Device=cuda; epochs=80; batch=32; model=MobileNetV2_1D
epoch=1/80 loss=0.190976 seconds=0.70
epoch=2/80 loss=0.035664 seconds=0.34
epoch=3/80 loss=0.027080 seconds=0.34
epoch=4/80 loss=0.014195 seconds=0.34
epoch=5/80 loss=0.019091 seconds=0.36
epoch=6/80 loss=0.037521 seconds=0.34
epoch=7/80 loss=0.012969 seconds=0.36
epoch=8/80 loss=0.020175 seconds=0.33
epoch=9/80 loss=0.025094 seconds=0.36
epoch=10/80 loss=0.008680 seconds=0.34
epoch=11/80 loss=0.008170 seconds=0.34
epoch=12/80 loss=0.006529 seconds=0.34
epoch=13/80 loss=0.001722 seconds=0.34
epoch=14/80 loss=0.009270 seconds=0.34
epoch=15/80 loss=0.002079 seconds=0.33
epoch=16/80 loss=0.000849 seconds=0.34
epoch=17/80 loss=0.002150 seconds=0.34
epoch=18/80 loss=0.016493 seconds=0.33
epoch=19/80 loss=0.006179 seconds=0.33
epoch=20/80 loss=0.017746 seconds=0.33
epoch=21/80 loss=0.007017 seconds=0.34
epoch=22/80 loss=0.011466 seconds=0.36
epoch=23/80 loss=0.001854 seconds=0.34
epoch=24/80 loss=0.008756 seconds=0.38
epoch=25/80 loss=0.001515 seconds=0.34
epoch=26/80 loss=0.001020 seconds=0.34
epoch=27/80 loss=0.008942 seconds=0.36
epoch=28/80 loss=0.006260 seconds=0.34
epoch=29/80 loss=0.012727 seconds=0.34
epoch=30/80 loss=0.005807 seconds=0.34
epoch=31/80 loss=0.001413 seconds=0.34
epoch=32/80 loss=0.000923 seconds=0.39
epoch=33/80 loss=0.001089 seconds=0.34
epoch=34/80 loss=0.008880 seconds=0.36
epoch=35/80 loss=0.002952 seconds=0.36
epoch=36/80 loss=0.000763 seconds=0.36
epoch=37/80 loss=0.002842 seconds=0.34
epoch=38/80 loss=0.002796 seconds=0.38
epoch=39/80 loss=0.003010 seconds=0.41
epoch=40/80 loss=0.000720 seconds=0.34
epoch=41/80 loss=0.000286 seconds=0.39
epoch=42/80 loss=0.000296 seconds=0.33
epoch=43/80 loss=0.000157 seconds=0.34
epoch=44/80 loss=0.000158 seconds=0.34
epoch=45/80 loss=0.000133 seconds=0.36
epoch=46/80 loss=0.000185 seconds=0.34
epoch=47/80 loss=0.000118 seconds=0.36
epoch=48/80 loss=0.000105 seconds=0.36
epoch=49/80 loss=0.000127 seconds=0.34
epoch=50/80 loss=0.000093 seconds=0.36
epoch=51/80 loss=0.000288 seconds=0.34
epoch=52/80 loss=0.000098 seconds=0.34
epoch=53/80 loss=0.000064 seconds=0.33
epoch=54/80 loss=0.000057 seconds=0.36
epoch=55/80 loss=0.000073 seconds=0.34
epoch=56/80 loss=0.000042 seconds=0.34
epoch=57/80 loss=0.000049 seconds=0.34
epoch=58/80 loss=0.000048 seconds=0.39
epoch=59/80 loss=0.000059 seconds=0.36
epoch=60/80 loss=0.000040 seconds=0.41
epoch=61/80 loss=0.000660 seconds=0.39
epoch=62/80 loss=0.000181 seconds=0.38
epoch=63/80 loss=0.000031 seconds=0.36
epoch=64/80 loss=0.002622 seconds=0.36
epoch=65/80 loss=0.051188 seconds=0.36
epoch=66/80 loss=0.006608 seconds=0.38
epoch=67/80 loss=0.009331 seconds=0.36
epoch=68/80 loss=0.023251 seconds=0.38
epoch=69/80 loss=0.005177 seconds=0.34
epoch=70/80 loss=0.003092 seconds=0.38
epoch=71/80 loss=0.001053 seconds=0.34
epoch=72/80 loss=0.000476 seconds=0.34
epoch=73/80 loss=0.000334 seconds=0.34
epoch=74/80 loss=0.001174 seconds=0.34
epoch=75/80 loss=0.003897 seconds=0.34
epoch=76/80 loss=0.005865 seconds=0.34
epoch=77/80 loss=0.002303 seconds=0.34
epoch=78/80 loss=0.006109 seconds=0.36
epoch=79/80 loss=0.003652 seconds=0.34
epoch=80/80 loss=0.006109 seconds=0.34
fold=1/10 OOF_accuracy=0.766667 OOF_AUC=0.740000
Device=cuda; epochs=80; batch=32; model=MobileNetV2_1D
epoch=1/80 loss=0.187714 seconds=0.36
epoch=2/80 loss=0.032831 seconds=0.36
epoch=3/80 loss=0.028266 seconds=0.34
epoch=4/80 loss=0.023019 seconds=0.36
epoch=5/80 loss=0.014973 seconds=0.34
epoch=6/80 loss=0.020803 seconds=0.36
epoch=7/80 loss=0.008977 seconds=0.36
epoch=8/80 loss=0.023987 seconds=0.36
epoch=9/80 loss=0.008869 seconds=0.34
epoch=10/80 loss=0.010510 seconds=0.34
epoch=11/80 loss=0.018854 seconds=0.34
epoch=12/80 loss=0.008310 seconds=0.39
epoch=13/80 loss=0.003395 seconds=0.36
epoch=14/80 loss=0.008209 seconds=0.34
epoch=15/80 loss=0.012382 seconds=0.34
epoch=16/80 loss=0.013594 seconds=0.36
epoch=17/80 loss=0.004685 seconds=0.36
epoch=18/80 loss=0.018655 seconds=0.36
epoch=19/80 loss=0.012443 seconds=0.33
epoch=20/80 loss=0.005571 seconds=0.34
epoch=21/80 loss=0.001437 seconds=0.34
epoch=22/80 loss=0.001032 seconds=0.34
epoch=23/80 loss=0.001460 seconds=0.33
epoch=24/80 loss=0.001361 seconds=0.34
epoch=25/80 loss=0.000511 seconds=0.34
epoch=26/80 loss=0.000596 seconds=0.33
epoch=27/80 loss=0.000468 seconds=0.34
epoch=28/80 loss=0.000211 seconds=0.31
epoch=29/80 loss=0.013424 seconds=0.34
epoch=30/80 loss=0.010043 seconds=0.34
epoch=31/80 loss=0.008304 seconds=0.33
epoch=32/80 loss=0.006296 seconds=0.33
epoch=33/80 loss=0.003759 seconds=0.33
epoch=34/80 loss=0.011107 seconds=0.36
epoch=35/80 loss=0.005701 seconds=0.36
epoch=36/80 loss=0.010760 seconds=0.33
epoch=37/80 loss=0.015524 seconds=0.34
epoch=38/80 loss=0.003894 seconds=0.34
epoch=39/80 loss=0.012951 seconds=0.34
epoch=40/80 loss=0.001569 seconds=0.34
epoch=41/80 loss=0.006085 seconds=0.36
epoch=42/80 loss=0.009671 seconds=0.34
epoch=43/80 loss=0.003329 seconds=0.34
epoch=44/80 loss=0.000673 seconds=0.33
epoch=45/80 loss=0.000961 seconds=0.36
epoch=46/80 loss=0.009054 seconds=0.42
epoch=47/80 loss=0.003395 seconds=0.36
epoch=48/80 loss=0.000589 seconds=0.36
epoch=49/80 loss=0.000610 seconds=0.36
epoch=50/80 loss=0.003189 seconds=0.39
epoch=51/80 loss=0.012224 seconds=0.38
epoch=52/80 loss=0.013278 seconds=0.38
epoch=53/80 loss=0.001311 seconds=0.36
epoch=54/80 loss=0.000621 seconds=0.41
epoch=55/80 loss=0.001551 seconds=0.36
epoch=56/80 loss=0.000396 seconds=0.36
epoch=57/80 loss=0.000225 seconds=0.41
epoch=58/80 loss=0.000818 seconds=0.41
epoch=59/80 loss=0.006009 seconds=0.41
epoch=60/80 loss=0.000284 seconds=0.41
epoch=61/80 loss=0.000273 seconds=0.38
epoch=62/80 loss=0.000178 seconds=0.39
epoch=63/80 loss=0.000141 seconds=0.41
epoch=64/80 loss=0.000327 seconds=0.39
epoch=65/80 loss=0.016872 seconds=0.36
epoch=66/80 loss=0.009335 seconds=0.39
epoch=67/80 loss=0.008104 seconds=0.34
epoch=68/80 loss=0.002261 seconds=0.34
epoch=69/80 loss=0.001421 seconds=0.36
epoch=70/80 loss=0.003508 seconds=0.36
epoch=71/80 loss=0.005824 seconds=0.39
epoch=72/80 loss=0.003808 seconds=0.38
epoch=73/80 loss=0.000867 seconds=0.36
epoch=74/80 loss=0.000345 seconds=0.39
epoch=75/80 loss=0.001363 seconds=0.38
epoch=76/80 loss=0.000555 seconds=0.38
epoch=77/80 loss=0.000425 seconds=0.38
epoch=78/80 loss=0.001851 seconds=0.44
epoch=79/80 loss=0.000746 seconds=0.42
epoch=80/80 loss=0.000250 seconds=0.36
fold=2/10 OOF_accuracy=0.666667 OOF_AUC=0.570000
Device=cuda; epochs=80; batch=32; model=MobileNetV2_1D
epoch=1/80 loss=0.202571 seconds=0.38
epoch=2/80 loss=0.036037 seconds=0.36
epoch=3/80 loss=0.022609 seconds=0.34
epoch=4/80 loss=0.021155 seconds=0.36
epoch=5/80 loss=0.026912 seconds=0.34
epoch=6/80 loss=0.020884 seconds=0.34
epoch=7/80 loss=0.010456 seconds=0.34
epoch=8/80 loss=0.011327 seconds=0.39
epoch=9/80 loss=0.025083 seconds=0.34
epoch=10/80 loss=0.006394 seconds=0.36
epoch=11/80 loss=0.011212 seconds=0.38
epoch=12/80 loss=0.007940 seconds=0.34
epoch=13/80 loss=0.016584 seconds=0.36
epoch=14/80 loss=0.013508 seconds=0.34
epoch=15/80 loss=0.007313 seconds=0.36
epoch=16/80 loss=0.002385 seconds=0.39
epoch=17/80 loss=0.011154 seconds=0.36
epoch=18/80 loss=0.023487 seconds=0.39
epoch=19/80 loss=0.005181 seconds=0.36
epoch=20/80 loss=0.007340 seconds=0.38
epoch=21/80 loss=0.003475 seconds=0.36
epoch=22/80 loss=0.005122 seconds=0.38
epoch=23/80 loss=0.006398 seconds=0.36
epoch=24/80 loss=0.014622 seconds=0.36
epoch=25/80 loss=0.014829 seconds=0.36
epoch=26/80 loss=0.012806 seconds=0.39
epoch=27/80 loss=0.010415 seconds=0.34
epoch=28/80 loss=0.008082 seconds=0.36
epoch=29/80 loss=0.004754 seconds=0.38
epoch=30/80 loss=0.002402 seconds=0.39
epoch=31/80 loss=0.001037 seconds=0.36
epoch=32/80 loss=0.004729 seconds=0.41
epoch=33/80 loss=0.001365 seconds=0.34
epoch=34/80 loss=0.001686 seconds=0.38
epoch=35/80 loss=0.003423 seconds=0.38
epoch=36/80 loss=0.003259 seconds=0.34
epoch=37/80 loss=0.001754 seconds=0.39
epoch=38/80 loss=0.001701 seconds=0.34
epoch=39/80 loss=0.002448 seconds=0.38
epoch=40/80 loss=0.001162 seconds=0.38
epoch=41/80 loss=0.001015 seconds=0.34
epoch=42/80 loss=0.000848 seconds=0.38
epoch=43/80 loss=0.012697 seconds=0.34
epoch=44/80 loss=0.010813 seconds=0.38
epoch=45/80 loss=0.013864 seconds=0.36
epoch=46/80 loss=0.007956 seconds=0.39
epoch=47/80 loss=0.003931 seconds=0.36
epoch=48/80 loss=0.009217 seconds=0.36
epoch=49/80 loss=0.002030 seconds=0.34
epoch=50/80 loss=0.001574 seconds=0.36
epoch=51/80 loss=0.000484 seconds=0.34
epoch=52/80 loss=0.003189 seconds=0.36
epoch=53/80 loss=0.002475 seconds=0.33
epoch=54/80 loss=0.002150 seconds=0.36
epoch=55/80 loss=0.017620 seconds=0.34
epoch=56/80 loss=0.001786 seconds=0.34
epoch=57/80 loss=0.000940 seconds=0.38
epoch=58/80 loss=0.000926 seconds=0.34
epoch=59/80 loss=0.014792 seconds=0.36
epoch=60/80 loss=0.012483 seconds=0.34
epoch=61/80 loss=0.003215 seconds=0.33
epoch=62/80 loss=0.005101 seconds=0.34
epoch=63/80 loss=0.001325 seconds=0.36
epoch=64/80 loss=0.004231 seconds=0.38
epoch=65/80 loss=0.000633 seconds=0.34
epoch=66/80 loss=0.000414 seconds=0.36
epoch=67/80 loss=0.000333 seconds=0.36
epoch=68/80 loss=0.001898 seconds=0.36
epoch=69/80 loss=0.000675 seconds=0.38
epoch=70/80 loss=0.002702 seconds=0.38
epoch=71/80 loss=0.001608 seconds=0.38
epoch=72/80 loss=0.007441 seconds=0.38
epoch=73/80 loss=0.001377 seconds=0.38
epoch=74/80 loss=0.000749 seconds=0.36
epoch=75/80 loss=0.000910 seconds=0.36
epoch=76/80 loss=0.000220 seconds=0.36
epoch=77/80 loss=0.000159 seconds=0.41
epoch=78/80 loss=0.000509 seconds=0.36
epoch=79/80 loss=0.000411 seconds=0.38
epoch=80/80 loss=0.016159 seconds=0.34
fold=3/10 OOF_accuracy=0.633333 OOF_AUC=0.669856
Device=cuda; epochs=80; batch=32; model=MobileNetV2_1D
epoch=1/80 loss=0.196136 seconds=0.41
epoch=2/80 loss=0.036236 seconds=0.36
epoch=3/80 loss=0.027005 seconds=0.36
epoch=4/80 loss=0.035683 seconds=0.39
epoch=5/80 loss=0.020417 seconds=0.36
epoch=6/80 loss=0.017193 seconds=0.38
epoch=7/80 loss=0.015961 seconds=0.36
epoch=8/80 loss=0.010302 seconds=0.34
epoch=9/80 loss=0.005629 seconds=0.34
epoch=10/80 loss=0.013279 seconds=0.33
epoch=11/80 loss=0.024195 seconds=0.33
epoch=12/80 loss=0.008337 seconds=0.36
epoch=13/80 loss=0.008364 seconds=0.34
epoch=14/80 loss=0.003040 seconds=0.34
epoch=15/80 loss=0.001857 seconds=0.34
epoch=16/80 loss=0.002999 seconds=0.33
epoch=17/80 loss=0.022895 seconds=0.34
epoch=18/80 loss=0.032163 seconds=0.34
epoch=19/80 loss=0.015763 seconds=0.34
epoch=20/80 loss=0.008483 seconds=0.36
epoch=21/80 loss=0.022631 seconds=0.34
epoch=22/80 loss=0.003587 seconds=0.34
epoch=23/80 loss=0.001515 seconds=0.38
epoch=24/80 loss=0.009652 seconds=0.34
epoch=25/80 loss=0.006518 seconds=0.34
epoch=26/80 loss=0.010011 seconds=0.36
epoch=27/80 loss=0.013428 seconds=0.34
epoch=28/80 loss=0.003714 seconds=0.38
epoch=29/80 loss=0.004391 seconds=0.38
epoch=30/80 loss=0.001142 seconds=0.38
epoch=31/80 loss=0.002272 seconds=0.36
epoch=32/80 loss=0.008566 seconds=0.33
epoch=33/80 loss=0.001598 seconds=0.36
epoch=34/80 loss=0.004785 seconds=0.36
epoch=35/80 loss=0.003223 seconds=0.34
epoch=36/80 loss=0.010151 seconds=0.39
epoch=37/80 loss=0.001763 seconds=0.39
epoch=38/80 loss=0.000596 seconds=0.36
epoch=39/80 loss=0.000437 seconds=0.38
epoch=40/80 loss=0.004867 seconds=0.38
epoch=41/80 loss=0.002525 seconds=0.36
epoch=42/80 loss=0.003100 seconds=0.39
epoch=43/80 loss=0.019755 seconds=0.36
epoch=44/80 loss=0.005332 seconds=0.36
epoch=45/80 loss=0.000964 seconds=0.36
epoch=46/80 loss=0.003423 seconds=0.38
epoch=47/80 loss=0.004755 seconds=0.38
epoch=48/80 loss=0.010974 seconds=0.38
epoch=49/80 loss=0.004152 seconds=0.41
epoch=50/80 loss=0.007111 seconds=0.36
epoch=51/80 loss=0.001890 seconds=0.38
epoch=52/80 loss=0.003774 seconds=0.38
epoch=53/80 loss=0.006799 seconds=0.36
epoch=54/80 loss=0.001269 seconds=0.39
epoch=55/80 loss=0.004725 seconds=0.34
epoch=56/80 loss=0.003013 seconds=0.38
epoch=57/80 loss=0.004836 seconds=0.34
epoch=58/80 loss=0.002437 seconds=0.38
epoch=59/80 loss=0.001905 seconds=0.36
epoch=60/80 loss=0.011708 seconds=0.34
epoch=61/80 loss=0.000326 seconds=0.34
epoch=62/80 loss=0.003599 seconds=0.33
epoch=63/80 loss=0.006197 seconds=0.34
epoch=64/80 loss=0.001879 seconds=0.34
epoch=65/80 loss=0.000922 seconds=0.34
epoch=66/80 loss=0.004064 seconds=0.36
epoch=67/80 loss=0.010225 seconds=0.34
epoch=68/80 loss=0.013567 seconds=0.34
epoch=69/80 loss=0.013801 seconds=0.36
epoch=70/80 loss=0.002038 seconds=0.34
epoch=71/80 loss=0.000414 seconds=0.34
epoch=72/80 loss=0.001752 seconds=0.36
epoch=73/80 loss=0.000265 seconds=0.38
epoch=74/80 loss=0.001114 seconds=0.33
epoch=75/80 loss=0.000268 seconds=0.36
epoch=76/80 loss=0.000210 seconds=0.33
epoch=77/80 loss=0.000672 seconds=0.39
epoch=78/80 loss=0.006045 seconds=0.36
epoch=79/80 loss=0.010750 seconds=0.34
epoch=80/80 loss=0.006448 seconds=0.34
fold=4/10 OOF_accuracy=0.666667 OOF_AUC=0.755981
Device=cuda; epochs=80; batch=32; model=MobileNetV2_1D
epoch=1/80 loss=0.190169 seconds=0.38
epoch=2/80 loss=0.037467 seconds=0.34
epoch=3/80 loss=0.027129 seconds=0.39
epoch=4/80 loss=0.019093 seconds=0.33
epoch=5/80 loss=0.021516 seconds=0.36
epoch=6/80 loss=0.024974 seconds=0.36
epoch=7/80 loss=0.014252 seconds=0.34
epoch=8/80 loss=0.005640 seconds=0.34
epoch=9/80 loss=0.022413 seconds=0.38
epoch=10/80 loss=0.014369 seconds=0.34
epoch=11/80 loss=0.014056 seconds=0.34
epoch=12/80 loss=0.007543 seconds=0.34
epoch=13/80 loss=0.006053 seconds=0.34
epoch=14/80 loss=0.011517 seconds=0.34
epoch=15/80 loss=0.007096 seconds=0.38
epoch=16/80 loss=0.016530 seconds=0.36
epoch=17/80 loss=0.004778 seconds=0.34
epoch=18/80 loss=0.009283 seconds=0.38
epoch=19/80 loss=0.005248 seconds=0.34
epoch=20/80 loss=0.016231 seconds=0.34
epoch=21/80 loss=0.010505 seconds=0.39
epoch=22/80 loss=0.001707 seconds=0.34
epoch=23/80 loss=0.002723 seconds=0.34
epoch=24/80 loss=0.004715 seconds=0.38
epoch=25/80 loss=0.000964 seconds=0.34
epoch=26/80 loss=0.011655 seconds=0.36
epoch=27/80 loss=0.017401 seconds=0.38
epoch=28/80 loss=0.015957 seconds=0.39
epoch=29/80 loss=0.002747 seconds=0.34
epoch=30/80 loss=0.002934 seconds=0.38
epoch=31/80 loss=0.002228 seconds=0.36
epoch=32/80 loss=0.000993 seconds=0.34
epoch=33/80 loss=0.000760 seconds=0.41
epoch=34/80 loss=0.000229 seconds=0.38
epoch=35/80 loss=0.000224 seconds=0.39
epoch=36/80 loss=0.011814 seconds=0.39
epoch=37/80 loss=0.003793 seconds=0.39
epoch=38/80 loss=0.003097 seconds=0.38
epoch=39/80 loss=0.000294 seconds=0.36
epoch=40/80 loss=0.000591 seconds=0.34
epoch=41/80 loss=0.001016 seconds=0.34
epoch=42/80 loss=0.010001 seconds=0.34
epoch=43/80 loss=0.003552 seconds=0.34
epoch=44/80 loss=0.000817 seconds=0.34
epoch=45/80 loss=0.000764 seconds=0.34
epoch=46/80 loss=0.011877 seconds=0.36
epoch=47/80 loss=0.007150 seconds=0.33
epoch=48/80 loss=0.002428 seconds=0.34
epoch=49/80 loss=0.000630 seconds=0.41
epoch=50/80 loss=0.001013 seconds=0.34
epoch=51/80 loss=0.000295 seconds=0.36
epoch=52/80 loss=0.000931 seconds=0.41
epoch=53/80 loss=0.005980 seconds=0.38
epoch=54/80 loss=0.000667 seconds=0.44
epoch=55/80 loss=0.004592 seconds=0.38
epoch=56/80 loss=0.003020 seconds=0.33
epoch=57/80 loss=0.004256 seconds=0.38
epoch=58/80 loss=0.003908 seconds=0.36
epoch=59/80 loss=0.000350 seconds=0.41
epoch=60/80 loss=0.000206 seconds=0.41
epoch=61/80 loss=0.002811 seconds=0.42
epoch=62/80 loss=0.007092 seconds=0.38
epoch=63/80 loss=0.003744 seconds=0.41
epoch=64/80 loss=0.016172 seconds=0.39
epoch=65/80 loss=0.007098 seconds=0.34
epoch=66/80 loss=0.004901 seconds=0.38
epoch=67/80 loss=0.004119 seconds=0.36
epoch=68/80 loss=0.007436 seconds=0.34
epoch=69/80 loss=0.005361 seconds=0.39
epoch=70/80 loss=0.003623 seconds=0.38
epoch=71/80 loss=0.000656 seconds=0.36
epoch=72/80 loss=0.000294 seconds=0.34
epoch=73/80 loss=0.000113 seconds=0.36
epoch=74/80 loss=0.000146 seconds=0.38
epoch=75/80 loss=0.000139 seconds=0.36
epoch=76/80 loss=0.000120 seconds=0.38
epoch=77/80 loss=0.005420 seconds=0.38
epoch=78/80 loss=0.000623 seconds=0.34
epoch=79/80 loss=0.000318 seconds=0.34
epoch=80/80 loss=0.005204 seconds=0.38
fold=5/10 OOF_accuracy=0.800000 OOF_AUC=0.794258
Device=cuda; epochs=80; batch=32; model=MobileNetV2_1D
epoch=1/80 loss=0.220259 seconds=0.38
epoch=2/80 loss=0.040105 seconds=0.38
epoch=3/80 loss=0.024309 seconds=0.39
epoch=4/80 loss=0.012062 seconds=0.42
epoch=5/80 loss=0.030635 seconds=0.34
epoch=6/80 loss=0.019498 seconds=0.36
epoch=7/80 loss=0.010889 seconds=0.36
epoch=8/80 loss=0.010953 seconds=0.38
epoch=9/80 loss=0.005425 seconds=0.36
epoch=10/80 loss=0.012764 seconds=0.38
epoch=11/80 loss=0.005490 seconds=0.34
epoch=12/80 loss=0.005005 seconds=0.33
epoch=13/80 loss=0.004065 seconds=0.34
epoch=14/80 loss=0.018606 seconds=0.36
epoch=15/80 loss=0.005581 seconds=0.36
epoch=16/80 loss=0.007378 seconds=0.36
epoch=17/80 loss=0.009113 seconds=0.33
epoch=18/80 loss=0.025159 seconds=0.33
epoch=19/80 loss=0.009470 seconds=0.36
epoch=20/80 loss=0.009142 seconds=0.34
epoch=21/80 loss=0.002886 seconds=0.38
epoch=22/80 loss=0.005719 seconds=0.41
epoch=23/80 loss=0.001819 seconds=0.38
epoch=24/80 loss=0.000978 seconds=0.36
epoch=25/80 loss=0.000608 seconds=0.34
epoch=26/80 loss=0.000864 seconds=0.38
epoch=27/80 loss=0.010393 seconds=0.36
epoch=28/80 loss=0.003611 seconds=0.36
epoch=29/80 loss=0.004477 seconds=0.38
epoch=30/80 loss=0.019022 seconds=0.38
epoch=31/80 loss=0.005638 seconds=0.38
epoch=32/80 loss=0.005742 seconds=0.38
epoch=33/80 loss=0.004946 seconds=0.38
epoch=34/80 loss=0.000999 seconds=0.39
epoch=35/80 loss=0.000973 seconds=0.38
epoch=36/80 loss=0.000773 seconds=0.38
epoch=37/80 loss=0.000134 seconds=0.36
epoch=38/80 loss=0.000207 seconds=0.36
epoch=39/80 loss=0.000156 seconds=0.36
epoch=40/80 loss=0.000206 seconds=0.39
epoch=41/80 loss=0.008141 seconds=0.36
epoch=42/80 loss=0.010976 seconds=0.36
epoch=43/80 loss=0.005295 seconds=0.36
epoch=44/80 loss=0.008800 seconds=0.33
epoch=45/80 loss=0.006093 seconds=0.33
epoch=46/80 loss=0.003591 seconds=0.34
epoch=47/80 loss=0.002714 seconds=0.34
epoch=48/80 loss=0.003038 seconds=0.38
epoch=49/80 loss=0.002845 seconds=0.36
epoch=50/80 loss=0.004278 seconds=0.33
epoch=51/80 loss=0.000732 seconds=0.34
epoch=52/80 loss=0.000485 seconds=0.36
epoch=53/80 loss=0.000241 seconds=0.36
epoch=54/80 loss=0.000185 seconds=0.33
epoch=55/80 loss=0.000178 seconds=0.36
epoch=56/80 loss=0.000109 seconds=0.33
epoch=57/80 loss=0.000127 seconds=0.33
epoch=58/80 loss=0.000117 seconds=0.34
epoch=59/80 loss=0.000144 seconds=0.38
epoch=60/80 loss=0.000098 seconds=0.34
epoch=61/80 loss=0.000070 seconds=0.36
epoch=62/80 loss=0.000240 seconds=0.34
epoch=63/80 loss=0.000058 seconds=0.36
epoch=64/80 loss=0.000093 seconds=0.34
epoch=65/80 loss=0.000050 seconds=0.36
epoch=66/80 loss=0.000049 seconds=0.33
epoch=67/80 loss=0.000040 seconds=0.33
epoch=68/80 loss=0.000093 seconds=0.34
epoch=69/80 loss=0.000081 seconds=0.36
epoch=70/80 loss=0.000045 seconds=0.34
epoch=71/80 loss=0.000045 seconds=0.38
epoch=72/80 loss=0.000041 seconds=0.33
epoch=73/80 loss=0.000072 seconds=0.34
epoch=74/80 loss=0.000038 seconds=0.33
epoch=75/80 loss=0.000049 seconds=0.36
epoch=76/80 loss=0.000039 seconds=0.34
epoch=77/80 loss=0.000045 seconds=0.36
epoch=78/80 loss=0.000030 seconds=0.34
epoch=79/80 loss=0.000029 seconds=0.38
epoch=80/80 loss=0.000028 seconds=0.36
fold=6/10 OOF_accuracy=0.733333 OOF_AUC=0.822967
Device=cuda; epochs=80; batch=32; model=MobileNetV2_1D
epoch=1/80 loss=0.186964 seconds=0.38
epoch=2/80 loss=0.025275 seconds=0.36
epoch=3/80 loss=0.035348 seconds=0.34
epoch=4/80 loss=0.023662 seconds=0.38
epoch=5/80 loss=0.023522 seconds=0.36
epoch=6/80 loss=0.012883 seconds=0.36
epoch=7/80 loss=0.013836 seconds=0.39
epoch=8/80 loss=0.016402 seconds=0.36
epoch=9/80 loss=0.014132 seconds=0.38
epoch=10/80 loss=0.008224 seconds=0.38
epoch=11/80 loss=0.034194 seconds=0.38
epoch=12/80 loss=0.007313 seconds=0.38
epoch=13/80 loss=0.011033 seconds=0.38
epoch=14/80 loss=0.022924 seconds=0.36
epoch=15/80 loss=0.005206 seconds=0.36
epoch=16/80 loss=0.020967 seconds=0.36
epoch=17/80 loss=0.003522 seconds=0.36
epoch=18/80 loss=0.009650 seconds=0.34
epoch=19/80 loss=0.002680 seconds=0.36
epoch=20/80 loss=0.005053 seconds=0.36
epoch=21/80 loss=0.008177 seconds=0.36
epoch=22/80 loss=0.005469 seconds=0.36
epoch=23/80 loss=0.008736 seconds=0.36
epoch=24/80 loss=0.014263 seconds=0.34
epoch=25/80 loss=0.004296 seconds=0.36
epoch=26/80 loss=0.004557 seconds=0.38
epoch=27/80 loss=0.012004 seconds=0.36
epoch=28/80 loss=0.006357 seconds=0.34
epoch=29/80 loss=0.005885 seconds=0.36
epoch=30/80 loss=0.001006 seconds=0.33
epoch=31/80 loss=0.010586 seconds=0.34
epoch=32/80 loss=0.006847 seconds=0.36
epoch=33/80 loss=0.001638 seconds=0.34
epoch=34/80 loss=0.001646 seconds=0.34
epoch=35/80 loss=0.007641 seconds=0.33
epoch=36/80 loss=0.007757 seconds=0.33
epoch=37/80 loss=0.005339 seconds=0.34
epoch=38/80 loss=0.001656 seconds=0.38
epoch=39/80 loss=0.000639 seconds=0.38
epoch=40/80 loss=0.004894 seconds=0.38
epoch=41/80 loss=0.014978 seconds=0.34
epoch=42/80 loss=0.010360 seconds=0.38
epoch=43/80 loss=0.001460 seconds=0.36
epoch=44/80 loss=0.000533 seconds=0.36
epoch=45/80 loss=0.000702 seconds=0.34
epoch=46/80 loss=0.000299 seconds=0.34
epoch=47/80 loss=0.000163 seconds=0.38
epoch=48/80 loss=0.011009 seconds=0.38
epoch=49/80 loss=0.001626 seconds=0.34
epoch=50/80 loss=0.003097 seconds=0.80
epoch=51/80 loss=0.005466 seconds=0.52
epoch=52/80 loss=0.008149 seconds=0.44
epoch=53/80 loss=0.001210 seconds=0.39
epoch=54/80 loss=0.003327 seconds=0.41
epoch=55/80 loss=0.006031 seconds=0.38
epoch=56/80 loss=0.007251 seconds=0.38
epoch=57/80 loss=0.002007 seconds=0.41
epoch=58/80 loss=0.000690 seconds=0.39
epoch=59/80 loss=0.000401 seconds=0.36
epoch=60/80 loss=0.008238 seconds=0.38
epoch=61/80 loss=0.002449 seconds=0.38
epoch=62/80 loss=0.013102 seconds=0.36
epoch=63/80 loss=0.005260 seconds=0.36
epoch=64/80 loss=0.000548 seconds=0.34
epoch=65/80 loss=0.001317 seconds=0.36
epoch=66/80 loss=0.000559 seconds=0.38
epoch=67/80 loss=0.000158 seconds=0.33
epoch=68/80 loss=0.000333 seconds=0.36
epoch=69/80 loss=0.000326 seconds=0.33
epoch=70/80 loss=0.000110 seconds=0.34
epoch=71/80 loss=0.000140 seconds=0.36
epoch=72/80 loss=0.000106 seconds=0.36
epoch=73/80 loss=0.000043 seconds=0.34
epoch=74/80 loss=0.000089 seconds=0.36
epoch=75/80 loss=0.000068 seconds=0.39
epoch=76/80 loss=0.000064 seconds=0.36
epoch=77/80 loss=0.000070 seconds=0.36
epoch=78/80 loss=0.000052 seconds=0.38
epoch=79/80 loss=0.000045 seconds=0.33
epoch=80/80 loss=0.000045 seconds=0.36
fold=7/10 OOF_accuracy=0.800000 OOF_AUC=0.854067
Device=cuda; epochs=80; batch=32; model=MobileNetV2_1D
epoch=1/80 loss=0.184180 seconds=0.36
epoch=2/80 loss=0.029223 seconds=0.36
epoch=3/80 loss=0.018152 seconds=0.41
epoch=4/80 loss=0.025498 seconds=0.36
epoch=5/80 loss=0.018040 seconds=0.36
epoch=6/80 loss=0.016111 seconds=0.34
epoch=7/80 loss=0.021815 seconds=0.36
epoch=8/80 loss=0.014664 seconds=0.42
epoch=9/80 loss=0.011520 seconds=0.38
epoch=10/80 loss=0.006369 seconds=0.41
epoch=11/80 loss=0.016939 seconds=0.38
epoch=12/80 loss=0.001983 seconds=0.34
epoch=13/80 loss=0.002646 seconds=0.39
epoch=14/80 loss=0.003569 seconds=0.38
epoch=15/80 loss=0.006991 seconds=0.39
epoch=16/80 loss=0.007271 seconds=0.38
epoch=17/80 loss=0.007742 seconds=0.39
epoch=18/80 loss=0.016484 seconds=0.36
epoch=19/80 loss=0.014676 seconds=0.34
epoch=20/80 loss=0.009395 seconds=0.38
epoch=21/80 loss=0.009502 seconds=0.36
epoch=22/80 loss=0.002128 seconds=0.34
epoch=23/80 loss=0.015577 seconds=0.36
epoch=24/80 loss=0.008608 seconds=0.34
epoch=25/80 loss=0.003853 seconds=0.36
epoch=26/80 loss=0.016589 seconds=0.38
epoch=27/80 loss=0.013845 seconds=0.36
epoch=28/80 loss=0.010952 seconds=0.38
epoch=29/80 loss=0.007034 seconds=0.33
epoch=30/80 loss=0.011476 seconds=0.34
epoch=31/80 loss=0.016276 seconds=0.33
epoch=32/80 loss=0.002858 seconds=0.34
epoch=33/80 loss=0.000825 seconds=0.33
epoch=34/80 loss=0.000445 seconds=0.33
epoch=35/80 loss=0.000395 seconds=0.34
epoch=36/80 loss=0.011329 seconds=0.34
epoch=37/80 loss=0.001278 seconds=0.33
epoch=38/80 loss=0.001924 seconds=0.36
epoch=39/80 loss=0.001259 seconds=0.33
epoch=40/80 loss=0.007802 seconds=0.34
epoch=41/80 loss=0.002003 seconds=0.33
epoch=42/80 loss=0.001738 seconds=0.34
epoch=43/80 loss=0.001328 seconds=0.33
epoch=44/80 loss=0.012971 seconds=0.33
epoch=45/80 loss=0.005351 seconds=0.36
epoch=46/80 loss=0.009754 seconds=0.34
epoch=47/80 loss=0.000461 seconds=0.34
epoch=48/80 loss=0.001874 seconds=0.34
epoch=49/80 loss=0.001458 seconds=0.34
epoch=50/80 loss=0.000769 seconds=0.36
epoch=51/80 loss=0.000851 seconds=0.38
epoch=52/80 loss=0.000491 seconds=0.36
epoch=53/80 loss=0.000122 seconds=0.38
epoch=54/80 loss=0.000253 seconds=0.36
epoch=55/80 loss=0.000156 seconds=0.33
epoch=56/80 loss=0.000121 seconds=0.36
epoch=57/80 loss=0.000087 seconds=0.38
epoch=58/80 loss=0.000137 seconds=0.39
epoch=59/80 loss=0.000085 seconds=0.36
epoch=60/80 loss=0.000085 seconds=0.38
epoch=61/80 loss=0.000093 seconds=0.41
epoch=62/80 loss=0.001364 seconds=0.36
epoch=63/80 loss=0.007814 seconds=0.36
epoch=64/80 loss=0.004311 seconds=0.38
epoch=65/80 loss=0.003181 seconds=0.38
epoch=66/80 loss=0.002359 seconds=0.36
epoch=67/80 loss=0.012935 seconds=0.36
epoch=68/80 loss=0.009668 seconds=0.36
epoch=69/80 loss=0.001980 seconds=0.39
epoch=70/80 loss=0.000776 seconds=0.38
epoch=71/80 loss=0.000372 seconds=0.38
epoch=72/80 loss=0.000144 seconds=0.38
epoch=73/80 loss=0.000090 seconds=0.36
epoch=74/80 loss=0.000125 seconds=0.39
epoch=75/80 loss=0.000221 seconds=0.41
epoch=76/80 loss=0.012710 seconds=0.36
epoch=77/80 loss=0.008988 seconds=0.41
epoch=78/80 loss=0.003583 seconds=0.36
epoch=79/80 loss=0.009410 seconds=0.36
epoch=80/80 loss=0.003169 seconds=0.39
fold=8/10 OOF_accuracy=0.633333 OOF_AUC=0.645933
Device=cuda; epochs=80; batch=32; model=MobileNetV2_1D
epoch=1/80 loss=0.194725 seconds=0.34
epoch=2/80 loss=0.024491 seconds=0.34
epoch=3/80 loss=0.022848 seconds=0.39
epoch=4/80 loss=0.017151 seconds=0.38
epoch=5/80 loss=0.020758 seconds=0.36
epoch=6/80 loss=0.009960 seconds=0.34
epoch=7/80 loss=0.010185 seconds=0.36
epoch=8/80 loss=0.010058 seconds=0.34
epoch=9/80 loss=0.029564 seconds=0.34
epoch=10/80 loss=0.009053 seconds=0.38
epoch=11/80 loss=0.022914 seconds=0.38
epoch=12/80 loss=0.008117 seconds=0.36
epoch=13/80 loss=0.003138 seconds=0.38
epoch=14/80 loss=0.004520 seconds=0.38
epoch=15/80 loss=0.004713 seconds=0.39
epoch=16/80 loss=0.009457 seconds=0.41
epoch=17/80 loss=0.001297 seconds=0.38
epoch=18/80 loss=0.005862 seconds=0.38
epoch=19/80 loss=0.012313 seconds=0.38
epoch=20/80 loss=0.019043 seconds=0.38
epoch=21/80 loss=0.002429 seconds=0.38
epoch=22/80 loss=0.000754 seconds=0.44
epoch=23/80 loss=0.000708 seconds=0.39
epoch=24/80 loss=0.000582 seconds=0.41
epoch=25/80 loss=0.004495 seconds=0.38
epoch=26/80 loss=0.005475 seconds=0.38
epoch=27/80 loss=0.003675 seconds=0.44
epoch=28/80 loss=0.002668 seconds=0.39
epoch=29/80 loss=0.009112 seconds=0.36
epoch=30/80 loss=0.012649 seconds=0.36
epoch=31/80 loss=0.002110 seconds=0.36
epoch=32/80 loss=0.000686 seconds=0.34
epoch=33/80 loss=0.000399 seconds=0.38
epoch=34/80 loss=0.000265 seconds=0.36
epoch=35/80 loss=0.000275 seconds=0.36
epoch=36/80 loss=0.000249 seconds=0.36
epoch=37/80 loss=0.000088 seconds=0.38
epoch=38/80 loss=0.000198 seconds=0.38
epoch=39/80 loss=0.000101 seconds=0.38
epoch=40/80 loss=0.000174 seconds=0.36
epoch=41/80 loss=0.000272 seconds=0.36
epoch=42/80 loss=0.020422 seconds=0.38
epoch=43/80 loss=0.008329 seconds=0.36
epoch=44/80 loss=0.016814 seconds=0.36
epoch=45/80 loss=0.004647 seconds=0.36
epoch=46/80 loss=0.004057 seconds=0.36
epoch=47/80 loss=0.004150 seconds=0.36
epoch=48/80 loss=0.001493 seconds=0.36
epoch=49/80 loss=0.000404 seconds=0.38
epoch=50/80 loss=0.000850 seconds=0.36
epoch=51/80 loss=0.000261 seconds=0.38
epoch=52/80 loss=0.000256 seconds=0.34
epoch=53/80 loss=0.001608 seconds=0.36
epoch=54/80 loss=0.001923 seconds=0.36
epoch=55/80 loss=0.021399 seconds=0.34
epoch=56/80 loss=0.006931 seconds=0.36
epoch=57/80 loss=0.002915 seconds=0.41
epoch=58/80 loss=0.003661 seconds=0.38
epoch=59/80 loss=0.011395 seconds=0.36
epoch=60/80 loss=0.011179 seconds=0.36
epoch=61/80 loss=0.001912 seconds=0.38
epoch=62/80 loss=0.001671 seconds=0.34
epoch=63/80 loss=0.000375 seconds=0.38
epoch=64/80 loss=0.000316 seconds=0.34
epoch=65/80 loss=0.000263 seconds=0.36
epoch=66/80 loss=0.000391 seconds=0.36
epoch=67/80 loss=0.000206 seconds=0.39
epoch=68/80 loss=0.000262 seconds=0.38
epoch=69/80 loss=0.000150 seconds=0.38
epoch=70/80 loss=0.000071 seconds=0.34
epoch=71/80 loss=0.000067 seconds=0.36
epoch=72/80 loss=0.000068 seconds=0.34
epoch=73/80 loss=0.000034 seconds=0.38
epoch=74/80 loss=0.016584 seconds=0.41
epoch=75/80 loss=0.005229 seconds=0.41
epoch=76/80 loss=0.005146 seconds=0.38
epoch=77/80 loss=0.005236 seconds=0.39
epoch=78/80 loss=0.005705 seconds=0.39
epoch=79/80 loss=0.003036 seconds=0.36
epoch=80/80 loss=0.001507 seconds=0.39
fold=9/10 OOF_accuracy=0.766667 OOF_AUC=0.765550
Device=cuda; epochs=80; batch=32; model=MobileNetV2_1D
epoch=1/80 loss=0.176486 seconds=0.39
epoch=2/80 loss=0.035015 seconds=0.34
epoch=3/80 loss=0.022959 seconds=0.39
epoch=4/80 loss=0.015665 seconds=0.38
epoch=5/80 loss=0.028028 seconds=0.38
epoch=6/80 loss=0.021219 seconds=0.39
epoch=7/80 loss=0.010221 seconds=0.39
epoch=8/80 loss=0.025724 seconds=0.38
epoch=9/80 loss=0.011272 seconds=0.41
epoch=10/80 loss=0.006421 seconds=0.38
epoch=11/80 loss=0.009890 seconds=0.38
epoch=12/80 loss=0.005081 seconds=0.38
epoch=13/80 loss=0.008110 seconds=0.41
epoch=14/80 loss=0.002632 seconds=0.41
epoch=15/80 loss=0.002806 seconds=0.39
epoch=16/80 loss=0.020729 seconds=0.41
epoch=17/80 loss=0.014230 seconds=0.38
epoch=18/80 loss=0.034063 seconds=0.45
epoch=19/80 loss=0.011726 seconds=0.42
epoch=20/80 loss=0.017159 seconds=0.36
epoch=21/80 loss=0.004837 seconds=0.36
epoch=22/80 loss=0.003404 seconds=0.36
epoch=23/80 loss=0.007793 seconds=0.36
epoch=24/80 loss=0.005239 seconds=0.39
epoch=25/80 loss=0.003566 seconds=0.36
epoch=26/80 loss=0.006259 seconds=0.38
epoch=27/80 loss=0.003526 seconds=0.39
epoch=28/80 loss=0.000974 seconds=0.38
epoch=29/80 loss=0.001364 seconds=0.38
epoch=30/80 loss=0.001021 seconds=0.39
epoch=31/80 loss=0.001949 seconds=0.38
epoch=32/80 loss=0.006910 seconds=0.41
epoch=33/80 loss=0.000872 seconds=0.38
epoch=34/80 loss=0.001142 seconds=0.36
epoch=35/80 loss=0.000686 seconds=0.36
epoch=36/80 loss=0.001011 seconds=0.36
epoch=37/80 loss=0.000155 seconds=0.36
epoch=38/80 loss=0.000546 seconds=0.39
epoch=39/80 loss=0.001589 seconds=0.38
epoch=40/80 loss=0.000362 seconds=0.39
epoch=41/80 loss=0.000979 seconds=0.36
epoch=42/80 loss=0.008214 seconds=0.41
epoch=43/80 loss=0.010958 seconds=0.38
epoch=44/80 loss=0.014160 seconds=0.38
epoch=45/80 loss=0.013943 seconds=0.36
epoch=46/80 loss=0.014789 seconds=0.41
epoch=47/80 loss=0.007112 seconds=0.38
epoch=48/80 loss=0.007389 seconds=0.39
epoch=49/80 loss=0.001842 seconds=0.39
epoch=50/80 loss=0.001982 seconds=0.36
epoch=51/80 loss=0.001095 seconds=0.34
epoch=52/80 loss=0.004276 seconds=0.36
epoch=53/80 loss=0.001245 seconds=0.38
epoch=54/80 loss=0.000871 seconds=0.38
epoch=55/80 loss=0.000891 seconds=0.38
epoch=56/80 loss=0.000670 seconds=0.36
epoch=57/80 loss=0.002076 seconds=0.38
epoch=58/80 loss=0.013437 seconds=0.34
epoch=59/80 loss=0.000565 seconds=0.38
epoch=60/80 loss=0.000391 seconds=0.38
epoch=61/80 loss=0.000418 seconds=0.36
epoch=62/80 loss=0.000600 seconds=0.36
epoch=63/80 loss=0.000200 seconds=0.31
epoch=64/80 loss=0.002693 seconds=0.34
epoch=65/80 loss=0.001069 seconds=0.34
epoch=66/80 loss=0.006878 seconds=0.34
epoch=67/80 loss=0.000715 seconds=0.36
epoch=68/80 loss=0.001874 seconds=0.36
epoch=69/80 loss=0.004057 seconds=0.36
epoch=70/80 loss=0.004209 seconds=0.34
epoch=71/80 loss=0.003990 seconds=0.33
epoch=72/80 loss=0.002504 seconds=0.33
epoch=73/80 loss=0.006882 seconds=0.33
epoch=74/80 loss=0.000792 seconds=0.36
epoch=75/80 loss=0.001859 seconds=0.36
epoch=76/80 loss=0.001592 seconds=0.34
epoch=77/80 loss=0.004942 seconds=0.33
epoch=78/80 loss=0.002568 seconds=0.34
epoch=79/80 loss=0.007157 seconds=0.36
epoch=80/80 loss=0.001074 seconds=0.34
fold=10/10 OOF_accuracy=0.666667 OOF_AUC=0.629187
Frozen Train OOF threshold=0.99260169267654419; objective=accuracy; OOF selection accuracy=0.726667
Device=cuda; epochs=80; batch=32; model=MobileNetV2_1D
epoch=1/80 loss=0.177628 seconds=0.42
epoch=2/80 loss=0.039194 seconds=0.39
epoch=3/80 loss=0.035679 seconds=0.39
epoch=4/80 loss=0.035381 seconds=0.41
epoch=5/80 loss=0.030980 seconds=0.39
epoch=6/80 loss=0.018673 seconds=0.39
epoch=7/80 loss=0.021508 seconds=0.41
epoch=8/80 loss=0.015781 seconds=0.41
epoch=9/80 loss=0.035488 seconds=0.41
epoch=10/80 loss=0.021031 seconds=0.41
epoch=11/80 loss=0.016918 seconds=0.44
epoch=12/80 loss=0.026818 seconds=0.41
epoch=13/80 loss=0.014214 seconds=0.39
epoch=14/80 loss=0.012025 seconds=0.39
epoch=15/80 loss=0.005228 seconds=0.41
epoch=16/80 loss=0.019339 seconds=0.36
epoch=17/80 loss=0.014599 seconds=0.39
epoch=18/80 loss=0.005462 seconds=0.38
epoch=19/80 loss=0.014914 seconds=0.39
epoch=20/80 loss=0.013564 seconds=0.38
epoch=21/80 loss=0.015231 seconds=0.42
epoch=22/80 loss=0.003462 seconds=0.41
epoch=23/80 loss=0.006208 seconds=0.42
epoch=24/80 loss=0.005908 seconds=0.41
epoch=25/80 loss=0.004704 seconds=0.41
epoch=26/80 loss=0.006609 seconds=0.38
epoch=27/80 loss=0.005662 seconds=0.39
epoch=28/80 loss=0.011903 seconds=0.39
epoch=29/80 loss=0.005650 seconds=0.39
epoch=30/80 loss=0.005363 seconds=0.41
epoch=31/80 loss=0.003107 seconds=0.41
epoch=32/80 loss=0.000940 seconds=0.41
epoch=33/80 loss=0.001191 seconds=0.38
epoch=34/80 loss=0.000507 seconds=0.38
epoch=35/80 loss=0.006490 seconds=0.38
epoch=36/80 loss=0.008680 seconds=0.39
epoch=37/80 loss=0.007968 seconds=0.39
epoch=38/80 loss=0.017191 seconds=0.39
epoch=39/80 loss=0.007793 seconds=0.38
epoch=40/80 loss=0.006835 seconds=0.38
epoch=41/80 loss=0.002595 seconds=0.39
epoch=42/80 loss=0.020860 seconds=0.36
epoch=43/80 loss=0.004627 seconds=0.39
epoch=44/80 loss=0.005223 seconds=0.36
epoch=45/80 loss=0.000785 seconds=0.38
epoch=46/80 loss=0.001110 seconds=0.39
epoch=47/80 loss=0.001516 seconds=0.41
epoch=48/80 loss=0.006419 seconds=0.41
epoch=49/80 loss=0.006868 seconds=0.41
epoch=50/80 loss=0.006001 seconds=0.39
epoch=51/80 loss=0.011981 seconds=0.41
epoch=52/80 loss=0.002936 seconds=0.39
epoch=53/80 loss=0.017836 seconds=0.41
epoch=54/80 loss=0.002420 seconds=0.42
epoch=55/80 loss=0.001554 seconds=0.39
epoch=56/80 loss=0.009163 seconds=0.39
epoch=57/80 loss=0.001080 seconds=0.44
epoch=58/80 loss=0.002002 seconds=0.41
epoch=59/80 loss=0.000832 seconds=0.38
epoch=60/80 loss=0.001216 seconds=0.41
epoch=61/80 loss=0.000239 seconds=0.41
epoch=62/80 loss=0.007173 seconds=0.41
epoch=63/80 loss=0.016569 seconds=0.42
epoch=64/80 loss=0.005418 seconds=0.38
epoch=65/80 loss=0.007732 seconds=0.44
epoch=66/80 loss=0.003719 seconds=0.39
epoch=67/80 loss=0.003911 seconds=0.41
epoch=68/80 loss=0.004487 seconds=0.42
epoch=69/80 loss=0.002060 seconds=0.41
epoch=70/80 loss=0.002119 seconds=0.39
epoch=71/80 loss=0.006141 seconds=0.38
epoch=72/80 loss=0.002371 seconds=0.39
epoch=73/80 loss=0.003755 seconds=0.39
epoch=74/80 loss=0.003561 seconds=0.39
epoch=75/80 loss=0.000793 seconds=0.39
epoch=76/80 loss=0.000212 seconds=0.41
epoch=77/80 loss=0.000213 seconds=0.39
epoch=78/80 loss=0.006150 seconds=0.41
epoch=79/80 loss=0.013492 seconds=0.41
epoch=80/80 loss=0.013764 seconds=0.39
{"cv_oof": {"accuracy": 0.7133333333333334, "balanced_accuracy": 0.6747685185185186, "sensitivity": 0.5370370370370371, "specificity": 0.8125, "f1_macro": 0.679088511866262, "roc_auc": 0.7164834104938271, "confusion_matrix": [[156, 36], [50, 58]], "classification_report": {"0": {"precision": 0.7572815533980582, "recall": 0.8125, "f1-score": 0.7839195979899497, "support": 192.0}, "1": {"precision": 0.6170212765957447, "recall": 0.5370370370370371, "f1-score": 0.5742574257425742, "support": 108.0}, "accuracy": 0.7133333333333334, "macro avg": {"precision": 0.6871514149969015, "recall": 0.6747685185185186, "f1-score": 0.679088511866262, "support": 300.0}, "weighted avg": {"precision": 0.7067878537492254, "recall": 0.7133333333333334, "f1-score": 0.7084412159808946, "support": 300.0}}}, "test": {"accuracy": 0.7397260273972602, "balanced_accuracy": 0.6947626841243862, "sensitivity": 0.5384615384615384, "specificity": 0.851063829787234, "f1_macro": 0.7019127444659359, "roc_auc": 0.7847790507364976, "confusion_matrix": [[40, 7], [12, 14]], "classification_report": {"0": {"precision": 0.7692307692307693, "recall": 0.851063829787234, "f1-score": 0.8080808080808081, "support": 47.0}, "1": {"precision": 0.6666666666666666, "recall": 0.5384615384615384, "f1-score": 0.5957446808510638, "support": 26.0}, "accuracy": 0.7397260273972602, "macro avg": {"precision": 0.717948717948718, "recall": 0.6947626841243862, "f1-score": 0.7019127444659359, "support": 73.0}, "weighted avg": {"precision": 0.7327010888654725, "recall": 0.7397260273972602, "f1-score": 0.7324542422181595, "support": 73.0}}}, "folds": 10, "original_train_rows": 300, "train_rows": 1920, "test_rows": 73, "elapsed_seconds": 333.719000000041, "test_default": {"accuracy": 0.7671232876712328, "balanced_accuracy": 0.7504091653027822, "sensitivity": 0.6923076923076923, "specificity": 0.8085106382978723, "f1_macro": 0.7482247920470684, "roc_auc": 0.7847790507364976, "confusion_matrix": [[38, 9], [8, 18]], "classification_report": {"0": {"precision": 0.8260869565217391, "recall": 0.8085106382978723, "f1-score": 0.8172043010752689, "support": 47.0}, "1": {"precision": 0.6666666666666666, "recall": 0.6923076923076923, "f1-score": 0.6792452830188679, "support": 26.0}, "accuracy": 0.7671232876712328, "macro avg": {"precision": 0.7463768115942029, "recall": 0.7504091653027822, "f1-score": 0.7482247920470684, "support": 73.0}, "weighted avg": {"precision": 0.7693071272582888, "recall": 0.7671232876712328, "f1-score": 0.7680682124524412, "support": 73.0}}}, "decision_threshold": 0.9926016926765442, "oof_threshold_selection": {"accuracy": 0.7266666666666667, "balanced_accuracy": 0.6770833333333333, "sensitivity": 0.5, "specificity": 0.8541666666666666, "f1_macro": 0.6842105263157895, "roc_auc": 0.7164834104938271, "confusion_matrix": [[164, 28], [54, 54]], "classification_report": {"0": {"precision": 0.7522935779816514, "recall": 0.8541666666666666, "f1-score": 0.8, "support": 192.0}, "1": {"precision": 0.6585365853658537, "recall": 0.5, "f1-score": 0.5684210526315789, "support": 108.0}, "accuracy": 0.7266666666666667, "macro avg": {"precision": 0.7054150816737526, "recall": 0.6770833333333333, "f1-score": 0.6842105263157895, "support": 300.0}, "weighted avg": {"precision": 0.7185410606399643, "recall": 0.7266666666666667, "f1-score": 0.7166315789473685, "support": 300.0}}}, "test_accuracy_change": -0.0273972602739726}
