Command: ["C:\\Users\\IHCK\\AppData\\Local\\Programs\\Python\\Python312\\python.exe", "-u", "C:\\Users\\IHCK\\Desktop\\1_10_69Final\\Hippocampal-Shape-Analysis-for-Epilepsy-Detection\\Model\\train_dataset_model.py", "--dataset", "augment_plsda_balanced", "--side", "right", "--model", "ResNet", "--kind", "coef", "--train-csv", "C:\\Users\\IHCK\\Desktop\\1_10_69Final\\Hippocampal-Shape-Analysis-for-Epilepsy-Detection\\Output_Dataset\\augment_plsda_balanced\\right\\train_prepared.csv", "--test-csv", "C:\\Users\\IHCK\\Desktop\\1_10_69Final\\Hippocampal-Shape-Analysis-for-Epilepsy-Detection\\Output_Dataset\\augment_plsda_balanced\\right\\test_prepared.csv", "--output-dir", "C:\\Users\\IHCK\\Desktop\\1_10_69Final\\Hippocampal-Shape-Analysis-for-Epilepsy-Detection\\Model_Results\\dataset_runs_20261003_oof_threshold\\augment_plsda_balanced\\right\\ResNet", "--epochs", "80", "--folds", "10", "--pls-components", "8", "--seed", "42", "--threads", "2", "--tune-threshold"]
10-fold CV: dataset=augment_plsda_balanced side=right model=ResNet; original_train=300 test=77
Device=cuda; epochs=80; batch=32; model=ResNet1D
epoch=1/80 loss=0.064436 seconds=0.66
epoch=2/80 loss=0.006249 seconds=0.28
epoch=3/80 loss=0.016649 seconds=0.27
epoch=4/80 loss=0.016703 seconds=0.30
epoch=5/80 loss=0.015201 seconds=0.25
epoch=6/80 loss=0.009757 seconds=0.25
epoch=7/80 loss=0.005081 seconds=0.27
epoch=8/80 loss=0.001087 seconds=0.27
epoch=9/80 loss=0.005370 seconds=0.25
epoch=10/80 loss=0.002990 seconds=0.27
epoch=11/80 loss=0.003980 seconds=0.28
epoch=12/80 loss=0.003229 seconds=0.27
epoch=13/80 loss=0.008130 seconds=0.28
epoch=14/80 loss=0.011438 seconds=0.27
epoch=15/80 loss=0.011655 seconds=0.25
epoch=16/80 loss=0.012242 seconds=0.31
epoch=17/80 loss=0.004276 seconds=0.25
epoch=18/80 loss=0.007493 seconds=0.27
epoch=19/80 loss=0.002524 seconds=0.27
epoch=20/80 loss=0.010193 seconds=0.27
epoch=21/80 loss=0.000983 seconds=0.28
epoch=22/80 loss=0.002651 seconds=0.25
epoch=23/80 loss=0.001092 seconds=0.27
epoch=24/80 loss=0.006141 seconds=0.25
epoch=25/80 loss=0.004749 seconds=0.28
epoch=26/80 loss=0.002646 seconds=0.27
epoch=27/80 loss=0.002329 seconds=0.25
epoch=28/80 loss=0.023474 seconds=0.25
epoch=29/80 loss=0.000689 seconds=0.27
epoch=30/80 loss=0.001402 seconds=0.28
epoch=31/80 loss=0.002607 seconds=0.25
epoch=32/80 loss=0.000435 seconds=0.27
epoch=33/80 loss=0.000373 seconds=0.28
epoch=34/80 loss=0.004637 seconds=0.25
epoch=35/80 loss=0.002197 seconds=0.30
epoch=36/80 loss=0.001772 seconds=0.28
epoch=37/80 loss=0.000427 seconds=0.25
epoch=38/80 loss=0.002703 seconds=0.25
epoch=39/80 loss=0.006657 seconds=0.28
epoch=40/80 loss=0.001461 seconds=0.25
epoch=41/80 loss=0.003245 seconds=0.27
epoch=42/80 loss=0.000476 seconds=0.27
epoch=43/80 loss=0.000199 seconds=0.23
epoch=44/80 loss=0.002314 seconds=0.25
epoch=45/80 loss=0.000507 seconds=0.28
epoch=46/80 loss=0.000161 seconds=0.27
epoch=47/80 loss=0.009269 seconds=0.23
epoch=48/80 loss=0.004215 seconds=0.25
epoch=49/80 loss=0.000345 seconds=0.23
epoch=50/80 loss=0.001648 seconds=0.28
epoch=51/80 loss=0.000746 seconds=0.25
epoch=52/80 loss=0.001829 seconds=0.25
epoch=53/80 loss=0.009686 seconds=0.28
epoch=54/80 loss=0.003070 seconds=0.27
epoch=55/80 loss=0.003910 seconds=0.25
epoch=56/80 loss=0.004263 seconds=0.25
epoch=57/80 loss=0.009972 seconds=0.25
epoch=58/80 loss=0.001633 seconds=0.28
epoch=59/80 loss=0.000376 seconds=0.25
epoch=60/80 loss=0.000480 seconds=0.28
epoch=61/80 loss=0.000251 seconds=0.27
epoch=62/80 loss=0.000851 seconds=0.23
epoch=63/80 loss=0.000331 seconds=0.25
epoch=64/80 loss=0.000385 seconds=0.27
epoch=65/80 loss=0.000189 seconds=0.30
epoch=66/80 loss=0.000069 seconds=0.28
epoch=67/80 loss=0.000621 seconds=0.27
epoch=68/80 loss=0.015795 seconds=0.27
epoch=69/80 loss=0.001486 seconds=0.28
epoch=70/80 loss=0.001236 seconds=0.27
epoch=71/80 loss=0.000269 seconds=0.23
epoch=72/80 loss=0.000417 seconds=0.25
epoch=73/80 loss=0.000139 seconds=0.27
epoch=74/80 loss=0.000712 seconds=0.30
epoch=75/80 loss=0.000176 seconds=0.25
epoch=76/80 loss=0.000812 seconds=0.27
epoch=77/80 loss=0.000302 seconds=0.25
epoch=78/80 loss=0.000136 seconds=0.27
epoch=79/80 loss=0.002216 seconds=0.25
epoch=80/80 loss=0.002371 seconds=0.23
fold=1/10 OOF_accuracy=0.733333 OOF_AUC=0.835227
Device=cuda; epochs=80; batch=32; model=ResNet1D
epoch=1/80 loss=0.060687 seconds=0.28
epoch=2/80 loss=0.006838 seconds=0.27
epoch=3/80 loss=0.008502 seconds=0.30
epoch=4/80 loss=0.006693 seconds=0.28
epoch=5/80 loss=0.022806 seconds=0.25
epoch=6/80 loss=0.015728 seconds=0.27
epoch=7/80 loss=0.002940 seconds=0.25
epoch=8/80 loss=0.001303 seconds=0.27
epoch=9/80 loss=0.001357 seconds=0.25
epoch=10/80 loss=0.001050 seconds=0.23
epoch=11/80 loss=0.000492 seconds=0.25
epoch=12/80 loss=0.001935 seconds=0.25
epoch=13/80 loss=0.000698 seconds=0.25
epoch=14/80 loss=0.001143 seconds=0.25
epoch=15/80 loss=0.010304 seconds=0.23
epoch=16/80 loss=0.001328 seconds=0.25
epoch=17/80 loss=0.000310 seconds=0.23
epoch=18/80 loss=0.019304 seconds=0.23
epoch=19/80 loss=0.001489 seconds=0.23
epoch=20/80 loss=0.002849 seconds=0.25
epoch=21/80 loss=0.000485 seconds=0.23
epoch=22/80 loss=0.000191 seconds=0.25
epoch=23/80 loss=0.000171 seconds=0.23
epoch=24/80 loss=0.000146 seconds=0.25
epoch=25/80 loss=0.000217 seconds=0.23
epoch=26/80 loss=0.000108 seconds=0.23
epoch=27/80 loss=0.000126 seconds=0.25
epoch=28/80 loss=0.000086 seconds=0.25
epoch=29/80 loss=0.000039 seconds=0.25
epoch=30/80 loss=0.000062 seconds=0.27
epoch=31/80 loss=0.000132 seconds=0.28
epoch=32/80 loss=0.005780 seconds=0.27
epoch=33/80 loss=0.002778 seconds=0.25
epoch=34/80 loss=0.011189 seconds=0.23
epoch=35/80 loss=0.002660 seconds=0.27
epoch=36/80 loss=0.000571 seconds=0.28
epoch=37/80 loss=0.000179 seconds=0.25
epoch=38/80 loss=0.000089 seconds=0.28
epoch=39/80 loss=0.000742 seconds=0.25
epoch=40/80 loss=0.000412 seconds=0.25
epoch=41/80 loss=0.000393 seconds=0.25
epoch=42/80 loss=0.000074 seconds=0.23
epoch=43/80 loss=0.000065 seconds=0.25
epoch=44/80 loss=0.000084 seconds=0.25
epoch=45/80 loss=0.000108 seconds=0.27
epoch=46/80 loss=0.000086 seconds=0.23
epoch=47/80 loss=0.000066 seconds=0.27
epoch=48/80 loss=0.008086 seconds=0.27
epoch=49/80 loss=0.005996 seconds=0.25
epoch=50/80 loss=0.007747 seconds=0.23
epoch=51/80 loss=0.001017 seconds=0.27
epoch=52/80 loss=0.006945 seconds=0.25
epoch=53/80 loss=0.009965 seconds=0.25
epoch=54/80 loss=0.003840 seconds=0.28
epoch=55/80 loss=0.000953 seconds=0.27
epoch=56/80 loss=0.000254 seconds=0.23
epoch=57/80 loss=0.000353 seconds=0.25
epoch=58/80 loss=0.000783 seconds=0.25
epoch=59/80 loss=0.005140 seconds=0.25
epoch=60/80 loss=0.000318 seconds=0.25
epoch=61/80 loss=0.000189 seconds=0.25
epoch=62/80 loss=0.000216 seconds=0.23
epoch=63/80 loss=0.000064 seconds=0.25
epoch=64/80 loss=0.000408 seconds=0.25
epoch=65/80 loss=0.001628 seconds=0.25
epoch=66/80 loss=0.005172 seconds=0.27
epoch=67/80 loss=0.013217 seconds=0.23
epoch=68/80 loss=0.012651 seconds=0.27
epoch=69/80 loss=0.000639 seconds=0.23
epoch=70/80 loss=0.000219 seconds=0.25
epoch=71/80 loss=0.000152 seconds=0.25
epoch=72/80 loss=0.000271 seconds=0.23
epoch=73/80 loss=0.000238 seconds=0.25
epoch=74/80 loss=0.000253 seconds=0.23
epoch=75/80 loss=0.000218 seconds=0.25
epoch=76/80 loss=0.000063 seconds=0.23
epoch=77/80 loss=0.000032 seconds=0.25
epoch=78/80 loss=0.000106 seconds=0.25
epoch=79/80 loss=0.000018 seconds=0.25
epoch=80/80 loss=0.000024 seconds=0.25
fold=2/10 OOF_accuracy=0.800000 OOF_AUC=0.892045
Device=cuda; epochs=80; batch=32; model=ResNet1D
epoch=1/80 loss=0.071191 seconds=0.27
epoch=2/80 loss=0.025666 seconds=0.27
epoch=3/80 loss=0.016095 seconds=0.28
epoch=4/80 loss=0.007605 seconds=0.25
epoch=5/80 loss=0.012032 seconds=0.25
epoch=6/80 loss=0.020099 seconds=0.23
epoch=7/80 loss=0.007645 seconds=0.25
epoch=8/80 loss=0.014634 seconds=0.22
epoch=9/80 loss=0.004755 seconds=0.25
epoch=10/80 loss=0.007032 seconds=0.23
epoch=11/80 loss=0.002034 seconds=0.25
epoch=12/80 loss=0.006969 seconds=0.25
epoch=13/80 loss=0.003491 seconds=0.25
epoch=14/80 loss=0.000998 seconds=0.25
epoch=15/80 loss=0.012504 seconds=0.25
epoch=16/80 loss=0.012279 seconds=0.23
epoch=17/80 loss=0.005767 seconds=0.23
epoch=18/80 loss=0.011231 seconds=0.25
epoch=19/80 loss=0.003289 seconds=0.23
epoch=20/80 loss=0.004942 seconds=0.25
epoch=21/80 loss=0.004646 seconds=0.23
epoch=22/80 loss=0.002021 seconds=0.23
epoch=23/80 loss=0.003914 seconds=0.25
epoch=24/80 loss=0.001113 seconds=0.25
epoch=25/80 loss=0.000294 seconds=0.23
epoch=26/80 loss=0.000226 seconds=0.23
epoch=27/80 loss=0.001485 seconds=0.23
epoch=28/80 loss=0.000661 seconds=0.27
epoch=29/80 loss=0.000113 seconds=0.25
epoch=30/80 loss=0.000255 seconds=0.27
epoch=31/80 loss=0.004269 seconds=0.28
epoch=32/80 loss=0.004056 seconds=0.25
epoch=33/80 loss=0.006503 seconds=0.30
epoch=34/80 loss=0.010176 seconds=0.27
epoch=35/80 loss=0.004709 seconds=0.28
epoch=36/80 loss=0.007217 seconds=0.25
epoch=37/80 loss=0.001322 seconds=0.27
epoch=38/80 loss=0.000300 seconds=0.27
epoch=39/80 loss=0.003936 seconds=0.25
epoch=40/80 loss=0.000729 seconds=0.25
epoch=41/80 loss=0.000932 seconds=0.25
epoch=42/80 loss=0.011111 seconds=0.28
epoch=43/80 loss=0.009680 seconds=0.25
epoch=44/80 loss=0.005092 seconds=0.27
epoch=45/80 loss=0.000740 seconds=0.27
epoch=46/80 loss=0.003966 seconds=0.25
epoch=47/80 loss=0.002850 seconds=0.25
epoch=48/80 loss=0.003709 seconds=0.30
epoch=49/80 loss=0.004782 seconds=0.27
epoch=50/80 loss=0.001162 seconds=0.27
epoch=51/80 loss=0.002853 seconds=0.25
epoch=52/80 loss=0.005615 seconds=0.25
epoch=53/80 loss=0.003298 seconds=0.27
epoch=54/80 loss=0.000872 seconds=0.23
epoch=55/80 loss=0.002691 seconds=0.27
epoch=56/80 loss=0.006725 seconds=0.25
epoch=57/80 loss=0.005083 seconds=0.27
epoch=58/80 loss=0.001298 seconds=0.28
epoch=59/80 loss=0.000257 seconds=0.27
epoch=60/80 loss=0.000126 seconds=0.27
epoch=61/80 loss=0.000221 seconds=0.27
epoch=62/80 loss=0.001038 seconds=0.25
epoch=63/80 loss=0.000893 seconds=0.27
epoch=64/80 loss=0.000300 seconds=0.23
epoch=65/80 loss=0.000095 seconds=0.23
epoch=66/80 loss=0.000042 seconds=0.23
epoch=67/80 loss=0.003233 seconds=0.25
epoch=68/80 loss=0.024695 seconds=0.25
epoch=69/80 loss=0.002527 seconds=0.23
epoch=70/80 loss=0.000614 seconds=0.25
epoch=71/80 loss=0.000267 seconds=0.25
epoch=72/80 loss=0.000283 seconds=0.25
epoch=73/80 loss=0.000331 seconds=0.27
epoch=74/80 loss=0.000066 seconds=0.25
epoch=75/80 loss=0.013605 seconds=0.23
epoch=76/80 loss=0.000661 seconds=0.25
epoch=77/80 loss=0.000631 seconds=0.25
epoch=78/80 loss=0.000520 seconds=0.28
epoch=79/80 loss=0.002460 seconds=0.28
epoch=80/80 loss=0.006277 seconds=0.28
fold=3/10 OOF_accuracy=0.800000 OOF_AUC=0.835227
Device=cuda; epochs=80; batch=32; model=ResNet1D
epoch=1/80 loss=0.080797 seconds=0.28
epoch=2/80 loss=0.014339 seconds=0.25
epoch=3/80 loss=0.020428 seconds=0.25
epoch=4/80 loss=0.020380 seconds=0.27
epoch=5/80 loss=0.016248 seconds=0.25
epoch=6/80 loss=0.022157 seconds=0.25
epoch=7/80 loss=0.003987 seconds=0.23
epoch=8/80 loss=0.001856 seconds=0.27
epoch=9/80 loss=0.001833 seconds=0.28
epoch=10/80 loss=0.003700 seconds=0.25
epoch=11/80 loss=0.004172 seconds=0.27
epoch=12/80 loss=0.005534 seconds=0.27
epoch=13/80 loss=0.004093 seconds=0.27
epoch=14/80 loss=0.001117 seconds=0.25
epoch=15/80 loss=0.004833 seconds=0.25
epoch=16/80 loss=0.016968 seconds=0.27
epoch=17/80 loss=0.011061 seconds=0.23
epoch=18/80 loss=0.017991 seconds=0.28
epoch=19/80 loss=0.006137 seconds=0.25
epoch=20/80 loss=0.002152 seconds=0.27
epoch=21/80 loss=0.001173 seconds=0.28
epoch=22/80 loss=0.000614 seconds=0.25
epoch=23/80 loss=0.000578 seconds=0.27
epoch=24/80 loss=0.000548 seconds=0.23
epoch=25/80 loss=0.000357 seconds=0.25
epoch=26/80 loss=0.001073 seconds=0.27
epoch=27/80 loss=0.000985 seconds=0.25
epoch=28/80 loss=0.000563 seconds=0.27
epoch=29/80 loss=0.000134 seconds=0.25
epoch=30/80 loss=0.000912 seconds=0.27
epoch=31/80 loss=0.010575 seconds=0.27
epoch=32/80 loss=0.006874 seconds=0.28
epoch=33/80 loss=0.004517 seconds=0.27
epoch=34/80 loss=0.000503 seconds=0.27
epoch=35/80 loss=0.001573 seconds=0.23
epoch=36/80 loss=0.006691 seconds=0.25
epoch=37/80 loss=0.001624 seconds=0.27
epoch=38/80 loss=0.000166 seconds=0.27
epoch=39/80 loss=0.000207 seconds=0.28
epoch=40/80 loss=0.000085 seconds=0.28
epoch=41/80 loss=0.000133 seconds=0.27
epoch=42/80 loss=0.000070 seconds=0.27
epoch=43/80 loss=0.000040 seconds=0.27
epoch=44/80 loss=0.000064 seconds=0.25
epoch=45/80 loss=0.000095 seconds=0.27
epoch=46/80 loss=0.000115 seconds=0.27
epoch=47/80 loss=0.000059 seconds=0.25
epoch=48/80 loss=0.002125 seconds=0.23
epoch=49/80 loss=0.015138 seconds=0.25
epoch=50/80 loss=0.006308 seconds=0.25
epoch=51/80 loss=0.005265 seconds=0.27
epoch=52/80 loss=0.002489 seconds=0.23
epoch=53/80 loss=0.003648 seconds=0.27
epoch=54/80 loss=0.003098 seconds=0.23
epoch=55/80 loss=0.008966 seconds=0.23
epoch=56/80 loss=0.008216 seconds=0.23
epoch=57/80 loss=0.010931 seconds=0.25
epoch=58/80 loss=0.001372 seconds=0.27
epoch=59/80 loss=0.004378 seconds=0.27
epoch=60/80 loss=0.001046 seconds=0.27
epoch=61/80 loss=0.003379 seconds=0.23
epoch=62/80 loss=0.008257 seconds=0.23
epoch=63/80 loss=0.002382 seconds=0.25
epoch=64/80 loss=0.006191 seconds=0.25
epoch=65/80 loss=0.002653 seconds=0.25
epoch=66/80 loss=0.000368 seconds=0.23
epoch=67/80 loss=0.001075 seconds=0.27
epoch=68/80 loss=0.000407 seconds=0.27
epoch=69/80 loss=0.000188 seconds=0.28
epoch=70/80 loss=0.000056 seconds=0.23
epoch=71/80 loss=0.000137 seconds=0.27
epoch=72/80 loss=0.000099 seconds=0.25
epoch=73/80 loss=0.000183 seconds=0.25
epoch=74/80 loss=0.000047 seconds=0.25
epoch=75/80 loss=0.000046 seconds=0.25
epoch=76/80 loss=0.000709 seconds=0.25
epoch=77/80 loss=0.000023 seconds=0.27
epoch=78/80 loss=0.000047 seconds=0.25
epoch=79/80 loss=0.000032 seconds=0.25
epoch=80/80 loss=0.000022 seconds=0.25
fold=4/10 OOF_accuracy=0.866667 OOF_AUC=0.823864
Device=cuda; epochs=80; batch=32; model=ResNet1D
epoch=1/80 loss=0.065733 seconds=0.28
epoch=2/80 loss=0.011479 seconds=0.30
epoch=3/80 loss=0.008532 seconds=0.28
epoch=4/80 loss=0.011124 seconds=0.25
epoch=5/80 loss=0.017300 seconds=0.23
epoch=6/80 loss=0.010474 seconds=0.23
epoch=7/80 loss=0.002589 seconds=0.23
epoch=8/80 loss=0.004598 seconds=0.25
epoch=9/80 loss=0.006741 seconds=0.23
epoch=10/80 loss=0.001217 seconds=0.27
epoch=11/80 loss=0.006803 seconds=0.25
epoch=12/80 loss=0.008945 seconds=0.25
epoch=13/80 loss=0.002508 seconds=0.27
epoch=14/80 loss=0.001287 seconds=0.23
epoch=15/80 loss=0.009228 seconds=0.25
epoch=16/80 loss=0.009951 seconds=0.25
epoch=17/80 loss=0.002401 seconds=0.25
epoch=18/80 loss=0.006119 seconds=0.25
epoch=19/80 loss=0.003724 seconds=0.25
epoch=20/80 loss=0.002366 seconds=0.25
epoch=21/80 loss=0.006169 seconds=0.23
epoch=22/80 loss=0.002059 seconds=0.25
epoch=23/80 loss=0.003018 seconds=0.23
epoch=24/80 loss=0.007144 seconds=0.27
epoch=25/80 loss=0.006710 seconds=0.28
epoch=26/80 loss=0.004604 seconds=0.25
epoch=27/80 loss=0.004356 seconds=0.27
epoch=28/80 loss=0.004021 seconds=0.27
epoch=29/80 loss=0.002180 seconds=0.27
epoch=30/80 loss=0.004072 seconds=0.25
epoch=31/80 loss=0.001803 seconds=0.25
epoch=32/80 loss=0.000269 seconds=0.23
epoch=33/80 loss=0.000673 seconds=0.27
epoch=34/80 loss=0.001080 seconds=0.25
epoch=35/80 loss=0.004176 seconds=0.28
epoch=36/80 loss=0.005873 seconds=0.25
epoch=37/80 loss=0.007533 seconds=0.28
epoch=38/80 loss=0.001698 seconds=0.27
epoch=39/80 loss=0.004119 seconds=0.30
epoch=40/80 loss=0.000292 seconds=0.31
epoch=41/80 loss=0.000820 seconds=0.30
epoch=42/80 loss=0.002377 seconds=0.28
epoch=43/80 loss=0.000722 seconds=0.27
epoch=44/80 loss=0.000846 seconds=0.27
epoch=45/80 loss=0.000441 seconds=0.23
epoch=46/80 loss=0.001361 seconds=0.27
epoch=47/80 loss=0.001566 seconds=0.23
epoch=48/80 loss=0.004873 seconds=0.25
epoch=49/80 loss=0.000596 seconds=0.25
epoch=50/80 loss=0.002381 seconds=0.25
epoch=51/80 loss=0.005536 seconds=0.25
epoch=52/80 loss=0.002752 seconds=0.23
epoch=53/80 loss=0.004442 seconds=0.25
epoch=54/80 loss=0.003335 seconds=0.23
epoch=55/80 loss=0.001389 seconds=0.23
epoch=56/80 loss=0.000439 seconds=0.25
epoch=57/80 loss=0.008153 seconds=0.23
epoch=58/80 loss=0.003433 seconds=0.23
epoch=59/80 loss=0.000961 seconds=0.23
epoch=60/80 loss=0.000203 seconds=0.25
epoch=61/80 loss=0.000133 seconds=0.23
epoch=62/80 loss=0.002245 seconds=0.23
epoch=63/80 loss=0.000731 seconds=0.25
epoch=64/80 loss=0.013958 seconds=0.23
epoch=65/80 loss=0.001497 seconds=0.23
epoch=66/80 loss=0.002188 seconds=0.23
epoch=67/80 loss=0.005363 seconds=0.23
epoch=68/80 loss=0.005682 seconds=0.27
epoch=69/80 loss=0.000802 seconds=0.23
epoch=70/80 loss=0.001266 seconds=0.25
epoch=71/80 loss=0.000378 seconds=0.23
epoch=72/80 loss=0.000383 seconds=0.25
epoch=73/80 loss=0.000121 seconds=0.25
epoch=74/80 loss=0.000114 seconds=0.23
epoch=75/80 loss=0.000052 seconds=0.25
epoch=76/80 loss=0.000059 seconds=0.23
epoch=77/80 loss=0.000029 seconds=0.23
epoch=78/80 loss=0.000586 seconds=0.25
epoch=79/80 loss=0.006039 seconds=0.30
epoch=80/80 loss=0.000430 seconds=0.27
fold=5/10 OOF_accuracy=0.966667 OOF_AUC=0.971591
Device=cuda; epochs=80; batch=32; model=ResNet1D
epoch=1/80 loss=0.067350 seconds=0.27
epoch=2/80 loss=0.014080 seconds=0.27
epoch=3/80 loss=0.013110 seconds=0.28
epoch=4/80 loss=0.017976 seconds=0.25
epoch=5/80 loss=0.006850 seconds=0.23
epoch=6/80 loss=0.020536 seconds=0.25
epoch=7/80 loss=0.004508 seconds=0.23
epoch=8/80 loss=0.002159 seconds=0.23
epoch=9/80 loss=0.004499 seconds=0.30
epoch=10/80 loss=0.004104 seconds=0.25
epoch=11/80 loss=0.010006 seconds=0.25
epoch=12/80 loss=0.004184 seconds=0.25
epoch=13/80 loss=0.001050 seconds=0.25
epoch=14/80 loss=0.002803 seconds=0.27
epoch=15/80 loss=0.005344 seconds=0.25
epoch=16/80 loss=0.014462 seconds=0.25
epoch=17/80 loss=0.005937 seconds=0.23
epoch=18/80 loss=0.005174 seconds=0.25
epoch=19/80 loss=0.007403 seconds=0.25
epoch=20/80 loss=0.002109 seconds=0.25
epoch=21/80 loss=0.000735 seconds=0.27
epoch=22/80 loss=0.000773 seconds=0.30
epoch=23/80 loss=0.003126 seconds=0.27
epoch=24/80 loss=0.002960 seconds=0.28
epoch=25/80 loss=0.008894 seconds=0.25
epoch=26/80 loss=0.001925 seconds=0.27
epoch=27/80 loss=0.001799 seconds=0.28
epoch=28/80 loss=0.001438 seconds=0.27
epoch=29/80 loss=0.005246 seconds=0.28
epoch=30/80 loss=0.000804 seconds=0.25
epoch=31/80 loss=0.000343 seconds=0.27
epoch=32/80 loss=0.000119 seconds=0.28
epoch=33/80 loss=0.001834 seconds=0.28
epoch=34/80 loss=0.004979 seconds=0.27
epoch=35/80 loss=0.016539 seconds=0.27
epoch=36/80 loss=0.008345 seconds=0.25
epoch=37/80 loss=0.007395 seconds=0.28
epoch=38/80 loss=0.007715 seconds=0.25
epoch=39/80 loss=0.006797 seconds=0.25
epoch=40/80 loss=0.002563 seconds=0.28
epoch=41/80 loss=0.002923 seconds=0.25
epoch=42/80 loss=0.000439 seconds=0.27
epoch=43/80 loss=0.000584 seconds=0.27
epoch=44/80 loss=0.000757 seconds=0.23
epoch=45/80 loss=0.001370 seconds=0.25
epoch=46/80 loss=0.028862 seconds=0.28
epoch=47/80 loss=0.002721 seconds=0.23
epoch=48/80 loss=0.000617 seconds=0.23
epoch=49/80 loss=0.000777 seconds=0.23
epoch=50/80 loss=0.001190 seconds=0.23
epoch=51/80 loss=0.001616 seconds=0.23
epoch=52/80 loss=0.003192 seconds=0.23
epoch=53/80 loss=0.003498 seconds=0.23
epoch=54/80 loss=0.001425 seconds=0.27
epoch=55/80 loss=0.000452 seconds=0.25
epoch=56/80 loss=0.010703 seconds=0.22
epoch=57/80 loss=0.004273 seconds=0.27
epoch=58/80 loss=0.000512 seconds=0.25
epoch=59/80 loss=0.000382 seconds=0.25
epoch=60/80 loss=0.000249 seconds=0.25
epoch=61/80 loss=0.000176 seconds=0.25
epoch=62/80 loss=0.000807 seconds=0.23
epoch=63/80 loss=0.000193 seconds=0.25
epoch=64/80 loss=0.000204 seconds=0.28
epoch=65/80 loss=0.000667 seconds=0.25
epoch=66/80 loss=0.012733 seconds=0.27
epoch=67/80 loss=0.004839 seconds=0.25
epoch=68/80 loss=0.011316 seconds=0.25
epoch=69/80 loss=0.001332 seconds=0.23
epoch=70/80 loss=0.000285 seconds=0.28
epoch=71/80 loss=0.000296 seconds=0.27
epoch=72/80 loss=0.000216 seconds=0.25
epoch=73/80 loss=0.001858 seconds=0.25
epoch=74/80 loss=0.000372 seconds=0.23
epoch=75/80 loss=0.000177 seconds=0.23
epoch=76/80 loss=0.000127 seconds=0.25
epoch=77/80 loss=0.000067 seconds=0.30
epoch=78/80 loss=0.000084 seconds=0.25
epoch=79/80 loss=0.000040 seconds=0.23
epoch=80/80 loss=0.000091 seconds=0.23
fold=6/10 OOF_accuracy=0.800000 OOF_AUC=0.892045
Device=cuda; epochs=80; batch=32; model=ResNet1D
epoch=1/80 loss=0.057301 seconds=0.27
epoch=2/80 loss=0.019321 seconds=0.27
epoch=3/80 loss=0.016846 seconds=0.25
epoch=4/80 loss=0.006783 seconds=0.28
epoch=5/80 loss=0.014496 seconds=0.25
epoch=6/80 loss=0.013168 seconds=0.25
epoch=7/80 loss=0.006287 seconds=0.27
epoch=8/80 loss=0.002599 seconds=0.25
epoch=9/80 loss=0.005742 seconds=0.25
epoch=10/80 loss=0.008817 seconds=0.25
epoch=11/80 loss=0.004800 seconds=0.27
epoch=12/80 loss=0.009645 seconds=0.25
epoch=13/80 loss=0.013964 seconds=0.25
epoch=14/80 loss=0.004617 seconds=0.27
epoch=15/80 loss=0.015790 seconds=0.25
epoch=16/80 loss=0.006903 seconds=0.23
epoch=17/80 loss=0.003915 seconds=0.25
epoch=18/80 loss=0.007939 seconds=0.27
epoch=19/80 loss=0.000784 seconds=0.25
epoch=20/80 loss=0.000413 seconds=0.27
epoch=21/80 loss=0.000487 seconds=0.25
epoch=22/80 loss=0.004799 seconds=0.27
epoch=23/80 loss=0.001818 seconds=0.31
epoch=24/80 loss=0.001811 seconds=0.25
epoch=25/80 loss=0.001030 seconds=0.27
epoch=26/80 loss=0.000659 seconds=0.25
epoch=27/80 loss=0.000481 seconds=0.25
epoch=28/80 loss=0.000475 seconds=0.25
epoch=29/80 loss=0.000092 seconds=0.25
epoch=30/80 loss=0.000147 seconds=0.25
epoch=31/80 loss=0.000117 seconds=0.25
epoch=32/80 loss=0.000060 seconds=0.25
epoch=33/80 loss=0.008167 seconds=0.27
epoch=34/80 loss=0.005384 seconds=0.25
epoch=35/80 loss=0.001659 seconds=0.25
epoch=36/80 loss=0.003773 seconds=0.25
epoch=37/80 loss=0.007708 seconds=0.25
epoch=38/80 loss=0.002769 seconds=0.27
epoch=39/80 loss=0.006888 seconds=0.23
epoch=40/80 loss=0.001456 seconds=0.25
epoch=41/80 loss=0.008152 seconds=0.23
epoch=42/80 loss=0.007280 seconds=0.23
epoch=43/80 loss=0.000740 seconds=0.23
epoch=44/80 loss=0.001104 seconds=0.23
epoch=45/80 loss=0.000860 seconds=0.25
epoch=46/80 loss=0.000930 seconds=0.23
epoch=47/80 loss=0.003810 seconds=0.23
epoch=48/80 loss=0.001004 seconds=0.25
epoch=49/80 loss=0.000385 seconds=0.27
epoch=50/80 loss=0.006041 seconds=0.25
epoch=51/80 loss=0.006096 seconds=0.25
epoch=52/80 loss=0.004947 seconds=0.23
epoch=53/80 loss=0.001164 seconds=0.23
epoch=54/80 loss=0.000106 seconds=0.23
epoch=55/80 loss=0.002534 seconds=0.23
epoch=56/80 loss=0.003155 seconds=0.25
epoch=57/80 loss=0.003670 seconds=0.23
epoch=58/80 loss=0.001239 seconds=0.27
epoch=59/80 loss=0.001400 seconds=0.25
epoch=60/80 loss=0.001880 seconds=0.23
epoch=61/80 loss=0.002937 seconds=0.28
epoch=62/80 loss=0.005240 seconds=0.25
epoch=63/80 loss=0.001262 seconds=0.28
epoch=64/80 loss=0.003467 seconds=0.28
epoch=65/80 loss=0.002920 seconds=0.27
epoch=66/80 loss=0.004598 seconds=0.27
epoch=67/80 loss=0.001129 seconds=0.28
epoch=68/80 loss=0.000689 seconds=0.28
epoch=69/80 loss=0.000157 seconds=0.27
epoch=70/80 loss=0.000080 seconds=0.27
epoch=71/80 loss=0.000045 seconds=0.27
epoch=72/80 loss=0.000120 seconds=0.27
epoch=73/80 loss=0.000058 seconds=0.27
epoch=74/80 loss=0.000051 seconds=0.27
epoch=75/80 loss=0.000053 seconds=0.30
epoch=76/80 loss=0.014000 seconds=0.28
epoch=77/80 loss=0.000486 seconds=0.28
epoch=78/80 loss=0.000361 seconds=0.27
epoch=79/80 loss=0.000197 seconds=0.52
epoch=80/80 loss=0.000140 seconds=0.58
fold=7/10 OOF_accuracy=0.866667 OOF_AUC=0.846591
Device=cuda; epochs=80; batch=32; model=ResNet1D
epoch=1/80 loss=0.076671 seconds=0.56
epoch=2/80 loss=0.009006 seconds=0.67
epoch=3/80 loss=0.012227 seconds=0.58
epoch=4/80 loss=0.005452 seconds=0.59
epoch=5/80 loss=0.001557 seconds=0.52
epoch=6/80 loss=0.020177 seconds=0.42
epoch=7/80 loss=0.002695 seconds=0.55
epoch=8/80 loss=0.000692 seconds=0.59
epoch=9/80 loss=0.000482 seconds=0.58
epoch=10/80 loss=0.000519 seconds=0.55
epoch=11/80 loss=0.000534 seconds=0.59
epoch=12/80 loss=0.001086 seconds=0.42
epoch=13/80 loss=0.007224 seconds=0.34
epoch=14/80 loss=0.017572 seconds=0.31
epoch=15/80 loss=0.006843 seconds=0.39
epoch=16/80 loss=0.002174 seconds=0.30
epoch=17/80 loss=0.000794 seconds=0.36
epoch=18/80 loss=0.001577 seconds=0.30
epoch=19/80 loss=0.002919 seconds=0.36
epoch=20/80 loss=0.000997 seconds=0.30
epoch=21/80 loss=0.004449 seconds=0.38
epoch=22/80 loss=0.000562 seconds=0.31
epoch=23/80 loss=0.002329 seconds=0.34
epoch=24/80 loss=0.000537 seconds=0.31
epoch=25/80 loss=0.000192 seconds=0.45
epoch=26/80 loss=0.000733 seconds=0.42
epoch=27/80 loss=0.000093 seconds=0.42
epoch=28/80 loss=0.000100 seconds=0.33
epoch=29/80 loss=0.000035 seconds=0.36
epoch=30/80 loss=0.000054 seconds=0.33
epoch=31/80 loss=0.000352 seconds=0.31
epoch=32/80 loss=0.000067 seconds=0.28
epoch=33/80 loss=0.000080 seconds=0.34
epoch=34/80 loss=0.000049 seconds=0.33
epoch=35/80 loss=0.000036 seconds=0.31
epoch=36/80 loss=0.000256 seconds=0.31
epoch=37/80 loss=0.000114 seconds=0.33
epoch=38/80 loss=0.000046 seconds=0.38
epoch=39/80 loss=0.000030 seconds=0.33
epoch=40/80 loss=0.000028 seconds=0.38
epoch=41/80 loss=0.000894 seconds=0.36
epoch=42/80 loss=0.008608 seconds=0.30
epoch=43/80 loss=0.005576 seconds=0.30
epoch=44/80 loss=0.005551 seconds=0.33
epoch=45/80 loss=0.001371 seconds=0.34
epoch=46/80 loss=0.002365 seconds=0.36
epoch=47/80 loss=0.009137 seconds=0.33
epoch=48/80 loss=0.008408 seconds=0.31
epoch=49/80 loss=0.000635 seconds=0.31
epoch=50/80 loss=0.000401 seconds=0.33
epoch=51/80 loss=0.000118 seconds=0.33
epoch=52/80 loss=0.002595 seconds=0.34
epoch=53/80 loss=0.011209 seconds=0.39
epoch=54/80 loss=0.007056 seconds=0.34
epoch=55/80 loss=0.004486 seconds=0.34
epoch=56/80 loss=0.003801 seconds=0.31
epoch=57/80 loss=0.001724 seconds=0.34
epoch=58/80 loss=0.001514 seconds=0.31
epoch=59/80 loss=0.000544 seconds=0.39
epoch=60/80 loss=0.000732 seconds=0.30
epoch=61/80 loss=0.000294 seconds=0.38
epoch=62/80 loss=0.002702 seconds=0.34
epoch=63/80 loss=0.000337 seconds=0.34
epoch=64/80 loss=0.001466 seconds=0.38
epoch=65/80 loss=0.000113 seconds=0.34
epoch=66/80 loss=0.000093 seconds=0.39
epoch=67/80 loss=0.000219 seconds=0.33
epoch=68/80 loss=0.000069 seconds=0.33
epoch=69/80 loss=0.000032 seconds=0.31
epoch=70/80 loss=0.000037 seconds=0.36
epoch=71/80 loss=0.000025 seconds=0.30
epoch=72/80 loss=0.000044 seconds=0.38
epoch=73/80 loss=0.000048 seconds=0.33
epoch=74/80 loss=0.000046 seconds=0.30
epoch=75/80 loss=0.000034 seconds=0.30
epoch=76/80 loss=0.000034 seconds=0.31
epoch=77/80 loss=0.000010 seconds=0.36
epoch=78/80 loss=0.000018 seconds=0.33
epoch=79/80 loss=0.000009 seconds=0.34
epoch=80/80 loss=0.000011 seconds=0.31
fold=8/10 OOF_accuracy=0.833333 OOF_AUC=0.772727
Device=cuda; epochs=80; batch=32; model=ResNet1D
epoch=1/80 loss=0.057835 seconds=0.34
epoch=2/80 loss=0.011751 seconds=0.41
epoch=3/80 loss=0.012555 seconds=0.31
epoch=4/80 loss=0.021779 seconds=0.36
epoch=5/80 loss=0.007271 seconds=0.38
epoch=6/80 loss=0.014201 seconds=0.34
epoch=7/80 loss=0.002751 seconds=0.34
epoch=8/80 loss=0.003137 seconds=0.39
epoch=9/80 loss=0.009628 seconds=0.34
epoch=10/80 loss=0.003864 seconds=0.38
epoch=11/80 loss=0.006145 seconds=0.36
epoch=12/80 loss=0.001876 seconds=0.30
epoch=13/80 loss=0.004323 seconds=0.30
epoch=14/80 loss=0.001513 seconds=0.31
epoch=15/80 loss=0.010089 seconds=0.38
epoch=16/80 loss=0.005482 seconds=0.38
epoch=17/80 loss=0.002574 seconds=0.33
epoch=18/80 loss=0.004951 seconds=0.31
epoch=19/80 loss=0.000578 seconds=0.33
epoch=20/80 loss=0.000205 seconds=0.31
epoch=21/80 loss=0.000307 seconds=0.41
epoch=22/80 loss=0.000151 seconds=0.34
epoch=23/80 loss=0.000148 seconds=0.31
epoch=24/80 loss=0.000269 seconds=0.30
epoch=25/80 loss=0.004681 seconds=0.30
epoch=26/80 loss=0.001380 seconds=0.33
epoch=27/80 loss=0.000317 seconds=0.36
epoch=28/80 loss=0.000160 seconds=0.34
epoch=29/80 loss=0.000194 seconds=0.34
epoch=30/80 loss=0.000213 seconds=0.33
epoch=31/80 loss=0.000088 seconds=0.30
epoch=32/80 loss=0.000069 seconds=0.33
epoch=33/80 loss=0.000109 seconds=0.33
epoch=34/80 loss=0.002216 seconds=0.34
epoch=35/80 loss=0.000887 seconds=0.34
epoch=36/80 loss=0.004971 seconds=0.31
epoch=37/80 loss=0.016036 seconds=0.28
epoch=38/80 loss=0.003622 seconds=0.31
epoch=39/80 loss=0.003790 seconds=0.44
epoch=40/80 loss=0.007785 seconds=0.28
epoch=41/80 loss=0.000677 seconds=0.38
epoch=42/80 loss=0.000356 seconds=0.33
epoch=43/80 loss=0.000168 seconds=0.36
epoch=44/80 loss=0.001157 seconds=0.31
epoch=45/80 loss=0.008286 seconds=0.31
epoch=46/80 loss=0.004497 seconds=0.31
epoch=47/80 loss=0.007016 seconds=0.38
epoch=48/80 loss=0.002973 seconds=0.30
epoch=49/80 loss=0.000300 seconds=0.30
epoch=50/80 loss=0.009620 seconds=0.28
epoch=51/80 loss=0.001352 seconds=0.27
epoch=52/80 loss=0.000572 seconds=0.28
epoch=53/80 loss=0.001705 seconds=0.34
epoch=54/80 loss=0.002322 seconds=0.36
epoch=55/80 loss=0.002542 seconds=0.31
epoch=56/80 loss=0.000261 seconds=0.33
epoch=57/80 loss=0.006869 seconds=0.34
epoch=58/80 loss=0.002137 seconds=0.34
epoch=59/80 loss=0.001298 seconds=0.41
epoch=60/80 loss=0.000301 seconds=0.42
epoch=61/80 loss=0.000228 seconds=0.34
epoch=62/80 loss=0.005779 seconds=0.44
epoch=63/80 loss=0.010544 seconds=0.39
epoch=64/80 loss=0.001256 seconds=0.36
epoch=65/80 loss=0.000363 seconds=0.36
epoch=66/80 loss=0.000178 seconds=0.38
epoch=67/80 loss=0.051309 seconds=0.34
epoch=68/80 loss=0.003689 seconds=0.33
epoch=69/80 loss=0.002925 seconds=0.34
epoch=70/80 loss=0.000207 seconds=0.33
epoch=71/80 loss=0.003281 seconds=0.36
epoch=72/80 loss=0.001702 seconds=0.41
epoch=73/80 loss=0.005084 seconds=0.31
epoch=74/80 loss=0.000818 seconds=0.34
epoch=75/80 loss=0.000186 seconds=0.39
epoch=76/80 loss=0.001696 seconds=0.34
epoch=77/80 loss=0.002333 seconds=0.28
epoch=78/80 loss=0.001211 seconds=0.33
epoch=79/80 loss=0.000277 seconds=0.33
epoch=80/80 loss=0.000502 seconds=0.28
fold=9/10 OOF_accuracy=0.700000 OOF_AUC=0.698864
Device=cuda; epochs=80; batch=32; model=ResNet1D
epoch=1/80 loss=0.071061 seconds=0.34
epoch=2/80 loss=0.014341 seconds=0.31
epoch=3/80 loss=0.010792 seconds=0.33
epoch=4/80 loss=0.004817 seconds=0.28
epoch=5/80 loss=0.007873 seconds=0.28
epoch=6/80 loss=0.008229 seconds=0.33
epoch=7/80 loss=0.006138 seconds=0.27
epoch=8/80 loss=0.007841 seconds=0.28
epoch=9/80 loss=0.003000 seconds=0.28
epoch=10/80 loss=0.001602 seconds=0.34
epoch=11/80 loss=0.001162 seconds=0.28
epoch=12/80 loss=0.005977 seconds=0.28
epoch=13/80 loss=0.004811 seconds=0.27
epoch=14/80 loss=0.000583 seconds=0.28
epoch=15/80 loss=0.002239 seconds=0.28
epoch=16/80 loss=0.002125 seconds=0.28
epoch=17/80 loss=0.002779 seconds=0.34
epoch=18/80 loss=0.000449 seconds=0.27
epoch=19/80 loss=0.000232 seconds=0.30
epoch=20/80 loss=0.000221 seconds=0.28
epoch=21/80 loss=0.000071 seconds=0.28
epoch=22/80 loss=0.000075 seconds=0.25
epoch=23/80 loss=0.000076 seconds=0.27
epoch=24/80 loss=0.000065 seconds=0.27
epoch=25/80 loss=0.010891 seconds=0.36
epoch=26/80 loss=0.021001 seconds=0.27
epoch=27/80 loss=0.003650 seconds=0.30
epoch=28/80 loss=0.003640 seconds=0.30
epoch=29/80 loss=0.001955 seconds=0.28
epoch=30/80 loss=0.005265 seconds=0.30
epoch=31/80 loss=0.002655 seconds=0.30
epoch=32/80 loss=0.001518 seconds=0.33
epoch=33/80 loss=0.004078 seconds=0.30
epoch=34/80 loss=0.000231 seconds=0.27
epoch=35/80 loss=0.000804 seconds=0.28
epoch=36/80 loss=0.000721 seconds=0.27
epoch=37/80 loss=0.000157 seconds=0.27
epoch=38/80 loss=0.000168 seconds=0.28
epoch=39/80 loss=0.000076 seconds=0.28
epoch=40/80 loss=0.000272 seconds=0.36
epoch=41/80 loss=0.000965 seconds=0.30
epoch=42/80 loss=0.001825 seconds=0.27
epoch=43/80 loss=0.000111 seconds=0.28
epoch=44/80 loss=0.000088 seconds=0.27
epoch=45/80 loss=0.000101 seconds=0.30
epoch=46/80 loss=0.000093 seconds=0.27
epoch=47/80 loss=0.000046 seconds=0.31
epoch=48/80 loss=0.000049 seconds=0.33
epoch=49/80 loss=0.000090 seconds=0.28
epoch=50/80 loss=0.000027 seconds=0.27
epoch=51/80 loss=0.000035 seconds=0.28
epoch=52/80 loss=0.000059 seconds=0.30
epoch=53/80 loss=0.000094 seconds=0.27
epoch=54/80 loss=0.000017 seconds=0.30
epoch=55/80 loss=0.000019 seconds=0.34
epoch=56/80 loss=0.000021 seconds=0.28
epoch=57/80 loss=0.000035 seconds=0.30
epoch=58/80 loss=0.000017 seconds=0.30
epoch=59/80 loss=0.000029 seconds=0.31
epoch=60/80 loss=0.000021 seconds=0.31
epoch=61/80 loss=0.000024 seconds=0.30
epoch=62/80 loss=0.000025 seconds=0.33
epoch=63/80 loss=0.000022 seconds=0.28
epoch=64/80 loss=0.000026 seconds=0.30
epoch=65/80 loss=0.000014 seconds=0.28
epoch=66/80 loss=0.000017 seconds=0.30
epoch=67/80 loss=0.013655 seconds=0.25
epoch=68/80 loss=0.006666 seconds=0.30
epoch=69/80 loss=0.003012 seconds=0.28
epoch=70/80 loss=0.009721 seconds=0.34
epoch=71/80 loss=0.004861 seconds=0.28
epoch=72/80 loss=0.001446 seconds=0.28
epoch=73/80 loss=0.002357 seconds=0.27
epoch=74/80 loss=0.000300 seconds=0.28
epoch=75/80 loss=0.000196 seconds=0.30
epoch=76/80 loss=0.000203 seconds=0.28
epoch=77/80 loss=0.000078 seconds=0.34
epoch=78/80 loss=0.000052 seconds=0.31
epoch=79/80 loss=0.000456 seconds=0.27
epoch=80/80 loss=0.000051 seconds=0.30
fold=10/10 OOF_accuracy=0.800000 OOF_AUC=0.772487
Frozen Train OOF threshold=0.78639489412307739; objective=accuracy; OOF selection accuracy=0.826667
Device=cuda; epochs=80; batch=32; model=ResNet1D
epoch=1/80 loss=0.069374 seconds=0.38
epoch=2/80 loss=0.018002 seconds=0.33
epoch=3/80 loss=0.011981 seconds=0.34
epoch=4/80 loss=0.011047 seconds=0.31
epoch=5/80 loss=0.003294 seconds=0.39
epoch=6/80 loss=0.012641 seconds=0.39
epoch=7/80 loss=0.005806 seconds=0.33
epoch=8/80 loss=0.038526 seconds=0.31
epoch=9/80 loss=0.009769 seconds=0.28
epoch=10/80 loss=0.012189 seconds=0.30
epoch=11/80 loss=0.002268 seconds=0.31
epoch=12/80 loss=0.006158 seconds=0.39
epoch=13/80 loss=0.005887 seconds=0.31
epoch=14/80 loss=0.005365 seconds=0.28
epoch=15/80 loss=0.005434 seconds=0.28
epoch=16/80 loss=0.050139 seconds=0.30
epoch=17/80 loss=0.004125 seconds=0.27
epoch=18/80 loss=0.046239 seconds=0.30
epoch=19/80 loss=0.006359 seconds=0.36
epoch=20/80 loss=0.017630 seconds=0.28
epoch=21/80 loss=0.006513 seconds=0.30
epoch=22/80 loss=0.012515 seconds=0.30
epoch=23/80 loss=0.003902 seconds=0.33
epoch=24/80 loss=0.053394 seconds=0.30
epoch=25/80 loss=0.011852 seconds=0.31
epoch=26/80 loss=0.009008 seconds=0.41
epoch=27/80 loss=0.003394 seconds=0.38
epoch=28/80 loss=0.002536 seconds=0.33
epoch=29/80 loss=0.005180 seconds=0.39
epoch=30/80 loss=0.005173 seconds=0.39
epoch=31/80 loss=0.001965 seconds=0.42
epoch=32/80 loss=0.002199 seconds=0.44
epoch=33/80 loss=0.005668 seconds=0.36
epoch=34/80 loss=0.006042 seconds=0.42
epoch=35/80 loss=0.005370 seconds=0.41
epoch=36/80 loss=0.003573 seconds=0.41
epoch=37/80 loss=0.002100 seconds=0.53
epoch=38/80 loss=0.005440 seconds=0.42
epoch=39/80 loss=0.002771 seconds=0.44
epoch=40/80 loss=0.001149 seconds=0.52
epoch=41/80 loss=0.008617 seconds=0.45
epoch=42/80 loss=0.014077 seconds=0.39
epoch=43/80 loss=0.003795 seconds=0.34
epoch=44/80 loss=0.003486 seconds=0.34
epoch=45/80 loss=0.003795 seconds=0.30
epoch=46/80 loss=0.001780 seconds=0.30
epoch=47/80 loss=0.000797 seconds=0.30
epoch=48/80 loss=0.005248 seconds=0.39
epoch=49/80 loss=0.009871 seconds=0.31
epoch=50/80 loss=0.003911 seconds=0.34
epoch=51/80 loss=0.001803 seconds=0.36
epoch=52/80 loss=0.000502 seconds=0.30
epoch=53/80 loss=0.000497 seconds=0.33
epoch=54/80 loss=0.005423 seconds=0.38
epoch=55/80 loss=0.001560 seconds=0.34
epoch=56/80 loss=0.000822 seconds=0.30
epoch=57/80 loss=0.000195 seconds=0.31
epoch=58/80 loss=0.000418 seconds=0.30
epoch=59/80 loss=0.000128 seconds=0.30
epoch=60/80 loss=0.000156 seconds=0.30
epoch=61/80 loss=0.000284 seconds=0.39
epoch=62/80 loss=0.006733 seconds=0.36
epoch=63/80 loss=0.001400 seconds=0.44
epoch=64/80 loss=0.000735 seconds=0.44
epoch=65/80 loss=0.000506 seconds=0.38
epoch=66/80 loss=0.002686 seconds=0.33
epoch=67/80 loss=0.001171 seconds=0.41
epoch=68/80 loss=0.000203 seconds=0.33
epoch=69/80 loss=0.003309 seconds=0.38
epoch=70/80 loss=0.005490 seconds=0.31
epoch=71/80 loss=0.002490 seconds=0.30
epoch=72/80 loss=0.001253 seconds=0.34
epoch=73/80 loss=0.000485 seconds=0.39
epoch=74/80 loss=0.003956 seconds=0.31
epoch=75/80 loss=0.000628 seconds=0.33
epoch=76/80 loss=0.000535 seconds=0.33
epoch=77/80 loss=0.000286 seconds=0.34
epoch=78/80 loss=0.000077 seconds=0.33
epoch=79/80 loss=0.005561 seconds=0.44
epoch=80/80 loss=0.004473 seconds=0.34
{"cv_oof": {"accuracy": 0.8166666666666667, "balanced_accuracy": 0.749957720277355, "sensitivity": 0.6049382716049383, "specificity": 0.8949771689497716, "f1_macro": 0.7587401851120761, "roc_auc": 0.8196628896781103, "confusion_matrix": [[196, 23], [32, 49]], "classification_report": {"0": {"precision": 0.8596491228070176, "recall": 0.8949771689497716, "f1-score": 0.8769574944071589, "support": 219.0}, "1": {"precision": 0.6805555555555556, "recall": 0.6049382716049383, "f1-score": 0.6405228758169934, "support": 81.0}, "accuracy": 0.8166666666666667, "macro avg": {"precision": 0.7701023391812866, "recall": 0.749957720277355, "f1-score": 0.7587401851120761, "support": 300.0}, "weighted avg": {"precision": 0.8112938596491228, "recall": 0.8166666666666667, "f1-score": 0.8131201473878141, "support": 300.0}}}, "test": {"accuracy": 0.8051948051948052, "balanced_accuracy": 0.7023809523809523, "sensitivity": 0.47619047619047616, "specificity": 0.9285714285714286, "f1_macro": 0.7226890756302521, "roc_auc": 0.8061224489795917, "confusion_matrix": [[52, 4], [11, 10]], "classification_report": {"0": {"precision": 0.8253968253968254, "recall": 0.9285714285714286, "f1-score": 0.8739495798319328, "support": 56.0}, "1": {"precision": 0.7142857142857143, "recall": 0.47619047619047616, "f1-score": 0.5714285714285714, "support": 21.0}, "accuracy": 0.8051948051948052, "macro avg": {"precision": 0.7698412698412698, "recall": 0.7023809523809523, "f1-score": 0.7226890756302521, "support": 77.0}, "weighted avg": {"precision": 0.7950937950937951, "recall": 0.8051948051948052, "f1-score": 0.7914438502673796, "support": 77.0}}}, "folds": 10, "original_train_rows": 300, "train_rows": 2182, "test_rows": 77, "elapsed_seconds": 269.7970000000205, "test_default": {"accuracy": 0.8441558441558441, "balanced_accuracy": 0.7738095238095238, "sensitivity": 0.6190476190476191, "specificity": 0.9285714285714286, "f1_macro": 0.7903811252268602, "roc_auc": 0.8061224489795917, "confusion_matrix": [[52, 4], [8, 13]], "classification_report": {"0": {"precision": 0.8666666666666667, "recall": 0.9285714285714286, "f1-score": 0.896551724137931, "support": 56.0}, "1": {"precision": 0.7647058823529411, "recall": 0.6190476190476191, "f1-score": 0.6842105263157895, "support": 21.0}, "accuracy": 0.8441558441558441, "macro avg": {"precision": 0.8156862745098039, "recall": 0.7738095238095238, "f1-score": 0.7903811252268602, "support": 77.0}, "weighted avg": {"precision": 0.8388591800356506, "recall": 0.8441558441558441, "f1-score": 0.8386404883682561, "support": 77.0}}}, "decision_threshold": 0.7863948941230774, "oof_threshold_selection": {"accuracy": 0.8266666666666667, "balanced_accuracy": 0.7568070353458481, "sensitivity": 0.6049382716049383, "specificity": 0.908675799086758, "f1_macro": 0.768888888888889, "roc_auc": 0.8196628896781103, "confusion_matrix": [[199, 20], [32, 49]], "classification_report": {"0": {"precision": 0.8614718614718615, "recall": 0.908675799086758, "f1-score": 0.8844444444444445, "support": 219.0}, "1": {"precision": 0.7101449275362319, "recall": 0.6049382716049383, "f1-score": 0.6533333333333333, "support": 81.0}, "accuracy": 0.8266666666666667, "macro avg": {"precision": 0.7858083945040467, "recall": 0.7568070353458481, "f1-score": 0.768888888888889, "support": 300.0}, "weighted avg": {"precision": 0.8206135893092416, "recall": 0.8266666666666667, "f1-score": 0.8220444444444445, "support": 300.0}}}, "test_accuracy_change": -0.03896103896103886}
