Command: ["C:\\Users\\IHCK\\AppData\\Local\\Programs\\Python\\Python312\\python.exe", "-u", "C:\\Users\\IHCK\\Desktop\\1_10_69Final\\Hippocampal-Shape-Analysis-for-Epilepsy-Detection\\Model\\train_dataset_model.py", "--dataset", "coef_raw", "--side", "left", "--model", "ResNetAE", "--kind", "coef", "--train-csv", "C:\\Users\\IHCK\\Desktop\\1_10_69Final\\Hippocampal-Shape-Analysis-for-Epilepsy-Detection\\Output_Dataset\\coef_raw\\left\\train_prepared.csv", "--test-csv", "C:\\Users\\IHCK\\Desktop\\1_10_69Final\\Hippocampal-Shape-Analysis-for-Epilepsy-Detection\\Output_Dataset\\coef_raw\\left\\test_prepared.csv", "--output-dir", "C:\\Users\\IHCK\\Desktop\\1_10_69Final\\Hippocampal-Shape-Analysis-for-Epilepsy-Detection\\Model_Results\\dataset_runs_20261003_oof_threshold\\coef_raw\\left\\ResNetAE", "--epochs", "80", "--folds", "10", "--pls-components", "8", "--seed", "42", "--threads", "2", "--tune-threshold"]
10-fold CV: dataset=coef_raw side=left model=ResNetAE; original_train=300 test=73
Device=cuda; epochs=80; batch=32; model=ResNetAutoencoder1D
epoch=1/80 loss=5.445950 seconds=0.45
epoch=2/80 loss=3.276492 seconds=0.05
epoch=3/80 loss=2.003904 seconds=0.05
epoch=4/80 loss=1.279730 seconds=0.03
epoch=5/80 loss=1.015060 seconds=0.05
epoch=6/80 loss=0.927897 seconds=0.05
epoch=7/80 loss=0.743069 seconds=0.05
epoch=8/80 loss=0.611756 seconds=0.03
epoch=9/80 loss=0.535851 seconds=0.05
epoch=10/80 loss=0.522811 seconds=0.05
epoch=11/80 loss=0.516084 seconds=0.03
epoch=12/80 loss=0.618542 seconds=0.05
epoch=13/80 loss=0.522557 seconds=0.03
epoch=14/80 loss=0.366028 seconds=0.05
epoch=15/80 loss=0.326852 seconds=0.03
epoch=16/80 loss=0.353950 seconds=0.06
epoch=17/80 loss=0.327304 seconds=0.05
epoch=18/80 loss=0.374693 seconds=0.03
epoch=19/80 loss=0.390170 seconds=0.05
epoch=20/80 loss=0.303697 seconds=0.05
epoch=21/80 loss=0.288255 seconds=0.03
epoch=22/80 loss=0.300420 seconds=0.05
epoch=23/80 loss=0.321081 seconds=0.03
epoch=24/80 loss=0.258408 seconds=0.05
epoch=25/80 loss=0.290624 seconds=0.03
epoch=26/80 loss=0.290598 seconds=0.05
epoch=27/80 loss=0.305743 seconds=0.05
epoch=28/80 loss=0.297324 seconds=0.03
epoch=29/80 loss=0.207935 seconds=0.05
epoch=30/80 loss=0.225141 seconds=0.05
epoch=31/80 loss=0.262377 seconds=0.03
epoch=32/80 loss=0.255377 seconds=0.05
epoch=33/80 loss=0.202087 seconds=0.03
epoch=34/80 loss=0.206882 seconds=0.05
epoch=35/80 loss=0.175185 seconds=0.05
epoch=36/80 loss=0.193865 seconds=0.03
epoch=37/80 loss=0.242185 seconds=0.05
epoch=38/80 loss=0.201631 seconds=0.03
epoch=39/80 loss=0.185246 seconds=0.05
epoch=40/80 loss=0.203181 seconds=0.05
epoch=41/80 loss=0.190260 seconds=0.03
epoch=42/80 loss=0.153560 seconds=0.05
epoch=43/80 loss=0.198741 seconds=0.05
epoch=44/80 loss=0.172400 seconds=0.03
epoch=45/80 loss=0.145074 seconds=0.05
epoch=46/80 loss=0.160737 seconds=0.05
epoch=47/80 loss=0.155184 seconds=0.03
epoch=48/80 loss=0.143297 seconds=0.05
epoch=49/80 loss=0.165596 seconds=0.03
epoch=50/80 loss=0.139637 seconds=0.05
epoch=51/80 loss=0.143166 seconds=0.03
epoch=52/80 loss=0.167957 seconds=0.05
epoch=53/80 loss=0.200697 seconds=0.05
epoch=54/80 loss=0.168531 seconds=0.03
epoch=55/80 loss=0.153137 seconds=0.05
epoch=56/80 loss=0.149882 seconds=0.05
epoch=57/80 loss=0.162464 seconds=0.05
epoch=58/80 loss=0.148146 seconds=0.05
epoch=59/80 loss=0.135770 seconds=0.03
epoch=60/80 loss=0.124716 seconds=0.03
epoch=61/80 loss=0.132962 seconds=0.05
epoch=62/80 loss=0.125432 seconds=0.05
epoch=63/80 loss=0.160781 seconds=0.03
epoch=64/80 loss=0.160173 seconds=0.05
epoch=65/80 loss=0.160910 seconds=0.03
epoch=66/80 loss=0.166667 seconds=0.05
epoch=67/80 loss=0.143340 seconds=0.05
epoch=68/80 loss=0.166378 seconds=0.05
epoch=69/80 loss=0.155831 seconds=0.05
epoch=70/80 loss=0.124230 seconds=0.03
epoch=71/80 loss=0.125702 seconds=0.05
epoch=72/80 loss=0.116366 seconds=0.05
epoch=73/80 loss=0.147705 seconds=0.05
epoch=74/80 loss=0.137051 seconds=0.03
epoch=75/80 loss=0.115349 seconds=0.03
epoch=76/80 loss=0.144059 seconds=0.05
epoch=77/80 loss=0.150732 seconds=0.03
epoch=78/80 loss=0.128024 seconds=0.05
epoch=79/80 loss=0.153527 seconds=0.05
epoch=80/80 loss=0.137858 seconds=0.03
fold=1/10 OOF_accuracy=0.733333 OOF_AUC=0.650000
Device=cuda; epochs=80; batch=32; model=ResNetAutoencoder1D
epoch=1/80 loss=5.535365 seconds=0.03
epoch=2/80 loss=3.058807 seconds=0.05
epoch=3/80 loss=2.091734 seconds=0.03
epoch=4/80 loss=1.426320 seconds=0.05
epoch=5/80 loss=1.118437 seconds=0.03
epoch=6/80 loss=0.951030 seconds=0.05
epoch=7/80 loss=0.829600 seconds=0.05
epoch=8/80 loss=0.805542 seconds=0.05
epoch=9/80 loss=0.593429 seconds=0.03
epoch=10/80 loss=0.615835 seconds=0.05
epoch=11/80 loss=0.491999 seconds=0.05
epoch=12/80 loss=0.483254 seconds=0.03
epoch=13/80 loss=0.458232 seconds=0.05
epoch=14/80 loss=0.355852 seconds=0.05
epoch=15/80 loss=0.382548 seconds=0.03
epoch=16/80 loss=0.375470 seconds=0.05
epoch=17/80 loss=0.340466 seconds=0.03
epoch=18/80 loss=0.333537 seconds=0.05
epoch=19/80 loss=0.334857 seconds=0.03
epoch=20/80 loss=0.322243 seconds=0.05
epoch=21/80 loss=0.374052 seconds=0.05
epoch=22/80 loss=0.318916 seconds=0.05
epoch=23/80 loss=0.331915 seconds=0.05
epoch=24/80 loss=0.224594 seconds=0.03
epoch=25/80 loss=0.264474 seconds=0.05
epoch=26/80 loss=0.253058 seconds=0.05
epoch=27/80 loss=0.272017 seconds=0.03
epoch=28/80 loss=0.309992 seconds=0.05
epoch=29/80 loss=0.265364 seconds=0.05
epoch=30/80 loss=0.265472 seconds=0.05
epoch=31/80 loss=0.239453 seconds=0.03
epoch=32/80 loss=0.250322 seconds=0.05
epoch=33/80 loss=0.255934 seconds=0.03
epoch=34/80 loss=0.211170 seconds=0.05
epoch=35/80 loss=0.225730 seconds=0.05
epoch=36/80 loss=0.194412 seconds=0.03
epoch=37/80 loss=0.200736 seconds=0.05
epoch=38/80 loss=0.175214 seconds=0.05
epoch=39/80 loss=0.205622 seconds=0.03
epoch=40/80 loss=0.217441 seconds=0.06
epoch=41/80 loss=0.200379 seconds=0.03
epoch=42/80 loss=0.177122 seconds=0.05
epoch=43/80 loss=0.155905 seconds=0.03
epoch=44/80 loss=0.215546 seconds=0.05
epoch=45/80 loss=0.186609 seconds=0.03
epoch=46/80 loss=0.174258 seconds=0.03
epoch=47/80 loss=0.180112 seconds=0.05
epoch=48/80 loss=0.175414 seconds=0.05
epoch=49/80 loss=0.151797 seconds=0.03
epoch=50/80 loss=0.158458 seconds=0.05
epoch=51/80 loss=0.191428 seconds=0.05
epoch=52/80 loss=0.169067 seconds=0.03
epoch=53/80 loss=0.192704 seconds=0.05
epoch=54/80 loss=0.174143 seconds=0.03
epoch=55/80 loss=0.179934 seconds=0.05
epoch=56/80 loss=0.135167 seconds=0.03
epoch=57/80 loss=0.143983 seconds=0.05
epoch=58/80 loss=0.140935 seconds=0.05
epoch=59/80 loss=0.164962 seconds=0.03
epoch=60/80 loss=0.188033 seconds=0.05
epoch=61/80 loss=0.161946 seconds=0.05
epoch=62/80 loss=0.159213 seconds=0.03
epoch=63/80 loss=0.148847 seconds=0.05
epoch=64/80 loss=0.170524 seconds=0.03
epoch=65/80 loss=0.187351 seconds=0.05
epoch=66/80 loss=0.209212 seconds=0.03
epoch=67/80 loss=0.216075 seconds=0.05
epoch=68/80 loss=0.187007 seconds=0.03
epoch=69/80 loss=0.165226 seconds=0.05
epoch=70/80 loss=0.113823 seconds=0.05
epoch=71/80 loss=0.119075 seconds=0.03
epoch=72/80 loss=0.126304 seconds=0.05
epoch=73/80 loss=0.129234 seconds=0.03
epoch=74/80 loss=0.154244 seconds=0.05
epoch=75/80 loss=0.132058 seconds=0.03
epoch=76/80 loss=0.143513 seconds=0.05
epoch=77/80 loss=0.129898 seconds=0.03
epoch=78/80 loss=0.129127 seconds=0.03
epoch=79/80 loss=0.137773 seconds=0.05
epoch=80/80 loss=0.127584 seconds=0.03
fold=2/10 OOF_accuracy=0.733333 OOF_AUC=0.665000
Device=cuda; epochs=80; batch=32; model=ResNetAutoencoder1D
epoch=1/80 loss=5.667040 seconds=0.05
epoch=2/80 loss=3.204878 seconds=0.03
epoch=3/80 loss=1.920378 seconds=0.05
epoch=4/80 loss=1.293433 seconds=0.05
epoch=5/80 loss=1.119584 seconds=0.03
epoch=6/80 loss=0.960187 seconds=0.05
epoch=7/80 loss=0.793077 seconds=0.05
epoch=8/80 loss=0.761075 seconds=0.05
epoch=9/80 loss=0.698922 seconds=0.03
epoch=10/80 loss=0.534075 seconds=0.05
epoch=11/80 loss=0.412182 seconds=0.05
epoch=12/80 loss=0.415692 seconds=0.05
epoch=13/80 loss=0.524917 seconds=0.06
epoch=14/80 loss=0.419517 seconds=0.05
epoch=15/80 loss=0.341065 seconds=0.05
epoch=16/80 loss=0.305538 seconds=0.05
epoch=17/80 loss=0.318874 seconds=0.05
epoch=18/80 loss=0.319041 seconds=0.05
epoch=19/80 loss=0.324966 seconds=0.05
epoch=20/80 loss=0.307102 seconds=0.05
epoch=21/80 loss=0.238405 seconds=0.05
epoch=22/80 loss=0.241073 seconds=0.03
epoch=23/80 loss=0.329001 seconds=0.05
epoch=24/80 loss=0.246062 seconds=0.05
epoch=25/80 loss=0.260184 seconds=0.05
epoch=26/80 loss=0.252669 seconds=0.05
epoch=27/80 loss=0.235858 seconds=0.03
epoch=28/80 loss=0.203794 seconds=0.05
epoch=29/80 loss=0.228472 seconds=0.05
epoch=30/80 loss=0.253491 seconds=0.05
epoch=31/80 loss=0.255627 seconds=0.03
epoch=32/80 loss=0.281381 seconds=0.05
epoch=33/80 loss=0.222734 seconds=0.03
epoch=34/80 loss=0.230730 seconds=0.03
epoch=35/80 loss=0.225500 seconds=0.05
epoch=36/80 loss=0.220580 seconds=0.03
epoch=37/80 loss=0.224787 seconds=0.05
epoch=38/80 loss=0.210547 seconds=0.03
epoch=39/80 loss=0.216527 seconds=0.05
epoch=40/80 loss=0.231344 seconds=0.03
epoch=41/80 loss=0.209912 seconds=0.05
epoch=42/80 loss=0.207917 seconds=0.03
epoch=43/80 loss=0.149786 seconds=0.05
epoch=44/80 loss=0.156146 seconds=0.03
epoch=45/80 loss=0.188474 seconds=0.05
epoch=46/80 loss=0.158367 seconds=0.05
epoch=47/80 loss=0.161049 seconds=0.05
epoch=48/80 loss=0.160925 seconds=0.03
epoch=49/80 loss=0.180456 seconds=0.03
epoch=50/80 loss=0.165365 seconds=0.05
epoch=51/80 loss=0.162461 seconds=0.05
epoch=52/80 loss=0.163126 seconds=0.05
epoch=53/80 loss=0.163421 seconds=0.03
epoch=54/80 loss=0.158172 seconds=0.05
epoch=55/80 loss=0.177012 seconds=0.05
epoch=56/80 loss=0.134067 seconds=0.05
epoch=57/80 loss=0.165400 seconds=0.03
epoch=58/80 loss=0.154327 seconds=0.05
epoch=59/80 loss=0.155867 seconds=0.05
epoch=60/80 loss=0.142756 seconds=0.03
epoch=61/80 loss=0.143513 seconds=0.05
epoch=62/80 loss=0.177977 seconds=0.05
epoch=63/80 loss=0.154149 seconds=0.03
epoch=64/80 loss=0.176457 seconds=0.05
epoch=65/80 loss=0.163986 seconds=0.05
epoch=66/80 loss=0.167770 seconds=0.05
epoch=67/80 loss=0.166852 seconds=0.05
epoch=68/80 loss=0.158438 seconds=0.03
epoch=69/80 loss=0.151929 seconds=0.05
epoch=70/80 loss=0.160949 seconds=0.05
epoch=71/80 loss=0.170586 seconds=0.03
epoch=72/80 loss=0.156899 seconds=0.05
epoch=73/80 loss=0.150200 seconds=0.05
epoch=74/80 loss=0.183088 seconds=0.03
epoch=75/80 loss=0.144198 seconds=0.05
epoch=76/80 loss=0.178566 seconds=0.03
epoch=77/80 loss=0.173292 seconds=0.05
epoch=78/80 loss=0.149188 seconds=0.06
epoch=79/80 loss=0.138895 seconds=0.03
epoch=80/80 loss=0.167853 seconds=0.05
fold=3/10 OOF_accuracy=0.666667 OOF_AUC=0.732057
Device=cuda; epochs=80; batch=32; model=ResNetAutoencoder1D
epoch=1/80 loss=5.625179 seconds=0.05
epoch=2/80 loss=3.234613 seconds=0.05
epoch=3/80 loss=1.920576 seconds=0.05
epoch=4/80 loss=1.402995 seconds=0.05
epoch=5/80 loss=1.065362 seconds=0.03
epoch=6/80 loss=0.943795 seconds=0.05
epoch=7/80 loss=0.827543 seconds=0.05
epoch=8/80 loss=0.608865 seconds=0.05
epoch=9/80 loss=0.642738 seconds=0.05
epoch=10/80 loss=0.549300 seconds=0.03
epoch=11/80 loss=0.453433 seconds=0.05
epoch=12/80 loss=0.512388 seconds=0.05
epoch=13/80 loss=0.494064 seconds=0.03
epoch=14/80 loss=0.398404 seconds=0.05
epoch=15/80 loss=0.380864 seconds=0.05
epoch=16/80 loss=0.365977 seconds=0.03
epoch=17/80 loss=0.326416 seconds=0.05
epoch=18/80 loss=0.353322 seconds=0.05
epoch=19/80 loss=0.316166 seconds=0.05
epoch=20/80 loss=0.284925 seconds=0.05
epoch=21/80 loss=0.261635 seconds=0.03
epoch=22/80 loss=0.256721 seconds=0.05
epoch=23/80 loss=0.309308 seconds=0.05
epoch=24/80 loss=0.253842 seconds=0.05
epoch=25/80 loss=0.287504 seconds=0.05
epoch=26/80 loss=0.285024 seconds=0.05
epoch=27/80 loss=0.247112 seconds=0.03
epoch=28/80 loss=0.215221 seconds=0.05
epoch=29/80 loss=0.203061 seconds=0.05
epoch=30/80 loss=0.181448 seconds=0.05
epoch=31/80 loss=0.246247 seconds=0.05
epoch=32/80 loss=0.270014 seconds=0.05
epoch=33/80 loss=0.235499 seconds=0.03
epoch=34/80 loss=0.233016 seconds=0.05
epoch=35/80 loss=0.201613 seconds=0.05
epoch=36/80 loss=0.187697 seconds=0.05
epoch=37/80 loss=0.195719 seconds=0.05
epoch=38/80 loss=0.199755 seconds=0.05
epoch=39/80 loss=0.180332 seconds=0.03
epoch=40/80 loss=0.196801 seconds=0.05
epoch=41/80 loss=0.147692 seconds=0.03
epoch=42/80 loss=0.164118 seconds=0.05
epoch=43/80 loss=0.187209 seconds=0.03
epoch=44/80 loss=0.183354 seconds=0.05
epoch=45/80 loss=0.209874 seconds=0.03
epoch=46/80 loss=0.193847 seconds=0.05
epoch=47/80 loss=0.166444 seconds=0.05
epoch=48/80 loss=0.218673 seconds=0.03
epoch=49/80 loss=0.198697 seconds=0.05
epoch=50/80 loss=0.216418 seconds=0.05
epoch=51/80 loss=0.205966 seconds=0.03
epoch=52/80 loss=0.173890 seconds=0.05
epoch=53/80 loss=0.178907 seconds=0.05
epoch=54/80 loss=0.178715 seconds=0.03
epoch=55/80 loss=0.169708 seconds=0.05
epoch=56/80 loss=0.168816 seconds=0.05
epoch=57/80 loss=0.143255 seconds=0.03
epoch=58/80 loss=0.155845 seconds=0.05
epoch=59/80 loss=0.165563 seconds=0.03
epoch=60/80 loss=0.130513 seconds=0.05
epoch=61/80 loss=0.145031 seconds=0.03
epoch=62/80 loss=0.153353 seconds=0.05
epoch=63/80 loss=0.148872 seconds=0.03
epoch=64/80 loss=0.128721 seconds=0.05
epoch=65/80 loss=0.138707 seconds=0.05
epoch=66/80 loss=0.130215 seconds=0.05
epoch=67/80 loss=0.116410 seconds=0.05
epoch=68/80 loss=0.127228 seconds=0.05
epoch=69/80 loss=0.135256 seconds=0.05
epoch=70/80 loss=0.160504 seconds=0.05
epoch=71/80 loss=0.183042 seconds=0.03
epoch=72/80 loss=0.151513 seconds=0.05
epoch=73/80 loss=0.160831 seconds=0.03
epoch=74/80 loss=0.132400 seconds=0.05
epoch=75/80 loss=0.121668 seconds=0.05
epoch=76/80 loss=0.122537 seconds=0.03
epoch=77/80 loss=0.125711 seconds=0.05
epoch=78/80 loss=0.137651 seconds=0.03
epoch=79/80 loss=0.147940 seconds=0.05
epoch=80/80 loss=0.148372 seconds=0.05
fold=4/10 OOF_accuracy=0.766667 OOF_AUC=0.746411
Device=cuda; epochs=80; batch=32; model=ResNetAutoencoder1D
epoch=1/80 loss=5.848317 seconds=0.05
epoch=2/80 loss=3.686462 seconds=0.05
epoch=3/80 loss=1.978585 seconds=0.06
epoch=4/80 loss=1.235192 seconds=0.03
epoch=5/80 loss=0.970465 seconds=0.05
epoch=6/80 loss=0.791024 seconds=0.03
epoch=7/80 loss=0.722760 seconds=0.05
epoch=8/80 loss=0.658217 seconds=0.05
epoch=9/80 loss=0.574215 seconds=0.03
epoch=10/80 loss=0.485160 seconds=0.05
epoch=11/80 loss=0.438106 seconds=0.03
epoch=12/80 loss=0.429210 seconds=0.05
epoch=13/80 loss=0.459490 seconds=0.05
epoch=14/80 loss=0.297092 seconds=0.03
epoch=15/80 loss=0.320581 seconds=0.05
epoch=16/80 loss=0.379513 seconds=0.03
epoch=17/80 loss=0.314664 seconds=0.05
epoch=18/80 loss=0.327020 seconds=0.05
epoch=19/80 loss=0.270995 seconds=0.05
epoch=20/80 loss=0.309144 seconds=0.03
epoch=21/80 loss=0.294773 seconds=0.05
epoch=22/80 loss=0.277346 seconds=0.03
epoch=23/80 loss=0.328120 seconds=0.06
epoch=24/80 loss=0.262456 seconds=0.03
epoch=25/80 loss=0.270081 seconds=0.05
epoch=26/80 loss=0.264224 seconds=0.05
epoch=27/80 loss=0.268325 seconds=0.05
epoch=28/80 loss=0.288831 seconds=0.03
epoch=29/80 loss=0.223720 seconds=0.05
epoch=30/80 loss=0.238631 seconds=0.05
epoch=31/80 loss=0.266615 seconds=0.03
epoch=32/80 loss=0.241583 seconds=0.05
epoch=33/80 loss=0.202628 seconds=0.05
epoch=34/80 loss=0.231886 seconds=0.05
epoch=35/80 loss=0.205529 seconds=0.05
epoch=36/80 loss=0.154057 seconds=0.05
epoch=37/80 loss=0.166838 seconds=0.03
epoch=38/80 loss=0.181960 seconds=0.03
epoch=39/80 loss=0.195420 seconds=0.05
epoch=40/80 loss=0.203292 seconds=0.03
epoch=41/80 loss=0.176000 seconds=0.05
epoch=42/80 loss=0.156485 seconds=0.05
epoch=43/80 loss=0.182331 seconds=0.05
epoch=44/80 loss=0.184873 seconds=0.05
epoch=45/80 loss=0.202625 seconds=0.03
epoch=46/80 loss=0.197382 seconds=0.05
epoch=47/80 loss=0.200065 seconds=0.05
epoch=48/80 loss=0.190845 seconds=0.03
epoch=49/80 loss=0.171462 seconds=0.05
epoch=50/80 loss=0.166667 seconds=0.03
epoch=51/80 loss=0.194551 seconds=0.05
epoch=52/80 loss=0.175029 seconds=0.03
epoch=53/80 loss=0.158168 seconds=0.06
epoch=54/80 loss=0.149504 seconds=0.03
epoch=55/80 loss=0.124103 seconds=0.05
epoch=56/80 loss=0.128131 seconds=0.05
epoch=57/80 loss=0.143401 seconds=0.05
epoch=58/80 loss=0.212806 seconds=0.05
epoch=59/80 loss=0.208221 seconds=0.03
epoch=60/80 loss=0.172882 seconds=0.05
epoch=61/80 loss=0.160410 seconds=0.03
epoch=62/80 loss=0.142863 seconds=0.03
epoch=63/80 loss=0.142695 seconds=0.05
epoch=64/80 loss=0.126690 seconds=0.03
epoch=65/80 loss=0.140071 seconds=0.05
epoch=66/80 loss=0.142576 seconds=0.05
epoch=67/80 loss=0.142156 seconds=0.03
epoch=68/80 loss=0.176177 seconds=0.05
epoch=69/80 loss=0.190881 seconds=0.03
epoch=70/80 loss=0.132203 seconds=0.05
epoch=71/80 loss=0.138581 seconds=0.05
epoch=72/80 loss=0.144425 seconds=0.05
epoch=73/80 loss=0.135403 seconds=0.03
epoch=74/80 loss=0.146974 seconds=0.05
epoch=75/80 loss=0.131555 seconds=0.05
epoch=76/80 loss=0.156874 seconds=0.03
epoch=77/80 loss=0.115513 seconds=0.05
epoch=78/80 loss=0.131160 seconds=0.05
epoch=79/80 loss=0.118704 seconds=0.05
epoch=80/80 loss=0.134632 seconds=0.03
fold=5/10 OOF_accuracy=0.666667 OOF_AUC=0.755981
Device=cuda; epochs=80; batch=32; model=ResNetAutoencoder1D
epoch=1/80 loss=5.553768 seconds=0.05
epoch=2/80 loss=3.128798 seconds=0.05
epoch=3/80 loss=2.342290 seconds=0.03
epoch=4/80 loss=1.590508 seconds=0.05
epoch=5/80 loss=1.246883 seconds=0.05
epoch=6/80 loss=1.072956 seconds=0.05
epoch=7/80 loss=0.762171 seconds=0.05
epoch=8/80 loss=0.735061 seconds=0.03
epoch=9/80 loss=0.653737 seconds=0.05
epoch=10/80 loss=0.722579 seconds=0.05
epoch=11/80 loss=0.674277 seconds=0.03
epoch=12/80 loss=0.597384 seconds=0.05
epoch=13/80 loss=0.496106 seconds=0.06
epoch=14/80 loss=0.415944 seconds=0.03
epoch=15/80 loss=0.309734 seconds=0.05
epoch=16/80 loss=0.406587 seconds=0.03
epoch=17/80 loss=0.290533 seconds=0.05
epoch=18/80 loss=0.369145 seconds=0.05
epoch=19/80 loss=0.359832 seconds=0.03
epoch=20/80 loss=0.312148 seconds=0.05
epoch=21/80 loss=0.303341 seconds=0.03
epoch=22/80 loss=0.322431 seconds=0.05
epoch=23/80 loss=0.368387 seconds=0.05
epoch=24/80 loss=0.296111 seconds=0.03
epoch=25/80 loss=0.328704 seconds=0.05
epoch=26/80 loss=0.346080 seconds=0.05
epoch=27/80 loss=0.291551 seconds=0.05
epoch=28/80 loss=0.253297 seconds=0.05
epoch=29/80 loss=0.241337 seconds=0.05
epoch=30/80 loss=0.228308 seconds=0.05
epoch=31/80 loss=0.249300 seconds=0.05
epoch=32/80 loss=0.203517 seconds=0.05
epoch=33/80 loss=0.244529 seconds=0.05
epoch=34/80 loss=0.206837 seconds=0.05
epoch=35/80 loss=0.265717 seconds=0.03
epoch=36/80 loss=0.221173 seconds=0.05
epoch=37/80 loss=0.236772 seconds=0.03
epoch=38/80 loss=0.203197 seconds=0.05
epoch=39/80 loss=0.196792 seconds=0.03
epoch=40/80 loss=0.186620 seconds=0.05
epoch=41/80 loss=0.188237 seconds=0.03
epoch=42/80 loss=0.173043 seconds=0.05
epoch=43/80 loss=0.198735 seconds=0.03
epoch=44/80 loss=0.187588 seconds=0.05
epoch=45/80 loss=0.161798 seconds=0.03
epoch=46/80 loss=0.188531 seconds=0.05
epoch=47/80 loss=0.163318 seconds=0.05
epoch=48/80 loss=0.202229 seconds=0.03
epoch=49/80 loss=0.169764 seconds=0.05
epoch=50/80 loss=0.149285 seconds=0.05
epoch=51/80 loss=0.135086 seconds=0.03
epoch=52/80 loss=0.128877 seconds=0.05
epoch=53/80 loss=0.180385 seconds=0.03
epoch=54/80 loss=0.152752 seconds=0.03
epoch=55/80 loss=0.150618 seconds=0.05
epoch=56/80 loss=0.157106 seconds=0.03
epoch=57/80 loss=0.184002 seconds=0.05
epoch=58/80 loss=0.173027 seconds=0.03
epoch=59/80 loss=0.142752 seconds=0.05
epoch=60/80 loss=0.175503 seconds=0.05
epoch=61/80 loss=0.157102 seconds=0.03
epoch=62/80 loss=0.171844 seconds=0.05
epoch=63/80 loss=0.158385 seconds=0.03
epoch=64/80 loss=0.153699 seconds=0.05
epoch=65/80 loss=0.141690 seconds=0.03
epoch=66/80 loss=0.156369 seconds=0.05
epoch=67/80 loss=0.143462 seconds=0.05
epoch=68/80 loss=0.137467 seconds=0.03
epoch=69/80 loss=0.133742 seconds=0.05
epoch=70/80 loss=0.118205 seconds=0.05
epoch=71/80 loss=0.111939 seconds=0.05
epoch=72/80 loss=0.143131 seconds=0.03
epoch=73/80 loss=0.129666 seconds=0.05
epoch=74/80 loss=0.140721 seconds=0.05
epoch=75/80 loss=0.125100 seconds=0.03
epoch=76/80 loss=0.135973 seconds=0.05
epoch=77/80 loss=0.114394 seconds=0.03
epoch=78/80 loss=0.136473 seconds=0.03
epoch=79/80 loss=0.122342 seconds=0.05
epoch=80/80 loss=0.138554 seconds=0.05
fold=6/10 OOF_accuracy=0.833333 OOF_AUC=0.856459
Device=cuda; epochs=80; batch=32; model=ResNetAutoencoder1D
epoch=1/80 loss=5.742071 seconds=0.05
epoch=2/80 loss=3.790523 seconds=0.03
epoch=3/80 loss=2.164992 seconds=0.05
epoch=4/80 loss=1.323331 seconds=0.03
epoch=5/80 loss=1.097596 seconds=0.05
epoch=6/80 loss=0.898755 seconds=0.05
epoch=7/80 loss=0.811312 seconds=0.03
epoch=8/80 loss=0.619928 seconds=0.06
epoch=9/80 loss=0.623418 seconds=0.05
epoch=10/80 loss=0.483458 seconds=0.03
epoch=11/80 loss=0.388665 seconds=0.05
epoch=12/80 loss=0.421217 seconds=0.05
epoch=13/80 loss=0.435911 seconds=0.03
epoch=14/80 loss=0.348476 seconds=0.05
epoch=15/80 loss=0.348900 seconds=0.03
epoch=16/80 loss=0.363923 seconds=0.05
epoch=17/80 loss=0.355969 seconds=0.05
epoch=18/80 loss=0.408999 seconds=0.05
epoch=19/80 loss=0.358453 seconds=0.03
epoch=20/80 loss=0.287369 seconds=0.05
epoch=21/80 loss=0.303740 seconds=0.05
epoch=22/80 loss=0.294281 seconds=0.05
epoch=23/80 loss=0.358334 seconds=0.03
epoch=24/80 loss=0.267278 seconds=0.05
epoch=25/80 loss=0.255888 seconds=0.05
epoch=26/80 loss=0.264342 seconds=0.03
epoch=27/80 loss=0.225601 seconds=0.05
epoch=28/80 loss=0.234522 seconds=0.03
epoch=29/80 loss=0.235890 seconds=0.05
epoch=30/80 loss=0.270678 seconds=0.05
epoch=31/80 loss=0.255868 seconds=0.03
epoch=32/80 loss=0.287850 seconds=0.05
epoch=33/80 loss=0.248173 seconds=0.05
epoch=34/80 loss=0.230672 seconds=0.05
epoch=35/80 loss=0.214963 seconds=0.03
epoch=36/80 loss=0.214171 seconds=0.05
epoch=37/80 loss=0.224065 seconds=0.05
epoch=38/80 loss=0.177978 seconds=0.05
epoch=39/80 loss=0.212372 seconds=0.05
epoch=40/80 loss=0.186926 seconds=0.03
epoch=41/80 loss=0.191500 seconds=0.05
epoch=42/80 loss=0.154998 seconds=0.05
epoch=43/80 loss=0.139762 seconds=0.05
epoch=44/80 loss=0.165572 seconds=0.03
epoch=45/80 loss=0.174925 seconds=0.05
epoch=46/80 loss=0.136850 seconds=0.05
epoch=47/80 loss=0.145396 seconds=0.05
epoch=48/80 loss=0.185954 seconds=0.05
epoch=49/80 loss=0.173423 seconds=0.03
epoch=50/80 loss=0.174399 seconds=0.05
epoch=51/80 loss=0.156171 seconds=0.05
epoch=52/80 loss=0.177015 seconds=0.05
epoch=53/80 loss=0.152856 seconds=0.05
epoch=54/80 loss=0.167238 seconds=0.05
epoch=55/80 loss=0.188911 seconds=0.03
epoch=56/80 loss=0.183745 seconds=0.05
epoch=57/80 loss=0.153647 seconds=0.05
epoch=58/80 loss=0.148123 seconds=0.05
epoch=59/80 loss=0.138841 seconds=0.03
epoch=60/80 loss=0.146094 seconds=0.05
epoch=61/80 loss=0.126909 seconds=0.05
epoch=62/80 loss=0.152042 seconds=0.05
epoch=63/80 loss=0.158618 seconds=0.03
epoch=64/80 loss=0.151497 seconds=0.05
epoch=65/80 loss=0.141222 seconds=0.05
epoch=66/80 loss=0.160363 seconds=0.03
epoch=67/80 loss=0.163038 seconds=0.03
epoch=68/80 loss=0.155384 seconds=0.05
epoch=69/80 loss=0.150615 seconds=0.05
epoch=70/80 loss=0.147216 seconds=0.05
epoch=71/80 loss=0.133512 seconds=0.03
epoch=72/80 loss=0.145069 seconds=0.05
epoch=73/80 loss=0.122419 seconds=0.05
epoch=74/80 loss=0.167957 seconds=0.05
epoch=75/80 loss=0.140746 seconds=0.05
epoch=76/80 loss=0.136879 seconds=0.03
epoch=77/80 loss=0.141873 seconds=0.05
epoch=78/80 loss=0.175396 seconds=0.03
epoch=79/80 loss=0.142625 seconds=0.05
epoch=80/80 loss=0.148807 seconds=0.05
fold=7/10 OOF_accuracy=0.733333 OOF_AUC=0.827751
Device=cuda; epochs=80; batch=32; model=ResNetAutoencoder1D
epoch=1/80 loss=5.545842 seconds=0.05
epoch=2/80 loss=3.313146 seconds=0.05
epoch=3/80 loss=2.163401 seconds=0.03
epoch=4/80 loss=1.376975 seconds=0.05
epoch=5/80 loss=1.156356 seconds=0.05
epoch=6/80 loss=0.953835 seconds=0.05
epoch=7/80 loss=0.781348 seconds=0.05
epoch=8/80 loss=0.732161 seconds=0.03
epoch=9/80 loss=0.631339 seconds=0.03
epoch=10/80 loss=0.554643 seconds=0.06
epoch=11/80 loss=0.515868 seconds=0.03
epoch=12/80 loss=0.521588 seconds=0.05
epoch=13/80 loss=0.520885 seconds=0.05
epoch=14/80 loss=0.355416 seconds=0.05
epoch=15/80 loss=0.357463 seconds=0.05
epoch=16/80 loss=0.369007 seconds=0.05
epoch=17/80 loss=0.329597 seconds=0.03
epoch=18/80 loss=0.348887 seconds=0.05
epoch=19/80 loss=0.307733 seconds=0.06
epoch=20/80 loss=0.323843 seconds=0.05
epoch=21/80 loss=0.325169 seconds=0.05
epoch=22/80 loss=0.289025 seconds=0.03
epoch=23/80 loss=0.339368 seconds=0.05
epoch=24/80 loss=0.300867 seconds=0.05
epoch=25/80 loss=0.342471 seconds=0.05
epoch=26/80 loss=0.321300 seconds=0.03
epoch=27/80 loss=0.220946 seconds=0.06
epoch=28/80 loss=0.247808 seconds=0.03
epoch=29/80 loss=0.219381 seconds=0.05
epoch=30/80 loss=0.229237 seconds=0.05
epoch=31/80 loss=0.241284 seconds=0.03
epoch=32/80 loss=0.261942 seconds=0.05
epoch=33/80 loss=0.240453 seconds=0.05
epoch=34/80 loss=0.200695 seconds=0.05
epoch=35/80 loss=0.198331 seconds=0.05
epoch=36/80 loss=0.247145 seconds=0.03
epoch=37/80 loss=0.227482 seconds=0.03
epoch=38/80 loss=0.207079 seconds=0.05
epoch=39/80 loss=0.204094 seconds=0.05
epoch=40/80 loss=0.179870 seconds=0.03
epoch=41/80 loss=0.180434 seconds=0.05
epoch=42/80 loss=0.211906 seconds=0.05
epoch=43/80 loss=0.201253 seconds=0.05
epoch=44/80 loss=0.231288 seconds=0.05
epoch=45/80 loss=0.186923 seconds=0.03
epoch=46/80 loss=0.149915 seconds=0.05
epoch=47/80 loss=0.154515 seconds=0.05
epoch=48/80 loss=0.148444 seconds=0.05
epoch=49/80 loss=0.181736 seconds=0.03
epoch=50/80 loss=0.187945 seconds=0.05
epoch=51/80 loss=0.213943 seconds=0.05
epoch=52/80 loss=0.196859 seconds=0.05
epoch=53/80 loss=0.194262 seconds=0.03
epoch=54/80 loss=0.170033 seconds=0.05
epoch=55/80 loss=0.170322 seconds=0.03
epoch=56/80 loss=0.159245 seconds=0.05
epoch=57/80 loss=0.162002 seconds=0.05
epoch=58/80 loss=0.159167 seconds=0.05
epoch=59/80 loss=0.166195 seconds=0.03
epoch=60/80 loss=0.159434 seconds=0.05
epoch=61/80 loss=0.144646 seconds=0.05
epoch=62/80 loss=0.143446 seconds=0.05
epoch=63/80 loss=0.136460 seconds=0.05
epoch=64/80 loss=0.159048 seconds=0.05
epoch=65/80 loss=0.157881 seconds=0.03
epoch=66/80 loss=0.172663 seconds=0.05
epoch=67/80 loss=0.176730 seconds=0.03
epoch=68/80 loss=0.158260 seconds=0.05
epoch=69/80 loss=0.151238 seconds=0.05
epoch=70/80 loss=0.130695 seconds=0.05
epoch=71/80 loss=0.162460 seconds=0.03
epoch=72/80 loss=0.167635 seconds=0.05
epoch=73/80 loss=0.164120 seconds=0.05
epoch=74/80 loss=0.164755 seconds=0.03
epoch=75/80 loss=0.127920 seconds=0.05
epoch=76/80 loss=0.126280 seconds=0.05
epoch=77/80 loss=0.123584 seconds=0.05
epoch=78/80 loss=0.125868 seconds=0.05
epoch=79/80 loss=0.135893 seconds=0.03
epoch=80/80 loss=0.142522 seconds=0.06
fold=8/10 OOF_accuracy=0.766667 OOF_AUC=0.717703
Device=cuda; epochs=80; batch=32; model=ResNetAutoencoder1D
epoch=1/80 loss=5.491360 seconds=0.03
epoch=2/80 loss=3.131291 seconds=0.05
epoch=3/80 loss=2.106985 seconds=0.03
epoch=4/80 loss=1.270376 seconds=0.05
epoch=5/80 loss=1.052929 seconds=0.05
epoch=6/80 loss=0.945795 seconds=0.03
epoch=7/80 loss=0.723085 seconds=0.03
epoch=8/80 loss=0.632342 seconds=0.05
epoch=9/80 loss=0.600821 seconds=0.05
epoch=10/80 loss=0.541661 seconds=0.03
epoch=11/80 loss=0.478537 seconds=0.05
epoch=12/80 loss=0.455588 seconds=0.05
epoch=13/80 loss=0.473696 seconds=0.03
epoch=14/80 loss=0.361489 seconds=0.05
epoch=15/80 loss=0.287157 seconds=0.05
epoch=16/80 loss=0.415503 seconds=0.03
epoch=17/80 loss=0.318765 seconds=0.05
epoch=18/80 loss=0.394890 seconds=0.05
epoch=19/80 loss=0.412113 seconds=0.05
epoch=20/80 loss=0.337991 seconds=0.05
epoch=21/80 loss=0.288752 seconds=0.03
epoch=22/80 loss=0.281368 seconds=0.05
epoch=23/80 loss=0.331414 seconds=0.05
epoch=24/80 loss=0.250779 seconds=0.05
epoch=25/80 loss=0.300319 seconds=0.05
epoch=26/80 loss=0.267635 seconds=0.03
epoch=27/80 loss=0.228596 seconds=0.03
epoch=28/80 loss=0.214121 seconds=0.05
epoch=29/80 loss=0.244508 seconds=0.05
epoch=30/80 loss=0.213649 seconds=0.03
epoch=31/80 loss=0.210328 seconds=0.05
epoch=32/80 loss=0.239805 seconds=0.06
epoch=33/80 loss=0.172923 seconds=0.06
epoch=34/80 loss=0.208273 seconds=0.03
epoch=35/80 loss=0.239117 seconds=0.05
epoch=36/80 loss=0.176163 seconds=0.05
epoch=37/80 loss=0.204431 seconds=0.05
epoch=38/80 loss=0.224881 seconds=0.05
epoch=39/80 loss=0.208743 seconds=0.05
epoch=40/80 loss=0.186577 seconds=0.05
epoch=41/80 loss=0.204688 seconds=0.05
epoch=42/80 loss=0.162282 seconds=0.05
epoch=43/80 loss=0.169282 seconds=0.05
epoch=44/80 loss=0.161064 seconds=0.03
epoch=45/80 loss=0.205792 seconds=0.05
epoch=46/80 loss=0.198584 seconds=0.05
epoch=47/80 loss=0.167503 seconds=0.05
epoch=48/80 loss=0.168882 seconds=0.05
epoch=49/80 loss=0.205080 seconds=0.05
epoch=50/80 loss=0.208543 seconds=0.05
epoch=51/80 loss=0.171343 seconds=0.03
epoch=52/80 loss=0.181249 seconds=0.05
epoch=53/80 loss=0.185392 seconds=0.05
epoch=54/80 loss=0.150666 seconds=0.03
epoch=55/80 loss=0.159723 seconds=0.05
epoch=56/80 loss=0.168756 seconds=0.05
epoch=57/80 loss=0.155323 seconds=0.05
epoch=58/80 loss=0.132859 seconds=0.05
epoch=59/80 loss=0.152490 seconds=0.05
epoch=60/80 loss=0.151058 seconds=0.03
epoch=61/80 loss=0.172868 seconds=0.05
epoch=62/80 loss=0.173995 seconds=0.05
epoch=63/80 loss=0.154613 seconds=0.05
epoch=64/80 loss=0.138116 seconds=0.03
epoch=65/80 loss=0.148551 seconds=0.05
epoch=66/80 loss=0.151231 seconds=0.03
epoch=67/80 loss=0.141671 seconds=0.05
epoch=68/80 loss=0.146378 seconds=0.03
epoch=69/80 loss=0.123291 seconds=0.05
epoch=70/80 loss=0.089385 seconds=0.05
epoch=71/80 loss=0.128790 seconds=0.03
epoch=72/80 loss=0.127934 seconds=0.05
epoch=73/80 loss=0.125316 seconds=0.03
epoch=74/80 loss=0.138194 seconds=0.05
epoch=75/80 loss=0.148439 seconds=0.05
epoch=76/80 loss=0.167154 seconds=0.03
epoch=77/80 loss=0.175143 seconds=0.05
epoch=78/80 loss=0.151791 seconds=0.03
epoch=79/80 loss=0.158282 seconds=0.05
epoch=80/80 loss=0.129168 seconds=0.05
fold=9/10 OOF_accuracy=0.666667 OOF_AUC=0.760766
Device=cuda; epochs=80; batch=32; model=ResNetAutoencoder1D
epoch=1/80 loss=5.462767 seconds=0.05
epoch=2/80 loss=3.285692 seconds=0.03
epoch=3/80 loss=2.185842 seconds=0.05
epoch=4/80 loss=1.319402 seconds=0.05
epoch=5/80 loss=1.073741 seconds=0.05
epoch=6/80 loss=0.875628 seconds=0.03
epoch=7/80 loss=0.768658 seconds=0.06
epoch=8/80 loss=0.705246 seconds=0.05
epoch=9/80 loss=0.708941 seconds=0.05
epoch=10/80 loss=0.649067 seconds=0.05
epoch=11/80 loss=0.599439 seconds=0.05
epoch=12/80 loss=0.497787 seconds=0.05
epoch=13/80 loss=0.494161 seconds=0.03
epoch=14/80 loss=0.309318 seconds=0.03
epoch=15/80 loss=0.333815 seconds=0.05
epoch=16/80 loss=0.339438 seconds=0.03
epoch=17/80 loss=0.332860 seconds=0.05
epoch=18/80 loss=0.330455 seconds=0.05
epoch=19/80 loss=0.290302 seconds=0.03
epoch=20/80 loss=0.298068 seconds=0.05
epoch=21/80 loss=0.287336 seconds=0.05
epoch=22/80 loss=0.274791 seconds=0.03
epoch=23/80 loss=0.382799 seconds=0.05
epoch=24/80 loss=0.248360 seconds=0.05
epoch=25/80 loss=0.265027 seconds=0.05
epoch=26/80 loss=0.244386 seconds=0.05
epoch=27/80 loss=0.244952 seconds=0.05
epoch=28/80 loss=0.264380 seconds=0.05
epoch=29/80 loss=0.269006 seconds=0.05
epoch=30/80 loss=0.233860 seconds=0.03
epoch=31/80 loss=0.213648 seconds=0.05
epoch=32/80 loss=0.208146 seconds=0.03
epoch=33/80 loss=0.221591 seconds=0.05
epoch=34/80 loss=0.175794 seconds=0.05
epoch=35/80 loss=0.179726 seconds=0.03
epoch=36/80 loss=0.198267 seconds=0.05
epoch=37/80 loss=0.199842 seconds=0.05
epoch=38/80 loss=0.216719 seconds=0.05
epoch=39/80 loss=0.232298 seconds=0.05
epoch=40/80 loss=0.228914 seconds=0.05
epoch=41/80 loss=0.198671 seconds=0.05
epoch=42/80 loss=0.166269 seconds=0.05
epoch=43/80 loss=0.162262 seconds=0.05
epoch=44/80 loss=0.187268 seconds=0.05
epoch=45/80 loss=0.197270 seconds=0.05
epoch=46/80 loss=0.198854 seconds=0.03
epoch=47/80 loss=0.192752 seconds=0.05
epoch=48/80 loss=0.205548 seconds=0.05
epoch=49/80 loss=0.216891 seconds=0.05
epoch=50/80 loss=0.180872 seconds=0.05
epoch=51/80 loss=0.164157 seconds=0.05
epoch=52/80 loss=0.195450 seconds=0.03
epoch=53/80 loss=0.176890 seconds=0.05
epoch=54/80 loss=0.211329 seconds=0.05
epoch=55/80 loss=0.177493 seconds=0.05
epoch=56/80 loss=0.173982 seconds=0.03
epoch=57/80 loss=0.163363 seconds=0.03
epoch=58/80 loss=0.183095 seconds=0.06
epoch=59/80 loss=0.162008 seconds=0.05
epoch=60/80 loss=0.158130 seconds=0.05
epoch=61/80 loss=0.138338 seconds=0.05
epoch=62/80 loss=0.168690 seconds=0.03
epoch=63/80 loss=0.151468 seconds=0.05
epoch=64/80 loss=0.164047 seconds=0.03
epoch=65/80 loss=0.158994 seconds=0.05
epoch=66/80 loss=0.151547 seconds=0.03
epoch=67/80 loss=0.136580 seconds=0.05
epoch=68/80 loss=0.130522 seconds=0.05
epoch=69/80 loss=0.141623 seconds=0.05
epoch=70/80 loss=0.107693 seconds=0.05
epoch=71/80 loss=0.148815 seconds=0.05
epoch=72/80 loss=0.125244 seconds=0.05
epoch=73/80 loss=0.155815 seconds=0.05
epoch=74/80 loss=0.148348 seconds=0.03
epoch=75/80 loss=0.131834 seconds=0.05
epoch=76/80 loss=0.150846 seconds=0.05
epoch=77/80 loss=0.109464 seconds=0.03
epoch=78/80 loss=0.127169 seconds=0.05
epoch=79/80 loss=0.128905 seconds=0.05
epoch=80/80 loss=0.139660 seconds=0.03
fold=10/10 OOF_accuracy=0.633333 OOF_AUC=0.708134
Frozen Train OOF threshold=0.96677899360656738; objective=accuracy; OOF selection accuracy=0.756667
Device=cuda; epochs=80; batch=32; model=ResNetAutoencoder1D
epoch=1/80 loss=5.349233 seconds=0.06
epoch=2/80 loss=2.917139 seconds=0.05
epoch=3/80 loss=1.770520 seconds=0.05
epoch=4/80 loss=1.180086 seconds=0.05
epoch=5/80 loss=0.926973 seconds=0.05
epoch=6/80 loss=0.780240 seconds=0.06
epoch=7/80 loss=0.729707 seconds=0.05
epoch=8/80 loss=0.603422 seconds=0.05
epoch=9/80 loss=0.801638 seconds=0.06
epoch=10/80 loss=0.597127 seconds=0.05
epoch=11/80 loss=0.475944 seconds=0.05
epoch=12/80 loss=0.384600 seconds=0.06
epoch=13/80 loss=0.353425 seconds=0.05
epoch=14/80 loss=0.358613 seconds=0.06
epoch=15/80 loss=0.352598 seconds=0.05
epoch=16/80 loss=0.331920 seconds=0.06
epoch=17/80 loss=0.397003 seconds=0.05
epoch=18/80 loss=0.379721 seconds=0.05
epoch=19/80 loss=0.288278 seconds=0.05
epoch=20/80 loss=0.257091 seconds=0.06
epoch=21/80 loss=0.262313 seconds=0.05
epoch=22/80 loss=0.286450 seconds=0.05
epoch=23/80 loss=0.312876 seconds=0.06
epoch=24/80 loss=0.351568 seconds=0.05
epoch=25/80 loss=0.310323 seconds=0.05
epoch=26/80 loss=0.384652 seconds=0.06
epoch=27/80 loss=0.275220 seconds=0.05
epoch=28/80 loss=0.281991 seconds=0.03
epoch=29/80 loss=0.230232 seconds=0.06
epoch=30/80 loss=0.233716 seconds=0.05
epoch=31/80 loss=0.225738 seconds=0.05
epoch=32/80 loss=0.220574 seconds=0.05
epoch=33/80 loss=0.240299 seconds=0.06
epoch=34/80 loss=0.205426 seconds=0.05
epoch=35/80 loss=0.229551 seconds=0.06
epoch=36/80 loss=0.225736 seconds=0.05
epoch=37/80 loss=0.221792 seconds=0.06
epoch=38/80 loss=0.231336 seconds=0.08
epoch=39/80 loss=0.223818 seconds=0.06
epoch=40/80 loss=0.226556 seconds=0.08
epoch=41/80 loss=0.256107 seconds=0.06
epoch=42/80 loss=0.201727 seconds=0.06
epoch=43/80 loss=0.213805 seconds=0.06
epoch=44/80 loss=0.217225 seconds=0.06
epoch=45/80 loss=0.165410 seconds=0.06
epoch=46/80 loss=0.195893 seconds=0.05
epoch=47/80 loss=0.177859 seconds=0.06
epoch=48/80 loss=0.193953 seconds=0.06
epoch=49/80 loss=0.161608 seconds=0.06
epoch=50/80 loss=0.171354 seconds=0.05
epoch=51/80 loss=0.171209 seconds=0.06
epoch=52/80 loss=0.183611 seconds=0.06
epoch=53/80 loss=0.233874 seconds=0.05
epoch=54/80 loss=0.273899 seconds=0.06
epoch=55/80 loss=0.202243 seconds=0.06
epoch=56/80 loss=0.169204 seconds=0.06
epoch=57/80 loss=0.146949 seconds=0.06
epoch=58/80 loss=0.181081 seconds=0.05
epoch=59/80 loss=0.183513 seconds=0.06
epoch=60/80 loss=0.214324 seconds=0.06
epoch=61/80 loss=0.182902 seconds=0.03
epoch=62/80 loss=0.188954 seconds=0.06
epoch=63/80 loss=0.189472 seconds=0.05
epoch=64/80 loss=0.201743 seconds=0.03
epoch=65/80 loss=0.192731 seconds=0.05
epoch=66/80 loss=0.153288 seconds=0.05
epoch=67/80 loss=0.166992 seconds=0.05
epoch=68/80 loss=0.203564 seconds=0.06
epoch=69/80 loss=0.196879 seconds=0.05
epoch=70/80 loss=0.162065 seconds=0.05
epoch=71/80 loss=0.168195 seconds=0.05
epoch=72/80 loss=0.191858 seconds=0.03
epoch=73/80 loss=0.174199 seconds=0.05
epoch=74/80 loss=0.162830 seconds=0.05
epoch=75/80 loss=0.186492 seconds=0.05
epoch=76/80 loss=0.131027 seconds=0.05
epoch=77/80 loss=0.149586 seconds=0.05
epoch=78/80 loss=0.138555 seconds=0.03
epoch=79/80 loss=0.122704 seconds=0.05
epoch=80/80 loss=0.122742 seconds=0.05
{"cv_oof": {"accuracy": 0.72, "balanced_accuracy": 0.6921296296296295, "sensitivity": 0.5925925925925926, "specificity": 0.7916666666666666, "f1_macro": 0.6936393697724178, "roc_auc": 0.7423321759259259, "confusion_matrix": [[152, 40], [44, 64]], "classification_report": {"0": {"precision": 0.7755102040816326, "recall": 0.7916666666666666, "f1-score": 0.7835051546391752, "support": 192.0}, "1": {"precision": 0.6153846153846154, "recall": 0.5925925925925926, "f1-score": 0.6037735849056604, "support": 108.0}, "accuracy": 0.72, "macro avg": {"precision": 0.695447409733124, "recall": 0.6921296296296295, "f1-score": 0.6936393697724178, "support": 300.0}, "weighted avg": {"precision": 0.7178649921507065, "recall": 0.72, "f1-score": 0.7188017895351099, "support": 300.0}}}, "test": {"accuracy": 0.7945205479452054, "balanced_accuracy": 0.7545008183306056, "sensitivity": 0.6153846153846154, "specificity": 0.8936170212765957, "f1_macro": 0.7646679561573179, "roc_auc": 0.837152209492635, "confusion_matrix": [[42, 5], [10, 16]], "classification_report": {"0": {"precision": 0.8076923076923077, "recall": 0.8936170212765957, "f1-score": 0.8484848484848485, "support": 47.0}, "1": {"precision": 0.7619047619047619, "recall": 0.6153846153846154, "f1-score": 0.6808510638297872, "support": 26.0}, "accuracy": 0.7945205479452054, "macro avg": {"precision": 0.7847985347985348, "recall": 0.7545008183306056, "f1-score": 0.7646679561573179, "support": 73.0}, "weighted avg": {"precision": 0.7913844146720859, "recall": 0.7945205479452054, "f1-score": 0.7887796649090733, "support": 73.0}}}, "folds": 10, "original_train_rows": 300, "train_rows": 300, "test_rows": 73, "elapsed_seconds": 43.51600000006147, "test_default": {"accuracy": 0.7397260273972602, "balanced_accuracy": 0.7377250409165302, "sensitivity": 0.7307692307692307, "specificity": 0.7446808510638298, "f1_macro": 0.7265917602996255, "roc_auc": 0.837152209492635, "confusion_matrix": [[35, 12], [7, 19]], "classification_report": {"0": {"precision": 0.8333333333333334, "recall": 0.7446808510638298, "f1-score": 0.7865168539325843, "support": 47.0}, "1": {"precision": 0.6129032258064516, "recall": 0.7307692307692307, "f1-score": 0.6666666666666666, "support": 26.0}, "accuracy": 0.7397260273972602, "macro avg": {"precision": 0.7231182795698925, "recall": 0.7377250409165302, "f1-score": 0.7265917602996255, "support": 73.0}, "weighted avg": {"precision": 0.7548239799675948, "recall": 0.7397260273972602, "f1-score": 0.7438304858652711, "support": 73.0}}}, "decision_threshold": 0.9667789936065674, "oof_threshold_selection": {"accuracy": 0.7566666666666667, "balanced_accuracy": 0.6984953703703703, "sensitivity": 0.49074074074074076, "specificity": 0.90625, "f1_macro": 0.7093910481826988, "roc_auc": 0.7423321759259259, "confusion_matrix": [[174, 18], [55, 53]], "classification_report": {"0": {"precision": 0.759825327510917, "recall": 0.90625, "f1-score": 0.8266033254156769, "support": 192.0}, "1": {"precision": 0.7464788732394366, "recall": 0.49074074074074076, "f1-score": 0.5921787709497207, "support": 108.0}, "accuracy": 0.7566666666666667, "macro avg": {"precision": 0.7531521003751769, "recall": 0.6984953703703703, "f1-score": 0.7093910481826988, "support": 300.0}, "weighted avg": {"precision": 0.7550206039731839, "recall": 0.7566666666666667, "f1-score": 0.7422104858079327, "support": 300.0}}}, "test_accuracy_change": 0.0547945205479452}
