Command: ["C:\\Users\\IHCK\\AppData\\Local\\Programs\\Python\\Python312\\python.exe", "-u", "C:\\Users\\IHCK\\Desktop\\1_10_69Final\\Hippocampal-Shape-Analysis-for-Epilepsy-Detection\\Model\\train_dataset_model.py", "--dataset", "coef_raw", "--side", "right", "--model", "SqueezeNet", "--kind", "coef", "--train-csv", "C:\\Users\\IHCK\\Desktop\\1_10_69Final\\Hippocampal-Shape-Analysis-for-Epilepsy-Detection\\Output_Dataset\\coef_raw\\right\\train_prepared.csv", "--test-csv", "C:\\Users\\IHCK\\Desktop\\1_10_69Final\\Hippocampal-Shape-Analysis-for-Epilepsy-Detection\\Output_Dataset\\coef_raw\\right\\test_prepared.csv", "--output-dir", "C:\\Users\\IHCK\\Desktop\\1_10_69Final\\Hippocampal-Shape-Analysis-for-Epilepsy-Detection\\Model_Results\\dataset_runs_20261003_oof_threshold\\coef_raw\\right\\SqueezeNet", "--epochs", "80", "--folds", "10", "--pls-components", "8", "--seed", "42", "--threads", "2", "--tune-threshold"]
10-fold CV: dataset=coef_raw side=right model=SqueezeNet; original_train=300 test=77
Device=cuda; epochs=80; batch=32; model=SqueezeNet1D
epoch=1/80 loss=1.012044 seconds=0.38
epoch=2/80 loss=1.011301 seconds=0.03
epoch=3/80 loss=1.010049 seconds=0.03
epoch=4/80 loss=1.005417 seconds=0.02
epoch=5/80 loss=0.997183 seconds=0.03
epoch=6/80 loss=0.973409 seconds=0.03
epoch=7/80 loss=0.911728 seconds=0.03
epoch=8/80 loss=0.789967 seconds=0.03
epoch=9/80 loss=0.624973 seconds=0.03
epoch=10/80 loss=0.529239 seconds=0.03
epoch=11/80 loss=0.395573 seconds=0.03
epoch=12/80 loss=0.377065 seconds=0.03
epoch=13/80 loss=0.385178 seconds=0.03
epoch=14/80 loss=0.360506 seconds=0.03
epoch=15/80 loss=0.303623 seconds=0.03
epoch=16/80 loss=0.317587 seconds=0.02
epoch=17/80 loss=0.284141 seconds=0.03
epoch=18/80 loss=0.243860 seconds=0.05
epoch=19/80 loss=0.248787 seconds=0.03
epoch=20/80 loss=0.248482 seconds=0.03
epoch=21/80 loss=0.199629 seconds=0.02
epoch=22/80 loss=0.179081 seconds=0.03
epoch=23/80 loss=0.169257 seconds=0.03
epoch=24/80 loss=0.146427 seconds=0.02
epoch=25/80 loss=0.150929 seconds=0.03
epoch=26/80 loss=0.185639 seconds=0.03
epoch=27/80 loss=0.118182 seconds=0.03
epoch=28/80 loss=0.173195 seconds=0.02
epoch=29/80 loss=0.115351 seconds=0.03
epoch=30/80 loss=0.157732 seconds=0.03
epoch=31/80 loss=0.096853 seconds=0.02
epoch=32/80 loss=0.108079 seconds=0.03
epoch=33/80 loss=0.090694 seconds=0.03
epoch=34/80 loss=0.099314 seconds=0.03
epoch=35/80 loss=0.093558 seconds=0.03
epoch=36/80 loss=0.074639 seconds=0.03
epoch=37/80 loss=0.092654 seconds=0.03
epoch=38/80 loss=0.155690 seconds=0.02
epoch=39/80 loss=0.087452 seconds=0.03
epoch=40/80 loss=0.063998 seconds=0.03
epoch=41/80 loss=0.051917 seconds=0.03
epoch=42/80 loss=0.055227 seconds=0.02
epoch=43/80 loss=0.048678 seconds=0.03
epoch=44/80 loss=0.040211 seconds=0.05
epoch=45/80 loss=0.044108 seconds=0.02
epoch=46/80 loss=0.076378 seconds=0.03
epoch=47/80 loss=0.036124 seconds=0.03
epoch=48/80 loss=0.040024 seconds=0.03
epoch=49/80 loss=0.038020 seconds=0.02
epoch=50/80 loss=0.045780 seconds=0.03
epoch=51/80 loss=0.034516 seconds=0.03
epoch=52/80 loss=0.035925 seconds=0.03
epoch=53/80 loss=0.035487 seconds=0.03
epoch=54/80 loss=0.028921 seconds=0.02
epoch=55/80 loss=0.040472 seconds=0.03
epoch=56/80 loss=0.019446 seconds=0.03
epoch=57/80 loss=0.013441 seconds=0.03
epoch=58/80 loss=0.014024 seconds=0.03
epoch=59/80 loss=0.015815 seconds=0.02
epoch=60/80 loss=0.036462 seconds=0.03
epoch=61/80 loss=0.043521 seconds=0.03
epoch=62/80 loss=0.011585 seconds=0.03
epoch=63/80 loss=0.012815 seconds=0.02
epoch=64/80 loss=0.015572 seconds=0.03
epoch=65/80 loss=0.022687 seconds=0.03
epoch=66/80 loss=0.057558 seconds=0.02
epoch=67/80 loss=0.037015 seconds=0.03
epoch=68/80 loss=0.084351 seconds=0.03
epoch=69/80 loss=0.066101 seconds=0.03
epoch=70/80 loss=0.098693 seconds=0.02
epoch=71/80 loss=0.045340 seconds=0.03
epoch=72/80 loss=0.035090 seconds=0.03
epoch=73/80 loss=0.016449 seconds=0.03
epoch=74/80 loss=0.014251 seconds=0.02
epoch=75/80 loss=0.006724 seconds=0.03
epoch=76/80 loss=0.006137 seconds=0.03
epoch=77/80 loss=0.005142 seconds=0.03
epoch=78/80 loss=0.003600 seconds=0.02
epoch=79/80 loss=0.004981 seconds=0.03
epoch=80/80 loss=0.006077 seconds=0.03
fold=1/10 OOF_accuracy=0.733333 OOF_AUC=0.863636
Device=cuda; epochs=80; batch=32; model=SqueezeNet1D
epoch=1/80 loss=1.011660 seconds=0.02
epoch=2/80 loss=1.009725 seconds=0.03
epoch=3/80 loss=1.004155 seconds=0.03
epoch=4/80 loss=0.986548 seconds=0.02
epoch=5/80 loss=0.949886 seconds=0.03
epoch=6/80 loss=0.864908 seconds=0.03
epoch=7/80 loss=0.713290 seconds=0.02
epoch=8/80 loss=0.592967 seconds=0.03
epoch=9/80 loss=0.562514 seconds=0.03
epoch=10/80 loss=0.489125 seconds=0.03
epoch=11/80 loss=0.444391 seconds=0.02
epoch=12/80 loss=0.448256 seconds=0.03
epoch=13/80 loss=0.420489 seconds=0.03
epoch=14/80 loss=0.400896 seconds=0.03
epoch=15/80 loss=0.375581 seconds=0.03
epoch=16/80 loss=0.424796 seconds=0.02
epoch=17/80 loss=0.423304 seconds=0.03
epoch=18/80 loss=0.359866 seconds=0.03
epoch=19/80 loss=0.353075 seconds=0.02
epoch=20/80 loss=0.352845 seconds=0.03
epoch=21/80 loss=0.363255 seconds=0.03
epoch=22/80 loss=0.364405 seconds=0.03
epoch=23/80 loss=0.322498 seconds=0.02
epoch=24/80 loss=0.295900 seconds=0.03
epoch=25/80 loss=0.280049 seconds=0.03
epoch=26/80 loss=0.316871 seconds=0.03
epoch=27/80 loss=0.259405 seconds=0.03
epoch=28/80 loss=0.271219 seconds=0.02
epoch=29/80 loss=0.259763 seconds=0.03
epoch=30/80 loss=0.226287 seconds=0.03
epoch=31/80 loss=0.254211 seconds=0.03
epoch=32/80 loss=0.201051 seconds=0.03
epoch=33/80 loss=0.215559 seconds=0.03
epoch=34/80 loss=0.212204 seconds=0.02
epoch=35/80 loss=0.185471 seconds=0.03
epoch=36/80 loss=0.197766 seconds=0.03
epoch=37/80 loss=0.171060 seconds=0.02
epoch=38/80 loss=0.173875 seconds=0.03
epoch=39/80 loss=0.207832 seconds=0.03
epoch=40/80 loss=0.170048 seconds=0.02
epoch=41/80 loss=0.156644 seconds=0.03
epoch=42/80 loss=0.176822 seconds=0.03
epoch=43/80 loss=0.223171 seconds=0.02
epoch=44/80 loss=0.155995 seconds=0.03
epoch=45/80 loss=0.239398 seconds=0.03
epoch=46/80 loss=0.159397 seconds=0.02
epoch=47/80 loss=0.148468 seconds=0.03
epoch=48/80 loss=0.125394 seconds=0.03
epoch=49/80 loss=0.132836 seconds=0.02
epoch=50/80 loss=0.097091 seconds=0.03
epoch=51/80 loss=0.153019 seconds=0.03
epoch=52/80 loss=0.170917 seconds=0.03
epoch=53/80 loss=0.173824 seconds=0.02
epoch=54/80 loss=0.186517 seconds=0.03
epoch=55/80 loss=0.140030 seconds=0.03
epoch=56/80 loss=0.105551 seconds=0.02
epoch=57/80 loss=0.108527 seconds=0.03
epoch=58/80 loss=0.096534 seconds=0.03
epoch=59/80 loss=0.091019 seconds=0.03
epoch=60/80 loss=0.079246 seconds=0.02
epoch=61/80 loss=0.092050 seconds=0.03
epoch=62/80 loss=0.075530 seconds=0.03
epoch=63/80 loss=0.088450 seconds=0.03
epoch=64/80 loss=0.084180 seconds=0.02
epoch=65/80 loss=0.110552 seconds=0.03
epoch=66/80 loss=0.073982 seconds=0.02
epoch=67/80 loss=0.072285 seconds=0.03
epoch=68/80 loss=0.128022 seconds=0.03
epoch=69/80 loss=0.117338 seconds=0.03
epoch=70/80 loss=0.087154 seconds=0.03
epoch=71/80 loss=0.072178 seconds=0.03
epoch=72/80 loss=0.082208 seconds=0.02
epoch=73/80 loss=0.065042 seconds=0.03
epoch=74/80 loss=0.060942 seconds=0.03
epoch=75/80 loss=0.048546 seconds=0.02
epoch=76/80 loss=0.067556 seconds=0.02
epoch=77/80 loss=0.053423 seconds=0.03
epoch=78/80 loss=0.040904 seconds=0.03
epoch=79/80 loss=0.043632 seconds=0.03
epoch=80/80 loss=0.064934 seconds=0.02
fold=2/10 OOF_accuracy=0.866667 OOF_AUC=0.937500
Device=cuda; epochs=80; batch=32; model=SqueezeNet1D
epoch=1/80 loss=1.011638 seconds=0.03
epoch=2/80 loss=1.009418 seconds=0.03
epoch=3/80 loss=1.004026 seconds=0.02
epoch=4/80 loss=0.986814 seconds=0.05
epoch=5/80 loss=0.948506 seconds=0.02
epoch=6/80 loss=0.857425 seconds=0.03
epoch=7/80 loss=0.726123 seconds=0.03
epoch=8/80 loss=0.592886 seconds=0.03
epoch=9/80 loss=0.548540 seconds=0.02
epoch=10/80 loss=0.500292 seconds=0.03
epoch=11/80 loss=0.452789 seconds=0.03
epoch=12/80 loss=0.440921 seconds=0.02
epoch=13/80 loss=0.437312 seconds=0.03
epoch=14/80 loss=0.437747 seconds=0.03
epoch=15/80 loss=0.404257 seconds=0.02
epoch=16/80 loss=0.458109 seconds=0.03
epoch=17/80 loss=0.422778 seconds=0.03
epoch=18/80 loss=0.383092 seconds=0.03
epoch=19/80 loss=0.380648 seconds=0.03
epoch=20/80 loss=0.374168 seconds=0.02
epoch=21/80 loss=0.349705 seconds=0.03
epoch=22/80 loss=0.373656 seconds=0.03
epoch=23/80 loss=0.386420 seconds=0.02
epoch=24/80 loss=0.377499 seconds=0.03
epoch=25/80 loss=0.344043 seconds=0.03
epoch=26/80 loss=0.336875 seconds=0.03
epoch=27/80 loss=0.331787 seconds=0.02
epoch=28/80 loss=0.326636 seconds=0.05
epoch=29/80 loss=0.303507 seconds=0.03
epoch=30/80 loss=0.312731 seconds=0.03
epoch=31/80 loss=0.320944 seconds=0.03
epoch=32/80 loss=0.310415 seconds=0.02
epoch=33/80 loss=0.344390 seconds=0.03
epoch=34/80 loss=0.297112 seconds=0.03
epoch=35/80 loss=0.292022 seconds=0.02
epoch=36/80 loss=0.278529 seconds=0.03
epoch=37/80 loss=0.268637 seconds=0.03
epoch=38/80 loss=0.259707 seconds=0.02
epoch=39/80 loss=0.244553 seconds=0.03
epoch=40/80 loss=0.267900 seconds=0.03
epoch=41/80 loss=0.249228 seconds=0.03
epoch=42/80 loss=0.289960 seconds=0.02
epoch=43/80 loss=0.327462 seconds=0.03
epoch=44/80 loss=0.259896 seconds=0.03
epoch=45/80 loss=0.250971 seconds=0.03
epoch=46/80 loss=0.230145 seconds=0.02
epoch=47/80 loss=0.223807 seconds=0.03
epoch=48/80 loss=0.222275 seconds=0.02
epoch=49/80 loss=0.228559 seconds=0.03
epoch=50/80 loss=0.211135 seconds=0.03
epoch=51/80 loss=0.194364 seconds=0.03
epoch=52/80 loss=0.186444 seconds=0.02
epoch=53/80 loss=0.170681 seconds=0.03
epoch=54/80 loss=0.167571 seconds=0.03
epoch=55/80 loss=0.158929 seconds=0.03
epoch=56/80 loss=0.182399 seconds=0.02
epoch=57/80 loss=0.178519 seconds=0.03
epoch=58/80 loss=0.153508 seconds=0.03
epoch=59/80 loss=0.139025 seconds=0.03
epoch=60/80 loss=0.118438 seconds=0.02
epoch=61/80 loss=0.114509 seconds=0.03
epoch=62/80 loss=0.123539 seconds=0.03
epoch=63/80 loss=0.098942 seconds=0.03
epoch=64/80 loss=0.108372 seconds=0.02
epoch=65/80 loss=0.154658 seconds=0.03
epoch=66/80 loss=0.106323 seconds=0.03
epoch=67/80 loss=0.094796 seconds=0.02
epoch=68/80 loss=0.112597 seconds=0.03
epoch=69/80 loss=0.088518 seconds=0.03
epoch=70/80 loss=0.135206 seconds=0.03
epoch=71/80 loss=0.115742 seconds=0.02
epoch=72/80 loss=0.109332 seconds=0.03
epoch=73/80 loss=0.095930 seconds=0.03
epoch=74/80 loss=0.065553 seconds=0.02
epoch=75/80 loss=0.047069 seconds=0.03
epoch=76/80 loss=0.064048 seconds=0.03
epoch=77/80 loss=0.065600 seconds=0.03
epoch=78/80 loss=0.080156 seconds=0.03
epoch=79/80 loss=0.085883 seconds=0.02
epoch=80/80 loss=0.100983 seconds=0.03
fold=3/10 OOF_accuracy=0.833333 OOF_AUC=0.761364
Device=cuda; epochs=80; batch=32; model=SqueezeNet1D
epoch=1/80 loss=1.011624 seconds=0.03
epoch=2/80 loss=1.009479 seconds=0.03
epoch=3/80 loss=1.004570 seconds=0.03
epoch=4/80 loss=0.987777 seconds=0.03
epoch=5/80 loss=0.946547 seconds=0.02
epoch=6/80 loss=0.851561 seconds=0.03
epoch=7/80 loss=0.692050 seconds=0.03
epoch=8/80 loss=0.605812 seconds=0.03
epoch=9/80 loss=0.625144 seconds=0.03
epoch=10/80 loss=0.541738 seconds=0.03
epoch=11/80 loss=0.509691 seconds=0.05
epoch=12/80 loss=0.492146 seconds=0.02
epoch=13/80 loss=0.470490 seconds=0.03
epoch=14/80 loss=0.441109 seconds=0.03
epoch=15/80 loss=0.407750 seconds=0.02
epoch=16/80 loss=0.403632 seconds=0.03
epoch=17/80 loss=0.376697 seconds=0.03
epoch=18/80 loss=0.358215 seconds=0.03
epoch=19/80 loss=0.329871 seconds=0.03
epoch=20/80 loss=0.337065 seconds=0.02
epoch=21/80 loss=0.342432 seconds=0.03
epoch=22/80 loss=0.297209 seconds=0.03
epoch=23/80 loss=0.292652 seconds=0.02
epoch=24/80 loss=0.249248 seconds=0.03
epoch=25/80 loss=0.269205 seconds=0.03
epoch=26/80 loss=0.237433 seconds=0.03
epoch=27/80 loss=0.211643 seconds=0.03
epoch=28/80 loss=0.299628 seconds=0.03
epoch=29/80 loss=0.240860 seconds=0.02
epoch=30/80 loss=0.265103 seconds=0.03
epoch=31/80 loss=0.212030 seconds=0.03
epoch=32/80 loss=0.196730 seconds=0.03
epoch=33/80 loss=0.175202 seconds=0.03
epoch=34/80 loss=0.197199 seconds=0.02
epoch=35/80 loss=0.193736 seconds=0.03
epoch=36/80 loss=0.167895 seconds=0.03
epoch=37/80 loss=0.166659 seconds=0.03
epoch=38/80 loss=0.185247 seconds=0.03
epoch=39/80 loss=0.145733 seconds=0.02
epoch=40/80 loss=0.164921 seconds=0.03
epoch=41/80 loss=0.147863 seconds=0.03
epoch=42/80 loss=0.146443 seconds=0.02
epoch=43/80 loss=0.152222 seconds=0.05
epoch=44/80 loss=0.176808 seconds=0.02
epoch=45/80 loss=0.158023 seconds=0.03
epoch=46/80 loss=0.104205 seconds=0.03
epoch=47/80 loss=0.140260 seconds=0.03
epoch=48/80 loss=0.134273 seconds=0.02
epoch=49/80 loss=0.158932 seconds=0.03
epoch=50/80 loss=0.096835 seconds=0.03
epoch=51/80 loss=0.155065 seconds=0.03
epoch=52/80 loss=0.192611 seconds=0.03
epoch=53/80 loss=0.124296 seconds=0.02
epoch=54/80 loss=0.116488 seconds=0.03
epoch=55/80 loss=0.106680 seconds=0.03
epoch=56/80 loss=0.087515 seconds=0.03
epoch=57/80 loss=0.082872 seconds=0.02
epoch=58/80 loss=0.080545 seconds=0.03
epoch=59/80 loss=0.087808 seconds=0.03
epoch=60/80 loss=0.111185 seconds=0.03
epoch=61/80 loss=0.128640 seconds=0.02
epoch=62/80 loss=0.174699 seconds=0.03
epoch=63/80 loss=0.091109 seconds=0.03
epoch=64/80 loss=0.069019 seconds=0.03
epoch=65/80 loss=0.095934 seconds=0.03
epoch=66/80 loss=0.098302 seconds=0.03
epoch=67/80 loss=0.048093 seconds=0.02
epoch=68/80 loss=0.088783 seconds=0.03
epoch=69/80 loss=0.075495 seconds=0.03
epoch=70/80 loss=0.108191 seconds=0.03
epoch=71/80 loss=0.061358 seconds=0.03
epoch=72/80 loss=0.064999 seconds=0.03
epoch=73/80 loss=0.053671 seconds=0.03
epoch=74/80 loss=0.045531 seconds=0.02
epoch=75/80 loss=0.054192 seconds=0.03
epoch=76/80 loss=0.054338 seconds=0.03
epoch=77/80 loss=0.066912 seconds=0.03
epoch=78/80 loss=0.146854 seconds=0.03
epoch=79/80 loss=0.130185 seconds=0.02
epoch=80/80 loss=0.078443 seconds=0.03
fold=4/10 OOF_accuracy=0.866667 OOF_AUC=0.937500
Device=cuda; epochs=80; batch=32; model=SqueezeNet1D
epoch=1/80 loss=1.011197 seconds=0.05
epoch=2/80 loss=1.006878 seconds=0.02
epoch=3/80 loss=0.992487 seconds=0.03
epoch=4/80 loss=0.946384 seconds=0.03
epoch=5/80 loss=0.836931 seconds=0.03
epoch=6/80 loss=0.649668 seconds=0.02
epoch=7/80 loss=0.478569 seconds=0.03
epoch=8/80 loss=0.416622 seconds=0.03
epoch=9/80 loss=0.447694 seconds=0.03
epoch=10/80 loss=0.404021 seconds=0.03
epoch=11/80 loss=0.381502 seconds=0.03
epoch=12/80 loss=0.381651 seconds=0.03
epoch=13/80 loss=0.364533 seconds=0.03
epoch=14/80 loss=0.352356 seconds=0.03
epoch=15/80 loss=0.337994 seconds=0.03
epoch=16/80 loss=0.345517 seconds=0.03
epoch=17/80 loss=0.315225 seconds=0.03
epoch=18/80 loss=0.304302 seconds=0.03
epoch=19/80 loss=0.294439 seconds=0.02
epoch=20/80 loss=0.296275 seconds=0.03
epoch=21/80 loss=0.356310 seconds=0.03
epoch=22/80 loss=0.294982 seconds=0.03
epoch=23/80 loss=0.281676 seconds=0.03
epoch=24/80 loss=0.278973 seconds=0.03
epoch=25/80 loss=0.236687 seconds=0.03
epoch=26/80 loss=0.243138 seconds=0.03
epoch=27/80 loss=0.265080 seconds=0.02
epoch=28/80 loss=0.209504 seconds=0.03
epoch=29/80 loss=0.206541 seconds=0.03
epoch=30/80 loss=0.250073 seconds=0.03
epoch=31/80 loss=0.197502 seconds=0.02
epoch=32/80 loss=0.170945 seconds=0.05
epoch=33/80 loss=0.177988 seconds=0.03
epoch=34/80 loss=0.169395 seconds=0.03
epoch=35/80 loss=0.162666 seconds=0.02
epoch=36/80 loss=0.161429 seconds=0.03
epoch=37/80 loss=0.135069 seconds=0.03
epoch=38/80 loss=0.196221 seconds=0.03
epoch=39/80 loss=0.129744 seconds=0.03
epoch=40/80 loss=0.123035 seconds=0.03
epoch=41/80 loss=0.150154 seconds=0.03
epoch=42/80 loss=0.125457 seconds=0.03
epoch=43/80 loss=0.182930 seconds=0.02
epoch=44/80 loss=0.201907 seconds=0.05
epoch=45/80 loss=0.093808 seconds=0.03
epoch=46/80 loss=0.111583 seconds=0.02
epoch=47/80 loss=0.091213 seconds=0.05
epoch=48/80 loss=0.092778 seconds=0.02
epoch=49/80 loss=0.095489 seconds=0.02
epoch=50/80 loss=0.069200 seconds=0.03
epoch=51/80 loss=0.074533 seconds=0.03
epoch=52/80 loss=0.081630 seconds=0.02
epoch=53/80 loss=0.095861 seconds=0.05
epoch=54/80 loss=0.105278 seconds=0.02
epoch=55/80 loss=0.115422 seconds=0.05
epoch=56/80 loss=0.066113 seconds=0.02
epoch=57/80 loss=0.080209 seconds=0.03
epoch=58/80 loss=0.075511 seconds=0.03
epoch=59/80 loss=0.080419 seconds=0.02
epoch=60/80 loss=0.051623 seconds=0.03
epoch=61/80 loss=0.043459 seconds=0.03
epoch=62/80 loss=0.039545 seconds=0.03
epoch=63/80 loss=0.033503 seconds=0.05
epoch=64/80 loss=0.028043 seconds=0.03
epoch=65/80 loss=0.022530 seconds=0.03
epoch=66/80 loss=0.034666 seconds=0.03
epoch=67/80 loss=0.019226 seconds=0.03
epoch=68/80 loss=0.047478 seconds=0.03
epoch=69/80 loss=0.027223 seconds=0.03
epoch=70/80 loss=0.056252 seconds=0.03
epoch=71/80 loss=0.075149 seconds=0.03
epoch=72/80 loss=0.044648 seconds=0.02
epoch=73/80 loss=0.031739 seconds=0.03
epoch=74/80 loss=0.015374 seconds=0.03
epoch=75/80 loss=0.018268 seconds=0.03
epoch=76/80 loss=0.018385 seconds=0.03
epoch=77/80 loss=0.016919 seconds=0.03
epoch=78/80 loss=0.018220 seconds=0.02
epoch=79/80 loss=0.015937 seconds=0.03
epoch=80/80 loss=0.025085 seconds=0.03
fold=5/10 OOF_accuracy=0.900000 OOF_AUC=0.960227
Device=cuda; epochs=80; batch=32; model=SqueezeNet1D
epoch=1/80 loss=1.011596 seconds=0.03
epoch=2/80 loss=1.009035 seconds=0.03
epoch=3/80 loss=1.002084 seconds=0.02
epoch=4/80 loss=0.978627 seconds=0.03
epoch=5/80 loss=0.930147 seconds=0.03
epoch=6/80 loss=0.809841 seconds=0.03
epoch=7/80 loss=0.676367 seconds=0.03
epoch=8/80 loss=0.591378 seconds=0.02
epoch=9/80 loss=0.573408 seconds=0.03
epoch=10/80 loss=0.544542 seconds=0.03
epoch=11/80 loss=0.507844 seconds=0.03
epoch=12/80 loss=0.484909 seconds=0.03
epoch=13/80 loss=0.465190 seconds=0.03
epoch=14/80 loss=0.468431 seconds=0.03
epoch=15/80 loss=0.471202 seconds=0.03
epoch=16/80 loss=0.413397 seconds=0.03
epoch=17/80 loss=0.404575 seconds=0.03
epoch=18/80 loss=0.407253 seconds=0.03
epoch=19/80 loss=0.386220 seconds=0.02
epoch=20/80 loss=0.387217 seconds=0.03
epoch=21/80 loss=0.380999 seconds=0.03
epoch=22/80 loss=0.365094 seconds=0.03
epoch=23/80 loss=0.363749 seconds=0.03
epoch=24/80 loss=0.311309 seconds=0.02
epoch=25/80 loss=0.299151 seconds=0.03
epoch=26/80 loss=0.294794 seconds=0.03
epoch=27/80 loss=0.299743 seconds=0.03
epoch=28/80 loss=0.285891 seconds=0.03
epoch=29/80 loss=0.277309 seconds=0.03
epoch=30/80 loss=0.269167 seconds=0.03
epoch=31/80 loss=0.259845 seconds=0.03
epoch=32/80 loss=0.262019 seconds=0.03
epoch=33/80 loss=0.280050 seconds=0.03
epoch=34/80 loss=0.262204 seconds=0.03
epoch=35/80 loss=0.217164 seconds=0.02
epoch=36/80 loss=0.214061 seconds=0.03
epoch=37/80 loss=0.223731 seconds=0.05
epoch=38/80 loss=0.235703 seconds=0.02
epoch=39/80 loss=0.201893 seconds=0.03
epoch=40/80 loss=0.225716 seconds=0.03
epoch=41/80 loss=0.202391 seconds=0.03
epoch=42/80 loss=0.243100 seconds=0.02
epoch=43/80 loss=0.327676 seconds=0.03
epoch=44/80 loss=0.312580 seconds=0.03
epoch=45/80 loss=0.264079 seconds=0.02
epoch=46/80 loss=0.195250 seconds=0.05
epoch=47/80 loss=0.179234 seconds=0.02
epoch=48/80 loss=0.171903 seconds=0.03
epoch=49/80 loss=0.169307 seconds=0.03
epoch=50/80 loss=0.173280 seconds=0.03
epoch=51/80 loss=0.166035 seconds=0.03
epoch=52/80 loss=0.162260 seconds=0.05
epoch=53/80 loss=0.125406 seconds=0.03
epoch=54/80 loss=0.144732 seconds=0.03
epoch=55/80 loss=0.138651 seconds=0.03
epoch=56/80 loss=0.141558 seconds=0.03
epoch=57/80 loss=0.131057 seconds=0.02
epoch=58/80 loss=0.112259 seconds=0.03
epoch=59/80 loss=0.133794 seconds=0.03
epoch=60/80 loss=0.136904 seconds=0.03
epoch=61/80 loss=0.176001 seconds=0.03
epoch=62/80 loss=0.162553 seconds=0.03
epoch=63/80 loss=0.152583 seconds=0.02
epoch=64/80 loss=0.134225 seconds=0.03
epoch=65/80 loss=0.161904 seconds=0.03
epoch=66/80 loss=0.185038 seconds=0.03
epoch=67/80 loss=0.111519 seconds=0.02
epoch=68/80 loss=0.089136 seconds=0.03
epoch=69/80 loss=0.117919 seconds=0.03
epoch=70/80 loss=0.116658 seconds=0.03
epoch=71/80 loss=0.083082 seconds=0.03
epoch=72/80 loss=0.094582 seconds=0.03
epoch=73/80 loss=0.066901 seconds=0.02
epoch=74/80 loss=0.084345 seconds=0.03
epoch=75/80 loss=0.104850 seconds=0.03
epoch=76/80 loss=0.130001 seconds=0.03
epoch=77/80 loss=0.184755 seconds=0.03
epoch=78/80 loss=0.075554 seconds=0.03
epoch=79/80 loss=0.088291 seconds=0.03
epoch=80/80 loss=0.091022 seconds=0.03
fold=6/10 OOF_accuracy=0.900000 OOF_AUC=0.971591
Device=cuda; epochs=80; batch=32; model=SqueezeNet1D
epoch=1/80 loss=1.011076 seconds=0.03
epoch=2/80 loss=1.006936 seconds=0.03
epoch=3/80 loss=0.992839 seconds=0.02
epoch=4/80 loss=0.946883 seconds=0.03
epoch=5/80 loss=0.831826 seconds=0.03
epoch=6/80 loss=0.602728 seconds=0.03
epoch=7/80 loss=0.418161 seconds=0.03
epoch=8/80 loss=0.340952 seconds=0.03
epoch=9/80 loss=0.260527 seconds=0.03
epoch=10/80 loss=0.236769 seconds=0.03
epoch=11/80 loss=0.230043 seconds=0.03
epoch=12/80 loss=0.205811 seconds=0.03
epoch=13/80 loss=0.205726 seconds=0.03
epoch=14/80 loss=0.194384 seconds=0.03
epoch=15/80 loss=0.220889 seconds=0.03
epoch=16/80 loss=0.165708 seconds=0.02
epoch=17/80 loss=0.155348 seconds=0.03
epoch=18/80 loss=0.155576 seconds=0.03
epoch=19/80 loss=0.152998 seconds=0.03
epoch=20/80 loss=0.160568 seconds=0.03
epoch=21/80 loss=0.132843 seconds=0.03
epoch=22/80 loss=0.138339 seconds=0.03
epoch=23/80 loss=0.147532 seconds=0.03
epoch=24/80 loss=0.121395 seconds=0.03
epoch=25/80 loss=0.130421 seconds=0.02
epoch=26/80 loss=0.147709 seconds=0.03
epoch=27/80 loss=0.145152 seconds=0.03
epoch=28/80 loss=0.147390 seconds=0.03
epoch=29/80 loss=0.118136 seconds=0.03
epoch=30/80 loss=0.122193 seconds=0.03
epoch=31/80 loss=0.138494 seconds=0.03
epoch=32/80 loss=0.120010 seconds=0.03
epoch=33/80 loss=0.103664 seconds=0.03
epoch=34/80 loss=0.099810 seconds=0.03
epoch=35/80 loss=0.106261 seconds=0.02
epoch=36/80 loss=0.097473 seconds=0.03
epoch=37/80 loss=0.103714 seconds=0.03
epoch=38/80 loss=0.079748 seconds=0.05
epoch=39/80 loss=0.092518 seconds=0.02
epoch=40/80 loss=0.102839 seconds=0.03
epoch=41/80 loss=0.083500 seconds=0.03
epoch=42/80 loss=0.112721 seconds=0.03
epoch=43/80 loss=0.087321 seconds=0.03
epoch=44/80 loss=0.097490 seconds=0.03
epoch=45/80 loss=0.081436 seconds=0.03
epoch=46/80 loss=0.077471 seconds=0.03
epoch=47/80 loss=0.111238 seconds=0.03
epoch=48/80 loss=0.108962 seconds=0.02
epoch=49/80 loss=0.081046 seconds=0.03
epoch=50/80 loss=0.070765 seconds=0.03
epoch=51/80 loss=0.075202 seconds=0.03
epoch=52/80 loss=0.093585 seconds=0.03
epoch=53/80 loss=0.074905 seconds=0.03
epoch=54/80 loss=0.069453 seconds=0.03
epoch=55/80 loss=0.070918 seconds=0.02
epoch=56/80 loss=0.057186 seconds=0.03
epoch=57/80 loss=0.065070 seconds=0.03
epoch=58/80 loss=0.074683 seconds=0.02
epoch=59/80 loss=0.084120 seconds=0.03
epoch=60/80 loss=0.094089 seconds=0.03
epoch=61/80 loss=0.113941 seconds=0.02
epoch=62/80 loss=0.120277 seconds=0.02
epoch=63/80 loss=0.087930 seconds=0.03
epoch=64/80 loss=0.100431 seconds=0.03
epoch=65/80 loss=0.090472 seconds=0.03
epoch=66/80 loss=0.071105 seconds=0.03
epoch=67/80 loss=0.059494 seconds=0.03
epoch=68/80 loss=0.072459 seconds=0.03
epoch=69/80 loss=0.062080 seconds=0.03
epoch=70/80 loss=0.059778 seconds=0.03
epoch=71/80 loss=0.050531 seconds=0.03
epoch=72/80 loss=0.056986 seconds=0.02
epoch=73/80 loss=0.084462 seconds=0.03
epoch=74/80 loss=0.057586 seconds=0.03
epoch=75/80 loss=0.054724 seconds=0.03
epoch=76/80 loss=0.055408 seconds=0.03
epoch=77/80 loss=0.061540 seconds=0.03
epoch=78/80 loss=0.045331 seconds=0.03
epoch=79/80 loss=0.049425 seconds=0.05
epoch=80/80 loss=0.052328 seconds=0.03
fold=7/10 OOF_accuracy=0.833333 OOF_AUC=0.903409
Device=cuda; epochs=80; batch=32; model=SqueezeNet1D
epoch=1/80 loss=1.011571 seconds=0.03
epoch=2/80 loss=1.008882 seconds=0.03
epoch=3/80 loss=1.001421 seconds=0.03
epoch=4/80 loss=0.979357 seconds=0.02
epoch=5/80 loss=0.926369 seconds=0.03
epoch=6/80 loss=0.811894 seconds=0.03
epoch=7/80 loss=0.644709 seconds=0.03
epoch=8/80 loss=0.520314 seconds=0.03
epoch=9/80 loss=0.514046 seconds=0.03
epoch=10/80 loss=0.463584 seconds=0.02
epoch=11/80 loss=0.412325 seconds=0.03
epoch=12/80 loss=0.388608 seconds=0.03
epoch=13/80 loss=0.392421 seconds=0.03
epoch=14/80 loss=0.352339 seconds=0.02
epoch=15/80 loss=0.350998 seconds=0.03
epoch=16/80 loss=0.345853 seconds=0.03
epoch=17/80 loss=0.376523 seconds=0.03
epoch=18/80 loss=0.317800 seconds=0.05
epoch=19/80 loss=0.324374 seconds=0.03
epoch=20/80 loss=0.286240 seconds=0.03
epoch=21/80 loss=0.296975 seconds=0.03
epoch=22/80 loss=0.264736 seconds=0.02
epoch=23/80 loss=0.299240 seconds=0.03
epoch=24/80 loss=0.246415 seconds=0.03
epoch=25/80 loss=0.226294 seconds=0.02
epoch=26/80 loss=0.253428 seconds=0.03
epoch=27/80 loss=0.196055 seconds=0.03
epoch=28/80 loss=0.188542 seconds=0.03
epoch=29/80 loss=0.168684 seconds=0.03
epoch=30/80 loss=0.175483 seconds=0.02
epoch=31/80 loss=0.132999 seconds=0.03
epoch=32/80 loss=0.125024 seconds=0.03
epoch=33/80 loss=0.129432 seconds=0.03
epoch=34/80 loss=0.105364 seconds=0.03
epoch=35/80 loss=0.101549 seconds=0.02
epoch=36/80 loss=0.160159 seconds=0.03
epoch=37/80 loss=0.086047 seconds=0.03
epoch=38/80 loss=0.105802 seconds=0.03
epoch=39/80 loss=0.072883 seconds=0.03
epoch=40/80 loss=0.098407 seconds=0.03
epoch=41/80 loss=0.073963 seconds=0.02
epoch=42/80 loss=0.059501 seconds=0.03
epoch=43/80 loss=0.266899 seconds=0.03
epoch=44/80 loss=0.091542 seconds=0.03
epoch=45/80 loss=0.116272 seconds=0.03
epoch=46/80 loss=0.072422 seconds=0.03
epoch=47/80 loss=0.058194 seconds=0.03
epoch=48/80 loss=0.051834 seconds=0.03
epoch=49/80 loss=0.051578 seconds=0.03
epoch=50/80 loss=0.048754 seconds=0.03
epoch=51/80 loss=0.040817 seconds=0.03
epoch=52/80 loss=0.058989 seconds=0.03
epoch=53/80 loss=0.044356 seconds=0.03
epoch=54/80 loss=0.044083 seconds=0.03
epoch=55/80 loss=0.044293 seconds=0.03
epoch=56/80 loss=0.076544 seconds=0.03
epoch=57/80 loss=0.045814 seconds=0.03
epoch=58/80 loss=0.045726 seconds=0.03
epoch=59/80 loss=0.021820 seconds=0.03
epoch=60/80 loss=0.019452 seconds=0.03
epoch=61/80 loss=0.014015 seconds=0.03
epoch=62/80 loss=0.016691 seconds=0.03
epoch=63/80 loss=0.016602 seconds=0.05
epoch=64/80 loss=0.014152 seconds=0.02
epoch=65/80 loss=0.017604 seconds=0.03
epoch=66/80 loss=0.016462 seconds=0.03
epoch=67/80 loss=0.011628 seconds=0.02
epoch=68/80 loss=0.013860 seconds=0.03
epoch=69/80 loss=0.028131 seconds=0.03
epoch=70/80 loss=0.022029 seconds=0.03
epoch=71/80 loss=0.020348 seconds=0.03
epoch=72/80 loss=0.005586 seconds=0.05
epoch=73/80 loss=0.006275 seconds=0.03
epoch=74/80 loss=0.005440 seconds=0.05
epoch=75/80 loss=0.005214 seconds=0.06
epoch=76/80 loss=0.003357 seconds=0.03
epoch=77/80 loss=0.004371 seconds=0.03
epoch=78/80 loss=0.003492 seconds=0.03
epoch=79/80 loss=0.002771 seconds=0.05
epoch=80/80 loss=0.003080 seconds=0.02
fold=8/10 OOF_accuracy=0.833333 OOF_AUC=0.755682
Device=cuda; epochs=80; batch=32; model=SqueezeNet1D
epoch=1/80 loss=1.011493 seconds=0.03
epoch=2/80 loss=1.009199 seconds=0.03
epoch=3/80 loss=1.002117 seconds=0.02
epoch=4/80 loss=0.978138 seconds=0.03
epoch=5/80 loss=0.916035 seconds=0.03
epoch=6/80 loss=0.791168 seconds=0.03
epoch=7/80 loss=0.651516 seconds=0.03
epoch=8/80 loss=0.581587 seconds=0.03
epoch=9/80 loss=0.569214 seconds=0.02
epoch=10/80 loss=0.514834 seconds=0.03
epoch=11/80 loss=0.487818 seconds=0.03
epoch=12/80 loss=0.477279 seconds=0.02
epoch=13/80 loss=0.453554 seconds=0.05
epoch=14/80 loss=0.430878 seconds=0.02
epoch=15/80 loss=0.421550 seconds=0.03
epoch=16/80 loss=0.403319 seconds=0.03
epoch=17/80 loss=0.385470 seconds=0.03
epoch=18/80 loss=0.367644 seconds=0.03
epoch=19/80 loss=0.349180 seconds=0.03
epoch=20/80 loss=0.346763 seconds=0.05
epoch=21/80 loss=0.349426 seconds=0.02
epoch=22/80 loss=0.318853 seconds=0.03
epoch=23/80 loss=0.323644 seconds=0.03
epoch=24/80 loss=0.266018 seconds=0.03
epoch=25/80 loss=0.305578 seconds=0.03
epoch=26/80 loss=0.305077 seconds=0.05
epoch=27/80 loss=0.256687 seconds=0.03
epoch=28/80 loss=0.285883 seconds=0.03
epoch=29/80 loss=0.272020 seconds=0.03
epoch=30/80 loss=0.258879 seconds=0.03
epoch=31/80 loss=0.225114 seconds=0.03
epoch=32/80 loss=0.232154 seconds=0.03
epoch=33/80 loss=0.207299 seconds=0.03
epoch=34/80 loss=0.201400 seconds=0.03
epoch=35/80 loss=0.209726 seconds=0.03
epoch=36/80 loss=0.172903 seconds=0.03
epoch=37/80 loss=0.234772 seconds=0.03
epoch=38/80 loss=0.337598 seconds=0.03
epoch=39/80 loss=0.250214 seconds=0.03
epoch=40/80 loss=0.245729 seconds=0.03
epoch=41/80 loss=0.206253 seconds=0.05
epoch=42/80 loss=0.233472 seconds=0.03
epoch=43/80 loss=0.239669 seconds=0.02
epoch=44/80 loss=0.211840 seconds=0.03
epoch=45/80 loss=0.146692 seconds=0.03
epoch=46/80 loss=0.158357 seconds=0.03
epoch=47/80 loss=0.161342 seconds=0.02
epoch=48/80 loss=0.144204 seconds=0.05
epoch=49/80 loss=0.159382 seconds=0.03
epoch=50/80 loss=0.124488 seconds=0.05
epoch=51/80 loss=0.124721 seconds=0.02
epoch=52/80 loss=0.113993 seconds=0.03
epoch=53/80 loss=0.125942 seconds=0.05
epoch=54/80 loss=0.105463 seconds=0.02
epoch=55/80 loss=0.095370 seconds=0.03
epoch=56/80 loss=0.102999 seconds=0.03
epoch=57/80 loss=0.104910 seconds=0.03
epoch=58/80 loss=0.079674 seconds=0.03
epoch=59/80 loss=0.103743 seconds=0.05
epoch=60/80 loss=0.075439 seconds=0.05
epoch=61/80 loss=0.065508 seconds=0.03
epoch=62/80 loss=0.119101 seconds=0.02
epoch=63/80 loss=0.122198 seconds=0.05
epoch=64/80 loss=0.069568 seconds=0.02
epoch=65/80 loss=0.197938 seconds=0.05
epoch=66/80 loss=0.114108 seconds=0.03
epoch=67/80 loss=0.060149 seconds=0.02
epoch=68/80 loss=0.081768 seconds=0.03
epoch=69/80 loss=0.103023 seconds=0.03
epoch=70/80 loss=0.079897 seconds=0.03
epoch=71/80 loss=0.047411 seconds=0.03
epoch=72/80 loss=0.048159 seconds=0.03
epoch=73/80 loss=0.042289 seconds=0.03
epoch=74/80 loss=0.049265 seconds=0.02
epoch=75/80 loss=0.040029 seconds=0.03
epoch=76/80 loss=0.046438 seconds=0.03
epoch=77/80 loss=0.031167 seconds=0.03
epoch=78/80 loss=0.022665 seconds=0.03
epoch=79/80 loss=0.040988 seconds=0.03
epoch=80/80 loss=0.039936 seconds=0.03
fold=9/10 OOF_accuracy=0.866667 OOF_AUC=0.795455
Device=cuda; epochs=80; batch=32; model=SqueezeNet1D
epoch=1/80 loss=1.017188 seconds=0.03
epoch=2/80 loss=1.014177 seconds=0.03
epoch=3/80 loss=1.006134 seconds=0.03
epoch=4/80 loss=0.980579 seconds=0.03
epoch=5/80 loss=0.923232 seconds=0.02
epoch=6/80 loss=0.795237 seconds=0.03
epoch=7/80 loss=0.625060 seconds=0.03
epoch=8/80 loss=0.531313 seconds=0.03
epoch=9/80 loss=0.495553 seconds=0.03
epoch=10/80 loss=0.409124 seconds=0.03
epoch=11/80 loss=0.361547 seconds=0.03
epoch=12/80 loss=0.353619 seconds=0.03
epoch=13/80 loss=0.319060 seconds=0.03
epoch=14/80 loss=0.283868 seconds=0.02
epoch=15/80 loss=0.262787 seconds=0.03
epoch=16/80 loss=0.259502 seconds=0.03
epoch=17/80 loss=0.238520 seconds=0.03
epoch=18/80 loss=0.204631 seconds=0.02
epoch=19/80 loss=0.185670 seconds=0.05
epoch=20/80 loss=0.221669 seconds=0.03
epoch=21/80 loss=0.164297 seconds=0.02
epoch=22/80 loss=0.168326 seconds=0.03
epoch=23/80 loss=0.154410 seconds=0.02
epoch=24/80 loss=0.147104 seconds=0.02
epoch=25/80 loss=0.146972 seconds=0.03
epoch=26/80 loss=0.157776 seconds=0.03
epoch=27/80 loss=0.129914 seconds=0.02
epoch=28/80 loss=0.219228 seconds=0.05
epoch=29/80 loss=0.192585 seconds=0.03
epoch=30/80 loss=0.139047 seconds=0.02
epoch=31/80 loss=0.103539 seconds=0.03
epoch=32/80 loss=0.115315 seconds=0.03
epoch=33/80 loss=0.080926 seconds=0.02
epoch=34/80 loss=0.104229 seconds=0.03
epoch=35/80 loss=0.080049 seconds=0.03
epoch=36/80 loss=0.095955 seconds=0.03
epoch=37/80 loss=0.154721 seconds=0.03
epoch=38/80 loss=0.147109 seconds=0.03
epoch=39/80 loss=0.075204 seconds=0.03
epoch=40/80 loss=0.089186 seconds=0.02
epoch=41/80 loss=0.091333 seconds=0.03
epoch=42/80 loss=0.068528 seconds=0.03
epoch=43/80 loss=0.075295 seconds=0.03
epoch=44/80 loss=0.053758 seconds=0.03
epoch=45/80 loss=0.040246 seconds=0.03
epoch=46/80 loss=0.040495 seconds=0.02
epoch=47/80 loss=0.050251 seconds=0.03
epoch=48/80 loss=0.096282 seconds=0.03
epoch=49/80 loss=0.056126 seconds=0.03
epoch=50/80 loss=0.063493 seconds=0.03
epoch=51/80 loss=0.056115 seconds=0.03
epoch=52/80 loss=0.029232 seconds=0.05
epoch=53/80 loss=0.022988 seconds=0.03
epoch=54/80 loss=0.015379 seconds=0.03
epoch=55/80 loss=0.019615 seconds=0.03
epoch=56/80 loss=0.015742 seconds=0.03
epoch=57/80 loss=0.011803 seconds=0.02
epoch=58/80 loss=0.015881 seconds=0.03
epoch=59/80 loss=0.016038 seconds=0.03
epoch=60/80 loss=0.013574 seconds=0.03
epoch=61/80 loss=0.019085 seconds=0.03
epoch=62/80 loss=0.020005 seconds=0.02
epoch=63/80 loss=0.021788 seconds=0.03
epoch=64/80 loss=0.010980 seconds=0.03
epoch=65/80 loss=0.019406 seconds=0.03
epoch=66/80 loss=0.009157 seconds=0.03
epoch=67/80 loss=0.008703 seconds=0.03
epoch=68/80 loss=0.013546 seconds=0.02
epoch=69/80 loss=0.010342 seconds=0.03
epoch=70/80 loss=0.012341 seconds=0.03
epoch=71/80 loss=0.006552 seconds=0.03
epoch=72/80 loss=0.005451 seconds=0.03
epoch=73/80 loss=0.004987 seconds=0.03
epoch=74/80 loss=0.006160 seconds=0.03
epoch=75/80 loss=0.002890 seconds=0.03
epoch=76/80 loss=0.005874 seconds=0.03
epoch=77/80 loss=0.005613 seconds=0.03
epoch=78/80 loss=0.004961 seconds=0.03
epoch=79/80 loss=0.003376 seconds=0.03
epoch=80/80 loss=0.003764 seconds=0.03
fold=10/10 OOF_accuracy=0.766667 OOF_AUC=0.793651
Frozen Train OOF threshold=0.94722312688827515; objective=accuracy; OOF selection accuracy=0.870000
Device=cuda; epochs=80; batch=32; model=SqueezeNet1D
epoch=1/80 loss=1.013548 seconds=0.05
epoch=2/80 loss=1.010580 seconds=0.03
epoch=3/80 loss=1.004945 seconds=0.03
epoch=4/80 loss=0.983381 seconds=0.03
epoch=5/80 loss=0.925712 seconds=0.03
epoch=6/80 loss=0.782626 seconds=0.03
epoch=7/80 loss=0.630356 seconds=0.03
epoch=8/80 loss=0.571837 seconds=0.05
epoch=9/80 loss=0.524894 seconds=0.03
epoch=10/80 loss=0.506275 seconds=0.02
epoch=11/80 loss=0.474609 seconds=0.03
epoch=12/80 loss=0.455216 seconds=0.03
epoch=13/80 loss=0.441854 seconds=0.03
epoch=14/80 loss=0.422056 seconds=0.03
epoch=15/80 loss=0.409978 seconds=0.03
epoch=16/80 loss=0.397524 seconds=0.03
epoch=17/80 loss=0.393763 seconds=0.03
epoch=18/80 loss=0.376765 seconds=0.05
epoch=19/80 loss=0.382066 seconds=0.03
epoch=20/80 loss=0.372612 seconds=0.03
epoch=21/80 loss=0.363016 seconds=0.03
epoch=22/80 loss=0.356835 seconds=0.02
epoch=23/80 loss=0.347155 seconds=0.05
epoch=24/80 loss=0.342031 seconds=0.03
epoch=25/80 loss=0.342853 seconds=0.03
epoch=26/80 loss=0.326058 seconds=0.03
epoch=27/80 loss=0.329360 seconds=0.03
epoch=28/80 loss=0.313035 seconds=0.03
epoch=29/80 loss=0.353048 seconds=0.03
epoch=30/80 loss=0.299646 seconds=0.03
epoch=31/80 loss=0.297458 seconds=0.03
epoch=32/80 loss=0.299011 seconds=0.03
epoch=33/80 loss=0.318330 seconds=0.03
epoch=34/80 loss=0.293233 seconds=0.03
epoch=35/80 loss=0.331516 seconds=0.03
epoch=36/80 loss=0.320981 seconds=0.05
epoch=37/80 loss=0.277946 seconds=0.03
epoch=38/80 loss=0.259506 seconds=0.03
epoch=39/80 loss=0.262561 seconds=0.03
epoch=40/80 loss=0.253938 seconds=0.03
epoch=41/80 loss=0.250543 seconds=0.03
epoch=42/80 loss=0.215629 seconds=0.05
epoch=43/80 loss=0.223221 seconds=0.03
epoch=44/80 loss=0.266251 seconds=0.03
epoch=45/80 loss=0.192247 seconds=0.03
epoch=46/80 loss=0.231748 seconds=0.05
epoch=47/80 loss=0.194565 seconds=0.03
epoch=48/80 loss=0.178980 seconds=0.03
epoch=49/80 loss=0.189699 seconds=0.03
epoch=50/80 loss=0.175876 seconds=0.03
epoch=51/80 loss=0.168367 seconds=0.05
epoch=52/80 loss=0.146826 seconds=0.05
epoch=53/80 loss=0.195948 seconds=0.03
epoch=54/80 loss=0.150260 seconds=0.05
epoch=55/80 loss=0.174116 seconds=0.03
epoch=56/80 loss=0.130772 seconds=0.03
epoch=57/80 loss=0.133142 seconds=0.05
epoch=58/80 loss=0.146706 seconds=0.03
epoch=59/80 loss=0.120489 seconds=0.02
epoch=60/80 loss=0.096344 seconds=0.03
epoch=61/80 loss=0.094233 seconds=0.03
epoch=62/80 loss=0.071976 seconds=0.03
epoch=63/80 loss=0.074263 seconds=0.03
epoch=64/80 loss=0.060015 seconds=0.02
epoch=65/80 loss=0.056976 seconds=0.05
epoch=66/80 loss=0.056938 seconds=0.03
epoch=67/80 loss=0.068151 seconds=0.02
epoch=68/80 loss=0.050930 seconds=0.03
epoch=69/80 loss=0.046930 seconds=0.03
epoch=70/80 loss=0.042023 seconds=0.03
epoch=71/80 loss=0.033709 seconds=0.03
epoch=72/80 loss=0.050666 seconds=0.05
epoch=73/80 loss=0.047880 seconds=0.03
epoch=74/80 loss=0.035676 seconds=0.03
epoch=75/80 loss=0.028008 seconds=0.03
epoch=76/80 loss=0.025176 seconds=0.03
epoch=77/80 loss=0.023506 seconds=0.02
epoch=78/80 loss=0.018807 seconds=0.05
epoch=79/80 loss=0.025139 seconds=0.02
epoch=80/80 loss=0.069260 seconds=0.03
{"cv_oof": {"accuracy": 0.84, "balanced_accuracy": 0.7892778623372231, "sensitivity": 0.6790123456790124, "specificity": 0.8995433789954338, "f1_macro": 0.7938026232888482, "roc_auc": 0.8609278989796493, "confusion_matrix": [[197, 22], [26, 55]], "classification_report": {"0": {"precision": 0.8834080717488789, "recall": 0.8995433789954338, "f1-score": 0.8914027149321267, "support": 219.0}, "1": {"precision": 0.7142857142857143, "recall": 0.6790123456790124, "f1-score": 0.6962025316455697, "support": 81.0}, "accuracy": 0.84, "macro avg": {"precision": 0.7988468930172966, "recall": 0.7892778623372231, "f1-score": 0.7938026232888482, "support": 300.0}, "weighted avg": {"precision": 0.8377450352338245, "recall": 0.84, "f1-score": 0.8386986654447562, "support": 300.0}}}, "test": {"accuracy": 0.8831168831168831, "balanced_accuracy": 0.8154761904761905, "sensitivity": 0.6666666666666666, "specificity": 0.9642857142857143, "f1_macro": 0.83991683991684, "roc_auc": 0.8575680272108843, "confusion_matrix": [[54, 2], [7, 14]], "classification_report": {"0": {"precision": 0.8852459016393442, "recall": 0.9642857142857143, "f1-score": 0.9230769230769231, "support": 56.0}, "1": {"precision": 0.875, "recall": 0.6666666666666666, "f1-score": 0.7567567567567568, "support": 21.0}, "accuracy": 0.8831168831168831, "macro avg": {"precision": 0.8801229508196722, "recall": 0.8154761904761905, "f1-score": 0.83991683991684, "support": 77.0}, "weighted avg": {"precision": 0.8824515648286141, "recall": 0.8831168831168831, "f1-score": 0.8777168777168777, "support": 77.0}}}, "folds": 10, "original_train_rows": 300, "train_rows": 300, "test_rows": 77, "elapsed_seconds": 29.578000000095926, "test_default": {"accuracy": 0.8701298701298701, "balanced_accuracy": 0.8214285714285714, "sensitivity": 0.7142857142857143, "specificity": 0.9285714285714286, "f1_macro": 0.831140350877193, "roc_auc": 0.8575680272108843, "confusion_matrix": [[52, 4], [6, 15]], "classification_report": {"0": {"precision": 0.896551724137931, "recall": 0.9285714285714286, "f1-score": 0.9122807017543859, "support": 56.0}, "1": {"precision": 0.7894736842105263, "recall": 0.7142857142857143, "f1-score": 0.75, "support": 21.0}, "accuracy": 0.8701298701298701, "macro avg": {"precision": 0.8430127041742287, "recall": 0.8214285714285714, "f1-score": 0.831140350877193, "support": 77.0}, "weighted avg": {"precision": 0.867348622339548, "recall": 0.8701298701298701, "f1-score": 0.8680223285486444, "support": 77.0}}}, "decision_threshold": 0.9472231268882751, "oof_threshold_selection": {"accuracy": 0.87, "balanced_accuracy": 0.7903771351259936, "sensitivity": 0.6172839506172839, "specificity": 0.9634703196347032, "f1_macro": 0.8174128809750464, "roc_auc": 0.8609278989796493, "confusion_matrix": [[211, 8], [31, 50]], "classification_report": {"0": {"precision": 0.871900826446281, "recall": 0.9634703196347032, "f1-score": 0.9154013015184381, "support": 219.0}, "1": {"precision": 0.8620689655172413, "recall": 0.6172839506172839, "f1-score": 0.7194244604316546, "support": 81.0}, "accuracy": 0.87, "macro avg": {"precision": 0.8669848959817612, "recall": 0.7903771351259936, "f1-score": 0.8174128809750464, "support": 300.0}, "weighted avg": {"precision": 0.8692462239954402, "recall": 0.87, "f1-score": 0.8624875544250066, "support": 300.0}}}, "test_accuracy_change": 0.012987012987012991}
