Command: ["C:\\Users\\IHCK\\AppData\\Local\\Programs\\Python\\Python312\\python.exe", "-u", "C:\\Users\\IHCK\\Desktop\\1_10_69Final\\Hippocampal-Shape-Analysis-for-Epilepsy-Detection\\Model\\train_dataset_model.py", "--dataset", "coef_raw", "--side", "right", "--model", "ResNetAE", "--kind", "coef", "--train-csv", "C:\\Users\\IHCK\\Desktop\\1_10_69Final\\Hippocampal-Shape-Analysis-for-Epilepsy-Detection\\Output_Dataset\\coef_raw\\right\\train_prepared.csv", "--test-csv", "C:\\Users\\IHCK\\Desktop\\1_10_69Final\\Hippocampal-Shape-Analysis-for-Epilepsy-Detection\\Output_Dataset\\coef_raw\\right\\test_prepared.csv", "--output-dir", "C:\\Users\\IHCK\\Desktop\\1_10_69Final\\Hippocampal-Shape-Analysis-for-Epilepsy-Detection\\Model_Results\\dataset_runs_20261003_oof_threshold\\coef_raw\\right\\ResNetAE", "--epochs", "80", "--folds", "10", "--pls-components", "8", "--seed", "42", "--threads", "2", "--tune-threshold"]
10-fold CV: dataset=coef_raw side=right model=ResNetAE; original_train=300 test=77
Device=cuda; epochs=80; batch=32; model=ResNetAutoencoder1D
epoch=1/80 loss=5.723298 seconds=0.42
epoch=2/80 loss=3.205999 seconds=0.05
epoch=3/80 loss=1.831946 seconds=0.03
epoch=4/80 loss=1.169371 seconds=0.05
epoch=5/80 loss=0.924524 seconds=0.05
epoch=6/80 loss=0.858526 seconds=0.05
epoch=7/80 loss=0.868688 seconds=0.05
epoch=8/80 loss=0.624071 seconds=0.03
epoch=9/80 loss=0.566949 seconds=0.05
epoch=10/80 loss=0.493492 seconds=0.03
epoch=11/80 loss=0.384607 seconds=0.05
epoch=12/80 loss=0.525165 seconds=0.03
epoch=13/80 loss=0.468166 seconds=0.05
epoch=14/80 loss=0.352998 seconds=0.03
epoch=15/80 loss=0.367105 seconds=0.05
epoch=16/80 loss=0.404470 seconds=0.03
epoch=17/80 loss=0.396248 seconds=0.05
epoch=18/80 loss=0.315729 seconds=0.05
epoch=19/80 loss=0.283556 seconds=0.03
epoch=20/80 loss=0.312516 seconds=0.05
epoch=21/80 loss=0.329844 seconds=0.03
epoch=22/80 loss=0.305244 seconds=0.03
epoch=23/80 loss=0.281661 seconds=0.05
epoch=24/80 loss=0.251567 seconds=0.03
epoch=25/80 loss=0.273834 seconds=0.05
epoch=26/80 loss=0.269370 seconds=0.05
epoch=27/80 loss=0.259314 seconds=0.03
epoch=28/80 loss=0.239502 seconds=0.03
epoch=29/80 loss=0.223702 seconds=0.05
epoch=30/80 loss=0.258181 seconds=0.03
epoch=31/80 loss=0.262232 seconds=0.05
epoch=32/80 loss=0.265806 seconds=0.03
epoch=33/80 loss=0.201468 seconds=0.05
epoch=34/80 loss=0.185508 seconds=0.03
epoch=35/80 loss=0.204401 seconds=0.05
epoch=36/80 loss=0.186450 seconds=0.03
epoch=37/80 loss=0.185648 seconds=0.05
epoch=38/80 loss=0.193698 seconds=0.05
epoch=39/80 loss=0.191476 seconds=0.03
epoch=40/80 loss=0.178777 seconds=0.05
epoch=41/80 loss=0.188420 seconds=0.05
epoch=42/80 loss=0.188406 seconds=0.03
epoch=43/80 loss=0.205643 seconds=0.05
epoch=44/80 loss=0.152149 seconds=0.03
epoch=45/80 loss=0.175962 seconds=0.03
epoch=46/80 loss=0.154399 seconds=0.05
epoch=47/80 loss=0.149087 seconds=0.03
epoch=48/80 loss=0.168341 seconds=0.05
epoch=49/80 loss=0.207133 seconds=0.05
epoch=50/80 loss=0.177656 seconds=0.05
epoch=51/80 loss=0.126127 seconds=0.03
epoch=52/80 loss=0.161145 seconds=0.05
epoch=53/80 loss=0.160973 seconds=0.05
epoch=54/80 loss=0.134773 seconds=0.05
epoch=55/80 loss=0.135176 seconds=0.03
epoch=56/80 loss=0.147247 seconds=0.05
epoch=57/80 loss=0.137465 seconds=0.03
epoch=58/80 loss=0.156857 seconds=0.05
epoch=59/80 loss=0.155255 seconds=0.05
epoch=60/80 loss=0.152268 seconds=0.05
epoch=61/80 loss=0.151389 seconds=0.03
epoch=62/80 loss=0.148392 seconds=0.03
epoch=63/80 loss=0.129661 seconds=0.05
epoch=64/80 loss=0.133445 seconds=0.03
epoch=65/80 loss=0.145953 seconds=0.05
epoch=66/80 loss=0.141507 seconds=0.03
epoch=67/80 loss=0.160972 seconds=0.05
epoch=68/80 loss=0.133596 seconds=0.05
epoch=69/80 loss=0.139196 seconds=0.03
epoch=70/80 loss=0.110011 seconds=0.05
epoch=71/80 loss=0.131861 seconds=0.05
epoch=72/80 loss=0.116110 seconds=0.03
epoch=73/80 loss=0.106067 seconds=0.03
epoch=74/80 loss=0.125250 seconds=0.05
epoch=75/80 loss=0.155114 seconds=0.03
epoch=76/80 loss=0.142493 seconds=0.05
epoch=77/80 loss=0.134717 seconds=0.03
epoch=78/80 loss=0.154976 seconds=0.05
epoch=79/80 loss=0.107058 seconds=0.03
epoch=80/80 loss=0.150399 seconds=0.05
fold=1/10 OOF_accuracy=0.733333 OOF_AUC=0.801136
Device=cuda; epochs=80; batch=32; model=ResNetAutoencoder1D
epoch=1/80 loss=6.049788 seconds=0.03
epoch=2/80 loss=3.357208 seconds=0.05
epoch=3/80 loss=1.835621 seconds=0.03
epoch=4/80 loss=1.221182 seconds=0.05
epoch=5/80 loss=0.982284 seconds=0.03
epoch=6/80 loss=0.970564 seconds=0.05
epoch=7/80 loss=0.668865 seconds=0.03
epoch=8/80 loss=0.726157 seconds=0.03
epoch=9/80 loss=0.581832 seconds=0.05
epoch=10/80 loss=0.546346 seconds=0.03
epoch=11/80 loss=0.440257 seconds=0.05
epoch=12/80 loss=0.438557 seconds=0.03
epoch=13/80 loss=0.414068 seconds=0.05
epoch=14/80 loss=0.405353 seconds=0.05
epoch=15/80 loss=0.403931 seconds=0.03
epoch=16/80 loss=0.336793 seconds=0.05
epoch=17/80 loss=0.320784 seconds=0.03
epoch=18/80 loss=0.322623 seconds=0.03
epoch=19/80 loss=0.309675 seconds=0.05
epoch=20/80 loss=0.381128 seconds=0.05
epoch=21/80 loss=0.333012 seconds=0.05
epoch=22/80 loss=0.328708 seconds=0.05
epoch=23/80 loss=0.303514 seconds=0.05
epoch=24/80 loss=0.269634 seconds=0.03
epoch=25/80 loss=0.288812 seconds=0.05
epoch=26/80 loss=0.239260 seconds=0.03
epoch=27/80 loss=0.219162 seconds=0.03
epoch=28/80 loss=0.227577 seconds=0.05
epoch=29/80 loss=0.243163 seconds=0.03
epoch=30/80 loss=0.244755 seconds=0.05
epoch=31/80 loss=0.262950 seconds=0.03
epoch=32/80 loss=0.225864 seconds=0.05
epoch=33/80 loss=0.242870 seconds=0.03
epoch=34/80 loss=0.212720 seconds=0.05
epoch=35/80 loss=0.248553 seconds=0.03
epoch=36/80 loss=0.258440 seconds=0.05
epoch=37/80 loss=0.223059 seconds=0.03
epoch=38/80 loss=0.182550 seconds=0.05
epoch=39/80 loss=0.189624 seconds=0.03
epoch=40/80 loss=0.187020 seconds=0.05
epoch=41/80 loss=0.170363 seconds=0.03
epoch=42/80 loss=0.192808 seconds=0.05
epoch=43/80 loss=0.214674 seconds=0.05
epoch=44/80 loss=0.220979 seconds=0.03
epoch=45/80 loss=0.172126 seconds=0.05
epoch=46/80 loss=0.168258 seconds=0.05
epoch=47/80 loss=0.160834 seconds=0.03
epoch=48/80 loss=0.154960 seconds=0.03
epoch=49/80 loss=0.175358 seconds=0.06
epoch=50/80 loss=0.156876 seconds=0.03
epoch=51/80 loss=0.162836 seconds=0.05
epoch=52/80 loss=0.165177 seconds=0.05
epoch=53/80 loss=0.138446 seconds=0.05
epoch=54/80 loss=0.142527 seconds=0.03
epoch=55/80 loss=0.106977 seconds=0.03
epoch=56/80 loss=0.155682 seconds=0.05
epoch=57/80 loss=0.146782 seconds=0.03
epoch=58/80 loss=0.140451 seconds=0.05
epoch=59/80 loss=0.151402 seconds=0.03
epoch=60/80 loss=0.148681 seconds=0.05
epoch=61/80 loss=0.143961 seconds=0.05
epoch=62/80 loss=0.143427 seconds=0.05
epoch=63/80 loss=0.175281 seconds=0.05
epoch=64/80 loss=0.141317 seconds=0.03
epoch=65/80 loss=0.157363 seconds=0.05
epoch=66/80 loss=0.120311 seconds=0.05
epoch=67/80 loss=0.122450 seconds=0.05
epoch=68/80 loss=0.147285 seconds=0.03
epoch=69/80 loss=0.156361 seconds=0.05
epoch=70/80 loss=0.144228 seconds=0.05
epoch=71/80 loss=0.114167 seconds=0.03
epoch=72/80 loss=0.104703 seconds=0.05
epoch=73/80 loss=0.126148 seconds=0.03
epoch=74/80 loss=0.128818 seconds=0.05
epoch=75/80 loss=0.111534 seconds=0.05
epoch=76/80 loss=0.134098 seconds=0.03
epoch=77/80 loss=0.124202 seconds=0.05
epoch=78/80 loss=0.136165 seconds=0.03
epoch=79/80 loss=0.113902 seconds=0.05
epoch=80/80 loss=0.127362 seconds=0.03
fold=2/10 OOF_accuracy=0.866667 OOF_AUC=0.960227
Device=cuda; epochs=80; batch=32; model=ResNetAutoencoder1D
epoch=1/80 loss=5.886790 seconds=0.05
epoch=2/80 loss=3.232428 seconds=0.05
epoch=3/80 loss=1.676349 seconds=0.03
epoch=4/80 loss=1.251325 seconds=0.05
epoch=5/80 loss=0.932734 seconds=0.03
epoch=6/80 loss=0.821937 seconds=0.05
epoch=7/80 loss=0.686846 seconds=0.05
epoch=8/80 loss=0.649437 seconds=0.05
epoch=9/80 loss=0.614954 seconds=0.03
epoch=10/80 loss=0.606204 seconds=0.05
epoch=11/80 loss=0.461326 seconds=0.05
epoch=12/80 loss=0.411570 seconds=0.03
epoch=13/80 loss=0.415904 seconds=0.05
epoch=14/80 loss=0.373365 seconds=0.03
epoch=15/80 loss=0.345449 seconds=0.03
epoch=16/80 loss=0.369658 seconds=0.05
epoch=17/80 loss=0.368017 seconds=0.03
epoch=18/80 loss=0.311051 seconds=0.05
epoch=19/80 loss=0.316039 seconds=0.03
epoch=20/80 loss=0.264392 seconds=0.05
epoch=21/80 loss=0.265584 seconds=0.05
epoch=22/80 loss=0.279076 seconds=0.03
epoch=23/80 loss=0.277754 seconds=0.05
epoch=24/80 loss=0.224161 seconds=0.03
epoch=25/80 loss=0.230051 seconds=0.05
epoch=26/80 loss=0.252493 seconds=0.03
epoch=27/80 loss=0.252527 seconds=0.05
epoch=28/80 loss=0.280767 seconds=0.05
epoch=29/80 loss=0.245902 seconds=0.03
epoch=30/80 loss=0.271092 seconds=0.05
epoch=31/80 loss=0.266625 seconds=0.03
epoch=32/80 loss=0.224570 seconds=0.05
epoch=33/80 loss=0.271645 seconds=0.05
epoch=34/80 loss=0.184992 seconds=0.06
epoch=35/80 loss=0.216895 seconds=0.03
epoch=36/80 loss=0.255525 seconds=0.05
epoch=37/80 loss=0.196755 seconds=0.03
epoch=38/80 loss=0.207468 seconds=0.05
epoch=39/80 loss=0.162005 seconds=0.05
epoch=40/80 loss=0.161769 seconds=0.03
epoch=41/80 loss=0.172939 seconds=0.05
epoch=42/80 loss=0.186006 seconds=0.03
epoch=43/80 loss=0.166990 seconds=0.05
epoch=44/80 loss=0.134669 seconds=0.03
epoch=45/80 loss=0.176055 seconds=0.05
epoch=46/80 loss=0.233908 seconds=0.03
epoch=47/80 loss=0.180379 seconds=0.05
epoch=48/80 loss=0.200126 seconds=0.05
epoch=49/80 loss=0.175379 seconds=0.05
epoch=50/80 loss=0.161381 seconds=0.03
epoch=51/80 loss=0.168928 seconds=0.05
epoch=52/80 loss=0.153029 seconds=0.03
epoch=53/80 loss=0.174679 seconds=0.05
epoch=54/80 loss=0.160331 seconds=0.03
epoch=55/80 loss=0.176864 seconds=0.05
epoch=56/80 loss=0.183172 seconds=0.03
epoch=57/80 loss=0.150152 seconds=0.05
epoch=58/80 loss=0.177100 seconds=0.05
epoch=59/80 loss=0.151474 seconds=0.03
epoch=60/80 loss=0.152811 seconds=0.03
epoch=61/80 loss=0.143369 seconds=0.05
epoch=62/80 loss=0.159113 seconds=0.05
epoch=63/80 loss=0.150267 seconds=0.05
epoch=64/80 loss=0.142835 seconds=0.05
epoch=65/80 loss=0.166156 seconds=0.03
epoch=66/80 loss=0.150957 seconds=0.05
epoch=67/80 loss=0.181584 seconds=0.03
epoch=68/80 loss=0.145085 seconds=0.05
epoch=69/80 loss=0.140406 seconds=0.03
epoch=70/80 loss=0.140559 seconds=0.05
epoch=71/80 loss=0.131007 seconds=0.03
epoch=72/80 loss=0.143518 seconds=0.05
epoch=73/80 loss=0.114655 seconds=0.05
epoch=74/80 loss=0.114551 seconds=0.03
epoch=75/80 loss=0.101432 seconds=0.05
epoch=76/80 loss=0.114981 seconds=0.03
epoch=77/80 loss=0.114396 seconds=0.05
epoch=78/80 loss=0.131603 seconds=0.05
epoch=79/80 loss=0.118007 seconds=0.05
epoch=80/80 loss=0.121544 seconds=0.05
fold=3/10 OOF_accuracy=0.866667 OOF_AUC=0.801136
Device=cuda; epochs=80; batch=32; model=ResNetAutoencoder1D
epoch=1/80 loss=5.631164 seconds=0.05
epoch=2/80 loss=3.101641 seconds=0.05
epoch=3/80 loss=1.840645 seconds=0.05
epoch=4/80 loss=1.309334 seconds=0.03
epoch=5/80 loss=1.006736 seconds=0.05
epoch=6/80 loss=0.862925 seconds=0.05
epoch=7/80 loss=0.777693 seconds=0.03
epoch=8/80 loss=0.631125 seconds=0.06
epoch=9/80 loss=0.614662 seconds=0.03
epoch=10/80 loss=0.518793 seconds=0.05
epoch=11/80 loss=0.467017 seconds=0.05
epoch=12/80 loss=0.453817 seconds=0.05
epoch=13/80 loss=0.427244 seconds=0.06
epoch=14/80 loss=0.453585 seconds=0.05
epoch=15/80 loss=0.395108 seconds=0.05
epoch=16/80 loss=0.394747 seconds=0.05
epoch=17/80 loss=0.289836 seconds=0.05
epoch=18/80 loss=0.312523 seconds=0.06
epoch=19/80 loss=0.275973 seconds=0.03
epoch=20/80 loss=0.251970 seconds=0.05
epoch=21/80 loss=0.276678 seconds=0.05
epoch=22/80 loss=0.279405 seconds=0.03
epoch=23/80 loss=0.236148 seconds=0.05
epoch=24/80 loss=0.260730 seconds=0.03
epoch=25/80 loss=0.231460 seconds=0.05
epoch=26/80 loss=0.231674 seconds=0.05
epoch=27/80 loss=0.244448 seconds=0.05
epoch=28/80 loss=0.322350 seconds=0.06
epoch=29/80 loss=0.262468 seconds=0.03
epoch=30/80 loss=0.260351 seconds=0.05
epoch=31/80 loss=0.241726 seconds=0.03
epoch=32/80 loss=0.204563 seconds=0.05
epoch=33/80 loss=0.263256 seconds=0.03
epoch=34/80 loss=0.229308 seconds=0.05
epoch=35/80 loss=0.196073 seconds=0.03
epoch=36/80 loss=0.190434 seconds=0.05
epoch=37/80 loss=0.198955 seconds=0.05
epoch=38/80 loss=0.193303 seconds=0.05
epoch=39/80 loss=0.176306 seconds=0.03
epoch=40/80 loss=0.164678 seconds=0.05
epoch=41/80 loss=0.142843 seconds=0.03
epoch=42/80 loss=0.182352 seconds=0.05
epoch=43/80 loss=0.212336 seconds=0.03
epoch=44/80 loss=0.202584 seconds=0.05
epoch=45/80 loss=0.177065 seconds=0.05
epoch=46/80 loss=0.192578 seconds=0.03
epoch=47/80 loss=0.159684 seconds=0.05
epoch=48/80 loss=0.185145 seconds=0.03
epoch=49/80 loss=0.186910 seconds=0.05
epoch=50/80 loss=0.171931 seconds=0.05
epoch=51/80 loss=0.164295 seconds=0.03
epoch=52/80 loss=0.142413 seconds=0.05
epoch=53/80 loss=0.145747 seconds=0.05
epoch=54/80 loss=0.144188 seconds=0.05
epoch=55/80 loss=0.130644 seconds=0.05
epoch=56/80 loss=0.159198 seconds=0.05
epoch=57/80 loss=0.141764 seconds=0.05
epoch=58/80 loss=0.154589 seconds=0.05
epoch=59/80 loss=0.165201 seconds=0.03
epoch=60/80 loss=0.152560 seconds=0.05
epoch=61/80 loss=0.134029 seconds=0.05
epoch=62/80 loss=0.124412 seconds=0.05
epoch=63/80 loss=0.112828 seconds=0.03
epoch=64/80 loss=0.140051 seconds=0.05
epoch=65/80 loss=0.118458 seconds=0.05
epoch=66/80 loss=0.123740 seconds=0.05
epoch=67/80 loss=0.147295 seconds=0.05
epoch=68/80 loss=0.128844 seconds=0.06
epoch=69/80 loss=0.162359 seconds=0.05
epoch=70/80 loss=0.144183 seconds=0.05
epoch=71/80 loss=0.151002 seconds=0.05
epoch=72/80 loss=0.125395 seconds=0.03
epoch=73/80 loss=0.116136 seconds=0.05
epoch=74/80 loss=0.111891 seconds=0.05
epoch=75/80 loss=0.099505 seconds=0.03
epoch=76/80 loss=0.122477 seconds=0.05
epoch=77/80 loss=0.125425 seconds=0.05
epoch=78/80 loss=0.132147 seconds=0.05
epoch=79/80 loss=0.139262 seconds=0.03
epoch=80/80 loss=0.147294 seconds=0.05
fold=4/10 OOF_accuracy=0.933333 OOF_AUC=0.846591
Device=cuda; epochs=80; batch=32; model=ResNetAutoencoder1D
epoch=1/80 loss=5.866713 seconds=0.05
epoch=2/80 loss=3.350862 seconds=0.03
epoch=3/80 loss=1.873305 seconds=0.03
epoch=4/80 loss=1.173513 seconds=0.05
epoch=5/80 loss=1.005023 seconds=0.05
epoch=6/80 loss=0.813509 seconds=0.05
epoch=7/80 loss=0.796667 seconds=0.05
epoch=8/80 loss=0.652761 seconds=0.03
epoch=9/80 loss=0.528487 seconds=0.05
epoch=10/80 loss=0.545090 seconds=0.05
epoch=11/80 loss=0.494394 seconds=0.03
epoch=12/80 loss=0.417737 seconds=0.05
epoch=13/80 loss=0.415678 seconds=0.05
epoch=14/80 loss=0.386483 seconds=0.05
epoch=15/80 loss=0.381060 seconds=0.05
epoch=16/80 loss=0.369747 seconds=0.05
epoch=17/80 loss=0.312891 seconds=0.05
epoch=18/80 loss=0.306478 seconds=0.05
epoch=19/80 loss=0.299551 seconds=0.03
epoch=20/80 loss=0.343150 seconds=0.05
epoch=21/80 loss=0.331096 seconds=0.05
epoch=22/80 loss=0.331201 seconds=0.03
epoch=23/80 loss=0.351630 seconds=0.03
epoch=24/80 loss=0.259238 seconds=0.05
epoch=25/80 loss=0.305003 seconds=0.05
epoch=26/80 loss=0.307534 seconds=0.05
epoch=27/80 loss=0.273816 seconds=0.05
epoch=28/80 loss=0.303201 seconds=0.05
epoch=29/80 loss=0.246124 seconds=0.03
epoch=30/80 loss=0.266062 seconds=0.05
epoch=31/80 loss=0.267355 seconds=0.05
epoch=32/80 loss=0.228649 seconds=0.05
epoch=33/80 loss=0.185123 seconds=0.03
epoch=34/80 loss=0.172673 seconds=0.05
epoch=35/80 loss=0.194630 seconds=0.05
epoch=36/80 loss=0.220543 seconds=0.05
epoch=37/80 loss=0.213307 seconds=0.05
epoch=38/80 loss=0.206827 seconds=0.03
epoch=39/80 loss=0.208442 seconds=0.05
epoch=40/80 loss=0.201867 seconds=0.05
epoch=41/80 loss=0.200554 seconds=0.03
epoch=42/80 loss=0.227207 seconds=0.05
epoch=43/80 loss=0.193414 seconds=0.05
epoch=44/80 loss=0.174308 seconds=0.03
epoch=45/80 loss=0.158916 seconds=0.05
epoch=46/80 loss=0.150575 seconds=0.05
epoch=47/80 loss=0.146235 seconds=0.03
epoch=48/80 loss=0.145979 seconds=0.05
epoch=49/80 loss=0.183005 seconds=0.05
epoch=50/80 loss=0.145480 seconds=0.05
epoch=51/80 loss=0.152936 seconds=0.05
epoch=52/80 loss=0.162457 seconds=0.05
epoch=53/80 loss=0.129891 seconds=0.05
epoch=54/80 loss=0.131722 seconds=0.03
epoch=55/80 loss=0.117363 seconds=0.05
epoch=56/80 loss=0.156102 seconds=0.06
epoch=57/80 loss=0.155359 seconds=0.05
epoch=58/80 loss=0.143821 seconds=0.05
epoch=59/80 loss=0.148191 seconds=0.05
epoch=60/80 loss=0.174367 seconds=0.05
epoch=61/80 loss=0.156208 seconds=0.05
epoch=62/80 loss=0.149470 seconds=0.05
epoch=63/80 loss=0.149194 seconds=0.05
epoch=64/80 loss=0.169961 seconds=0.05
epoch=65/80 loss=0.144883 seconds=0.05
epoch=66/80 loss=0.154217 seconds=0.05
epoch=67/80 loss=0.176314 seconds=0.05
epoch=68/80 loss=0.137609 seconds=0.05
epoch=69/80 loss=0.150964 seconds=0.03
epoch=70/80 loss=0.153230 seconds=0.05
epoch=71/80 loss=0.167880 seconds=0.05
epoch=72/80 loss=0.152519 seconds=0.05
epoch=73/80 loss=0.131054 seconds=0.05
epoch=74/80 loss=0.119149 seconds=0.03
epoch=75/80 loss=0.116208 seconds=0.05
epoch=76/80 loss=0.110394 seconds=0.05
epoch=77/80 loss=0.106798 seconds=0.05
epoch=78/80 loss=0.107997 seconds=0.05
epoch=79/80 loss=0.118838 seconds=0.03
epoch=80/80 loss=0.123430 seconds=0.05
fold=5/10 OOF_accuracy=0.866667 OOF_AUC=0.971591
Device=cuda; epochs=80; batch=32; model=ResNetAutoencoder1D
epoch=1/80 loss=5.669282 seconds=0.05
epoch=2/80 loss=3.029573 seconds=0.05
epoch=3/80 loss=1.563943 seconds=0.05
epoch=4/80 loss=1.128833 seconds=0.05
epoch=5/80 loss=0.873365 seconds=0.05
epoch=6/80 loss=0.790393 seconds=0.05
epoch=7/80 loss=0.675960 seconds=0.03
epoch=8/80 loss=0.532587 seconds=0.05
epoch=9/80 loss=0.525784 seconds=0.03
epoch=10/80 loss=0.476170 seconds=0.05
epoch=11/80 loss=0.404060 seconds=0.03
epoch=12/80 loss=0.433803 seconds=0.05
epoch=13/80 loss=0.402577 seconds=0.03
epoch=14/80 loss=0.411365 seconds=0.05
epoch=15/80 loss=0.378508 seconds=0.05
epoch=16/80 loss=0.386893 seconds=0.03
epoch=17/80 loss=0.298448 seconds=0.05
epoch=18/80 loss=0.364765 seconds=0.05
epoch=19/80 loss=0.364155 seconds=0.03
epoch=20/80 loss=0.331633 seconds=0.05
epoch=21/80 loss=0.265828 seconds=0.03
epoch=22/80 loss=0.295203 seconds=0.05
epoch=23/80 loss=0.257928 seconds=0.05
epoch=24/80 loss=0.245168 seconds=0.05
epoch=25/80 loss=0.214083 seconds=0.03
epoch=26/80 loss=0.208980 seconds=0.05
epoch=27/80 loss=0.236518 seconds=0.03
epoch=28/80 loss=0.230230 seconds=0.03
epoch=29/80 loss=0.201099 seconds=0.05
epoch=30/80 loss=0.243332 seconds=0.05
epoch=31/80 loss=0.236383 seconds=0.03
epoch=32/80 loss=0.202199 seconds=0.05
epoch=33/80 loss=0.221770 seconds=0.03
epoch=34/80 loss=0.214375 seconds=0.03
epoch=35/80 loss=0.233731 seconds=0.05
epoch=36/80 loss=0.241794 seconds=0.03
epoch=37/80 loss=0.239071 seconds=0.05
epoch=38/80 loss=0.220581 seconds=0.03
epoch=39/80 loss=0.218208 seconds=0.05
epoch=40/80 loss=0.187150 seconds=0.03
epoch=41/80 loss=0.186901 seconds=0.05
epoch=42/80 loss=0.204964 seconds=0.03
epoch=43/80 loss=0.194116 seconds=0.05
epoch=44/80 loss=0.175528 seconds=0.03
epoch=45/80 loss=0.213841 seconds=0.05
epoch=46/80 loss=0.203791 seconds=0.03
epoch=47/80 loss=0.163028 seconds=0.05
epoch=48/80 loss=0.170966 seconds=0.03
epoch=49/80 loss=0.163267 seconds=0.05
epoch=50/80 loss=0.161867 seconds=0.03
epoch=51/80 loss=0.157228 seconds=0.05
epoch=52/80 loss=0.147158 seconds=0.03
epoch=53/80 loss=0.118536 seconds=0.05
epoch=54/80 loss=0.117132 seconds=0.05
epoch=55/80 loss=0.127915 seconds=0.05
epoch=56/80 loss=0.153706 seconds=0.05
epoch=57/80 loss=0.145078 seconds=0.05
epoch=58/80 loss=0.140958 seconds=0.06
epoch=59/80 loss=0.199777 seconds=0.05
epoch=60/80 loss=0.152873 seconds=0.05
epoch=61/80 loss=0.166918 seconds=0.05
epoch=62/80 loss=0.170369 seconds=0.05
epoch=63/80 loss=0.151569 seconds=0.05
epoch=64/80 loss=0.161094 seconds=0.05
epoch=65/80 loss=0.158486 seconds=0.05
epoch=66/80 loss=0.163865 seconds=0.05
epoch=67/80 loss=0.133040 seconds=0.03
epoch=68/80 loss=0.131986 seconds=0.06
epoch=69/80 loss=0.123517 seconds=0.05
epoch=70/80 loss=0.103981 seconds=0.03
epoch=71/80 loss=0.113824 seconds=0.05
epoch=72/80 loss=0.133095 seconds=0.05
epoch=73/80 loss=0.124956 seconds=0.03
epoch=74/80 loss=0.118203 seconds=0.05
epoch=75/80 loss=0.137135 seconds=0.03
epoch=76/80 loss=0.160970 seconds=0.05
epoch=77/80 loss=0.153699 seconds=0.03
epoch=78/80 loss=0.139119 seconds=0.05
epoch=79/80 loss=0.156859 seconds=0.03
epoch=80/80 loss=0.131380 seconds=0.05
fold=6/10 OOF_accuracy=0.933333 OOF_AUC=0.954545
Device=cuda; epochs=80; batch=32; model=ResNetAutoencoder1D
epoch=1/80 loss=5.787655 seconds=0.05
epoch=2/80 loss=3.210048 seconds=0.03
epoch=3/80 loss=1.672554 seconds=0.05
epoch=4/80 loss=1.246301 seconds=0.05
epoch=5/80 loss=1.007357 seconds=0.03
epoch=6/80 loss=0.871878 seconds=0.06
epoch=7/80 loss=0.685309 seconds=0.05
epoch=8/80 loss=0.624304 seconds=0.05
epoch=9/80 loss=0.498557 seconds=0.05
epoch=10/80 loss=0.432063 seconds=0.06
epoch=11/80 loss=0.434648 seconds=0.05
epoch=12/80 loss=0.478286 seconds=0.03
epoch=13/80 loss=0.362065 seconds=0.05
epoch=14/80 loss=0.402190 seconds=0.05
epoch=15/80 loss=0.310945 seconds=0.03
epoch=16/80 loss=0.355605 seconds=0.05
epoch=17/80 loss=0.307959 seconds=0.06
epoch=18/80 loss=0.313795 seconds=0.05
epoch=19/80 loss=0.285927 seconds=0.05
epoch=20/80 loss=0.280309 seconds=0.05
epoch=21/80 loss=0.237956 seconds=0.05
epoch=22/80 loss=0.231843 seconds=0.05
epoch=23/80 loss=0.307312 seconds=0.05
epoch=24/80 loss=0.240777 seconds=0.05
epoch=25/80 loss=0.260844 seconds=0.06
epoch=26/80 loss=0.209772 seconds=0.05
epoch=27/80 loss=0.240838 seconds=0.05
epoch=28/80 loss=0.262727 seconds=0.05
epoch=29/80 loss=0.250821 seconds=0.06
epoch=30/80 loss=0.269032 seconds=0.05
epoch=31/80 loss=0.247670 seconds=0.05
epoch=32/80 loss=0.257785 seconds=0.05
epoch=33/80 loss=0.221322 seconds=0.05
epoch=34/80 loss=0.208950 seconds=0.05
epoch=35/80 loss=0.191311 seconds=0.05
epoch=36/80 loss=0.206111 seconds=0.05
epoch=37/80 loss=0.242387 seconds=0.06
epoch=38/80 loss=0.173641 seconds=0.05
epoch=39/80 loss=0.200319 seconds=0.05
epoch=40/80 loss=0.192026 seconds=0.05
epoch=41/80 loss=0.208192 seconds=0.05
epoch=42/80 loss=0.224329 seconds=0.05
epoch=43/80 loss=0.189451 seconds=0.03
epoch=44/80 loss=0.201529 seconds=0.06
epoch=45/80 loss=0.238791 seconds=0.05
epoch=46/80 loss=0.240715 seconds=0.05
epoch=47/80 loss=0.212068 seconds=0.05
epoch=48/80 loss=0.171191 seconds=0.05
epoch=49/80 loss=0.183343 seconds=0.05
epoch=50/80 loss=0.189646 seconds=0.05
epoch=51/80 loss=0.161959 seconds=0.05
epoch=52/80 loss=0.199932 seconds=0.05
epoch=53/80 loss=0.160280 seconds=0.05
epoch=54/80 loss=0.136522 seconds=0.05
epoch=55/80 loss=0.133148 seconds=0.05
epoch=56/80 loss=0.171588 seconds=0.05
epoch=57/80 loss=0.130890 seconds=0.05
epoch=58/80 loss=0.143357 seconds=0.05
epoch=59/80 loss=0.185159 seconds=0.05
epoch=60/80 loss=0.175853 seconds=0.03
epoch=61/80 loss=0.163086 seconds=0.03
epoch=62/80 loss=0.144534 seconds=0.06
epoch=63/80 loss=0.152265 seconds=0.05
epoch=64/80 loss=0.148072 seconds=0.05
epoch=65/80 loss=0.120272 seconds=0.05
epoch=66/80 loss=0.153251 seconds=0.05
epoch=67/80 loss=0.148009 seconds=0.05
epoch=68/80 loss=0.135940 seconds=0.06
epoch=69/80 loss=0.129370 seconds=0.06
epoch=70/80 loss=0.126303 seconds=0.05
epoch=71/80 loss=0.118818 seconds=0.06
epoch=72/80 loss=0.113582 seconds=0.05
epoch=73/80 loss=0.112204 seconds=0.05
epoch=74/80 loss=0.135936 seconds=0.05
epoch=75/80 loss=0.141436 seconds=0.05
epoch=76/80 loss=0.140799 seconds=0.05
epoch=77/80 loss=0.124721 seconds=0.05
epoch=78/80 loss=0.133311 seconds=0.05
epoch=79/80 loss=0.136408 seconds=0.05
epoch=80/80 loss=0.104795 seconds=0.05
fold=7/10 OOF_accuracy=0.833333 OOF_AUC=0.897727
Device=cuda; epochs=80; batch=32; model=ResNetAutoencoder1D
epoch=1/80 loss=5.762164 seconds=0.05
epoch=2/80 loss=3.146237 seconds=0.05
epoch=3/80 loss=1.706537 seconds=0.05
epoch=4/80 loss=1.210187 seconds=0.05
epoch=5/80 loss=0.956237 seconds=0.05
epoch=6/80 loss=0.872093 seconds=0.05
epoch=7/80 loss=0.711079 seconds=0.06
epoch=8/80 loss=0.608035 seconds=0.05
epoch=9/80 loss=0.515232 seconds=0.05
epoch=10/80 loss=0.428448 seconds=0.05
epoch=11/80 loss=0.443631 seconds=0.05
epoch=12/80 loss=0.420297 seconds=0.06
epoch=13/80 loss=0.391589 seconds=0.05
epoch=14/80 loss=0.325755 seconds=0.06
epoch=15/80 loss=0.336430 seconds=0.06
epoch=16/80 loss=0.349717 seconds=0.05
epoch=17/80 loss=0.275444 seconds=0.05
epoch=18/80 loss=0.205864 seconds=0.05
epoch=19/80 loss=0.251431 seconds=0.06
epoch=20/80 loss=0.261467 seconds=0.05
epoch=21/80 loss=0.257926 seconds=0.05
epoch=22/80 loss=0.258659 seconds=0.05
epoch=23/80 loss=0.257252 seconds=0.06
epoch=24/80 loss=0.263794 seconds=0.05
epoch=25/80 loss=0.217991 seconds=0.05
epoch=26/80 loss=0.255385 seconds=0.03
epoch=27/80 loss=0.222413 seconds=0.05
epoch=28/80 loss=0.297830 seconds=0.03
epoch=29/80 loss=0.214486 seconds=0.05
epoch=30/80 loss=0.229714 seconds=0.05
epoch=31/80 loss=0.287721 seconds=0.05
epoch=32/80 loss=0.256812 seconds=0.05
epoch=33/80 loss=0.233629 seconds=0.05
epoch=34/80 loss=0.163584 seconds=0.03
epoch=35/80 loss=0.183327 seconds=0.05
epoch=36/80 loss=0.174414 seconds=0.05
epoch=37/80 loss=0.185544 seconds=0.05
epoch=38/80 loss=0.196955 seconds=0.03
epoch=39/80 loss=0.199222 seconds=0.05
epoch=40/80 loss=0.207654 seconds=0.03
epoch=41/80 loss=0.187190 seconds=0.05
epoch=42/80 loss=0.233570 seconds=0.03
epoch=43/80 loss=0.251049 seconds=0.05
epoch=44/80 loss=0.209540 seconds=0.05
epoch=45/80 loss=0.197348 seconds=0.05
epoch=46/80 loss=0.203826 seconds=0.03
epoch=47/80 loss=0.172291 seconds=0.05
epoch=48/80 loss=0.156627 seconds=0.05
epoch=49/80 loss=0.187593 seconds=0.05
epoch=50/80 loss=0.174471 seconds=0.03
epoch=51/80 loss=0.169215 seconds=0.05
epoch=52/80 loss=0.192330 seconds=0.05
epoch=53/80 loss=0.163360 seconds=0.05
epoch=54/80 loss=0.212108 seconds=0.03
epoch=55/80 loss=0.170594 seconds=0.05
epoch=56/80 loss=0.143461 seconds=0.03
epoch=57/80 loss=0.179736 seconds=0.05
epoch=58/80 loss=0.140474 seconds=0.05
epoch=59/80 loss=0.142111 seconds=0.03
epoch=60/80 loss=0.120942 seconds=0.05
epoch=61/80 loss=0.133207 seconds=0.05
epoch=62/80 loss=0.154221 seconds=0.05
epoch=63/80 loss=0.140254 seconds=0.03
epoch=64/80 loss=0.144250 seconds=0.05
epoch=65/80 loss=0.156485 seconds=0.05
epoch=66/80 loss=0.151409 seconds=0.03
epoch=67/80 loss=0.149989 seconds=0.05
epoch=68/80 loss=0.127773 seconds=0.05
epoch=69/80 loss=0.162906 seconds=0.03
epoch=70/80 loss=0.135112 seconds=0.05
epoch=71/80 loss=0.135903 seconds=0.03
epoch=72/80 loss=0.121866 seconds=0.05
epoch=73/80 loss=0.111393 seconds=0.03
epoch=74/80 loss=0.115526 seconds=0.05
epoch=75/80 loss=0.120104 seconds=0.05
epoch=76/80 loss=0.118579 seconds=0.03
epoch=77/80 loss=0.176198 seconds=0.05
epoch=78/80 loss=0.153284 seconds=0.05
epoch=79/80 loss=0.126975 seconds=0.05
epoch=80/80 loss=0.122927 seconds=0.03
fold=8/10 OOF_accuracy=0.800000 OOF_AUC=0.755682
Device=cuda; epochs=80; batch=32; model=ResNetAutoencoder1D
epoch=1/80 loss=5.738865 seconds=0.05
epoch=2/80 loss=3.051973 seconds=0.03
epoch=3/80 loss=1.847588 seconds=0.06
epoch=4/80 loss=1.220445 seconds=0.03
epoch=5/80 loss=0.996729 seconds=0.05
epoch=6/80 loss=0.984225 seconds=0.03
epoch=7/80 loss=0.813818 seconds=0.05
epoch=8/80 loss=0.650201 seconds=0.03
epoch=9/80 loss=0.564839 seconds=0.05
epoch=10/80 loss=0.572353 seconds=0.05
epoch=11/80 loss=0.478287 seconds=0.03
epoch=12/80 loss=0.437157 seconds=0.05
epoch=13/80 loss=0.448996 seconds=0.05
epoch=14/80 loss=0.427234 seconds=0.05
epoch=15/80 loss=0.381095 seconds=0.05
epoch=16/80 loss=0.433579 seconds=0.03
epoch=17/80 loss=0.404942 seconds=0.05
epoch=18/80 loss=0.321226 seconds=0.03
epoch=19/80 loss=0.308153 seconds=0.05
epoch=20/80 loss=0.283839 seconds=0.05
epoch=21/80 loss=0.312282 seconds=0.03
epoch=22/80 loss=0.282758 seconds=0.05
epoch=23/80 loss=0.265340 seconds=0.05
epoch=24/80 loss=0.215338 seconds=0.03
epoch=25/80 loss=0.257956 seconds=0.05
epoch=26/80 loss=0.247229 seconds=0.03
epoch=27/80 loss=0.236961 seconds=0.05
epoch=28/80 loss=0.266595 seconds=0.05
epoch=29/80 loss=0.274660 seconds=0.05
epoch=30/80 loss=0.217376 seconds=0.03
epoch=31/80 loss=0.221480 seconds=0.05
epoch=32/80 loss=0.267527 seconds=0.05
epoch=33/80 loss=0.259389 seconds=0.03
epoch=34/80 loss=0.219934 seconds=0.05
epoch=35/80 loss=0.165904 seconds=0.05
epoch=36/80 loss=0.174393 seconds=0.05
epoch=37/80 loss=0.200091 seconds=0.05
epoch=38/80 loss=0.204443 seconds=0.03
epoch=39/80 loss=0.192493 seconds=0.05
epoch=40/80 loss=0.170619 seconds=0.05
epoch=41/80 loss=0.200866 seconds=0.05
epoch=42/80 loss=0.181176 seconds=0.05
epoch=43/80 loss=0.203838 seconds=0.05
epoch=44/80 loss=0.151669 seconds=0.03
epoch=45/80 loss=0.205396 seconds=0.05
epoch=46/80 loss=0.193405 seconds=0.03
epoch=47/80 loss=0.176116 seconds=0.05
epoch=48/80 loss=0.179441 seconds=0.05
epoch=49/80 loss=0.162123 seconds=0.05
epoch=50/80 loss=0.216800 seconds=0.03
epoch=51/80 loss=0.157066 seconds=0.05
epoch=52/80 loss=0.173656 seconds=0.05
epoch=53/80 loss=0.117704 seconds=0.03
epoch=54/80 loss=0.135795 seconds=0.03
epoch=55/80 loss=0.136366 seconds=0.06
epoch=56/80 loss=0.156765 seconds=0.03
epoch=57/80 loss=0.144423 seconds=0.05
epoch=58/80 loss=0.170720 seconds=0.05
epoch=59/80 loss=0.176541 seconds=0.03
epoch=60/80 loss=0.145342 seconds=0.05
epoch=61/80 loss=0.120324 seconds=0.03
epoch=62/80 loss=0.139392 seconds=0.05
epoch=63/80 loss=0.142573 seconds=0.03
epoch=64/80 loss=0.154473 seconds=0.05
epoch=65/80 loss=0.138216 seconds=0.03
epoch=66/80 loss=0.131683 seconds=0.05
epoch=67/80 loss=0.126256 seconds=0.03
epoch=68/80 loss=0.121150 seconds=0.05
epoch=69/80 loss=0.137977 seconds=0.03
epoch=70/80 loss=0.115902 seconds=0.05
epoch=71/80 loss=0.137325 seconds=0.03
epoch=72/80 loss=0.134086 seconds=0.05
epoch=73/80 loss=0.123135 seconds=0.05
epoch=74/80 loss=0.124126 seconds=0.03
epoch=75/80 loss=0.123234 seconds=0.05
epoch=76/80 loss=0.110007 seconds=0.05
epoch=77/80 loss=0.152085 seconds=0.05
epoch=78/80 loss=0.175201 seconds=0.03
epoch=79/80 loss=0.132519 seconds=0.05
epoch=80/80 loss=0.114637 seconds=0.05
fold=9/10 OOF_accuracy=0.833333 OOF_AUC=0.886364
Device=cuda; epochs=80; batch=32; model=ResNetAutoencoder1D
epoch=1/80 loss=5.844117 seconds=0.05
epoch=2/80 loss=3.284554 seconds=0.03
epoch=3/80 loss=1.720848 seconds=0.05
epoch=4/80 loss=1.287844 seconds=0.03
epoch=5/80 loss=1.027547 seconds=0.05
epoch=6/80 loss=0.836269 seconds=0.03
epoch=7/80 loss=0.710639 seconds=0.05
epoch=8/80 loss=0.525465 seconds=0.05
epoch=9/80 loss=0.565281 seconds=0.05
epoch=10/80 loss=0.478651 seconds=0.05
epoch=11/80 loss=0.416720 seconds=0.05
epoch=12/80 loss=0.362574 seconds=0.05
epoch=13/80 loss=0.455583 seconds=0.05
epoch=14/80 loss=0.402114 seconds=0.05
epoch=15/80 loss=0.373832 seconds=0.03
epoch=16/80 loss=0.342033 seconds=0.05
epoch=17/80 loss=0.245910 seconds=0.03
epoch=18/80 loss=0.261480 seconds=0.05
epoch=19/80 loss=0.265877 seconds=0.05
epoch=20/80 loss=0.290832 seconds=0.05
epoch=21/80 loss=0.268263 seconds=0.03
epoch=22/80 loss=0.238556 seconds=0.05
epoch=23/80 loss=0.288967 seconds=0.03
epoch=24/80 loss=0.282833 seconds=0.05
epoch=25/80 loss=0.253480 seconds=0.05
epoch=26/80 loss=0.291573 seconds=0.05
epoch=27/80 loss=0.283570 seconds=0.05
epoch=28/80 loss=0.255537 seconds=0.03
epoch=29/80 loss=0.227054 seconds=0.05
epoch=30/80 loss=0.196204 seconds=0.05
epoch=31/80 loss=0.200897 seconds=0.05
epoch=32/80 loss=0.218411 seconds=0.03
epoch=33/80 loss=0.224865 seconds=0.05
epoch=34/80 loss=0.178981 seconds=0.05
epoch=35/80 loss=0.194685 seconds=0.05
epoch=36/80 loss=0.193535 seconds=0.05
epoch=37/80 loss=0.186189 seconds=0.05
epoch=38/80 loss=0.160874 seconds=0.05
epoch=39/80 loss=0.193984 seconds=0.05
epoch=40/80 loss=0.130017 seconds=0.03
epoch=41/80 loss=0.157867 seconds=0.05
epoch=42/80 loss=0.153564 seconds=0.03
epoch=43/80 loss=0.190804 seconds=0.05
epoch=44/80 loss=0.155058 seconds=0.05
epoch=45/80 loss=0.186390 seconds=0.05
epoch=46/80 loss=0.194026 seconds=0.03
epoch=47/80 loss=0.179328 seconds=0.05
epoch=48/80 loss=0.164601 seconds=0.05
epoch=49/80 loss=0.149712 seconds=0.03
epoch=50/80 loss=0.144643 seconds=0.05
epoch=51/80 loss=0.126427 seconds=0.03
epoch=52/80 loss=0.180244 seconds=0.05
epoch=53/80 loss=0.151128 seconds=0.03
epoch=54/80 loss=0.132853 seconds=0.05
epoch=55/80 loss=0.138735 seconds=0.03
epoch=56/80 loss=0.150989 seconds=0.05
epoch=57/80 loss=0.137454 seconds=0.05
epoch=58/80 loss=0.140227 seconds=0.03
epoch=59/80 loss=0.155644 seconds=0.05
epoch=60/80 loss=0.150186 seconds=0.05
epoch=61/80 loss=0.131288 seconds=0.05
epoch=62/80 loss=0.125770 seconds=0.05
epoch=63/80 loss=0.123694 seconds=0.05
epoch=64/80 loss=0.130393 seconds=0.05
epoch=65/80 loss=0.134043 seconds=0.05
epoch=66/80 loss=0.136781 seconds=0.05
epoch=67/80 loss=0.179944 seconds=0.05
epoch=68/80 loss=0.137377 seconds=0.05
epoch=69/80 loss=0.157913 seconds=0.03
epoch=70/80 loss=0.141834 seconds=0.05
epoch=71/80 loss=0.172361 seconds=0.05
epoch=72/80 loss=0.150674 seconds=0.05
epoch=73/80 loss=0.131978 seconds=0.03
epoch=74/80 loss=0.141162 seconds=0.05
epoch=75/80 loss=0.142903 seconds=0.05
epoch=76/80 loss=0.142804 seconds=0.05
epoch=77/80 loss=0.123398 seconds=0.05
epoch=78/80 loss=0.144274 seconds=0.03
epoch=79/80 loss=0.119226 seconds=0.05
epoch=80/80 loss=0.119072 seconds=0.05
fold=10/10 OOF_accuracy=0.800000 OOF_AUC=0.783069
Frozen Train OOF threshold=0.55893152952194214; objective=accuracy; OOF selection accuracy=0.850000
Device=cuda; epochs=80; batch=32; model=ResNetAutoencoder1D
epoch=1/80 loss=5.730154 seconds=0.06
epoch=2/80 loss=2.954099 seconds=0.06
epoch=3/80 loss=1.706151 seconds=0.05
epoch=4/80 loss=1.280970 seconds=0.05
epoch=5/80 loss=1.005495 seconds=0.06
epoch=6/80 loss=0.759582 seconds=0.05
epoch=7/80 loss=0.794060 seconds=0.05
epoch=8/80 loss=0.670065 seconds=0.05
epoch=9/80 loss=0.616032 seconds=0.05
epoch=10/80 loss=0.601985 seconds=0.05
epoch=11/80 loss=0.500926 seconds=0.05
epoch=12/80 loss=0.447315 seconds=0.06
epoch=13/80 loss=0.436633 seconds=0.05
epoch=14/80 loss=0.469506 seconds=0.05
epoch=15/80 loss=0.363563 seconds=0.05
epoch=16/80 loss=0.299652 seconds=0.05
epoch=17/80 loss=0.352139 seconds=0.05
epoch=18/80 loss=0.376895 seconds=0.05
epoch=19/80 loss=0.369578 seconds=0.05
epoch=20/80 loss=0.346266 seconds=0.05
epoch=21/80 loss=0.350135 seconds=0.03
epoch=22/80 loss=0.307963 seconds=0.05
epoch=23/80 loss=0.278696 seconds=0.06
epoch=24/80 loss=0.263346 seconds=0.05
epoch=25/80 loss=0.287010 seconds=0.05
epoch=26/80 loss=0.241890 seconds=0.03
epoch=27/80 loss=0.286701 seconds=0.05
epoch=28/80 loss=0.301470 seconds=0.05
epoch=29/80 loss=0.214077 seconds=0.05
epoch=30/80 loss=0.235991 seconds=0.05
epoch=31/80 loss=0.223982 seconds=0.05
epoch=32/80 loss=0.236202 seconds=0.03
epoch=33/80 loss=0.256426 seconds=0.06
epoch=34/80 loss=0.226743 seconds=0.03
epoch=35/80 loss=0.247145 seconds=0.06
epoch=36/80 loss=0.203821 seconds=0.05
epoch=37/80 loss=0.229063 seconds=0.03
epoch=38/80 loss=0.230920 seconds=0.05
epoch=39/80 loss=0.200022 seconds=0.05
epoch=40/80 loss=0.202763 seconds=0.05
epoch=41/80 loss=0.194723 seconds=0.05
epoch=42/80 loss=0.156224 seconds=0.05
epoch=43/80 loss=0.210330 seconds=0.03
epoch=44/80 loss=0.190101 seconds=0.05
epoch=45/80 loss=0.214366 seconds=0.05
epoch=46/80 loss=0.198424 seconds=0.05
epoch=47/80 loss=0.167233 seconds=0.05
epoch=48/80 loss=0.221124 seconds=0.03
epoch=49/80 loss=0.213148 seconds=0.05
epoch=50/80 loss=0.176260 seconds=0.05
epoch=51/80 loss=0.195486 seconds=0.03
epoch=52/80 loss=0.168335 seconds=0.05
epoch=53/80 loss=0.165298 seconds=0.06
epoch=54/80 loss=0.190542 seconds=0.05
epoch=55/80 loss=0.184031 seconds=0.03
epoch=56/80 loss=0.173732 seconds=0.06
epoch=57/80 loss=0.129320 seconds=0.05
epoch=58/80 loss=0.152961 seconds=0.05
epoch=59/80 loss=0.169074 seconds=0.05
epoch=60/80 loss=0.187699 seconds=0.05
epoch=61/80 loss=0.166266 seconds=0.05
epoch=62/80 loss=0.144072 seconds=0.03
epoch=63/80 loss=0.151811 seconds=0.05
epoch=64/80 loss=0.125657 seconds=0.05
epoch=65/80 loss=0.134115 seconds=0.05
epoch=66/80 loss=0.142140 seconds=0.03
epoch=67/80 loss=0.117240 seconds=0.05
epoch=68/80 loss=0.136617 seconds=0.05
epoch=69/80 loss=0.109234 seconds=0.05
epoch=70/80 loss=0.118605 seconds=0.05
epoch=71/80 loss=0.141569 seconds=0.05
epoch=72/80 loss=0.137961 seconds=0.03
epoch=73/80 loss=0.131338 seconds=0.05
epoch=74/80 loss=0.135438 seconds=0.05
epoch=75/80 loss=0.156151 seconds=0.05
epoch=76/80 loss=0.140331 seconds=0.03
epoch=77/80 loss=0.118406 seconds=0.05
epoch=78/80 loss=0.132047 seconds=0.05
epoch=79/80 loss=0.116063 seconds=0.06
epoch=80/80 loss=0.117372 seconds=0.05
{"cv_oof": {"accuracy": 0.8466666666666667, "balanced_accuracy": 0.7938440723828852, "sensitivity": 0.6790123456790124, "specificity": 0.908675799086758, "f1_macro": 0.8007623007623008, "roc_auc": 0.8610406449067027, "confusion_matrix": [[199, 20], [26, 55]], "classification_report": {"0": {"precision": 0.8844444444444445, "recall": 0.908675799086758, "f1-score": 0.8963963963963963, "support": 219.0}, "1": {"precision": 0.7333333333333333, "recall": 0.6790123456790124, "f1-score": 0.7051282051282052, "support": 81.0}, "accuracy": 0.8466666666666667, "macro avg": {"precision": 0.8088888888888889, "recall": 0.7938440723828852, "f1-score": 0.8007623007623008, "support": 300.0}, "weighted avg": {"precision": 0.8436444444444444, "recall": 0.8466666666666667, "f1-score": 0.8447539847539848, "support": 300.0}}}, "test": {"accuracy": 0.8441558441558441, "balanced_accuracy": 0.7589285714285714, "sensitivity": 0.5714285714285714, "specificity": 0.9464285714285714, "f1_macro": 0.7824858757062148, "roc_auc": 0.8588435374149661, "confusion_matrix": [[53, 3], [9, 12]], "classification_report": {"0": {"precision": 0.8548387096774194, "recall": 0.9464285714285714, "f1-score": 0.8983050847457628, "support": 56.0}, "1": {"precision": 0.8, "recall": 0.5714285714285714, "f1-score": 0.6666666666666666, "support": 21.0}, "accuracy": 0.8441558441558441, "macro avg": {"precision": 0.8274193548387097, "recall": 0.7589285714285714, "f1-score": 0.7824858757062148, "support": 77.0}, "weighted avg": {"precision": 0.839882697947214, "recall": 0.8441558441558441, "f1-score": 0.8351309707241911, "support": 77.0}}}, "folds": 10, "original_train_rows": 300, "train_rows": 300, "test_rows": 77, "elapsed_seconds": 41.796999999904074, "test_default": {"accuracy": 0.8441558441558441, "balanced_accuracy": 0.7589285714285714, "sensitivity": 0.5714285714285714, "specificity": 0.9464285714285714, "f1_macro": 0.7824858757062148, "roc_auc": 0.8588435374149661, "confusion_matrix": [[53, 3], [9, 12]], "classification_report": {"0": {"precision": 0.8548387096774194, "recall": 0.9464285714285714, "f1-score": 0.8983050847457628, "support": 56.0}, "1": {"precision": 0.8, "recall": 0.5714285714285714, "f1-score": 0.6666666666666666, "support": 21.0}, "accuracy": 0.8441558441558441, "macro avg": {"precision": 0.8274193548387097, "recall": 0.7589285714285714, "f1-score": 0.7824858757062148, "support": 77.0}, "weighted avg": {"precision": 0.839882697947214, "recall": 0.8441558441558441, "f1-score": 0.8351309707241911, "support": 77.0}}}, "decision_threshold": 0.5589315295219421, "oof_threshold_selection": {"accuracy": 0.85, "balanced_accuracy": 0.7961271774057161, "sensitivity": 0.6790123456790124, "specificity": 0.91324200913242, "f1_macro": 0.8042769119246104, "roc_auc": 0.8610406449067027, "confusion_matrix": [[200, 19], [26, 55]], "classification_report": {"0": {"precision": 0.8849557522123894, "recall": 0.91324200913242, "f1-score": 0.898876404494382, "support": 219.0}, "1": {"precision": 0.7432432432432432, "recall": 0.6790123456790124, "f1-score": 0.7096774193548387, "support": 81.0}, "accuracy": 0.85, "macro avg": {"precision": 0.8140994977278163, "recall": 0.7961271774057161, "f1-score": 0.8042769119246104, "support": 300.0}, "weighted avg": {"precision": 0.8466933747907199, "recall": 0.85, "f1-score": 0.8477926785067054, "support": 300.0}}}, "test_accuracy_change": 0.0}
