Command: ["C:\\Users\\IHCK\\AppData\\Local\\Programs\\Python\\Python312\\python.exe", "-u", "C:\\Users\\IHCK\\Desktop\\1_10_69Final\\Hippocampal-Shape-Analysis-for-Epilepsy-Detection\\Model\\train_dataset_model.py", "--dataset", "coef_raw_balanced_jitter", "--side", "right", "--model", "SqueezeNet", "--kind", "coef", "--train-csv", "C:\\Users\\IHCK\\Desktop\\1_10_69Final\\Hippocampal-Shape-Analysis-for-Epilepsy-Detection\\Output_Dataset\\coef_raw_balanced_jitter\\right\\train_prepared.csv", "--test-csv", "C:\\Users\\IHCK\\Desktop\\1_10_69Final\\Hippocampal-Shape-Analysis-for-Epilepsy-Detection\\Output_Dataset\\coef_raw_balanced_jitter\\right\\test_prepared.csv", "--output-dir", "C:\\Users\\IHCK\\Desktop\\1_10_69Final\\Hippocampal-Shape-Analysis-for-Epilepsy-Detection\\Model_Results\\dataset_runs_20261003_oof_threshold\\coef_raw_balanced_jitter\\right\\SqueezeNet", "--epochs", "80", "--folds", "10", "--pls-components", "8", "--seed", "42", "--threads", "2", "--tune-threshold"]
10-fold CV: dataset=coef_raw_balanced_jitter side=right model=SqueezeNet; original_train=300 test=77
Device=cuda; epochs=80; batch=32; model=SqueezeNet1D
epoch=1/80 loss=0.693530 seconds=0.38
epoch=2/80 loss=0.691014 seconds=0.05
epoch=3/80 loss=0.681083 seconds=0.05
epoch=4/80 loss=0.633153 seconds=0.06
epoch=5/80 loss=0.516901 seconds=0.03
epoch=6/80 loss=0.414618 seconds=0.05
epoch=7/80 loss=0.327555 seconds=0.05
epoch=8/80 loss=0.256083 seconds=0.05
epoch=9/80 loss=0.191687 seconds=0.05
epoch=10/80 loss=0.172751 seconds=0.05
epoch=11/80 loss=0.152770 seconds=0.05
epoch=12/80 loss=0.119275 seconds=0.05
epoch=13/80 loss=0.127998 seconds=0.05
epoch=14/80 loss=0.109510 seconds=0.05
epoch=15/80 loss=0.114491 seconds=0.05
epoch=16/80 loss=0.106371 seconds=0.05
epoch=17/80 loss=0.106268 seconds=0.05
epoch=18/80 loss=0.114210 seconds=0.05
epoch=19/80 loss=0.101793 seconds=0.05
epoch=20/80 loss=0.085651 seconds=0.05
epoch=21/80 loss=0.088954 seconds=0.05
epoch=22/80 loss=0.106274 seconds=0.03
epoch=23/80 loss=0.088472 seconds=0.05
epoch=24/80 loss=0.087796 seconds=0.05
epoch=25/80 loss=0.102287 seconds=0.05
epoch=26/80 loss=0.077450 seconds=0.03
epoch=27/80 loss=0.073997 seconds=0.05
epoch=28/80 loss=0.075778 seconds=0.05
epoch=29/80 loss=0.081371 seconds=0.05
epoch=30/80 loss=0.085626 seconds=0.05
epoch=31/80 loss=0.074696 seconds=0.05
epoch=32/80 loss=0.071758 seconds=0.05
epoch=33/80 loss=0.073211 seconds=0.05
epoch=34/80 loss=0.068512 seconds=0.05
epoch=35/80 loss=0.054710 seconds=0.03
epoch=36/80 loss=0.062486 seconds=0.06
epoch=37/80 loss=0.059333 seconds=0.05
epoch=38/80 loss=0.056211 seconds=0.05
epoch=39/80 loss=0.061688 seconds=0.05
epoch=40/80 loss=0.052485 seconds=0.03
epoch=41/80 loss=0.045075 seconds=0.03
epoch=42/80 loss=0.055323 seconds=0.05
epoch=43/80 loss=0.048570 seconds=0.05
epoch=44/80 loss=0.049657 seconds=0.06
epoch=45/80 loss=0.063301 seconds=0.05
epoch=46/80 loss=0.052803 seconds=0.03
epoch=47/80 loss=0.052815 seconds=0.06
epoch=48/80 loss=0.052673 seconds=0.05
epoch=49/80 loss=0.053119 seconds=0.05
epoch=50/80 loss=0.044206 seconds=0.05
epoch=51/80 loss=0.041093 seconds=0.03
epoch=52/80 loss=0.043926 seconds=0.05
epoch=53/80 loss=0.048388 seconds=0.05
epoch=54/80 loss=0.062942 seconds=0.05
epoch=55/80 loss=0.047701 seconds=0.05
epoch=56/80 loss=0.057103 seconds=0.05
epoch=57/80 loss=0.041304 seconds=0.03
epoch=58/80 loss=0.039631 seconds=0.05
epoch=59/80 loss=0.037260 seconds=0.05
epoch=60/80 loss=0.048298 seconds=0.05
epoch=61/80 loss=0.032959 seconds=0.03
epoch=62/80 loss=0.030671 seconds=0.05
epoch=63/80 loss=0.052968 seconds=0.03
epoch=64/80 loss=0.049550 seconds=0.06
epoch=65/80 loss=0.042601 seconds=0.03
epoch=66/80 loss=0.032623 seconds=0.05
epoch=67/80 loss=0.036953 seconds=0.03
epoch=68/80 loss=0.027492 seconds=0.05
epoch=69/80 loss=0.026202 seconds=0.05
epoch=70/80 loss=0.021920 seconds=0.05
epoch=71/80 loss=0.026628 seconds=0.03
epoch=72/80 loss=0.027042 seconds=0.05
epoch=73/80 loss=0.025836 seconds=0.05
epoch=74/80 loss=0.027749 seconds=0.03
epoch=75/80 loss=0.020714 seconds=0.05
epoch=76/80 loss=0.020899 seconds=0.05
epoch=77/80 loss=0.022975 seconds=0.03
epoch=78/80 loss=0.019913 seconds=0.05
epoch=79/80 loss=0.018497 seconds=0.05
epoch=80/80 loss=0.032944 seconds=0.05
fold=1/10 OOF_accuracy=0.766667 OOF_AUC=0.724432
Device=cuda; epochs=80; batch=32; model=SqueezeNet1D
epoch=1/80 loss=0.692955 seconds=0.05
epoch=2/80 loss=0.687870 seconds=0.05
epoch=3/80 loss=0.666382 seconds=0.03
epoch=4/80 loss=0.581681 seconds=0.05
epoch=5/80 loss=0.421361 seconds=0.05
epoch=6/80 loss=0.381520 seconds=0.03
epoch=7/80 loss=0.319773 seconds=0.05
epoch=8/80 loss=0.288277 seconds=0.05
epoch=9/80 loss=0.273525 seconds=0.05
epoch=10/80 loss=0.253224 seconds=0.05
epoch=11/80 loss=0.240665 seconds=0.05
epoch=12/80 loss=0.251579 seconds=0.03
epoch=13/80 loss=0.219531 seconds=0.05
epoch=14/80 loss=0.207954 seconds=0.03
epoch=15/80 loss=0.214263 seconds=0.05
epoch=16/80 loss=0.192944 seconds=0.05
epoch=17/80 loss=0.192660 seconds=0.05
epoch=18/80 loss=0.181288 seconds=0.05
epoch=19/80 loss=0.173605 seconds=0.03
epoch=20/80 loss=0.176434 seconds=0.05
epoch=21/80 loss=0.163407 seconds=0.03
epoch=22/80 loss=0.168254 seconds=0.05
epoch=23/80 loss=0.156938 seconds=0.03
epoch=24/80 loss=0.142317 seconds=0.05
epoch=25/80 loss=0.127606 seconds=0.03
epoch=26/80 loss=0.112343 seconds=0.05
epoch=27/80 loss=0.131052 seconds=0.03
epoch=28/80 loss=0.107153 seconds=0.06
epoch=29/80 loss=0.088840 seconds=0.05
epoch=30/80 loss=0.093482 seconds=0.05
epoch=31/80 loss=0.074052 seconds=0.03
epoch=32/80 loss=0.069255 seconds=0.05
epoch=33/80 loss=0.090213 seconds=0.05
epoch=34/80 loss=0.096923 seconds=0.05
epoch=35/80 loss=0.093625 seconds=0.05
epoch=36/80 loss=0.078682 seconds=0.03
epoch=37/80 loss=0.060452 seconds=0.05
epoch=38/80 loss=0.051578 seconds=0.03
epoch=39/80 loss=0.053675 seconds=0.05
epoch=40/80 loss=0.042795 seconds=0.05
epoch=41/80 loss=0.029772 seconds=0.05
epoch=42/80 loss=0.041308 seconds=0.03
epoch=43/80 loss=0.033469 seconds=0.05
epoch=44/80 loss=0.046798 seconds=0.03
epoch=45/80 loss=0.046443 seconds=0.05
epoch=46/80 loss=0.031174 seconds=0.05
epoch=47/80 loss=0.025475 seconds=0.05
epoch=48/80 loss=0.022182 seconds=0.03
epoch=49/80 loss=0.023187 seconds=0.05
epoch=50/80 loss=0.016101 seconds=0.05
epoch=51/80 loss=0.030570 seconds=0.03
epoch=52/80 loss=0.020070 seconds=0.05
epoch=53/80 loss=0.014115 seconds=0.03
epoch=54/80 loss=0.017133 seconds=0.06
epoch=55/80 loss=0.018699 seconds=0.03
epoch=56/80 loss=0.049598 seconds=0.05
epoch=57/80 loss=0.036454 seconds=0.03
epoch=58/80 loss=0.016820 seconds=0.05
epoch=59/80 loss=0.009390 seconds=0.05
epoch=60/80 loss=0.008276 seconds=0.05
epoch=61/80 loss=0.013037 seconds=0.03
epoch=62/80 loss=0.008625 seconds=0.05
epoch=63/80 loss=0.006137 seconds=0.05
epoch=64/80 loss=0.009912 seconds=0.03
epoch=65/80 loss=0.021903 seconds=0.05
epoch=66/80 loss=0.016610 seconds=0.03
epoch=67/80 loss=0.014593 seconds=0.06
epoch=68/80 loss=0.014870 seconds=0.03
epoch=69/80 loss=0.008349 seconds=0.05
epoch=70/80 loss=0.006442 seconds=0.05
epoch=71/80 loss=0.006176 seconds=0.03
epoch=72/80 loss=0.003793 seconds=0.05
epoch=73/80 loss=0.023451 seconds=0.05
epoch=74/80 loss=0.016767 seconds=0.03
epoch=75/80 loss=0.011346 seconds=0.03
epoch=76/80 loss=0.017993 seconds=0.05
epoch=77/80 loss=0.003184 seconds=0.05
epoch=78/80 loss=0.002464 seconds=0.03
epoch=79/80 loss=0.002802 seconds=0.05
epoch=80/80 loss=0.004004 seconds=0.03
fold=2/10 OOF_accuracy=0.900000 OOF_AUC=0.954545
Device=cuda; epochs=80; batch=32; model=SqueezeNet1D
epoch=1/80 loss=0.693427 seconds=0.05
epoch=2/80 loss=0.690044 seconds=0.05
epoch=3/80 loss=0.674957 seconds=0.03
epoch=4/80 loss=0.607528 seconds=0.05
epoch=5/80 loss=0.458118 seconds=0.05
epoch=6/80 loss=0.357552 seconds=0.03
epoch=7/80 loss=0.287009 seconds=0.05
epoch=8/80 loss=0.263293 seconds=0.05
epoch=9/80 loss=0.216498 seconds=0.05
epoch=10/80 loss=0.178448 seconds=0.05
epoch=11/80 loss=0.252065 seconds=0.05
epoch=12/80 loss=0.215864 seconds=0.05
epoch=13/80 loss=0.160242 seconds=0.03
epoch=14/80 loss=0.152367 seconds=0.05
epoch=15/80 loss=0.149826 seconds=0.03
epoch=16/80 loss=0.129268 seconds=0.03
epoch=17/80 loss=0.132043 seconds=0.05
epoch=18/80 loss=0.122183 seconds=0.05
epoch=19/80 loss=0.104649 seconds=0.03
epoch=20/80 loss=0.107187 seconds=0.05
epoch=21/80 loss=0.110647 seconds=0.05
epoch=22/80 loss=0.115374 seconds=0.05
epoch=23/80 loss=0.082359 seconds=0.05
epoch=24/80 loss=0.084798 seconds=0.05
epoch=25/80 loss=0.085996 seconds=0.03
epoch=26/80 loss=0.072287 seconds=0.05
epoch=27/80 loss=0.067608 seconds=0.05
epoch=28/80 loss=0.081520 seconds=0.03
epoch=29/80 loss=0.066570 seconds=0.05
epoch=30/80 loss=0.065350 seconds=0.05
epoch=31/80 loss=0.053096 seconds=0.05
epoch=32/80 loss=0.050482 seconds=0.05
epoch=33/80 loss=0.045348 seconds=0.03
epoch=34/80 loss=0.047690 seconds=0.05
epoch=35/80 loss=0.046305 seconds=0.05
epoch=36/80 loss=0.056087 seconds=0.05
epoch=37/80 loss=0.036310 seconds=0.03
epoch=38/80 loss=0.035400 seconds=0.06
epoch=39/80 loss=0.041681 seconds=0.05
epoch=40/80 loss=0.037426 seconds=0.05
epoch=41/80 loss=0.038121 seconds=0.03
epoch=42/80 loss=0.046690 seconds=0.05
epoch=43/80 loss=0.035935 seconds=0.05
epoch=44/80 loss=0.070214 seconds=0.05
epoch=45/80 loss=0.093063 seconds=0.03
epoch=46/80 loss=0.078279 seconds=0.05
epoch=47/80 loss=0.039601 seconds=0.05
epoch=48/80 loss=0.029347 seconds=0.03
epoch=49/80 loss=0.030433 seconds=0.05
epoch=50/80 loss=0.025844 seconds=0.05
epoch=51/80 loss=0.018720 seconds=0.05
epoch=52/80 loss=0.028613 seconds=0.03
epoch=53/80 loss=0.016904 seconds=0.05
epoch=54/80 loss=0.027481 seconds=0.05
epoch=55/80 loss=0.016146 seconds=0.03
epoch=56/80 loss=0.020634 seconds=0.05
epoch=57/80 loss=0.016240 seconds=0.05
epoch=58/80 loss=0.015394 seconds=0.03
epoch=59/80 loss=0.017852 seconds=0.05
epoch=60/80 loss=0.013911 seconds=0.05
epoch=61/80 loss=0.012321 seconds=0.05
epoch=62/80 loss=0.018751 seconds=0.03
epoch=63/80 loss=0.015614 seconds=0.05
epoch=64/80 loss=0.013771 seconds=0.03
epoch=65/80 loss=0.009532 seconds=0.06
epoch=66/80 loss=0.008059 seconds=0.05
epoch=67/80 loss=0.006691 seconds=0.03
epoch=68/80 loss=0.007773 seconds=0.03
epoch=69/80 loss=0.010539 seconds=0.05
epoch=70/80 loss=0.011089 seconds=0.05
epoch=71/80 loss=0.005672 seconds=0.05
epoch=72/80 loss=0.011476 seconds=0.05
epoch=73/80 loss=0.009044 seconds=0.03
epoch=74/80 loss=0.018892 seconds=0.05
epoch=75/80 loss=0.019292 seconds=0.05
epoch=76/80 loss=0.011287 seconds=0.06
epoch=77/80 loss=0.013299 seconds=0.05
epoch=78/80 loss=0.005891 seconds=0.06
epoch=79/80 loss=0.005537 seconds=0.05
epoch=80/80 loss=0.005966 seconds=0.05
fold=3/10 OOF_accuracy=0.866667 OOF_AUC=0.789773
Device=cuda; epochs=80; batch=32; model=SqueezeNet1D
epoch=1/80 loss=0.693506 seconds=0.05
epoch=2/80 loss=0.691615 seconds=0.03
epoch=3/80 loss=0.686739 seconds=0.05
epoch=4/80 loss=0.660309 seconds=0.05
epoch=5/80 loss=0.590905 seconds=0.03
epoch=6/80 loss=0.515221 seconds=0.05
epoch=7/80 loss=0.457459 seconds=0.05
epoch=8/80 loss=0.393861 seconds=0.05
epoch=9/80 loss=0.346296 seconds=0.05
epoch=10/80 loss=0.276349 seconds=0.05
epoch=11/80 loss=0.293506 seconds=0.05
epoch=12/80 loss=0.229281 seconds=0.05
epoch=13/80 loss=0.194952 seconds=0.05
epoch=14/80 loss=0.178350 seconds=0.05
epoch=15/80 loss=0.154538 seconds=0.05
epoch=16/80 loss=0.142990 seconds=0.05
epoch=17/80 loss=0.117541 seconds=0.05
epoch=18/80 loss=0.111899 seconds=0.05
epoch=19/80 loss=0.112280 seconds=0.05
epoch=20/80 loss=0.111030 seconds=0.05
epoch=21/80 loss=0.093122 seconds=0.05
epoch=22/80 loss=0.084291 seconds=0.05
epoch=23/80 loss=0.083254 seconds=0.03
epoch=24/80 loss=0.074902 seconds=0.06
epoch=25/80 loss=0.082078 seconds=0.06
epoch=26/80 loss=0.098645 seconds=0.06
epoch=27/80 loss=0.090919 seconds=0.05
epoch=28/80 loss=0.091631 seconds=0.05
epoch=29/80 loss=0.070598 seconds=0.05
epoch=30/80 loss=0.061911 seconds=0.05
epoch=31/80 loss=0.050049 seconds=0.05
epoch=32/80 loss=0.049369 seconds=0.05
epoch=33/80 loss=0.043155 seconds=0.05
epoch=34/80 loss=0.043878 seconds=0.06
epoch=35/80 loss=0.050174 seconds=0.03
epoch=36/80 loss=0.047518 seconds=0.05
epoch=37/80 loss=0.040609 seconds=0.05
epoch=38/80 loss=0.044872 seconds=0.03
epoch=39/80 loss=0.036002 seconds=0.05
epoch=40/80 loss=0.082963 seconds=0.05
epoch=41/80 loss=0.051350 seconds=0.03
epoch=42/80 loss=0.046710 seconds=0.05
epoch=43/80 loss=0.027733 seconds=0.05
epoch=44/80 loss=0.046590 seconds=0.03
epoch=45/80 loss=0.023525 seconds=0.05
epoch=46/80 loss=0.048942 seconds=0.05
epoch=47/80 loss=0.036779 seconds=0.05
epoch=48/80 loss=0.028669 seconds=0.03
epoch=49/80 loss=0.023598 seconds=0.05
epoch=50/80 loss=0.036912 seconds=0.05
epoch=51/80 loss=0.027210 seconds=0.05
epoch=52/80 loss=0.011935 seconds=0.05
epoch=53/80 loss=0.014698 seconds=0.05
epoch=54/80 loss=0.015334 seconds=0.03
epoch=55/80 loss=0.017249 seconds=0.05
epoch=56/80 loss=0.013772 seconds=0.05
epoch=57/80 loss=0.018506 seconds=0.03
epoch=58/80 loss=0.012764 seconds=0.05
epoch=59/80 loss=0.021784 seconds=0.05
epoch=60/80 loss=0.068995 seconds=0.05
epoch=61/80 loss=0.046307 seconds=0.05
epoch=62/80 loss=0.030064 seconds=0.05
epoch=63/80 loss=0.012065 seconds=0.03
epoch=64/80 loss=0.010696 seconds=0.05
epoch=65/80 loss=0.016106 seconds=0.06
epoch=66/80 loss=0.027638 seconds=0.05
epoch=67/80 loss=0.035118 seconds=0.03
epoch=68/80 loss=0.053594 seconds=0.05
epoch=69/80 loss=0.021313 seconds=0.05
epoch=70/80 loss=0.019960 seconds=0.05
epoch=71/80 loss=0.019616 seconds=0.05
epoch=72/80 loss=0.027314 seconds=0.06
epoch=73/80 loss=0.016197 seconds=0.03
epoch=74/80 loss=0.008910 seconds=0.06
epoch=75/80 loss=0.008427 seconds=0.03
epoch=76/80 loss=0.006888 seconds=0.05
epoch=77/80 loss=0.007909 seconds=0.05
epoch=78/80 loss=0.004520 seconds=0.05
epoch=79/80 loss=0.004458 seconds=0.05
epoch=80/80 loss=0.004994 seconds=0.05
fold=4/10 OOF_accuracy=0.833333 OOF_AUC=0.812500
Device=cuda; epochs=80; batch=32; model=SqueezeNet1D
epoch=1/80 loss=0.693846 seconds=0.05
epoch=2/80 loss=0.692804 seconds=0.03
epoch=3/80 loss=0.692662 seconds=0.05
epoch=4/80 loss=0.687897 seconds=0.05
epoch=5/80 loss=0.673991 seconds=0.05
epoch=6/80 loss=0.626086 seconds=0.05
epoch=7/80 loss=0.514288 seconds=0.03
epoch=8/80 loss=0.357663 seconds=0.05
epoch=9/80 loss=0.288493 seconds=0.05
epoch=10/80 loss=0.221748 seconds=0.03
epoch=11/80 loss=0.199562 seconds=0.05
epoch=12/80 loss=0.178015 seconds=0.05
epoch=13/80 loss=0.163372 seconds=0.03
epoch=14/80 loss=0.151595 seconds=0.05
epoch=15/80 loss=0.132750 seconds=0.05
epoch=16/80 loss=0.137807 seconds=0.05
epoch=17/80 loss=0.121216 seconds=0.03
epoch=18/80 loss=0.141781 seconds=0.05
epoch=19/80 loss=0.145330 seconds=0.05
epoch=20/80 loss=0.106816 seconds=0.05
epoch=21/80 loss=0.100418 seconds=0.05
epoch=22/80 loss=0.102862 seconds=0.03
epoch=23/80 loss=0.111229 seconds=0.05
epoch=24/80 loss=0.096566 seconds=0.03
epoch=25/80 loss=0.096439 seconds=0.05
epoch=26/80 loss=0.105209 seconds=0.05
epoch=27/80 loss=0.083403 seconds=0.05
epoch=28/80 loss=0.079836 seconds=0.05
epoch=29/80 loss=0.078409 seconds=0.03
epoch=30/80 loss=0.098483 seconds=0.05
epoch=31/80 loss=0.074957 seconds=0.05
epoch=32/80 loss=0.088338 seconds=0.03
epoch=33/80 loss=0.076233 seconds=0.05
epoch=34/80 loss=0.066657 seconds=0.03
epoch=35/80 loss=0.074309 seconds=0.05
epoch=36/80 loss=0.066234 seconds=0.05
epoch=37/80 loss=0.061497 seconds=0.05
epoch=38/80 loss=0.066296 seconds=0.03
epoch=39/80 loss=0.067932 seconds=0.05
epoch=40/80 loss=0.056828 seconds=0.05
epoch=41/80 loss=0.054216 seconds=0.05
epoch=42/80 loss=0.061768 seconds=0.03
epoch=43/80 loss=0.050287 seconds=0.05
epoch=44/80 loss=0.071132 seconds=0.05
epoch=45/80 loss=0.061994 seconds=0.03
epoch=46/80 loss=0.112827 seconds=0.05
epoch=47/80 loss=0.059523 seconds=0.05
epoch=48/80 loss=0.045531 seconds=0.03
epoch=49/80 loss=0.059863 seconds=0.05
epoch=50/80 loss=0.076669 seconds=0.05
epoch=51/80 loss=0.053350 seconds=0.03
epoch=52/80 loss=0.044973 seconds=0.05
epoch=53/80 loss=0.043160 seconds=0.05
epoch=54/80 loss=0.041488 seconds=0.03
epoch=55/80 loss=0.041455 seconds=0.05
epoch=56/80 loss=0.039476 seconds=0.05
epoch=57/80 loss=0.036015 seconds=0.05
epoch=58/80 loss=0.036097 seconds=0.05
epoch=59/80 loss=0.036314 seconds=0.05
epoch=60/80 loss=0.037962 seconds=0.05
epoch=61/80 loss=0.033003 seconds=0.03
epoch=62/80 loss=0.023881 seconds=0.06
epoch=63/80 loss=0.023888 seconds=0.05
epoch=64/80 loss=0.024544 seconds=0.03
epoch=65/80 loss=0.029969 seconds=0.05
epoch=66/80 loss=0.044288 seconds=0.05
epoch=67/80 loss=0.026114 seconds=0.03
epoch=68/80 loss=0.016643 seconds=0.05
epoch=69/80 loss=0.021872 seconds=0.05
epoch=70/80 loss=0.021178 seconds=0.03
epoch=71/80 loss=0.018508 seconds=0.03
epoch=72/80 loss=0.016210 seconds=0.05
epoch=73/80 loss=0.015410 seconds=0.03
epoch=74/80 loss=0.016644 seconds=0.06
epoch=75/80 loss=0.017749 seconds=0.06
epoch=76/80 loss=0.015675 seconds=0.05
epoch=77/80 loss=0.010684 seconds=0.05
epoch=78/80 loss=0.015481 seconds=0.03
epoch=79/80 loss=0.016193 seconds=0.05
epoch=80/80 loss=0.012227 seconds=0.05
fold=5/10 OOF_accuracy=0.900000 OOF_AUC=0.965909
Device=cuda; epochs=80; batch=32; model=SqueezeNet1D
epoch=1/80 loss=0.693586 seconds=0.06
epoch=2/80 loss=0.691530 seconds=0.05
epoch=3/80 loss=0.684939 seconds=0.05
epoch=4/80 loss=0.654517 seconds=0.03
epoch=5/80 loss=0.570725 seconds=0.05
epoch=6/80 loss=0.503186 seconds=0.03
epoch=7/80 loss=0.446474 seconds=0.05
epoch=8/80 loss=0.401170 seconds=0.03
epoch=9/80 loss=0.354976 seconds=0.05
epoch=10/80 loss=0.312217 seconds=0.05
epoch=11/80 loss=0.311777 seconds=0.05
epoch=12/80 loss=0.267351 seconds=0.03
epoch=13/80 loss=0.241666 seconds=0.05
epoch=14/80 loss=0.281194 seconds=0.03
epoch=15/80 loss=0.273820 seconds=0.05
epoch=16/80 loss=0.231363 seconds=0.03
epoch=17/80 loss=0.202573 seconds=0.05
epoch=18/80 loss=0.197022 seconds=0.05
epoch=19/80 loss=0.189866 seconds=0.06
epoch=20/80 loss=0.176117 seconds=0.06
epoch=21/80 loss=0.166167 seconds=0.03
epoch=22/80 loss=0.176569 seconds=0.05
epoch=23/80 loss=0.159028 seconds=0.05
epoch=24/80 loss=0.150472 seconds=0.05
epoch=25/80 loss=0.150739 seconds=0.03
epoch=26/80 loss=0.215892 seconds=0.05
epoch=27/80 loss=0.159852 seconds=0.05
epoch=28/80 loss=0.135586 seconds=0.03
epoch=29/80 loss=0.133007 seconds=0.05
epoch=30/80 loss=0.128352 seconds=0.03
epoch=31/80 loss=0.113546 seconds=0.05
epoch=32/80 loss=0.126345 seconds=0.03
epoch=33/80 loss=0.102786 seconds=0.05
epoch=34/80 loss=0.111826 seconds=0.05
epoch=35/80 loss=0.114694 seconds=0.03
epoch=36/80 loss=0.102375 seconds=0.05
epoch=37/80 loss=0.099965 seconds=0.03
epoch=38/80 loss=0.085489 seconds=0.05
epoch=39/80 loss=0.085187 seconds=0.05
epoch=40/80 loss=0.098128 seconds=0.05
epoch=41/80 loss=0.080066 seconds=0.03
epoch=42/80 loss=0.071999 seconds=0.05
epoch=43/80 loss=0.066309 seconds=0.03
epoch=44/80 loss=0.077756 seconds=0.05
epoch=45/80 loss=0.065430 seconds=0.05
epoch=46/80 loss=0.068248 seconds=0.05
epoch=47/80 loss=0.065197 seconds=0.03
epoch=48/80 loss=0.066198 seconds=0.05
epoch=49/80 loss=0.057210 seconds=0.03
epoch=50/80 loss=0.053749 seconds=0.05
epoch=51/80 loss=0.061810 seconds=0.05
epoch=52/80 loss=0.067446 seconds=0.03
epoch=53/80 loss=0.043800 seconds=0.05
epoch=54/80 loss=0.043414 seconds=0.05
epoch=55/80 loss=0.039718 seconds=0.03
epoch=56/80 loss=0.050467 seconds=0.05
epoch=57/80 loss=0.038664 seconds=0.03
epoch=58/80 loss=0.029003 seconds=0.05
epoch=59/80 loss=0.039014 seconds=0.05
epoch=60/80 loss=0.042142 seconds=0.05
epoch=61/80 loss=0.035109 seconds=0.03
epoch=62/80 loss=0.040470 seconds=0.05
epoch=63/80 loss=0.030568 seconds=0.05
epoch=64/80 loss=0.038236 seconds=0.05
epoch=65/80 loss=0.045344 seconds=0.03
epoch=66/80 loss=0.031513 seconds=0.05
epoch=67/80 loss=0.033383 seconds=0.05
epoch=68/80 loss=0.036176 seconds=0.05
epoch=69/80 loss=0.028725 seconds=0.05
epoch=70/80 loss=0.020280 seconds=0.05
epoch=71/80 loss=0.038332 seconds=0.05
epoch=72/80 loss=0.054282 seconds=0.03
epoch=73/80 loss=0.047446 seconds=0.05
epoch=74/80 loss=0.049829 seconds=0.03
epoch=75/80 loss=0.061505 seconds=0.05
epoch=76/80 loss=0.032032 seconds=0.05
epoch=77/80 loss=0.021158 seconds=0.05
epoch=78/80 loss=0.020642 seconds=0.03
epoch=79/80 loss=0.030496 seconds=0.05
epoch=80/80 loss=0.020761 seconds=0.03
fold=6/10 OOF_accuracy=0.866667 OOF_AUC=0.977273
Device=cuda; epochs=80; batch=32; model=SqueezeNet1D
epoch=1/80 loss=0.693447 seconds=0.05
epoch=2/80 loss=0.690610 seconds=0.05
epoch=3/80 loss=0.679391 seconds=0.05
epoch=4/80 loss=0.633161 seconds=0.03
epoch=5/80 loss=0.516750 seconds=0.05
epoch=6/80 loss=0.423613 seconds=0.05
epoch=7/80 loss=0.367916 seconds=0.03
epoch=8/80 loss=0.318066 seconds=0.05
epoch=9/80 loss=0.283996 seconds=0.03
epoch=10/80 loss=0.256124 seconds=0.05
epoch=11/80 loss=0.265313 seconds=0.03
epoch=12/80 loss=0.223811 seconds=0.05
epoch=13/80 loss=0.214770 seconds=0.05
epoch=14/80 loss=0.200585 seconds=0.03
epoch=15/80 loss=0.212076 seconds=0.05
epoch=16/80 loss=0.208842 seconds=0.03
epoch=17/80 loss=0.187184 seconds=0.05
epoch=18/80 loss=0.194198 seconds=0.05
epoch=19/80 loss=0.173169 seconds=0.05
epoch=20/80 loss=0.185188 seconds=0.03
epoch=21/80 loss=0.174403 seconds=0.05
epoch=22/80 loss=0.175128 seconds=0.05
epoch=23/80 loss=0.163103 seconds=0.05
epoch=24/80 loss=0.158275 seconds=0.03
epoch=25/80 loss=0.159020 seconds=0.05
epoch=26/80 loss=0.175646 seconds=0.05
epoch=27/80 loss=0.216330 seconds=0.05
epoch=28/80 loss=0.218128 seconds=0.05
epoch=29/80 loss=0.162767 seconds=0.03
epoch=30/80 loss=0.156778 seconds=0.05
epoch=31/80 loss=0.145150 seconds=0.05
epoch=32/80 loss=0.148263 seconds=0.03
epoch=33/80 loss=0.134321 seconds=0.05
epoch=34/80 loss=0.143316 seconds=0.05
epoch=35/80 loss=0.133625 seconds=0.03
epoch=36/80 loss=0.127034 seconds=0.05
epoch=37/80 loss=0.129834 seconds=0.05
epoch=38/80 loss=0.128950 seconds=0.05
epoch=39/80 loss=0.113330 seconds=0.03
epoch=40/80 loss=0.120910 seconds=0.06
epoch=41/80 loss=0.128436 seconds=0.05
epoch=42/80 loss=0.116590 seconds=0.05
epoch=43/80 loss=0.107862 seconds=0.05
epoch=44/80 loss=0.125020 seconds=0.05
epoch=45/80 loss=0.113932 seconds=0.05
epoch=46/80 loss=0.102544 seconds=0.05
epoch=47/80 loss=0.096903 seconds=0.03
epoch=48/80 loss=0.115242 seconds=0.06
epoch=49/80 loss=0.137684 seconds=0.05
epoch=50/80 loss=0.097670 seconds=0.03
epoch=51/80 loss=0.093518 seconds=0.05
epoch=52/80 loss=0.083971 seconds=0.03
epoch=53/80 loss=0.071091 seconds=0.05
epoch=54/80 loss=0.061738 seconds=0.05
epoch=55/80 loss=0.062564 seconds=0.03
epoch=56/80 loss=0.074276 seconds=0.05
epoch=57/80 loss=0.060713 seconds=0.05
epoch=58/80 loss=0.052187 seconds=0.03
epoch=59/80 loss=0.057938 seconds=0.05
epoch=60/80 loss=0.052547 seconds=0.05
epoch=61/80 loss=0.045150 seconds=0.05
epoch=62/80 loss=0.049150 seconds=0.05
epoch=63/80 loss=0.044032 seconds=0.05
epoch=64/80 loss=0.033672 seconds=0.05
epoch=65/80 loss=0.037940 seconds=0.05
epoch=66/80 loss=0.033570 seconds=0.05
epoch=67/80 loss=0.088890 seconds=0.05
epoch=68/80 loss=0.039550 seconds=0.05
epoch=69/80 loss=0.028650 seconds=0.03
epoch=70/80 loss=0.026191 seconds=0.05
epoch=71/80 loss=0.025510 seconds=0.05
epoch=72/80 loss=0.030316 seconds=0.05
epoch=73/80 loss=0.023393 seconds=0.03
epoch=74/80 loss=0.035602 seconds=0.05
epoch=75/80 loss=0.035337 seconds=0.05
epoch=76/80 loss=0.023205 seconds=0.03
epoch=77/80 loss=0.032711 seconds=0.05
epoch=78/80 loss=0.040133 seconds=0.05
epoch=79/80 loss=0.037969 seconds=0.03
epoch=80/80 loss=0.024156 seconds=0.05
fold=7/10 OOF_accuracy=0.833333 OOF_AUC=0.875000
Device=cuda; epochs=80; batch=32; model=SqueezeNet1D
epoch=1/80 loss=0.693101 seconds=0.03
epoch=2/80 loss=0.688305 seconds=0.05
epoch=3/80 loss=0.666597 seconds=0.03
epoch=4/80 loss=0.575150 seconds=0.05
epoch=5/80 loss=0.399390 seconds=0.05
epoch=6/80 loss=0.292217 seconds=0.05
epoch=7/80 loss=0.234427 seconds=0.05
epoch=8/80 loss=0.210234 seconds=0.05
epoch=9/80 loss=0.197716 seconds=0.03
epoch=10/80 loss=0.173986 seconds=0.06
epoch=11/80 loss=0.225897 seconds=0.03
epoch=12/80 loss=0.158612 seconds=0.05
epoch=13/80 loss=0.146746 seconds=0.05
epoch=14/80 loss=0.136796 seconds=0.05
epoch=15/80 loss=0.130425 seconds=0.05
epoch=16/80 loss=0.122054 seconds=0.05
epoch=17/80 loss=0.114252 seconds=0.06
epoch=18/80 loss=0.116504 seconds=0.05
epoch=19/80 loss=0.112812 seconds=0.05
epoch=20/80 loss=0.107644 seconds=0.05
epoch=21/80 loss=0.096680 seconds=0.05
epoch=22/80 loss=0.083430 seconds=0.05
epoch=23/80 loss=0.099298 seconds=0.05
epoch=24/80 loss=0.097533 seconds=0.03
epoch=25/80 loss=0.065018 seconds=0.05
epoch=26/80 loss=0.065235 seconds=0.03
epoch=27/80 loss=0.065381 seconds=0.05
epoch=28/80 loss=0.065855 seconds=0.05
epoch=29/80 loss=0.084341 seconds=0.03
epoch=30/80 loss=0.059078 seconds=0.05
epoch=31/80 loss=0.059686 seconds=0.05
epoch=32/80 loss=0.052771 seconds=0.05
epoch=33/80 loss=0.050871 seconds=0.05
epoch=34/80 loss=0.044551 seconds=0.03
epoch=35/80 loss=0.052019 seconds=0.05
epoch=36/80 loss=0.041530 seconds=0.03
epoch=37/80 loss=0.059560 seconds=0.05
epoch=38/80 loss=0.046832 seconds=0.05
epoch=39/80 loss=0.042922 seconds=0.03
epoch=40/80 loss=0.037925 seconds=0.05
epoch=41/80 loss=0.039065 seconds=0.03
epoch=42/80 loss=0.035609 seconds=0.05
epoch=43/80 loss=0.032832 seconds=0.03
epoch=44/80 loss=0.030206 seconds=0.05
epoch=45/80 loss=0.035420 seconds=0.05
epoch=46/80 loss=0.040063 seconds=0.05
epoch=47/80 loss=0.030026 seconds=0.05
epoch=48/80 loss=0.021759 seconds=0.03
epoch=49/80 loss=0.034533 seconds=0.05
epoch=50/80 loss=0.080109 seconds=0.05
epoch=51/80 loss=0.029365 seconds=0.03
epoch=52/80 loss=0.028051 seconds=0.05
epoch=53/80 loss=0.029077 seconds=0.05
epoch=54/80 loss=0.045909 seconds=0.03
epoch=55/80 loss=0.040683 seconds=0.05
epoch=56/80 loss=0.031047 seconds=0.05
epoch=57/80 loss=0.029436 seconds=0.05
epoch=58/80 loss=0.024564 seconds=0.05
epoch=59/80 loss=0.027200 seconds=0.03
epoch=60/80 loss=0.027357 seconds=0.05
epoch=61/80 loss=0.020956 seconds=0.05
epoch=62/80 loss=0.030014 seconds=0.03
epoch=63/80 loss=0.037830 seconds=0.05
epoch=64/80 loss=0.014857 seconds=0.05
epoch=65/80 loss=0.019159 seconds=0.03
epoch=66/80 loss=0.011461 seconds=0.03
epoch=67/80 loss=0.016522 seconds=0.05
epoch=68/80 loss=0.013849 seconds=0.05
epoch=69/80 loss=0.010615 seconds=0.03
epoch=70/80 loss=0.021887 seconds=0.05
epoch=71/80 loss=0.011271 seconds=0.03
epoch=72/80 loss=0.008340 seconds=0.05
epoch=73/80 loss=0.012240 seconds=0.05
epoch=74/80 loss=0.011485 seconds=0.05
epoch=75/80 loss=0.009628 seconds=0.03
epoch=76/80 loss=0.007900 seconds=0.05
epoch=77/80 loss=0.010906 seconds=0.05
epoch=78/80 loss=0.007165 seconds=0.05
epoch=79/80 loss=0.009392 seconds=0.03
epoch=80/80 loss=0.007367 seconds=0.05
fold=8/10 OOF_accuracy=0.800000 OOF_AUC=0.778409
Device=cuda; epochs=80; batch=32; model=SqueezeNet1D
epoch=1/80 loss=0.693155 seconds=0.05
epoch=2/80 loss=0.688862 seconds=0.05
epoch=3/80 loss=0.670475 seconds=0.03
epoch=4/80 loss=0.589266 seconds=0.05
epoch=5/80 loss=0.450246 seconds=0.03
epoch=6/80 loss=0.357646 seconds=0.05
epoch=7/80 loss=0.289919 seconds=0.05
epoch=8/80 loss=0.248872 seconds=0.03
epoch=9/80 loss=0.212781 seconds=0.05
epoch=10/80 loss=0.214399 seconds=0.03
epoch=11/80 loss=0.175278 seconds=0.05
epoch=12/80 loss=0.157880 seconds=0.05
epoch=13/80 loss=0.159225 seconds=0.03
epoch=14/80 loss=0.140196 seconds=0.05
epoch=15/80 loss=0.149419 seconds=0.03
epoch=16/80 loss=0.145269 seconds=0.05
epoch=17/80 loss=0.128307 seconds=0.05
epoch=18/80 loss=0.116539 seconds=0.03
epoch=19/80 loss=0.109499 seconds=0.05
epoch=20/80 loss=0.093142 seconds=0.05
epoch=21/80 loss=0.100553 seconds=0.03
epoch=22/80 loss=0.081697 seconds=0.05
epoch=23/80 loss=0.101916 seconds=0.05
epoch=24/80 loss=0.092115 seconds=0.03
epoch=25/80 loss=0.097482 seconds=0.05
epoch=26/80 loss=0.118685 seconds=0.03
epoch=27/80 loss=0.066484 seconds=0.05
epoch=28/80 loss=0.060266 seconds=0.05
epoch=29/80 loss=0.054876 seconds=0.05
epoch=30/80 loss=0.059969 seconds=0.03
epoch=31/80 loss=0.050682 seconds=0.05
epoch=32/80 loss=0.057860 seconds=0.05
epoch=33/80 loss=0.038168 seconds=0.05
epoch=34/80 loss=0.042137 seconds=0.05
epoch=35/80 loss=0.038359 seconds=0.05
epoch=36/80 loss=0.039550 seconds=0.05
epoch=37/80 loss=0.040460 seconds=0.03
epoch=38/80 loss=0.025651 seconds=0.05
epoch=39/80 loss=0.018652 seconds=0.05
epoch=40/80 loss=0.019430 seconds=0.03
epoch=41/80 loss=0.040024 seconds=0.05
epoch=42/80 loss=0.049586 seconds=0.03
epoch=43/80 loss=0.051197 seconds=0.05
epoch=44/80 loss=0.057912 seconds=0.03
epoch=45/80 loss=0.019897 seconds=0.05
epoch=46/80 loss=0.040413 seconds=0.05
epoch=47/80 loss=0.032899 seconds=0.05
epoch=48/80 loss=0.021188 seconds=0.03
epoch=49/80 loss=0.033377 seconds=0.05
epoch=50/80 loss=0.026279 seconds=0.03
epoch=51/80 loss=0.010429 seconds=0.05
epoch=52/80 loss=0.009582 seconds=0.03
epoch=53/80 loss=0.008384 seconds=0.05
epoch=54/80 loss=0.006655 seconds=0.05
epoch=55/80 loss=0.010587 seconds=0.03
epoch=56/80 loss=0.004556 seconds=0.05
epoch=57/80 loss=0.011133 seconds=0.05
epoch=58/80 loss=0.007588 seconds=0.03
epoch=59/80 loss=0.003929 seconds=0.05
epoch=60/80 loss=0.005294 seconds=0.05
epoch=61/80 loss=0.011223 seconds=0.03
epoch=62/80 loss=0.010097 seconds=0.05
epoch=63/80 loss=0.014798 seconds=0.05
epoch=64/80 loss=0.008448 seconds=0.05
epoch=65/80 loss=0.004157 seconds=0.03
epoch=66/80 loss=0.012161 seconds=0.05
epoch=67/80 loss=0.017204 seconds=0.03
epoch=68/80 loss=0.002333 seconds=0.05
epoch=69/80 loss=0.005372 seconds=0.05
epoch=70/80 loss=0.004268 seconds=0.05
epoch=71/80 loss=0.012638 seconds=0.05
epoch=72/80 loss=0.013974 seconds=0.05
epoch=73/80 loss=0.007627 seconds=0.03
epoch=74/80 loss=0.004567 seconds=0.05
epoch=75/80 loss=0.012130 seconds=0.05
epoch=76/80 loss=0.009900 seconds=0.03
epoch=77/80 loss=0.011949 seconds=0.05
epoch=78/80 loss=0.007289 seconds=0.03
epoch=79/80 loss=0.007599 seconds=0.05
epoch=80/80 loss=0.007259 seconds=0.05
fold=9/10 OOF_accuracy=0.900000 OOF_AUC=0.806818
Device=cuda; epochs=80; batch=32; model=SqueezeNet1D
epoch=1/80 loss=0.692887 seconds=0.06
epoch=2/80 loss=0.689454 seconds=0.03
epoch=3/80 loss=0.666975 seconds=0.05
epoch=4/80 loss=0.586016 seconds=0.05
epoch=5/80 loss=0.430766 seconds=0.05
epoch=6/80 loss=0.393541 seconds=0.03
epoch=7/80 loss=0.311089 seconds=0.05
epoch=8/80 loss=0.283756 seconds=0.05
epoch=9/80 loss=0.264110 seconds=0.05
epoch=10/80 loss=0.232679 seconds=0.05
epoch=11/80 loss=0.211547 seconds=0.03
epoch=12/80 loss=0.195447 seconds=0.05
epoch=13/80 loss=0.163300 seconds=0.05
epoch=14/80 loss=0.150580 seconds=0.05
epoch=15/80 loss=0.137959 seconds=0.03
epoch=16/80 loss=0.118620 seconds=0.05
epoch=17/80 loss=0.099643 seconds=0.05
epoch=18/80 loss=0.094412 seconds=0.03
epoch=19/80 loss=0.086250 seconds=0.05
epoch=20/80 loss=0.078432 seconds=0.05
epoch=21/80 loss=0.070570 seconds=0.05
epoch=22/80 loss=0.091851 seconds=0.05
epoch=23/80 loss=0.081930 seconds=0.05
epoch=24/80 loss=0.053535 seconds=0.05
epoch=25/80 loss=0.047738 seconds=0.06
epoch=26/80 loss=0.065924 seconds=0.03
epoch=27/80 loss=0.062929 seconds=0.05
epoch=28/80 loss=0.063410 seconds=0.05
epoch=29/80 loss=0.048149 seconds=0.03
epoch=30/80 loss=0.040775 seconds=0.05
epoch=31/80 loss=0.039205 seconds=0.05
epoch=32/80 loss=0.041687 seconds=0.05
epoch=33/80 loss=0.031389 seconds=0.03
epoch=34/80 loss=0.028416 seconds=0.05
epoch=35/80 loss=0.032495 seconds=0.03
epoch=36/80 loss=0.033110 seconds=0.05
epoch=37/80 loss=0.030403 seconds=0.05
epoch=38/80 loss=0.059238 seconds=0.03
epoch=39/80 loss=0.029347 seconds=0.05
epoch=40/80 loss=0.015143 seconds=0.05
epoch=41/80 loss=0.017595 seconds=0.05
epoch=42/80 loss=0.013927 seconds=0.03
epoch=43/80 loss=0.021110 seconds=0.05
epoch=44/80 loss=0.013426 seconds=0.03
epoch=45/80 loss=0.019713 seconds=0.05
epoch=46/80 loss=0.023788 seconds=0.05
epoch=47/80 loss=0.020931 seconds=0.03
epoch=48/80 loss=0.015079 seconds=0.05
epoch=49/80 loss=0.011926 seconds=0.05
epoch=50/80 loss=0.025856 seconds=0.05
epoch=51/80 loss=0.032329 seconds=0.05
epoch=52/80 loss=0.017074 seconds=0.05
epoch=53/80 loss=0.009158 seconds=0.03
epoch=54/80 loss=0.011072 seconds=0.05
epoch=55/80 loss=0.015854 seconds=0.03
epoch=56/80 loss=0.008254 seconds=0.05
epoch=57/80 loss=0.007389 seconds=0.03
epoch=58/80 loss=0.006664 seconds=0.03
epoch=59/80 loss=0.005379 seconds=0.05
epoch=60/80 loss=0.007747 seconds=0.05
epoch=61/80 loss=0.008771 seconds=0.03
epoch=62/80 loss=0.005232 seconds=0.05
epoch=63/80 loss=0.004274 seconds=0.03
epoch=64/80 loss=0.008535 seconds=0.05
epoch=65/80 loss=0.019151 seconds=0.05
epoch=66/80 loss=0.017916 seconds=0.05
epoch=67/80 loss=0.006539 seconds=0.03
epoch=68/80 loss=0.015845 seconds=0.05
epoch=69/80 loss=0.013477 seconds=0.05
epoch=70/80 loss=0.009602 seconds=0.03
epoch=71/80 loss=0.003569 seconds=0.05
epoch=72/80 loss=0.002071 seconds=0.05
epoch=73/80 loss=0.002379 seconds=0.03
epoch=74/80 loss=0.002754 seconds=0.05
epoch=75/80 loss=0.003525 seconds=0.03
epoch=76/80 loss=0.002991 seconds=0.05
epoch=77/80 loss=0.003385 seconds=0.05
epoch=78/80 loss=0.002648 seconds=0.03
epoch=79/80 loss=0.005047 seconds=0.05
epoch=80/80 loss=0.001558 seconds=0.05
fold=10/10 OOF_accuracy=0.833333 OOF_AUC=0.751323
Frozen Train OOF threshold=0.72533923387527466; objective=accuracy; OOF selection accuracy=0.866667
Device=cuda; epochs=80; batch=32; model=SqueezeNet1D
epoch=1/80 loss=0.693441 seconds=0.06
epoch=2/80 loss=0.681416 seconds=0.05
epoch=3/80 loss=0.618719 seconds=0.05
epoch=4/80 loss=0.392755 seconds=0.06
epoch=5/80 loss=0.244892 seconds=0.05
epoch=6/80 loss=0.165958 seconds=0.05
epoch=7/80 loss=0.135523 seconds=0.05
epoch=8/80 loss=0.129966 seconds=0.05
epoch=9/80 loss=0.106074 seconds=0.05
epoch=10/80 loss=0.131123 seconds=0.05
epoch=11/80 loss=0.110160 seconds=0.05
epoch=12/80 loss=0.085845 seconds=0.05
epoch=13/80 loss=0.078020 seconds=0.05
epoch=14/80 loss=0.081397 seconds=0.05
epoch=15/80 loss=0.080466 seconds=0.05
epoch=16/80 loss=0.083226 seconds=0.03
epoch=17/80 loss=0.075699 seconds=0.05
epoch=18/80 loss=0.076969 seconds=0.05
epoch=19/80 loss=0.078569 seconds=0.05
epoch=20/80 loss=0.071905 seconds=0.05
epoch=21/80 loss=0.067920 seconds=0.05
epoch=22/80 loss=0.073789 seconds=0.05
epoch=23/80 loss=0.073700 seconds=0.05
epoch=24/80 loss=0.060118 seconds=0.05
epoch=25/80 loss=0.060563 seconds=0.05
epoch=26/80 loss=0.066632 seconds=0.05
epoch=27/80 loss=0.065445 seconds=0.05
epoch=28/80 loss=0.058306 seconds=0.05
epoch=29/80 loss=0.062747 seconds=0.05
epoch=30/80 loss=0.065973 seconds=0.05
epoch=31/80 loss=0.058956 seconds=0.05
epoch=32/80 loss=0.051328 seconds=0.05
epoch=33/80 loss=0.048821 seconds=0.03
epoch=34/80 loss=0.056813 seconds=0.05
epoch=35/80 loss=0.050522 seconds=0.05
epoch=36/80 loss=0.073276 seconds=0.05
epoch=37/80 loss=0.055844 seconds=0.05
epoch=38/80 loss=0.055720 seconds=0.05
epoch=39/80 loss=0.057663 seconds=0.05
epoch=40/80 loss=0.071719 seconds=0.05
epoch=41/80 loss=0.057065 seconds=0.05
epoch=42/80 loss=0.041783 seconds=0.05
epoch=43/80 loss=0.053658 seconds=0.05
epoch=44/80 loss=0.042788 seconds=0.03
epoch=45/80 loss=0.051099 seconds=0.05
epoch=46/80 loss=0.057922 seconds=0.05
epoch=47/80 loss=0.044431 seconds=0.03
epoch=48/80 loss=0.044904 seconds=0.05
epoch=49/80 loss=0.038923 seconds=0.05
epoch=50/80 loss=0.047598 seconds=0.03
epoch=51/80 loss=0.053353 seconds=0.06
epoch=52/80 loss=0.038793 seconds=0.03
epoch=53/80 loss=0.036872 seconds=0.05
epoch=54/80 loss=0.036466 seconds=0.05
epoch=55/80 loss=0.067324 seconds=0.05
epoch=56/80 loss=0.037364 seconds=0.05
epoch=57/80 loss=0.038061 seconds=0.05
epoch=58/80 loss=0.036513 seconds=0.05
epoch=59/80 loss=0.037304 seconds=0.05
epoch=60/80 loss=0.041647 seconds=0.03
epoch=61/80 loss=0.029687 seconds=0.06
epoch=62/80 loss=0.084329 seconds=0.03
epoch=63/80 loss=0.065938 seconds=0.05
epoch=64/80 loss=0.042128 seconds=0.05
epoch=65/80 loss=0.039633 seconds=0.05
epoch=66/80 loss=0.054891 seconds=0.03
epoch=67/80 loss=0.047638 seconds=0.05
epoch=68/80 loss=0.087461 seconds=0.05
epoch=69/80 loss=0.056910 seconds=0.05
epoch=70/80 loss=0.047512 seconds=0.03
epoch=71/80 loss=0.034369 seconds=0.06
epoch=72/80 loss=0.037005 seconds=0.06
epoch=73/80 loss=0.038272 seconds=0.05
epoch=74/80 loss=0.023682 seconds=0.05
epoch=75/80 loss=0.025402 seconds=0.05
epoch=76/80 loss=0.031293 seconds=0.05
epoch=77/80 loss=0.021292 seconds=0.05
epoch=78/80 loss=0.027003 seconds=0.05
epoch=79/80 loss=0.039066 seconds=0.05
epoch=80/80 loss=0.022257 seconds=0.05
{"cv_oof": {"accuracy": 0.85, "balanced_accuracy": 0.800016911889058, "sensitivity": 0.691358024691358, "specificity": 0.908675799086758, "f1_macro": 0.8058978303690816, "roc_auc": 0.8433959073228479, "confusion_matrix": [[199, 20], [25, 56]], "classification_report": {"0": {"precision": 0.8883928571428571, "recall": 0.908675799086758, "f1-score": 0.8984198645598194, "support": 219.0}, "1": {"precision": 0.7368421052631579, "recall": 0.691358024691358, "f1-score": 0.7133757961783439, "support": 81.0}, "accuracy": 0.85, "macro avg": {"precision": 0.8126174812030075, "recall": 0.800016911889058, "f1-score": 0.8058978303690816, "support": 300.0}, "weighted avg": {"precision": 0.8474741541353382, "recall": 0.85, "f1-score": 0.848457966096821, "support": 300.0}}}, "test": {"accuracy": 0.8441558441558441, "balanced_accuracy": 0.7589285714285714, "sensitivity": 0.5714285714285714, "specificity": 0.9464285714285714, "f1_macro": 0.7824858757062148, "roc_auc": 0.8401360544217688, "confusion_matrix": [[53, 3], [9, 12]], "classification_report": {"0": {"precision": 0.8548387096774194, "recall": 0.9464285714285714, "f1-score": 0.8983050847457628, "support": 56.0}, "1": {"precision": 0.8, "recall": 0.5714285714285714, "f1-score": 0.6666666666666666, "support": 21.0}, "accuracy": 0.8441558441558441, "macro avg": {"precision": 0.8274193548387097, "recall": 0.7589285714285714, "f1-score": 0.7824858757062148, "support": 77.0}, "weighted avg": {"precision": 0.839882697947214, "recall": 0.8441558441558441, "f1-score": 0.8351309707241911, "support": 77.0}}}, "folds": 10, "original_train_rows": 300, "train_rows": 438, "test_rows": 77, "elapsed_seconds": 42.625, "test_default": {"accuracy": 0.8311688311688312, "balanced_accuracy": 0.75, "sensitivity": 0.5714285714285714, "specificity": 0.9285714285714286, "f1_macro": 0.7687687687687688, "roc_auc": 0.8401360544217688, "confusion_matrix": [[52, 4], [9, 12]], "classification_report": {"0": {"precision": 0.8524590163934426, "recall": 0.9285714285714286, "f1-score": 0.8888888888888888, "support": 56.0}, "1": {"precision": 0.75, "recall": 0.5714285714285714, "f1-score": 0.6486486486486487, "support": 21.0}, "accuracy": 0.8311688311688312, "macro avg": {"precision": 0.8012295081967213, "recall": 0.75, "f1-score": 0.7687687687687688, "support": 77.0}, "weighted avg": {"precision": 0.82451564828614, "recall": 0.8311688311688312, "f1-score": 0.8233688233688233, "support": 77.0}}}, "decision_threshold": 0.7253392338752747, "oof_threshold_selection": {"accuracy": 0.8666666666666667, "balanced_accuracy": 0.8114324370032132, "sensitivity": 0.691358024691358, "specificity": 0.9315068493150684, "f1_macro": 0.8237781954887218, "roc_auc": 0.8433959073228479, "confusion_matrix": [[204, 15], [25, 56]], "classification_report": {"0": {"precision": 0.8908296943231441, "recall": 0.9315068493150684, "f1-score": 0.9107142857142857, "support": 219.0}, "1": {"precision": 0.7887323943661971, "recall": 0.691358024691358, "f1-score": 0.7368421052631579, "support": 81.0}, "accuracy": 0.8666666666666667, "macro avg": {"precision": 0.8397810443446706, "recall": 0.8114324370032132, "f1-score": 0.8237781954887218, "support": 300.0}, "weighted avg": {"precision": 0.8632634233347684, "recall": 0.8666666666666667, "f1-score": 0.8637687969924811, "support": 300.0}}}, "test_accuracy_change": 0.01298701298701288}
