Command: ["C:\\Users\\IHCK\\AppData\\Local\\Programs\\Python\\Python312\\python.exe", "-u", "C:\\Users\\IHCK\\Desktop\\1_10_69Final\\Hippocampal-Shape-Analysis-for-Epilepsy-Detection\\Model\\train_dataset_model.py", "--dataset", "coef_raw_balanced_jitter", "--side", "left", "--model", "SqueezeNet", "--kind", "coef", "--train-csv", "C:\\Users\\IHCK\\Desktop\\1_10_69Final\\Hippocampal-Shape-Analysis-for-Epilepsy-Detection\\Output_Dataset\\coef_raw_balanced_jitter\\left\\train_prepared.csv", "--test-csv", "C:\\Users\\IHCK\\Desktop\\1_10_69Final\\Hippocampal-Shape-Analysis-for-Epilepsy-Detection\\Output_Dataset\\coef_raw_balanced_jitter\\left\\test_prepared.csv", "--output-dir", "C:\\Users\\IHCK\\Desktop\\1_10_69Final\\Hippocampal-Shape-Analysis-for-Epilepsy-Detection\\Model_Results\\dataset_runs_20261003_oof_threshold\\coef_raw_balanced_jitter\\left\\SqueezeNet", "--epochs", "80", "--folds", "10", "--pls-components", "8", "--seed", "42", "--threads", "2", "--tune-threshold"]
10-fold CV: dataset=coef_raw_balanced_jitter side=left model=SqueezeNet; original_train=300 test=73
Device=cuda; epochs=80; batch=32; model=SqueezeNet1D
epoch=1/80 loss=0.693887 seconds=0.53
epoch=2/80 loss=0.691020 seconds=0.05
epoch=3/80 loss=0.678344 seconds=0.05
epoch=4/80 loss=0.634524 seconds=0.03
epoch=5/80 loss=0.521901 seconds=0.05
epoch=6/80 loss=0.354978 seconds=0.03
epoch=7/80 loss=0.291916 seconds=0.05
epoch=8/80 loss=0.296625 seconds=0.03
epoch=9/80 loss=0.264363 seconds=0.05
epoch=10/80 loss=0.222433 seconds=0.03
epoch=11/80 loss=0.217621 seconds=0.05
epoch=12/80 loss=0.210047 seconds=0.03
epoch=13/80 loss=0.205076 seconds=0.05
epoch=14/80 loss=0.208315 seconds=0.03
epoch=15/80 loss=0.197846 seconds=0.03
epoch=16/80 loss=0.188682 seconds=0.05
epoch=17/80 loss=0.196459 seconds=0.05
epoch=18/80 loss=0.190282 seconds=0.03
epoch=19/80 loss=0.181088 seconds=0.05
epoch=20/80 loss=0.186948 seconds=0.03
epoch=21/80 loss=0.182102 seconds=0.03
epoch=22/80 loss=0.173848 seconds=0.03
epoch=23/80 loss=0.174975 seconds=0.03
epoch=24/80 loss=0.171963 seconds=0.05
epoch=25/80 loss=0.180012 seconds=0.03
epoch=26/80 loss=0.160127 seconds=0.03
epoch=27/80 loss=0.162338 seconds=0.03
epoch=28/80 loss=0.160578 seconds=0.03
epoch=29/80 loss=0.167043 seconds=0.05
epoch=30/80 loss=0.153111 seconds=0.03
epoch=31/80 loss=0.168242 seconds=0.03
epoch=32/80 loss=0.151525 seconds=0.05
epoch=33/80 loss=0.145493 seconds=0.03
epoch=34/80 loss=0.149706 seconds=0.03
epoch=35/80 loss=0.163946 seconds=0.03
epoch=36/80 loss=0.174283 seconds=0.03
epoch=37/80 loss=0.193994 seconds=0.03
epoch=38/80 loss=0.163251 seconds=0.05
epoch=39/80 loss=0.138516 seconds=0.03
epoch=40/80 loss=0.138105 seconds=0.03
epoch=41/80 loss=0.132874 seconds=0.03
epoch=42/80 loss=0.138955 seconds=0.05
epoch=43/80 loss=0.136049 seconds=0.03
epoch=44/80 loss=0.124503 seconds=0.03
epoch=45/80 loss=0.147823 seconds=0.03
epoch=46/80 loss=0.128710 seconds=0.05
epoch=47/80 loss=0.119762 seconds=0.03
epoch=48/80 loss=0.113687 seconds=0.03
epoch=49/80 loss=0.121846 seconds=0.05
epoch=50/80 loss=0.117740 seconds=0.03
epoch=51/80 loss=0.117283 seconds=0.03
epoch=52/80 loss=0.109779 seconds=0.05
epoch=53/80 loss=0.101462 seconds=0.05
epoch=54/80 loss=0.102572 seconds=0.03
epoch=55/80 loss=0.098306 seconds=0.05
epoch=56/80 loss=0.095576 seconds=0.03
epoch=57/80 loss=0.092232 seconds=0.03
epoch=58/80 loss=0.084333 seconds=0.03
epoch=59/80 loss=0.096804 seconds=0.05
epoch=60/80 loss=0.080641 seconds=0.03
epoch=61/80 loss=0.081481 seconds=0.03
epoch=62/80 loss=0.099039 seconds=0.03
epoch=63/80 loss=0.093415 seconds=0.03
epoch=64/80 loss=0.076962 seconds=0.03
epoch=65/80 loss=0.093320 seconds=0.05
epoch=66/80 loss=0.089941 seconds=0.03
epoch=67/80 loss=0.070299 seconds=0.03
epoch=68/80 loss=0.065137 seconds=0.03
epoch=69/80 loss=0.065841 seconds=0.05
epoch=70/80 loss=0.062175 seconds=0.05
epoch=71/80 loss=0.053565 seconds=0.03
epoch=72/80 loss=0.064773 seconds=0.03
epoch=73/80 loss=0.048479 seconds=0.03
epoch=74/80 loss=0.043590 seconds=0.05
epoch=75/80 loss=0.047878 seconds=0.03
epoch=76/80 loss=0.036339 seconds=0.03
epoch=77/80 loss=0.042941 seconds=0.05
epoch=78/80 loss=0.041811 seconds=0.05
epoch=79/80 loss=0.034234 seconds=0.03
epoch=80/80 loss=0.034030 seconds=0.05
fold=1/10 OOF_accuracy=0.766667 OOF_AUC=0.820000
Device=cuda; epochs=80; batch=32; model=SqueezeNet1D
epoch=1/80 loss=0.694219 seconds=0.03
epoch=2/80 loss=0.692817 seconds=0.05
epoch=3/80 loss=0.689031 seconds=0.03
epoch=4/80 loss=0.680882 seconds=0.03
epoch=5/80 loss=0.654019 seconds=0.03
epoch=6/80 loss=0.584025 seconds=0.05
epoch=7/80 loss=0.512447 seconds=0.03
epoch=8/80 loss=0.477358 seconds=0.03
epoch=9/80 loss=0.439898 seconds=0.03
epoch=10/80 loss=0.395482 seconds=0.03
epoch=11/80 loss=0.365131 seconds=0.05
epoch=12/80 loss=0.307378 seconds=0.03
epoch=13/80 loss=0.264818 seconds=0.03
epoch=14/80 loss=0.236398 seconds=0.03
epoch=15/80 loss=0.250596 seconds=0.05
epoch=16/80 loss=0.198437 seconds=0.03
epoch=17/80 loss=0.204760 seconds=0.05
epoch=18/80 loss=0.179508 seconds=0.03
epoch=19/80 loss=0.177933 seconds=0.03
epoch=20/80 loss=0.149275 seconds=0.05
epoch=21/80 loss=0.144337 seconds=0.03
epoch=22/80 loss=0.138094 seconds=0.03
epoch=23/80 loss=0.117108 seconds=0.03
epoch=24/80 loss=0.104674 seconds=0.05
epoch=25/80 loss=0.099604 seconds=0.03
epoch=26/80 loss=0.106699 seconds=0.03
epoch=27/80 loss=0.101314 seconds=0.03
epoch=28/80 loss=0.104433 seconds=0.03
epoch=29/80 loss=0.169885 seconds=0.03
epoch=30/80 loss=0.143039 seconds=0.05
epoch=31/80 loss=0.141017 seconds=0.05
epoch=32/80 loss=0.077258 seconds=0.03
epoch=33/80 loss=0.061745 seconds=0.03
epoch=34/80 loss=0.056186 seconds=0.03
epoch=35/80 loss=0.063876 seconds=0.05
epoch=36/80 loss=0.063036 seconds=0.03
epoch=37/80 loss=0.050713 seconds=0.03
epoch=38/80 loss=0.044460 seconds=0.03
epoch=39/80 loss=0.039731 seconds=0.03
epoch=40/80 loss=0.038386 seconds=0.03
epoch=41/80 loss=0.030088 seconds=0.05
epoch=42/80 loss=0.036087 seconds=0.03
epoch=43/80 loss=0.033171 seconds=0.03
epoch=44/80 loss=0.027078 seconds=0.03
epoch=45/80 loss=0.033261 seconds=0.03
epoch=46/80 loss=0.023135 seconds=0.03
epoch=47/80 loss=0.029414 seconds=0.05
epoch=48/80 loss=0.023829 seconds=0.03
epoch=49/80 loss=0.017328 seconds=0.03
epoch=50/80 loss=0.016931 seconds=0.05
epoch=51/80 loss=0.017553 seconds=0.03
epoch=52/80 loss=0.018153 seconds=0.03
epoch=53/80 loss=0.016004 seconds=0.03
epoch=54/80 loss=0.014473 seconds=0.03
epoch=55/80 loss=0.014149 seconds=0.05
epoch=56/80 loss=0.015460 seconds=0.03
epoch=57/80 loss=0.009404 seconds=0.03
epoch=58/80 loss=0.010268 seconds=0.05
epoch=59/80 loss=0.014031 seconds=0.03
epoch=60/80 loss=0.011589 seconds=0.03
epoch=61/80 loss=0.012315 seconds=0.03
epoch=62/80 loss=0.059961 seconds=0.05
epoch=63/80 loss=0.069338 seconds=0.03
epoch=64/80 loss=0.028653 seconds=0.03
epoch=65/80 loss=0.059756 seconds=0.03
epoch=66/80 loss=0.021843 seconds=0.03
epoch=67/80 loss=0.016911 seconds=0.05
epoch=68/80 loss=0.012788 seconds=0.03
epoch=69/80 loss=0.020133 seconds=0.05
epoch=70/80 loss=0.009733 seconds=0.03
epoch=71/80 loss=0.007402 seconds=0.05
epoch=72/80 loss=0.006769 seconds=0.03
epoch=73/80 loss=0.006188 seconds=0.03
epoch=74/80 loss=0.009368 seconds=0.05
epoch=75/80 loss=0.004824 seconds=0.03
epoch=76/80 loss=0.004579 seconds=0.05
epoch=77/80 loss=0.006354 seconds=0.03
epoch=78/80 loss=0.004937 seconds=0.03
epoch=79/80 loss=0.004899 seconds=0.03
epoch=80/80 loss=0.006080 seconds=0.03
fold=2/10 OOF_accuracy=0.733333 OOF_AUC=0.580000
Device=cuda; epochs=80; batch=32; model=SqueezeNet1D
epoch=1/80 loss=0.693937 seconds=0.05
epoch=2/80 loss=0.692360 seconds=0.03
epoch=3/80 loss=0.686899 seconds=0.03
epoch=4/80 loss=0.669574 seconds=0.05
epoch=5/80 loss=0.628786 seconds=0.03
epoch=6/80 loss=0.557510 seconds=0.03
epoch=7/80 loss=0.514487 seconds=0.03
epoch=8/80 loss=0.466488 seconds=0.03
epoch=9/80 loss=0.426000 seconds=0.05
epoch=10/80 loss=0.418821 seconds=0.03
epoch=11/80 loss=0.367117 seconds=0.03
epoch=12/80 loss=0.357139 seconds=0.03
epoch=13/80 loss=0.301690 seconds=0.05
epoch=14/80 loss=0.261513 seconds=0.03
epoch=15/80 loss=0.253929 seconds=0.03
epoch=16/80 loss=0.207020 seconds=0.03
epoch=17/80 loss=0.184504 seconds=0.03
epoch=18/80 loss=0.183499 seconds=0.03
epoch=19/80 loss=0.187642 seconds=0.05
epoch=20/80 loss=0.210839 seconds=0.03
epoch=21/80 loss=0.259712 seconds=0.03
epoch=22/80 loss=0.167413 seconds=0.05
epoch=23/80 loss=0.142088 seconds=0.02
epoch=24/80 loss=0.138237 seconds=0.05
epoch=25/80 loss=0.128131 seconds=0.03
epoch=26/80 loss=0.121222 seconds=0.03
epoch=27/80 loss=0.116355 seconds=0.05
epoch=28/80 loss=0.119300 seconds=0.03
epoch=29/80 loss=0.096898 seconds=0.03
epoch=30/80 loss=0.095334 seconds=0.05
epoch=31/80 loss=0.104445 seconds=0.03
epoch=32/80 loss=0.097463 seconds=0.03
epoch=33/80 loss=0.084975 seconds=0.03
epoch=34/80 loss=0.091095 seconds=0.05
epoch=35/80 loss=0.123542 seconds=0.03
epoch=36/80 loss=0.131613 seconds=0.03
epoch=37/80 loss=0.094795 seconds=0.03
epoch=38/80 loss=0.111973 seconds=0.03
epoch=39/80 loss=0.096760 seconds=0.05
epoch=40/80 loss=0.079069 seconds=0.03
epoch=41/80 loss=0.075072 seconds=0.03
epoch=42/80 loss=0.095760 seconds=0.05
epoch=43/80 loss=0.061271 seconds=0.03
epoch=44/80 loss=0.068570 seconds=0.03
epoch=45/80 loss=0.065852 seconds=0.03
epoch=46/80 loss=0.062965 seconds=0.05
epoch=47/80 loss=0.056235 seconds=0.03
epoch=48/80 loss=0.059720 seconds=0.03
epoch=49/80 loss=0.055063 seconds=0.05
epoch=50/80 loss=0.043860 seconds=0.03
epoch=51/80 loss=0.074196 seconds=0.03
epoch=52/80 loss=0.046713 seconds=0.03
epoch=53/80 loss=0.053698 seconds=0.05
epoch=54/80 loss=0.090142 seconds=0.03
epoch=55/80 loss=0.074259 seconds=0.03
epoch=56/80 loss=0.052552 seconds=0.03
epoch=57/80 loss=0.052336 seconds=0.03
epoch=58/80 loss=0.055116 seconds=0.05
epoch=59/80 loss=0.089409 seconds=0.03
epoch=60/80 loss=0.048702 seconds=0.03
epoch=61/80 loss=0.054543 seconds=0.03
epoch=62/80 loss=0.042146 seconds=0.05
epoch=63/80 loss=0.039931 seconds=0.03
epoch=64/80 loss=0.046809 seconds=0.03
epoch=65/80 loss=0.048088 seconds=0.05
epoch=66/80 loss=0.027317 seconds=0.03
epoch=67/80 loss=0.044774 seconds=0.03
epoch=68/80 loss=0.041500 seconds=0.05
epoch=69/80 loss=0.050049 seconds=0.03
epoch=70/80 loss=0.069686 seconds=0.05
epoch=71/80 loss=0.060425 seconds=0.05
epoch=72/80 loss=0.028642 seconds=0.03
epoch=73/80 loss=0.028425 seconds=0.03
epoch=74/80 loss=0.044240 seconds=0.05
epoch=75/80 loss=0.035697 seconds=0.03
epoch=76/80 loss=0.018426 seconds=0.03
epoch=77/80 loss=0.025610 seconds=0.03
epoch=78/80 loss=0.024442 seconds=0.03
epoch=79/80 loss=0.025905 seconds=0.05
epoch=80/80 loss=0.045416 seconds=0.03
fold=3/10 OOF_accuracy=0.766667 OOF_AUC=0.751196
Device=cuda; epochs=80; batch=32; model=SqueezeNet1D
epoch=1/80 loss=0.693051 seconds=0.03
epoch=2/80 loss=0.686831 seconds=0.05
epoch=3/80 loss=0.659323 seconds=0.03
epoch=4/80 loss=0.569637 seconds=0.05
epoch=5/80 loss=0.394305 seconds=0.03
epoch=6/80 loss=0.232180 seconds=0.05
epoch=7/80 loss=0.164055 seconds=0.03
epoch=8/80 loss=0.164338 seconds=0.05
epoch=9/80 loss=0.157745 seconds=0.03
epoch=10/80 loss=0.134849 seconds=0.03
epoch=11/80 loss=0.114605 seconds=0.03
epoch=12/80 loss=0.113488 seconds=0.05
epoch=13/80 loss=0.117971 seconds=0.03
epoch=14/80 loss=0.124499 seconds=0.03
epoch=15/80 loss=0.108702 seconds=0.05
epoch=16/80 loss=0.123832 seconds=0.03
epoch=17/80 loss=0.106513 seconds=0.03
epoch=18/80 loss=0.093346 seconds=0.03
epoch=19/80 loss=0.129327 seconds=0.03
epoch=20/80 loss=0.104381 seconds=0.05
epoch=21/80 loss=0.121524 seconds=0.03
epoch=22/80 loss=0.101865 seconds=0.03
epoch=23/80 loss=0.089631 seconds=0.03
epoch=24/80 loss=0.103990 seconds=0.05
epoch=25/80 loss=0.097843 seconds=0.05
epoch=26/80 loss=0.090972 seconds=0.03
epoch=27/80 loss=0.081823 seconds=0.03
epoch=28/80 loss=0.083765 seconds=0.05
epoch=29/80 loss=0.090617 seconds=0.03
epoch=30/80 loss=0.083229 seconds=0.03
epoch=31/80 loss=0.090519 seconds=0.03
epoch=32/80 loss=0.089056 seconds=0.05
epoch=33/80 loss=0.081911 seconds=0.03
epoch=34/80 loss=0.080902 seconds=0.05
epoch=35/80 loss=0.079596 seconds=0.03
epoch=36/80 loss=0.085411 seconds=0.03
epoch=37/80 loss=0.080818 seconds=0.05
epoch=38/80 loss=0.079769 seconds=0.03
epoch=39/80 loss=0.077581 seconds=0.05
epoch=40/80 loss=0.079848 seconds=0.05
epoch=41/80 loss=0.067239 seconds=0.03
epoch=42/80 loss=0.082872 seconds=0.05
epoch=43/80 loss=0.077392 seconds=0.03
epoch=44/80 loss=0.068976 seconds=0.03
epoch=45/80 loss=0.066059 seconds=0.03
epoch=46/80 loss=0.076906 seconds=0.05
epoch=47/80 loss=0.062422 seconds=0.03
epoch=48/80 loss=0.065985 seconds=0.05
epoch=49/80 loss=0.065309 seconds=0.03
epoch=50/80 loss=0.063975 seconds=0.03
epoch=51/80 loss=0.058818 seconds=0.05
epoch=52/80 loss=0.064235 seconds=0.03
epoch=53/80 loss=0.058483 seconds=0.03
epoch=54/80 loss=0.049740 seconds=0.05
epoch=55/80 loss=0.064037 seconds=0.03
epoch=56/80 loss=0.049887 seconds=0.05
epoch=57/80 loss=0.052290 seconds=0.03
epoch=58/80 loss=0.059104 seconds=0.05
epoch=59/80 loss=0.054357 seconds=0.03
epoch=60/80 loss=0.054090 seconds=0.03
epoch=61/80 loss=0.060344 seconds=0.05
epoch=62/80 loss=0.047861 seconds=0.03
epoch=63/80 loss=0.041302 seconds=0.03
epoch=64/80 loss=0.049143 seconds=0.03
epoch=65/80 loss=0.053833 seconds=0.03
epoch=66/80 loss=0.033902 seconds=0.03
epoch=67/80 loss=0.050401 seconds=0.05
epoch=68/80 loss=0.051145 seconds=0.03
epoch=69/80 loss=0.042745 seconds=0.03
epoch=70/80 loss=0.051343 seconds=0.05
epoch=71/80 loss=0.052539 seconds=0.03
epoch=72/80 loss=0.041379 seconds=0.05
epoch=73/80 loss=0.040349 seconds=0.03
epoch=74/80 loss=0.029534 seconds=0.05
epoch=75/80 loss=0.037547 seconds=0.03
epoch=76/80 loss=0.035359 seconds=0.05
epoch=77/80 loss=0.038228 seconds=0.03
epoch=78/80 loss=0.035269 seconds=0.05
epoch=79/80 loss=0.039890 seconds=0.03
epoch=80/80 loss=0.036907 seconds=0.03
fold=4/10 OOF_accuracy=0.733333 OOF_AUC=0.736842
Device=cuda; epochs=80; batch=32; model=SqueezeNet1D
epoch=1/80 loss=0.693388 seconds=0.03
epoch=2/80 loss=0.688629 seconds=0.03
epoch=3/80 loss=0.667556 seconds=0.05
epoch=4/80 loss=0.600545 seconds=0.05
epoch=5/80 loss=0.440212 seconds=0.03
epoch=6/80 loss=0.320428 seconds=0.03
epoch=7/80 loss=0.263966 seconds=0.03
epoch=8/80 loss=0.228465 seconds=0.03
epoch=9/80 loss=0.212392 seconds=0.05
epoch=10/80 loss=0.205321 seconds=0.03
epoch=11/80 loss=0.191865 seconds=0.05
epoch=12/80 loss=0.190778 seconds=0.03
epoch=13/80 loss=0.172152 seconds=0.05
epoch=14/80 loss=0.162208 seconds=0.03
epoch=15/80 loss=0.162436 seconds=0.05
epoch=16/80 loss=0.156131 seconds=0.05
epoch=17/80 loss=0.173259 seconds=0.03
epoch=18/80 loss=0.159403 seconds=0.03
epoch=19/80 loss=0.152115 seconds=0.03
epoch=20/80 loss=0.142649 seconds=0.05
epoch=21/80 loss=0.148719 seconds=0.03
epoch=22/80 loss=0.152504 seconds=0.05
epoch=23/80 loss=0.153324 seconds=0.05
epoch=24/80 loss=0.143688 seconds=0.03
epoch=25/80 loss=0.140586 seconds=0.03
epoch=26/80 loss=0.139979 seconds=0.05
epoch=27/80 loss=0.128139 seconds=0.03
epoch=28/80 loss=0.133647 seconds=0.05
epoch=29/80 loss=0.126520 seconds=0.03
epoch=30/80 loss=0.130218 seconds=0.05
epoch=31/80 loss=0.155156 seconds=0.03
epoch=32/80 loss=0.182571 seconds=0.03
epoch=33/80 loss=0.131177 seconds=0.03
epoch=34/80 loss=0.138594 seconds=0.05
epoch=35/80 loss=0.130440 seconds=0.03
epoch=36/80 loss=0.129822 seconds=0.05
epoch=37/80 loss=0.125562 seconds=0.03
epoch=38/80 loss=0.122712 seconds=0.03
epoch=39/80 loss=0.120213 seconds=0.05
epoch=40/80 loss=0.113652 seconds=0.03
epoch=41/80 loss=0.110488 seconds=0.05
epoch=42/80 loss=0.110831 seconds=0.03
epoch=43/80 loss=0.108112 seconds=0.03
epoch=44/80 loss=0.112017 seconds=0.03
epoch=45/80 loss=0.112968 seconds=0.05
epoch=46/80 loss=0.116121 seconds=0.03
epoch=47/80 loss=0.108808 seconds=0.03
epoch=48/80 loss=0.106930 seconds=0.05
epoch=49/80 loss=0.106717 seconds=0.03
epoch=50/80 loss=0.105956 seconds=0.03
epoch=51/80 loss=0.102603 seconds=0.05
epoch=52/80 loss=0.097373 seconds=0.05
epoch=53/80 loss=0.102515 seconds=0.05
epoch=54/80 loss=0.120030 seconds=0.03
epoch=55/80 loss=0.106064 seconds=0.03
epoch=56/80 loss=0.083602 seconds=0.03
epoch=57/80 loss=0.100724 seconds=0.05
epoch=58/80 loss=0.102276 seconds=0.03
epoch=59/80 loss=0.085732 seconds=0.03
epoch=60/80 loss=0.161967 seconds=0.05
epoch=61/80 loss=0.118893 seconds=0.03
epoch=62/80 loss=0.112051 seconds=0.05
epoch=63/80 loss=0.091555 seconds=0.03
epoch=64/80 loss=0.083362 seconds=0.03
epoch=65/80 loss=0.094916 seconds=0.05
epoch=66/80 loss=0.094920 seconds=0.03
epoch=67/80 loss=0.082145 seconds=0.05
epoch=68/80 loss=0.089934 seconds=0.03
epoch=69/80 loss=0.074919 seconds=0.03
epoch=70/80 loss=0.084144 seconds=0.05
epoch=71/80 loss=0.079087 seconds=0.03
epoch=72/80 loss=0.067472 seconds=0.05
epoch=73/80 loss=0.071025 seconds=0.05
epoch=74/80 loss=0.072644 seconds=0.03
epoch=75/80 loss=0.063790 seconds=0.03
epoch=76/80 loss=0.058347 seconds=0.05
epoch=77/80 loss=0.059538 seconds=0.03
epoch=78/80 loss=0.065327 seconds=0.03
epoch=79/80 loss=0.059371 seconds=0.03
epoch=80/80 loss=0.061907 seconds=0.05
fold=5/10 OOF_accuracy=0.700000 OOF_AUC=0.688995
Device=cuda; epochs=80; batch=32; model=SqueezeNet1D
epoch=1/80 loss=0.693503 seconds=0.03
epoch=2/80 loss=0.689930 seconds=0.03
epoch=3/80 loss=0.675563 seconds=0.05
epoch=4/80 loss=0.633042 seconds=0.03
epoch=5/80 loss=0.536632 seconds=0.03
epoch=6/80 loss=0.435651 seconds=0.05
epoch=7/80 loss=0.415612 seconds=0.03
epoch=8/80 loss=0.374585 seconds=0.03
epoch=9/80 loss=0.369660 seconds=0.03
epoch=10/80 loss=0.334854 seconds=0.05
epoch=11/80 loss=0.308919 seconds=0.05
epoch=12/80 loss=0.301299 seconds=0.03
epoch=13/80 loss=0.280010 seconds=0.05
epoch=14/80 loss=0.257284 seconds=0.03
epoch=15/80 loss=0.250495 seconds=0.03
epoch=16/80 loss=0.235683 seconds=0.03
epoch=17/80 loss=0.223756 seconds=0.05
epoch=18/80 loss=0.218227 seconds=0.03
epoch=19/80 loss=0.241395 seconds=0.05
epoch=20/80 loss=0.201721 seconds=0.03
epoch=21/80 loss=0.252363 seconds=0.03
epoch=22/80 loss=0.216758 seconds=0.05
epoch=23/80 loss=0.183881 seconds=0.03
epoch=24/80 loss=0.171973 seconds=0.03
epoch=25/80 loss=0.162456 seconds=0.05
epoch=26/80 loss=0.148846 seconds=0.03
epoch=27/80 loss=0.141201 seconds=0.05
epoch=28/80 loss=0.133062 seconds=0.03
epoch=29/80 loss=0.134210 seconds=0.03
epoch=30/80 loss=0.124752 seconds=0.03
epoch=31/80 loss=0.142165 seconds=0.03
epoch=32/80 loss=0.107634 seconds=0.03
epoch=33/80 loss=0.105470 seconds=0.05
epoch=34/80 loss=0.109785 seconds=0.05
epoch=35/80 loss=0.124836 seconds=0.03
epoch=36/80 loss=0.114063 seconds=0.05
epoch=37/80 loss=0.096174 seconds=0.03
epoch=38/80 loss=0.086300 seconds=0.05
epoch=39/80 loss=0.079583 seconds=0.03
epoch=40/80 loss=0.072725 seconds=0.03
epoch=41/80 loss=0.076424 seconds=0.05
epoch=42/80 loss=0.072716 seconds=0.03
epoch=43/80 loss=0.059736 seconds=0.03
epoch=44/80 loss=0.062581 seconds=0.03
epoch=45/80 loss=0.054698 seconds=0.05
epoch=46/80 loss=0.122335 seconds=0.03
epoch=47/80 loss=0.085600 seconds=0.03
epoch=48/80 loss=0.052972 seconds=0.05
epoch=49/80 loss=0.057984 seconds=0.03
epoch=50/80 loss=0.046503 seconds=0.03
epoch=51/80 loss=0.038556 seconds=0.03
epoch=52/80 loss=0.040692 seconds=0.03
epoch=53/80 loss=0.054484 seconds=0.03
epoch=54/80 loss=0.058169 seconds=0.05
epoch=55/80 loss=0.050556 seconds=0.03
epoch=56/80 loss=0.097128 seconds=0.03
epoch=57/80 loss=0.117050 seconds=0.03
epoch=58/80 loss=0.081790 seconds=0.03
epoch=59/80 loss=0.081547 seconds=0.05
epoch=60/80 loss=0.099804 seconds=0.03
epoch=61/80 loss=0.108751 seconds=0.03
epoch=62/80 loss=0.064910 seconds=0.05
epoch=63/80 loss=0.051682 seconds=0.03
epoch=64/80 loss=0.047628 seconds=0.03
epoch=65/80 loss=0.035341 seconds=0.05
epoch=66/80 loss=0.033734 seconds=0.03
epoch=67/80 loss=0.029903 seconds=0.03
epoch=68/80 loss=0.027918 seconds=0.03
epoch=69/80 loss=0.029941 seconds=0.05
epoch=70/80 loss=0.018062 seconds=0.03
epoch=71/80 loss=0.026861 seconds=0.03
epoch=72/80 loss=0.018928 seconds=0.03
epoch=73/80 loss=0.017670 seconds=0.05
epoch=74/80 loss=0.028220 seconds=0.03
epoch=75/80 loss=0.015939 seconds=0.03
epoch=76/80 loss=0.021641 seconds=0.03
epoch=77/80 loss=0.021447 seconds=0.03
epoch=78/80 loss=0.016403 seconds=0.03
epoch=79/80 loss=0.019411 seconds=0.03
epoch=80/80 loss=0.012579 seconds=0.05
fold=6/10 OOF_accuracy=0.766667 OOF_AUC=0.832536
Device=cuda; epochs=80; batch=32; model=SqueezeNet1D
epoch=1/80 loss=0.692877 seconds=0.03
epoch=2/80 loss=0.685951 seconds=0.03
epoch=3/80 loss=0.654446 seconds=0.03
epoch=4/80 loss=0.561448 seconds=0.03
epoch=5/80 loss=0.405165 seconds=0.05
epoch=6/80 loss=0.289172 seconds=0.03
epoch=7/80 loss=0.227636 seconds=0.03
epoch=8/80 loss=0.202927 seconds=0.03
epoch=9/80 loss=0.185057 seconds=0.03
epoch=10/80 loss=0.169669 seconds=0.05
epoch=11/80 loss=0.158101 seconds=0.03
epoch=12/80 loss=0.157221 seconds=0.03
epoch=13/80 loss=0.141400 seconds=0.03
epoch=14/80 loss=0.131723 seconds=0.05
epoch=15/80 loss=0.127178 seconds=0.03
epoch=16/80 loss=0.110919 seconds=0.03
epoch=17/80 loss=0.110057 seconds=0.03
epoch=18/80 loss=0.101201 seconds=0.03
epoch=19/80 loss=0.093070 seconds=0.03
epoch=20/80 loss=0.113487 seconds=0.03
epoch=21/80 loss=0.124154 seconds=0.05
epoch=22/80 loss=0.102951 seconds=0.03
epoch=23/80 loss=0.107701 seconds=0.03
epoch=24/80 loss=0.103833 seconds=0.05
epoch=25/80 loss=0.081732 seconds=0.03
epoch=26/80 loss=0.071889 seconds=0.03
epoch=27/80 loss=0.080441 seconds=0.03
epoch=28/80 loss=0.098361 seconds=0.05
epoch=29/80 loss=0.096413 seconds=0.03
epoch=30/80 loss=0.075268 seconds=0.05
epoch=31/80 loss=0.094341 seconds=0.03
epoch=32/80 loss=0.120451 seconds=0.05
epoch=33/80 loss=0.082932 seconds=0.03
epoch=34/80 loss=0.052723 seconds=0.05
epoch=35/80 loss=0.075961 seconds=0.03
epoch=36/80 loss=0.071158 seconds=0.03
epoch=37/80 loss=0.058580 seconds=0.05
epoch=38/80 loss=0.058454 seconds=0.05
epoch=39/80 loss=0.068777 seconds=0.03
epoch=40/80 loss=0.052562 seconds=0.05
epoch=41/80 loss=0.051463 seconds=0.05
epoch=42/80 loss=0.052451 seconds=0.03
epoch=43/80 loss=0.043105 seconds=0.03
epoch=44/80 loss=0.044256 seconds=0.05
epoch=45/80 loss=0.033190 seconds=0.03
epoch=46/80 loss=0.040697 seconds=0.03
epoch=47/80 loss=0.035954 seconds=0.03
epoch=48/80 loss=0.031206 seconds=0.03
epoch=49/80 loss=0.034536 seconds=0.05
epoch=50/80 loss=0.040261 seconds=0.03
epoch=51/80 loss=0.028634 seconds=0.03
epoch=52/80 loss=0.030266 seconds=0.03
epoch=53/80 loss=0.023607 seconds=0.05
epoch=54/80 loss=0.023122 seconds=0.05
epoch=55/80 loss=0.016348 seconds=0.03
epoch=56/80 loss=0.026241 seconds=0.03
epoch=57/80 loss=0.021477 seconds=0.03
epoch=58/80 loss=0.025115 seconds=0.05
epoch=59/80 loss=0.011382 seconds=0.03
epoch=60/80 loss=0.023710 seconds=0.03
epoch=61/80 loss=0.012988 seconds=0.03
epoch=62/80 loss=0.011112 seconds=0.03
epoch=63/80 loss=0.017025 seconds=0.03
epoch=64/80 loss=0.037174 seconds=0.05
epoch=65/80 loss=0.046556 seconds=0.03
epoch=66/80 loss=0.029442 seconds=0.03
epoch=67/80 loss=0.024874 seconds=0.03
epoch=68/80 loss=0.012859 seconds=0.03
epoch=69/80 loss=0.014358 seconds=0.03
epoch=70/80 loss=0.013134 seconds=0.05
epoch=71/80 loss=0.025509 seconds=0.03
epoch=72/80 loss=0.010656 seconds=0.03
epoch=73/80 loss=0.010054 seconds=0.03
epoch=74/80 loss=0.018957 seconds=0.03
epoch=75/80 loss=0.013510 seconds=0.03
epoch=76/80 loss=0.006488 seconds=0.03
epoch=77/80 loss=0.007046 seconds=0.05
epoch=78/80 loss=0.005376 seconds=0.03
epoch=79/80 loss=0.009701 seconds=0.03
epoch=80/80 loss=0.012528 seconds=0.03
fold=7/10 OOF_accuracy=0.733333 OOF_AUC=0.779904
Device=cuda; epochs=80; batch=32; model=SqueezeNet1D
epoch=1/80 loss=0.693909 seconds=0.05
epoch=2/80 loss=0.692287 seconds=0.03
epoch=3/80 loss=0.686664 seconds=0.03
epoch=4/80 loss=0.669376 seconds=0.03
epoch=5/80 loss=0.626604 seconds=0.05
epoch=6/80 loss=0.566110 seconds=0.03
epoch=7/80 loss=0.541711 seconds=0.03
epoch=8/80 loss=0.517974 seconds=0.05
epoch=9/80 loss=0.491298 seconds=0.03
epoch=10/80 loss=0.479739 seconds=0.03
epoch=11/80 loss=0.450034 seconds=0.03
epoch=12/80 loss=0.436498 seconds=0.03
epoch=13/80 loss=0.413359 seconds=0.03
epoch=14/80 loss=0.363083 seconds=0.05
epoch=15/80 loss=0.337202 seconds=0.03
epoch=16/80 loss=0.274153 seconds=0.05
epoch=17/80 loss=0.227749 seconds=0.05
epoch=18/80 loss=0.183635 seconds=0.05
epoch=19/80 loss=0.168505 seconds=0.03
epoch=20/80 loss=0.165422 seconds=0.03
epoch=21/80 loss=0.182267 seconds=0.03
epoch=22/80 loss=0.128872 seconds=0.05
epoch=23/80 loss=0.112611 seconds=0.05
epoch=24/80 loss=0.129824 seconds=0.03
epoch=25/80 loss=0.154461 seconds=0.03
epoch=26/80 loss=0.130775 seconds=0.05
epoch=27/80 loss=0.115745 seconds=0.03
epoch=28/80 loss=0.105581 seconds=0.05
epoch=29/80 loss=0.099852 seconds=0.03
epoch=30/80 loss=0.091635 seconds=0.05
epoch=31/80 loss=0.125671 seconds=0.03
epoch=32/80 loss=0.119291 seconds=0.03
epoch=33/80 loss=0.083404 seconds=0.03
epoch=34/80 loss=0.091216 seconds=0.05
epoch=35/80 loss=0.082671 seconds=0.03
epoch=36/80 loss=0.091975 seconds=0.05
epoch=37/80 loss=0.076835 seconds=0.05
epoch=38/80 loss=0.074083 seconds=0.03
epoch=39/80 loss=0.074049 seconds=0.05
epoch=40/80 loss=0.065809 seconds=0.03
epoch=41/80 loss=0.068169 seconds=0.03
epoch=42/80 loss=0.060729 seconds=0.05
epoch=43/80 loss=0.070854 seconds=0.03
epoch=44/80 loss=0.058487 seconds=0.05
epoch=45/80 loss=0.063382 seconds=0.03
epoch=46/80 loss=0.088900 seconds=0.03
epoch=47/80 loss=0.065573 seconds=0.03
epoch=48/80 loss=0.055685 seconds=0.05
epoch=49/80 loss=0.057152 seconds=0.03
epoch=50/80 loss=0.063768 seconds=0.03
epoch=51/80 loss=0.068578 seconds=0.03
epoch=52/80 loss=0.056562 seconds=0.03
epoch=53/80 loss=0.047236 seconds=0.05
epoch=54/80 loss=0.085354 seconds=0.03
epoch=55/80 loss=0.103569 seconds=0.05
epoch=56/80 loss=0.078422 seconds=0.03
epoch=57/80 loss=0.079318 seconds=0.03
epoch=58/80 loss=0.043038 seconds=0.05
epoch=59/80 loss=0.040713 seconds=0.03
epoch=60/80 loss=0.043869 seconds=0.03
epoch=61/80 loss=0.038535 seconds=0.05
epoch=62/80 loss=0.039091 seconds=0.03
epoch=63/80 loss=0.035251 seconds=0.03
epoch=64/80 loss=0.027784 seconds=0.05
epoch=65/80 loss=0.039033 seconds=0.03
epoch=66/80 loss=0.026827 seconds=0.03
epoch=67/80 loss=0.044111 seconds=0.05
epoch=68/80 loss=0.033135 seconds=0.03
epoch=69/80 loss=0.036710 seconds=0.03
epoch=70/80 loss=0.055305 seconds=0.03
epoch=71/80 loss=0.038187 seconds=0.05
epoch=72/80 loss=0.039892 seconds=0.03
epoch=73/80 loss=0.024697 seconds=0.03
epoch=74/80 loss=0.021307 seconds=0.03
epoch=75/80 loss=0.019669 seconds=0.05
epoch=76/80 loss=0.033398 seconds=0.05
epoch=77/80 loss=0.026092 seconds=0.03
epoch=78/80 loss=0.023001 seconds=0.05
epoch=79/80 loss=0.022617 seconds=0.03
epoch=80/80 loss=0.015918 seconds=0.03
fold=8/10 OOF_accuracy=0.733333 OOF_AUC=0.732057
Device=cuda; epochs=80; batch=32; model=SqueezeNet1D
epoch=1/80 loss=0.693735 seconds=0.03
epoch=2/80 loss=0.691278 seconds=0.05
epoch=3/80 loss=0.681036 seconds=0.03
epoch=4/80 loss=0.644824 seconds=0.03
epoch=5/80 loss=0.553781 seconds=0.03
epoch=6/80 loss=0.406954 seconds=0.05
epoch=7/80 loss=0.354538 seconds=0.03
epoch=8/80 loss=0.349534 seconds=0.05
epoch=9/80 loss=0.318010 seconds=0.03
epoch=10/80 loss=0.286627 seconds=0.05
epoch=11/80 loss=0.278445 seconds=0.03
epoch=12/80 loss=0.270697 seconds=0.05
epoch=13/80 loss=0.244353 seconds=0.03
epoch=14/80 loss=0.230947 seconds=0.05
epoch=15/80 loss=0.217677 seconds=0.03
epoch=16/80 loss=0.199907 seconds=0.03
epoch=17/80 loss=0.209672 seconds=0.03
epoch=18/80 loss=0.243602 seconds=0.05
epoch=19/80 loss=0.182199 seconds=0.03
epoch=20/80 loss=0.185463 seconds=0.03
epoch=21/80 loss=0.171660 seconds=0.03
epoch=22/80 loss=0.157899 seconds=0.05
epoch=23/80 loss=0.150582 seconds=0.03
epoch=24/80 loss=0.152997 seconds=0.05
epoch=25/80 loss=0.188428 seconds=0.05
epoch=26/80 loss=0.129223 seconds=0.03
epoch=27/80 loss=0.143227 seconds=0.03
epoch=28/80 loss=0.120116 seconds=0.03
epoch=29/80 loss=0.123434 seconds=0.05
epoch=30/80 loss=0.118315 seconds=0.03
epoch=31/80 loss=0.174827 seconds=0.03
epoch=32/80 loss=0.123621 seconds=0.05
epoch=33/80 loss=0.117135 seconds=0.03
epoch=34/80 loss=0.099066 seconds=0.03
epoch=35/80 loss=0.105299 seconds=0.05
epoch=36/80 loss=0.105230 seconds=0.03
epoch=37/80 loss=0.099480 seconds=0.05
epoch=38/80 loss=0.085587 seconds=0.05
epoch=39/80 loss=0.089471 seconds=0.03
epoch=40/80 loss=0.089619 seconds=0.03
epoch=41/80 loss=0.092430 seconds=0.05
epoch=42/80 loss=0.107198 seconds=0.03
epoch=43/80 loss=0.115881 seconds=0.05
epoch=44/80 loss=0.072094 seconds=0.03
epoch=45/80 loss=0.080302 seconds=0.03
epoch=46/80 loss=0.073274 seconds=0.03
epoch=47/80 loss=0.066768 seconds=0.05
epoch=48/80 loss=0.068804 seconds=0.03
epoch=49/80 loss=0.062674 seconds=0.03
epoch=50/80 loss=0.069085 seconds=0.03
epoch=51/80 loss=0.071928 seconds=0.05
epoch=52/80 loss=0.065187 seconds=0.05
epoch=53/80 loss=0.076803 seconds=0.03
epoch=54/80 loss=0.081626 seconds=0.05
epoch=55/80 loss=0.053839 seconds=0.05
epoch=56/80 loss=0.057579 seconds=0.03
epoch=57/80 loss=0.059217 seconds=0.03
epoch=58/80 loss=0.042293 seconds=0.03
epoch=59/80 loss=0.044818 seconds=0.05
epoch=60/80 loss=0.044181 seconds=0.03
epoch=61/80 loss=0.061341 seconds=0.03
epoch=62/80 loss=0.036718 seconds=0.05
epoch=63/80 loss=0.055927 seconds=0.03
epoch=64/80 loss=0.040904 seconds=0.03
epoch=65/80 loss=0.037397 seconds=0.05
epoch=66/80 loss=0.036977 seconds=0.03
epoch=67/80 loss=0.032424 seconds=0.03
epoch=68/80 loss=0.040801 seconds=0.03
epoch=69/80 loss=0.032190 seconds=0.05
epoch=70/80 loss=0.033284 seconds=0.03
epoch=71/80 loss=0.031050 seconds=0.05
epoch=72/80 loss=0.041316 seconds=0.03
epoch=73/80 loss=0.051131 seconds=0.03
epoch=74/80 loss=0.041430 seconds=0.05
epoch=75/80 loss=0.027973 seconds=0.03
epoch=76/80 loss=0.017736 seconds=0.03
epoch=77/80 loss=0.030800 seconds=0.03
epoch=78/80 loss=0.032203 seconds=0.05
epoch=79/80 loss=0.021833 seconds=0.03
epoch=80/80 loss=0.014733 seconds=0.03
fold=9/10 OOF_accuracy=0.700000 OOF_AUC=0.770335
Device=cuda; epochs=80; batch=32; model=SqueezeNet1D
epoch=1/80 loss=0.693439 seconds=0.03
epoch=2/80 loss=0.689213 seconds=0.03
epoch=3/80 loss=0.669614 seconds=0.03
epoch=4/80 loss=0.601663 seconds=0.05
epoch=5/80 loss=0.447640 seconds=0.03
epoch=6/80 loss=0.289015 seconds=0.03
epoch=7/80 loss=0.251496 seconds=0.05
epoch=8/80 loss=0.202662 seconds=0.03
epoch=9/80 loss=0.187748 seconds=0.05
epoch=10/80 loss=0.191066 seconds=0.03
epoch=11/80 loss=0.186500 seconds=0.03
epoch=12/80 loss=0.196829 seconds=0.03
epoch=13/80 loss=0.174659 seconds=0.03
epoch=14/80 loss=0.160030 seconds=0.03
epoch=15/80 loss=0.154989 seconds=0.03
epoch=16/80 loss=0.153019 seconds=0.05
epoch=17/80 loss=0.154100 seconds=0.03
epoch=18/80 loss=0.145404 seconds=0.03
epoch=19/80 loss=0.145055 seconds=0.03
epoch=20/80 loss=0.141390 seconds=0.05
epoch=21/80 loss=0.133358 seconds=0.03
epoch=22/80 loss=0.142371 seconds=0.03
epoch=23/80 loss=0.134276 seconds=0.03
epoch=24/80 loss=0.136148 seconds=0.05
epoch=25/80 loss=0.137401 seconds=0.03
epoch=26/80 loss=0.122757 seconds=0.03
epoch=27/80 loss=0.125274 seconds=0.05
epoch=28/80 loss=0.124878 seconds=0.03
epoch=29/80 loss=0.130443 seconds=0.05
epoch=30/80 loss=0.152475 seconds=0.05
epoch=31/80 loss=0.138071 seconds=0.03
epoch=32/80 loss=0.151574 seconds=0.03
epoch=33/80 loss=0.127574 seconds=0.03
epoch=34/80 loss=0.113529 seconds=0.03
epoch=35/80 loss=0.106987 seconds=0.03
epoch=36/80 loss=0.103335 seconds=0.03
epoch=37/80 loss=0.103077 seconds=0.03
epoch=38/80 loss=0.107430 seconds=0.03
epoch=39/80 loss=0.103832 seconds=0.03
epoch=40/80 loss=0.112718 seconds=0.05
epoch=41/80 loss=0.124372 seconds=0.03
epoch=42/80 loss=0.100456 seconds=0.05
epoch=43/80 loss=0.091036 seconds=0.03
epoch=44/80 loss=0.102966 seconds=0.05
epoch=45/80 loss=0.104674 seconds=0.03
epoch=46/80 loss=0.118528 seconds=0.05
epoch=47/80 loss=0.092830 seconds=0.03
epoch=48/80 loss=0.102282 seconds=0.03
epoch=49/80 loss=0.100444 seconds=0.05
epoch=50/80 loss=0.095113 seconds=0.03
epoch=51/80 loss=0.084059 seconds=0.03
epoch=52/80 loss=0.088702 seconds=0.05
epoch=53/80 loss=0.079327 seconds=0.03
epoch=54/80 loss=0.082313 seconds=0.03
epoch=55/80 loss=0.068807 seconds=0.03
epoch=56/80 loss=0.063372 seconds=0.03
epoch=57/80 loss=0.100824 seconds=0.05
epoch=58/80 loss=0.085913 seconds=0.03
epoch=59/80 loss=0.092775 seconds=0.03
epoch=60/80 loss=0.120685 seconds=0.05
epoch=61/80 loss=0.104705 seconds=0.03
epoch=62/80 loss=0.104809 seconds=0.03
epoch=63/80 loss=0.065050 seconds=0.03
epoch=64/80 loss=0.070908 seconds=0.05
epoch=65/80 loss=0.071522 seconds=0.03
epoch=66/80 loss=0.071445 seconds=0.03
epoch=67/80 loss=0.072605 seconds=0.05
epoch=68/80 loss=0.086621 seconds=0.03
epoch=69/80 loss=0.094215 seconds=0.03
epoch=70/80 loss=0.082046 seconds=0.03
epoch=71/80 loss=0.055924 seconds=0.03
epoch=72/80 loss=0.055328 seconds=0.05
epoch=73/80 loss=0.047491 seconds=0.03
epoch=74/80 loss=0.046771 seconds=0.03
epoch=75/80 loss=0.041215 seconds=0.03
epoch=76/80 loss=0.036735 seconds=0.03
epoch=77/80 loss=0.031243 seconds=0.03
epoch=78/80 loss=0.031082 seconds=0.03
epoch=79/80 loss=0.032694 seconds=0.03
epoch=80/80 loss=0.048589 seconds=0.05
fold=10/10 OOF_accuracy=0.766667 OOF_AUC=0.842105
Frozen Train OOF threshold=0.78578048944473267; objective=accuracy; OOF selection accuracy=0.756667
Device=cuda; epochs=80; batch=32; model=SqueezeNet1D
epoch=1/80 loss=0.693564 seconds=0.05
epoch=2/80 loss=0.693938 seconds=0.05
epoch=3/80 loss=0.691486 seconds=0.03
epoch=4/80 loss=0.689342 seconds=0.05
epoch=5/80 loss=0.682520 seconds=0.03
epoch=6/80 loss=0.658713 seconds=0.05
epoch=7/80 loss=0.614321 seconds=0.03
epoch=8/80 loss=0.553289 seconds=0.05
epoch=9/80 loss=0.468408 seconds=0.03
epoch=10/80 loss=0.387994 seconds=0.03
epoch=11/80 loss=0.339988 seconds=0.05
epoch=12/80 loss=0.292700 seconds=0.03
epoch=13/80 loss=0.303711 seconds=0.03
epoch=14/80 loss=0.277301 seconds=0.05
epoch=15/80 loss=0.253460 seconds=0.03
epoch=16/80 loss=0.248908 seconds=0.03
epoch=17/80 loss=0.239653 seconds=0.03
epoch=18/80 loss=0.254271 seconds=0.05
epoch=19/80 loss=0.225323 seconds=0.03
epoch=20/80 loss=0.216523 seconds=0.03
epoch=21/80 loss=0.189135 seconds=0.05
epoch=22/80 loss=0.175266 seconds=0.05
epoch=23/80 loss=0.174269 seconds=0.05
epoch=24/80 loss=0.178209 seconds=0.03
epoch=25/80 loss=0.176984 seconds=0.05
epoch=26/80 loss=0.190899 seconds=0.05
epoch=27/80 loss=0.164418 seconds=0.03
epoch=28/80 loss=0.155760 seconds=0.05
epoch=29/80 loss=0.154000 seconds=0.03
epoch=30/80 loss=0.144618 seconds=0.05
epoch=31/80 loss=0.136870 seconds=0.03
epoch=32/80 loss=0.135172 seconds=0.05
epoch=33/80 loss=0.162230 seconds=0.05
epoch=34/80 loss=0.143083 seconds=0.03
epoch=35/80 loss=0.126919 seconds=0.03
epoch=36/80 loss=0.138218 seconds=0.05
epoch=37/80 loss=0.115040 seconds=0.03
epoch=38/80 loss=0.141025 seconds=0.03
epoch=39/80 loss=0.141051 seconds=0.05
epoch=40/80 loss=0.115419 seconds=0.05
epoch=41/80 loss=0.115329 seconds=0.03
epoch=42/80 loss=0.114661 seconds=0.05
epoch=43/80 loss=0.115423 seconds=0.05
epoch=44/80 loss=0.105823 seconds=0.05
epoch=45/80 loss=0.103773 seconds=0.05
epoch=46/80 loss=0.091234 seconds=0.03
epoch=47/80 loss=0.095549 seconds=0.05
epoch=48/80 loss=0.102276 seconds=0.05
epoch=49/80 loss=0.099968 seconds=0.03
epoch=50/80 loss=0.093264 seconds=0.05
epoch=51/80 loss=0.088032 seconds=0.05
epoch=52/80 loss=0.094654 seconds=0.03
epoch=53/80 loss=0.075416 seconds=0.05
epoch=54/80 loss=0.086600 seconds=0.03
epoch=55/80 loss=0.099933 seconds=0.03
epoch=56/80 loss=0.086076 seconds=0.05
epoch=57/80 loss=0.078247 seconds=0.05
epoch=58/80 loss=0.069470 seconds=0.05
epoch=59/80 loss=0.092350 seconds=0.03
epoch=60/80 loss=0.083391 seconds=0.05
epoch=61/80 loss=0.070267 seconds=0.03
epoch=62/80 loss=0.102243 seconds=0.05
epoch=63/80 loss=0.072941 seconds=0.03
epoch=64/80 loss=0.059497 seconds=0.05
epoch=65/80 loss=0.089132 seconds=0.03
epoch=66/80 loss=0.084516 seconds=0.05
epoch=67/80 loss=0.082404 seconds=0.03
epoch=68/80 loss=0.072914 seconds=0.03
epoch=69/80 loss=0.127033 seconds=0.05
epoch=70/80 loss=0.159063 seconds=0.03
epoch=71/80 loss=0.118301 seconds=0.05
epoch=72/80 loss=0.069651 seconds=0.03
epoch=73/80 loss=0.056646 seconds=0.03
epoch=74/80 loss=0.060577 seconds=0.05
epoch=75/80 loss=0.042282 seconds=0.03
epoch=76/80 loss=0.051233 seconds=0.05
epoch=77/80 loss=0.048700 seconds=0.05
epoch=78/80 loss=0.037633 seconds=0.03
epoch=79/80 loss=0.045493 seconds=0.05
epoch=80/80 loss=0.041057 seconds=0.03
{"cv_oof": {"accuracy": 0.74, "balanced_accuracy": 0.7077546296296295, "sensitivity": 0.5925925925925926, "specificity": 0.8229166666666666, "f1_macro": 0.7116948400768813, "roc_auc": 0.7546778549382717, "confusion_matrix": [[158, 34], [44, 64]], "classification_report": {"0": {"precision": 0.7821782178217822, "recall": 0.8229166666666666, "f1-score": 0.8020304568527918, "support": 192.0}, "1": {"precision": 0.6530612244897959, "recall": 0.5925925925925926, "f1-score": 0.6213592233009708, "support": 108.0}, "accuracy": 0.74, "macro avg": {"precision": 0.7176197211557891, "recall": 0.7077546296296295, "f1-score": 0.7116948400768813, "support": 300.0}, "weighted avg": {"precision": 0.7356961002222672, "recall": 0.74, "f1-score": 0.7369888127741363, "support": 300.0}}}, "test": {"accuracy": 0.7945205479452054, "balanced_accuracy": 0.7373158756137479, "sensitivity": 0.5384615384615384, "specificity": 0.9361702127659575, "f1_macro": 0.7527658613682546, "roc_auc": 0.8355155482815058, "confusion_matrix": [[44, 3], [12, 14]], "classification_report": {"0": {"precision": 0.7857142857142857, "recall": 0.9361702127659575, "f1-score": 0.8543689320388349, "support": 47.0}, "1": {"precision": 0.8235294117647058, "recall": 0.5384615384615384, "f1-score": 0.6511627906976745, "support": 26.0}, "accuracy": 0.7945205479452054, "macro avg": {"precision": 0.8046218487394958, "recall": 0.7373158756137479, "f1-score": 0.7527658613682546, "support": 73.0}, "weighted avg": {"precision": 0.7991826867733395, "recall": 0.7945205479452054, "f1-score": 0.7819941419721202, "support": 73.0}}}, "folds": 10, "original_train_rows": 300, "train_rows": 384, "test_rows": 73, "elapsed_seconds": 36.95400000002701, "test_default": {"accuracy": 0.7808219178082192, "balanced_accuracy": 0.7352700490998363, "sensitivity": 0.5769230769230769, "specificity": 0.8936170212765957, "f1_macro": 0.7460869565217392, "roc_auc": 0.8355155482815058, "confusion_matrix": [[42, 5], [11, 15]], "classification_report": {"0": {"precision": 0.7924528301886793, "recall": 0.8936170212765957, "f1-score": 0.84, "support": 47.0}, "1": {"precision": 0.75, "recall": 0.5769230769230769, "f1-score": 0.6521739130434783, "support": 26.0}, "accuracy": 0.7808219178082192, "macro avg": {"precision": 0.7712264150943396, "recall": 0.7352700490998363, "f1-score": 0.7460869565217392, "support": 73.0}, "weighted avg": {"precision": 0.7773326440940812, "recall": 0.7808219178082192, "f1-score": 0.7731030375223347, "support": 73.0}}}, "decision_threshold": 0.7857804894447327, "oof_threshold_selection": {"accuracy": 0.7566666666666667, "balanced_accuracy": 0.71875, "sensitivity": 0.5833333333333334, "specificity": 0.8541666666666666, "f1_macro": 0.72556047068259, "roc_auc": 0.7546778549382717, "confusion_matrix": [[164, 28], [45, 63]], "classification_report": {"0": {"precision": 0.784688995215311, "recall": 0.8541666666666666, "f1-score": 0.8179551122194514, "support": 192.0}, "1": {"precision": 0.6923076923076923, "recall": 0.5833333333333334, "f1-score": 0.6331658291457286, "support": 108.0}, "accuracy": 0.7566666666666667, "macro avg": {"precision": 0.7384983437615016, "recall": 0.71875, "f1-score": 0.72556047068259, "support": 300.0}, "weighted avg": {"precision": 0.7514317261685682, "recall": 0.7566666666666667, "f1-score": 0.7514309703129112, "support": 300.0}}}, "test_accuracy_change": 0.013698630136986245}
