Command: ["C:\\Users\\IHCK\\AppData\\Local\\Programs\\Python\\Python312\\python.exe", "-u", "C:\\Users\\IHCK\\Desktop\\1_10_69Final\\Hippocampal-Shape-Analysis-for-Epilepsy-Detection\\Model\\train_dataset_model.py", "--dataset", "coef_plsda", "--side", "left", "--model", "SqueezeNet", "--kind", "coef", "--train-csv", "C:\\Users\\IHCK\\Desktop\\1_10_69Final\\Hippocampal-Shape-Analysis-for-Epilepsy-Detection\\Output_Dataset\\coef_plsda\\left\\train_prepared.csv", "--test-csv", "C:\\Users\\IHCK\\Desktop\\1_10_69Final\\Hippocampal-Shape-Analysis-for-Epilepsy-Detection\\Output_Dataset\\coef_plsda\\left\\test_prepared.csv", "--output-dir", "C:\\Users\\IHCK\\Desktop\\1_10_69Final\\Hippocampal-Shape-Analysis-for-Epilepsy-Detection\\Model_Results\\dataset_runs_20261003_oof_threshold\\coef_plsda\\left\\SqueezeNet", "--epochs", "80", "--folds", "10", "--pls-components", "8", "--seed", "42", "--threads", "2", "--tune-threshold"]
10-fold CV: dataset=coef_plsda side=left model=SqueezeNet; original_train=300 test=73
Device=cuda; epochs=80; batch=32; model=SqueezeNet1D
epoch=1/80 loss=0.693457 seconds=0.47
epoch=2/80 loss=0.688647 seconds=0.05
epoch=3/80 loss=0.665570 seconds=0.03
epoch=4/80 loss=0.593353 seconds=0.03
epoch=5/80 loss=0.454624 seconds=0.05
epoch=6/80 loss=0.351098 seconds=0.05
epoch=7/80 loss=0.315458 seconds=0.03
epoch=8/80 loss=0.299696 seconds=0.05
epoch=9/80 loss=0.306667 seconds=0.03
epoch=10/80 loss=0.296646 seconds=0.03
epoch=11/80 loss=0.276166 seconds=0.05
epoch=12/80 loss=0.281008 seconds=0.05
epoch=13/80 loss=0.274856 seconds=0.03
epoch=14/80 loss=0.251399 seconds=0.05
epoch=15/80 loss=0.244786 seconds=0.03
epoch=16/80 loss=0.243627 seconds=0.05
epoch=17/80 loss=0.250177 seconds=0.03
epoch=18/80 loss=0.257109 seconds=0.05
epoch=19/80 loss=0.233113 seconds=0.03
epoch=20/80 loss=0.226862 seconds=0.03
epoch=21/80 loss=0.239318 seconds=0.05
epoch=22/80 loss=0.215081 seconds=0.03
epoch=23/80 loss=0.219798 seconds=0.03
epoch=24/80 loss=0.216537 seconds=0.03
epoch=25/80 loss=0.208014 seconds=0.05
epoch=26/80 loss=0.206652 seconds=0.03
epoch=27/80 loss=0.198451 seconds=0.03
epoch=28/80 loss=0.191669 seconds=0.03
epoch=29/80 loss=0.196295 seconds=0.05
epoch=30/80 loss=0.215269 seconds=0.03
epoch=31/80 loss=0.262312 seconds=0.03
epoch=32/80 loss=0.189753 seconds=0.05
epoch=33/80 loss=0.202346 seconds=0.03
epoch=34/80 loss=0.175462 seconds=0.03
epoch=35/80 loss=0.203240 seconds=0.05
epoch=36/80 loss=0.208617 seconds=0.03
epoch=37/80 loss=0.212354 seconds=0.03
epoch=38/80 loss=0.205554 seconds=0.03
epoch=39/80 loss=0.169171 seconds=0.05
epoch=40/80 loss=0.159072 seconds=0.03
epoch=41/80 loss=0.151026 seconds=0.03
epoch=42/80 loss=0.154546 seconds=0.05
epoch=43/80 loss=0.149519 seconds=0.03
epoch=44/80 loss=0.124298 seconds=0.03
epoch=45/80 loss=0.131160 seconds=0.03
epoch=46/80 loss=0.130710 seconds=0.03
epoch=47/80 loss=0.127216 seconds=0.03
epoch=48/80 loss=0.113320 seconds=0.03
epoch=49/80 loss=0.098083 seconds=0.03
epoch=50/80 loss=0.101508 seconds=0.03
epoch=51/80 loss=0.089800 seconds=0.05
epoch=52/80 loss=0.081845 seconds=0.03
epoch=53/80 loss=0.081474 seconds=0.03
epoch=54/80 loss=0.073335 seconds=0.05
epoch=55/80 loss=0.067474 seconds=0.03
epoch=56/80 loss=0.067582 seconds=0.03
epoch=57/80 loss=0.066469 seconds=0.03
epoch=58/80 loss=0.058055 seconds=0.05
epoch=59/80 loss=0.047497 seconds=0.03
epoch=60/80 loss=0.050362 seconds=0.03
epoch=61/80 loss=0.038773 seconds=0.03
epoch=62/80 loss=0.029844 seconds=0.03
epoch=63/80 loss=0.048108 seconds=0.05
epoch=64/80 loss=0.031641 seconds=0.03
epoch=65/80 loss=0.030927 seconds=0.03
epoch=66/80 loss=0.027835 seconds=0.03
epoch=67/80 loss=0.025171 seconds=0.03
epoch=68/80 loss=0.028828 seconds=0.05
epoch=69/80 loss=0.020079 seconds=0.03
epoch=70/80 loss=0.020302 seconds=0.03
epoch=71/80 loss=0.017477 seconds=0.03
epoch=72/80 loss=0.010957 seconds=0.05
epoch=73/80 loss=0.017772 seconds=0.03
epoch=74/80 loss=0.025841 seconds=0.03
epoch=75/80 loss=0.030007 seconds=0.03
epoch=76/80 loss=0.028828 seconds=0.03
epoch=77/80 loss=0.014647 seconds=0.05
epoch=78/80 loss=0.013607 seconds=0.03
epoch=79/80 loss=0.009159 seconds=0.03
epoch=80/80 loss=0.006138 seconds=0.05
fold=1/10 OOF_accuracy=0.766667 OOF_AUC=0.745000
Device=cuda; epochs=80; batch=32; model=SqueezeNet1D
epoch=1/80 loss=0.693540 seconds=0.03
epoch=2/80 loss=0.689056 seconds=0.05
epoch=3/80 loss=0.668571 seconds=0.03
epoch=4/80 loss=0.604390 seconds=0.03
epoch=5/80 loss=0.475944 seconds=0.03
epoch=6/80 loss=0.389388 seconds=0.05
epoch=7/80 loss=0.369038 seconds=0.03
epoch=8/80 loss=0.354122 seconds=0.03
epoch=9/80 loss=0.336326 seconds=0.03
epoch=10/80 loss=0.329480 seconds=0.03
epoch=11/80 loss=0.317755 seconds=0.05
epoch=12/80 loss=0.313855 seconds=0.03
epoch=13/80 loss=0.312874 seconds=0.05
epoch=14/80 loss=0.291309 seconds=0.03
epoch=15/80 loss=0.274716 seconds=0.03
epoch=16/80 loss=0.269809 seconds=0.05
epoch=17/80 loss=0.254245 seconds=0.03
epoch=18/80 loss=0.251980 seconds=0.03
epoch=19/80 loss=0.244091 seconds=0.03
epoch=20/80 loss=0.231179 seconds=0.05
epoch=21/80 loss=0.231220 seconds=0.03
epoch=22/80 loss=0.210423 seconds=0.05
epoch=23/80 loss=0.208747 seconds=0.05
epoch=24/80 loss=0.211580 seconds=0.03
epoch=25/80 loss=0.208136 seconds=0.05
epoch=26/80 loss=0.184096 seconds=0.03
epoch=27/80 loss=0.191483 seconds=0.03
epoch=28/80 loss=0.192123 seconds=0.05
epoch=29/80 loss=0.164581 seconds=0.03
epoch=30/80 loss=0.158522 seconds=0.05
epoch=31/80 loss=0.176649 seconds=0.03
epoch=32/80 loss=0.169813 seconds=0.03
epoch=33/80 loss=0.157499 seconds=0.03
epoch=34/80 loss=0.144805 seconds=0.03
epoch=35/80 loss=0.134287 seconds=0.05
epoch=36/80 loss=0.144379 seconds=0.05
epoch=37/80 loss=0.165284 seconds=0.03
epoch=38/80 loss=0.128080 seconds=0.05
epoch=39/80 loss=0.129608 seconds=0.03
epoch=40/80 loss=0.128301 seconds=0.05
epoch=41/80 loss=0.103939 seconds=0.03
epoch=42/80 loss=0.093845 seconds=0.03
epoch=43/80 loss=0.102622 seconds=0.03
epoch=44/80 loss=0.104004 seconds=0.05
epoch=45/80 loss=0.088547 seconds=0.03
epoch=46/80 loss=0.071013 seconds=0.05
epoch=47/80 loss=0.096516 seconds=0.03
epoch=48/80 loss=0.098603 seconds=0.03
epoch=49/80 loss=0.063451 seconds=0.03
epoch=50/80 loss=0.077609 seconds=0.03
epoch=51/80 loss=0.066631 seconds=0.05
epoch=52/80 loss=0.062676 seconds=0.03
epoch=53/80 loss=0.049756 seconds=0.03
epoch=54/80 loss=0.042570 seconds=0.03
epoch=55/80 loss=0.041807 seconds=0.03
epoch=56/80 loss=0.041809 seconds=0.03
epoch=57/80 loss=0.080701 seconds=0.05
epoch=58/80 loss=0.061969 seconds=0.03
epoch=59/80 loss=0.055254 seconds=0.05
epoch=60/80 loss=0.067120 seconds=0.03
epoch=61/80 loss=0.032195 seconds=0.03
epoch=62/80 loss=0.035471 seconds=0.03
epoch=63/80 loss=0.036226 seconds=0.05
epoch=64/80 loss=0.033394 seconds=0.03
epoch=65/80 loss=0.021071 seconds=0.03
epoch=66/80 loss=0.022884 seconds=0.03
epoch=67/80 loss=0.013887 seconds=0.03
epoch=68/80 loss=0.014805 seconds=0.03
epoch=69/80 loss=0.016046 seconds=0.03
epoch=70/80 loss=0.025053 seconds=0.05
epoch=71/80 loss=0.015585 seconds=0.03
epoch=72/80 loss=0.022421 seconds=0.03
epoch=73/80 loss=0.031906 seconds=0.03
epoch=74/80 loss=0.011243 seconds=0.05
epoch=75/80 loss=0.014033 seconds=0.03
epoch=76/80 loss=0.009279 seconds=0.03
epoch=77/80 loss=0.007727 seconds=0.03
epoch=78/80 loss=0.005946 seconds=0.05
epoch=79/80 loss=0.007845 seconds=0.03
epoch=80/80 loss=0.006506 seconds=0.03
fold=2/10 OOF_accuracy=0.733333 OOF_AUC=0.635000
Device=cuda; epochs=80; batch=32; model=SqueezeNet1D
epoch=1/80 loss=0.692806 seconds=0.05
epoch=2/80 loss=0.685741 seconds=0.03
epoch=3/80 loss=0.653273 seconds=0.03
epoch=4/80 loss=0.552473 seconds=0.03
epoch=5/80 loss=0.404554 seconds=0.05
epoch=6/80 loss=0.339627 seconds=0.03
epoch=7/80 loss=0.314939 seconds=0.03
epoch=8/80 loss=0.304584 seconds=0.05
epoch=9/80 loss=0.286377 seconds=0.03
epoch=10/80 loss=0.280743 seconds=0.03
epoch=11/80 loss=0.275201 seconds=0.03
epoch=12/80 loss=0.287029 seconds=0.03
epoch=13/80 loss=0.259830 seconds=0.05
epoch=14/80 loss=0.253693 seconds=0.03
epoch=15/80 loss=0.231962 seconds=0.03
epoch=16/80 loss=0.243529 seconds=0.05
epoch=17/80 loss=0.226543 seconds=0.03
epoch=18/80 loss=0.236295 seconds=0.05
epoch=19/80 loss=0.233407 seconds=0.03
epoch=20/80 loss=0.217382 seconds=0.03
epoch=21/80 loss=0.215654 seconds=0.03
epoch=22/80 loss=0.210821 seconds=0.05
epoch=23/80 loss=0.215426 seconds=0.03
epoch=24/80 loss=0.210136 seconds=0.03
epoch=25/80 loss=0.194447 seconds=0.05
epoch=26/80 loss=0.188303 seconds=0.03
epoch=27/80 loss=0.182465 seconds=0.05
epoch=28/80 loss=0.187840 seconds=0.03
epoch=29/80 loss=0.193105 seconds=0.03
epoch=30/80 loss=0.180301 seconds=0.03
epoch=31/80 loss=0.190173 seconds=0.03
epoch=32/80 loss=0.202773 seconds=0.03
epoch=33/80 loss=0.183989 seconds=0.05
epoch=34/80 loss=0.179163 seconds=0.03
epoch=35/80 loss=0.167783 seconds=0.03
epoch=36/80 loss=0.176207 seconds=0.03
epoch=37/80 loss=0.173430 seconds=0.05
epoch=38/80 loss=0.171908 seconds=0.03
epoch=39/80 loss=0.150274 seconds=0.03
epoch=40/80 loss=0.150598 seconds=0.05
epoch=41/80 loss=0.172717 seconds=0.05
epoch=42/80 loss=0.167445 seconds=0.03
epoch=43/80 loss=0.144320 seconds=0.03
epoch=44/80 loss=0.160923 seconds=0.03
epoch=45/80 loss=0.153382 seconds=0.05
epoch=46/80 loss=0.146582 seconds=0.03
epoch=47/80 loss=0.139992 seconds=0.03
epoch=48/80 loss=0.150609 seconds=0.03
epoch=49/80 loss=0.133792 seconds=0.05
epoch=50/80 loss=0.145128 seconds=0.03
epoch=51/80 loss=0.141140 seconds=0.05
epoch=52/80 loss=0.133010 seconds=0.03
epoch=53/80 loss=0.153081 seconds=0.03
epoch=54/80 loss=0.137106 seconds=0.05
epoch=55/80 loss=0.123059 seconds=0.03
epoch=56/80 loss=0.118442 seconds=0.03
epoch=57/80 loss=0.119264 seconds=0.03
epoch=58/80 loss=0.117247 seconds=0.05
epoch=59/80 loss=0.125632 seconds=0.03
epoch=60/80 loss=0.127268 seconds=0.03
epoch=61/80 loss=0.140980 seconds=0.03
epoch=62/80 loss=0.125506 seconds=0.03
epoch=63/80 loss=0.110699 seconds=0.03
epoch=64/80 loss=0.098709 seconds=0.05
epoch=65/80 loss=0.106700 seconds=0.03
epoch=66/80 loss=0.091060 seconds=0.05
epoch=67/80 loss=0.089015 seconds=0.03
epoch=68/80 loss=0.088934 seconds=0.05
epoch=69/80 loss=0.090661 seconds=0.03
epoch=70/80 loss=0.086865 seconds=0.03
epoch=71/80 loss=0.099120 seconds=0.05
epoch=72/80 loss=0.084282 seconds=0.03
epoch=73/80 loss=0.071987 seconds=0.03
epoch=74/80 loss=0.083462 seconds=0.05
epoch=75/80 loss=0.084366 seconds=0.03
epoch=76/80 loss=0.065044 seconds=0.03
epoch=77/80 loss=0.068561 seconds=0.03
epoch=78/80 loss=0.082799 seconds=0.05
epoch=79/80 loss=0.059760 seconds=0.03
epoch=80/80 loss=0.054701 seconds=0.03
fold=3/10 OOF_accuracy=0.766667 OOF_AUC=0.784689
Device=cuda; epochs=80; batch=32; model=SqueezeNet1D
epoch=1/80 loss=0.692667 seconds=0.03
epoch=2/80 loss=0.684625 seconds=0.03
epoch=3/80 loss=0.645440 seconds=0.03
epoch=4/80 loss=0.529806 seconds=0.05
epoch=5/80 loss=0.339215 seconds=0.03
epoch=6/80 loss=0.222907 seconds=0.03
epoch=7/80 loss=0.182268 seconds=0.03
epoch=8/80 loss=0.165893 seconds=0.05
epoch=9/80 loss=0.151143 seconds=0.03
epoch=10/80 loss=0.141652 seconds=0.05
epoch=11/80 loss=0.127477 seconds=0.03
epoch=12/80 loss=0.130221 seconds=0.03
epoch=13/80 loss=0.138028 seconds=0.03
epoch=14/80 loss=0.124393 seconds=0.05
epoch=15/80 loss=0.115519 seconds=0.05
epoch=16/80 loss=0.117484 seconds=0.03
epoch=17/80 loss=0.104428 seconds=0.03
epoch=18/80 loss=0.118173 seconds=0.03
epoch=19/80 loss=0.124923 seconds=0.05
epoch=20/80 loss=0.116092 seconds=0.05
epoch=21/80 loss=0.101506 seconds=0.03
epoch=22/80 loss=0.107272 seconds=0.05
epoch=23/80 loss=0.098484 seconds=0.03
epoch=24/80 loss=0.094707 seconds=0.03
epoch=25/80 loss=0.112609 seconds=0.05
epoch=26/80 loss=0.094879 seconds=0.05
epoch=27/80 loss=0.085842 seconds=0.03
epoch=28/80 loss=0.098510 seconds=0.05
epoch=29/80 loss=0.102992 seconds=0.03
epoch=30/80 loss=0.083008 seconds=0.03
epoch=31/80 loss=0.098599 seconds=0.03
epoch=32/80 loss=0.080282 seconds=0.05
epoch=33/80 loss=0.088941 seconds=0.05
epoch=34/80 loss=0.089053 seconds=0.03
epoch=35/80 loss=0.080965 seconds=0.03
epoch=36/80 loss=0.078923 seconds=0.05
epoch=37/80 loss=0.095129 seconds=0.03
epoch=38/80 loss=0.075148 seconds=0.05
epoch=39/80 loss=0.076257 seconds=0.03
epoch=40/80 loss=0.075317 seconds=0.05
epoch=41/80 loss=0.067567 seconds=0.03
epoch=42/80 loss=0.061724 seconds=0.05
epoch=43/80 loss=0.086498 seconds=0.05
epoch=44/80 loss=0.057177 seconds=0.03
epoch=45/80 loss=0.060236 seconds=0.03
epoch=46/80 loss=0.071736 seconds=0.03
epoch=47/80 loss=0.052942 seconds=0.05
epoch=48/80 loss=0.055167 seconds=0.03
epoch=49/80 loss=0.080355 seconds=0.03
epoch=50/80 loss=0.068415 seconds=0.03
epoch=51/80 loss=0.047769 seconds=0.05
epoch=52/80 loss=0.058393 seconds=0.03
epoch=53/80 loss=0.060810 seconds=0.03
epoch=54/80 loss=0.046011 seconds=0.03
epoch=55/80 loss=0.059006 seconds=0.03
epoch=56/80 loss=0.041722 seconds=0.05
epoch=57/80 loss=0.041630 seconds=0.03
epoch=58/80 loss=0.035951 seconds=0.05
epoch=59/80 loss=0.039370 seconds=0.03
epoch=60/80 loss=0.058669 seconds=0.05
epoch=61/80 loss=0.093474 seconds=0.05
epoch=62/80 loss=0.071419 seconds=0.03
epoch=63/80 loss=0.038422 seconds=0.03
epoch=64/80 loss=0.041669 seconds=0.05
epoch=65/80 loss=0.040441 seconds=0.03
epoch=66/80 loss=0.032681 seconds=0.05
epoch=67/80 loss=0.032263 seconds=0.03
epoch=68/80 loss=0.038850 seconds=0.05
epoch=69/80 loss=0.040173 seconds=0.03
epoch=70/80 loss=0.048440 seconds=0.03
epoch=71/80 loss=0.047452 seconds=0.03
epoch=72/80 loss=0.031634 seconds=0.03
epoch=73/80 loss=0.023501 seconds=0.05
epoch=74/80 loss=0.022731 seconds=0.03
epoch=75/80 loss=0.021007 seconds=0.05
epoch=76/80 loss=0.021419 seconds=0.05
epoch=77/80 loss=0.021620 seconds=0.03
epoch=78/80 loss=0.019709 seconds=0.03
epoch=79/80 loss=0.014664 seconds=0.05
epoch=80/80 loss=0.024783 seconds=0.03
fold=4/10 OOF_accuracy=0.733333 OOF_AUC=0.760766
Device=cuda; epochs=80; batch=32; model=SqueezeNet1D
epoch=1/80 loss=0.693299 seconds=0.05
epoch=2/80 loss=0.688776 seconds=0.03
epoch=3/80 loss=0.669047 seconds=0.05
epoch=4/80 loss=0.609473 seconds=0.03
epoch=5/80 loss=0.507657 seconds=0.03
epoch=6/80 loss=0.454087 seconds=0.05
epoch=7/80 loss=0.420440 seconds=0.03
epoch=8/80 loss=0.402682 seconds=0.03
epoch=9/80 loss=0.393548 seconds=0.05
epoch=10/80 loss=0.387614 seconds=0.03
epoch=11/80 loss=0.358893 seconds=0.03
epoch=12/80 loss=0.379638 seconds=0.05
epoch=13/80 loss=0.362362 seconds=0.03
epoch=14/80 loss=0.335962 seconds=0.03
epoch=15/80 loss=0.322025 seconds=0.03
epoch=16/80 loss=0.314592 seconds=0.05
epoch=17/80 loss=0.302929 seconds=0.03
epoch=18/80 loss=0.287741 seconds=0.03
epoch=19/80 loss=0.287701 seconds=0.05
epoch=20/80 loss=0.271514 seconds=0.03
epoch=21/80 loss=0.259798 seconds=0.05
epoch=22/80 loss=0.245509 seconds=0.03
epoch=23/80 loss=0.253332 seconds=0.03
epoch=24/80 loss=0.241395 seconds=0.05
epoch=25/80 loss=0.242027 seconds=0.03
epoch=26/80 loss=0.224349 seconds=0.03
epoch=27/80 loss=0.210178 seconds=0.05
epoch=28/80 loss=0.213788 seconds=0.03
epoch=29/80 loss=0.217569 seconds=0.03
epoch=30/80 loss=0.203213 seconds=0.03
epoch=31/80 loss=0.203054 seconds=0.05
epoch=32/80 loss=0.207880 seconds=0.03
epoch=33/80 loss=0.214825 seconds=0.03
epoch=34/80 loss=0.189725 seconds=0.03
epoch=35/80 loss=0.191777 seconds=0.05
epoch=36/80 loss=0.183918 seconds=0.05
epoch=37/80 loss=0.177549 seconds=0.03
epoch=38/80 loss=0.175363 seconds=0.05
epoch=39/80 loss=0.173100 seconds=0.03
epoch=40/80 loss=0.172517 seconds=0.03
epoch=41/80 loss=0.171574 seconds=0.05
epoch=42/80 loss=0.166085 seconds=0.03
epoch=43/80 loss=0.153523 seconds=0.05
epoch=44/80 loss=0.154728 seconds=0.03
epoch=45/80 loss=0.190558 seconds=0.05
epoch=46/80 loss=0.156006 seconds=0.03
epoch=47/80 loss=0.140382 seconds=0.03
epoch=48/80 loss=0.152737 seconds=0.05
epoch=49/80 loss=0.144641 seconds=0.03
epoch=50/80 loss=0.150710 seconds=0.05
epoch=51/80 loss=0.132947 seconds=0.03
epoch=52/80 loss=0.184366 seconds=0.05
epoch=53/80 loss=0.159692 seconds=0.03
epoch=54/80 loss=0.156730 seconds=0.03
epoch=55/80 loss=0.130778 seconds=0.03
epoch=56/80 loss=0.117194 seconds=0.03
epoch=57/80 loss=0.116136 seconds=0.03
epoch=58/80 loss=0.122807 seconds=0.03
epoch=59/80 loss=0.115303 seconds=0.05
epoch=60/80 loss=0.151261 seconds=0.03
epoch=61/80 loss=0.119997 seconds=0.05
epoch=62/80 loss=0.130611 seconds=0.03
epoch=63/80 loss=0.117754 seconds=0.05
epoch=64/80 loss=0.092360 seconds=0.03
epoch=65/80 loss=0.088131 seconds=0.05
epoch=66/80 loss=0.145708 seconds=0.03
epoch=67/80 loss=0.102178 seconds=0.05
epoch=68/80 loss=0.119991 seconds=0.03
epoch=69/80 loss=0.088192 seconds=0.05
epoch=70/80 loss=0.087928 seconds=0.03
epoch=71/80 loss=0.086848 seconds=0.03
epoch=72/80 loss=0.084100 seconds=0.03
epoch=73/80 loss=0.086621 seconds=0.03
epoch=74/80 loss=0.087612 seconds=0.05
epoch=75/80 loss=0.074353 seconds=0.03
epoch=76/80 loss=0.069272 seconds=0.05
epoch=77/80 loss=0.075377 seconds=0.03
epoch=78/80 loss=0.075088 seconds=0.05
epoch=79/80 loss=0.080323 seconds=0.03
epoch=80/80 loss=0.064643 seconds=0.03
fold=5/10 OOF_accuracy=0.733333 OOF_AUC=0.837321
Device=cuda; epochs=80; batch=32; model=SqueezeNet1D
epoch=1/80 loss=0.693028 seconds=0.05
epoch=2/80 loss=0.687336 seconds=0.05
epoch=3/80 loss=0.661285 seconds=0.03
epoch=4/80 loss=0.578407 seconds=0.03
epoch=5/80 loss=0.432478 seconds=0.03
epoch=6/80 loss=0.301919 seconds=0.05
epoch=7/80 loss=0.273407 seconds=0.03
epoch=8/80 loss=0.255897 seconds=0.03
epoch=9/80 loss=0.233698 seconds=0.05
epoch=10/80 loss=0.220604 seconds=0.03
epoch=11/80 loss=0.200300 seconds=0.05
epoch=12/80 loss=0.209882 seconds=0.03
epoch=13/80 loss=0.187025 seconds=0.03
epoch=14/80 loss=0.179874 seconds=0.05
epoch=15/80 loss=0.187218 seconds=0.03
epoch=16/80 loss=0.188177 seconds=0.03
epoch=17/80 loss=0.176366 seconds=0.03
epoch=18/80 loss=0.171451 seconds=0.05
epoch=19/80 loss=0.149985 seconds=0.03
epoch=20/80 loss=0.153568 seconds=0.05
epoch=21/80 loss=0.143370 seconds=0.03
epoch=22/80 loss=0.151137 seconds=0.03
epoch=23/80 loss=0.155532 seconds=0.03
epoch=24/80 loss=0.122781 seconds=0.03
epoch=25/80 loss=0.122660 seconds=0.05
epoch=26/80 loss=0.105613 seconds=0.03
epoch=27/80 loss=0.120093 seconds=0.03
epoch=28/80 loss=0.083576 seconds=0.03
epoch=29/80 loss=0.102098 seconds=0.05
epoch=30/80 loss=0.089231 seconds=0.03
epoch=31/80 loss=0.118261 seconds=0.03
epoch=32/80 loss=0.082610 seconds=0.03
epoch=33/80 loss=0.066414 seconds=0.05
epoch=34/80 loss=0.097758 seconds=0.03
epoch=35/80 loss=0.079135 seconds=0.05
epoch=36/80 loss=0.085374 seconds=0.05
epoch=37/80 loss=0.069754 seconds=0.03
epoch=38/80 loss=0.069488 seconds=0.05
epoch=39/80 loss=0.071380 seconds=0.03
epoch=40/80 loss=0.050987 seconds=0.05
epoch=41/80 loss=0.077981 seconds=0.03
epoch=42/80 loss=0.055494 seconds=0.05
epoch=43/80 loss=0.052480 seconds=0.03
epoch=44/80 loss=0.058081 seconds=0.05
epoch=45/80 loss=0.082590 seconds=0.03
epoch=46/80 loss=0.066286 seconds=0.03
epoch=47/80 loss=0.044018 seconds=0.03
epoch=48/80 loss=0.054397 seconds=0.03
epoch=49/80 loss=0.046448 seconds=0.05
epoch=50/80 loss=0.049254 seconds=0.03
epoch=51/80 loss=0.028097 seconds=0.03
epoch=52/80 loss=0.033762 seconds=0.03
epoch=53/80 loss=0.054567 seconds=0.03
epoch=54/80 loss=0.042258 seconds=0.05
epoch=55/80 loss=0.051338 seconds=0.03
epoch=56/80 loss=0.055332 seconds=0.03
epoch=57/80 loss=0.057826 seconds=0.03
epoch=58/80 loss=0.056817 seconds=0.05
epoch=59/80 loss=0.034735 seconds=0.03
epoch=60/80 loss=0.045301 seconds=0.03
epoch=61/80 loss=0.083756 seconds=0.03
epoch=62/80 loss=0.065667 seconds=0.03
epoch=63/80 loss=0.036470 seconds=0.05
epoch=64/80 loss=0.023909 seconds=0.03
epoch=65/80 loss=0.030085 seconds=0.05
epoch=66/80 loss=0.029651 seconds=0.03
epoch=67/80 loss=0.029877 seconds=0.03
epoch=68/80 loss=0.035120 seconds=0.03
epoch=69/80 loss=0.047186 seconds=0.03
epoch=70/80 loss=0.028791 seconds=0.05
epoch=71/80 loss=0.035861 seconds=0.03
epoch=72/80 loss=0.026198 seconds=0.03
epoch=73/80 loss=0.020326 seconds=0.03
epoch=74/80 loss=0.021272 seconds=0.03
epoch=75/80 loss=0.033391 seconds=0.05
epoch=76/80 loss=0.024525 seconds=0.03
epoch=77/80 loss=0.029616 seconds=0.03
epoch=78/80 loss=0.019798 seconds=0.03
epoch=79/80 loss=0.022965 seconds=0.03
epoch=80/80 loss=0.024165 seconds=0.03
fold=6/10 OOF_accuracy=0.833333 OOF_AUC=0.861244
Device=cuda; epochs=80; batch=32; model=SqueezeNet1D
epoch=1/80 loss=0.693239 seconds=0.03
epoch=2/80 loss=0.687959 seconds=0.05
epoch=3/80 loss=0.664122 seconds=0.03
epoch=4/80 loss=0.592318 seconds=0.03
epoch=5/80 loss=0.454014 seconds=0.03
epoch=6/80 loss=0.395819 seconds=0.05
epoch=7/80 loss=0.361630 seconds=0.03
epoch=8/80 loss=0.351229 seconds=0.05
epoch=9/80 loss=0.351736 seconds=0.03
epoch=10/80 loss=0.340641 seconds=0.05
epoch=11/80 loss=0.335842 seconds=0.03
epoch=12/80 loss=0.341117 seconds=0.03
epoch=13/80 loss=0.317276 seconds=0.03
epoch=14/80 loss=0.307366 seconds=0.05
epoch=15/80 loss=0.302571 seconds=0.03
epoch=16/80 loss=0.283961 seconds=0.03
epoch=17/80 loss=0.281454 seconds=0.03
epoch=18/80 loss=0.274789 seconds=0.05
epoch=19/80 loss=0.276527 seconds=0.03
epoch=20/80 loss=0.264027 seconds=0.03
epoch=21/80 loss=0.266423 seconds=0.03
epoch=22/80 loss=0.245441 seconds=0.03
epoch=23/80 loss=0.259260 seconds=0.05
epoch=24/80 loss=0.243192 seconds=0.03
epoch=25/80 loss=0.224217 seconds=0.03
epoch=26/80 loss=0.222621 seconds=0.03
epoch=27/80 loss=0.216165 seconds=0.03
epoch=28/80 loss=0.208399 seconds=0.05
epoch=29/80 loss=0.205009 seconds=0.03
epoch=30/80 loss=0.178096 seconds=0.03
epoch=31/80 loss=0.201633 seconds=0.05
epoch=32/80 loss=0.190821 seconds=0.03
epoch=33/80 loss=0.203526 seconds=0.03
epoch=34/80 loss=0.185253 seconds=0.05
epoch=35/80 loss=0.189766 seconds=0.03
epoch=36/80 loss=0.171556 seconds=0.05
epoch=37/80 loss=0.158901 seconds=0.05
epoch=38/80 loss=0.163642 seconds=0.03
epoch=39/80 loss=0.149716 seconds=0.05
epoch=40/80 loss=0.141220 seconds=0.03
epoch=41/80 loss=0.127446 seconds=0.05
epoch=42/80 loss=0.126937 seconds=0.03
epoch=43/80 loss=0.105931 seconds=0.03
epoch=44/80 loss=0.102803 seconds=0.05
epoch=45/80 loss=0.098564 seconds=0.03
epoch=46/80 loss=0.118716 seconds=0.03
epoch=47/80 loss=0.087272 seconds=0.05
epoch=48/80 loss=0.081563 seconds=0.03
epoch=49/80 loss=0.085497 seconds=0.03
epoch=50/80 loss=0.102745 seconds=0.05
epoch=51/80 loss=0.069042 seconds=0.03
epoch=52/80 loss=0.083181 seconds=0.03
epoch=53/80 loss=0.077309 seconds=0.03
epoch=54/80 loss=0.063665 seconds=0.03
epoch=55/80 loss=0.056252 seconds=0.03
epoch=56/80 loss=0.071137 seconds=0.05
epoch=57/80 loss=0.095781 seconds=0.03
epoch=58/80 loss=0.059400 seconds=0.03
epoch=59/80 loss=0.052782 seconds=0.03
epoch=60/80 loss=0.062217 seconds=0.05
epoch=61/80 loss=0.054133 seconds=0.03
epoch=62/80 loss=0.046075 seconds=0.03
epoch=63/80 loss=0.032566 seconds=0.03
epoch=64/80 loss=0.040376 seconds=0.05
epoch=65/80 loss=0.035954 seconds=0.03
epoch=66/80 loss=0.024994 seconds=0.03
epoch=67/80 loss=0.028077 seconds=0.05
epoch=68/80 loss=0.026979 seconds=0.05
epoch=69/80 loss=0.033022 seconds=0.03
epoch=70/80 loss=0.016363 seconds=0.03
epoch=71/80 loss=0.026093 seconds=0.03
epoch=72/80 loss=0.028100 seconds=0.03
epoch=73/80 loss=0.033681 seconds=0.05
epoch=74/80 loss=0.021172 seconds=0.03
epoch=75/80 loss=0.016958 seconds=0.03
epoch=76/80 loss=0.012237 seconds=0.03
epoch=77/80 loss=0.021202 seconds=0.03
epoch=78/80 loss=0.019141 seconds=0.05
epoch=79/80 loss=0.019879 seconds=0.03
epoch=80/80 loss=0.018002 seconds=0.03
fold=7/10 OOF_accuracy=0.833333 OOF_AUC=0.827751
Device=cuda; epochs=80; batch=32; model=SqueezeNet1D
epoch=1/80 loss=0.692940 seconds=0.03
epoch=2/80 loss=0.686913 seconds=0.05
epoch=3/80 loss=0.659959 seconds=0.03
epoch=4/80 loss=0.574776 seconds=0.03
epoch=5/80 loss=0.441375 seconds=0.03
epoch=6/80 loss=0.342498 seconds=0.05
epoch=7/80 loss=0.318634 seconds=0.03
epoch=8/80 loss=0.309605 seconds=0.03
epoch=9/80 loss=0.294067 seconds=0.03
epoch=10/80 loss=0.275597 seconds=0.03
epoch=11/80 loss=0.264234 seconds=0.05
epoch=12/80 loss=0.254006 seconds=0.05
epoch=13/80 loss=0.243572 seconds=0.05
epoch=14/80 loss=0.237445 seconds=0.03
epoch=15/80 loss=0.238801 seconds=0.05
epoch=16/80 loss=0.223939 seconds=0.03
epoch=17/80 loss=0.219792 seconds=0.05
epoch=18/80 loss=0.222137 seconds=0.03
epoch=19/80 loss=0.205549 seconds=0.03
epoch=20/80 loss=0.187050 seconds=0.05
epoch=21/80 loss=0.190674 seconds=0.03
epoch=22/80 loss=0.181044 seconds=0.05
epoch=23/80 loss=0.170727 seconds=0.03
epoch=24/80 loss=0.189510 seconds=0.05
epoch=25/80 loss=0.167581 seconds=0.05
epoch=26/80 loss=0.157696 seconds=0.03
epoch=27/80 loss=0.157118 seconds=0.03
epoch=28/80 loss=0.137286 seconds=0.05
epoch=29/80 loss=0.137876 seconds=0.05
epoch=30/80 loss=0.131501 seconds=0.03
epoch=31/80 loss=0.243740 seconds=0.03
epoch=32/80 loss=0.146204 seconds=0.03
epoch=33/80 loss=0.147406 seconds=0.05
epoch=34/80 loss=0.125331 seconds=0.03
epoch=35/80 loss=0.114044 seconds=0.05
epoch=36/80 loss=0.110175 seconds=0.03
epoch=37/80 loss=0.111914 seconds=0.05
epoch=38/80 loss=0.103934 seconds=0.05
epoch=39/80 loss=0.086902 seconds=0.03
epoch=40/80 loss=0.097966 seconds=0.03
epoch=41/80 loss=0.083998 seconds=0.05
epoch=42/80 loss=0.077435 seconds=0.03
epoch=43/80 loss=0.068973 seconds=0.05
epoch=44/80 loss=0.063785 seconds=0.03
epoch=45/80 loss=0.067041 seconds=0.03
epoch=46/80 loss=0.054885 seconds=0.05
epoch=47/80 loss=0.055359 seconds=0.03
epoch=48/80 loss=0.060150 seconds=0.03
epoch=49/80 loss=0.047827 seconds=0.03
epoch=50/80 loss=0.048603 seconds=0.05
epoch=51/80 loss=0.048756 seconds=0.03
epoch=52/80 loss=0.044915 seconds=0.03
epoch=53/80 loss=0.039782 seconds=0.05
epoch=54/80 loss=0.037364 seconds=0.05
epoch=55/80 loss=0.038176 seconds=0.05
epoch=56/80 loss=0.034969 seconds=0.03
epoch=57/80 loss=0.058017 seconds=0.03
epoch=58/80 loss=0.064269 seconds=0.05
epoch=59/80 loss=0.023254 seconds=0.03
epoch=60/80 loss=0.030850 seconds=0.05
epoch=61/80 loss=0.022299 seconds=0.03
epoch=62/80 loss=0.015389 seconds=0.03
epoch=63/80 loss=0.017583 seconds=0.03
epoch=64/80 loss=0.014201 seconds=0.03
epoch=65/80 loss=0.021468 seconds=0.05
epoch=66/80 loss=0.012644 seconds=0.05
epoch=67/80 loss=0.014284 seconds=0.03
epoch=68/80 loss=0.016320 seconds=0.03
epoch=69/80 loss=0.013808 seconds=0.05
epoch=70/80 loss=0.010427 seconds=0.03
epoch=71/80 loss=0.008165 seconds=0.05
epoch=72/80 loss=0.005511 seconds=0.03
epoch=73/80 loss=0.008869 seconds=0.03
epoch=74/80 loss=0.008816 seconds=0.05
epoch=75/80 loss=0.007677 seconds=0.05
epoch=76/80 loss=0.007494 seconds=0.05
epoch=77/80 loss=0.004462 seconds=0.03
epoch=78/80 loss=0.005170 seconds=0.03
epoch=79/80 loss=0.006340 seconds=0.05
epoch=80/80 loss=0.007872 seconds=0.03
fold=8/10 OOF_accuracy=0.700000 OOF_AUC=0.758373
Device=cuda; epochs=80; batch=32; model=SqueezeNet1D
epoch=1/80 loss=0.693757 seconds=0.05
epoch=2/80 loss=0.691314 seconds=0.03
epoch=3/80 loss=0.681839 seconds=0.05
epoch=4/80 loss=0.651945 seconds=0.03
epoch=5/80 loss=0.592309 seconds=0.03
epoch=6/80 loss=0.499752 seconds=0.05
epoch=7/80 loss=0.463302 seconds=0.03
epoch=8/80 loss=0.461085 seconds=0.05
epoch=9/80 loss=0.430204 seconds=0.03
epoch=10/80 loss=0.402023 seconds=0.03
epoch=11/80 loss=0.379217 seconds=0.03
epoch=12/80 loss=0.363852 seconds=0.05
epoch=13/80 loss=0.327237 seconds=0.03
epoch=14/80 loss=0.299720 seconds=0.05
epoch=15/80 loss=0.285698 seconds=0.03
epoch=16/80 loss=0.239340 seconds=0.03
epoch=17/80 loss=0.238613 seconds=0.03
epoch=18/80 loss=0.223515 seconds=0.05
epoch=19/80 loss=0.166936 seconds=0.03
epoch=20/80 loss=0.198153 seconds=0.05
epoch=21/80 loss=0.157060 seconds=0.03
epoch=22/80 loss=0.148495 seconds=0.03
epoch=23/80 loss=0.157122 seconds=0.05
epoch=24/80 loss=0.177819 seconds=0.05
epoch=25/80 loss=0.190977 seconds=0.03
epoch=26/80 loss=0.165930 seconds=0.05
epoch=27/80 loss=0.142784 seconds=0.03
epoch=28/80 loss=0.144533 seconds=0.03
epoch=29/80 loss=0.116144 seconds=0.03
epoch=30/80 loss=0.100206 seconds=0.03
epoch=31/80 loss=0.174602 seconds=0.05
epoch=32/80 loss=0.118166 seconds=0.03
epoch=33/80 loss=0.097767 seconds=0.03
epoch=34/80 loss=0.099139 seconds=0.05
epoch=35/80 loss=0.097566 seconds=0.03
epoch=36/80 loss=0.120085 seconds=0.03
epoch=37/80 loss=0.083102 seconds=0.03
epoch=38/80 loss=0.087649 seconds=0.03
epoch=39/80 loss=0.087396 seconds=0.05
epoch=40/80 loss=0.126368 seconds=0.05
epoch=41/80 loss=0.088865 seconds=0.03
epoch=42/80 loss=0.091826 seconds=0.03
epoch=43/80 loss=0.078528 seconds=0.05
epoch=44/80 loss=0.076543 seconds=0.03
epoch=45/80 loss=0.094331 seconds=0.03
epoch=46/80 loss=0.087605 seconds=0.05
epoch=47/80 loss=0.073570 seconds=0.03
epoch=48/80 loss=0.069467 seconds=0.03
epoch=49/80 loss=0.062386 seconds=0.05
epoch=50/80 loss=0.092002 seconds=0.03
epoch=51/80 loss=0.069149 seconds=0.03
epoch=52/80 loss=0.053039 seconds=0.05
epoch=53/80 loss=0.056756 seconds=0.03
epoch=54/80 loss=0.077446 seconds=0.03
epoch=55/80 loss=0.054901 seconds=0.05
epoch=56/80 loss=0.049521 seconds=0.03
epoch=57/80 loss=0.056782 seconds=0.03
epoch=58/80 loss=0.059710 seconds=0.03
epoch=59/80 loss=0.108401 seconds=0.03
epoch=60/80 loss=0.090251 seconds=0.03
epoch=61/80 loss=0.097408 seconds=0.05
epoch=62/80 loss=0.054631 seconds=0.03
epoch=63/80 loss=0.048203 seconds=0.05
epoch=64/80 loss=0.050311 seconds=0.03
epoch=65/80 loss=0.040487 seconds=0.03
epoch=66/80 loss=0.051977 seconds=0.05
epoch=67/80 loss=0.045503 seconds=0.03
epoch=68/80 loss=0.051244 seconds=0.03
epoch=69/80 loss=0.061431 seconds=0.05
epoch=70/80 loss=0.072880 seconds=0.03
epoch=71/80 loss=0.051955 seconds=0.03
epoch=72/80 loss=0.041177 seconds=0.03
epoch=73/80 loss=0.066210 seconds=0.03
epoch=74/80 loss=0.070539 seconds=0.05
epoch=75/80 loss=0.060857 seconds=0.03
epoch=76/80 loss=0.059993 seconds=0.03
epoch=77/80 loss=0.048603 seconds=0.05
epoch=78/80 loss=0.065775 seconds=0.03
epoch=79/80 loss=0.035845 seconds=0.03
epoch=80/80 loss=0.032899 seconds=0.03
fold=9/10 OOF_accuracy=0.733333 OOF_AUC=0.818182
Device=cuda; epochs=80; batch=32; model=SqueezeNet1D
epoch=1/80 loss=0.692794 seconds=0.03
epoch=2/80 loss=0.685581 seconds=0.05
epoch=3/80 loss=0.651985 seconds=0.03
epoch=4/80 loss=0.552023 seconds=0.03
epoch=5/80 loss=0.392223 seconds=0.03
epoch=6/80 loss=0.287027 seconds=0.03
epoch=7/80 loss=0.255793 seconds=0.03
epoch=8/80 loss=0.240218 seconds=0.05
epoch=9/80 loss=0.234917 seconds=0.03
epoch=10/80 loss=0.237135 seconds=0.03
epoch=11/80 loss=0.228874 seconds=0.05
epoch=12/80 loss=0.212505 seconds=0.05
epoch=13/80 loss=0.209742 seconds=0.03
epoch=14/80 loss=0.203011 seconds=0.03
epoch=15/80 loss=0.204333 seconds=0.05
epoch=16/80 loss=0.196208 seconds=0.03
epoch=17/80 loss=0.190468 seconds=0.05
epoch=18/80 loss=0.199780 seconds=0.03
epoch=19/80 loss=0.188563 seconds=0.05
epoch=20/80 loss=0.192422 seconds=0.05
epoch=21/80 loss=0.185654 seconds=0.03
epoch=22/80 loss=0.183240 seconds=0.03
epoch=23/80 loss=0.182157 seconds=0.05
epoch=24/80 loss=0.184223 seconds=0.03
epoch=25/80 loss=0.183308 seconds=0.03
epoch=26/80 loss=0.171642 seconds=0.03
epoch=27/80 loss=0.173736 seconds=0.05
epoch=28/80 loss=0.172117 seconds=0.03
epoch=29/80 loss=0.176120 seconds=0.03
epoch=30/80 loss=0.174866 seconds=0.03
epoch=31/80 loss=0.177713 seconds=0.05
epoch=32/80 loss=0.184841 seconds=0.03
epoch=33/80 loss=0.165989 seconds=0.06
epoch=34/80 loss=0.161399 seconds=0.03
epoch=35/80 loss=0.155664 seconds=0.03
epoch=36/80 loss=0.161105 seconds=0.05
epoch=37/80 loss=0.153041 seconds=0.05
epoch=38/80 loss=0.157701 seconds=0.03
epoch=39/80 loss=0.144344 seconds=0.05
epoch=40/80 loss=0.156123 seconds=0.03
epoch=41/80 loss=0.152704 seconds=0.03
epoch=42/80 loss=0.163956 seconds=0.03
epoch=43/80 loss=0.150585 seconds=0.05
epoch=44/80 loss=0.137431 seconds=0.03
epoch=45/80 loss=0.139487 seconds=0.05
epoch=46/80 loss=0.128992 seconds=0.03
epoch=47/80 loss=0.125587 seconds=0.03
epoch=48/80 loss=0.123337 seconds=0.05
epoch=49/80 loss=0.123501 seconds=0.03
epoch=50/80 loss=0.114211 seconds=0.03
epoch=51/80 loss=0.120270 seconds=0.03
epoch=52/80 loss=0.105099 seconds=0.03
epoch=53/80 loss=0.110110 seconds=0.03
epoch=54/80 loss=0.112640 seconds=0.05
epoch=55/80 loss=0.094089 seconds=0.03
epoch=56/80 loss=0.097990 seconds=0.05
epoch=57/80 loss=0.124238 seconds=0.03
epoch=58/80 loss=0.102253 seconds=0.05
epoch=59/80 loss=0.092596 seconds=0.03
epoch=60/80 loss=0.134161 seconds=0.03
epoch=61/80 loss=0.112770 seconds=0.05
epoch=62/80 loss=0.112619 seconds=0.03
epoch=63/80 loss=0.091108 seconds=0.05
epoch=64/80 loss=0.087758 seconds=0.03
epoch=65/80 loss=0.083784 seconds=0.03
epoch=66/80 loss=0.085996 seconds=0.03
epoch=67/80 loss=0.086630 seconds=0.05
epoch=68/80 loss=0.084297 seconds=0.03
epoch=69/80 loss=0.073244 seconds=0.03
epoch=70/80 loss=0.061736 seconds=0.03
epoch=71/80 loss=0.056219 seconds=0.05
epoch=72/80 loss=0.053140 seconds=0.03
epoch=73/80 loss=0.055177 seconds=0.05
epoch=74/80 loss=0.048896 seconds=0.03
epoch=75/80 loss=0.041678 seconds=0.03
epoch=76/80 loss=0.033290 seconds=0.03
epoch=77/80 loss=0.033682 seconds=0.05
epoch=78/80 loss=0.020904 seconds=0.03
epoch=79/80 loss=0.020990 seconds=0.03
epoch=80/80 loss=0.026730 seconds=0.05
fold=10/10 OOF_accuracy=0.800000 OOF_AUC=0.813397
Frozen Train OOF threshold=0.7041546106338501; objective=accuracy; OOF selection accuracy=0.780000
Device=cuda; epochs=80; batch=32; model=SqueezeNet1D
epoch=1/80 loss=0.692332 seconds=0.05
epoch=2/80 loss=0.687155 seconds=0.05
epoch=3/80 loss=0.653031 seconds=0.05
epoch=4/80 loss=0.554986 seconds=0.05
epoch=5/80 loss=0.444746 seconds=0.05
epoch=6/80 loss=0.406051 seconds=0.05
epoch=7/80 loss=0.397412 seconds=0.05
epoch=8/80 loss=0.373918 seconds=0.05
epoch=9/80 loss=0.362394 seconds=0.05
epoch=10/80 loss=0.364535 seconds=0.05
epoch=11/80 loss=0.347971 seconds=0.05
epoch=12/80 loss=0.344015 seconds=0.05
epoch=13/80 loss=0.322826 seconds=0.05
epoch=14/80 loss=0.310201 seconds=0.05
epoch=15/80 loss=0.307124 seconds=0.05
epoch=16/80 loss=0.289980 seconds=0.05
epoch=17/80 loss=0.277802 seconds=0.05
epoch=18/80 loss=0.290202 seconds=0.05
epoch=19/80 loss=0.288054 seconds=0.05
epoch=20/80 loss=0.246597 seconds=0.05
epoch=21/80 loss=0.245897 seconds=0.03
epoch=22/80 loss=0.231860 seconds=0.05
epoch=23/80 loss=0.231059 seconds=0.05
epoch=24/80 loss=0.231137 seconds=0.05
epoch=25/80 loss=0.210477 seconds=0.05
epoch=26/80 loss=0.202068 seconds=0.03
epoch=27/80 loss=0.201501 seconds=0.05
epoch=28/80 loss=0.188060 seconds=0.05
epoch=29/80 loss=0.182057 seconds=0.03
epoch=30/80 loss=0.171863 seconds=0.05
epoch=31/80 loss=0.168085 seconds=0.03
epoch=32/80 loss=0.159530 seconds=0.05
epoch=33/80 loss=0.179122 seconds=0.05
epoch=34/80 loss=0.156445 seconds=0.05
epoch=35/80 loss=0.146588 seconds=0.03
epoch=36/80 loss=0.142192 seconds=0.03
epoch=37/80 loss=0.124220 seconds=0.03
epoch=38/80 loss=0.137481 seconds=0.05
epoch=39/80 loss=0.147494 seconds=0.03
epoch=40/80 loss=0.144351 seconds=0.05
epoch=41/80 loss=0.124691 seconds=0.05
epoch=42/80 loss=0.144135 seconds=0.03
epoch=43/80 loss=0.112444 seconds=0.03
epoch=44/80 loss=0.114508 seconds=0.05
epoch=45/80 loss=0.094184 seconds=0.03
epoch=46/80 loss=0.085640 seconds=0.05
epoch=47/80 loss=0.085022 seconds=0.05
epoch=48/80 loss=0.080444 seconds=0.03
epoch=49/80 loss=0.068407 seconds=0.05
epoch=50/80 loss=0.067676 seconds=0.03
epoch=51/80 loss=0.065468 seconds=0.05
epoch=52/80 loss=0.057690 seconds=0.03
epoch=53/80 loss=0.048121 seconds=0.05
epoch=54/80 loss=0.051798 seconds=0.05
epoch=55/80 loss=0.072969 seconds=0.05
epoch=56/80 loss=0.060705 seconds=0.05
epoch=57/80 loss=0.042350 seconds=0.03
epoch=58/80 loss=0.051060 seconds=0.05
epoch=59/80 loss=0.053100 seconds=0.05
epoch=60/80 loss=0.044003 seconds=0.03
epoch=61/80 loss=0.026127 seconds=0.03
epoch=62/80 loss=0.042806 seconds=0.05
epoch=63/80 loss=0.052598 seconds=0.05
epoch=64/80 loss=0.036103 seconds=0.03
epoch=65/80 loss=0.039491 seconds=0.05
epoch=66/80 loss=0.038237 seconds=0.03
epoch=67/80 loss=0.018202 seconds=0.03
epoch=68/80 loss=0.018793 seconds=0.05
epoch=69/80 loss=0.021616 seconds=0.03
epoch=70/80 loss=0.020126 seconds=0.05
epoch=71/80 loss=0.023098 seconds=0.05
epoch=72/80 loss=0.023617 seconds=0.05
epoch=73/80 loss=0.014499 seconds=0.03
epoch=74/80 loss=0.011946 seconds=0.05
epoch=75/80 loss=0.023438 seconds=0.03
epoch=76/80 loss=0.024008 seconds=0.05
epoch=77/80 loss=0.014743 seconds=0.03
epoch=78/80 loss=0.012866 seconds=0.05
epoch=79/80 loss=0.013282 seconds=0.03
epoch=80/80 loss=0.013559 seconds=0.05
{"cv_oof": {"accuracy": 0.7633333333333333, "balanced_accuracy": 0.7361111111111112, "sensitivity": 0.6388888888888888, "specificity": 0.8333333333333334, "f1_macro": 0.7393507017951761, "roc_auc": 0.773268711419753, "confusion_matrix": [[160, 32], [39, 69]], "classification_report": {"0": {"precision": 0.8040201005025126, "recall": 0.8333333333333334, "f1-score": 0.8184143222506394, "support": 192.0}, "1": {"precision": 0.6831683168316832, "recall": 0.6388888888888888, "f1-score": 0.6602870813397129, "support": 108.0}, "accuracy": 0.7633333333333333, "macro avg": {"precision": 0.7435942086670979, "recall": 0.7361111111111112, "f1-score": 0.7393507017951761, "support": 300.0}, "weighted avg": {"precision": 0.760513458381014, "recall": 0.7633333333333333, "f1-score": 0.7614885155227059, "support": 300.0}}}, "test": {"accuracy": 0.7671232876712328, "balanced_accuracy": 0.7418166939443536, "sensitivity": 0.6538461538461539, "specificity": 0.8297872340425532, "f1_macro": 0.743859649122807, "roc_auc": 0.8330605564648118, "confusion_matrix": [[39, 8], [9, 17]], "classification_report": {"0": {"precision": 0.8125, "recall": 0.8297872340425532, "f1-score": 0.8210526315789474, "support": 47.0}, "1": {"precision": 0.68, "recall": 0.6538461538461539, "f1-score": 0.6666666666666666, "support": 26.0}, "accuracy": 0.7671232876712328, "macro avg": {"precision": 0.7462500000000001, "recall": 0.7418166939443536, "f1-score": 0.743859649122807, "support": 73.0}, "weighted avg": {"precision": 0.7653082191780822, "recall": 0.7671232876712328, "f1-score": 0.7660658495553954, "support": 73.0}}}, "folds": 10, "original_train_rows": 300, "train_rows": 384, "test_rows": 73, "elapsed_seconds": 37.20299999997951, "test_default": {"accuracy": 0.7671232876712328, "balanced_accuracy": 0.7418166939443536, "sensitivity": 0.6538461538461539, "specificity": 0.8297872340425532, "f1_macro": 0.743859649122807, "roc_auc": 0.8330605564648118, "confusion_matrix": [[39, 8], [9, 17]], "classification_report": {"0": {"precision": 0.8125, "recall": 0.8297872340425532, "f1-score": 0.8210526315789474, "support": 47.0}, "1": {"precision": 0.68, "recall": 0.6538461538461539, "f1-score": 0.6666666666666666, "support": 26.0}, "accuracy": 0.7671232876712328, "macro avg": {"precision": 0.7462500000000001, "recall": 0.7418166939443536, "f1-score": 0.743859649122807, "support": 73.0}, "weighted avg": {"precision": 0.7653082191780822, "recall": 0.7671232876712328, "f1-score": 0.7660658495553954, "support": 73.0}}}, "decision_threshold": 0.7041546106338501, "oof_threshold_selection": {"accuracy": 0.78, "balanced_accuracy": 0.7491319444444444, "sensitivity": 0.6388888888888888, "specificity": 0.859375, "f1_macro": 0.7549019607843137, "roc_auc": 0.773268711419753, "confusion_matrix": [[165, 27], [39, 69]], "classification_report": {"0": {"precision": 0.8088235294117647, "recall": 0.859375, "f1-score": 0.8333333333333334, "support": 192.0}, "1": {"precision": 0.71875, "recall": 0.6388888888888888, "f1-score": 0.6764705882352942, "support": 108.0}, "accuracy": 0.78, "macro avg": {"precision": 0.7637867647058824, "recall": 0.7491319444444444, "f1-score": 0.7549019607843137, "support": 300.0}, "weighted avg": {"precision": 0.7763970588235295, "recall": 0.78, "f1-score": 0.7768627450980392, "support": 300.0}}}, "test_accuracy_change": 0.0}
