Command: ["C:\\Users\\IHCK\\AppData\\Local\\Programs\\Python\\Python312\\python.exe", "-u", "C:\\Users\\IHCK\\Desktop\\1_10_69Final\\Hippocampal-Shape-Analysis-for-Epilepsy-Detection\\Model\\train_dataset_model.py", "--dataset", "coef_raw", "--side", "left", "--model", "SqueezeNet", "--kind", "coef", "--train-csv", "C:\\Users\\IHCK\\Desktop\\1_10_69Final\\Hippocampal-Shape-Analysis-for-Epilepsy-Detection\\Output_Dataset\\coef_raw\\left\\train_prepared.csv", "--test-csv", "C:\\Users\\IHCK\\Desktop\\1_10_69Final\\Hippocampal-Shape-Analysis-for-Epilepsy-Detection\\Output_Dataset\\coef_raw\\left\\test_prepared.csv", "--output-dir", "C:\\Users\\IHCK\\Desktop\\1_10_69Final\\Hippocampal-Shape-Analysis-for-Epilepsy-Detection\\Model_Results\\dataset_runs_20261003_oof_threshold\\coef_raw\\left\\SqueezeNet", "--epochs", "80", "--folds", "10", "--pls-components", "8", "--seed", "42", "--threads", "2", "--tune-threshold"]
10-fold CV: dataset=coef_raw side=left model=SqueezeNet; original_train=300 test=73
Device=cuda; epochs=80; batch=32; model=SqueezeNet1D
epoch=1/80 loss=0.882661 seconds=0.41
epoch=2/80 loss=0.876731 seconds=0.03
epoch=3/80 loss=0.859132 seconds=0.03
epoch=4/80 loss=0.799949 seconds=0.03
epoch=5/80 loss=0.649172 seconds=0.03
epoch=6/80 loss=0.433012 seconds=0.03
epoch=7/80 loss=0.218980 seconds=0.03
epoch=8/80 loss=0.136880 seconds=0.03
epoch=9/80 loss=0.098617 seconds=0.03
epoch=10/80 loss=0.076067 seconds=0.03
epoch=11/80 loss=0.069724 seconds=0.03
epoch=12/80 loss=0.075276 seconds=0.03
epoch=13/80 loss=0.070739 seconds=0.03
epoch=14/80 loss=0.077640 seconds=0.03
epoch=15/80 loss=0.071487 seconds=0.03
epoch=16/80 loss=0.077029 seconds=0.03
epoch=17/80 loss=0.074497 seconds=0.02
epoch=18/80 loss=0.074495 seconds=0.05
epoch=19/80 loss=0.065538 seconds=0.02
epoch=20/80 loss=0.064035 seconds=0.03
epoch=21/80 loss=0.053250 seconds=0.03
epoch=22/80 loss=0.050556 seconds=0.05
epoch=23/80 loss=0.049121 seconds=0.03
epoch=24/80 loss=0.053468 seconds=0.03
epoch=25/80 loss=0.051275 seconds=0.03
epoch=26/80 loss=0.062330 seconds=0.03
epoch=27/80 loss=0.052815 seconds=0.03
epoch=28/80 loss=0.072093 seconds=0.03
epoch=29/80 loss=0.053471 seconds=0.03
epoch=30/80 loss=0.046426 seconds=0.03
epoch=31/80 loss=0.047971 seconds=0.03
epoch=32/80 loss=0.043704 seconds=0.03
epoch=33/80 loss=0.057264 seconds=0.03
epoch=34/80 loss=0.046505 seconds=0.03
epoch=35/80 loss=0.042846 seconds=0.03
epoch=36/80 loss=0.039700 seconds=0.03
epoch=37/80 loss=0.045263 seconds=0.03
epoch=38/80 loss=0.060627 seconds=0.03
epoch=39/80 loss=0.083830 seconds=0.03
epoch=40/80 loss=0.052342 seconds=0.03
epoch=41/80 loss=0.038444 seconds=0.03
epoch=42/80 loss=0.038389 seconds=0.03
epoch=43/80 loss=0.039732 seconds=0.03
epoch=44/80 loss=0.031749 seconds=0.03
epoch=45/80 loss=0.049769 seconds=0.03
epoch=46/80 loss=0.033631 seconds=0.03
epoch=47/80 loss=0.060299 seconds=0.03
epoch=48/80 loss=0.033956 seconds=0.03
epoch=49/80 loss=0.027426 seconds=0.03
epoch=50/80 loss=0.037128 seconds=0.03
epoch=51/80 loss=0.037752 seconds=0.03
epoch=52/80 loss=0.037476 seconds=0.03
epoch=53/80 loss=0.022735 seconds=0.03
epoch=54/80 loss=0.023854 seconds=0.03
epoch=55/80 loss=0.028365 seconds=0.02
epoch=56/80 loss=0.024883 seconds=0.03
epoch=57/80 loss=0.027253 seconds=0.03
epoch=58/80 loss=0.023754 seconds=0.03
epoch=59/80 loss=0.037641 seconds=0.02
epoch=60/80 loss=0.039228 seconds=0.03
epoch=61/80 loss=0.054906 seconds=0.03
epoch=62/80 loss=0.070321 seconds=0.05
epoch=63/80 loss=0.043274 seconds=0.03
epoch=64/80 loss=0.030190 seconds=0.02
epoch=65/80 loss=0.019027 seconds=0.03
epoch=66/80 loss=0.047417 seconds=0.03
epoch=67/80 loss=0.023564 seconds=0.03
epoch=68/80 loss=0.024891 seconds=0.02
epoch=69/80 loss=0.040958 seconds=0.03
epoch=70/80 loss=0.023233 seconds=0.03
epoch=71/80 loss=0.017552 seconds=0.02
epoch=72/80 loss=0.033096 seconds=0.03
epoch=73/80 loss=0.033985 seconds=0.03
epoch=74/80 loss=0.027943 seconds=0.03
epoch=75/80 loss=0.031563 seconds=0.03
epoch=76/80 loss=0.029322 seconds=0.03
epoch=77/80 loss=0.033224 seconds=0.03
epoch=78/80 loss=0.049327 seconds=0.03
epoch=79/80 loss=0.039541 seconds=0.03
epoch=80/80 loss=0.034752 seconds=0.03
fold=1/10 OOF_accuracy=0.766667 OOF_AUC=0.790000
Device=cuda; epochs=80; batch=32; model=SqueezeNet1D
epoch=1/80 loss=0.882630 seconds=0.03
epoch=2/80 loss=0.876815 seconds=0.03
epoch=3/80 loss=0.859188 seconds=0.03
epoch=4/80 loss=0.802260 seconds=0.02
epoch=5/80 loss=0.665533 seconds=0.03
epoch=6/80 loss=0.453194 seconds=0.03
epoch=7/80 loss=0.254571 seconds=0.03
epoch=8/80 loss=0.152899 seconds=0.02
epoch=9/80 loss=0.141723 seconds=0.03
epoch=10/80 loss=0.120085 seconds=0.03
epoch=11/80 loss=0.124467 seconds=0.03
epoch=12/80 loss=0.113243 seconds=0.02
epoch=13/80 loss=0.118322 seconds=0.03
epoch=14/80 loss=0.127451 seconds=0.03
epoch=15/80 loss=0.101522 seconds=0.03
epoch=16/80 loss=0.091519 seconds=0.02
epoch=17/80 loss=0.095355 seconds=0.03
epoch=18/80 loss=0.099655 seconds=0.03
epoch=19/80 loss=0.069552 seconds=0.03
epoch=20/80 loss=0.080013 seconds=0.03
epoch=21/80 loss=0.077566 seconds=0.02
epoch=22/80 loss=0.064278 seconds=0.03
epoch=23/80 loss=0.070679 seconds=0.03
epoch=24/80 loss=0.053737 seconds=0.03
epoch=25/80 loss=0.060757 seconds=0.03
epoch=26/80 loss=0.061079 seconds=0.03
epoch=27/80 loss=0.063806 seconds=0.03
epoch=28/80 loss=0.084092 seconds=0.03
epoch=29/80 loss=0.071618 seconds=0.03
epoch=30/80 loss=0.043927 seconds=0.05
epoch=31/80 loss=0.047910 seconds=0.03
epoch=32/80 loss=0.059231 seconds=0.02
epoch=33/80 loss=0.048404 seconds=0.03
epoch=34/80 loss=0.048775 seconds=0.03
epoch=35/80 loss=0.058003 seconds=0.02
epoch=36/80 loss=0.033775 seconds=0.02
epoch=37/80 loss=0.034770 seconds=0.03
epoch=38/80 loss=0.032622 seconds=0.02
epoch=39/80 loss=0.038464 seconds=0.03
epoch=40/80 loss=0.035509 seconds=0.03
epoch=41/80 loss=0.029047 seconds=0.03
epoch=42/80 loss=0.052604 seconds=0.02
epoch=43/80 loss=0.044628 seconds=0.03
epoch=44/80 loss=0.027417 seconds=0.03
epoch=45/80 loss=0.019114 seconds=0.02
epoch=46/80 loss=0.019584 seconds=0.03
epoch=47/80 loss=0.026414 seconds=0.03
epoch=48/80 loss=0.018064 seconds=0.02
epoch=49/80 loss=0.029749 seconds=0.03
epoch=50/80 loss=0.026779 seconds=0.03
epoch=51/80 loss=0.029514 seconds=0.03
epoch=52/80 loss=0.037586 seconds=0.03
epoch=53/80 loss=0.041527 seconds=0.03
epoch=54/80 loss=0.024573 seconds=0.03
epoch=55/80 loss=0.017712 seconds=0.03
epoch=56/80 loss=0.016234 seconds=0.03
epoch=57/80 loss=0.025469 seconds=0.03
epoch=58/80 loss=0.035569 seconds=0.03
epoch=59/80 loss=0.016200 seconds=0.03
epoch=60/80 loss=0.029227 seconds=0.03
epoch=61/80 loss=0.016076 seconds=0.02
epoch=62/80 loss=0.023629 seconds=0.03
epoch=63/80 loss=0.007147 seconds=0.03
epoch=64/80 loss=0.017125 seconds=0.03
epoch=65/80 loss=0.012592 seconds=0.02
epoch=66/80 loss=0.009740 seconds=0.03
epoch=67/80 loss=0.018555 seconds=0.03
epoch=68/80 loss=0.014646 seconds=0.02
epoch=69/80 loss=0.011832 seconds=0.03
epoch=70/80 loss=0.014156 seconds=0.03
epoch=71/80 loss=0.009271 seconds=0.02
epoch=72/80 loss=0.017079 seconds=0.03
epoch=73/80 loss=0.008223 seconds=0.03
epoch=74/80 loss=0.006135 seconds=0.03
epoch=75/80 loss=0.010491 seconds=0.02
epoch=76/80 loss=0.012615 seconds=0.03
epoch=77/80 loss=0.018206 seconds=0.03
epoch=78/80 loss=0.023708 seconds=0.03
epoch=79/80 loss=0.021054 seconds=0.02
epoch=80/80 loss=0.020715 seconds=0.03
fold=2/10 OOF_accuracy=0.733333 OOF_AUC=0.665000
Device=cuda; epochs=80; batch=32; model=SqueezeNet1D
epoch=1/80 loss=0.888672 seconds=0.03
epoch=2/80 loss=0.886314 seconds=0.03
epoch=3/80 loss=0.882408 seconds=0.02
epoch=4/80 loss=0.867138 seconds=0.03
epoch=5/80 loss=0.831558 seconds=0.03
epoch=6/80 loss=0.760747 seconds=0.02
epoch=7/80 loss=0.667288 seconds=0.03
epoch=8/80 loss=0.611949 seconds=0.03
epoch=9/80 loss=0.600442 seconds=0.02
epoch=10/80 loss=0.533066 seconds=0.03
epoch=11/80 loss=0.513143 seconds=0.03
epoch=12/80 loss=0.491169 seconds=0.02
epoch=13/80 loss=0.467280 seconds=0.03
epoch=14/80 loss=0.441707 seconds=0.05
epoch=15/80 loss=0.426985 seconds=0.02
epoch=16/80 loss=0.398974 seconds=0.03
epoch=17/80 loss=0.382997 seconds=0.03
epoch=18/80 loss=0.373766 seconds=0.02
epoch=19/80 loss=0.352850 seconds=0.03
epoch=20/80 loss=0.303106 seconds=0.03
epoch=21/80 loss=0.298429 seconds=0.03
epoch=22/80 loss=0.283788 seconds=0.02
epoch=23/80 loss=0.262087 seconds=0.05
epoch=24/80 loss=0.248994 seconds=0.03
epoch=25/80 loss=0.221757 seconds=0.02
epoch=26/80 loss=0.217031 seconds=0.03
epoch=27/80 loss=0.222099 seconds=0.03
epoch=28/80 loss=0.181525 seconds=0.02
epoch=29/80 loss=0.282206 seconds=0.03
epoch=30/80 loss=0.243118 seconds=0.03
epoch=31/80 loss=0.302450 seconds=0.03
epoch=32/80 loss=0.242579 seconds=0.03
epoch=33/80 loss=0.195371 seconds=0.02
epoch=34/80 loss=0.162881 seconds=0.03
epoch=35/80 loss=0.177395 seconds=0.03
epoch=36/80 loss=0.166596 seconds=0.03
epoch=37/80 loss=0.152690 seconds=0.03
epoch=38/80 loss=0.136304 seconds=0.03
epoch=39/80 loss=0.150445 seconds=0.02
epoch=40/80 loss=0.148261 seconds=0.03
epoch=41/80 loss=0.145069 seconds=0.03
epoch=42/80 loss=0.175562 seconds=0.03
epoch=43/80 loss=0.160778 seconds=0.03
epoch=44/80 loss=0.148866 seconds=0.02
epoch=45/80 loss=0.142099 seconds=0.03
epoch=46/80 loss=0.127672 seconds=0.02
epoch=47/80 loss=0.121812 seconds=0.03
epoch=48/80 loss=0.146890 seconds=0.03
epoch=49/80 loss=0.138399 seconds=0.03
epoch=50/80 loss=0.097263 seconds=0.03
epoch=51/80 loss=0.096486 seconds=0.02
epoch=52/80 loss=0.091334 seconds=0.03
epoch=53/80 loss=0.144505 seconds=0.03
epoch=54/80 loss=0.099570 seconds=0.03
epoch=55/80 loss=0.092796 seconds=0.03
epoch=56/80 loss=0.103496 seconds=0.03
epoch=57/80 loss=0.098401 seconds=0.02
epoch=58/80 loss=0.093595 seconds=0.03
epoch=59/80 loss=0.127605 seconds=0.03
epoch=60/80 loss=0.118233 seconds=0.03
epoch=61/80 loss=0.095931 seconds=0.03
epoch=62/80 loss=0.086517 seconds=0.03
epoch=63/80 loss=0.065643 seconds=0.03
epoch=64/80 loss=0.073340 seconds=0.03
epoch=65/80 loss=0.067932 seconds=0.03
epoch=66/80 loss=0.057364 seconds=0.03
epoch=67/80 loss=0.057262 seconds=0.02
epoch=68/80 loss=0.054548 seconds=0.03
epoch=69/80 loss=0.072048 seconds=0.03
epoch=70/80 loss=0.071653 seconds=0.03
epoch=71/80 loss=0.049723 seconds=0.03
epoch=72/80 loss=0.049672 seconds=0.03
epoch=73/80 loss=0.049637 seconds=0.03
epoch=74/80 loss=0.049851 seconds=0.03
epoch=75/80 loss=0.035597 seconds=0.03
epoch=76/80 loss=0.033611 seconds=0.02
epoch=77/80 loss=0.050902 seconds=0.03
epoch=78/80 loss=0.044710 seconds=0.03
epoch=79/80 loss=0.046359 seconds=0.03
epoch=80/80 loss=0.041777 seconds=0.03
fold=3/10 OOF_accuracy=0.700000 OOF_AUC=0.741627
Device=cuda; epochs=80; batch=32; model=SqueezeNet1D
epoch=1/80 loss=0.888661 seconds=0.03
epoch=2/80 loss=0.886076 seconds=0.02
epoch=3/80 loss=0.881566 seconds=0.03
epoch=4/80 loss=0.864666 seconds=0.03
epoch=5/80 loss=0.824116 seconds=0.03
epoch=6/80 loss=0.756488 seconds=0.03
epoch=7/80 loss=0.665043 seconds=0.02
epoch=8/80 loss=0.613354 seconds=0.03
epoch=9/80 loss=0.571491 seconds=0.03
epoch=10/80 loss=0.534419 seconds=0.02
epoch=11/80 loss=0.497774 seconds=0.03
epoch=12/80 loss=0.491395 seconds=0.03
epoch=13/80 loss=0.478515 seconds=0.03
epoch=14/80 loss=0.459723 seconds=0.03
epoch=15/80 loss=0.469823 seconds=0.02
epoch=16/80 loss=0.434361 seconds=0.03
epoch=17/80 loss=0.442712 seconds=0.03
epoch=18/80 loss=0.444219 seconds=0.02
epoch=19/80 loss=0.407575 seconds=0.03
epoch=20/80 loss=0.394691 seconds=0.03
epoch=21/80 loss=0.391054 seconds=0.02
epoch=22/80 loss=0.381427 seconds=0.03
epoch=23/80 loss=0.366022 seconds=0.03
epoch=24/80 loss=0.333471 seconds=0.02
epoch=25/80 loss=0.343296 seconds=0.02
epoch=26/80 loss=0.322571 seconds=0.03
epoch=27/80 loss=0.300156 seconds=0.03
epoch=28/80 loss=0.290418 seconds=0.03
epoch=29/80 loss=0.275967 seconds=0.03
epoch=30/80 loss=0.259601 seconds=0.02
epoch=31/80 loss=0.287151 seconds=0.03
epoch=32/80 loss=0.234228 seconds=0.02
epoch=33/80 loss=0.234586 seconds=0.03
epoch=34/80 loss=0.216679 seconds=0.03
epoch=35/80 loss=0.194235 seconds=0.03
epoch=36/80 loss=0.170976 seconds=0.03
epoch=37/80 loss=0.172204 seconds=0.03
epoch=38/80 loss=0.164697 seconds=0.02
epoch=39/80 loss=0.145477 seconds=0.03
epoch=40/80 loss=0.147422 seconds=0.03
epoch=41/80 loss=0.204962 seconds=0.02
epoch=42/80 loss=0.129463 seconds=0.03
epoch=43/80 loss=0.137805 seconds=0.03
epoch=44/80 loss=0.171601 seconds=0.02
epoch=45/80 loss=0.122866 seconds=0.03
epoch=46/80 loss=0.104474 seconds=0.03
epoch=47/80 loss=0.141668 seconds=0.03
epoch=48/80 loss=0.108858 seconds=0.03
epoch=49/80 loss=0.100793 seconds=0.03
epoch=50/80 loss=0.097737 seconds=0.03
epoch=51/80 loss=0.082803 seconds=0.03
epoch=52/80 loss=0.070407 seconds=0.03
epoch=53/80 loss=0.059059 seconds=0.03
epoch=54/80 loss=0.058774 seconds=0.03
epoch=55/80 loss=0.111868 seconds=0.02
epoch=56/80 loss=0.066174 seconds=0.03
epoch=57/80 loss=0.061742 seconds=0.03
epoch=58/80 loss=0.053968 seconds=0.03
epoch=59/80 loss=0.045992 seconds=0.03
epoch=60/80 loss=0.053040 seconds=0.03
epoch=61/80 loss=0.060690 seconds=0.03
epoch=62/80 loss=0.140071 seconds=0.02
epoch=63/80 loss=0.053791 seconds=0.03
epoch=64/80 loss=0.089257 seconds=0.03
epoch=65/80 loss=0.109395 seconds=0.03
epoch=66/80 loss=0.059530 seconds=0.03
epoch=67/80 loss=0.040368 seconds=0.03
epoch=68/80 loss=0.034013 seconds=0.02
epoch=69/80 loss=0.027189 seconds=0.03
epoch=70/80 loss=0.037985 seconds=0.03
epoch=71/80 loss=0.025102 seconds=0.03
epoch=72/80 loss=0.021558 seconds=0.02
epoch=73/80 loss=0.030918 seconds=0.02
epoch=74/80 loss=0.021824 seconds=0.03
epoch=75/80 loss=0.025605 seconds=0.03
epoch=76/80 loss=0.023660 seconds=0.03
epoch=77/80 loss=0.025846 seconds=0.03
epoch=78/80 loss=0.024211 seconds=0.02
epoch=79/80 loss=0.025260 seconds=0.03
epoch=80/80 loss=0.024160 seconds=0.03
fold=4/10 OOF_accuracy=0.733333 OOF_AUC=0.693780
Device=cuda; epochs=80; batch=32; model=SqueezeNet1D
epoch=1/80 loss=0.888656 seconds=0.03
epoch=2/80 loss=0.886069 seconds=0.03
epoch=3/80 loss=0.881456 seconds=0.03
epoch=4/80 loss=0.865330 seconds=0.03
epoch=5/80 loss=0.832351 seconds=0.02
epoch=6/80 loss=0.767616 seconds=0.03
epoch=7/80 loss=0.674271 seconds=0.03
epoch=8/80 loss=0.597432 seconds=0.03
epoch=9/80 loss=0.559568 seconds=0.03
epoch=10/80 loss=0.508683 seconds=0.02
epoch=11/80 loss=0.477017 seconds=0.03
epoch=12/80 loss=0.458784 seconds=0.03
epoch=13/80 loss=0.476387 seconds=0.02
epoch=14/80 loss=0.445602 seconds=0.03
epoch=15/80 loss=0.433353 seconds=0.03
epoch=16/80 loss=0.416841 seconds=0.03
epoch=17/80 loss=0.444355 seconds=0.02
epoch=18/80 loss=0.410426 seconds=0.03
epoch=19/80 loss=0.403022 seconds=0.03
epoch=20/80 loss=0.382715 seconds=0.02
epoch=21/80 loss=0.362861 seconds=0.03
epoch=22/80 loss=0.382497 seconds=0.03
epoch=23/80 loss=0.342646 seconds=0.03
epoch=24/80 loss=0.331719 seconds=0.03
epoch=25/80 loss=0.321041 seconds=0.02
epoch=26/80 loss=0.317704 seconds=0.02
epoch=27/80 loss=0.309206 seconds=0.03
epoch=28/80 loss=0.278851 seconds=0.03
epoch=29/80 loss=0.280590 seconds=0.02
epoch=30/80 loss=0.277702 seconds=0.03
epoch=31/80 loss=0.255587 seconds=0.03
epoch=32/80 loss=0.257638 seconds=0.03
epoch=33/80 loss=0.267487 seconds=0.03
epoch=34/80 loss=0.237124 seconds=0.03
epoch=35/80 loss=0.237223 seconds=0.02
epoch=36/80 loss=0.201498 seconds=0.03
epoch=37/80 loss=0.222763 seconds=0.03
epoch=38/80 loss=0.194377 seconds=0.02
epoch=39/80 loss=0.198435 seconds=0.03
epoch=40/80 loss=0.169425 seconds=0.03
epoch=41/80 loss=0.198064 seconds=0.03
epoch=42/80 loss=0.185828 seconds=0.02
epoch=43/80 loss=0.175582 seconds=0.03
epoch=44/80 loss=0.199863 seconds=0.03
epoch=45/80 loss=0.184813 seconds=0.03
epoch=46/80 loss=0.210386 seconds=0.03
epoch=47/80 loss=0.139159 seconds=0.03
epoch=48/80 loss=0.158913 seconds=0.02
epoch=49/80 loss=0.146707 seconds=0.05
epoch=50/80 loss=0.148146 seconds=0.02
epoch=51/80 loss=0.141819 seconds=0.03
epoch=52/80 loss=0.122118 seconds=0.03
epoch=53/80 loss=0.106248 seconds=0.02
epoch=54/80 loss=0.106624 seconds=0.03
epoch=55/80 loss=0.122287 seconds=0.03
epoch=56/80 loss=0.099882 seconds=0.02
epoch=57/80 loss=0.105801 seconds=0.02
epoch=58/80 loss=0.117116 seconds=0.03
epoch=59/80 loss=0.125768 seconds=0.03
epoch=60/80 loss=0.135150 seconds=0.03
epoch=61/80 loss=0.116643 seconds=0.03
epoch=62/80 loss=0.140502 seconds=0.02
epoch=63/80 loss=0.113985 seconds=0.03
epoch=64/80 loss=0.097081 seconds=0.03
epoch=65/80 loss=0.101572 seconds=0.03
epoch=66/80 loss=0.061871 seconds=0.02
epoch=67/80 loss=0.066648 seconds=0.03
epoch=68/80 loss=0.066432 seconds=0.03
epoch=69/80 loss=0.071404 seconds=0.02
epoch=70/80 loss=0.120586 seconds=0.03
epoch=71/80 loss=0.089573 seconds=0.03
epoch=72/80 loss=0.083598 seconds=0.03
epoch=73/80 loss=0.095292 seconds=0.03
epoch=74/80 loss=0.081277 seconds=0.03
epoch=75/80 loss=0.068534 seconds=0.03
epoch=76/80 loss=0.059559 seconds=0.03
epoch=77/80 loss=0.061141 seconds=0.03
epoch=78/80 loss=0.050674 seconds=0.03
epoch=79/80 loss=0.055612 seconds=0.03
epoch=80/80 loss=0.054049 seconds=0.03
fold=5/10 OOF_accuracy=0.700000 OOF_AUC=0.808612
Device=cuda; epochs=80; batch=32; model=SqueezeNet1D
epoch=1/80 loss=0.888152 seconds=0.03
epoch=2/80 loss=0.883246 seconds=0.03
epoch=3/80 loss=0.872221 seconds=0.02
epoch=4/80 loss=0.834780 seconds=0.03
epoch=5/80 loss=0.749936 seconds=0.03
epoch=6/80 loss=0.592276 seconds=0.03
epoch=7/80 loss=0.430336 seconds=0.03
epoch=8/80 loss=0.333319 seconds=0.02
epoch=9/80 loss=0.358707 seconds=0.03
epoch=10/80 loss=0.282112 seconds=0.03
epoch=11/80 loss=0.277817 seconds=0.03
epoch=12/80 loss=0.260957 seconds=0.03
epoch=13/80 loss=0.237028 seconds=0.02
epoch=14/80 loss=0.246912 seconds=0.03
epoch=15/80 loss=0.223228 seconds=0.03
epoch=16/80 loss=0.226339 seconds=0.03
epoch=17/80 loss=0.226451 seconds=0.02
epoch=18/80 loss=0.242083 seconds=0.03
epoch=19/80 loss=0.229847 seconds=0.03
epoch=20/80 loss=0.195839 seconds=0.03
epoch=21/80 loss=0.181186 seconds=0.03
epoch=22/80 loss=0.172483 seconds=0.03
epoch=23/80 loss=0.170268 seconds=0.03
epoch=24/80 loss=0.151551 seconds=0.03
epoch=25/80 loss=0.172298 seconds=0.02
epoch=26/80 loss=0.175933 seconds=0.03
epoch=27/80 loss=0.171656 seconds=0.03
epoch=28/80 loss=0.154357 seconds=0.03
epoch=29/80 loss=0.133913 seconds=0.03
epoch=30/80 loss=0.121189 seconds=0.02
epoch=31/80 loss=0.134873 seconds=0.03
epoch=32/80 loss=0.148336 seconds=0.03
epoch=33/80 loss=0.147588 seconds=0.03
epoch=34/80 loss=0.126660 seconds=0.03
epoch=35/80 loss=0.117192 seconds=0.03
epoch=36/80 loss=0.120555 seconds=0.02
epoch=37/80 loss=0.104100 seconds=0.03
epoch=38/80 loss=0.113986 seconds=0.03
epoch=39/80 loss=0.096718 seconds=0.05
epoch=40/80 loss=0.080246 seconds=0.03
epoch=41/80 loss=0.102733 seconds=0.03
epoch=42/80 loss=0.137186 seconds=0.02
epoch=43/80 loss=0.117900 seconds=0.03
epoch=44/80 loss=0.103543 seconds=0.03
epoch=45/80 loss=0.094623 seconds=0.02
epoch=46/80 loss=0.084788 seconds=0.03
epoch=47/80 loss=0.080244 seconds=0.03
epoch=48/80 loss=0.075057 seconds=0.02
epoch=49/80 loss=0.050448 seconds=0.03
epoch=50/80 loss=0.071564 seconds=0.05
epoch=51/80 loss=0.080286 seconds=0.03
epoch=52/80 loss=0.087823 seconds=0.03
epoch=53/80 loss=0.097952 seconds=0.03
epoch=54/80 loss=0.117902 seconds=0.03
epoch=55/80 loss=0.088100 seconds=0.03
epoch=56/80 loss=0.122590 seconds=0.03
epoch=57/80 loss=0.092904 seconds=0.03
epoch=58/80 loss=0.044137 seconds=0.03
epoch=59/80 loss=0.074251 seconds=0.03
epoch=60/80 loss=0.051174 seconds=0.02
epoch=61/80 loss=0.068025 seconds=0.03
epoch=62/80 loss=0.048074 seconds=0.03
epoch=63/80 loss=0.043445 seconds=0.02
epoch=64/80 loss=0.046022 seconds=0.03
epoch=65/80 loss=0.049516 seconds=0.03
epoch=66/80 loss=0.057955 seconds=0.02
epoch=67/80 loss=0.025407 seconds=0.02
epoch=68/80 loss=0.026504 seconds=0.03
epoch=69/80 loss=0.037671 seconds=0.03
epoch=70/80 loss=0.034372 seconds=0.03
epoch=71/80 loss=0.025451 seconds=0.03
epoch=72/80 loss=0.034123 seconds=0.03
epoch=73/80 loss=0.057532 seconds=0.02
epoch=74/80 loss=0.042070 seconds=0.03
epoch=75/80 loss=0.029842 seconds=0.03
epoch=76/80 loss=0.033426 seconds=0.03
epoch=77/80 loss=0.016917 seconds=0.02
epoch=78/80 loss=0.014565 seconds=0.03
epoch=79/80 loss=0.019953 seconds=0.03
epoch=80/80 loss=0.024988 seconds=0.03
fold=6/10 OOF_accuracy=0.833333 OOF_AUC=0.851675
Device=cuda; epochs=80; batch=32; model=SqueezeNet1D
epoch=1/80 loss=0.888515 seconds=0.03
epoch=2/80 loss=0.885681 seconds=0.03
epoch=3/80 loss=0.879587 seconds=0.03
epoch=4/80 loss=0.859057 seconds=0.03
epoch=5/80 loss=0.814867 seconds=0.02
epoch=6/80 loss=0.734957 seconds=0.05
epoch=7/80 loss=0.648568 seconds=0.03
epoch=8/80 loss=0.580624 seconds=0.02
epoch=9/80 loss=0.544156 seconds=0.03
epoch=10/80 loss=0.517919 seconds=0.03
epoch=11/80 loss=0.499493 seconds=0.03
epoch=12/80 loss=0.474560 seconds=0.03
epoch=13/80 loss=0.465146 seconds=0.02
epoch=14/80 loss=0.444597 seconds=0.03
epoch=15/80 loss=0.408722 seconds=0.03
epoch=16/80 loss=0.411737 seconds=0.03
epoch=17/80 loss=0.399173 seconds=0.02
epoch=18/80 loss=0.401418 seconds=0.03
epoch=19/80 loss=0.370959 seconds=0.03
epoch=20/80 loss=0.361595 seconds=0.03
epoch=21/80 loss=0.358636 seconds=0.02
epoch=22/80 loss=0.360708 seconds=0.03
epoch=23/80 loss=0.307898 seconds=0.03
epoch=24/80 loss=0.310105 seconds=0.03
epoch=25/80 loss=0.284334 seconds=0.03
epoch=26/80 loss=0.284744 seconds=0.03
epoch=27/80 loss=0.286265 seconds=0.03
epoch=28/80 loss=0.260633 seconds=0.03
epoch=29/80 loss=0.268147 seconds=0.02
epoch=30/80 loss=0.244577 seconds=0.03
epoch=31/80 loss=0.334797 seconds=0.03
epoch=32/80 loss=0.284416 seconds=0.03
epoch=33/80 loss=0.248232 seconds=0.03
epoch=34/80 loss=0.277800 seconds=0.03
epoch=35/80 loss=0.242876 seconds=0.03
epoch=36/80 loss=0.202093 seconds=0.03
epoch=37/80 loss=0.217516 seconds=0.02
epoch=38/80 loss=0.215296 seconds=0.03
epoch=39/80 loss=0.215588 seconds=0.03
epoch=40/80 loss=0.208923 seconds=0.03
epoch=41/80 loss=0.249718 seconds=0.03
epoch=42/80 loss=0.223153 seconds=0.02
epoch=43/80 loss=0.234444 seconds=0.03
epoch=44/80 loss=0.209097 seconds=0.03
epoch=45/80 loss=0.254638 seconds=0.02
epoch=46/80 loss=0.190518 seconds=0.03
epoch=47/80 loss=0.214654 seconds=0.03
epoch=48/80 loss=0.231576 seconds=0.03
epoch=49/80 loss=0.182063 seconds=0.03
epoch=50/80 loss=0.168991 seconds=0.02
epoch=51/80 loss=0.145533 seconds=0.03
epoch=52/80 loss=0.160004 seconds=0.03
epoch=53/80 loss=0.159583 seconds=0.03
epoch=54/80 loss=0.141158 seconds=0.02
epoch=55/80 loss=0.145823 seconds=0.03
epoch=56/80 loss=0.144028 seconds=0.03
epoch=57/80 loss=0.154614 seconds=0.03
epoch=58/80 loss=0.134928 seconds=0.03
epoch=59/80 loss=0.153673 seconds=0.02
epoch=60/80 loss=0.131468 seconds=0.03
epoch=61/80 loss=0.125074 seconds=0.03
epoch=62/80 loss=0.130041 seconds=0.03
epoch=63/80 loss=0.120938 seconds=0.03
epoch=64/80 loss=0.136556 seconds=0.02
epoch=65/80 loss=0.129881 seconds=0.03
epoch=66/80 loss=0.163238 seconds=0.03
epoch=67/80 loss=0.119417 seconds=0.02
epoch=68/80 loss=0.132134 seconds=0.03
epoch=69/80 loss=0.120016 seconds=0.03
epoch=70/80 loss=0.118187 seconds=0.03
epoch=71/80 loss=0.112406 seconds=0.03
epoch=72/80 loss=0.093318 seconds=0.03
epoch=73/80 loss=0.086827 seconds=0.03
epoch=74/80 loss=0.097376 seconds=0.02
epoch=75/80 loss=0.071304 seconds=0.05
epoch=76/80 loss=0.117565 seconds=0.03
epoch=77/80 loss=0.080972 seconds=0.03
epoch=78/80 loss=0.142646 seconds=0.03
epoch=79/80 loss=0.108524 seconds=0.02
epoch=80/80 loss=0.072899 seconds=0.03
fold=7/10 OOF_accuracy=0.833333 OOF_AUC=0.813397
Device=cuda; epochs=80; batch=32; model=SqueezeNet1D
epoch=1/80 loss=0.888792 seconds=0.03
epoch=2/80 loss=0.886915 seconds=0.03
epoch=3/80 loss=0.885135 seconds=0.02
epoch=4/80 loss=0.876341 seconds=0.03
epoch=5/80 loss=0.859395 seconds=0.03
epoch=6/80 loss=0.823640 seconds=0.03
epoch=7/80 loss=0.768752 seconds=0.02
epoch=8/80 loss=0.724925 seconds=0.03
epoch=9/80 loss=0.712205 seconds=0.03
epoch=10/80 loss=0.658304 seconds=0.03
epoch=11/80 loss=0.622716 seconds=0.03
epoch=12/80 loss=0.626474 seconds=0.02
epoch=13/80 loss=0.599692 seconds=0.03
epoch=14/80 loss=0.569397 seconds=0.03
epoch=15/80 loss=0.549201 seconds=0.03
epoch=16/80 loss=0.532604 seconds=0.03
epoch=17/80 loss=0.514707 seconds=0.03
epoch=18/80 loss=0.484636 seconds=0.02
epoch=19/80 loss=0.476742 seconds=0.03
epoch=20/80 loss=0.479167 seconds=0.03
epoch=21/80 loss=0.436865 seconds=0.03
epoch=22/80 loss=0.432816 seconds=0.03
epoch=23/80 loss=0.429131 seconds=0.03
epoch=24/80 loss=0.424957 seconds=0.03
epoch=25/80 loss=0.413697 seconds=0.02
epoch=26/80 loss=0.393799 seconds=0.03
epoch=27/80 loss=0.430917 seconds=0.02
epoch=28/80 loss=0.363840 seconds=0.03
epoch=29/80 loss=0.331281 seconds=0.03
epoch=30/80 loss=0.330475 seconds=0.03
epoch=31/80 loss=0.385036 seconds=0.03
epoch=32/80 loss=0.311257 seconds=0.03
epoch=33/80 loss=0.281054 seconds=0.03
epoch=34/80 loss=0.280778 seconds=0.02
epoch=35/80 loss=0.257161 seconds=0.03
epoch=36/80 loss=0.263335 seconds=0.03
epoch=37/80 loss=0.236049 seconds=0.03
epoch=38/80 loss=0.235028 seconds=0.03
epoch=39/80 loss=0.199672 seconds=0.02
epoch=40/80 loss=0.194210 seconds=0.03
epoch=41/80 loss=0.186570 seconds=0.03
epoch=42/80 loss=0.177734 seconds=0.02
epoch=43/80 loss=0.183769 seconds=0.03
epoch=44/80 loss=0.170449 seconds=0.03
epoch=45/80 loss=0.169765 seconds=0.02
epoch=46/80 loss=0.162911 seconds=0.03
epoch=47/80 loss=0.178275 seconds=0.03
epoch=48/80 loss=0.168710 seconds=0.02
epoch=49/80 loss=0.145589 seconds=0.03
epoch=50/80 loss=0.161506 seconds=0.03
epoch=51/80 loss=0.139410 seconds=0.03
epoch=52/80 loss=0.110711 seconds=0.05
epoch=53/80 loss=0.146012 seconds=0.03
epoch=54/80 loss=0.113079 seconds=0.02
epoch=55/80 loss=0.117835 seconds=0.03
epoch=56/80 loss=0.096551 seconds=0.03
epoch=57/80 loss=0.094301 seconds=0.03
epoch=58/80 loss=0.079815 seconds=0.03
epoch=59/80 loss=0.097454 seconds=0.03
epoch=60/80 loss=0.096775 seconds=0.03
epoch=61/80 loss=0.093381 seconds=0.02
epoch=62/80 loss=0.088450 seconds=0.03
epoch=63/80 loss=0.078627 seconds=0.03
epoch=64/80 loss=0.078229 seconds=0.03
epoch=65/80 loss=0.096804 seconds=0.02
epoch=66/80 loss=0.138270 seconds=0.03
epoch=67/80 loss=0.112251 seconds=0.03
epoch=68/80 loss=0.077563 seconds=0.03
epoch=69/80 loss=0.073668 seconds=0.02
epoch=70/80 loss=0.099707 seconds=0.03
epoch=71/80 loss=0.095015 seconds=0.03
epoch=72/80 loss=0.087846 seconds=0.02
epoch=73/80 loss=0.065929 seconds=0.03
epoch=74/80 loss=0.074166 seconds=0.03
epoch=75/80 loss=0.083942 seconds=0.03
epoch=76/80 loss=0.063232 seconds=0.03
epoch=77/80 loss=0.064107 seconds=0.02
epoch=78/80 loss=0.085321 seconds=0.03
epoch=79/80 loss=0.074096 seconds=0.02
epoch=80/80 loss=0.071698 seconds=0.03
fold=8/10 OOF_accuracy=0.733333 OOF_AUC=0.751196
Device=cuda; epochs=80; batch=32; model=SqueezeNet1D
epoch=1/80 loss=0.888610 seconds=0.03
epoch=2/80 loss=0.885661 seconds=0.03
epoch=3/80 loss=0.879882 seconds=0.03
epoch=4/80 loss=0.859735 seconds=0.02
epoch=5/80 loss=0.812533 seconds=0.03
epoch=6/80 loss=0.714343 seconds=0.03
epoch=7/80 loss=0.599066 seconds=0.05
epoch=8/80 loss=0.521948 seconds=0.02
epoch=9/80 loss=0.505740 seconds=0.05
epoch=10/80 loss=0.461158 seconds=0.02
epoch=11/80 loss=0.428835 seconds=0.03
epoch=12/80 loss=0.445397 seconds=0.03
epoch=13/80 loss=0.454599 seconds=0.03
epoch=14/80 loss=0.395371 seconds=0.02
epoch=15/80 loss=0.381244 seconds=0.03
epoch=16/80 loss=0.390293 seconds=0.03
epoch=17/80 loss=0.367766 seconds=0.03
epoch=18/80 loss=0.353392 seconds=0.03
epoch=19/80 loss=0.337444 seconds=0.03
epoch=20/80 loss=0.323476 seconds=0.02
epoch=21/80 loss=0.316973 seconds=0.03
epoch=22/80 loss=0.319548 seconds=0.03
epoch=23/80 loss=0.301639 seconds=0.03
epoch=24/80 loss=0.293598 seconds=0.03
epoch=25/80 loss=0.273014 seconds=0.03
epoch=26/80 loss=0.286321 seconds=0.03
epoch=27/80 loss=0.288647 seconds=0.03
epoch=28/80 loss=0.263214 seconds=0.03
epoch=29/80 loss=0.268028 seconds=0.02
epoch=30/80 loss=0.304938 seconds=0.03
epoch=31/80 loss=0.294669 seconds=0.03
epoch=32/80 loss=0.254187 seconds=0.03
epoch=33/80 loss=0.242626 seconds=0.02
epoch=34/80 loss=0.218083 seconds=0.03
epoch=35/80 loss=0.215822 seconds=0.02
epoch=36/80 loss=0.200343 seconds=0.03
epoch=37/80 loss=0.226698 seconds=0.03
epoch=38/80 loss=0.226301 seconds=0.03
epoch=39/80 loss=0.212556 seconds=0.03
epoch=40/80 loss=0.185987 seconds=0.02
epoch=41/80 loss=0.200681 seconds=0.03
epoch=42/80 loss=0.179002 seconds=0.03
epoch=43/80 loss=0.154512 seconds=0.02
epoch=44/80 loss=0.159191 seconds=0.03
epoch=45/80 loss=0.177026 seconds=0.03
epoch=46/80 loss=0.145146 seconds=0.02
epoch=47/80 loss=0.152556 seconds=0.03
epoch=48/80 loss=0.210768 seconds=0.03
epoch=49/80 loss=0.235144 seconds=0.03
epoch=50/80 loss=0.165695 seconds=0.02
epoch=51/80 loss=0.163465 seconds=0.03
epoch=52/80 loss=0.122843 seconds=0.03
epoch=53/80 loss=0.114138 seconds=0.03
epoch=54/80 loss=0.125835 seconds=0.03
epoch=55/80 loss=0.116235 seconds=0.03
epoch=56/80 loss=0.102186 seconds=0.05
epoch=57/80 loss=0.098629 seconds=0.03
epoch=58/80 loss=0.092359 seconds=0.03
epoch=59/80 loss=0.133383 seconds=0.03
epoch=60/80 loss=0.096406 seconds=0.03
epoch=61/80 loss=0.100797 seconds=0.03
epoch=62/80 loss=0.122488 seconds=0.03
epoch=63/80 loss=0.088007 seconds=0.03
epoch=64/80 loss=0.080056 seconds=0.02
epoch=65/80 loss=0.073386 seconds=0.03
epoch=66/80 loss=0.068582 seconds=0.03
epoch=67/80 loss=0.065406 seconds=0.03
epoch=68/80 loss=0.128044 seconds=0.03
epoch=69/80 loss=0.070589 seconds=0.03
epoch=70/80 loss=0.077338 seconds=0.03
epoch=71/80 loss=0.086405 seconds=0.03
epoch=72/80 loss=0.074884 seconds=0.05
epoch=73/80 loss=0.062143 seconds=0.03
epoch=74/80 loss=0.063180 seconds=0.03
epoch=75/80 loss=0.064706 seconds=0.03
epoch=76/80 loss=0.101511 seconds=0.05
epoch=77/80 loss=0.054502 seconds=0.03
epoch=78/80 loss=0.067318 seconds=0.03
epoch=79/80 loss=0.079283 seconds=0.03
epoch=80/80 loss=0.054362 seconds=0.05
fold=9/10 OOF_accuracy=0.766667 OOF_AUC=0.741627
Device=cuda; epochs=80; batch=32; model=SqueezeNet1D
epoch=1/80 loss=0.888722 seconds=0.03
epoch=2/80 loss=0.886502 seconds=0.03
epoch=3/80 loss=0.883455 seconds=0.03
epoch=4/80 loss=0.870874 seconds=0.03
epoch=5/80 loss=0.839827 seconds=0.03
epoch=6/80 loss=0.777828 seconds=0.03
epoch=7/80 loss=0.687597 seconds=0.03
epoch=8/80 loss=0.618428 seconds=0.05
epoch=9/80 loss=0.593291 seconds=0.03
epoch=10/80 loss=0.545681 seconds=0.03
epoch=11/80 loss=0.522818 seconds=0.06
epoch=12/80 loss=0.500714 seconds=0.03
epoch=13/80 loss=0.477866 seconds=0.03
epoch=14/80 loss=0.463611 seconds=0.05
epoch=15/80 loss=0.445208 seconds=0.03
epoch=16/80 loss=0.426030 seconds=0.03
epoch=17/80 loss=0.416849 seconds=0.05
epoch=18/80 loss=0.447262 seconds=0.05
epoch=19/80 loss=0.431160 seconds=0.03
epoch=20/80 loss=0.399365 seconds=0.03
epoch=21/80 loss=0.375581 seconds=0.03
epoch=22/80 loss=0.373433 seconds=0.03
epoch=23/80 loss=0.360490 seconds=0.03
epoch=24/80 loss=0.342615 seconds=0.03
epoch=25/80 loss=0.334867 seconds=0.03
epoch=26/80 loss=0.353010 seconds=0.03
epoch=27/80 loss=0.322260 seconds=0.03
epoch=28/80 loss=0.320477 seconds=0.05
epoch=29/80 loss=0.287338 seconds=0.03
epoch=30/80 loss=0.285298 seconds=0.02
epoch=31/80 loss=0.321614 seconds=0.03
epoch=32/80 loss=0.277648 seconds=0.05
epoch=33/80 loss=0.234676 seconds=0.03
epoch=34/80 loss=0.251543 seconds=0.03
epoch=35/80 loss=0.245761 seconds=0.02
epoch=36/80 loss=0.223728 seconds=0.05
epoch=37/80 loss=0.281407 seconds=0.03
epoch=38/80 loss=0.250392 seconds=0.03
epoch=39/80 loss=0.225419 seconds=0.03
epoch=40/80 loss=0.199214 seconds=0.03
epoch=41/80 loss=0.182069 seconds=0.03
epoch=42/80 loss=0.208979 seconds=0.05
epoch=43/80 loss=0.256891 seconds=0.03
epoch=44/80 loss=0.266687 seconds=0.05
epoch=45/80 loss=0.213392 seconds=0.05
epoch=46/80 loss=0.206004 seconds=0.03
epoch=47/80 loss=0.179860 seconds=0.05
epoch=48/80 loss=0.176444 seconds=0.03
epoch=49/80 loss=0.162389 seconds=0.03
epoch=50/80 loss=0.202197 seconds=0.03
epoch=51/80 loss=0.153111 seconds=0.05
epoch=52/80 loss=0.128145 seconds=0.03
epoch=53/80 loss=0.133699 seconds=0.03
epoch=54/80 loss=0.122333 seconds=0.03
epoch=55/80 loss=0.136243 seconds=0.05
epoch=56/80 loss=0.105225 seconds=0.03
epoch=57/80 loss=0.110278 seconds=0.03
epoch=58/80 loss=0.103185 seconds=0.03
epoch=59/80 loss=0.203054 seconds=0.03
epoch=60/80 loss=0.134013 seconds=0.03
epoch=61/80 loss=0.179756 seconds=0.03
epoch=62/80 loss=0.188823 seconds=0.03
epoch=63/80 loss=0.108670 seconds=0.03
epoch=64/80 loss=0.088641 seconds=0.03
epoch=65/80 loss=0.138924 seconds=0.03
epoch=66/80 loss=0.075177 seconds=0.03
epoch=67/80 loss=0.077141 seconds=0.03
epoch=68/80 loss=0.099931 seconds=0.03
epoch=69/80 loss=0.058629 seconds=0.03
epoch=70/80 loss=0.066656 seconds=0.03
epoch=71/80 loss=0.080562 seconds=0.03
epoch=72/80 loss=0.062795 seconds=0.03
epoch=73/80 loss=0.057021 seconds=0.03
epoch=74/80 loss=0.046987 seconds=0.03
epoch=75/80 loss=0.066055 seconds=0.03
epoch=76/80 loss=0.049169 seconds=0.03
epoch=77/80 loss=0.032796 seconds=0.03
epoch=78/80 loss=0.050237 seconds=0.05
epoch=79/80 loss=0.066632 seconds=0.03
epoch=80/80 loss=0.042170 seconds=0.03
fold=10/10 OOF_accuracy=0.733333 OOF_AUC=0.779904
Frozen Train OOF threshold=0.81064152717590332; objective=accuracy; OOF selection accuracy=0.766667
Device=cuda; epochs=80; batch=32; model=SqueezeNet1D
epoch=1/80 loss=0.887165 seconds=0.06
epoch=2/80 loss=0.880534 seconds=0.05
epoch=3/80 loss=0.855372 seconds=0.05
epoch=4/80 loss=0.766780 seconds=0.03
epoch=5/80 loss=0.560026 seconds=0.06
epoch=6/80 loss=0.280189 seconds=0.03
epoch=7/80 loss=0.144609 seconds=0.05
epoch=8/80 loss=0.160043 seconds=0.05
epoch=9/80 loss=0.145867 seconds=0.05
epoch=10/80 loss=0.137283 seconds=0.03
epoch=11/80 loss=0.112295 seconds=0.05
epoch=12/80 loss=0.097330 seconds=0.05
epoch=13/80 loss=0.111020 seconds=0.03
epoch=14/80 loss=0.095957 seconds=0.05
epoch=15/80 loss=0.084890 seconds=0.05
epoch=16/80 loss=0.098305 seconds=0.03
epoch=17/80 loss=0.081285 seconds=0.05
epoch=18/80 loss=0.090402 seconds=0.05
epoch=19/80 loss=0.073010 seconds=0.06
epoch=20/80 loss=0.080205 seconds=0.03
epoch=21/80 loss=0.080455 seconds=0.03
epoch=22/80 loss=0.088725 seconds=0.05
epoch=23/80 loss=0.061975 seconds=0.05
epoch=24/80 loss=0.056098 seconds=0.05
epoch=25/80 loss=0.052947 seconds=0.03
epoch=26/80 loss=0.057104 seconds=0.05
epoch=27/80 loss=0.049752 seconds=0.03
epoch=28/80 loss=0.046192 seconds=0.05
epoch=29/80 loss=0.050920 seconds=0.03
epoch=30/80 loss=0.055884 seconds=0.03
epoch=31/80 loss=0.064006 seconds=0.05
epoch=32/80 loss=0.062465 seconds=0.03
epoch=33/80 loss=0.047064 seconds=0.03
epoch=34/80 loss=0.051214 seconds=0.03
epoch=35/80 loss=0.041822 seconds=0.03
epoch=36/80 loss=0.044775 seconds=0.03
epoch=37/80 loss=0.038365 seconds=0.03
epoch=38/80 loss=0.031408 seconds=0.03
epoch=39/80 loss=0.045039 seconds=0.03
epoch=40/80 loss=0.030284 seconds=0.03
epoch=41/80 loss=0.036965 seconds=0.03
epoch=42/80 loss=0.045458 seconds=0.05
epoch=43/80 loss=0.040497 seconds=0.03
epoch=44/80 loss=0.057970 seconds=0.03
epoch=45/80 loss=0.032956 seconds=0.03
epoch=46/80 loss=0.074895 seconds=0.03
epoch=47/80 loss=0.036659 seconds=0.03
epoch=48/80 loss=0.031690 seconds=0.03
epoch=49/80 loss=0.033071 seconds=0.03
epoch=50/80 loss=0.024081 seconds=0.02
epoch=51/80 loss=0.027381 seconds=0.05
epoch=52/80 loss=0.051797 seconds=0.03
epoch=53/80 loss=0.023040 seconds=0.03
epoch=54/80 loss=0.019036 seconds=0.02
epoch=55/80 loss=0.022193 seconds=0.03
epoch=56/80 loss=0.025389 seconds=0.05
epoch=57/80 loss=0.034024 seconds=0.02
epoch=58/80 loss=0.031194 seconds=0.03
epoch=59/80 loss=0.039234 seconds=0.03
epoch=60/80 loss=0.035900 seconds=0.03
epoch=61/80 loss=0.022864 seconds=0.03
epoch=62/80 loss=0.016805 seconds=0.03
epoch=63/80 loss=0.025631 seconds=0.03
epoch=64/80 loss=0.016496 seconds=0.03
epoch=65/80 loss=0.016618 seconds=0.03
epoch=66/80 loss=0.015561 seconds=0.03
epoch=67/80 loss=0.020601 seconds=0.03
epoch=68/80 loss=0.013024 seconds=0.03
epoch=69/80 loss=0.016323 seconds=0.03
epoch=70/80 loss=0.023186 seconds=0.05
epoch=71/80 loss=0.012905 seconds=0.03
epoch=72/80 loss=0.019083 seconds=0.03
epoch=73/80 loss=0.019567 seconds=0.02
epoch=74/80 loss=0.037559 seconds=0.03
epoch=75/80 loss=0.167364 seconds=0.03
epoch=76/80 loss=0.184901 seconds=0.03
epoch=77/80 loss=0.089749 seconds=0.03
epoch=78/80 loss=0.035867 seconds=0.03
epoch=79/80 loss=0.034156 seconds=0.03
epoch=80/80 loss=0.025039 seconds=0.03
{"cv_oof": {"accuracy": 0.7533333333333333, "balanced_accuracy": 0.7303240740740741, "sensitivity": 0.6481481481481481, "specificity": 0.8125, "f1_macro": 0.731247881458525, "roc_auc": 0.7533516589506173, "confusion_matrix": [[156, 36], [38, 70]], "classification_report": {"0": {"precision": 0.8041237113402062, "recall": 0.8125, "f1-score": 0.8082901554404145, "support": 192.0}, "1": {"precision": 0.660377358490566, "recall": 0.6481481481481481, "f1-score": 0.6542056074766355, "support": 108.0}, "accuracy": 0.7533333333333333, "macro avg": {"precision": 0.732250534915386, "recall": 0.7303240740740741, "f1-score": 0.731247881458525, "support": 300.0}, "weighted avg": {"precision": 0.7523750243143358, "recall": 0.7533333333333333, "f1-score": 0.7528197181734539, "support": 300.0}}}, "test": {"accuracy": 0.7534246575342466, "balanced_accuracy": 0.7483633387888706, "sensitivity": 0.7307692307692307, "specificity": 0.7659574468085106, "f1_macro": 0.7392857142857143, "roc_auc": 0.8535188216039279, "confusion_matrix": [[36, 11], [7, 19]], "classification_report": {"0": {"precision": 0.8372093023255814, "recall": 0.7659574468085106, "f1-score": 0.8, "support": 47.0}, "1": {"precision": 0.6333333333333333, "recall": 0.7307692307692307, "f1-score": 0.6785714285714286, "support": 26.0}, "accuracy": 0.7534246575342466, "macro avg": {"precision": 0.7352713178294574, "recall": 0.7483633387888706, "f1-score": 0.7392857142857143, "support": 73.0}, "weighted avg": {"precision": 0.7645959435064245, "recall": 0.7534246575342466, "f1-score": 0.7567514677103718, "support": 73.0}}}, "folds": 10, "original_train_rows": 300, "train_rows": 300, "test_rows": 73, "elapsed_seconds": 30.063000000081956, "test_default": {"accuracy": 0.726027397260274, "balanced_accuracy": 0.7270867430441899, "sensitivity": 0.7307692307692307, "specificity": 0.723404255319149, "f1_macro": 0.7139498432601881, "roc_auc": 0.8535188216039279, "confusion_matrix": [[34, 13], [7, 19]], "classification_report": {"0": {"precision": 0.8292682926829268, "recall": 0.723404255319149, "f1-score": 0.7727272727272727, "support": 47.0}, "1": {"precision": 0.59375, "recall": 0.7307692307692307, "f1-score": 0.6551724137931034, "support": 26.0}, "accuracy": 0.726027397260274, "macro avg": {"precision": 0.7115091463414633, "recall": 0.7270867430441899, "f1-score": 0.7139498432601881, "support": 73.0}, "weighted avg": {"precision": 0.7453850651520214, "recall": 0.726027397260274, "f1-score": 0.7308584188603083, "support": 73.0}}}, "decision_threshold": 0.8106415271759033, "oof_threshold_selection": {"accuracy": 0.7666666666666667, "balanced_accuracy": 0.7306134259259259, "sensitivity": 0.6018518518518519, "specificity": 0.859375, "f1_macro": 0.7375, "roc_auc": 0.7533516589506173, "confusion_matrix": [[165, 27], [43, 65]], "classification_report": {"0": {"precision": 0.7932692307692307, "recall": 0.859375, "f1-score": 0.825, "support": 192.0}, "1": {"precision": 0.7065217391304348, "recall": 0.6018518518518519, "f1-score": 0.65, "support": 108.0}, "accuracy": 0.7666666666666667, "macro avg": {"precision": 0.7498954849498327, "recall": 0.7306134259259259, "f1-score": 0.7375, "support": 300.0}, "weighted avg": {"precision": 0.7620401337792642, "recall": 0.7666666666666667, "f1-score": 0.7619999999999999, "support": 300.0}}}, "test_accuracy_change": 0.0273972602739726}
