Command: ["C:\\Users\\IHCK\\AppData\\Local\\Programs\\Python\\Python312\\python.exe", "-u", "C:\\Users\\IHCK\\Desktop\\1_10_69Final\\Hippocampal-Shape-Analysis-for-Epilepsy-Detection\\Model\\train_dataset_model.py", "--dataset", "coef_plsda", "--side", "left", "--model", "MLP", "--kind", "coef", "--train-csv", "C:\\Users\\IHCK\\Desktop\\1_10_69Final\\Hippocampal-Shape-Analysis-for-Epilepsy-Detection\\Output_Dataset\\coef_plsda\\left\\train_prepared.csv", "--test-csv", "C:\\Users\\IHCK\\Desktop\\1_10_69Final\\Hippocampal-Shape-Analysis-for-Epilepsy-Detection\\Output_Dataset\\coef_plsda\\left\\test_prepared.csv", "--output-dir", "C:\\Users\\IHCK\\Desktop\\1_10_69Final\\Hippocampal-Shape-Analysis-for-Epilepsy-Detection\\Model_Results\\dataset_runs_20261003_oof_threshold\\coef_plsda\\left\\MLP", "--epochs", "80", "--folds", "10", "--pls-components", "8", "--seed", "42", "--threads", "2", "--tune-threshold"]
10-fold CV: dataset=coef_plsda side=left model=MLP; original_train=300 test=73
Iteration 1, loss = 0.66142446
Iteration 2, loss = 0.53070142
Iteration 3, loss = 0.43431812
Iteration 4, loss = 0.36096752
Iteration 5, loss = 0.30164645
Iteration 6, loss = 0.25245680
Iteration 7, loss = 0.21341251
Iteration 8, loss = 0.18010613
Iteration 9, loss = 0.15435953
Iteration 10, loss = 0.13256863
Iteration 11, loss = 0.11482340
Iteration 12, loss = 0.09958277
Iteration 13, loss = 0.08698789
Iteration 14, loss = 0.07555937
Iteration 15, loss = 0.06557672
Iteration 16, loss = 0.05708587
Iteration 17, loss = 0.04951318
Iteration 18, loss = 0.04295100
Iteration 19, loss = 0.03682752
Iteration 20, loss = 0.03226319
Iteration 21, loss = 0.02852117
Iteration 22, loss = 0.02491429
Iteration 23, loss = 0.02205037
Iteration 24, loss = 0.02000169
Iteration 25, loss = 0.01796501
Iteration 26, loss = 0.01632680
Iteration 27, loss = 0.01488109
Iteration 28, loss = 0.01371668
Iteration 29, loss = 0.01256536
Iteration 30, loss = 0.01157283
Iteration 31, loss = 0.01068089
Iteration 32, loss = 0.00998371
Iteration 33, loss = 0.00927113
Iteration 34, loss = 0.00868541
Iteration 35, loss = 0.00817873
Iteration 36, loss = 0.00771110
Iteration 37, loss = 0.00728560
Iteration 38, loss = 0.00688141
Iteration 39, loss = 0.00655109
Iteration 40, loss = 0.00623253
Iteration 41, loss = 0.00595121
Iteration 42, loss = 0.00569622
Iteration 43, loss = 0.00546013
Iteration 44, loss = 0.00523989
Iteration 45, loss = 0.00502125
Iteration 46, loss = 0.00485853
Iteration 47, loss = 0.00467593
Iteration 48, loss = 0.00448906
Iteration 49, loss = 0.00435422
Iteration 50, loss = 0.00419957
Iteration 51, loss = 0.00406167
Iteration 52, loss = 0.00393825
Iteration 53, loss = 0.00379606
Iteration 54, loss = 0.00369100
Iteration 55, loss = 0.00358531
Iteration 56, loss = 0.00347987
Iteration 57, loss = 0.00338532
Iteration 58, loss = 0.00328502
Iteration 59, loss = 0.00319738
Iteration 60, loss = 0.00310875
Iteration 61, loss = 0.00302771
Iteration 62, loss = 0.00294900
Iteration 63, loss = 0.00286891
Iteration 64, loss = 0.00279912
Iteration 65, loss = 0.00272668
Iteration 66, loss = 0.00266077
Iteration 67, loss = 0.00259418
Iteration 68, loss = 0.00253587
Iteration 69, loss = 0.00247574
Training loss did not improve more than tol=0.000100 for 10 consecutive epochs. Stopping.
fold=1/10 OOF_accuracy=0.766667 OOF_AUC=0.745000
Iteration 1, loss = 0.70191629
Iteration 2, loss = 0.55823068
Iteration 3, loss = 0.44840599
Iteration 4, loss = 0.36676821
Iteration 5, loss = 0.30280563
Iteration 6, loss = 0.25015329
Iteration 7, loss = 0.20859828
Iteration 8, loss = 0.17505044
Iteration 9, loss = 0.14842325
Iteration 10, loss = 0.12672381
Iteration 11, loss = 0.10903080
Iteration 12, loss = 0.09396098
Iteration 13, loss = 0.08153406
Iteration 14, loss = 0.07106153
Iteration 15, loss = 0.06123898
Iteration 16, loss = 0.05317061
Iteration 17, loss = 0.04737831
Iteration 18, loss = 0.04174274
Iteration 19, loss = 0.03698223
Iteration 20, loss = 0.03333638
Iteration 21, loss = 0.02991493
Iteration 22, loss = 0.02672407
Iteration 23, loss = 0.02432372
Iteration 24, loss = 0.02222623
Iteration 25, loss = 0.02033516
Iteration 26, loss = 0.01902279
Iteration 27, loss = 0.01753852
Iteration 28, loss = 0.01639100
Iteration 29, loss = 0.01538172
Iteration 30, loss = 0.01438738
Iteration 31, loss = 0.01355304
Iteration 32, loss = 0.01278383
Iteration 33, loss = 0.01202246
Iteration 34, loss = 0.01146100
Iteration 35, loss = 0.01086228
Iteration 36, loss = 0.01030624
Iteration 37, loss = 0.00989972
Iteration 38, loss = 0.00945413
Iteration 39, loss = 0.00903863
Iteration 40, loss = 0.00862701
Iteration 41, loss = 0.00826116
Iteration 42, loss = 0.00795786
Iteration 43, loss = 0.00763046
Iteration 44, loss = 0.00731352
Iteration 45, loss = 0.00703484
Iteration 46, loss = 0.00676396
Iteration 47, loss = 0.00651590
Iteration 48, loss = 0.00629789
Iteration 49, loss = 0.00607400
Iteration 50, loss = 0.00585852
Iteration 51, loss = 0.00566568
Iteration 52, loss = 0.00545966
Iteration 53, loss = 0.00530270
Iteration 54, loss = 0.00513281
Iteration 55, loss = 0.00496518
Iteration 56, loss = 0.00482148
Iteration 57, loss = 0.00467448
Iteration 58, loss = 0.00454339
Iteration 59, loss = 0.00441384
Iteration 60, loss = 0.00430012
Iteration 61, loss = 0.00419134
Iteration 62, loss = 0.00408017
Iteration 63, loss = 0.00395916
Iteration 64, loss = 0.00387166
Iteration 65, loss = 0.00377545
Iteration 66, loss = 0.00367906
Iteration 67, loss = 0.00359061
Iteration 68, loss = 0.00349838
Iteration 69, loss = 0.00342128
Iteration 70, loss = 0.00333496
Iteration 71, loss = 0.00326129
Iteration 72, loss = 0.00319189
Iteration 73, loss = 0.00311970
Iteration 74, loss = 0.00304600
Training loss did not improve more than tol=0.000100 for 10 consecutive epochs. Stopping.
fold=2/10 OOF_accuracy=0.700000 OOF_AUC=0.625000
Iteration 1, loss = 0.70356515
Iteration 2, loss = 0.56467808
Iteration 3, loss = 0.46061626
Iteration 4, loss = 0.38064586
Iteration 5, loss = 0.31782239
Iteration 6, loss = 0.26599761
Iteration 7, loss = 0.22425465
Iteration 8, loss = 0.18918840
Iteration 9, loss = 0.15955930
Iteration 10, loss = 0.13505808
Iteration 11, loss = 0.11487485
Iteration 12, loss = 0.09853653
Iteration 13, loss = 0.08407568
Iteration 14, loss = 0.07325612
Iteration 15, loss = 0.06264832
Iteration 16, loss = 0.05400611
Iteration 17, loss = 0.04745648
Iteration 18, loss = 0.04131095
Iteration 19, loss = 0.03633696
Iteration 20, loss = 0.03197956
Iteration 21, loss = 0.02861432
Iteration 22, loss = 0.02574669
Iteration 23, loss = 0.02311784
Iteration 24, loss = 0.02089743
Iteration 25, loss = 0.01891073
Iteration 26, loss = 0.01721935
Iteration 27, loss = 0.01578060
Iteration 28, loss = 0.01454069
Iteration 29, loss = 0.01335668
Iteration 30, loss = 0.01246912
Iteration 31, loss = 0.01159620
Iteration 32, loss = 0.01082956
Iteration 33, loss = 0.01016342
Iteration 34, loss = 0.00962045
Iteration 35, loss = 0.00902200
Iteration 36, loss = 0.00852465
Iteration 37, loss = 0.00806514
Iteration 38, loss = 0.00767985
Iteration 39, loss = 0.00727979
Iteration 40, loss = 0.00693606
Iteration 41, loss = 0.00663713
Iteration 42, loss = 0.00634167
Iteration 43, loss = 0.00609294
Iteration 44, loss = 0.00582405
Iteration 45, loss = 0.00559241
Iteration 46, loss = 0.00535679
Iteration 47, loss = 0.00517018
Iteration 48, loss = 0.00497386
Iteration 49, loss = 0.00477418
Iteration 50, loss = 0.00461512
Iteration 51, loss = 0.00445260
Iteration 52, loss = 0.00430227
Iteration 53, loss = 0.00415611
Iteration 54, loss = 0.00402225
Iteration 55, loss = 0.00388355
Iteration 56, loss = 0.00375962
Iteration 57, loss = 0.00364953
Iteration 58, loss = 0.00353466
Iteration 59, loss = 0.00344024
Iteration 60, loss = 0.00333262
Iteration 61, loss = 0.00324169
Iteration 62, loss = 0.00315688
Iteration 63, loss = 0.00306916
Iteration 64, loss = 0.00298595
Iteration 65, loss = 0.00290589
Iteration 66, loss = 0.00283129
Iteration 67, loss = 0.00275917
Iteration 68, loss = 0.00269541
Iteration 69, loss = 0.00263094
Iteration 70, loss = 0.00256643
Iteration 71, loss = 0.00249937
Training loss did not improve more than tol=0.000100 for 10 consecutive epochs. Stopping.
fold=3/10 OOF_accuracy=0.666667 OOF_AUC=0.746411
Iteration 1, loss = 0.66834356
Iteration 2, loss = 0.53121971
Iteration 3, loss = 0.43043946
Iteration 4, loss = 0.35346804
Iteration 5, loss = 0.29157207
Iteration 6, loss = 0.24049742
Iteration 7, loss = 0.19948589
Iteration 8, loss = 0.16673696
Iteration 9, loss = 0.13967472
Iteration 10, loss = 0.11956108
Iteration 11, loss = 0.10271131
Iteration 12, loss = 0.08929386
Iteration 13, loss = 0.07807202
Iteration 14, loss = 0.06827314
Iteration 15, loss = 0.06027160
Iteration 16, loss = 0.05310907
Iteration 17, loss = 0.04716582
Iteration 18, loss = 0.04202399
Iteration 19, loss = 0.03775509
Iteration 20, loss = 0.03392155
Iteration 21, loss = 0.03071982
Iteration 22, loss = 0.02795050
Iteration 23, loss = 0.02566932
Iteration 24, loss = 0.02340866
Iteration 25, loss = 0.02172066
Iteration 26, loss = 0.02014956
Iteration 27, loss = 0.01868106
Iteration 28, loss = 0.01749567
Iteration 29, loss = 0.01636305
Iteration 30, loss = 0.01540786
Iteration 31, loss = 0.01454036
Iteration 32, loss = 0.01367931
Iteration 33, loss = 0.01303476
Iteration 34, loss = 0.01231586
Iteration 35, loss = 0.01167218
Iteration 36, loss = 0.01115939
Iteration 37, loss = 0.01057223
Iteration 38, loss = 0.01014094
Iteration 39, loss = 0.00967418
Iteration 40, loss = 0.00928417
Iteration 41, loss = 0.00890065
Iteration 42, loss = 0.00856641
Iteration 43, loss = 0.00822421
Iteration 44, loss = 0.00790385
Iteration 45, loss = 0.00761569
Iteration 46, loss = 0.00735259
Iteration 47, loss = 0.00709389
Iteration 48, loss = 0.00686847
Iteration 49, loss = 0.00660306
Iteration 50, loss = 0.00638449
Iteration 51, loss = 0.00616329
Iteration 52, loss = 0.00595614
Iteration 53, loss = 0.00576302
Iteration 54, loss = 0.00558060
Iteration 55, loss = 0.00539969
Iteration 56, loss = 0.00521449
Iteration 57, loss = 0.00504297
Iteration 58, loss = 0.00488962
Iteration 59, loss = 0.00475073
Iteration 60, loss = 0.00459792
Iteration 61, loss = 0.00446323
Iteration 62, loss = 0.00434922
Iteration 63, loss = 0.00421555
Iteration 64, loss = 0.00409707
Iteration 65, loss = 0.00397368
Iteration 66, loss = 0.00389209
Iteration 67, loss = 0.00376001
Iteration 68, loss = 0.00367552
Iteration 69, loss = 0.00357037
Iteration 70, loss = 0.00348238
Iteration 71, loss = 0.00338952
Iteration 72, loss = 0.00330317
Iteration 73, loss = 0.00321315
Iteration 74, loss = 0.00313332
Iteration 75, loss = 0.00305422
Iteration 76, loss = 0.00297877
Iteration 77, loss = 0.00291264
Iteration 78, loss = 0.00284114
Iteration 79, loss = 0.00277469
Iteration 80, loss = 0.00270950
Training loss did not improve more than tol=0.000100 for 10 consecutive epochs. Stopping.
fold=4/10 OOF_accuracy=0.766667 OOF_AUC=0.736842
Iteration 1, loss = 0.68855076
Iteration 2, loss = 0.54508894
Iteration 3, loss = 0.43816835
Iteration 4, loss = 0.35821595
Iteration 5, loss = 0.29560825
Iteration 6, loss = 0.24403893
Iteration 7, loss = 0.20046897
Iteration 8, loss = 0.16502169
Iteration 9, loss = 0.13618655
Iteration 10, loss = 0.11312821
Iteration 11, loss = 0.09495489
Iteration 12, loss = 0.08035670
Iteration 13, loss = 0.06910245
Iteration 14, loss = 0.05976364
Iteration 15, loss = 0.05256506
Iteration 16, loss = 0.04652125
Iteration 17, loss = 0.04170613
Iteration 18, loss = 0.03743388
Iteration 19, loss = 0.03408163
Iteration 20, loss = 0.03125842
Iteration 21, loss = 0.02878286
Iteration 22, loss = 0.02654800
Iteration 23, loss = 0.02462343
Iteration 24, loss = 0.02332537
Iteration 25, loss = 0.02191520
Iteration 26, loss = 0.02080342
Iteration 27, loss = 0.01982723
Iteration 28, loss = 0.01895419
Iteration 29, loss = 0.01813682
Iteration 30, loss = 0.01733591
Iteration 31, loss = 0.01666622
Iteration 32, loss = 0.01608048
Iteration 33, loss = 0.01552259
Iteration 34, loss = 0.01490690
Iteration 35, loss = 0.01446625
Iteration 36, loss = 0.01403455
Iteration 37, loss = 0.01358314
Iteration 38, loss = 0.01322360
Iteration 39, loss = 0.01284681
Iteration 40, loss = 0.01253269
Iteration 41, loss = 0.01223706
Iteration 42, loss = 0.01183201
Iteration 43, loss = 0.01151021
Iteration 44, loss = 0.01117347
Iteration 45, loss = 0.01093468
Iteration 46, loss = 0.01065634
Iteration 47, loss = 0.01044831
Iteration 48, loss = 0.01020016
Iteration 49, loss = 0.00995207
Iteration 50, loss = 0.00974047
Iteration 51, loss = 0.00950056
Iteration 52, loss = 0.00927653
Iteration 53, loss = 0.00908766
Iteration 54, loss = 0.00890220
Iteration 55, loss = 0.00869046
Iteration 56, loss = 0.00854283
Iteration 57, loss = 0.00833308
Iteration 58, loss = 0.00816991
Iteration 59, loss = 0.00812172
Iteration 60, loss = 0.00790002
Iteration 61, loss = 0.00773385
Iteration 62, loss = 0.00754780
Iteration 63, loss = 0.00739242
Iteration 64, loss = 0.00727953
Iteration 65, loss = 0.00714527
Iteration 66, loss = 0.00700537
Iteration 67, loss = 0.00688197
Iteration 68, loss = 0.00677162
Iteration 69, loss = 0.00662323
Iteration 70, loss = 0.00652250
Iteration 71, loss = 0.00644163
Iteration 72, loss = 0.00633742
Iteration 73, loss = 0.00617604
Iteration 74, loss = 0.00606262
Iteration 75, loss = 0.00599396
Iteration 76, loss = 0.00585015
Iteration 77, loss = 0.00575940
Iteration 78, loss = 0.00570995
Iteration 79, loss = 0.00553510
Iteration 80, loss = 0.00545857
Iteration 81, loss = 0.00539056
Iteration 82, loss = 0.00526106
Iteration 83, loss = 0.00519440
Iteration 84, loss = 0.00510910
Iteration 85, loss = 0.00502457
Iteration 86, loss = 0.00492961
Iteration 87, loss = 0.00483993
Iteration 88, loss = 0.00475916
Iteration 89, loss = 0.00468412
Iteration 90, loss = 0.00462327
Iteration 91, loss = 0.00453308
Iteration 92, loss = 0.00443679
Iteration 93, loss = 0.00437019
Training loss did not improve more than tol=0.000100 for 10 consecutive epochs. Stopping.
fold=5/10 OOF_accuracy=0.700000 OOF_AUC=0.741627
Iteration 1, loss = 0.68487115
Iteration 2, loss = 0.54171019
Iteration 3, loss = 0.43434922
Iteration 4, loss = 0.35142745
Iteration 5, loss = 0.28844968
Iteration 6, loss = 0.23902436
Iteration 7, loss = 0.20013259
Iteration 8, loss = 0.16787157
Iteration 9, loss = 0.14243186
Iteration 10, loss = 0.12207004
Iteration 11, loss = 0.10471845
Iteration 12, loss = 0.09085005
Iteration 13, loss = 0.07888829
Iteration 14, loss = 0.06836873
Iteration 15, loss = 0.05915310
Iteration 16, loss = 0.05146125
Iteration 17, loss = 0.04546098
Iteration 18, loss = 0.04000819
Iteration 19, loss = 0.03526633
Iteration 20, loss = 0.03159806
Iteration 21, loss = 0.02867350
Iteration 22, loss = 0.02575495
Iteration 23, loss = 0.02362853
Iteration 24, loss = 0.02158919
Iteration 25, loss = 0.01986363
Iteration 26, loss = 0.01812659
Iteration 27, loss = 0.01681363
Iteration 28, loss = 0.01565141
Iteration 29, loss = 0.01442948
Iteration 30, loss = 0.01340953
Iteration 31, loss = 0.01258386
Iteration 32, loss = 0.01181398
Iteration 33, loss = 0.01111267
Iteration 34, loss = 0.01047550
Iteration 35, loss = 0.00994796
Iteration 36, loss = 0.00941286
Iteration 37, loss = 0.00893107
Iteration 38, loss = 0.00851085
Iteration 39, loss = 0.00809789
Iteration 40, loss = 0.00771944
Iteration 41, loss = 0.00735165
Iteration 42, loss = 0.00704708
Iteration 43, loss = 0.00671237
Iteration 44, loss = 0.00645142
Iteration 45, loss = 0.00618810
Iteration 46, loss = 0.00593225
Iteration 47, loss = 0.00572212
Iteration 48, loss = 0.00549658
Iteration 49, loss = 0.00529459
Iteration 50, loss = 0.00513088
Iteration 51, loss = 0.00494230
Iteration 52, loss = 0.00476411
Iteration 53, loss = 0.00461922
Iteration 54, loss = 0.00446126
Iteration 55, loss = 0.00431153
Iteration 56, loss = 0.00418391
Iteration 57, loss = 0.00404935
Iteration 58, loss = 0.00391569
Iteration 59, loss = 0.00380989
Iteration 60, loss = 0.00368829
Iteration 61, loss = 0.00359389
Iteration 62, loss = 0.00348400
Iteration 63, loss = 0.00338315
Iteration 64, loss = 0.00329188
Iteration 65, loss = 0.00320114
Iteration 66, loss = 0.00311765
Iteration 67, loss = 0.00303046
Iteration 68, loss = 0.00295712
Iteration 69, loss = 0.00288557
Iteration 70, loss = 0.00280785
Iteration 71, loss = 0.00273969
Iteration 72, loss = 0.00267221
Iteration 73, loss = 0.00260351
Iteration 74, loss = 0.00254318
Training loss did not improve more than tol=0.000100 for 10 consecutive epochs. Stopping.
fold=6/10 OOF_accuracy=0.800000 OOF_AUC=0.827751
Iteration 1, loss = 0.68291790
Iteration 2, loss = 0.54517840
Iteration 3, loss = 0.44251799
Iteration 4, loss = 0.36516090
Iteration 5, loss = 0.30069021
Iteration 6, loss = 0.25071164
Iteration 7, loss = 0.20949006
Iteration 8, loss = 0.17628820
Iteration 9, loss = 0.14907857
Iteration 10, loss = 0.12755095
Iteration 11, loss = 0.10931305
Iteration 12, loss = 0.09482771
Iteration 13, loss = 0.08239335
Iteration 14, loss = 0.07136529
Iteration 15, loss = 0.06214808
Iteration 16, loss = 0.05427056
Iteration 17, loss = 0.04750164
Iteration 18, loss = 0.04145989
Iteration 19, loss = 0.03620110
Iteration 20, loss = 0.03162782
Iteration 21, loss = 0.02818746
Iteration 22, loss = 0.02517848
Iteration 23, loss = 0.02242854
Iteration 24, loss = 0.02041234
Iteration 25, loss = 0.01856816
Iteration 26, loss = 0.01696525
Iteration 27, loss = 0.01570007
Iteration 28, loss = 0.01454499
Iteration 29, loss = 0.01348197
Iteration 30, loss = 0.01257337
Iteration 31, loss = 0.01179510
Iteration 32, loss = 0.01111150
Iteration 33, loss = 0.01046900
Iteration 34, loss = 0.00988736
Iteration 35, loss = 0.00937697
Iteration 36, loss = 0.00893504
Iteration 37, loss = 0.00850580
Iteration 38, loss = 0.00816617
Iteration 39, loss = 0.00782064
Iteration 40, loss = 0.00750981
Iteration 41, loss = 0.00726774
Iteration 42, loss = 0.00703328
Iteration 43, loss = 0.00676152
Iteration 44, loss = 0.00653959
Iteration 45, loss = 0.00634193
Iteration 46, loss = 0.00614418
Iteration 47, loss = 0.00596479
Iteration 48, loss = 0.00579314
Iteration 49, loss = 0.00563635
Iteration 50, loss = 0.00547630
Iteration 51, loss = 0.00534135
Iteration 52, loss = 0.00520587
Iteration 53, loss = 0.00507358
Iteration 54, loss = 0.00493255
Iteration 55, loss = 0.00480866
Iteration 56, loss = 0.00468869
Iteration 57, loss = 0.00457517
Iteration 58, loss = 0.00447041
Iteration 59, loss = 0.00436886
Iteration 60, loss = 0.00429989
Iteration 61, loss = 0.00418808
Iteration 62, loss = 0.00408724
Iteration 63, loss = 0.00399944
Iteration 64, loss = 0.00392532
Iteration 65, loss = 0.00382865
Iteration 66, loss = 0.00376029
Iteration 67, loss = 0.00367903
Iteration 68, loss = 0.00360338
Iteration 69, loss = 0.00354532
Iteration 70, loss = 0.00347238
Iteration 71, loss = 0.00339950
Iteration 72, loss = 0.00334944
Iteration 73, loss = 0.00327804
Training loss did not improve more than tol=0.000100 for 10 consecutive epochs. Stopping.
fold=7/10 OOF_accuracy=0.733333 OOF_AUC=0.803828
Iteration 1, loss = 0.66460247
Iteration 2, loss = 0.52513913
Iteration 3, loss = 0.42651778
Iteration 4, loss = 0.35100189
Iteration 5, loss = 0.29067586
Iteration 6, loss = 0.24130499
Iteration 7, loss = 0.20079751
Iteration 8, loss = 0.16799351
Iteration 9, loss = 0.14018939
Iteration 10, loss = 0.11833319
Iteration 11, loss = 0.10075230
Iteration 12, loss = 0.08602246
Iteration 13, loss = 0.07357366
Iteration 14, loss = 0.06347751
Iteration 15, loss = 0.05484370
Iteration 16, loss = 0.04738552
Iteration 17, loss = 0.04158293
Iteration 18, loss = 0.03609294
Iteration 19, loss = 0.03196548
Iteration 20, loss = 0.02785522
Iteration 21, loss = 0.02503773
Iteration 22, loss = 0.02237590
Iteration 23, loss = 0.02028039
Iteration 24, loss = 0.01852734
Iteration 25, loss = 0.01685901
Iteration 26, loss = 0.01556929
Iteration 27, loss = 0.01434359
Iteration 28, loss = 0.01327158
Iteration 29, loss = 0.01227460
Iteration 30, loss = 0.01147506
Iteration 31, loss = 0.01067686
Iteration 32, loss = 0.00995684
Iteration 33, loss = 0.00938393
Iteration 34, loss = 0.00884210
Iteration 35, loss = 0.00834089
Iteration 36, loss = 0.00792176
Iteration 37, loss = 0.00751378
Iteration 38, loss = 0.00711558
Iteration 39, loss = 0.00676390
Iteration 40, loss = 0.00648141
Iteration 41, loss = 0.00620030
Iteration 42, loss = 0.00594572
Iteration 43, loss = 0.00572042
Iteration 44, loss = 0.00548720
Iteration 45, loss = 0.00529927
Iteration 46, loss = 0.00511142
Iteration 47, loss = 0.00493059
Iteration 48, loss = 0.00476346
Iteration 49, loss = 0.00459470
Iteration 50, loss = 0.00445535
Iteration 51, loss = 0.00432363
Iteration 52, loss = 0.00419036
Iteration 53, loss = 0.00407361
Iteration 54, loss = 0.00396150
Iteration 55, loss = 0.00383812
Iteration 56, loss = 0.00373544
Iteration 57, loss = 0.00362662
Iteration 58, loss = 0.00353799
Iteration 59, loss = 0.00345441
Iteration 60, loss = 0.00334689
Iteration 61, loss = 0.00327412
Iteration 62, loss = 0.00318864
Iteration 63, loss = 0.00310552
Iteration 64, loss = 0.00303134
Iteration 65, loss = 0.00295656
Iteration 66, loss = 0.00288301
Iteration 67, loss = 0.00281225
Iteration 68, loss = 0.00275226
Iteration 69, loss = 0.00269503
Iteration 70, loss = 0.00263736
Iteration 71, loss = 0.00257674
Training loss did not improve more than tol=0.000100 for 10 consecutive epochs. Stopping.
fold=8/10 OOF_accuracy=0.700000 OOF_AUC=0.698565
Iteration 1, loss = 0.70739935
Iteration 2, loss = 0.55672804
Iteration 3, loss = 0.44191787
Iteration 4, loss = 0.35396451
Iteration 5, loss = 0.28673459
Iteration 6, loss = 0.23280830
Iteration 7, loss = 0.19183463
Iteration 8, loss = 0.15805814
Iteration 9, loss = 0.13154655
Iteration 10, loss = 0.11070858
Iteration 11, loss = 0.09343117
Iteration 12, loss = 0.07921059
Iteration 13, loss = 0.06847996
Iteration 14, loss = 0.05857647
Iteration 15, loss = 0.05042326
Iteration 16, loss = 0.04422244
Iteration 17, loss = 0.03890678
Iteration 18, loss = 0.03438378
Iteration 19, loss = 0.03040632
Iteration 20, loss = 0.02733039
Iteration 21, loss = 0.02457984
Iteration 22, loss = 0.02235185
Iteration 23, loss = 0.02041610
Iteration 24, loss = 0.01882569
Iteration 25, loss = 0.01728625
Iteration 26, loss = 0.01594547
Iteration 27, loss = 0.01480776
Iteration 28, loss = 0.01384814
Iteration 29, loss = 0.01289294
Iteration 30, loss = 0.01212958
Iteration 31, loss = 0.01145791
Iteration 32, loss = 0.01082941
Iteration 33, loss = 0.01021679
Iteration 34, loss = 0.00968173
Iteration 35, loss = 0.00916395
Iteration 36, loss = 0.00875978
Iteration 37, loss = 0.00831861
Iteration 38, loss = 0.00792251
Iteration 39, loss = 0.00758046
Iteration 40, loss = 0.00725150
Iteration 41, loss = 0.00693148
Iteration 42, loss = 0.00666550
Iteration 43, loss = 0.00639073
Iteration 44, loss = 0.00611434
Iteration 45, loss = 0.00587857
Iteration 46, loss = 0.00564720
Iteration 47, loss = 0.00547559
Iteration 48, loss = 0.00526868
Iteration 49, loss = 0.00509484
Iteration 50, loss = 0.00490939
Iteration 51, loss = 0.00477221
Iteration 52, loss = 0.00460657
Iteration 53, loss = 0.00445813
Iteration 54, loss = 0.00430830
Iteration 55, loss = 0.00419242
Iteration 56, loss = 0.00406635
Iteration 57, loss = 0.00395237
Iteration 58, loss = 0.00382995
Iteration 59, loss = 0.00372131
Iteration 60, loss = 0.00361948
Iteration 61, loss = 0.00352289
Iteration 62, loss = 0.00343424
Iteration 63, loss = 0.00333892
Iteration 64, loss = 0.00325250
Iteration 65, loss = 0.00316539
Iteration 66, loss = 0.00308145
Iteration 67, loss = 0.00301839
Iteration 68, loss = 0.00294280
Iteration 69, loss = 0.00286670
Iteration 70, loss = 0.00279817
Iteration 71, loss = 0.00272569
Training loss did not improve more than tol=0.000100 for 10 consecutive epochs. Stopping.
fold=9/10 OOF_accuracy=0.666667 OOF_AUC=0.751196
Iteration 1, loss = 0.70435986
Iteration 2, loss = 0.55858502
Iteration 3, loss = 0.45120907
Iteration 4, loss = 0.36970220
Iteration 5, loss = 0.30592222
Iteration 6, loss = 0.25786091
Iteration 7, loss = 0.21849265
Iteration 8, loss = 0.18667562
Iteration 9, loss = 0.15901132
Iteration 10, loss = 0.13690019
Iteration 11, loss = 0.11784255
Iteration 12, loss = 0.10104412
Iteration 13, loss = 0.08698584
Iteration 14, loss = 0.07442178
Iteration 15, loss = 0.06407277
Iteration 16, loss = 0.05510662
Iteration 17, loss = 0.04805952
Iteration 18, loss = 0.04171110
Iteration 19, loss = 0.03670140
Iteration 20, loss = 0.03274918
Iteration 21, loss = 0.02950045
Iteration 22, loss = 0.02670953
Iteration 23, loss = 0.02437933
Iteration 24, loss = 0.02214578
Iteration 25, loss = 0.02038159
Iteration 26, loss = 0.01866295
Iteration 27, loss = 0.01726858
Iteration 28, loss = 0.01594838
Iteration 29, loss = 0.01481083
Iteration 30, loss = 0.01376128
Iteration 31, loss = 0.01289836
Iteration 32, loss = 0.01205427
Iteration 33, loss = 0.01130834
Iteration 34, loss = 0.01064796
Iteration 35, loss = 0.01003624
Iteration 36, loss = 0.00949898
Iteration 37, loss = 0.00894260
Iteration 38, loss = 0.00854970
Iteration 39, loss = 0.00811674
Iteration 40, loss = 0.00772693
Iteration 41, loss = 0.00738643
Iteration 42, loss = 0.00706301
Iteration 43, loss = 0.00675248
Iteration 44, loss = 0.00646778
Iteration 45, loss = 0.00620500
Iteration 46, loss = 0.00595335
Iteration 47, loss = 0.00572381
Iteration 48, loss = 0.00552008
Iteration 49, loss = 0.00531276
Iteration 50, loss = 0.00510771
Iteration 51, loss = 0.00494120
Iteration 52, loss = 0.00476440
Iteration 53, loss = 0.00460341
Iteration 54, loss = 0.00443644
Iteration 55, loss = 0.00429111
Iteration 56, loss = 0.00415649
Iteration 57, loss = 0.00402859
Iteration 58, loss = 0.00389949
Iteration 59, loss = 0.00379163
Iteration 60, loss = 0.00367247
Iteration 61, loss = 0.00357974
Iteration 62, loss = 0.00348058
Iteration 63, loss = 0.00338974
Iteration 64, loss = 0.00329630
Iteration 65, loss = 0.00321496
Iteration 66, loss = 0.00313091
Iteration 67, loss = 0.00304756
Iteration 68, loss = 0.00298301
Iteration 69, loss = 0.00291096
Iteration 70, loss = 0.00284657
Iteration 71, loss = 0.00277214
Training loss did not improve more than tol=0.000100 for 10 consecutive epochs. Stopping.
fold=10/10 OOF_accuracy=0.666667 OOF_AUC=0.669856
Frozen Train OOF threshold=0.98381078243255615; objective=accuracy; OOF selection accuracy=0.763333
Iteration 1, loss = 0.66341583
Iteration 2, loss = 0.53248029
Iteration 3, loss = 0.44074668
Iteration 4, loss = 0.37231889
Iteration 5, loss = 0.31679645
Iteration 6, loss = 0.26721267
Iteration 7, loss = 0.22637728
Iteration 8, loss = 0.19198997
Iteration 9, loss = 0.16341226
Iteration 10, loss = 0.14016589
Iteration 11, loss = 0.12151099
Iteration 12, loss = 0.10575157
Iteration 13, loss = 0.09312327
Iteration 14, loss = 0.08181214
Iteration 15, loss = 0.07207727
Iteration 16, loss = 0.06357354
Iteration 17, loss = 0.05642440
Iteration 18, loss = 0.05002401
Iteration 19, loss = 0.04448073
Iteration 20, loss = 0.03974360
Iteration 21, loss = 0.03573702
Iteration 22, loss = 0.03218288
Iteration 23, loss = 0.02919921
Iteration 24, loss = 0.02651343
Iteration 25, loss = 0.02437064
Iteration 26, loss = 0.02262332
Iteration 27, loss = 0.02082496
Iteration 28, loss = 0.01944059
Iteration 29, loss = 0.01823520
Iteration 30, loss = 0.01705569
Iteration 31, loss = 0.01599241
Iteration 32, loss = 0.01518258
Iteration 33, loss = 0.01419811
Iteration 34, loss = 0.01349106
Iteration 35, loss = 0.01279601
Iteration 36, loss = 0.01216718
Iteration 37, loss = 0.01161306
Iteration 38, loss = 0.01117053
Iteration 39, loss = 0.01067211
Iteration 40, loss = 0.01021046
Iteration 41, loss = 0.00983887
Iteration 42, loss = 0.00950735
Iteration 43, loss = 0.00909860
Iteration 44, loss = 0.00886305
Iteration 45, loss = 0.00854576
Iteration 46, loss = 0.00826675
Iteration 47, loss = 0.00802913
Iteration 48, loss = 0.00780006
Iteration 49, loss = 0.00753633
Iteration 50, loss = 0.00733048
Iteration 51, loss = 0.00708636
Iteration 52, loss = 0.00690760
Iteration 53, loss = 0.00672444
Iteration 54, loss = 0.00651305
Iteration 55, loss = 0.00636039
Iteration 56, loss = 0.00618326
Iteration 57, loss = 0.00604023
Iteration 58, loss = 0.00587667
Iteration 59, loss = 0.00574409
Iteration 60, loss = 0.00560066
Iteration 61, loss = 0.00546334
Iteration 62, loss = 0.00532010
Iteration 63, loss = 0.00520625
Iteration 64, loss = 0.00508485
Iteration 65, loss = 0.00494587
Iteration 66, loss = 0.00485364
Iteration 67, loss = 0.00473426
Iteration 68, loss = 0.00461361
Iteration 69, loss = 0.00451603
Iteration 70, loss = 0.00439859
Iteration 71, loss = 0.00431467
Iteration 72, loss = 0.00425484
Iteration 73, loss = 0.00412977
Iteration 74, loss = 0.00407212
Iteration 75, loss = 0.00396017
Iteration 76, loss = 0.00384864
Iteration 77, loss = 0.00379992
Iteration 78, loss = 0.00370246
Iteration 79, loss = 0.00364759
Iteration 80, loss = 0.00357137
Iteration 81, loss = 0.00349194
Iteration 82, loss = 0.00342887
Iteration 83, loss = 0.00337134
Iteration 84, loss = 0.00330786
Iteration 85, loss = 0.00324694
Iteration 86, loss = 0.00319668
Iteration 87, loss = 0.00314316
Training loss did not improve more than tol=0.000100 for 10 consecutive epochs. Stopping.
{"cv_oof": {"accuracy": 0.7166666666666667, "balanced_accuracy": 0.689525462962963, "sensitivity": 0.5925925925925926, "specificity": 0.7864583333333334, "f1_macro": 0.6906503621210467, "roc_auc": 0.7381124614197531, "confusion_matrix": [[151, 41], [44, 64]], "classification_report": {"0": {"precision": 0.7743589743589744, "recall": 0.7864583333333334, "f1-score": 0.7803617571059431, "support": 192.0}, "1": {"precision": 0.6095238095238096, "recall": 0.5925925925925926, "f1-score": 0.6009389671361502, "support": 108.0}, "accuracy": 0.7166666666666667, "macro avg": {"precision": 0.6919413919413919, "recall": 0.689525462962963, "f1-score": 0.6906503621210467, "support": 300.0}, "weighted avg": {"precision": 0.7150183150183151, "recall": 0.7166666666666667, "f1-score": 0.7157695527168176, "support": 300.0}}}, "test": {"accuracy": 0.8493150684931506, "balanced_accuracy": 0.8228314238952537, "sensitivity": 0.7307692307692307, "specificity": 0.9148936170212766, "f1_macro": 0.8310540711129812, "roc_auc": 0.8559738134206218, "confusion_matrix": [[43, 4], [7, 19]], "classification_report": {"0": {"precision": 0.86, "recall": 0.9148936170212766, "f1-score": 0.8865979381443299, "support": 47.0}, "1": {"precision": 0.8260869565217391, "recall": 0.7307692307692307, "f1-score": 0.7755102040816326, "support": 26.0}, "accuracy": 0.8493150684931506, "macro avg": {"precision": 0.8430434782608696, "recall": 0.8228314238952537, "f1-score": 0.8310540711129812, "support": 73.0}, "weighted avg": {"precision": 0.847921381774866, "recall": 0.8493150684931506, "f1-score": 0.8470324438206295, "support": 73.0}}}, "folds": 10, "original_train_rows": 300, "train_rows": 384, "test_rows": 73, "elapsed_seconds": 2.6869999999180436, "test_default": {"accuracy": 0.726027397260274, "balanced_accuracy": 0.7270867430441899, "sensitivity": 0.7307692307692307, "specificity": 0.723404255319149, "f1_macro": 0.7139498432601881, "roc_auc": 0.8559738134206218, "confusion_matrix": [[34, 13], [7, 19]], "classification_report": {"0": {"precision": 0.8292682926829268, "recall": 0.723404255319149, "f1-score": 0.7727272727272727, "support": 47.0}, "1": {"precision": 0.59375, "recall": 0.7307692307692307, "f1-score": 0.6551724137931034, "support": 26.0}, "accuracy": 0.726027397260274, "macro avg": {"precision": 0.7115091463414633, "recall": 0.7270867430441899, "f1-score": 0.7139498432601881, "support": 73.0}, "weighted avg": {"precision": 0.7453850651520214, "recall": 0.726027397260274, "f1-score": 0.7308584188603083, "support": 73.0}}}, "decision_threshold": 0.9838107824325562, "oof_threshold_selection": {"accuracy": 0.7633333333333333, "balanced_accuracy": 0.7097800925925926, "sensitivity": 0.5185185185185185, "specificity": 0.9010416666666666, "f1_macro": 0.7208790344773361, "roc_auc": 0.7381124614197531, "confusion_matrix": [[173, 19], [52, 56]], "classification_report": {"0": {"precision": 0.7688888888888888, "recall": 0.9010416666666666, "f1-score": 0.829736211031175, "support": 192.0}, "1": {"precision": 0.7466666666666667, "recall": 0.5185185185185185, "f1-score": 0.6120218579234973, "support": 108.0}, "accuracy": 0.7633333333333333, "macro avg": {"precision": 0.7577777777777778, "recall": 0.7097800925925926, "f1-score": 0.7208790344773361, "support": 300.0}, "weighted avg": {"precision": 0.7608888888888888, "recall": 0.7633333333333333, "f1-score": 0.7513590439124109, "support": 300.0}}}, "test_accuracy_change": 0.12328767123287665}
