Command: ["C:\\Users\\IHCK\\AppData\\Local\\Programs\\Python\\Python312\\python.exe", "-u", "C:\\Users\\IHCK\\Desktop\\1_10_69Final\\Hippocampal-Shape-Analysis-for-Epilepsy-Detection\\Model\\train_dataset_model.py", "--dataset", "coef_raw_balanced_jitter", "--side", "right", "--model", "MobileNet", "--kind", "coef", "--train-csv", "C:\\Users\\IHCK\\Desktop\\1_10_69Final\\Hippocampal-Shape-Analysis-for-Epilepsy-Detection\\Output_Dataset\\coef_raw_balanced_jitter\\right\\train_prepared.csv", "--test-csv", "C:\\Users\\IHCK\\Desktop\\1_10_69Final\\Hippocampal-Shape-Analysis-for-Epilepsy-Detection\\Output_Dataset\\coef_raw_balanced_jitter\\right\\test_prepared.csv", "--output-dir", "C:\\Users\\IHCK\\Desktop\\1_10_69Final\\Hippocampal-Shape-Analysis-for-Epilepsy-Detection\\Model_Results\\dataset_runs_20261003_oof_threshold\\coef_raw_balanced_jitter\\right\\MobileNet", "--epochs", "80", "--folds", "10", "--pls-components", "8", "--seed", "42", "--threads", "2", "--tune-threshold"]
10-fold CV: dataset=coef_raw_balanced_jitter side=right model=MobileNet; original_train=300 test=77
Device=cuda; epochs=80; batch=32; model=MobileNetV2_1D
epoch=1/80 loss=0.544992 seconds=0.45
epoch=2/80 loss=0.230340 seconds=0.09
epoch=3/80 loss=0.089517 seconds=0.09
epoch=4/80 loss=0.049911 seconds=0.09
epoch=5/80 loss=0.036886 seconds=0.09
epoch=6/80 loss=0.029268 seconds=0.09
epoch=7/80 loss=0.023532 seconds=0.09
epoch=8/80 loss=0.013150 seconds=0.08
epoch=9/80 loss=0.013551 seconds=0.08
epoch=10/80 loss=0.012145 seconds=0.08
epoch=11/80 loss=0.009706 seconds=0.09
epoch=12/80 loss=0.006790 seconds=0.08
epoch=13/80 loss=0.006273 seconds=0.08
epoch=14/80 loss=0.005958 seconds=0.09
epoch=15/80 loss=0.004581 seconds=0.08
epoch=16/80 loss=0.004403 seconds=0.08
epoch=17/80 loss=0.004830 seconds=0.09
epoch=18/80 loss=0.004805 seconds=0.08
epoch=19/80 loss=0.004567 seconds=0.08
epoch=20/80 loss=0.008111 seconds=0.09
epoch=21/80 loss=0.042295 seconds=0.08
epoch=22/80 loss=0.010855 seconds=0.09
epoch=23/80 loss=0.010895 seconds=0.06
epoch=24/80 loss=0.013062 seconds=0.06
epoch=25/80 loss=0.031765 seconds=0.08
epoch=26/80 loss=0.038670 seconds=0.09
epoch=27/80 loss=0.052924 seconds=0.09
epoch=28/80 loss=0.039281 seconds=0.08
epoch=29/80 loss=0.023700 seconds=0.09
epoch=30/80 loss=0.017990 seconds=0.08
epoch=31/80 loss=0.026101 seconds=0.08
epoch=32/80 loss=0.002861 seconds=0.08
epoch=33/80 loss=0.007767 seconds=0.08
epoch=34/80 loss=0.003846 seconds=0.09
epoch=35/80 loss=0.001669 seconds=0.08
epoch=36/80 loss=0.002828 seconds=0.08
epoch=37/80 loss=0.002380 seconds=0.09
epoch=38/80 loss=0.002431 seconds=0.08
epoch=39/80 loss=0.001526 seconds=0.08
epoch=40/80 loss=0.001878 seconds=0.08
epoch=41/80 loss=0.010957 seconds=0.08
epoch=42/80 loss=0.001467 seconds=0.09
epoch=43/80 loss=0.004934 seconds=0.08
epoch=44/80 loss=0.022823 seconds=0.08
epoch=45/80 loss=0.046240 seconds=0.08
epoch=46/80 loss=0.030954 seconds=0.08
epoch=47/80 loss=0.007186 seconds=0.08
epoch=48/80 loss=0.008211 seconds=0.08
epoch=49/80 loss=0.003814 seconds=0.08
epoch=50/80 loss=0.005274 seconds=0.09
epoch=51/80 loss=0.002259 seconds=0.06
epoch=52/80 loss=0.001737 seconds=0.09
epoch=53/80 loss=0.001707 seconds=0.08
epoch=54/80 loss=0.001261 seconds=0.08
epoch=55/80 loss=0.001330 seconds=0.08
epoch=56/80 loss=0.001932 seconds=0.09
epoch=57/80 loss=0.002059 seconds=0.09
epoch=58/80 loss=0.001353 seconds=0.08
epoch=59/80 loss=0.000882 seconds=0.08
epoch=60/80 loss=0.005609 seconds=0.08
epoch=61/80 loss=0.000696 seconds=0.09
epoch=62/80 loss=0.000717 seconds=0.08
epoch=63/80 loss=0.000704 seconds=0.08
epoch=64/80 loss=0.000649 seconds=0.08
epoch=65/80 loss=0.000549 seconds=0.08
epoch=66/80 loss=0.001129 seconds=0.08
epoch=67/80 loss=0.002074 seconds=0.09
epoch=68/80 loss=0.000589 seconds=0.09
epoch=69/80 loss=0.000560 seconds=0.08
epoch=70/80 loss=0.000433 seconds=0.09
epoch=71/80 loss=0.000661 seconds=0.08
epoch=72/80 loss=0.000406 seconds=0.09
epoch=73/80 loss=0.000443 seconds=0.08
epoch=74/80 loss=0.000408 seconds=0.09
epoch=75/80 loss=0.003883 seconds=0.08
epoch=76/80 loss=0.000589 seconds=0.09
epoch=77/80 loss=0.000491 seconds=0.09
epoch=78/80 loss=0.000587 seconds=0.09
epoch=79/80 loss=0.000676 seconds=0.08
epoch=80/80 loss=0.000456 seconds=0.08
fold=1/10 OOF_accuracy=0.733333 OOF_AUC=0.852273
Device=cuda; epochs=80; batch=32; model=MobileNetV2_1D
epoch=1/80 loss=0.488712 seconds=0.08
epoch=2/80 loss=0.177413 seconds=0.08
epoch=3/80 loss=0.073909 seconds=0.08
epoch=4/80 loss=0.046250 seconds=0.08
epoch=5/80 loss=0.032386 seconds=0.09
epoch=6/80 loss=0.053431 seconds=0.08
epoch=7/80 loss=0.038533 seconds=0.08
epoch=8/80 loss=0.016211 seconds=0.08
epoch=9/80 loss=0.018936 seconds=0.08
epoch=10/80 loss=0.011732 seconds=0.08
epoch=11/80 loss=0.007778 seconds=0.08
epoch=12/80 loss=0.005548 seconds=0.12
epoch=13/80 loss=0.005488 seconds=0.08
epoch=14/80 loss=0.005624 seconds=0.09
epoch=15/80 loss=0.004463 seconds=0.08
epoch=16/80 loss=0.003851 seconds=0.08
epoch=17/80 loss=0.004954 seconds=0.09
epoch=18/80 loss=0.004357 seconds=0.09
epoch=19/80 loss=0.003731 seconds=0.08
epoch=20/80 loss=0.006595 seconds=0.09
epoch=21/80 loss=0.054531 seconds=0.08
epoch=22/80 loss=0.037742 seconds=0.08
epoch=23/80 loss=0.023204 seconds=0.11
epoch=24/80 loss=0.016237 seconds=0.09
epoch=25/80 loss=0.044720 seconds=0.09
epoch=26/80 loss=0.034657 seconds=0.08
epoch=27/80 loss=0.113947 seconds=0.09
epoch=28/80 loss=0.060566 seconds=0.08
epoch=29/80 loss=0.010231 seconds=0.09
epoch=30/80 loss=0.005697 seconds=0.09
epoch=31/80 loss=0.006650 seconds=0.08
epoch=32/80 loss=0.003302 seconds=0.09
epoch=33/80 loss=0.005449 seconds=0.09
epoch=34/80 loss=0.002920 seconds=0.08
epoch=35/80 loss=0.001680 seconds=0.09
epoch=36/80 loss=0.002835 seconds=0.09
epoch=37/80 loss=0.001628 seconds=0.08
epoch=38/80 loss=0.001644 seconds=0.09
epoch=39/80 loss=0.001490 seconds=0.08
epoch=40/80 loss=0.008696 seconds=0.09
epoch=41/80 loss=0.003161 seconds=0.09
epoch=42/80 loss=0.001357 seconds=0.09
epoch=43/80 loss=0.003875 seconds=0.08
epoch=44/80 loss=0.002367 seconds=0.09
epoch=45/80 loss=0.003242 seconds=0.08
epoch=46/80 loss=0.003233 seconds=0.08
epoch=47/80 loss=0.000864 seconds=0.08
epoch=48/80 loss=0.003011 seconds=0.08
epoch=49/80 loss=0.013714 seconds=0.09
epoch=50/80 loss=0.015507 seconds=0.09
epoch=51/80 loss=0.008471 seconds=0.08
epoch=52/80 loss=0.019725 seconds=0.09
epoch=53/80 loss=0.002836 seconds=0.08
epoch=54/80 loss=0.032200 seconds=0.09
epoch=55/80 loss=0.030318 seconds=0.08
epoch=56/80 loss=0.016982 seconds=0.09
epoch=57/80 loss=0.002850 seconds=0.09
epoch=58/80 loss=0.011303 seconds=0.08
epoch=59/80 loss=0.002400 seconds=0.09
epoch=60/80 loss=0.008664 seconds=0.08
epoch=61/80 loss=0.001976 seconds=0.09
epoch=62/80 loss=0.001931 seconds=0.09
epoch=63/80 loss=0.000870 seconds=0.08
epoch=64/80 loss=0.000729 seconds=0.08
epoch=65/80 loss=0.000643 seconds=0.08
epoch=66/80 loss=0.000968 seconds=0.09
epoch=67/80 loss=0.000810 seconds=0.08
epoch=68/80 loss=0.000670 seconds=0.08
epoch=69/80 loss=0.000648 seconds=0.08
epoch=70/80 loss=0.000498 seconds=0.09
epoch=71/80 loss=0.000484 seconds=0.08
epoch=72/80 loss=0.000629 seconds=0.08
epoch=73/80 loss=0.000584 seconds=0.09
epoch=74/80 loss=0.000459 seconds=0.11
epoch=75/80 loss=0.003821 seconds=0.09
epoch=76/80 loss=0.000548 seconds=0.09
epoch=77/80 loss=0.000436 seconds=0.08
epoch=78/80 loss=0.000911 seconds=0.08
epoch=79/80 loss=0.000884 seconds=0.09
epoch=80/80 loss=0.000503 seconds=0.08
fold=2/10 OOF_accuracy=0.866667 OOF_AUC=0.937500
Device=cuda; epochs=80; batch=32; model=MobileNetV2_1D
epoch=1/80 loss=0.510073 seconds=0.08
epoch=2/80 loss=0.180900 seconds=0.09
epoch=3/80 loss=0.078936 seconds=0.09
epoch=4/80 loss=0.047772 seconds=0.09
epoch=5/80 loss=0.031219 seconds=0.08
epoch=6/80 loss=0.027799 seconds=0.09
epoch=7/80 loss=0.019924 seconds=0.09
epoch=8/80 loss=0.012345 seconds=0.08
epoch=9/80 loss=0.014724 seconds=0.09
epoch=10/80 loss=0.012482 seconds=0.08
epoch=11/80 loss=0.008385 seconds=0.09
epoch=12/80 loss=0.007481 seconds=0.08
epoch=13/80 loss=0.005929 seconds=0.08
epoch=14/80 loss=0.004769 seconds=0.08
epoch=15/80 loss=0.003790 seconds=0.08
epoch=16/80 loss=0.003687 seconds=0.11
epoch=17/80 loss=0.003788 seconds=0.08
epoch=18/80 loss=0.003500 seconds=0.09
epoch=19/80 loss=0.003154 seconds=0.08
epoch=20/80 loss=0.010552 seconds=0.09
epoch=21/80 loss=0.019294 seconds=0.09
epoch=22/80 loss=0.033630 seconds=0.09
epoch=23/80 loss=0.039924 seconds=0.09
epoch=24/80 loss=0.028959 seconds=0.08
epoch=25/80 loss=0.023815 seconds=0.08
epoch=26/80 loss=0.018375 seconds=0.09
epoch=27/80 loss=0.071343 seconds=0.08
epoch=28/80 loss=0.056247 seconds=0.09
epoch=29/80 loss=0.016109 seconds=0.08
epoch=30/80 loss=0.009672 seconds=0.09
epoch=31/80 loss=0.006746 seconds=0.09
epoch=32/80 loss=0.003608 seconds=0.08
epoch=33/80 loss=0.004548 seconds=0.08
epoch=34/80 loss=0.002483 seconds=0.08
epoch=35/80 loss=0.001165 seconds=0.08
epoch=36/80 loss=0.002190 seconds=0.08
epoch=37/80 loss=0.001204 seconds=0.08
epoch=38/80 loss=0.001562 seconds=0.08
epoch=39/80 loss=0.001290 seconds=0.09
epoch=40/80 loss=0.001428 seconds=0.08
epoch=41/80 loss=0.001777 seconds=0.08
epoch=42/80 loss=0.000952 seconds=0.09
epoch=43/80 loss=0.001361 seconds=0.09
epoch=44/80 loss=0.001595 seconds=0.09
epoch=45/80 loss=0.002431 seconds=0.08
epoch=46/80 loss=0.005007 seconds=0.08
epoch=47/80 loss=0.001537 seconds=0.09
epoch=48/80 loss=0.001400 seconds=0.08
epoch=49/80 loss=0.001168 seconds=0.08
epoch=50/80 loss=0.001858 seconds=0.08
epoch=51/80 loss=0.000702 seconds=0.08
epoch=52/80 loss=0.000971 seconds=0.09
epoch=53/80 loss=0.000830 seconds=0.08
epoch=54/80 loss=0.000751 seconds=0.08
epoch=55/80 loss=0.000840 seconds=0.08
epoch=56/80 loss=0.000615 seconds=0.06
epoch=57/80 loss=0.008565 seconds=0.08
epoch=58/80 loss=0.069026 seconds=0.08
epoch=59/80 loss=0.049620 seconds=0.08
epoch=60/80 loss=0.038389 seconds=0.08
epoch=61/80 loss=0.015347 seconds=0.08
epoch=62/80 loss=0.005996 seconds=0.09
epoch=63/80 loss=0.003912 seconds=0.08
epoch=64/80 loss=0.002071 seconds=0.09
epoch=65/80 loss=0.001258 seconds=0.08
epoch=66/80 loss=0.003336 seconds=0.08
epoch=67/80 loss=0.002055 seconds=0.09
epoch=68/80 loss=0.009273 seconds=0.09
epoch=69/80 loss=0.012486 seconds=0.09
epoch=70/80 loss=0.003354 seconds=0.09
epoch=71/80 loss=0.003329 seconds=0.08
epoch=72/80 loss=0.001777 seconds=0.09
epoch=73/80 loss=0.001096 seconds=0.08
epoch=74/80 loss=0.000758 seconds=0.08
epoch=75/80 loss=0.006338 seconds=0.09
epoch=76/80 loss=0.005089 seconds=0.09
epoch=77/80 loss=0.001002 seconds=0.09
epoch=78/80 loss=0.001167 seconds=0.08
epoch=79/80 loss=0.006027 seconds=0.11
epoch=80/80 loss=0.031220 seconds=0.09
fold=3/10 OOF_accuracy=0.833333 OOF_AUC=0.687500
Device=cuda; epochs=80; batch=32; model=MobileNetV2_1D
epoch=1/80 loss=0.516918 seconds=0.09
epoch=2/80 loss=0.197944 seconds=0.08
epoch=3/80 loss=0.086274 seconds=0.09
epoch=4/80 loss=0.050462 seconds=0.08
epoch=5/80 loss=0.036975 seconds=0.09
epoch=6/80 loss=0.028168 seconds=0.09
epoch=7/80 loss=0.024870 seconds=0.08
epoch=8/80 loss=0.022610 seconds=0.09
epoch=9/80 loss=0.023136 seconds=0.08
epoch=10/80 loss=0.024991 seconds=0.11
epoch=11/80 loss=0.010844 seconds=0.08
epoch=12/80 loss=0.006988 seconds=0.11
epoch=13/80 loss=0.007166 seconds=0.09
epoch=14/80 loss=0.005708 seconds=0.09
epoch=15/80 loss=0.003977 seconds=0.08
epoch=16/80 loss=0.003936 seconds=0.09
epoch=17/80 loss=0.005665 seconds=0.09
epoch=18/80 loss=0.005280 seconds=0.09
epoch=19/80 loss=0.017348 seconds=0.08
epoch=20/80 loss=0.017443 seconds=0.09
epoch=21/80 loss=0.056583 seconds=0.09
epoch=22/80 loss=0.033231 seconds=0.08
epoch=23/80 loss=0.019784 seconds=0.09
epoch=24/80 loss=0.005612 seconds=0.08
epoch=25/80 loss=0.014101 seconds=0.09
epoch=26/80 loss=0.019099 seconds=0.09
epoch=27/80 loss=0.016851 seconds=0.09
epoch=28/80 loss=0.027043 seconds=0.09
epoch=29/80 loss=0.008911 seconds=0.09
epoch=30/80 loss=0.012828 seconds=0.09
epoch=31/80 loss=0.019442 seconds=0.11
epoch=32/80 loss=0.029534 seconds=0.09
epoch=33/80 loss=0.013257 seconds=0.09
epoch=34/80 loss=0.007503 seconds=0.08
epoch=35/80 loss=0.001899 seconds=0.11
epoch=36/80 loss=0.002460 seconds=0.09
epoch=37/80 loss=0.002344 seconds=0.08
epoch=38/80 loss=0.003140 seconds=0.09
epoch=39/80 loss=0.001427 seconds=0.09
epoch=40/80 loss=0.003060 seconds=0.09
epoch=41/80 loss=0.002073 seconds=0.09
epoch=42/80 loss=0.000923 seconds=0.09
epoch=43/80 loss=0.001623 seconds=0.11
epoch=44/80 loss=0.001180 seconds=0.09
epoch=45/80 loss=0.002476 seconds=0.11
epoch=46/80 loss=0.000794 seconds=0.09
epoch=47/80 loss=0.000479 seconds=0.11
epoch=48/80 loss=0.000797 seconds=0.12
epoch=49/80 loss=0.000853 seconds=0.09
epoch=50/80 loss=0.000677 seconds=0.08
epoch=51/80 loss=0.000464 seconds=0.09
epoch=52/80 loss=0.000640 seconds=0.11
epoch=53/80 loss=0.000501 seconds=0.09
epoch=54/80 loss=0.000563 seconds=0.09
epoch=55/80 loss=0.000551 seconds=0.09
epoch=56/80 loss=0.000391 seconds=0.09
epoch=57/80 loss=0.004197 seconds=0.09
epoch=58/80 loss=0.066145 seconds=0.08
epoch=59/80 loss=0.027650 seconds=0.09
epoch=60/80 loss=0.025599 seconds=0.08
epoch=61/80 loss=0.005281 seconds=0.09
epoch=62/80 loss=0.003258 seconds=0.08
epoch=63/80 loss=0.001879 seconds=0.08
epoch=64/80 loss=0.001060 seconds=0.08
epoch=65/80 loss=0.001496 seconds=0.09
epoch=66/80 loss=0.011152 seconds=0.08
epoch=67/80 loss=0.003439 seconds=0.08
epoch=68/80 loss=0.001187 seconds=0.09
epoch=69/80 loss=0.001241 seconds=0.08
epoch=70/80 loss=0.001100 seconds=0.08
epoch=71/80 loss=0.000696 seconds=0.09
epoch=72/80 loss=0.000625 seconds=0.08
epoch=73/80 loss=0.000582 seconds=0.08
epoch=74/80 loss=0.000420 seconds=0.08
epoch=75/80 loss=0.001598 seconds=0.08
epoch=76/80 loss=0.000776 seconds=0.09
epoch=77/80 loss=0.000499 seconds=0.08
epoch=78/80 loss=0.000574 seconds=0.08
epoch=79/80 loss=0.000990 seconds=0.08
epoch=80/80 loss=0.001254 seconds=0.09
fold=4/10 OOF_accuracy=0.866667 OOF_AUC=0.795455
Device=cuda; epochs=80; batch=32; model=MobileNetV2_1D
epoch=1/80 loss=0.525962 seconds=0.08
epoch=2/80 loss=0.209502 seconds=0.09
epoch=3/80 loss=0.088957 seconds=0.11
epoch=4/80 loss=0.054309 seconds=0.08
epoch=5/80 loss=0.031174 seconds=0.08
epoch=6/80 loss=0.027680 seconds=0.09
epoch=7/80 loss=0.019080 seconds=0.08
epoch=8/80 loss=0.018501 seconds=0.08
epoch=9/80 loss=0.019337 seconds=0.09
epoch=10/80 loss=0.016544 seconds=0.08
epoch=11/80 loss=0.017981 seconds=0.08
epoch=12/80 loss=0.010296 seconds=0.08
epoch=13/80 loss=0.007938 seconds=0.09
epoch=14/80 loss=0.007827 seconds=0.09
epoch=15/80 loss=0.004788 seconds=0.09
epoch=16/80 loss=0.004708 seconds=0.08
epoch=17/80 loss=0.004819 seconds=0.09
epoch=18/80 loss=0.004196 seconds=0.09
epoch=19/80 loss=0.003440 seconds=0.08
epoch=20/80 loss=0.007110 seconds=0.09
epoch=21/80 loss=0.038577 seconds=0.08
epoch=22/80 loss=0.024347 seconds=0.08
epoch=23/80 loss=0.010964 seconds=0.09
epoch=24/80 loss=0.005793 seconds=0.08
epoch=25/80 loss=0.009487 seconds=0.09
epoch=26/80 loss=0.024090 seconds=0.09
epoch=27/80 loss=0.035394 seconds=0.08
epoch=28/80 loss=0.047859 seconds=0.08
epoch=29/80 loss=0.039033 seconds=0.08
epoch=30/80 loss=0.020629 seconds=0.09
epoch=31/80 loss=0.017097 seconds=0.08
epoch=32/80 loss=0.004360 seconds=0.08
epoch=33/80 loss=0.008886 seconds=0.09
epoch=34/80 loss=0.007377 seconds=0.09
epoch=35/80 loss=0.001971 seconds=0.08
epoch=36/80 loss=0.004512 seconds=0.08
epoch=37/80 loss=0.001917 seconds=0.09
epoch=38/80 loss=0.001689 seconds=0.09
epoch=39/80 loss=0.001222 seconds=0.08
epoch=40/80 loss=0.001663 seconds=0.09
epoch=41/80 loss=0.004476 seconds=0.08
epoch=42/80 loss=0.002574 seconds=0.08
epoch=43/80 loss=0.001688 seconds=0.09
epoch=44/80 loss=0.001424 seconds=0.09
epoch=45/80 loss=0.003053 seconds=0.08
epoch=46/80 loss=0.010487 seconds=0.08
epoch=47/80 loss=0.010752 seconds=0.09
epoch=48/80 loss=0.015792 seconds=0.06
epoch=49/80 loss=0.017602 seconds=0.09
epoch=50/80 loss=0.004090 seconds=0.09
epoch=51/80 loss=0.003848 seconds=0.09
epoch=52/80 loss=0.001131 seconds=0.09
epoch=53/80 loss=0.001251 seconds=0.09
epoch=54/80 loss=0.000970 seconds=0.08
epoch=55/80 loss=0.000981 seconds=0.08
epoch=56/80 loss=0.000648 seconds=0.08
epoch=57/80 loss=0.002504 seconds=0.08
epoch=58/80 loss=0.019389 seconds=0.09
epoch=59/80 loss=0.041402 seconds=0.08
epoch=60/80 loss=0.012564 seconds=0.09
epoch=61/80 loss=0.012093 seconds=0.08
epoch=62/80 loss=0.003542 seconds=0.09
epoch=63/80 loss=0.001452 seconds=0.08
epoch=64/80 loss=0.001419 seconds=0.09
epoch=65/80 loss=0.000856 seconds=0.08
epoch=66/80 loss=0.001334 seconds=0.08
epoch=67/80 loss=0.000864 seconds=0.08
epoch=68/80 loss=0.001114 seconds=0.08
epoch=69/80 loss=0.000764 seconds=0.08
epoch=70/80 loss=0.000717 seconds=0.09
epoch=71/80 loss=0.000959 seconds=0.06
epoch=72/80 loss=0.001366 seconds=0.09
epoch=73/80 loss=0.001001 seconds=0.09
epoch=74/80 loss=0.000829 seconds=0.08
epoch=75/80 loss=0.003444 seconds=0.09
epoch=76/80 loss=0.001343 seconds=0.08
epoch=77/80 loss=0.008720 seconds=0.09
epoch=78/80 loss=0.001595 seconds=0.11
epoch=79/80 loss=0.006155 seconds=0.08
epoch=80/80 loss=0.004100 seconds=0.09
fold=5/10 OOF_accuracy=0.866667 OOF_AUC=0.920455
Device=cuda; epochs=80; batch=32; model=MobileNetV2_1D
epoch=1/80 loss=0.520196 seconds=0.09
epoch=2/80 loss=0.211516 seconds=0.08
epoch=3/80 loss=0.091491 seconds=0.09
epoch=4/80 loss=0.053093 seconds=0.08
epoch=5/80 loss=0.044143 seconds=0.08
epoch=6/80 loss=0.035381 seconds=0.08
epoch=7/80 loss=0.037186 seconds=0.08
epoch=8/80 loss=0.017820 seconds=0.09
epoch=9/80 loss=0.021092 seconds=0.09
epoch=10/80 loss=0.010685 seconds=0.08
epoch=11/80 loss=0.007900 seconds=0.09
epoch=12/80 loss=0.006339 seconds=0.09
epoch=13/80 loss=0.006178 seconds=0.11
epoch=14/80 loss=0.006500 seconds=0.09
epoch=15/80 loss=0.005544 seconds=0.09
epoch=16/80 loss=0.006873 seconds=0.09
epoch=17/80 loss=0.009591 seconds=0.08
epoch=18/80 loss=0.008820 seconds=0.09
epoch=19/80 loss=0.028569 seconds=0.08
epoch=20/80 loss=0.023075 seconds=0.09
epoch=21/80 loss=0.035414 seconds=0.09
epoch=22/80 loss=0.037159 seconds=0.09
epoch=23/80 loss=0.016474 seconds=0.08
epoch=24/80 loss=0.027711 seconds=0.09
epoch=25/80 loss=0.023723 seconds=0.08
epoch=26/80 loss=0.009569 seconds=0.08
epoch=27/80 loss=0.010313 seconds=0.09
epoch=28/80 loss=0.007026 seconds=0.08
epoch=29/80 loss=0.004059 seconds=0.08
epoch=30/80 loss=0.002060 seconds=0.08
epoch=31/80 loss=0.002435 seconds=0.08
epoch=32/80 loss=0.001294 seconds=0.08
epoch=33/80 loss=0.004001 seconds=0.08
epoch=34/80 loss=0.002189 seconds=0.08
epoch=35/80 loss=0.000805 seconds=0.08
epoch=36/80 loss=0.002082 seconds=0.08
epoch=37/80 loss=0.000981 seconds=0.08
epoch=38/80 loss=0.001007 seconds=0.08
epoch=39/80 loss=0.001048 seconds=0.09
epoch=40/80 loss=0.001115 seconds=0.09
epoch=41/80 loss=0.001430 seconds=0.08
epoch=42/80 loss=0.000668 seconds=0.08
epoch=43/80 loss=0.001170 seconds=0.09
epoch=44/80 loss=0.005171 seconds=0.08
epoch=45/80 loss=0.046665 seconds=0.08
epoch=46/80 loss=0.016332 seconds=0.08
epoch=47/80 loss=0.009467 seconds=0.09
epoch=48/80 loss=0.022700 seconds=0.09
epoch=49/80 loss=0.034161 seconds=0.08
epoch=50/80 loss=0.010817 seconds=0.08
epoch=51/80 loss=0.022271 seconds=0.09
epoch=52/80 loss=0.015660 seconds=0.08
epoch=53/80 loss=0.006210 seconds=0.09
epoch=54/80 loss=0.016727 seconds=0.08
epoch=55/80 loss=0.001574 seconds=0.08
epoch=56/80 loss=0.001104 seconds=0.08
epoch=57/80 loss=0.021377 seconds=0.08
epoch=58/80 loss=0.057473 seconds=0.08
epoch=59/80 loss=0.002760 seconds=0.08
epoch=60/80 loss=0.012855 seconds=0.08
epoch=61/80 loss=0.015769 seconds=0.09
epoch=62/80 loss=0.002329 seconds=0.08
epoch=63/80 loss=0.002549 seconds=0.08
epoch=64/80 loss=0.002332 seconds=0.08
epoch=65/80 loss=0.001817 seconds=0.08
epoch=66/80 loss=0.003162 seconds=0.08
epoch=67/80 loss=0.001251 seconds=0.09
epoch=68/80 loss=0.001158 seconds=0.09
epoch=69/80 loss=0.000950 seconds=0.08
epoch=70/80 loss=0.002603 seconds=0.08
epoch=71/80 loss=0.000792 seconds=0.08
epoch=72/80 loss=0.001112 seconds=0.08
epoch=73/80 loss=0.000716 seconds=0.11
epoch=74/80 loss=0.005160 seconds=0.08
epoch=75/80 loss=0.006854 seconds=0.08
epoch=76/80 loss=0.041537 seconds=0.08
epoch=77/80 loss=0.003800 seconds=0.08
epoch=78/80 loss=0.002547 seconds=0.08
epoch=79/80 loss=0.001759 seconds=0.08
epoch=80/80 loss=0.001294 seconds=0.09
fold=6/10 OOF_accuracy=0.900000 OOF_AUC=0.977273
Device=cuda; epochs=80; batch=32; model=MobileNetV2_1D
epoch=1/80 loss=0.520131 seconds=0.08
epoch=2/80 loss=0.212545 seconds=0.08
epoch=3/80 loss=0.086065 seconds=0.08
epoch=4/80 loss=0.050092 seconds=0.09
epoch=5/80 loss=0.037166 seconds=0.11
epoch=6/80 loss=0.026078 seconds=0.08
epoch=7/80 loss=0.019101 seconds=0.08
epoch=8/80 loss=0.011770 seconds=0.09
epoch=9/80 loss=0.012254 seconds=0.09
epoch=10/80 loss=0.010486 seconds=0.09
epoch=11/80 loss=0.010983 seconds=0.08
epoch=12/80 loss=0.007516 seconds=0.09
epoch=13/80 loss=0.006364 seconds=0.09
epoch=14/80 loss=0.005358 seconds=0.08
epoch=15/80 loss=0.004070 seconds=0.08
epoch=16/80 loss=0.004201 seconds=0.09
epoch=17/80 loss=0.004406 seconds=0.09
epoch=18/80 loss=0.004440 seconds=0.12
epoch=19/80 loss=0.003501 seconds=0.11
epoch=20/80 loss=0.013077 seconds=0.08
epoch=21/80 loss=0.082316 seconds=0.08
epoch=22/80 loss=0.066379 seconds=0.08
epoch=23/80 loss=0.036879 seconds=0.08
epoch=24/80 loss=0.021395 seconds=0.08
epoch=25/80 loss=0.028839 seconds=0.08
epoch=26/80 loss=0.015101 seconds=0.09
epoch=27/80 loss=0.013069 seconds=0.08
epoch=28/80 loss=0.026770 seconds=0.08
epoch=29/80 loss=0.005485 seconds=0.08
epoch=30/80 loss=0.005241 seconds=0.08
epoch=31/80 loss=0.006436 seconds=0.09
epoch=32/80 loss=0.002038 seconds=0.09
epoch=33/80 loss=0.005886 seconds=0.09
epoch=34/80 loss=0.002262 seconds=0.09
epoch=35/80 loss=0.001291 seconds=0.09
epoch=36/80 loss=0.004199 seconds=0.09
epoch=37/80 loss=0.002860 seconds=0.09
epoch=38/80 loss=0.001862 seconds=0.09
epoch=39/80 loss=0.001431 seconds=0.09
epoch=40/80 loss=0.001870 seconds=0.08
epoch=41/80 loss=0.002155 seconds=0.08
epoch=42/80 loss=0.000903 seconds=0.08
epoch=43/80 loss=0.001276 seconds=0.08
epoch=44/80 loss=0.001354 seconds=0.11
epoch=45/80 loss=0.003101 seconds=0.08
epoch=46/80 loss=0.001043 seconds=0.08
epoch=47/80 loss=0.000546 seconds=0.09
epoch=48/80 loss=0.001037 seconds=0.08
epoch=49/80 loss=0.000845 seconds=0.09
epoch=50/80 loss=0.001352 seconds=0.08
epoch=51/80 loss=0.000615 seconds=0.08
epoch=52/80 loss=0.000701 seconds=0.08
epoch=53/80 loss=0.000707 seconds=0.08
epoch=54/80 loss=0.000922 seconds=0.08
epoch=55/80 loss=0.000732 seconds=0.09
epoch=56/80 loss=0.000476 seconds=0.08
epoch=57/80 loss=0.001585 seconds=0.08
epoch=58/80 loss=0.014386 seconds=0.08
epoch=59/80 loss=0.004838 seconds=0.08
epoch=60/80 loss=0.017783 seconds=0.09
epoch=61/80 loss=0.009401 seconds=0.09
epoch=62/80 loss=0.004806 seconds=0.08
epoch=63/80 loss=0.003765 seconds=0.08
epoch=64/80 loss=0.001885 seconds=0.08
epoch=65/80 loss=0.001470 seconds=0.08
epoch=66/80 loss=0.007015 seconds=0.08
epoch=67/80 loss=0.002070 seconds=0.08
epoch=68/80 loss=0.001594 seconds=0.08
epoch=69/80 loss=0.000853 seconds=0.11
epoch=70/80 loss=0.000671 seconds=0.08
epoch=71/80 loss=0.000794 seconds=0.08
epoch=72/80 loss=0.004554 seconds=0.09
epoch=73/80 loss=0.015869 seconds=0.08
epoch=74/80 loss=0.034456 seconds=0.08
epoch=75/80 loss=0.025651 seconds=0.08
epoch=76/80 loss=0.016959 seconds=0.09
epoch=77/80 loss=0.007376 seconds=0.08
epoch=78/80 loss=0.004460 seconds=0.09
epoch=79/80 loss=0.014189 seconds=0.09
epoch=80/80 loss=0.034307 seconds=0.08
fold=7/10 OOF_accuracy=0.866667 OOF_AUC=0.897727
Device=cuda; epochs=80; batch=32; model=MobileNetV2_1D
epoch=1/80 loss=0.490698 seconds=0.09
epoch=2/80 loss=0.162920 seconds=0.08
epoch=3/80 loss=0.068334 seconds=0.09
epoch=4/80 loss=0.040662 seconds=0.08
epoch=5/80 loss=0.030295 seconds=0.08
epoch=6/80 loss=0.024727 seconds=0.08
epoch=7/80 loss=0.018538 seconds=0.08
epoch=8/80 loss=0.010810 seconds=0.08
epoch=9/80 loss=0.011513 seconds=0.09
epoch=10/80 loss=0.007927 seconds=0.09
epoch=11/80 loss=0.006589 seconds=0.08
epoch=12/80 loss=0.005449 seconds=0.08
epoch=13/80 loss=0.005620 seconds=0.08
epoch=14/80 loss=0.004728 seconds=0.09
epoch=15/80 loss=0.003539 seconds=0.09
epoch=16/80 loss=0.003332 seconds=0.08
epoch=17/80 loss=0.003616 seconds=0.08
epoch=18/80 loss=0.003397 seconds=0.09
epoch=19/80 loss=0.003492 seconds=0.09
epoch=20/80 loss=0.009787 seconds=0.09
epoch=21/80 loss=0.082436 seconds=0.09
epoch=22/80 loss=0.027033 seconds=0.08
epoch=23/80 loss=0.016394 seconds=0.08
epoch=24/80 loss=0.017960 seconds=0.08
epoch=25/80 loss=0.012727 seconds=0.09
epoch=26/80 loss=0.003412 seconds=0.08
epoch=27/80 loss=0.006460 seconds=0.08
epoch=28/80 loss=0.042095 seconds=0.08
epoch=29/80 loss=0.004721 seconds=0.09
epoch=30/80 loss=0.002924 seconds=0.08
epoch=31/80 loss=0.003180 seconds=0.09
epoch=32/80 loss=0.001404 seconds=0.08
epoch=33/80 loss=0.003226 seconds=0.09
epoch=34/80 loss=0.001502 seconds=0.08
epoch=35/80 loss=0.000854 seconds=0.08
epoch=36/80 loss=0.001823 seconds=0.09
epoch=37/80 loss=0.000896 seconds=0.08
epoch=38/80 loss=0.002369 seconds=0.09
epoch=39/80 loss=0.001450 seconds=0.09
epoch=40/80 loss=0.001433 seconds=0.08
epoch=41/80 loss=0.001405 seconds=0.09
epoch=42/80 loss=0.000665 seconds=0.08
epoch=43/80 loss=0.001150 seconds=0.08
epoch=44/80 loss=0.000932 seconds=0.08
epoch=45/80 loss=0.001180 seconds=0.09
epoch=46/80 loss=0.000637 seconds=0.09
epoch=47/80 loss=0.000431 seconds=0.09
epoch=48/80 loss=0.000770 seconds=0.08
epoch=49/80 loss=0.000718 seconds=0.11
epoch=50/80 loss=0.000703 seconds=0.09
epoch=51/80 loss=0.000448 seconds=0.09
epoch=52/80 loss=0.000579 seconds=0.09
epoch=53/80 loss=0.000501 seconds=0.08
epoch=54/80 loss=0.000570 seconds=0.08
epoch=55/80 loss=0.000512 seconds=0.09
epoch=56/80 loss=0.000367 seconds=0.08
epoch=57/80 loss=0.001357 seconds=0.08
epoch=58/80 loss=0.003530 seconds=0.08
epoch=59/80 loss=0.000864 seconds=0.08
epoch=60/80 loss=0.006835 seconds=0.09
epoch=61/80 loss=0.001750 seconds=0.09
epoch=62/80 loss=0.000833 seconds=0.09
epoch=63/80 loss=0.000874 seconds=0.08
epoch=64/80 loss=0.000545 seconds=0.08
epoch=65/80 loss=0.002082 seconds=0.09
epoch=66/80 loss=0.009858 seconds=0.08
epoch=67/80 loss=0.001431 seconds=0.09
epoch=68/80 loss=0.005694 seconds=0.08
epoch=69/80 loss=0.010440 seconds=0.09
epoch=70/80 loss=0.028988 seconds=0.09
epoch=71/80 loss=0.013877 seconds=0.08
epoch=72/80 loss=0.007470 seconds=0.08
epoch=73/80 loss=0.017608 seconds=0.09
epoch=74/80 loss=0.043544 seconds=0.08
epoch=75/80 loss=0.015542 seconds=0.09
epoch=76/80 loss=0.017290 seconds=0.08
epoch=77/80 loss=0.008833 seconds=0.08
epoch=78/80 loss=0.005572 seconds=0.08
epoch=79/80 loss=0.006438 seconds=0.08
epoch=80/80 loss=0.018368 seconds=0.08
fold=8/10 OOF_accuracy=0.866667 OOF_AUC=0.846591
Device=cuda; epochs=80; batch=32; model=MobileNetV2_1D
epoch=1/80 loss=0.507533 seconds=0.08
epoch=2/80 loss=0.197835 seconds=0.08
epoch=3/80 loss=0.083070 seconds=0.09
epoch=4/80 loss=0.051209 seconds=0.06
epoch=5/80 loss=0.040956 seconds=0.08
epoch=6/80 loss=0.035560 seconds=0.09
epoch=7/80 loss=0.026171 seconds=0.08
epoch=8/80 loss=0.016058 seconds=0.08
epoch=9/80 loss=0.033412 seconds=0.08
epoch=10/80 loss=0.022648 seconds=0.09
epoch=11/80 loss=0.014887 seconds=0.08
epoch=12/80 loss=0.010172 seconds=0.08
epoch=13/80 loss=0.026428 seconds=0.08
epoch=14/80 loss=0.022147 seconds=0.09
epoch=15/80 loss=0.011912 seconds=0.08
epoch=16/80 loss=0.005643 seconds=0.08
epoch=17/80 loss=0.025630 seconds=0.09
epoch=18/80 loss=0.009430 seconds=0.06
epoch=19/80 loss=0.007157 seconds=0.08
epoch=20/80 loss=0.015988 seconds=0.09
epoch=21/80 loss=0.060467 seconds=0.08
epoch=22/80 loss=0.032344 seconds=0.09
epoch=23/80 loss=0.052843 seconds=0.08
epoch=24/80 loss=0.030618 seconds=0.08
epoch=25/80 loss=0.040990 seconds=0.08
epoch=26/80 loss=0.009920 seconds=0.09
epoch=27/80 loss=0.015329 seconds=0.08
epoch=28/80 loss=0.057365 seconds=0.08
epoch=29/80 loss=0.005979 seconds=0.08
epoch=30/80 loss=0.008379 seconds=0.08
epoch=31/80 loss=0.008537 seconds=0.08
epoch=32/80 loss=0.002696 seconds=0.08
epoch=33/80 loss=0.004696 seconds=0.09
epoch=34/80 loss=0.002528 seconds=0.08
epoch=35/80 loss=0.001469 seconds=0.09
epoch=36/80 loss=0.002620 seconds=0.08
epoch=37/80 loss=0.001584 seconds=0.08
epoch=38/80 loss=0.001556 seconds=0.08
epoch=39/80 loss=0.006560 seconds=0.08
epoch=40/80 loss=0.044161 seconds=0.08
epoch=41/80 loss=0.008748 seconds=0.09
epoch=42/80 loss=0.001710 seconds=0.06
epoch=43/80 loss=0.003099 seconds=0.08
epoch=44/80 loss=0.004156 seconds=0.08
epoch=45/80 loss=0.006165 seconds=0.08
epoch=46/80 loss=0.006172 seconds=0.09
epoch=47/80 loss=0.001466 seconds=0.08
epoch=48/80 loss=0.002424 seconds=0.08
epoch=49/80 loss=0.001465 seconds=0.08
epoch=50/80 loss=0.001260 seconds=0.08
epoch=51/80 loss=0.000783 seconds=0.08
epoch=52/80 loss=0.001021 seconds=0.06
epoch=53/80 loss=0.001003 seconds=0.09
epoch=54/80 loss=0.000846 seconds=0.08
epoch=55/80 loss=0.000865 seconds=0.09
epoch=56/80 loss=0.000695 seconds=0.08
epoch=57/80 loss=0.001431 seconds=0.08
epoch=58/80 loss=0.004075 seconds=0.08
epoch=59/80 loss=0.005528 seconds=0.08
epoch=60/80 loss=0.009813 seconds=0.09
epoch=61/80 loss=0.082791 seconds=0.08
epoch=62/80 loss=0.020888 seconds=0.09
epoch=63/80 loss=0.027390 seconds=0.08
epoch=64/80 loss=0.012267 seconds=0.08
epoch=65/80 loss=0.002224 seconds=0.09
epoch=66/80 loss=0.004528 seconds=0.08
epoch=67/80 loss=0.001803 seconds=0.08
epoch=68/80 loss=0.001317 seconds=0.08
epoch=69/80 loss=0.001203 seconds=0.08
epoch=70/80 loss=0.000906 seconds=0.08
epoch=71/80 loss=0.000954 seconds=0.09
epoch=72/80 loss=0.001236 seconds=0.08
epoch=73/80 loss=0.001087 seconds=0.09
epoch=74/80 loss=0.000663 seconds=0.08
epoch=75/80 loss=0.003542 seconds=0.08
epoch=76/80 loss=0.000837 seconds=0.08
epoch=77/80 loss=0.000875 seconds=0.08
epoch=78/80 loss=0.000823 seconds=0.06
epoch=79/80 loss=0.001099 seconds=0.09
epoch=80/80 loss=0.000704 seconds=0.08
fold=9/10 OOF_accuracy=0.833333 OOF_AUC=0.875000
Device=cuda; epochs=80; batch=32; model=MobileNetV2_1D
epoch=1/80 loss=0.517525 seconds=0.09
epoch=2/80 loss=0.190613 seconds=0.08
epoch=3/80 loss=0.086869 seconds=0.08
epoch=4/80 loss=0.037168 seconds=0.09
epoch=5/80 loss=0.038275 seconds=0.08
epoch=6/80 loss=0.037611 seconds=0.08
epoch=7/80 loss=0.033457 seconds=0.09
epoch=8/80 loss=0.017655 seconds=0.08
epoch=9/80 loss=0.011612 seconds=0.08
epoch=10/80 loss=0.011753 seconds=0.08
epoch=11/80 loss=0.025331 seconds=0.08
epoch=12/80 loss=0.007037 seconds=0.08
epoch=13/80 loss=0.007012 seconds=0.09
epoch=14/80 loss=0.004557 seconds=0.08
epoch=15/80 loss=0.003513 seconds=0.09
epoch=16/80 loss=0.003743 seconds=0.08
epoch=17/80 loss=0.006310 seconds=0.09
epoch=18/80 loss=0.008990 seconds=0.09
epoch=19/80 loss=0.014764 seconds=0.08
epoch=20/80 loss=0.021939 seconds=0.08
epoch=21/80 loss=0.037404 seconds=0.11
epoch=22/80 loss=0.052891 seconds=0.08
epoch=23/80 loss=0.039820 seconds=0.09
epoch=24/80 loss=0.019120 seconds=0.11
epoch=25/80 loss=0.007845 seconds=0.09
epoch=26/80 loss=0.012224 seconds=0.09
epoch=27/80 loss=0.003860 seconds=0.09
epoch=28/80 loss=0.012629 seconds=0.09
epoch=29/80 loss=0.014579 seconds=0.08
epoch=30/80 loss=0.011385 seconds=0.11
epoch=31/80 loss=0.004428 seconds=0.11
epoch=32/80 loss=0.006900 seconds=0.09
epoch=33/80 loss=0.005942 seconds=0.09
epoch=34/80 loss=0.003334 seconds=0.09
epoch=35/80 loss=0.001452 seconds=0.08
epoch=36/80 loss=0.001934 seconds=0.09
epoch=37/80 loss=0.000998 seconds=0.08
epoch=38/80 loss=0.000880 seconds=0.09
epoch=39/80 loss=0.001193 seconds=0.09
epoch=40/80 loss=0.000741 seconds=0.08
epoch=41/80 loss=0.000952 seconds=0.11
epoch=42/80 loss=0.000832 seconds=0.08
epoch=43/80 loss=0.001178 seconds=0.09
epoch=44/80 loss=0.000896 seconds=0.09
epoch=45/80 loss=0.006196 seconds=0.08
epoch=46/80 loss=0.043497 seconds=0.09
epoch=47/80 loss=0.017062 seconds=0.08
epoch=48/80 loss=0.002671 seconds=0.09
epoch=49/80 loss=0.017708 seconds=0.09
epoch=50/80 loss=0.008503 seconds=0.08
epoch=51/80 loss=0.004957 seconds=0.09
epoch=52/80 loss=0.011869 seconds=0.09
epoch=53/80 loss=0.006094 seconds=0.09
epoch=54/80 loss=0.001827 seconds=0.08
epoch=55/80 loss=0.002216 seconds=0.09
epoch=56/80 loss=0.000993 seconds=0.09
epoch=57/80 loss=0.002049 seconds=0.09
epoch=58/80 loss=0.000914 seconds=0.08
epoch=59/80 loss=0.000587 seconds=0.09
epoch=60/80 loss=0.002306 seconds=0.11
epoch=61/80 loss=0.000689 seconds=0.08
epoch=62/80 loss=0.000932 seconds=0.08
epoch=63/80 loss=0.000592 seconds=0.09
epoch=64/80 loss=0.001072 seconds=0.09
epoch=65/80 loss=0.010405 seconds=0.11
epoch=66/80 loss=0.006073 seconds=0.09
epoch=67/80 loss=0.000828 seconds=0.09
epoch=68/80 loss=0.033329 seconds=0.08
epoch=69/80 loss=0.004245 seconds=0.09
epoch=70/80 loss=0.039313 seconds=0.09
epoch=71/80 loss=0.028377 seconds=0.09
epoch=72/80 loss=0.009305 seconds=0.09
epoch=73/80 loss=0.000925 seconds=0.08
epoch=74/80 loss=0.001467 seconds=0.09
epoch=75/80 loss=0.000886 seconds=0.08
epoch=76/80 loss=0.003928 seconds=0.11
epoch=77/80 loss=0.000896 seconds=0.09
epoch=78/80 loss=0.001035 seconds=0.09
epoch=79/80 loss=0.000860 seconds=0.09
epoch=80/80 loss=0.001592 seconds=0.08
fold=10/10 OOF_accuracy=0.800000 OOF_AUC=0.783069
Frozen Train OOF threshold=0.35933321714401245; objective=accuracy; OOF selection accuracy=0.850000
Device=cuda; epochs=80; batch=32; model=MobileNetV2_1D
epoch=1/80 loss=0.481979 seconds=0.12
epoch=2/80 loss=0.170433 seconds=0.09
epoch=3/80 loss=0.078087 seconds=0.09
epoch=4/80 loss=0.049303 seconds=0.09
epoch=5/80 loss=0.034509 seconds=0.11
epoch=6/80 loss=0.022415 seconds=0.08
epoch=7/80 loss=0.029249 seconds=0.09
epoch=8/80 loss=0.022304 seconds=0.09
epoch=9/80 loss=0.010783 seconds=0.09
epoch=10/80 loss=0.021025 seconds=0.09
epoch=11/80 loss=0.018465 seconds=0.09
epoch=12/80 loss=0.019957 seconds=0.09
epoch=13/80 loss=0.014984 seconds=0.11
epoch=14/80 loss=0.014467 seconds=0.09
epoch=15/80 loss=0.011739 seconds=0.08
epoch=16/80 loss=0.006075 seconds=0.11
epoch=17/80 loss=0.013425 seconds=0.11
epoch=18/80 loss=0.055581 seconds=0.09
epoch=19/80 loss=0.035085 seconds=0.09
epoch=20/80 loss=0.005112 seconds=0.11
epoch=21/80 loss=0.035428 seconds=0.09
epoch=22/80 loss=0.024146 seconds=0.11
epoch=23/80 loss=0.020085 seconds=0.11
epoch=24/80 loss=0.007234 seconds=0.09
epoch=25/80 loss=0.005071 seconds=0.11
epoch=26/80 loss=0.003615 seconds=0.09
epoch=27/80 loss=0.007338 seconds=0.11
epoch=28/80 loss=0.008101 seconds=0.11
epoch=29/80 loss=0.011933 seconds=0.09
epoch=30/80 loss=0.009497 seconds=0.11
epoch=31/80 loss=0.009436 seconds=0.09
epoch=32/80 loss=0.004569 seconds=0.09
epoch=33/80 loss=0.003458 seconds=0.09
epoch=34/80 loss=0.002206 seconds=0.11
epoch=35/80 loss=0.001752 seconds=0.09
epoch=36/80 loss=0.002523 seconds=0.09
epoch=37/80 loss=0.001504 seconds=0.09
epoch=38/80 loss=0.005836 seconds=0.11
epoch=39/80 loss=0.032023 seconds=0.08
epoch=40/80 loss=0.012325 seconds=0.11
epoch=41/80 loss=0.016014 seconds=0.09
epoch=42/80 loss=0.024626 seconds=0.09
epoch=43/80 loss=0.018516 seconds=0.09
epoch=44/80 loss=0.008621 seconds=0.09
epoch=45/80 loss=0.002481 seconds=0.09
epoch=46/80 loss=0.006873 seconds=0.08
epoch=47/80 loss=0.003024 seconds=0.09
epoch=48/80 loss=0.000905 seconds=0.11
epoch=49/80 loss=0.001244 seconds=0.09
epoch=50/80 loss=0.011456 seconds=0.09
epoch=51/80 loss=0.003789 seconds=0.09
epoch=52/80 loss=0.001152 seconds=0.09
epoch=53/80 loss=0.004599 seconds=0.11
epoch=54/80 loss=0.002056 seconds=0.09
epoch=55/80 loss=0.002841 seconds=0.09
epoch=56/80 loss=0.000897 seconds=0.09
epoch=57/80 loss=0.000757 seconds=0.09
epoch=58/80 loss=0.003475 seconds=0.12
epoch=59/80 loss=0.002005 seconds=0.09
epoch=60/80 loss=0.002259 seconds=0.09
epoch=61/80 loss=0.001455 seconds=0.11
epoch=62/80 loss=0.000825 seconds=0.09
epoch=63/80 loss=0.000458 seconds=0.09
epoch=64/80 loss=0.000423 seconds=0.09
epoch=65/80 loss=0.002383 seconds=0.11
epoch=66/80 loss=0.000541 seconds=0.09
epoch=67/80 loss=0.000366 seconds=0.09
epoch=68/80 loss=0.000316 seconds=0.11
epoch=69/80 loss=0.000340 seconds=0.09
epoch=70/80 loss=0.000771 seconds=0.09
epoch=71/80 loss=0.000858 seconds=0.09
epoch=72/80 loss=0.000252 seconds=0.11
epoch=73/80 loss=0.001187 seconds=0.09
epoch=74/80 loss=0.009610 seconds=0.09
epoch=75/80 loss=0.012433 seconds=0.09
epoch=76/80 loss=0.001852 seconds=0.09
epoch=77/80 loss=0.002395 seconds=0.09
epoch=78/80 loss=0.003068 seconds=0.09
epoch=79/80 loss=0.017541 seconds=0.09
epoch=80/80 loss=0.002379 seconds=0.08
{"cv_oof": {"accuracy": 0.8433333333333334, "balanced_accuracy": 0.7837814983933705, "sensitivity": 0.654320987654321, "specificity": 0.91324200913242, "f1_macro": 0.7938325218230469, "roc_auc": 0.8489768307119904, "confusion_matrix": [[200, 19], [28, 53]], "classification_report": {"0": {"precision": 0.8771929824561403, "recall": 0.91324200913242, "f1-score": 0.8948545861297539, "support": 219.0}, "1": {"precision": 0.7361111111111112, "recall": 0.654320987654321, "f1-score": 0.6928104575163399, "support": 81.0}, "accuracy": 0.8433333333333334, "macro avg": {"precision": 0.8066520467836258, "recall": 0.7837814983933705, "f1-score": 0.7938325218230469, "support": 300.0}, "weighted avg": {"precision": 0.8391008771929824, "recall": 0.8433333333333334, "f1-score": 0.8403026714041321, "support": 300.0}}}, "test": {"accuracy": 0.8441558441558441, "balanced_accuracy": 0.7589285714285714, "sensitivity": 0.5714285714285714, "specificity": 0.9464285714285714, "f1_macro": 0.7824858757062148, "roc_auc": 0.8333333333333334, "confusion_matrix": [[53, 3], [9, 12]], "classification_report": {"0": {"precision": 0.8548387096774194, "recall": 0.9464285714285714, "f1-score": 0.8983050847457628, "support": 56.0}, "1": {"precision": 0.8, "recall": 0.5714285714285714, "f1-score": 0.6666666666666666, "support": 21.0}, "accuracy": 0.8441558441558441, "macro avg": {"precision": 0.8274193548387097, "recall": 0.7589285714285714, "f1-score": 0.7824858757062148, "support": 77.0}, "weighted avg": {"precision": 0.839882697947214, "recall": 0.8441558441558441, "f1-score": 0.8351309707241911, "support": 77.0}}}, "folds": 10, "original_train_rows": 300, "train_rows": 438, "test_rows": 77, "elapsed_seconds": 80.93800000008196, "test_default": {"accuracy": 0.8311688311688312, "balanced_accuracy": 0.7351190476190477, "sensitivity": 0.5238095238095238, "specificity": 0.9464285714285714, "f1_macro": 0.7596638655462185, "roc_auc": 0.8333333333333334, "confusion_matrix": [[53, 3], [10, 11]], "classification_report": {"0": {"precision": 0.8412698412698413, "recall": 0.9464285714285714, "f1-score": 0.8907563025210085, "support": 56.0}, "1": {"precision": 0.7857142857142857, "recall": 0.5238095238095238, "f1-score": 0.6285714285714286, "support": 21.0}, "accuracy": 0.8311688311688312, "macro avg": {"precision": 0.8134920634920635, "recall": 0.7351190476190477, "f1-score": 0.7596638655462185, "support": 77.0}, "weighted avg": {"precision": 0.8261183261183261, "recall": 0.8311688311688312, "f1-score": 0.8192513368983957, "support": 77.0}}}, "decision_threshold": 0.35933321714401245, "oof_threshold_selection": {"accuracy": 0.85, "balanced_accuracy": 0.7961271774057161, "sensitivity": 0.6790123456790124, "specificity": 0.91324200913242, "f1_macro": 0.8042769119246104, "roc_auc": 0.8489768307119904, "confusion_matrix": [[200, 19], [26, 55]], "classification_report": {"0": {"precision": 0.8849557522123894, "recall": 0.91324200913242, "f1-score": 0.898876404494382, "support": 219.0}, "1": {"precision": 0.7432432432432432, "recall": 0.6790123456790124, "f1-score": 0.7096774193548387, "support": 81.0}, "accuracy": 0.85, "macro avg": {"precision": 0.8140994977278163, "recall": 0.7961271774057161, "f1-score": 0.8042769119246104, "support": 300.0}, "weighted avg": {"precision": 0.8466933747907199, "recall": 0.85, "f1-score": 0.8477926785067054, "support": 300.0}}}, "test_accuracy_change": 0.01298701298701288}
