Command: ["C:\\Users\\IHCK\\AppData\\Local\\Programs\\Python\\Python312\\python.exe", "-u", "C:\\Users\\IHCK\\Desktop\\1_10_69Final\\Hippocampal-Shape-Analysis-for-Epilepsy-Detection\\Model\\train_dataset_model.py", "--dataset", "coef_plsda", "--side", "left", "--model", "ResNet", "--kind", "coef", "--train-csv", "C:\\Users\\IHCK\\Desktop\\1_10_69Final\\Hippocampal-Shape-Analysis-for-Epilepsy-Detection\\Output_Dataset\\coef_plsda\\left\\train_prepared.csv", "--test-csv", "C:\\Users\\IHCK\\Desktop\\1_10_69Final\\Hippocampal-Shape-Analysis-for-Epilepsy-Detection\\Output_Dataset\\coef_plsda\\left\\test_prepared.csv", "--output-dir", "C:\\Users\\IHCK\\Desktop\\1_10_69Final\\Hippocampal-Shape-Analysis-for-Epilepsy-Detection\\Model_Results\\dataset_runs_20261003_oof_threshold\\coef_plsda\\left\\ResNet", "--epochs", "80", "--folds", "10", "--pls-components", "8", "--seed", "42", "--threads", "2", "--tune-threshold"]
10-fold CV: dataset=coef_plsda side=left model=ResNet; original_train=300 test=73
Device=cuda; epochs=80; batch=32; model=ResNet1D
epoch=1/80 loss=0.310306 seconds=0.36
epoch=2/80 loss=0.086982 seconds=0.06
epoch=3/80 loss=0.062462 seconds=0.05
epoch=4/80 loss=0.032380 seconds=0.05
epoch=5/80 loss=0.019315 seconds=0.05
epoch=6/80 loss=0.012428 seconds=0.05
epoch=7/80 loss=0.008752 seconds=0.05
epoch=8/80 loss=0.020745 seconds=0.05
epoch=9/80 loss=0.012434 seconds=0.05
epoch=10/80 loss=0.014682 seconds=0.05
epoch=11/80 loss=0.040901 seconds=0.05
epoch=12/80 loss=0.048140 seconds=0.05
epoch=13/80 loss=0.019342 seconds=0.05
epoch=14/80 loss=0.012889 seconds=0.05
epoch=15/80 loss=0.023669 seconds=0.05
epoch=16/80 loss=0.005627 seconds=0.06
epoch=17/80 loss=0.010743 seconds=0.05
epoch=18/80 loss=0.006423 seconds=0.05
epoch=19/80 loss=0.005206 seconds=0.06
epoch=20/80 loss=0.002095 seconds=0.05
epoch=21/80 loss=0.005954 seconds=0.05
epoch=22/80 loss=0.007672 seconds=0.05
epoch=23/80 loss=0.024616 seconds=0.05
epoch=24/80 loss=0.003792 seconds=0.05
epoch=25/80 loss=0.010241 seconds=0.05
epoch=26/80 loss=0.002995 seconds=0.05
epoch=27/80 loss=0.004415 seconds=0.05
epoch=28/80 loss=0.015607 seconds=0.05
epoch=29/80 loss=0.028498 seconds=0.05
epoch=30/80 loss=0.005116 seconds=0.06
epoch=31/80 loss=0.005630 seconds=0.05
epoch=32/80 loss=0.001754 seconds=0.05
epoch=33/80 loss=0.002103 seconds=0.05
epoch=34/80 loss=0.003698 seconds=0.05
epoch=35/80 loss=0.003296 seconds=0.05
epoch=36/80 loss=0.001627 seconds=0.05
epoch=37/80 loss=0.002218 seconds=0.05
epoch=38/80 loss=0.001257 seconds=0.05
epoch=39/80 loss=0.000808 seconds=0.03
epoch=40/80 loss=0.000435 seconds=0.05
epoch=41/80 loss=0.000485 seconds=0.05
epoch=42/80 loss=0.000562 seconds=0.06
epoch=43/80 loss=0.001603 seconds=0.05
epoch=44/80 loss=0.023145 seconds=0.05
epoch=45/80 loss=0.008063 seconds=0.05
epoch=46/80 loss=0.007475 seconds=0.05
epoch=47/80 loss=0.022226 seconds=0.05
epoch=48/80 loss=0.003402 seconds=0.05
epoch=49/80 loss=0.010023 seconds=0.05
epoch=50/80 loss=0.007864 seconds=0.05
epoch=51/80 loss=0.019206 seconds=0.05
epoch=52/80 loss=0.025825 seconds=0.05
epoch=53/80 loss=0.012386 seconds=0.05
epoch=54/80 loss=0.038129 seconds=0.05
epoch=55/80 loss=0.013089 seconds=0.05
epoch=56/80 loss=0.002875 seconds=0.05
epoch=57/80 loss=0.004759 seconds=0.03
epoch=58/80 loss=0.001436 seconds=0.05
epoch=59/80 loss=0.013196 seconds=0.05
epoch=60/80 loss=0.002332 seconds=0.05
epoch=61/80 loss=0.007531 seconds=0.05
epoch=62/80 loss=0.012976 seconds=0.05
epoch=63/80 loss=0.003660 seconds=0.05
epoch=64/80 loss=0.004945 seconds=0.05
epoch=65/80 loss=0.001557 seconds=0.05
epoch=66/80 loss=0.012753 seconds=0.05
epoch=67/80 loss=0.000968 seconds=0.03
epoch=68/80 loss=0.002168 seconds=0.05
epoch=69/80 loss=0.000456 seconds=0.05
epoch=70/80 loss=0.000365 seconds=0.06
epoch=71/80 loss=0.001039 seconds=0.03
epoch=72/80 loss=0.007922 seconds=0.05
epoch=73/80 loss=0.005082 seconds=0.05
epoch=74/80 loss=0.000418 seconds=0.05
epoch=75/80 loss=0.028497 seconds=0.05
epoch=76/80 loss=0.006035 seconds=0.06
epoch=77/80 loss=0.002051 seconds=0.05
epoch=78/80 loss=0.005002 seconds=0.05
epoch=79/80 loss=0.001786 seconds=0.05
epoch=80/80 loss=0.000817 seconds=0.03
fold=1/10 OOF_accuracy=0.700000 OOF_AUC=0.695000
Device=cuda; epochs=80; batch=32; model=ResNet1D
epoch=1/80 loss=0.296409 seconds=0.05
epoch=2/80 loss=0.065992 seconds=0.05
epoch=3/80 loss=0.054119 seconds=0.05
epoch=4/80 loss=0.019922 seconds=0.06
epoch=5/80 loss=0.021033 seconds=0.05
epoch=6/80 loss=0.019285 seconds=0.05
epoch=7/80 loss=0.025193 seconds=0.05
epoch=8/80 loss=0.073128 seconds=0.05
epoch=9/80 loss=0.031770 seconds=0.05
epoch=10/80 loss=0.019738 seconds=0.05
epoch=11/80 loss=0.009204 seconds=0.05
epoch=12/80 loss=0.014166 seconds=0.06
epoch=13/80 loss=0.017643 seconds=0.05
epoch=14/80 loss=0.013440 seconds=0.05
epoch=15/80 loss=0.004111 seconds=0.06
epoch=16/80 loss=0.005132 seconds=0.05
epoch=17/80 loss=0.004132 seconds=0.05
epoch=18/80 loss=0.006468 seconds=0.05
epoch=19/80 loss=0.002338 seconds=0.05
epoch=20/80 loss=0.002853 seconds=0.05
epoch=21/80 loss=0.003140 seconds=0.05
epoch=22/80 loss=0.007084 seconds=0.05
epoch=23/80 loss=0.009447 seconds=0.05
epoch=24/80 loss=0.002140 seconds=0.05
epoch=25/80 loss=0.011820 seconds=0.05
epoch=26/80 loss=0.004592 seconds=0.05
epoch=27/80 loss=0.004681 seconds=0.05
epoch=28/80 loss=0.009107 seconds=0.05
epoch=29/80 loss=0.018233 seconds=0.05
epoch=30/80 loss=0.024460 seconds=0.06
epoch=31/80 loss=0.003539 seconds=0.05
epoch=32/80 loss=0.013638 seconds=0.05
epoch=33/80 loss=0.003034 seconds=0.05
epoch=34/80 loss=0.027138 seconds=0.05
epoch=35/80 loss=0.007773 seconds=0.05
epoch=36/80 loss=0.002771 seconds=0.05
epoch=37/80 loss=0.013225 seconds=0.05
epoch=38/80 loss=0.003632 seconds=0.05
epoch=39/80 loss=0.005614 seconds=0.06
epoch=40/80 loss=0.001582 seconds=0.05
epoch=41/80 loss=0.001027 seconds=0.03
epoch=42/80 loss=0.000850 seconds=0.05
epoch=43/80 loss=0.001581 seconds=0.05
epoch=44/80 loss=0.027499 seconds=0.05
epoch=45/80 loss=0.004214 seconds=0.05
epoch=46/80 loss=0.001622 seconds=0.03
epoch=47/80 loss=0.001911 seconds=0.05
epoch=48/80 loss=0.000821 seconds=0.05
epoch=49/80 loss=0.000772 seconds=0.05
epoch=50/80 loss=0.000621 seconds=0.03
epoch=51/80 loss=0.000382 seconds=0.05
epoch=52/80 loss=0.000336 seconds=0.05
epoch=53/80 loss=0.000994 seconds=0.05
epoch=54/80 loss=0.000640 seconds=0.03
epoch=55/80 loss=0.003985 seconds=0.05
epoch=56/80 loss=0.005375 seconds=0.03
epoch=57/80 loss=0.002226 seconds=0.05
epoch=58/80 loss=0.000724 seconds=0.05
epoch=59/80 loss=0.028986 seconds=0.03
epoch=60/80 loss=0.001797 seconds=0.05
epoch=61/80 loss=0.004553 seconds=0.05
epoch=62/80 loss=0.020022 seconds=0.05
epoch=63/80 loss=0.001571 seconds=0.05
epoch=64/80 loss=0.002803 seconds=0.03
epoch=65/80 loss=0.001524 seconds=0.05
epoch=66/80 loss=0.001376 seconds=0.05
epoch=67/80 loss=0.000901 seconds=0.05
epoch=68/80 loss=0.000506 seconds=0.05
epoch=69/80 loss=0.000245 seconds=0.03
epoch=70/80 loss=0.000198 seconds=0.05
epoch=71/80 loss=0.000482 seconds=0.05
epoch=72/80 loss=0.004731 seconds=0.05
epoch=73/80 loss=0.000423 seconds=0.03
epoch=74/80 loss=0.000423 seconds=0.05
epoch=75/80 loss=0.008421 seconds=0.05
epoch=76/80 loss=0.004126 seconds=0.03
epoch=77/80 loss=0.001837 seconds=0.05
epoch=78/80 loss=0.001286 seconds=0.05
epoch=79/80 loss=0.013639 seconds=0.03
epoch=80/80 loss=0.049778 seconds=0.05
fold=2/10 OOF_accuracy=0.766667 OOF_AUC=0.640000
Device=cuda; epochs=80; batch=32; model=ResNet1D
epoch=1/80 loss=0.294875 seconds=0.05
epoch=2/80 loss=0.074892 seconds=0.03
epoch=3/80 loss=0.063346 seconds=0.05
epoch=4/80 loss=0.030862 seconds=0.05
epoch=5/80 loss=0.022491 seconds=0.05
epoch=6/80 loss=0.027085 seconds=0.05
epoch=7/80 loss=0.009515 seconds=0.05
epoch=8/80 loss=0.020949 seconds=0.05
epoch=9/80 loss=0.033574 seconds=0.05
epoch=10/80 loss=0.012413 seconds=0.03
epoch=11/80 loss=0.014657 seconds=0.05
epoch=12/80 loss=0.016735 seconds=0.05
epoch=13/80 loss=0.020761 seconds=0.03
epoch=14/80 loss=0.007893 seconds=0.05
epoch=15/80 loss=0.004907 seconds=0.03
epoch=16/80 loss=0.003052 seconds=0.05
epoch=17/80 loss=0.004306 seconds=0.05
epoch=18/80 loss=0.002181 seconds=0.05
epoch=19/80 loss=0.001909 seconds=0.05
epoch=20/80 loss=0.001575 seconds=0.05
epoch=21/80 loss=0.008038 seconds=0.05
epoch=22/80 loss=0.003931 seconds=0.05
epoch=23/80 loss=0.017582 seconds=0.03
epoch=24/80 loss=0.011998 seconds=0.05
epoch=25/80 loss=0.007275 seconds=0.05
epoch=26/80 loss=0.036083 seconds=0.05
epoch=27/80 loss=0.014899 seconds=0.03
epoch=28/80 loss=0.017059 seconds=0.05
epoch=29/80 loss=0.013204 seconds=0.05
epoch=30/80 loss=0.003320 seconds=0.05
epoch=31/80 loss=0.007691 seconds=0.03
epoch=32/80 loss=0.046856 seconds=0.05
epoch=33/80 loss=0.008387 seconds=0.05
epoch=34/80 loss=0.010022 seconds=0.03
epoch=35/80 loss=0.008761 seconds=0.05
epoch=36/80 loss=0.001498 seconds=0.05
epoch=37/80 loss=0.001259 seconds=0.03
epoch=38/80 loss=0.001299 seconds=0.05
epoch=39/80 loss=0.001580 seconds=0.05
epoch=40/80 loss=0.003240 seconds=0.05
epoch=41/80 loss=0.002155 seconds=0.05
epoch=42/80 loss=0.000722 seconds=0.05
epoch=43/80 loss=0.000684 seconds=0.05
epoch=44/80 loss=0.000724 seconds=0.05
epoch=45/80 loss=0.005705 seconds=0.05
epoch=46/80 loss=0.018324 seconds=0.05
epoch=47/80 loss=0.000701 seconds=0.05
epoch=48/80 loss=0.002526 seconds=0.05
epoch=49/80 loss=0.001053 seconds=0.05
epoch=50/80 loss=0.000580 seconds=0.05
epoch=51/80 loss=0.000465 seconds=0.03
epoch=52/80 loss=0.000861 seconds=0.05
epoch=53/80 loss=0.000380 seconds=0.05
epoch=54/80 loss=0.000498 seconds=0.03
epoch=55/80 loss=0.000248 seconds=0.05
epoch=56/80 loss=0.002084 seconds=0.06
epoch=57/80 loss=0.010819 seconds=0.03
epoch=58/80 loss=0.000891 seconds=0.05
epoch=59/80 loss=0.003632 seconds=0.06
epoch=60/80 loss=0.000637 seconds=0.05
epoch=61/80 loss=0.000422 seconds=0.05
epoch=62/80 loss=0.001025 seconds=0.05
epoch=63/80 loss=0.000488 seconds=0.05
epoch=64/80 loss=0.002033 seconds=0.05
epoch=65/80 loss=0.000777 seconds=0.05
epoch=66/80 loss=0.000275 seconds=0.05
epoch=67/80 loss=0.000266 seconds=0.05
epoch=68/80 loss=0.000422 seconds=0.05
epoch=69/80 loss=0.000217 seconds=0.03
epoch=70/80 loss=0.000144 seconds=0.05
epoch=71/80 loss=0.000367 seconds=0.06
epoch=72/80 loss=0.000819 seconds=0.03
epoch=73/80 loss=0.000553 seconds=0.05
epoch=74/80 loss=0.000355 seconds=0.05
epoch=75/80 loss=0.000144 seconds=0.05
epoch=76/80 loss=0.000128 seconds=0.05
epoch=77/80 loss=0.000100 seconds=0.06
epoch=78/80 loss=0.000139 seconds=0.03
epoch=79/80 loss=0.000175 seconds=0.05
epoch=80/80 loss=0.000117 seconds=0.06
fold=3/10 OOF_accuracy=0.733333 OOF_AUC=0.765550
Device=cuda; epochs=80; batch=32; model=ResNet1D
epoch=1/80 loss=0.284129 seconds=0.05
epoch=2/80 loss=0.091507 seconds=0.05
epoch=3/80 loss=0.068473 seconds=0.05
epoch=4/80 loss=0.048475 seconds=0.05
epoch=5/80 loss=0.021862 seconds=0.05
epoch=6/80 loss=0.037193 seconds=0.03
epoch=7/80 loss=0.023868 seconds=0.05
epoch=8/80 loss=0.040462 seconds=0.05
epoch=9/80 loss=0.028595 seconds=0.05
epoch=10/80 loss=0.023557 seconds=0.05
epoch=11/80 loss=0.009249 seconds=0.05
epoch=12/80 loss=0.018199 seconds=0.05
epoch=13/80 loss=0.007180 seconds=0.06
epoch=14/80 loss=0.006023 seconds=0.05
epoch=15/80 loss=0.002699 seconds=0.06
epoch=16/80 loss=0.002476 seconds=0.05
epoch=17/80 loss=0.002663 seconds=0.05
epoch=18/80 loss=0.001765 seconds=0.05
epoch=19/80 loss=0.001654 seconds=0.05
epoch=20/80 loss=0.001201 seconds=0.05
epoch=21/80 loss=0.001838 seconds=0.05
epoch=22/80 loss=0.001676 seconds=0.03
epoch=23/80 loss=0.001680 seconds=0.05
epoch=24/80 loss=0.001175 seconds=0.05
epoch=25/80 loss=0.020967 seconds=0.05
epoch=26/80 loss=0.015632 seconds=0.05
epoch=27/80 loss=0.006304 seconds=0.03
epoch=28/80 loss=0.019653 seconds=0.05
epoch=29/80 loss=0.035342 seconds=0.05
epoch=30/80 loss=0.009444 seconds=0.05
epoch=31/80 loss=0.021743 seconds=0.05
epoch=32/80 loss=0.106707 seconds=0.06
epoch=33/80 loss=0.040453 seconds=0.06
epoch=34/80 loss=0.020951 seconds=0.03
epoch=35/80 loss=0.009830 seconds=0.05
epoch=36/80 loss=0.003948 seconds=0.05
epoch=37/80 loss=0.001723 seconds=0.05
epoch=38/80 loss=0.001983 seconds=0.05
epoch=39/80 loss=0.001422 seconds=0.05
epoch=40/80 loss=0.000989 seconds=0.03
epoch=41/80 loss=0.004752 seconds=0.06
epoch=42/80 loss=0.002339 seconds=0.05
epoch=43/80 loss=0.002050 seconds=0.05
epoch=44/80 loss=0.002285 seconds=0.03
epoch=45/80 loss=0.009272 seconds=0.05
epoch=46/80 loss=0.002500 seconds=0.05
epoch=47/80 loss=0.003403 seconds=0.05
epoch=48/80 loss=0.011538 seconds=0.05
epoch=49/80 loss=0.063758 seconds=0.05
epoch=50/80 loss=0.028082 seconds=0.05
epoch=51/80 loss=0.007546 seconds=0.05
epoch=52/80 loss=0.010365 seconds=0.05
epoch=53/80 loss=0.002072 seconds=0.05
epoch=54/80 loss=0.006448 seconds=0.05
epoch=55/80 loss=0.001758 seconds=0.03
epoch=56/80 loss=0.022842 seconds=0.05
epoch=57/80 loss=0.006214 seconds=0.05
epoch=58/80 loss=0.011735 seconds=0.06
epoch=59/80 loss=0.003732 seconds=0.05
epoch=60/80 loss=0.001478 seconds=0.05
epoch=61/80 loss=0.000592 seconds=0.06
epoch=62/80 loss=0.001649 seconds=0.05
epoch=63/80 loss=0.000717 seconds=0.05
epoch=64/80 loss=0.003121 seconds=0.03
epoch=65/80 loss=0.000997 seconds=0.05
epoch=66/80 loss=0.001087 seconds=0.05
epoch=67/80 loss=0.000483 seconds=0.05
epoch=68/80 loss=0.000906 seconds=0.05
epoch=69/80 loss=0.000695 seconds=0.05
epoch=70/80 loss=0.000453 seconds=0.05
epoch=71/80 loss=0.000546 seconds=0.05
epoch=72/80 loss=0.000882 seconds=0.03
epoch=73/80 loss=0.007160 seconds=0.05
epoch=74/80 loss=0.002017 seconds=0.05
epoch=75/80 loss=0.000290 seconds=0.05
epoch=76/80 loss=0.000230 seconds=0.03
epoch=77/80 loss=0.000277 seconds=0.03
epoch=78/80 loss=0.000259 seconds=0.06
epoch=79/80 loss=0.000400 seconds=0.03
epoch=80/80 loss=0.000301 seconds=0.06
fold=4/10 OOF_accuracy=0.733333 OOF_AUC=0.722488
Device=cuda; epochs=80; batch=32; model=ResNet1D
epoch=1/80 loss=0.308309 seconds=0.06
epoch=2/80 loss=0.117210 seconds=0.05
epoch=3/80 loss=0.091528 seconds=0.06
epoch=4/80 loss=0.051374 seconds=0.05
epoch=5/80 loss=0.044311 seconds=0.03
epoch=6/80 loss=0.041539 seconds=0.06
epoch=7/80 loss=0.020862 seconds=0.05
epoch=8/80 loss=0.033677 seconds=0.03
epoch=9/80 loss=0.018782 seconds=0.05
epoch=10/80 loss=0.006804 seconds=0.05
epoch=11/80 loss=0.010737 seconds=0.05
epoch=12/80 loss=0.025985 seconds=0.03
epoch=13/80 loss=0.011860 seconds=0.05
epoch=14/80 loss=0.013941 seconds=0.05
epoch=15/80 loss=0.012111 seconds=0.06
epoch=16/80 loss=0.018337 seconds=0.05
epoch=17/80 loss=0.009480 seconds=0.06
epoch=18/80 loss=0.005333 seconds=0.05
epoch=19/80 loss=0.015348 seconds=0.05
epoch=20/80 loss=0.026313 seconds=0.05
epoch=21/80 loss=0.024149 seconds=0.05
epoch=22/80 loss=0.011528 seconds=0.05
epoch=23/80 loss=0.006131 seconds=0.05
epoch=24/80 loss=0.003839 seconds=0.05
epoch=25/80 loss=0.004646 seconds=0.06
epoch=26/80 loss=0.004099 seconds=0.05
epoch=27/80 loss=0.007234 seconds=0.05
epoch=28/80 loss=0.014990 seconds=0.05
epoch=29/80 loss=0.014148 seconds=0.05
epoch=30/80 loss=0.007378 seconds=0.06
epoch=31/80 loss=0.003893 seconds=0.06
epoch=32/80 loss=0.018055 seconds=0.05
epoch=33/80 loss=0.007932 seconds=0.05
epoch=34/80 loss=0.003924 seconds=0.05
epoch=35/80 loss=0.002280 seconds=0.06
epoch=36/80 loss=0.004763 seconds=0.05
epoch=37/80 loss=0.005897 seconds=0.05
epoch=38/80 loss=0.001047 seconds=0.05
epoch=39/80 loss=0.000675 seconds=0.06
epoch=40/80 loss=0.000859 seconds=0.05
epoch=41/80 loss=0.001610 seconds=0.05
epoch=42/80 loss=0.000699 seconds=0.06
epoch=43/80 loss=0.000491 seconds=0.06
epoch=44/80 loss=0.000567 seconds=0.05
epoch=45/80 loss=0.001032 seconds=0.05
epoch=46/80 loss=0.000615 seconds=0.05
epoch=47/80 loss=0.000366 seconds=0.05
epoch=48/80 loss=0.000348 seconds=0.05
epoch=49/80 loss=0.000679 seconds=0.06
epoch=50/80 loss=0.000441 seconds=0.05
epoch=51/80 loss=0.000339 seconds=0.03
epoch=52/80 loss=0.000406 seconds=0.05
epoch=53/80 loss=0.000296 seconds=0.05
epoch=54/80 loss=0.000679 seconds=0.05
epoch=55/80 loss=0.000177 seconds=0.05
epoch=56/80 loss=0.001938 seconds=0.05
epoch=57/80 loss=0.002413 seconds=0.05
epoch=58/80 loss=0.001040 seconds=0.03
epoch=59/80 loss=0.006242 seconds=0.05
epoch=60/80 loss=0.005019 seconds=0.05
epoch=61/80 loss=0.003167 seconds=0.05
epoch=62/80 loss=0.007706 seconds=0.05
epoch=63/80 loss=0.004732 seconds=0.05
epoch=64/80 loss=0.023795 seconds=0.05
epoch=65/80 loss=0.015958 seconds=0.05
epoch=66/80 loss=0.012535 seconds=0.05
epoch=67/80 loss=0.020313 seconds=0.05
epoch=68/80 loss=0.020447 seconds=0.06
epoch=69/80 loss=0.025751 seconds=0.05
epoch=70/80 loss=0.001243 seconds=0.06
epoch=71/80 loss=0.002169 seconds=0.05
epoch=72/80 loss=0.005308 seconds=0.05
epoch=73/80 loss=0.006801 seconds=0.05
epoch=74/80 loss=0.007980 seconds=0.05
epoch=75/80 loss=0.012580 seconds=0.05
epoch=76/80 loss=0.001444 seconds=0.05
epoch=77/80 loss=0.000264 seconds=0.05
epoch=78/80 loss=0.001705 seconds=0.05
epoch=79/80 loss=0.000446 seconds=0.05
epoch=80/80 loss=0.000265 seconds=0.06
fold=5/10 OOF_accuracy=0.700000 OOF_AUC=0.775120
Device=cuda; epochs=80; batch=32; model=ResNet1D
epoch=1/80 loss=0.281282 seconds=0.03
epoch=2/80 loss=0.068872 seconds=0.05
epoch=3/80 loss=0.056061 seconds=0.06
epoch=4/80 loss=0.045292 seconds=0.03
epoch=5/80 loss=0.021977 seconds=0.05
epoch=6/80 loss=0.018756 seconds=0.06
epoch=7/80 loss=0.007316 seconds=0.03
epoch=8/80 loss=0.025428 seconds=0.05
epoch=9/80 loss=0.022510 seconds=0.05
epoch=10/80 loss=0.004297 seconds=0.05
epoch=11/80 loss=0.009520 seconds=0.05
epoch=12/80 loss=0.024710 seconds=0.05
epoch=13/80 loss=0.006679 seconds=0.05
epoch=14/80 loss=0.006086 seconds=0.05
epoch=15/80 loss=0.002058 seconds=0.05
epoch=16/80 loss=0.004078 seconds=0.05
epoch=17/80 loss=0.002265 seconds=0.05
epoch=18/80 loss=0.001553 seconds=0.05
epoch=19/80 loss=0.001257 seconds=0.05
epoch=20/80 loss=0.001070 seconds=0.05
epoch=21/80 loss=0.001695 seconds=0.03
epoch=22/80 loss=0.001883 seconds=0.05
epoch=23/80 loss=0.002454 seconds=0.05
epoch=24/80 loss=0.001219 seconds=0.05
epoch=25/80 loss=0.001422 seconds=0.05
epoch=26/80 loss=0.000575 seconds=0.05
epoch=27/80 loss=0.000733 seconds=0.05
epoch=28/80 loss=0.001952 seconds=0.05
epoch=29/80 loss=0.025197 seconds=0.05
epoch=30/80 loss=0.022583 seconds=0.06
epoch=31/80 loss=0.013385 seconds=0.05
epoch=32/80 loss=0.030580 seconds=0.06
epoch=33/80 loss=0.006072 seconds=0.05
epoch=34/80 loss=0.007689 seconds=0.05
epoch=35/80 loss=0.002457 seconds=0.03
epoch=36/80 loss=0.004151 seconds=0.05
epoch=37/80 loss=0.001374 seconds=0.05
epoch=38/80 loss=0.003356 seconds=0.05
epoch=39/80 loss=0.000528 seconds=0.05
epoch=40/80 loss=0.000709 seconds=0.05
epoch=41/80 loss=0.003237 seconds=0.06
epoch=42/80 loss=0.000884 seconds=0.03
epoch=43/80 loss=0.000797 seconds=0.05
epoch=44/80 loss=0.001260 seconds=0.05
epoch=45/80 loss=0.001330 seconds=0.05
epoch=46/80 loss=0.001639 seconds=0.03
epoch=47/80 loss=0.000850 seconds=0.05
epoch=48/80 loss=0.000413 seconds=0.05
epoch=49/80 loss=0.002834 seconds=0.05
epoch=50/80 loss=0.000865 seconds=0.05
epoch=51/80 loss=0.007513 seconds=0.05
epoch=52/80 loss=0.001962 seconds=0.05
epoch=53/80 loss=0.001077 seconds=0.05
epoch=54/80 loss=0.016059 seconds=0.05
epoch=55/80 loss=0.058881 seconds=0.03
epoch=56/80 loss=0.047788 seconds=0.06
epoch=57/80 loss=0.039105 seconds=0.05
epoch=58/80 loss=0.011103 seconds=0.06
epoch=59/80 loss=0.009927 seconds=0.03
epoch=60/80 loss=0.001539 seconds=0.05
epoch=61/80 loss=0.003483 seconds=0.05
epoch=62/80 loss=0.001312 seconds=0.05
epoch=63/80 loss=0.001872 seconds=0.05
epoch=64/80 loss=0.003367 seconds=0.05
epoch=65/80 loss=0.002109 seconds=0.03
epoch=66/80 loss=0.000769 seconds=0.06
epoch=67/80 loss=0.000980 seconds=0.03
epoch=68/80 loss=0.000815 seconds=0.05
epoch=69/80 loss=0.000494 seconds=0.05
epoch=70/80 loss=0.000351 seconds=0.05
epoch=71/80 loss=0.000500 seconds=0.05
epoch=72/80 loss=0.001512 seconds=0.03
epoch=73/80 loss=0.000546 seconds=0.05
epoch=74/80 loss=0.000474 seconds=0.06
epoch=75/80 loss=0.000258 seconds=0.03
epoch=76/80 loss=0.000216 seconds=0.05
epoch=77/80 loss=0.000214 seconds=0.06
epoch=78/80 loss=0.000185 seconds=0.05
epoch=79/80 loss=0.000368 seconds=0.05
epoch=80/80 loss=0.000186 seconds=0.05
fold=6/10 OOF_accuracy=0.833333 OOF_AUC=0.856459
Device=cuda; epochs=80; batch=32; model=ResNet1D
epoch=1/80 loss=0.303030 seconds=0.05
epoch=2/80 loss=0.086851 seconds=0.05
epoch=3/80 loss=0.058008 seconds=0.05
epoch=4/80 loss=0.028795 seconds=0.05
epoch=5/80 loss=0.013807 seconds=0.06
epoch=6/80 loss=0.014284 seconds=0.05
epoch=7/80 loss=0.009190 seconds=0.05
epoch=8/80 loss=0.027444 seconds=0.05
epoch=9/80 loss=0.045499 seconds=0.05
epoch=10/80 loss=0.024953 seconds=0.05
epoch=11/80 loss=0.012836 seconds=0.03
epoch=12/80 loss=0.011032 seconds=0.06
epoch=13/80 loss=0.005273 seconds=0.06
epoch=14/80 loss=0.003763 seconds=0.03
epoch=15/80 loss=0.002231 seconds=0.06
epoch=16/80 loss=0.003533 seconds=0.05
epoch=17/80 loss=0.005086 seconds=0.05
epoch=18/80 loss=0.003432 seconds=0.05
epoch=19/80 loss=0.001905 seconds=0.05
epoch=20/80 loss=0.001530 seconds=0.05
epoch=21/80 loss=0.002695 seconds=0.05
epoch=22/80 loss=0.001611 seconds=0.05
epoch=23/80 loss=0.002269 seconds=0.05
epoch=24/80 loss=0.000991 seconds=0.05
epoch=25/80 loss=0.001261 seconds=0.03
epoch=26/80 loss=0.000686 seconds=0.05
epoch=27/80 loss=0.000617 seconds=0.05
epoch=28/80 loss=0.000788 seconds=0.05
epoch=29/80 loss=0.001691 seconds=0.03
epoch=30/80 loss=0.001321 seconds=0.05
epoch=31/80 loss=0.001382 seconds=0.05
epoch=32/80 loss=0.043842 seconds=0.05
epoch=33/80 loss=0.033208 seconds=0.03
epoch=34/80 loss=0.088197 seconds=0.05
epoch=35/80 loss=0.025984 seconds=0.05
epoch=36/80 loss=0.031881 seconds=0.05
epoch=37/80 loss=0.006533 seconds=0.06
epoch=38/80 loss=0.013770 seconds=0.05
epoch=39/80 loss=0.003169 seconds=0.06
epoch=40/80 loss=0.003612 seconds=0.05
epoch=41/80 loss=0.005734 seconds=0.03
epoch=42/80 loss=0.001811 seconds=0.05
epoch=43/80 loss=0.001125 seconds=0.05
epoch=44/80 loss=0.001038 seconds=0.03
epoch=45/80 loss=0.001773 seconds=0.05
epoch=46/80 loss=0.001491 seconds=0.05
epoch=47/80 loss=0.000741 seconds=0.05
epoch=48/80 loss=0.000688 seconds=0.05
epoch=49/80 loss=0.000936 seconds=0.05
epoch=50/80 loss=0.000606 seconds=0.05
epoch=51/80 loss=0.000661 seconds=0.05
epoch=52/80 loss=0.000935 seconds=0.05
epoch=53/80 loss=0.000601 seconds=0.05
epoch=54/80 loss=0.000600 seconds=0.05
epoch=55/80 loss=0.000341 seconds=0.06
epoch=56/80 loss=0.002595 seconds=0.05
epoch=57/80 loss=0.017532 seconds=0.05
epoch=58/80 loss=0.019322 seconds=0.03
epoch=59/80 loss=0.011903 seconds=0.05
epoch=60/80 loss=0.004569 seconds=0.05
epoch=61/80 loss=0.009920 seconds=0.03
epoch=62/80 loss=0.003118 seconds=0.05
epoch=63/80 loss=0.000782 seconds=0.05
epoch=64/80 loss=0.002806 seconds=0.06
epoch=65/80 loss=0.001535 seconds=0.05
epoch=66/80 loss=0.000567 seconds=0.05
epoch=67/80 loss=0.000442 seconds=0.05
epoch=68/80 loss=0.000650 seconds=0.05
epoch=69/80 loss=0.000337 seconds=0.03
epoch=70/80 loss=0.000309 seconds=0.06
epoch=71/80 loss=0.000386 seconds=0.05
epoch=72/80 loss=0.000783 seconds=0.05
epoch=73/80 loss=0.000510 seconds=0.05
epoch=74/80 loss=0.000556 seconds=0.05
epoch=75/80 loss=0.000260 seconds=0.05
epoch=76/80 loss=0.000213 seconds=0.05
epoch=77/80 loss=0.000159 seconds=0.06
epoch=78/80 loss=0.000144 seconds=0.06
epoch=79/80 loss=0.000226 seconds=0.05
epoch=80/80 loss=0.000169 seconds=0.05
fold=7/10 OOF_accuracy=0.733333 OOF_AUC=0.784689
Device=cuda; epochs=80; batch=32; model=ResNet1D
epoch=1/80 loss=0.308271 seconds=0.05
epoch=2/80 loss=0.080206 seconds=0.06
epoch=3/80 loss=0.080957 seconds=0.05
epoch=4/80 loss=0.037220 seconds=0.05
epoch=5/80 loss=0.040112 seconds=0.06
epoch=6/80 loss=0.024542 seconds=0.05
epoch=7/80 loss=0.016602 seconds=0.05
epoch=8/80 loss=0.030716 seconds=0.05
epoch=9/80 loss=0.029540 seconds=0.06
epoch=10/80 loss=0.013304 seconds=0.05
epoch=11/80 loss=0.016600 seconds=0.05
epoch=12/80 loss=0.039189 seconds=0.06
epoch=13/80 loss=0.009530 seconds=0.05
epoch=14/80 loss=0.006328 seconds=0.06
epoch=15/80 loss=0.002443 seconds=0.05
epoch=16/80 loss=0.002770 seconds=0.05
epoch=17/80 loss=0.002885 seconds=0.05
epoch=18/80 loss=0.002018 seconds=0.03
epoch=19/80 loss=0.003202 seconds=0.05
epoch=20/80 loss=0.005913 seconds=0.05
epoch=21/80 loss=0.009760 seconds=0.05
epoch=22/80 loss=0.025348 seconds=0.05
epoch=23/80 loss=0.009322 seconds=0.03
epoch=24/80 loss=0.040711 seconds=0.05
epoch=25/80 loss=0.023304 seconds=0.06
epoch=26/80 loss=0.008527 seconds=0.05
epoch=27/80 loss=0.012183 seconds=0.06
epoch=28/80 loss=0.006569 seconds=0.05
epoch=29/80 loss=0.005824 seconds=0.05
epoch=30/80 loss=0.001251 seconds=0.06
epoch=31/80 loss=0.002691 seconds=0.03
epoch=32/80 loss=0.037497 seconds=0.06
epoch=33/80 loss=0.043164 seconds=0.05
epoch=34/80 loss=0.007732 seconds=0.05
epoch=35/80 loss=0.004235 seconds=0.05
epoch=36/80 loss=0.002199 seconds=0.05
epoch=37/80 loss=0.005106 seconds=0.05
epoch=38/80 loss=0.001699 seconds=0.03
epoch=39/80 loss=0.002397 seconds=0.05
epoch=40/80 loss=0.002151 seconds=0.05
epoch=41/80 loss=0.002606 seconds=0.06
epoch=42/80 loss=0.000858 seconds=0.03
epoch=43/80 loss=0.000961 seconds=0.05
epoch=44/80 loss=0.000637 seconds=0.05
epoch=45/80 loss=0.005979 seconds=0.05
epoch=46/80 loss=0.000490 seconds=0.05
epoch=47/80 loss=0.004820 seconds=0.05
epoch=48/80 loss=0.000957 seconds=0.05
epoch=49/80 loss=0.015111 seconds=0.05
epoch=50/80 loss=0.024302 seconds=0.05
epoch=51/80 loss=0.005929 seconds=0.05
epoch=52/80 loss=0.001713 seconds=0.03
epoch=53/80 loss=0.000842 seconds=0.06
epoch=54/80 loss=0.001879 seconds=0.03
epoch=55/80 loss=0.006323 seconds=0.05
epoch=56/80 loss=0.025202 seconds=0.05
epoch=57/80 loss=0.071174 seconds=0.03
epoch=58/80 loss=0.024593 seconds=0.05
epoch=59/80 loss=0.007531 seconds=0.05
epoch=60/80 loss=0.005149 seconds=0.05
epoch=61/80 loss=0.002241 seconds=0.03
epoch=62/80 loss=0.008519 seconds=0.05
epoch=63/80 loss=0.002713 seconds=0.06
epoch=64/80 loss=0.004782 seconds=0.05
epoch=65/80 loss=0.000983 seconds=0.03
epoch=66/80 loss=0.001299 seconds=0.05
epoch=67/80 loss=0.000484 seconds=0.05
epoch=68/80 loss=0.000871 seconds=0.05
epoch=69/80 loss=0.000515 seconds=0.05
epoch=70/80 loss=0.000340 seconds=0.05
epoch=71/80 loss=0.000553 seconds=0.03
epoch=72/80 loss=0.001154 seconds=0.05
epoch=73/80 loss=0.001046 seconds=0.05
epoch=74/80 loss=0.000633 seconds=0.05
epoch=75/80 loss=0.000344 seconds=0.05
epoch=76/80 loss=0.000247 seconds=0.05
epoch=77/80 loss=0.000211 seconds=0.05
epoch=78/80 loss=0.000273 seconds=0.05
epoch=79/80 loss=0.000246 seconds=0.05
epoch=80/80 loss=0.000269 seconds=0.05
fold=8/10 OOF_accuracy=0.733333 OOF_AUC=0.703349
Device=cuda; epochs=80; batch=32; model=ResNet1D
epoch=1/80 loss=0.304102 seconds=0.05
epoch=2/80 loss=0.085561 seconds=0.06
epoch=3/80 loss=0.054759 seconds=0.03
epoch=4/80 loss=0.030891 seconds=0.05
epoch=5/80 loss=0.019726 seconds=0.05
epoch=6/80 loss=0.017972 seconds=0.03
epoch=7/80 loss=0.015265 seconds=0.05
epoch=8/80 loss=0.042025 seconds=0.05
epoch=9/80 loss=0.022165 seconds=0.05
epoch=10/80 loss=0.006664 seconds=0.05
epoch=11/80 loss=0.005389 seconds=0.05
epoch=12/80 loss=0.005100 seconds=0.05
epoch=13/80 loss=0.002982 seconds=0.05
epoch=14/80 loss=0.002779 seconds=0.05
epoch=15/80 loss=0.003173 seconds=0.05
epoch=16/80 loss=0.002877 seconds=0.05
epoch=17/80 loss=0.003064 seconds=0.05
epoch=18/80 loss=0.007990 seconds=0.05
epoch=19/80 loss=0.008519 seconds=0.05
epoch=20/80 loss=0.002316 seconds=0.06
epoch=21/80 loss=0.010017 seconds=0.05
epoch=22/80 loss=0.010599 seconds=0.05
epoch=23/80 loss=0.003648 seconds=0.03
epoch=24/80 loss=0.007181 seconds=0.05
epoch=25/80 loss=0.048735 seconds=0.05
epoch=26/80 loss=0.065169 seconds=0.05
epoch=27/80 loss=0.007163 seconds=0.05
epoch=28/80 loss=0.014714 seconds=0.03
epoch=29/80 loss=0.012098 seconds=0.05
epoch=30/80 loss=0.004157 seconds=0.05
epoch=31/80 loss=0.002878 seconds=0.05
epoch=32/80 loss=0.033250 seconds=0.05
epoch=33/80 loss=0.008844 seconds=0.05
epoch=34/80 loss=0.026648 seconds=0.05
epoch=35/80 loss=0.009502 seconds=0.05
epoch=36/80 loss=0.014741 seconds=0.05
epoch=37/80 loss=0.003415 seconds=0.03
epoch=38/80 loss=0.004449 seconds=0.06
epoch=39/80 loss=0.001020 seconds=0.05
epoch=40/80 loss=0.000952 seconds=0.05
epoch=41/80 loss=0.001222 seconds=0.05
epoch=42/80 loss=0.000924 seconds=0.05
epoch=43/80 loss=0.001429 seconds=0.05
epoch=44/80 loss=0.000646 seconds=0.05
epoch=45/80 loss=0.001466 seconds=0.05
epoch=46/80 loss=0.000431 seconds=0.05
epoch=47/80 loss=0.000547 seconds=0.05
epoch=48/80 loss=0.000530 seconds=0.03
epoch=49/80 loss=0.001887 seconds=0.06
epoch=50/80 loss=0.000565 seconds=0.03
epoch=51/80 loss=0.000533 seconds=0.05
epoch=52/80 loss=0.000781 seconds=0.05
epoch=53/80 loss=0.000361 seconds=0.03
epoch=54/80 loss=0.000465 seconds=0.05
epoch=55/80 loss=0.000231 seconds=0.05
epoch=56/80 loss=0.002839 seconds=0.05
epoch=57/80 loss=0.006758 seconds=0.05
epoch=58/80 loss=0.001834 seconds=0.05
epoch=59/80 loss=0.006454 seconds=0.05
epoch=60/80 loss=0.000353 seconds=0.05
epoch=61/80 loss=0.000274 seconds=0.05
epoch=62/80 loss=0.000414 seconds=0.06
epoch=63/80 loss=0.000280 seconds=0.06
epoch=64/80 loss=0.002054 seconds=0.05
epoch=65/80 loss=0.000443 seconds=0.05
epoch=66/80 loss=0.000294 seconds=0.06
epoch=67/80 loss=0.000203 seconds=0.05
epoch=68/80 loss=0.000275 seconds=0.05
epoch=69/80 loss=0.000153 seconds=0.05
epoch=70/80 loss=0.000177 seconds=0.05
epoch=71/80 loss=0.000255 seconds=0.06
epoch=72/80 loss=0.000513 seconds=0.05
epoch=73/80 loss=0.008082 seconds=0.06
epoch=74/80 loss=0.006928 seconds=0.06
epoch=75/80 loss=0.001642 seconds=0.05
epoch=76/80 loss=0.000545 seconds=0.05
epoch=77/80 loss=0.000522 seconds=0.05
epoch=78/80 loss=0.000231 seconds=0.05
epoch=79/80 loss=0.000280 seconds=0.05
epoch=80/80 loss=0.000201 seconds=0.03
fold=9/10 OOF_accuracy=0.766667 OOF_AUC=0.779904
Device=cuda; epochs=80; batch=32; model=ResNet1D
epoch=1/80 loss=0.292074 seconds=0.05
epoch=2/80 loss=0.094126 seconds=0.05
epoch=3/80 loss=0.062045 seconds=0.05
epoch=4/80 loss=0.033434 seconds=0.05
epoch=5/80 loss=0.018550 seconds=0.05
epoch=6/80 loss=0.023987 seconds=0.06
epoch=7/80 loss=0.006371 seconds=0.05
epoch=8/80 loss=0.024332 seconds=0.05
epoch=9/80 loss=0.019223 seconds=0.05
epoch=10/80 loss=0.016425 seconds=0.05
epoch=11/80 loss=0.006375 seconds=0.05
epoch=12/80 loss=0.009721 seconds=0.05
epoch=13/80 loss=0.003739 seconds=0.05
epoch=14/80 loss=0.002612 seconds=0.05
epoch=15/80 loss=0.002004 seconds=0.05
epoch=16/80 loss=0.001966 seconds=0.05
epoch=17/80 loss=0.001742 seconds=0.05
epoch=18/80 loss=0.002165 seconds=0.05
epoch=19/80 loss=0.001403 seconds=0.05
epoch=20/80 loss=0.001568 seconds=0.05
epoch=21/80 loss=0.007244 seconds=0.05
epoch=22/80 loss=0.005030 seconds=0.05
epoch=23/80 loss=0.010219 seconds=0.03
epoch=24/80 loss=0.013582 seconds=0.06
epoch=25/80 loss=0.016953 seconds=0.06
epoch=26/80 loss=0.003731 seconds=0.05
epoch=27/80 loss=0.037476 seconds=0.06
epoch=28/80 loss=0.036433 seconds=0.05
epoch=29/80 loss=0.026300 seconds=0.05
epoch=30/80 loss=0.014012 seconds=0.05
epoch=31/80 loss=0.006155 seconds=0.05
epoch=32/80 loss=0.041028 seconds=0.05
epoch=33/80 loss=0.003607 seconds=0.05
epoch=34/80 loss=0.015717 seconds=0.05
epoch=35/80 loss=0.014514 seconds=0.05
epoch=36/80 loss=0.002138 seconds=0.05
epoch=37/80 loss=0.002682 seconds=0.05
epoch=38/80 loss=0.001521 seconds=0.05
epoch=39/80 loss=0.001233 seconds=0.06
epoch=40/80 loss=0.001208 seconds=0.03
epoch=41/80 loss=0.002202 seconds=0.05
epoch=42/80 loss=0.001044 seconds=0.05
epoch=43/80 loss=0.000768 seconds=0.03
epoch=44/80 loss=0.000691 seconds=0.05
epoch=45/80 loss=0.003113 seconds=0.06
epoch=46/80 loss=0.000662 seconds=0.05
epoch=47/80 loss=0.000585 seconds=0.05
epoch=48/80 loss=0.000400 seconds=0.05
epoch=49/80 loss=0.002236 seconds=0.05
epoch=50/80 loss=0.002031 seconds=0.06
epoch=51/80 loss=0.000564 seconds=0.05
epoch=52/80 loss=0.001477 seconds=0.05
epoch=53/80 loss=0.000488 seconds=0.05
epoch=54/80 loss=0.000617 seconds=0.05
epoch=55/80 loss=0.000921 seconds=0.05
epoch=56/80 loss=0.004789 seconds=0.05
epoch=57/80 loss=0.016100 seconds=0.05
epoch=58/80 loss=0.008217 seconds=0.05
epoch=59/80 loss=0.007346 seconds=0.05
epoch=60/80 loss=0.000743 seconds=0.05
epoch=61/80 loss=0.002162 seconds=0.06
epoch=62/80 loss=0.013892 seconds=0.03
epoch=63/80 loss=0.002527 seconds=0.06
epoch=64/80 loss=0.007969 seconds=0.06
epoch=65/80 loss=0.001420 seconds=0.05
epoch=66/80 loss=0.000337 seconds=0.05
epoch=67/80 loss=0.000252 seconds=0.05
epoch=68/80 loss=0.000664 seconds=0.05
epoch=69/80 loss=0.000343 seconds=0.05
epoch=70/80 loss=0.000232 seconds=0.03
epoch=71/80 loss=0.000387 seconds=0.05
epoch=72/80 loss=0.001576 seconds=0.05
epoch=73/80 loss=0.001402 seconds=0.05
epoch=74/80 loss=0.000857 seconds=0.05
epoch=75/80 loss=0.000331 seconds=0.06
epoch=76/80 loss=0.000411 seconds=0.03
epoch=77/80 loss=0.000199 seconds=0.06
epoch=78/80 loss=0.000634 seconds=0.03
epoch=79/80 loss=0.000155 seconds=0.05
epoch=80/80 loss=0.000230 seconds=0.05
fold=10/10 OOF_accuracy=0.633333 OOF_AUC=0.763158
Frozen Train OOF threshold=0.99685871601104736; objective=accuracy; OOF selection accuracy=0.766667
Device=cuda; epochs=80; batch=32; model=ResNet1D
epoch=1/80 loss=0.263493 seconds=0.06
epoch=2/80 loss=0.092613 seconds=0.05
epoch=3/80 loss=0.053623 seconds=0.06
epoch=4/80 loss=0.027709 seconds=0.06
epoch=5/80 loss=0.022030 seconds=0.06
epoch=6/80 loss=0.028267 seconds=0.05
epoch=7/80 loss=0.037110 seconds=0.06
epoch=8/80 loss=0.034678 seconds=0.06
epoch=9/80 loss=0.029867 seconds=0.05
epoch=10/80 loss=0.041009 seconds=0.06
epoch=11/80 loss=0.014600 seconds=0.05
epoch=12/80 loss=0.016719 seconds=0.06
epoch=13/80 loss=0.020530 seconds=0.05
epoch=14/80 loss=0.009315 seconds=0.06
epoch=15/80 loss=0.021783 seconds=0.05
epoch=16/80 loss=0.003765 seconds=0.05
epoch=17/80 loss=0.036713 seconds=0.05
epoch=18/80 loss=0.008152 seconds=0.06
epoch=19/80 loss=0.018524 seconds=0.05
epoch=20/80 loss=0.035207 seconds=0.05
epoch=21/80 loss=0.008253 seconds=0.03
epoch=22/80 loss=0.004425 seconds=0.05
epoch=23/80 loss=0.004424 seconds=0.05
epoch=24/80 loss=0.005375 seconds=0.05
epoch=25/80 loss=0.003838 seconds=0.05
epoch=26/80 loss=0.016466 seconds=0.05
epoch=27/80 loss=0.003848 seconds=0.03
epoch=28/80 loss=0.004682 seconds=0.05
epoch=29/80 loss=0.002300 seconds=0.05
epoch=30/80 loss=0.002982 seconds=0.05
epoch=31/80 loss=0.002788 seconds=0.05
epoch=32/80 loss=0.001755 seconds=0.05
epoch=33/80 loss=0.000976 seconds=0.05
epoch=34/80 loss=0.001407 seconds=0.05
epoch=35/80 loss=0.001200 seconds=0.05
epoch=36/80 loss=0.000540 seconds=0.05
epoch=37/80 loss=0.000330 seconds=0.05
epoch=38/80 loss=0.001444 seconds=0.05
epoch=39/80 loss=0.001252 seconds=0.05
epoch=40/80 loss=0.000764 seconds=0.05
epoch=41/80 loss=0.001813 seconds=0.06
epoch=42/80 loss=0.008539 seconds=0.05
epoch=43/80 loss=0.048126 seconds=0.05
epoch=44/80 loss=0.004759 seconds=0.05
epoch=45/80 loss=0.003523 seconds=0.03
epoch=46/80 loss=0.001673 seconds=0.05
epoch=47/80 loss=0.000865 seconds=0.06
epoch=48/80 loss=0.000990 seconds=0.05
epoch=49/80 loss=0.002954 seconds=0.05
epoch=50/80 loss=0.002266 seconds=0.05
epoch=51/80 loss=0.019474 seconds=0.05
epoch=52/80 loss=0.025049 seconds=0.05
epoch=53/80 loss=0.132835 seconds=0.05
epoch=54/80 loss=0.076817 seconds=0.05
epoch=55/80 loss=0.016906 seconds=0.05
epoch=56/80 loss=0.012657 seconds=0.05
epoch=57/80 loss=0.011485 seconds=0.05
epoch=58/80 loss=0.013218 seconds=0.03
epoch=59/80 loss=0.039900 seconds=0.06
epoch=60/80 loss=0.020864 seconds=0.05
epoch=61/80 loss=0.010457 seconds=0.05
epoch=62/80 loss=0.007192 seconds=0.03
epoch=63/80 loss=0.003508 seconds=0.05
epoch=64/80 loss=0.002611 seconds=0.05
epoch=65/80 loss=0.002854 seconds=0.05
epoch=66/80 loss=0.007044 seconds=0.05
epoch=67/80 loss=0.005660 seconds=0.05
epoch=68/80 loss=0.001994 seconds=0.06
epoch=69/80 loss=0.018848 seconds=0.05
epoch=70/80 loss=0.011315 seconds=0.05
epoch=71/80 loss=0.007827 seconds=0.05
epoch=72/80 loss=0.007273 seconds=0.05
epoch=73/80 loss=0.001019 seconds=0.05
epoch=74/80 loss=0.005023 seconds=0.05
epoch=75/80 loss=0.000932 seconds=0.05
epoch=76/80 loss=0.022345 seconds=0.05
epoch=77/80 loss=0.043629 seconds=0.05
epoch=78/80 loss=0.048385 seconds=0.05
epoch=79/80 loss=0.010524 seconds=0.05
epoch=80/80 loss=0.009272 seconds=0.06
{"cv_oof": {"accuracy": 0.7333333333333333, "balanced_accuracy": 0.6964699074074074, "sensitivity": 0.5648148148148148, "specificity": 0.828125, "f1_macro": 0.701477685456988, "roc_auc": 0.748070987654321, "confusion_matrix": [[159, 33], [47, 61]], "classification_report": {"0": {"precision": 0.7718446601941747, "recall": 0.828125, "f1-score": 0.7989949748743719, "support": 192.0}, "1": {"precision": 0.648936170212766, "recall": 0.5648148148148148, "f1-score": 0.6039603960396039, "support": 108.0}, "accuracy": 0.7333333333333333, "macro avg": {"precision": 0.7103904152034703, "recall": 0.6964699074074074, "f1-score": 0.701477685456988, "support": 300.0}, "weighted avg": {"precision": 0.7275976038008676, "recall": 0.7333333333333333, "f1-score": 0.7287825264938554, "support": 300.0}}}, "test": {"accuracy": 0.821917808219178, "balanced_accuracy": 0.7671849427168576, "sensitivity": 0.5769230769230769, "specificity": 0.9574468085106383, "f1_macro": 0.7857304131858207, "roc_auc": 0.8715220949263502, "confusion_matrix": [[45, 2], [11, 15]], "classification_report": {"0": {"precision": 0.8035714285714286, "recall": 0.9574468085106383, "f1-score": 0.8737864077669902, "support": 47.0}, "1": {"precision": 0.8823529411764706, "recall": 0.5769230769230769, "f1-score": 0.6976744186046512, "support": 26.0}, "accuracy": 0.821917808219178, "macro avg": {"precision": 0.8429621848739496, "recall": 0.7671849427168576, "f1-score": 0.7857304131858207, "support": 73.0}, "weighted avg": {"precision": 0.8316305974444573, "recall": 0.821917808219178, "f1-score": 0.8110615897091709, "support": 73.0}}}, "folds": 10, "original_train_rows": 300, "train_rows": 384, "test_rows": 73, "elapsed_seconds": 45.82799999997951, "test_default": {"accuracy": 0.7808219178082192, "balanced_accuracy": 0.7696399345335515, "sensitivity": 0.7307692307692307, "specificity": 0.8085106382978723, "f1_macro": 0.7648953301127215, "roc_auc": 0.8715220949263502, "confusion_matrix": [[38, 9], [7, 19]], "classification_report": {"0": {"precision": 0.8444444444444444, "recall": 0.8085106382978723, "f1-score": 0.8260869565217391, "support": 47.0}, "1": {"precision": 0.6785714285714286, "recall": 0.7307692307692307, "f1-score": 0.7037037037037037, "support": 26.0}, "accuracy": 0.7808219178082192, "macro avg": {"precision": 0.7615079365079365, "recall": 0.7696399345335515, "f1-score": 0.7648953301127215, "support": 73.0}, "weighted avg": {"precision": 0.785366383996521, "recall": 0.7808219178082192, "f1-score": 0.7824984007235348, "support": 73.0}}}, "decision_threshold": 0.9968587160110474, "oof_threshold_selection": {"accuracy": 0.7666666666666667, "balanced_accuracy": 0.7164351851851852, "sensitivity": 0.5370370370370371, "specificity": 0.8958333333333334, "f1_macro": 0.727286894187315, "roc_auc": 0.748070987654321, "confusion_matrix": [[172, 20], [50, 58]], "classification_report": {"0": {"precision": 0.7747747747747747, "recall": 0.8958333333333334, "f1-score": 0.8309178743961353, "support": 192.0}, "1": {"precision": 0.7435897435897436, "recall": 0.5370370370370371, "f1-score": 0.6236559139784946, "support": 108.0}, "accuracy": 0.7666666666666667, "macro avg": {"precision": 0.7591822591822592, "recall": 0.7164351851851852, "f1-score": 0.727286894187315, "support": 300.0}, "weighted avg": {"precision": 0.7635481635481635, "recall": 0.7666666666666667, "f1-score": 0.7563035686457846, "support": 300.0}}}, "test_accuracy_change": 0.041095890410958846}
