Command: ["C:\\Users\\IHCK\\AppData\\Local\\Programs\\Python\\Python312\\python.exe", "-u", "C:\\Users\\IHCK\\Desktop\\1_10_69Final\\Hippocampal-Shape-Analysis-for-Epilepsy-Detection\\Model\\train_dataset_model.py", "--dataset", "coef_raw", "--side", "left", "--model", "MLP", "--kind", "coef", "--train-csv", "C:\\Users\\IHCK\\Desktop\\1_10_69Final\\Hippocampal-Shape-Analysis-for-Epilepsy-Detection\\Output_Dataset\\coef_raw\\left\\train_prepared.csv", "--test-csv", "C:\\Users\\IHCK\\Desktop\\1_10_69Final\\Hippocampal-Shape-Analysis-for-Epilepsy-Detection\\Output_Dataset\\coef_raw\\left\\test_prepared.csv", "--output-dir", "C:\\Users\\IHCK\\Desktop\\1_10_69Final\\Hippocampal-Shape-Analysis-for-Epilepsy-Detection\\Model_Results\\dataset_runs_20261003_oof_threshold\\coef_raw\\left\\MLP", "--epochs", "80", "--folds", "10", "--pls-components", "8", "--seed", "42", "--threads", "2", "--tune-threshold"]
10-fold CV: dataset=coef_raw side=left model=MLP; original_train=300 test=73
Iteration 1, loss = 0.71057264
Iteration 2, loss = 0.58147319
Iteration 3, loss = 0.48049812
Iteration 4, loss = 0.39833977
Iteration 5, loss = 0.33303559
Iteration 6, loss = 0.28070210
Iteration 7, loss = 0.23850276
Iteration 8, loss = 0.20273691
Iteration 9, loss = 0.17420205
Iteration 10, loss = 0.15025159
Iteration 11, loss = 0.12843506
Iteration 12, loss = 0.11054138
Iteration 13, loss = 0.09570080
Iteration 14, loss = 0.08303595
Iteration 15, loss = 0.07232485
Iteration 16, loss = 0.06368998
Iteration 17, loss = 0.05613917
Iteration 18, loss = 0.04973381
Iteration 19, loss = 0.04457940
Iteration 20, loss = 0.03996264
Iteration 21, loss = 0.03601107
Iteration 22, loss = 0.03242895
Iteration 23, loss = 0.02933335
Iteration 24, loss = 0.02689761
Iteration 25, loss = 0.02444183
Iteration 26, loss = 0.02245821
Iteration 27, loss = 0.02061422
Iteration 28, loss = 0.01900616
Iteration 29, loss = 0.01767780
Iteration 30, loss = 0.01657860
Iteration 31, loss = 0.01548136
Iteration 32, loss = 0.01435108
Iteration 33, loss = 0.01342520
Iteration 34, loss = 0.01265002
Iteration 35, loss = 0.01191702
Iteration 36, loss = 0.01119666
Iteration 37, loss = 0.01059361
Iteration 38, loss = 0.01002797
Iteration 39, loss = 0.00951891
Iteration 40, loss = 0.00915050
Iteration 41, loss = 0.00885131
Iteration 42, loss = 0.00845076
Iteration 43, loss = 0.00805892
Iteration 44, loss = 0.00771569
Iteration 45, loss = 0.00736418
Iteration 46, loss = 0.00706442
Iteration 47, loss = 0.00681656
Iteration 48, loss = 0.00655844
Iteration 49, loss = 0.00635155
Iteration 50, loss = 0.00612377
Iteration 51, loss = 0.00594367
Iteration 52, loss = 0.00575678
Iteration 53, loss = 0.00552767
Iteration 54, loss = 0.00538352
Iteration 55, loss = 0.00518652
Iteration 56, loss = 0.00504070
Iteration 57, loss = 0.00489709
Iteration 58, loss = 0.00474376
Iteration 59, loss = 0.00468264
Iteration 60, loss = 0.00452210
Iteration 61, loss = 0.00440460
Iteration 62, loss = 0.00428808
Iteration 63, loss = 0.00418239
Iteration 64, loss = 0.00408507
Iteration 65, loss = 0.00399811
Iteration 66, loss = 0.00388593
Iteration 67, loss = 0.00379440
Iteration 68, loss = 0.00368124
Iteration 69, loss = 0.00358130
Iteration 70, loss = 0.00351434
Iteration 71, loss = 0.00341613
Iteration 72, loss = 0.00334114
Iteration 73, loss = 0.00326482
Iteration 74, loss = 0.00319520
Iteration 75, loss = 0.00313121
Iteration 76, loss = 0.00307067
Iteration 77, loss = 0.00301452
Iteration 78, loss = 0.00295944
Iteration 79, loss = 0.00290162
Training loss did not improve more than tol=0.000100 for 10 consecutive epochs. Stopping.
fold=1/10 OOF_accuracy=0.766667 OOF_AUC=0.740000
Iteration 1, loss = 0.71065823
Iteration 2, loss = 0.57957431
Iteration 3, loss = 0.47841297
Iteration 4, loss = 0.39812324
Iteration 5, loss = 0.33229289
Iteration 6, loss = 0.27977118
Iteration 7, loss = 0.23539731
Iteration 8, loss = 0.19912754
Iteration 9, loss = 0.16798859
Iteration 10, loss = 0.14335756
Iteration 11, loss = 0.12217801
Iteration 12, loss = 0.10507625
Iteration 13, loss = 0.09066812
Iteration 14, loss = 0.07864168
Iteration 15, loss = 0.06862700
Iteration 16, loss = 0.06020306
Iteration 17, loss = 0.05309498
Iteration 18, loss = 0.04706626
Iteration 19, loss = 0.04196864
Iteration 20, loss = 0.03764128
Iteration 21, loss = 0.03424965
Iteration 22, loss = 0.03112438
Iteration 23, loss = 0.02846330
Iteration 24, loss = 0.02606949
Iteration 25, loss = 0.02405913
Iteration 26, loss = 0.02215993
Iteration 27, loss = 0.02055689
Iteration 28, loss = 0.01909445
Iteration 29, loss = 0.01787750
Iteration 30, loss = 0.01660156
Iteration 31, loss = 0.01554150
Iteration 32, loss = 0.01468459
Iteration 33, loss = 0.01387391
Iteration 34, loss = 0.01313722
Iteration 35, loss = 0.01246352
Iteration 36, loss = 0.01181707
Iteration 37, loss = 0.01126575
Iteration 38, loss = 0.01069231
Iteration 39, loss = 0.01016538
Iteration 40, loss = 0.00970866
Iteration 41, loss = 0.00934297
Iteration 42, loss = 0.00900970
Iteration 43, loss = 0.00870266
Iteration 44, loss = 0.00836567
Iteration 45, loss = 0.00800759
Iteration 46, loss = 0.00769387
Iteration 47, loss = 0.00739351
Iteration 48, loss = 0.00709403
Iteration 49, loss = 0.00688457
Iteration 50, loss = 0.00664264
Iteration 51, loss = 0.00646574
Iteration 52, loss = 0.00624106
Iteration 53, loss = 0.00603874
Iteration 54, loss = 0.00587321
Iteration 55, loss = 0.00568551
Iteration 56, loss = 0.00550746
Iteration 57, loss = 0.00533445
Iteration 58, loss = 0.00518420
Iteration 59, loss = 0.00502897
Iteration 60, loss = 0.00489448
Iteration 61, loss = 0.00476677
Iteration 62, loss = 0.00465093
Iteration 63, loss = 0.00452975
Iteration 64, loss = 0.00439701
Iteration 65, loss = 0.00429807
Iteration 66, loss = 0.00414428
Iteration 67, loss = 0.00404661
Iteration 68, loss = 0.00393816
Iteration 69, loss = 0.00386172
Iteration 70, loss = 0.00376727
Iteration 71, loss = 0.00367355
Iteration 72, loss = 0.00358434
Iteration 73, loss = 0.00349418
Iteration 74, loss = 0.00341058
Iteration 75, loss = 0.00333302
Iteration 76, loss = 0.00326512
Iteration 77, loss = 0.00319301
Iteration 78, loss = 0.00312438
Iteration 79, loss = 0.00304756
Training loss did not improve more than tol=0.000100 for 10 consecutive epochs. Stopping.
fold=2/10 OOF_accuracy=0.733333 OOF_AUC=0.660000
Iteration 1, loss = 0.66064520
Iteration 2, loss = 0.52730426
Iteration 3, loss = 0.42772650
Iteration 4, loss = 0.34982164
Iteration 5, loss = 0.29121419
Iteration 6, loss = 0.24552072
Iteration 7, loss = 0.20937542
Iteration 8, loss = 0.17917420
Iteration 9, loss = 0.15412833
Iteration 10, loss = 0.13355434
Iteration 11, loss = 0.11635727
Iteration 12, loss = 0.10097581
Iteration 13, loss = 0.08817835
Iteration 14, loss = 0.07713318
Iteration 15, loss = 0.06818232
Iteration 16, loss = 0.06028605
Iteration 17, loss = 0.05356506
Iteration 18, loss = 0.04764240
Iteration 19, loss = 0.04266544
Iteration 20, loss = 0.03841597
Iteration 21, loss = 0.03453099
Iteration 22, loss = 0.03125992
Iteration 23, loss = 0.02829948
Iteration 24, loss = 0.02583977
Iteration 25, loss = 0.02351652
Iteration 26, loss = 0.02149895
Iteration 27, loss = 0.01979827
Iteration 28, loss = 0.01823372
Iteration 29, loss = 0.01691827
Iteration 30, loss = 0.01572830
Iteration 31, loss = 0.01462420
Iteration 32, loss = 0.01364387
Iteration 33, loss = 0.01284438
Iteration 34, loss = 0.01202000
Iteration 35, loss = 0.01134593
Iteration 36, loss = 0.01067341
Iteration 37, loss = 0.01006128
Iteration 38, loss = 0.00950257
Iteration 39, loss = 0.00897096
Iteration 40, loss = 0.00854894
Iteration 41, loss = 0.00813728
Iteration 42, loss = 0.00777794
Iteration 43, loss = 0.00740269
Iteration 44, loss = 0.00708936
Iteration 45, loss = 0.00677084
Iteration 46, loss = 0.00648142
Iteration 47, loss = 0.00622017
Iteration 48, loss = 0.00597052
Iteration 49, loss = 0.00573839
Iteration 50, loss = 0.00552615
Iteration 51, loss = 0.00534045
Iteration 52, loss = 0.00513831
Iteration 53, loss = 0.00496599
Iteration 54, loss = 0.00481178
Iteration 55, loss = 0.00464976
Iteration 56, loss = 0.00451045
Iteration 57, loss = 0.00436689
Iteration 58, loss = 0.00424102
Iteration 59, loss = 0.00410430
Iteration 60, loss = 0.00399236
Iteration 61, loss = 0.00388152
Iteration 62, loss = 0.00377222
Iteration 63, loss = 0.00366905
Iteration 64, loss = 0.00356373
Iteration 65, loss = 0.00346799
Iteration 66, loss = 0.00338208
Iteration 67, loss = 0.00329762
Iteration 68, loss = 0.00321640
Iteration 69, loss = 0.00313189
Iteration 70, loss = 0.00306127
Iteration 71, loss = 0.00298764
Iteration 72, loss = 0.00292340
Iteration 73, loss = 0.00286239
Iteration 74, loss = 0.00279390
Iteration 75, loss = 0.00272349
Training loss did not improve more than tol=0.000100 for 10 consecutive epochs. Stopping.
fold=3/10 OOF_accuracy=0.733333 OOF_AUC=0.746411
Iteration 1, loss = 0.68654141
Iteration 2, loss = 0.54686423
Iteration 3, loss = 0.43943017
Iteration 4, loss = 0.35440133
Iteration 5, loss = 0.28946969
Iteration 6, loss = 0.23892997
Iteration 7, loss = 0.19994897
Iteration 8, loss = 0.16941729
Iteration 9, loss = 0.14455469
Iteration 10, loss = 0.12492134
Iteration 11, loss = 0.10822169
Iteration 12, loss = 0.09478248
Iteration 13, loss = 0.08236893
Iteration 14, loss = 0.07287999
Iteration 15, loss = 0.06368527
Iteration 16, loss = 0.05652848
Iteration 17, loss = 0.05014624
Iteration 18, loss = 0.04441915
Iteration 19, loss = 0.04006094
Iteration 20, loss = 0.03590141
Iteration 21, loss = 0.03261181
Iteration 22, loss = 0.02954458
Iteration 23, loss = 0.02673422
Iteration 24, loss = 0.02459670
Iteration 25, loss = 0.02239909
Iteration 26, loss = 0.02059626
Iteration 27, loss = 0.01898755
Iteration 28, loss = 0.01764306
Iteration 29, loss = 0.01632658
Iteration 30, loss = 0.01524065
Iteration 31, loss = 0.01428256
Iteration 32, loss = 0.01337943
Iteration 33, loss = 0.01256129
Iteration 34, loss = 0.01179198
Iteration 35, loss = 0.01112356
Iteration 36, loss = 0.01047591
Iteration 37, loss = 0.00997414
Iteration 38, loss = 0.00946147
Iteration 39, loss = 0.00897176
Iteration 40, loss = 0.00855462
Iteration 41, loss = 0.00822185
Iteration 42, loss = 0.00784209
Iteration 43, loss = 0.00750858
Iteration 44, loss = 0.00719348
Iteration 45, loss = 0.00689192
Iteration 46, loss = 0.00662116
Iteration 47, loss = 0.00636870
Iteration 48, loss = 0.00610518
Iteration 49, loss = 0.00591066
Iteration 50, loss = 0.00569473
Iteration 51, loss = 0.00551294
Iteration 52, loss = 0.00535600
Iteration 53, loss = 0.00517120
Iteration 54, loss = 0.00500485
Iteration 55, loss = 0.00484848
Iteration 56, loss = 0.00472983
Iteration 57, loss = 0.00456306
Iteration 58, loss = 0.00443372
Iteration 59, loss = 0.00432877
Iteration 60, loss = 0.00421181
Iteration 61, loss = 0.00409905
Iteration 62, loss = 0.00399587
Iteration 63, loss = 0.00388877
Iteration 64, loss = 0.00379596
Iteration 65, loss = 0.00368708
Iteration 66, loss = 0.00359034
Iteration 67, loss = 0.00350178
Iteration 68, loss = 0.00341045
Iteration 69, loss = 0.00332876
Iteration 70, loss = 0.00325569
Iteration 71, loss = 0.00317040
Iteration 72, loss = 0.00310458
Iteration 73, loss = 0.00301827
Iteration 74, loss = 0.00295653
Iteration 75, loss = 0.00290586
Iteration 76, loss = 0.00285083
Training loss did not improve more than tol=0.000100 for 10 consecutive epochs. Stopping.
fold=4/10 OOF_accuracy=0.766667 OOF_AUC=0.760766
Iteration 1, loss = 0.69879253
Iteration 2, loss = 0.55976405
Iteration 3, loss = 0.45097435
Iteration 4, loss = 0.36471182
Iteration 5, loss = 0.29995591
Iteration 6, loss = 0.24840757
Iteration 7, loss = 0.20849728
Iteration 8, loss = 0.17756594
Iteration 9, loss = 0.15287053
Iteration 10, loss = 0.13301469
Iteration 11, loss = 0.11649746
Iteration 12, loss = 0.10268842
Iteration 13, loss = 0.09155096
Iteration 14, loss = 0.08162834
Iteration 15, loss = 0.07315636
Iteration 16, loss = 0.06560871
Iteration 17, loss = 0.05876448
Iteration 18, loss = 0.05292999
Iteration 19, loss = 0.04800468
Iteration 20, loss = 0.04366649
Iteration 21, loss = 0.04034591
Iteration 22, loss = 0.03737729
Iteration 23, loss = 0.03489212
Iteration 24, loss = 0.03306546
Iteration 25, loss = 0.03107758
Iteration 26, loss = 0.02923142
Iteration 27, loss = 0.02769872
Iteration 28, loss = 0.02645953
Iteration 29, loss = 0.02490502
Iteration 30, loss = 0.02353625
Iteration 31, loss = 0.02219836
Iteration 32, loss = 0.02144807
Iteration 33, loss = 0.02028811
Iteration 34, loss = 0.01949802
Iteration 35, loss = 0.01868072
Iteration 36, loss = 0.01805594
Iteration 37, loss = 0.01737226
Iteration 38, loss = 0.01680160
Iteration 39, loss = 0.01634870
Iteration 40, loss = 0.01577434
Iteration 41, loss = 0.01538449
Iteration 42, loss = 0.01493799
Iteration 43, loss = 0.01455354
Iteration 44, loss = 0.01425844
Iteration 45, loss = 0.01370961
Iteration 46, loss = 0.01334505
Iteration 47, loss = 0.01299589
Iteration 48, loss = 0.01284715
Iteration 49, loss = 0.01255559
Iteration 50, loss = 0.01229450
Iteration 51, loss = 0.01199523
Iteration 52, loss = 0.01164136
Iteration 53, loss = 0.01136674
Iteration 54, loss = 0.01126809
Iteration 55, loss = 0.01094799
Iteration 56, loss = 0.01075524
Iteration 57, loss = 0.01053032
Iteration 58, loss = 0.01040014
Iteration 59, loss = 0.01019924
Iteration 60, loss = 0.00994303
Iteration 61, loss = 0.00976068
Iteration 62, loss = 0.00953376
Iteration 63, loss = 0.00941534
Iteration 64, loss = 0.00943218
Iteration 65, loss = 0.00930331
Iteration 66, loss = 0.00905133
Iteration 67, loss = 0.00883723
Iteration 68, loss = 0.00861094
Iteration 69, loss = 0.00846595
Iteration 70, loss = 0.00830159
Iteration 71, loss = 0.00811576
Iteration 72, loss = 0.00795887
Iteration 73, loss = 0.00785211
Iteration 74, loss = 0.00771275
Iteration 75, loss = 0.00755072
Iteration 76, loss = 0.00732351
Iteration 77, loss = 0.00730630
Iteration 78, loss = 0.00730092
Iteration 79, loss = 0.00737790
Iteration 80, loss = 0.00740297
Iteration 81, loss = 0.00733393
Iteration 82, loss = 0.00715987
Iteration 83, loss = 0.00677640
Iteration 84, loss = 0.00664794
Iteration 85, loss = 0.00640907
Iteration 86, loss = 0.00651226
Iteration 87, loss = 0.00673064
Iteration 88, loss = 0.00661162
Iteration 89, loss = 0.00631685
Iteration 90, loss = 0.00603780
Iteration 91, loss = 0.00595607
Iteration 92, loss = 0.00576165
Iteration 93, loss = 0.00574023
Iteration 94, loss = 0.00570024
Iteration 95, loss = 0.00566769
Iteration 96, loss = 0.00560471
Iteration 97, loss = 0.00551141
Iteration 98, loss = 0.00543649
Iteration 99, loss = 0.00529406
Iteration 100, loss = 0.00520195
Iteration 101, loss = 0.00510371
Iteration 102, loss = 0.00498453
Iteration 103, loss = 0.00487978
Iteration 104, loss = 0.00490219
Iteration 105, loss = 0.00479474
Iteration 106, loss = 0.00473170
Iteration 107, loss = 0.00466839
Iteration 108, loss = 0.00457462
Iteration 109, loss = 0.00453413
Iteration 110, loss = 0.00446124
Iteration 111, loss = 0.00440221
Iteration 112, loss = 0.00429315
Iteration 113, loss = 0.00421646
Iteration 114, loss = 0.00427638
Iteration 115, loss = 0.00420261
Iteration 116, loss = 0.00420741
Iteration 117, loss = 0.00409759
Iteration 118, loss = 0.00406924
Iteration 119, loss = 0.00388980
Iteration 120, loss = 0.00384683
Iteration 121, loss = 0.00380998
Iteration 122, loss = 0.00379337
Iteration 123, loss = 0.00379810
Iteration 124, loss = 0.00379255
Iteration 125, loss = 0.00376791
Iteration 126, loss = 0.00374322
Iteration 127, loss = 0.00368458
Iteration 128, loss = 0.00363640
Iteration 129, loss = 0.00354574
Iteration 130, loss = 0.00344736
Training loss did not improve more than tol=0.000100 for 10 consecutive epochs. Stopping.
fold=5/10 OOF_accuracy=0.700000 OOF_AUC=0.775120
Iteration 1, loss = 0.68317429
Iteration 2, loss = 0.55866172
Iteration 3, loss = 0.46487178
Iteration 4, loss = 0.39062099
Iteration 5, loss = 0.33195318
Iteration 6, loss = 0.28370059
Iteration 7, loss = 0.24253656
Iteration 8, loss = 0.20973403
Iteration 9, loss = 0.18112409
Iteration 10, loss = 0.15754232
Iteration 11, loss = 0.13663957
Iteration 12, loss = 0.11970810
Iteration 13, loss = 0.10477886
Iteration 14, loss = 0.09207775
Iteration 15, loss = 0.08048248
Iteration 16, loss = 0.07139094
Iteration 17, loss = 0.06337164
Iteration 18, loss = 0.05631903
Iteration 19, loss = 0.04990457
Iteration 20, loss = 0.04548061
Iteration 21, loss = 0.04069324
Iteration 22, loss = 0.03678983
Iteration 23, loss = 0.03331786
Iteration 24, loss = 0.03043670
Iteration 25, loss = 0.02792302
Iteration 26, loss = 0.02555778
Iteration 27, loss = 0.02346174
Iteration 28, loss = 0.02176520
Iteration 29, loss = 0.02025292
Iteration 30, loss = 0.01876642
Iteration 31, loss = 0.01747415
Iteration 32, loss = 0.01634128
Iteration 33, loss = 0.01532521
Iteration 34, loss = 0.01448441
Iteration 35, loss = 0.01366879
Iteration 36, loss = 0.01298453
Iteration 37, loss = 0.01218924
Iteration 38, loss = 0.01147089
Iteration 39, loss = 0.01081598
Iteration 40, loss = 0.01024517
Iteration 41, loss = 0.00975321
Iteration 42, loss = 0.00926398
Iteration 43, loss = 0.00887874
Iteration 44, loss = 0.00853655
Iteration 45, loss = 0.00817286
Iteration 46, loss = 0.00785587
Iteration 47, loss = 0.00754058
Iteration 48, loss = 0.00722928
Iteration 49, loss = 0.00694231
Iteration 50, loss = 0.00669929
Iteration 51, loss = 0.00646151
Iteration 52, loss = 0.00622515
Iteration 53, loss = 0.00600996
Iteration 54, loss = 0.00581942
Iteration 55, loss = 0.00563305
Iteration 56, loss = 0.00546006
Iteration 57, loss = 0.00528709
Iteration 58, loss = 0.00513630
Iteration 59, loss = 0.00498827
Iteration 60, loss = 0.00484552
Iteration 61, loss = 0.00471234
Iteration 62, loss = 0.00458397
Iteration 63, loss = 0.00444285
Iteration 64, loss = 0.00433666
Iteration 65, loss = 0.00422188
Iteration 66, loss = 0.00411126
Iteration 67, loss = 0.00400198
Iteration 68, loss = 0.00391847
Iteration 69, loss = 0.00381509
Iteration 70, loss = 0.00372180
Iteration 71, loss = 0.00363050
Iteration 72, loss = 0.00355547
Iteration 73, loss = 0.00346396
Iteration 74, loss = 0.00338520
Iteration 75, loss = 0.00331797
Iteration 76, loss = 0.00323745
Iteration 77, loss = 0.00316965
Iteration 78, loss = 0.00310350
Iteration 79, loss = 0.00303272
Iteration 80, loss = 0.00296614
Training loss did not improve more than tol=0.000100 for 10 consecutive epochs. Stopping.
fold=6/10 OOF_accuracy=0.833333 OOF_AUC=0.832536
Iteration 1, loss = 0.69835190
Iteration 2, loss = 0.55917620
Iteration 3, loss = 0.45045311
Iteration 4, loss = 0.36434174
Iteration 5, loss = 0.29852102
Iteration 6, loss = 0.24747532
Iteration 7, loss = 0.20696210
Iteration 8, loss = 0.17533966
Iteration 9, loss = 0.14906361
Iteration 10, loss = 0.12819867
Iteration 11, loss = 0.11068817
Iteration 12, loss = 0.09651021
Iteration 13, loss = 0.08431764
Iteration 14, loss = 0.07420540
Iteration 15, loss = 0.06565209
Iteration 16, loss = 0.05778960
Iteration 17, loss = 0.05168424
Iteration 18, loss = 0.04585779
Iteration 19, loss = 0.04159425
Iteration 20, loss = 0.03757376
Iteration 21, loss = 0.03442612
Iteration 22, loss = 0.03161308
Iteration 23, loss = 0.02911873
Iteration 24, loss = 0.02740843
Iteration 25, loss = 0.02569640
Iteration 26, loss = 0.02409568
Iteration 27, loss = 0.02264837
Iteration 28, loss = 0.02129599
Iteration 29, loss = 0.01995946
Iteration 30, loss = 0.01878832
Iteration 31, loss = 0.01773250
Iteration 32, loss = 0.01680242
Iteration 33, loss = 0.01590263
Iteration 34, loss = 0.01514229
Iteration 35, loss = 0.01437817
Iteration 36, loss = 0.01373666
Iteration 37, loss = 0.01309571
Iteration 38, loss = 0.01259217
Iteration 39, loss = 0.01205655
Iteration 40, loss = 0.01160968
Iteration 41, loss = 0.01112563
Iteration 42, loss = 0.01074451
Iteration 43, loss = 0.01034682
Iteration 44, loss = 0.00999695
Iteration 45, loss = 0.00963148
Iteration 46, loss = 0.00933041
Iteration 47, loss = 0.00902933
Iteration 48, loss = 0.00877184
Iteration 49, loss = 0.00853662
Iteration 50, loss = 0.00828815
Iteration 51, loss = 0.00807894
Iteration 52, loss = 0.00785474
Iteration 53, loss = 0.00761996
Iteration 54, loss = 0.00742354
Iteration 55, loss = 0.00724912
Iteration 56, loss = 0.00703696
Iteration 57, loss = 0.00687933
Iteration 58, loss = 0.00667162
Iteration 59, loss = 0.00653617
Iteration 60, loss = 0.00639308
Iteration 61, loss = 0.00625359
Iteration 62, loss = 0.00613793
Iteration 63, loss = 0.00600092
Iteration 64, loss = 0.00587070
Iteration 65, loss = 0.00573987
Iteration 66, loss = 0.00558543
Iteration 67, loss = 0.00545620
Iteration 68, loss = 0.00530654
Iteration 69, loss = 0.00517496
Iteration 70, loss = 0.00508876
Iteration 71, loss = 0.00495804
Iteration 72, loss = 0.00485792
Iteration 73, loss = 0.00473922
Iteration 74, loss = 0.00467244
Iteration 75, loss = 0.00459619
Iteration 76, loss = 0.00451128
Iteration 77, loss = 0.00443213
Iteration 78, loss = 0.00435327
Iteration 79, loss = 0.00421209
Iteration 80, loss = 0.00413924
Iteration 81, loss = 0.00404373
Iteration 82, loss = 0.00395534
Iteration 83, loss = 0.00388955
Iteration 84, loss = 0.00380352
Iteration 85, loss = 0.00374028
Iteration 86, loss = 0.00366834
Iteration 87, loss = 0.00363529
Iteration 88, loss = 0.00352393
Iteration 89, loss = 0.00347377
Iteration 90, loss = 0.00341258
Iteration 91, loss = 0.00337992
Iteration 92, loss = 0.00331165
Iteration 93, loss = 0.00324955
Iteration 94, loss = 0.00317567
Iteration 95, loss = 0.00311304
Iteration 96, loss = 0.00308350
Iteration 97, loss = 0.00305367
Iteration 98, loss = 0.00303522
Iteration 99, loss = 0.00300519
Training loss did not improve more than tol=0.000100 for 10 consecutive epochs. Stopping.
fold=7/10 OOF_accuracy=0.766667 OOF_AUC=0.803828
Iteration 1, loss = 0.68876434
Iteration 2, loss = 0.55559699
Iteration 3, loss = 0.45515045
Iteration 4, loss = 0.37750111
Iteration 5, loss = 0.31783345
Iteration 6, loss = 0.27193108
Iteration 7, loss = 0.23424942
Iteration 8, loss = 0.20385044
Iteration 9, loss = 0.17700787
Iteration 10, loss = 0.15479279
Iteration 11, loss = 0.13502105
Iteration 12, loss = 0.11768947
Iteration 13, loss = 0.10205221
Iteration 14, loss = 0.08829440
Iteration 15, loss = 0.07670829
Iteration 16, loss = 0.06724456
Iteration 17, loss = 0.05851730
Iteration 18, loss = 0.05081018
Iteration 19, loss = 0.04479465
Iteration 20, loss = 0.03969299
Iteration 21, loss = 0.03531475
Iteration 22, loss = 0.03193019
Iteration 23, loss = 0.02887220
Iteration 24, loss = 0.02618167
Iteration 25, loss = 0.02390233
Iteration 26, loss = 0.02192651
Iteration 27, loss = 0.02017043
Iteration 28, loss = 0.01865615
Iteration 29, loss = 0.01730797
Iteration 30, loss = 0.01613648
Iteration 31, loss = 0.01506178
Iteration 32, loss = 0.01415836
Iteration 33, loss = 0.01327417
Iteration 34, loss = 0.01258639
Iteration 35, loss = 0.01190004
Iteration 36, loss = 0.01131939
Iteration 37, loss = 0.01075371
Iteration 38, loss = 0.01028711
Iteration 39, loss = 0.00977272
Iteration 40, loss = 0.00936152
Iteration 41, loss = 0.00896095
Iteration 42, loss = 0.00858918
Iteration 43, loss = 0.00822181
Iteration 44, loss = 0.00790343
Iteration 45, loss = 0.00757588
Iteration 46, loss = 0.00731942
Iteration 47, loss = 0.00705604
Iteration 48, loss = 0.00680449
Iteration 49, loss = 0.00655186
Iteration 50, loss = 0.00632972
Iteration 51, loss = 0.00609476
Iteration 52, loss = 0.00590888
Iteration 53, loss = 0.00572322
Iteration 54, loss = 0.00554831
Iteration 55, loss = 0.00538763
Iteration 56, loss = 0.00522370
Iteration 57, loss = 0.00505064
Iteration 58, loss = 0.00489771
Iteration 59, loss = 0.00474989
Iteration 60, loss = 0.00460660
Iteration 61, loss = 0.00448540
Iteration 62, loss = 0.00433299
Iteration 63, loss = 0.00421531
Iteration 64, loss = 0.00409550
Iteration 65, loss = 0.00398752
Iteration 66, loss = 0.00388807
Iteration 67, loss = 0.00377889
Iteration 68, loss = 0.00368708
Iteration 69, loss = 0.00359920
Iteration 70, loss = 0.00350866
Iteration 71, loss = 0.00341341
Iteration 72, loss = 0.00333162
Iteration 73, loss = 0.00324635
Iteration 74, loss = 0.00316053
Iteration 75, loss = 0.00309234
Iteration 76, loss = 0.00301275
Iteration 77, loss = 0.00295115
Iteration 78, loss = 0.00288452
Training loss did not improve more than tol=0.000100 for 10 consecutive epochs. Stopping.
fold=8/10 OOF_accuracy=0.733333 OOF_AUC=0.698565
Iteration 1, loss = 0.67602144
Iteration 2, loss = 0.54337693
Iteration 3, loss = 0.44345473
Iteration 4, loss = 0.36317463
Iteration 5, loss = 0.30319938
Iteration 6, loss = 0.25588365
Iteration 7, loss = 0.21803841
Iteration 8, loss = 0.18906999
Iteration 9, loss = 0.16379558
Iteration 10, loss = 0.14413102
Iteration 11, loss = 0.12659013
Iteration 12, loss = 0.11193429
Iteration 13, loss = 0.09817970
Iteration 14, loss = 0.08724836
Iteration 15, loss = 0.07674704
Iteration 16, loss = 0.06789877
Iteration 17, loss = 0.06037839
Iteration 18, loss = 0.05354992
Iteration 19, loss = 0.04796161
Iteration 20, loss = 0.04344817
Iteration 21, loss = 0.03956594
Iteration 22, loss = 0.03611031
Iteration 23, loss = 0.03299623
Iteration 24, loss = 0.03022888
Iteration 25, loss = 0.02797838
Iteration 26, loss = 0.02579332
Iteration 27, loss = 0.02389235
Iteration 28, loss = 0.02215929
Iteration 29, loss = 0.02074465
Iteration 30, loss = 0.01925170
Iteration 31, loss = 0.01803847
Iteration 32, loss = 0.01689893
Iteration 33, loss = 0.01588335
Iteration 34, loss = 0.01501177
Iteration 35, loss = 0.01421620
Iteration 36, loss = 0.01350211
Iteration 37, loss = 0.01283410
Iteration 38, loss = 0.01209190
Iteration 39, loss = 0.01141413
Iteration 40, loss = 0.01077603
Iteration 41, loss = 0.01038155
Iteration 42, loss = 0.01000688
Iteration 43, loss = 0.00964363
Iteration 44, loss = 0.00923637
Iteration 45, loss = 0.00882362
Iteration 46, loss = 0.00847212
Iteration 47, loss = 0.00804193
Iteration 48, loss = 0.00766026
Iteration 49, loss = 0.00741175
Iteration 50, loss = 0.00706688
Iteration 51, loss = 0.00680258
Iteration 52, loss = 0.00654880
Iteration 53, loss = 0.00633203
Iteration 54, loss = 0.00609173
Iteration 55, loss = 0.00590544
Iteration 56, loss = 0.00571100
Iteration 57, loss = 0.00552796
Iteration 58, loss = 0.00538237
Iteration 59, loss = 0.00521675
Iteration 60, loss = 0.00505375
Iteration 61, loss = 0.00490233
Iteration 62, loss = 0.00474871
Iteration 63, loss = 0.00460188
Iteration 64, loss = 0.00448417
Iteration 65, loss = 0.00434947
Iteration 66, loss = 0.00422677
Iteration 67, loss = 0.00412111
Iteration 68, loss = 0.00401312
Iteration 69, loss = 0.00390413
Iteration 70, loss = 0.00380962
Iteration 71, loss = 0.00372100
Iteration 72, loss = 0.00363093
Iteration 73, loss = 0.00353485
Iteration 74, loss = 0.00345630
Iteration 75, loss = 0.00336788
Iteration 76, loss = 0.00328664
Iteration 77, loss = 0.00321669
Iteration 78, loss = 0.00313804
Iteration 79, loss = 0.00307284
Iteration 80, loss = 0.00299796
Training loss did not improve more than tol=0.000100 for 10 consecutive epochs. Stopping.
fold=9/10 OOF_accuracy=0.666667 OOF_AUC=0.732057
Iteration 1, loss = 0.68191953
Iteration 2, loss = 0.54319632
Iteration 3, loss = 0.43723465
Iteration 4, loss = 0.35614640
Iteration 5, loss = 0.29399336
Iteration 6, loss = 0.24495423
Iteration 7, loss = 0.20642356
Iteration 8, loss = 0.17583536
Iteration 9, loss = 0.14985070
Iteration 10, loss = 0.12944304
Iteration 11, loss = 0.11109599
Iteration 12, loss = 0.09614703
Iteration 13, loss = 0.08308028
Iteration 14, loss = 0.07209025
Iteration 15, loss = 0.06314608
Iteration 16, loss = 0.05491932
Iteration 17, loss = 0.04827478
Iteration 18, loss = 0.04247315
Iteration 19, loss = 0.03744875
Iteration 20, loss = 0.03346190
Iteration 21, loss = 0.03004904
Iteration 22, loss = 0.02700199
Iteration 23, loss = 0.02422553
Iteration 24, loss = 0.02209176
Iteration 25, loss = 0.02012804
Iteration 26, loss = 0.01837619
Iteration 27, loss = 0.01681959
Iteration 28, loss = 0.01544455
Iteration 29, loss = 0.01432540
Iteration 30, loss = 0.01323901
Iteration 31, loss = 0.01230106
Iteration 32, loss = 0.01151055
Iteration 33, loss = 0.01076930
Iteration 34, loss = 0.01012589
Iteration 35, loss = 0.00957971
Iteration 36, loss = 0.00908420
Iteration 37, loss = 0.00867136
Iteration 38, loss = 0.00822858
Iteration 39, loss = 0.00781163
Iteration 40, loss = 0.00740742
Iteration 41, loss = 0.00706447
Iteration 42, loss = 0.00680397
Iteration 43, loss = 0.00653777
Iteration 44, loss = 0.00627367
Iteration 45, loss = 0.00603850
Iteration 46, loss = 0.00580223
Iteration 47, loss = 0.00558571
Iteration 48, loss = 0.00536007
Iteration 49, loss = 0.00515524
Iteration 50, loss = 0.00496133
Iteration 51, loss = 0.00481362
Iteration 52, loss = 0.00463511
Iteration 53, loss = 0.00450785
Iteration 54, loss = 0.00436436
Iteration 55, loss = 0.00422486
Iteration 56, loss = 0.00410095
Iteration 57, loss = 0.00398232
Iteration 58, loss = 0.00386674
Iteration 59, loss = 0.00375525
Iteration 60, loss = 0.00365808
Iteration 61, loss = 0.00355406
Iteration 62, loss = 0.00346508
Iteration 63, loss = 0.00337778
Iteration 64, loss = 0.00329677
Iteration 65, loss = 0.00321307
Iteration 66, loss = 0.00314575
Iteration 67, loss = 0.00307317
Iteration 68, loss = 0.00300640
Iteration 69, loss = 0.00294118
Iteration 70, loss = 0.00287788
Iteration 71, loss = 0.00281996
Iteration 72, loss = 0.00276153
Training loss did not improve more than tol=0.000100 for 10 consecutive epochs. Stopping.
fold=10/10 OOF_accuracy=0.600000 OOF_AUC=0.679426
Frozen Train OOF threshold=0.99643707275390625; objective=accuracy; OOF selection accuracy=0.773333
Iteration 1, loss = 0.70509817
Iteration 2, loss = 0.57408302
Iteration 3, loss = 0.47151193
Iteration 4, loss = 0.39324275
Iteration 5, loss = 0.32895523
Iteration 6, loss = 0.27787616
Iteration 7, loss = 0.23635276
Iteration 8, loss = 0.20276531
Iteration 9, loss = 0.17445560
Iteration 10, loss = 0.15086138
Iteration 11, loss = 0.13078300
Iteration 12, loss = 0.11328137
Iteration 13, loss = 0.09916317
Iteration 14, loss = 0.08671753
Iteration 15, loss = 0.07587217
Iteration 16, loss = 0.06742386
Iteration 17, loss = 0.06046356
Iteration 18, loss = 0.05419878
Iteration 19, loss = 0.04911788
Iteration 20, loss = 0.04468917
Iteration 21, loss = 0.04083624
Iteration 22, loss = 0.03748313
Iteration 23, loss = 0.03447250
Iteration 24, loss = 0.03180556
Iteration 25, loss = 0.02948563
Iteration 26, loss = 0.02753313
Iteration 27, loss = 0.02573215
Iteration 28, loss = 0.02422129
Iteration 29, loss = 0.02277949
Iteration 30, loss = 0.02142599
Iteration 31, loss = 0.02034932
Iteration 32, loss = 0.01930164
Iteration 33, loss = 0.01841635
Iteration 34, loss = 0.01751480
Iteration 35, loss = 0.01676879
Iteration 36, loss = 0.01601188
Iteration 37, loss = 0.01545675
Iteration 38, loss = 0.01468039
Iteration 39, loss = 0.01420274
Iteration 40, loss = 0.01362521
Iteration 41, loss = 0.01310427
Iteration 42, loss = 0.01263601
Iteration 43, loss = 0.01218043
Iteration 44, loss = 0.01177797
Iteration 45, loss = 0.01134462
Iteration 46, loss = 0.01096875
Iteration 47, loss = 0.01067535
Iteration 48, loss = 0.01036902
Iteration 49, loss = 0.01009797
Iteration 50, loss = 0.00981042
Iteration 51, loss = 0.00948071
Iteration 52, loss = 0.00914571
Iteration 53, loss = 0.00895988
Iteration 54, loss = 0.00857917
Iteration 55, loss = 0.00837069
Iteration 56, loss = 0.00817347
Iteration 57, loss = 0.00797496
Iteration 58, loss = 0.00775015
Iteration 59, loss = 0.00753556
Iteration 60, loss = 0.00732195
Iteration 61, loss = 0.00706197
Iteration 62, loss = 0.00692479
Iteration 63, loss = 0.00678647
Iteration 64, loss = 0.00674641
Iteration 65, loss = 0.00664486
Iteration 66, loss = 0.00648701
Iteration 67, loss = 0.00629362
Iteration 68, loss = 0.00613583
Iteration 69, loss = 0.00596162
Iteration 70, loss = 0.00574353
Iteration 71, loss = 0.00557920
Iteration 72, loss = 0.00547452
Iteration 73, loss = 0.00535905
Iteration 74, loss = 0.00521763
Iteration 75, loss = 0.00507884
Iteration 76, loss = 0.00495099
Iteration 77, loss = 0.00486495
Iteration 78, loss = 0.00474524
Iteration 79, loss = 0.00468636
Iteration 80, loss = 0.00460863
Iteration 81, loss = 0.00451515
Iteration 82, loss = 0.00440446
Iteration 83, loss = 0.00431189
Iteration 84, loss = 0.00422756
Iteration 85, loss = 0.00416149
Iteration 86, loss = 0.00407829
Iteration 87, loss = 0.00401252
Iteration 88, loss = 0.00393829
Iteration 89, loss = 0.00384637
Iteration 90, loss = 0.00379345
Iteration 91, loss = 0.00370171
Iteration 92, loss = 0.00364923
Iteration 93, loss = 0.00357944
Training loss did not improve more than tol=0.000100 for 10 consecutive epochs. Stopping.
{"cv_oof": {"accuracy": 0.73, "balanced_accuracy": 0.7019675925925926, "sensitivity": 0.6018518518518519, "specificity": 0.8020833333333334, "f1_macro": 0.703943761498069, "roc_auc": 0.7420187114197531, "confusion_matrix": [[154, 38], [43, 65]], "classification_report": {"0": {"precision": 0.7817258883248731, "recall": 0.8020833333333334, "f1-score": 0.7917737789203085, "support": 192.0}, "1": {"precision": 0.6310679611650486, "recall": 0.6018518518518519, "f1-score": 0.6161137440758294, "support": 108.0}, "accuracy": 0.73, "macro avg": {"precision": 0.7063969247449609, "recall": 0.7019675925925926, "f1-score": 0.703943761498069, "support": 300.0}, "weighted avg": {"precision": 0.7274890345473364, "recall": 0.73, "f1-score": 0.7285361663762959, "support": 300.0}}}, "test": {"accuracy": 0.821917808219178, "balanced_accuracy": 0.7757774140752864, "sensitivity": 0.6153846153846154, "specificity": 0.9361702127659575, "f1_macro": 0.7911991199119912, "roc_auc": 0.851063829787234, "confusion_matrix": [[44, 3], [10, 16]], "classification_report": {"0": {"precision": 0.8148148148148148, "recall": 0.9361702127659575, "f1-score": 0.8712871287128713, "support": 47.0}, "1": {"precision": 0.8421052631578947, "recall": 0.6153846153846154, "f1-score": 0.7111111111111111, "support": 26.0}, "accuracy": 0.821917808219178, "macro avg": {"precision": 0.8284600389863548, "recall": 0.7757774140752864, "f1-score": 0.7911991199119912, "support": 73.0}, "weighted avg": {"precision": 0.8245347005260487, "recall": 0.821917808219178, "f1-score": 0.8142381361423815, "support": 73.0}}}, "folds": 10, "original_train_rows": 300, "train_rows": 300, "test_rows": 73, "elapsed_seconds": 1.8429999999934807, "test_default": {"accuracy": 0.7397260273972602, "balanced_accuracy": 0.7377250409165302, "sensitivity": 0.7307692307692307, "specificity": 0.7446808510638298, "f1_macro": 0.7265917602996255, "roc_auc": 0.851063829787234, "confusion_matrix": [[35, 12], [7, 19]], "classification_report": {"0": {"precision": 0.8333333333333334, "recall": 0.7446808510638298, "f1-score": 0.7865168539325843, "support": 47.0}, "1": {"precision": 0.6129032258064516, "recall": 0.7307692307692307, "f1-score": 0.6666666666666666, "support": 26.0}, "accuracy": 0.7397260273972602, "macro avg": {"precision": 0.7231182795698925, "recall": 0.7377250409165302, "f1-score": 0.7265917602996255, "support": 73.0}, "weighted avg": {"precision": 0.7548239799675948, "recall": 0.7397260273972602, "f1-score": 0.7438304858652711, "support": 73.0}}}, "decision_threshold": 0.9964370727539062, "oof_threshold_selection": {"accuracy": 0.7733333333333333, "balanced_accuracy": 0.7074652777777778, "sensitivity": 0.4722222222222222, "specificity": 0.9427083333333334, "f1_macro": 0.7209302325581395, "roc_auc": 0.7420187114197531, "confusion_matrix": [[181, 11], [57, 51]], "classification_report": {"0": {"precision": 0.7605042016806722, "recall": 0.9427083333333334, "f1-score": 0.8418604651162791, "support": 192.0}, "1": {"precision": 0.8225806451612904, "recall": 0.4722222222222222, "f1-score": 0.6, "support": 108.0}, "accuracy": 0.7733333333333333, "macro avg": {"precision": 0.7915424234209814, "recall": 0.7074652777777778, "f1-score": 0.7209302325581395, "support": 300.0}, "weighted avg": {"precision": 0.7828517213336947, "recall": 0.7733333333333333, "f1-score": 0.7547906976744186, "support": 300.0}}}, "test_accuracy_change": 0.0821917808219178}
