Command: ["C:\\Users\\IHCK\\AppData\\Local\\Programs\\Python\\Python312\\python.exe", "-u", "C:\\Users\\IHCK\\Desktop\\1_10_69Final\\Hippocampal-Shape-Analysis-for-Epilepsy-Detection\\Model\\train_dataset_model.py", "--dataset", "coef_plsda", "--side", "right", "--model", "ResNet", "--kind", "coef", "--train-csv", "C:\\Users\\IHCK\\Desktop\\1_10_69Final\\Hippocampal-Shape-Analysis-for-Epilepsy-Detection\\Output_Dataset\\coef_plsda\\right\\train_prepared.csv", "--test-csv", "C:\\Users\\IHCK\\Desktop\\1_10_69Final\\Hippocampal-Shape-Analysis-for-Epilepsy-Detection\\Output_Dataset\\coef_plsda\\right\\test_prepared.csv", "--output-dir", "C:\\Users\\IHCK\\Desktop\\1_10_69Final\\Hippocampal-Shape-Analysis-for-Epilepsy-Detection\\Model_Results\\dataset_runs_20261003_oof_threshold\\coef_plsda\\right\\ResNet", "--epochs", "80", "--folds", "10", "--pls-components", "8", "--seed", "42", "--threads", "2", "--tune-threshold"]
10-fold CV: dataset=coef_plsda side=right model=ResNet; original_train=300 test=77
Device=cuda; epochs=80; batch=32; model=ResNet1D
epoch=1/80 loss=0.237192 seconds=0.39
epoch=2/80 loss=0.069052 seconds=0.06
epoch=3/80 loss=0.025310 seconds=0.05
epoch=4/80 loss=0.012499 seconds=0.06
epoch=5/80 loss=0.012099 seconds=0.06
epoch=6/80 loss=0.031396 seconds=0.05
epoch=7/80 loss=0.014593 seconds=0.06
epoch=8/80 loss=0.016447 seconds=0.05
epoch=9/80 loss=0.019851 seconds=0.06
epoch=10/80 loss=0.005548 seconds=0.05
epoch=11/80 loss=0.003130 seconds=0.05
epoch=12/80 loss=0.001965 seconds=0.05
epoch=13/80 loss=0.002296 seconds=0.06
epoch=14/80 loss=0.001634 seconds=0.05
epoch=15/80 loss=0.001441 seconds=0.06
epoch=16/80 loss=0.001303 seconds=0.05
epoch=17/80 loss=0.002023 seconds=0.05
epoch=18/80 loss=0.001524 seconds=0.05
epoch=19/80 loss=0.001172 seconds=0.06
epoch=20/80 loss=0.002092 seconds=0.05
epoch=21/80 loss=0.012900 seconds=0.05
epoch=22/80 loss=0.011412 seconds=0.06
epoch=23/80 loss=0.011820 seconds=0.05
epoch=24/80 loss=0.006187 seconds=0.06
epoch=25/80 loss=0.013618 seconds=0.05
epoch=26/80 loss=0.009375 seconds=0.05
epoch=27/80 loss=0.022728 seconds=0.05
epoch=28/80 loss=0.042757 seconds=0.06
epoch=29/80 loss=0.029473 seconds=0.05
epoch=30/80 loss=0.007374 seconds=0.05
epoch=31/80 loss=0.007441 seconds=0.06
epoch=32/80 loss=0.001786 seconds=0.05
epoch=33/80 loss=0.008068 seconds=0.05
epoch=34/80 loss=0.000843 seconds=0.05
epoch=35/80 loss=0.000550 seconds=0.05
epoch=36/80 loss=0.000944 seconds=0.06
epoch=37/80 loss=0.000418 seconds=0.05
epoch=38/80 loss=0.000486 seconds=0.05
epoch=39/80 loss=0.000405 seconds=0.05
epoch=40/80 loss=0.000593 seconds=0.05
epoch=41/80 loss=0.001443 seconds=0.05
epoch=42/80 loss=0.014701 seconds=0.05
epoch=43/80 loss=0.005754 seconds=0.05
epoch=44/80 loss=0.025360 seconds=0.05
epoch=45/80 loss=0.073186 seconds=0.06
epoch=46/80 loss=0.020133 seconds=0.05
epoch=47/80 loss=0.030383 seconds=0.05
epoch=48/80 loss=0.010970 seconds=0.05
epoch=49/80 loss=0.002623 seconds=0.05
epoch=50/80 loss=0.002310 seconds=0.06
epoch=51/80 loss=0.001085 seconds=0.05
epoch=52/80 loss=0.001234 seconds=0.06
epoch=53/80 loss=0.000657 seconds=0.05
epoch=54/80 loss=0.000597 seconds=0.05
epoch=55/80 loss=0.000765 seconds=0.05
epoch=56/80 loss=0.000586 seconds=0.05
epoch=57/80 loss=0.000701 seconds=0.06
epoch=58/80 loss=0.004444 seconds=0.05
epoch=59/80 loss=0.000839 seconds=0.05
epoch=60/80 loss=0.004461 seconds=0.05
epoch=61/80 loss=0.000429 seconds=0.06
epoch=62/80 loss=0.000694 seconds=0.05
epoch=63/80 loss=0.000593 seconds=0.05
epoch=64/80 loss=0.000635 seconds=0.05
epoch=65/80 loss=0.000253 seconds=0.06
epoch=66/80 loss=0.000531 seconds=0.05
epoch=67/80 loss=0.000494 seconds=0.05
epoch=68/80 loss=0.000486 seconds=0.05
epoch=69/80 loss=0.000260 seconds=0.06
epoch=70/80 loss=0.000222 seconds=0.05
epoch=71/80 loss=0.000344 seconds=0.06
epoch=72/80 loss=0.000197 seconds=0.05
epoch=73/80 loss=0.000270 seconds=0.05
epoch=74/80 loss=0.000176 seconds=0.05
epoch=75/80 loss=0.000875 seconds=0.05
epoch=76/80 loss=0.000302 seconds=0.05
epoch=77/80 loss=0.000163 seconds=0.05
epoch=78/80 loss=0.000296 seconds=0.05
epoch=79/80 loss=0.000412 seconds=0.05
epoch=80/80 loss=0.000198 seconds=0.06
fold=1/10 OOF_accuracy=0.800000 OOF_AUC=0.846591
Device=cuda; epochs=80; batch=32; model=ResNet1D
epoch=1/80 loss=0.226711 seconds=0.05
epoch=2/80 loss=0.045926 seconds=0.06
epoch=3/80 loss=0.020635 seconds=0.05
epoch=4/80 loss=0.008900 seconds=0.05
epoch=5/80 loss=0.006325 seconds=0.06
epoch=6/80 loss=0.007078 seconds=0.06
epoch=7/80 loss=0.007539 seconds=0.06
epoch=8/80 loss=0.003632 seconds=0.06
epoch=9/80 loss=0.011610 seconds=0.05
epoch=10/80 loss=0.005138 seconds=0.06
epoch=11/80 loss=0.009708 seconds=0.06
epoch=12/80 loss=0.001854 seconds=0.05
epoch=13/80 loss=0.016144 seconds=0.06
epoch=14/80 loss=0.004591 seconds=0.05
epoch=15/80 loss=0.002731 seconds=0.05
epoch=16/80 loss=0.001997 seconds=0.05
epoch=17/80 loss=0.004311 seconds=0.06
epoch=18/80 loss=0.009511 seconds=0.05
epoch=19/80 loss=0.010093 seconds=0.06
epoch=20/80 loss=0.018860 seconds=0.05
epoch=21/80 loss=0.024250 seconds=0.05
epoch=22/80 loss=0.012508 seconds=0.06
epoch=23/80 loss=0.007757 seconds=0.05
epoch=24/80 loss=0.008474 seconds=0.06
epoch=25/80 loss=0.006834 seconds=0.06
epoch=26/80 loss=0.002466 seconds=0.06
epoch=27/80 loss=0.002090 seconds=0.05
epoch=28/80 loss=0.020016 seconds=0.06
epoch=29/80 loss=0.002341 seconds=0.06
epoch=30/80 loss=0.000693 seconds=0.05
epoch=31/80 loss=0.001484 seconds=0.05
epoch=32/80 loss=0.000416 seconds=0.05
epoch=33/80 loss=0.000914 seconds=0.06
epoch=34/80 loss=0.000647 seconds=0.05
epoch=35/80 loss=0.000194 seconds=0.05
epoch=36/80 loss=0.000511 seconds=0.06
epoch=37/80 loss=0.000218 seconds=0.05
epoch=38/80 loss=0.000284 seconds=0.05
epoch=39/80 loss=0.000214 seconds=0.06
epoch=40/80 loss=0.000305 seconds=0.05
epoch=41/80 loss=0.000485 seconds=0.05
epoch=42/80 loss=0.000141 seconds=0.06
epoch=43/80 loss=0.000504 seconds=0.05
epoch=44/80 loss=0.002998 seconds=0.05
epoch=45/80 loss=0.042405 seconds=0.06
epoch=46/80 loss=0.009877 seconds=0.05
epoch=47/80 loss=0.005557 seconds=0.05
epoch=48/80 loss=0.002410 seconds=0.06
epoch=49/80 loss=0.000897 seconds=0.05
epoch=50/80 loss=0.001248 seconds=0.06
epoch=51/80 loss=0.000483 seconds=0.06
epoch=52/80 loss=0.000420 seconds=0.06
epoch=53/80 loss=0.000316 seconds=0.05
epoch=54/80 loss=0.000279 seconds=0.06
epoch=55/80 loss=0.000311 seconds=0.05
epoch=56/80 loss=0.000225 seconds=0.05
epoch=57/80 loss=0.001918 seconds=0.06
epoch=58/80 loss=0.011640 seconds=0.05
epoch=59/80 loss=0.004134 seconds=0.05
epoch=60/80 loss=0.007438 seconds=0.05
epoch=61/80 loss=0.000603 seconds=0.06
epoch=62/80 loss=0.000919 seconds=0.05
epoch=63/80 loss=0.001593 seconds=0.06
epoch=64/80 loss=0.000795 seconds=0.06
epoch=65/80 loss=0.000259 seconds=0.05
epoch=66/80 loss=0.000338 seconds=0.05
epoch=67/80 loss=0.000314 seconds=0.06
epoch=68/80 loss=0.000474 seconds=0.06
epoch=69/80 loss=0.000155 seconds=0.05
epoch=70/80 loss=0.000120 seconds=0.06
epoch=71/80 loss=0.000155 seconds=0.06
epoch=72/80 loss=0.000127 seconds=0.05
epoch=73/80 loss=0.000148 seconds=0.05
epoch=74/80 loss=0.000145 seconds=0.05
epoch=75/80 loss=0.000763 seconds=0.05
epoch=76/80 loss=0.000111 seconds=0.06
epoch=77/80 loss=0.000092 seconds=0.06
epoch=78/80 loss=0.000188 seconds=0.06
epoch=79/80 loss=0.000148 seconds=0.06
epoch=80/80 loss=0.000184 seconds=0.05
fold=2/10 OOF_accuracy=0.833333 OOF_AUC=0.937500
Device=cuda; epochs=80; batch=32; model=ResNet1D
epoch=1/80 loss=0.240269 seconds=0.06
epoch=2/80 loss=0.080426 seconds=0.05
epoch=3/80 loss=0.034773 seconds=0.06
epoch=4/80 loss=0.025279 seconds=0.05
epoch=5/80 loss=0.014737 seconds=0.05
epoch=6/80 loss=0.020282 seconds=0.06
epoch=7/80 loss=0.011713 seconds=0.05
epoch=8/80 loss=0.005018 seconds=0.06
epoch=9/80 loss=0.020897 seconds=0.05
epoch=10/80 loss=0.016116 seconds=0.06
epoch=11/80 loss=0.004440 seconds=0.05
epoch=12/80 loss=0.003917 seconds=0.06
epoch=13/80 loss=0.004118 seconds=0.05
epoch=14/80 loss=0.002184 seconds=0.06
epoch=15/80 loss=0.001724 seconds=0.05
epoch=16/80 loss=0.001429 seconds=0.06
epoch=17/80 loss=0.001749 seconds=0.06
epoch=18/80 loss=0.001780 seconds=0.05
epoch=19/80 loss=0.001378 seconds=0.06
epoch=20/80 loss=0.003688 seconds=0.05
epoch=21/80 loss=0.061552 seconds=0.06
epoch=22/80 loss=0.042310 seconds=0.06
epoch=23/80 loss=0.027467 seconds=0.05
epoch=24/80 loss=0.008317 seconds=0.06
epoch=25/80 loss=0.009913 seconds=0.05
epoch=26/80 loss=0.003957 seconds=0.06
epoch=27/80 loss=0.004017 seconds=0.05
epoch=28/80 loss=0.017428 seconds=0.06
epoch=29/80 loss=0.019280 seconds=0.05
epoch=30/80 loss=0.001849 seconds=0.05
epoch=31/80 loss=0.003164 seconds=0.05
epoch=32/80 loss=0.001316 seconds=0.05
epoch=33/80 loss=0.003538 seconds=0.05
epoch=34/80 loss=0.005868 seconds=0.05
epoch=35/80 loss=0.001124 seconds=0.06
epoch=36/80 loss=0.002068 seconds=0.05
epoch=37/80 loss=0.000673 seconds=0.06
epoch=38/80 loss=0.004315 seconds=0.05
epoch=39/80 loss=0.004278 seconds=0.06
epoch=40/80 loss=0.000697 seconds=0.05
epoch=41/80 loss=0.002860 seconds=0.06
epoch=42/80 loss=0.010515 seconds=0.05
epoch=43/80 loss=0.025818 seconds=0.05
epoch=44/80 loss=0.068493 seconds=0.06
epoch=45/80 loss=0.017647 seconds=0.06
epoch=46/80 loss=0.014686 seconds=0.05
epoch=47/80 loss=0.002850 seconds=0.05
epoch=48/80 loss=0.002566 seconds=0.05
epoch=49/80 loss=0.001771 seconds=0.06
epoch=50/80 loss=0.001951 seconds=0.05
epoch=51/80 loss=0.000680 seconds=0.06
epoch=52/80 loss=0.001624 seconds=0.05
epoch=53/80 loss=0.000900 seconds=0.05
epoch=54/80 loss=0.001086 seconds=0.05
epoch=55/80 loss=0.000899 seconds=0.06
epoch=56/80 loss=0.000435 seconds=0.05
epoch=57/80 loss=0.000629 seconds=0.06
epoch=58/80 loss=0.000897 seconds=0.05
epoch=59/80 loss=0.000318 seconds=0.05
epoch=60/80 loss=0.001601 seconds=0.06
epoch=61/80 loss=0.000301 seconds=0.05
epoch=62/80 loss=0.000468 seconds=0.06
epoch=63/80 loss=0.001173 seconds=0.05
epoch=64/80 loss=0.000792 seconds=0.05
epoch=65/80 loss=0.000426 seconds=0.05
epoch=66/80 loss=0.001313 seconds=0.05
epoch=67/80 loss=0.000326 seconds=0.06
epoch=68/80 loss=0.005805 seconds=0.05
epoch=69/80 loss=0.023929 seconds=0.06
epoch=70/80 loss=0.032065 seconds=0.05
epoch=71/80 loss=0.010441 seconds=0.05
epoch=72/80 loss=0.005389 seconds=0.06
epoch=73/80 loss=0.003746 seconds=0.05
epoch=74/80 loss=0.001547 seconds=0.05
epoch=75/80 loss=0.027525 seconds=0.06
epoch=76/80 loss=0.007539 seconds=0.05
epoch=77/80 loss=0.005692 seconds=0.05
epoch=78/80 loss=0.007556 seconds=0.06
epoch=79/80 loss=0.021398 seconds=0.06
epoch=80/80 loss=0.029338 seconds=0.05
fold=3/10 OOF_accuracy=0.833333 OOF_AUC=0.823864
Device=cuda; epochs=80; batch=32; model=ResNet1D
epoch=1/80 loss=0.218511 seconds=0.05
epoch=2/80 loss=0.050008 seconds=0.06
epoch=3/80 loss=0.015536 seconds=0.05
epoch=4/80 loss=0.013533 seconds=0.06
epoch=5/80 loss=0.009215 seconds=0.05
epoch=6/80 loss=0.006661 seconds=0.05
epoch=7/80 loss=0.005191 seconds=0.05
epoch=8/80 loss=0.002680 seconds=0.06
epoch=9/80 loss=0.009936 seconds=0.05
epoch=10/80 loss=0.003953 seconds=0.06
epoch=11/80 loss=0.003988 seconds=0.05
epoch=12/80 loss=0.008065 seconds=0.06
epoch=13/80 loss=0.022790 seconds=0.05
epoch=14/80 loss=0.004391 seconds=0.05
epoch=15/80 loss=0.003188 seconds=0.06
epoch=16/80 loss=0.002352 seconds=0.06
epoch=17/80 loss=0.001609 seconds=0.06
epoch=18/80 loss=0.000927 seconds=0.05
epoch=19/80 loss=0.001400 seconds=0.06
epoch=20/80 loss=0.001329 seconds=0.05
epoch=21/80 loss=0.016726 seconds=0.06
epoch=22/80 loss=0.005026 seconds=0.05
epoch=23/80 loss=0.008103 seconds=0.05
epoch=24/80 loss=0.007556 seconds=0.05
epoch=25/80 loss=0.014984 seconds=0.06
epoch=26/80 loss=0.004636 seconds=0.05
epoch=27/80 loss=0.031932 seconds=0.05
epoch=28/80 loss=0.027875 seconds=0.05
epoch=29/80 loss=0.011922 seconds=0.06
epoch=30/80 loss=0.005852 seconds=0.05
epoch=31/80 loss=0.005730 seconds=0.05
epoch=32/80 loss=0.002687 seconds=0.06
epoch=33/80 loss=0.004835 seconds=0.05
epoch=34/80 loss=0.002000 seconds=0.05
epoch=35/80 loss=0.000694 seconds=0.05
epoch=36/80 loss=0.001250 seconds=0.05
epoch=37/80 loss=0.000427 seconds=0.05
epoch=38/80 loss=0.004733 seconds=0.06
epoch=39/80 loss=0.003822 seconds=0.05
epoch=40/80 loss=0.001126 seconds=0.05
epoch=41/80 loss=0.001174 seconds=0.05
epoch=42/80 loss=0.000272 seconds=0.06
epoch=43/80 loss=0.000603 seconds=0.05
epoch=44/80 loss=0.010132 seconds=0.05
epoch=45/80 loss=0.043286 seconds=0.06
epoch=46/80 loss=0.020712 seconds=0.05
epoch=47/80 loss=0.018140 seconds=0.05
epoch=48/80 loss=0.002749 seconds=0.06
epoch=49/80 loss=0.001591 seconds=0.05
epoch=50/80 loss=0.001438 seconds=0.06
epoch=51/80 loss=0.000914 seconds=0.05
epoch=52/80 loss=0.000631 seconds=0.06
epoch=53/80 loss=0.000436 seconds=0.05
epoch=54/80 loss=0.000359 seconds=0.06
epoch=55/80 loss=0.000543 seconds=0.05
epoch=56/80 loss=0.000359 seconds=0.05
epoch=57/80 loss=0.000404 seconds=0.05
epoch=58/80 loss=0.000342 seconds=0.06
epoch=59/80 loss=0.000185 seconds=0.05
epoch=60/80 loss=0.001279 seconds=0.06
epoch=61/80 loss=0.000346 seconds=0.05
epoch=62/80 loss=0.000238 seconds=0.05
epoch=63/80 loss=0.000214 seconds=0.06
epoch=64/80 loss=0.000271 seconds=0.05
epoch=65/80 loss=0.000161 seconds=0.05
epoch=66/80 loss=0.000309 seconds=0.06
epoch=67/80 loss=0.000293 seconds=0.05
epoch=68/80 loss=0.000569 seconds=0.05
epoch=69/80 loss=0.000350 seconds=0.05
epoch=70/80 loss=0.000314 seconds=0.06
epoch=71/80 loss=0.003935 seconds=0.05
epoch=72/80 loss=0.000387 seconds=0.05
epoch=73/80 loss=0.003531 seconds=0.06
epoch=74/80 loss=0.000163 seconds=0.05
epoch=75/80 loss=0.009151 seconds=0.06
epoch=76/80 loss=0.022835 seconds=0.05
epoch=77/80 loss=0.000446 seconds=0.05
epoch=78/80 loss=0.002156 seconds=0.05
epoch=79/80 loss=0.001721 seconds=0.06
epoch=80/80 loss=0.002000 seconds=0.05
fold=4/10 OOF_accuracy=0.900000 OOF_AUC=0.784091
Device=cuda; epochs=80; batch=32; model=ResNet1D
epoch=1/80 loss=0.243867 seconds=0.06
epoch=2/80 loss=0.051544 seconds=0.05
epoch=3/80 loss=0.022138 seconds=0.05
epoch=4/80 loss=0.015842 seconds=0.06
epoch=5/80 loss=0.020220 seconds=0.05
epoch=6/80 loss=0.052268 seconds=0.06
epoch=7/80 loss=0.014848 seconds=0.05
epoch=8/80 loss=0.010077 seconds=0.05
epoch=9/80 loss=0.009921 seconds=0.05
epoch=10/80 loss=0.005741 seconds=0.05
epoch=11/80 loss=0.002389 seconds=0.05
epoch=12/80 loss=0.002243 seconds=0.06
epoch=13/80 loss=0.002775 seconds=0.05
epoch=14/80 loss=0.002128 seconds=0.05
epoch=15/80 loss=0.001744 seconds=0.05
epoch=16/80 loss=0.011835 seconds=0.05
epoch=17/80 loss=0.025295 seconds=0.06
epoch=18/80 loss=0.014745 seconds=0.05
epoch=19/80 loss=0.013149 seconds=0.05
epoch=20/80 loss=0.013027 seconds=0.05
epoch=21/80 loss=0.066480 seconds=0.05
epoch=22/80 loss=0.041984 seconds=0.06
epoch=23/80 loss=0.015711 seconds=0.05
epoch=24/80 loss=0.003371 seconds=0.05
epoch=25/80 loss=0.006709 seconds=0.06
epoch=26/80 loss=0.011243 seconds=0.05
epoch=27/80 loss=0.021609 seconds=0.06
epoch=28/80 loss=0.015516 seconds=0.05
epoch=29/80 loss=0.018610 seconds=0.05
epoch=30/80 loss=0.011525 seconds=0.05
epoch=31/80 loss=0.011932 seconds=0.06
epoch=32/80 loss=0.006051 seconds=0.05
epoch=33/80 loss=0.023972 seconds=0.05
epoch=34/80 loss=0.012031 seconds=0.06
epoch=35/80 loss=0.001502 seconds=0.05
epoch=36/80 loss=0.005770 seconds=0.05
epoch=37/80 loss=0.001138 seconds=0.06
epoch=38/80 loss=0.003425 seconds=0.05
epoch=39/80 loss=0.002139 seconds=0.06
epoch=40/80 loss=0.001790 seconds=0.05
epoch=41/80 loss=0.013355 seconds=0.05
epoch=42/80 loss=0.024569 seconds=0.05
epoch=43/80 loss=0.009570 seconds=0.05
epoch=44/80 loss=0.043634 seconds=0.05
epoch=45/80 loss=0.022655 seconds=0.05
epoch=46/80 loss=0.010430 seconds=0.06
epoch=47/80 loss=0.003173 seconds=0.05
epoch=48/80 loss=0.002448 seconds=0.05
epoch=49/80 loss=0.002044 seconds=0.06
epoch=50/80 loss=0.005240 seconds=0.05
epoch=51/80 loss=0.001304 seconds=0.05
epoch=52/80 loss=0.001159 seconds=0.05
epoch=53/80 loss=0.001232 seconds=0.06
epoch=54/80 loss=0.000966 seconds=0.05
epoch=55/80 loss=0.000696 seconds=0.06
epoch=56/80 loss=0.000589 seconds=0.06
epoch=57/80 loss=0.001191 seconds=0.05
epoch=58/80 loss=0.001235 seconds=0.05
epoch=59/80 loss=0.000436 seconds=0.06
epoch=60/80 loss=0.002535 seconds=0.05
epoch=61/80 loss=0.000634 seconds=0.05
epoch=62/80 loss=0.000440 seconds=0.06
epoch=63/80 loss=0.000424 seconds=0.05
epoch=64/80 loss=0.004467 seconds=0.06
epoch=65/80 loss=0.004344 seconds=0.06
epoch=66/80 loss=0.001276 seconds=0.05
epoch=67/80 loss=0.000509 seconds=0.06
epoch=68/80 loss=0.000685 seconds=0.05
epoch=69/80 loss=0.001331 seconds=0.06
epoch=70/80 loss=0.002038 seconds=0.05
epoch=71/80 loss=0.001311 seconds=0.05
epoch=72/80 loss=0.000364 seconds=0.05
epoch=73/80 loss=0.001062 seconds=0.06
epoch=74/80 loss=0.000547 seconds=0.05
epoch=75/80 loss=0.002015 seconds=0.05
epoch=76/80 loss=0.000301 seconds=0.06
epoch=77/80 loss=0.000317 seconds=0.05
epoch=78/80 loss=0.000439 seconds=0.05
epoch=79/80 loss=0.000445 seconds=0.06
epoch=80/80 loss=0.000270 seconds=0.05
fold=5/10 OOF_accuracy=0.900000 OOF_AUC=0.988636
Device=cuda; epochs=80; batch=32; model=ResNet1D
epoch=1/80 loss=0.226128 seconds=0.05
epoch=2/80 loss=0.064462 seconds=0.06
epoch=3/80 loss=0.029529 seconds=0.05
epoch=4/80 loss=0.014830 seconds=0.05
epoch=5/80 loss=0.011241 seconds=0.05
epoch=6/80 loss=0.010277 seconds=0.06
epoch=7/80 loss=0.011323 seconds=0.05
epoch=8/80 loss=0.005762 seconds=0.06
epoch=9/80 loss=0.037210 seconds=0.05
epoch=10/80 loss=0.028061 seconds=0.06
epoch=11/80 loss=0.011242 seconds=0.05
epoch=12/80 loss=0.003913 seconds=0.05
epoch=13/80 loss=0.004496 seconds=0.06
epoch=14/80 loss=0.003831 seconds=0.05
epoch=15/80 loss=0.001413 seconds=0.05
epoch=16/80 loss=0.001406 seconds=0.05
epoch=17/80 loss=0.001646 seconds=0.05
epoch=18/80 loss=0.001183 seconds=0.05
epoch=19/80 loss=0.001558 seconds=0.05
epoch=20/80 loss=0.002674 seconds=0.06
epoch=21/80 loss=0.005137 seconds=0.05
epoch=22/80 loss=0.001453 seconds=0.06
epoch=23/80 loss=0.014502 seconds=0.05
epoch=24/80 loss=0.026614 seconds=0.06
epoch=25/80 loss=0.029810 seconds=0.05
epoch=26/80 loss=0.004556 seconds=0.06
epoch=27/80 loss=0.008913 seconds=0.06
epoch=28/80 loss=0.039950 seconds=0.05
epoch=29/80 loss=0.012775 seconds=0.06
epoch=30/80 loss=0.005954 seconds=0.06
epoch=31/80 loss=0.019660 seconds=0.05
epoch=32/80 loss=0.003461 seconds=0.05
epoch=33/80 loss=0.003787 seconds=0.06
epoch=34/80 loss=0.001447 seconds=0.05
epoch=35/80 loss=0.000662 seconds=0.06
epoch=36/80 loss=0.001140 seconds=0.05
epoch=37/80 loss=0.000461 seconds=0.06
epoch=38/80 loss=0.000640 seconds=0.05
epoch=39/80 loss=0.000368 seconds=0.05
epoch=40/80 loss=0.000536 seconds=0.06
epoch=41/80 loss=0.000550 seconds=0.05
epoch=42/80 loss=0.000218 seconds=0.06
epoch=43/80 loss=0.000362 seconds=0.06
epoch=44/80 loss=0.000900 seconds=0.05
epoch=45/80 loss=0.001723 seconds=0.06
epoch=46/80 loss=0.000332 seconds=0.05
epoch=47/80 loss=0.000239 seconds=0.06
epoch=48/80 loss=0.000374 seconds=0.06
epoch=49/80 loss=0.000343 seconds=0.05
epoch=50/80 loss=0.000612 seconds=0.05
epoch=51/80 loss=0.000165 seconds=0.06
epoch=52/80 loss=0.000196 seconds=0.05
epoch=53/80 loss=0.000303 seconds=0.05
epoch=54/80 loss=0.000187 seconds=0.06
epoch=55/80 loss=0.000187 seconds=0.05
epoch=56/80 loss=0.000126 seconds=0.05
epoch=57/80 loss=0.005994 seconds=0.06
epoch=58/80 loss=0.118210 seconds=0.05
epoch=59/80 loss=0.041996 seconds=0.05
epoch=60/80 loss=0.032583 seconds=0.06
epoch=61/80 loss=0.018348 seconds=0.05
epoch=62/80 loss=0.004402 seconds=0.05
epoch=63/80 loss=0.004904 seconds=0.06
epoch=64/80 loss=0.002178 seconds=0.05
epoch=65/80 loss=0.003486 seconds=0.06
epoch=66/80 loss=0.001352 seconds=0.05
epoch=67/80 loss=0.001308 seconds=0.05
epoch=68/80 loss=0.000761 seconds=0.05
epoch=69/80 loss=0.001109 seconds=0.06
epoch=70/80 loss=0.000511 seconds=0.05
epoch=71/80 loss=0.000617 seconds=0.06
epoch=72/80 loss=0.000663 seconds=0.05
epoch=73/80 loss=0.000435 seconds=0.05
epoch=74/80 loss=0.000354 seconds=0.05
epoch=75/80 loss=0.005220 seconds=0.05
epoch=76/80 loss=0.000796 seconds=0.06
epoch=77/80 loss=0.008322 seconds=0.05
epoch=78/80 loss=0.019420 seconds=0.05
epoch=79/80 loss=0.018572 seconds=0.05
epoch=80/80 loss=0.004861 seconds=0.06
fold=6/10 OOF_accuracy=0.933333 OOF_AUC=0.977273
Device=cuda; epochs=80; batch=32; model=ResNet1D
epoch=1/80 loss=0.217981 seconds=0.06
epoch=2/80 loss=0.056804 seconds=0.05
epoch=3/80 loss=0.017046 seconds=0.05
epoch=4/80 loss=0.009438 seconds=0.05
epoch=5/80 loss=0.006021 seconds=0.05
epoch=6/80 loss=0.006132 seconds=0.05
epoch=7/80 loss=0.005293 seconds=0.05
epoch=8/80 loss=0.001981 seconds=0.05
epoch=9/80 loss=0.004787 seconds=0.05
epoch=10/80 loss=0.008367 seconds=0.06
epoch=11/80 loss=0.024752 seconds=0.05
epoch=12/80 loss=0.006435 seconds=0.05
epoch=13/80 loss=0.004945 seconds=0.05
epoch=14/80 loss=0.004439 seconds=0.06
epoch=15/80 loss=0.006674 seconds=0.05
epoch=16/80 loss=0.004646 seconds=0.06
epoch=17/80 loss=0.002455 seconds=0.05
epoch=18/80 loss=0.002034 seconds=0.06
epoch=19/80 loss=0.003203 seconds=0.05
epoch=20/80 loss=0.013104 seconds=0.06
epoch=21/80 loss=0.041036 seconds=0.05
epoch=22/80 loss=0.004999 seconds=0.06
epoch=23/80 loss=0.004293 seconds=0.05
epoch=24/80 loss=0.001718 seconds=0.05
epoch=25/80 loss=0.020589 seconds=0.06
epoch=26/80 loss=0.036248 seconds=0.05
epoch=27/80 loss=0.032038 seconds=0.05
epoch=28/80 loss=0.055578 seconds=0.05
epoch=29/80 loss=0.012228 seconds=0.05
epoch=30/80 loss=0.005874 seconds=0.05
epoch=31/80 loss=0.005677 seconds=0.05
epoch=32/80 loss=0.001932 seconds=0.06
epoch=33/80 loss=0.006359 seconds=0.03
epoch=34/80 loss=0.001745 seconds=0.06
epoch=35/80 loss=0.003364 seconds=0.05
epoch=36/80 loss=0.003560 seconds=0.05
epoch=37/80 loss=0.000745 seconds=0.05
epoch=38/80 loss=0.000722 seconds=0.06
epoch=39/80 loss=0.000650 seconds=0.05
epoch=40/80 loss=0.000661 seconds=0.05
epoch=41/80 loss=0.001277 seconds=0.05
epoch=42/80 loss=0.000272 seconds=0.05
epoch=43/80 loss=0.000396 seconds=0.05
epoch=44/80 loss=0.000579 seconds=0.06
epoch=45/80 loss=0.001449 seconds=0.05
epoch=46/80 loss=0.000239 seconds=0.05
epoch=47/80 loss=0.000496 seconds=0.05
epoch=48/80 loss=0.000351 seconds=0.05
epoch=49/80 loss=0.000263 seconds=0.05
epoch=50/80 loss=0.000497 seconds=0.06
epoch=51/80 loss=0.000132 seconds=0.05
epoch=52/80 loss=0.000234 seconds=0.06
epoch=53/80 loss=0.000187 seconds=0.05
epoch=54/80 loss=0.000182 seconds=0.05
epoch=55/80 loss=0.000195 seconds=0.05
epoch=56/80 loss=0.000186 seconds=0.06
epoch=57/80 loss=0.000294 seconds=0.05
epoch=58/80 loss=0.000213 seconds=0.05
epoch=59/80 loss=0.000131 seconds=0.05
epoch=60/80 loss=0.000809 seconds=0.06
epoch=61/80 loss=0.000161 seconds=0.05
epoch=62/80 loss=0.000186 seconds=0.05
epoch=63/80 loss=0.001015 seconds=0.06
epoch=64/80 loss=0.000126 seconds=0.08
epoch=65/80 loss=0.000142 seconds=0.06
epoch=66/80 loss=0.001894 seconds=0.05
epoch=67/80 loss=0.000330 seconds=0.06
epoch=68/80 loss=0.028295 seconds=0.05
epoch=69/80 loss=0.014351 seconds=0.05
epoch=70/80 loss=0.002901 seconds=0.05
epoch=71/80 loss=0.008872 seconds=0.05
epoch=72/80 loss=0.005020 seconds=0.05
epoch=73/80 loss=0.000527 seconds=0.05
epoch=74/80 loss=0.001283 seconds=0.06
epoch=75/80 loss=0.007720 seconds=0.05
epoch=76/80 loss=0.001019 seconds=0.05
epoch=77/80 loss=0.000999 seconds=0.05
epoch=78/80 loss=0.001157 seconds=0.05
epoch=79/80 loss=0.003082 seconds=0.06
epoch=80/80 loss=0.000866 seconds=0.05
fold=7/10 OOF_accuracy=0.833333 OOF_AUC=0.892045
Device=cuda; epochs=80; batch=32; model=ResNet1D
epoch=1/80 loss=0.227336 seconds=0.05
epoch=2/80 loss=0.052791 seconds=0.05
epoch=3/80 loss=0.025525 seconds=0.06
epoch=4/80 loss=0.017009 seconds=0.05
epoch=5/80 loss=0.019358 seconds=0.06
epoch=6/80 loss=0.009774 seconds=0.06
epoch=7/80 loss=0.006125 seconds=0.06
epoch=8/80 loss=0.003982 seconds=0.06
epoch=9/80 loss=0.003559 seconds=0.06
epoch=10/80 loss=0.003042 seconds=0.03
epoch=11/80 loss=0.001677 seconds=0.06
epoch=12/80 loss=0.001496 seconds=0.05
epoch=13/80 loss=0.001592 seconds=0.05
epoch=14/80 loss=0.001971 seconds=0.05
epoch=15/80 loss=0.001731 seconds=0.05
epoch=16/80 loss=0.001158 seconds=0.05
epoch=17/80 loss=0.001405 seconds=0.06
epoch=18/80 loss=0.001065 seconds=0.05
epoch=19/80 loss=0.001083 seconds=0.06
epoch=20/80 loss=0.001628 seconds=0.05
epoch=21/80 loss=0.012842 seconds=0.05
epoch=22/80 loss=0.032245 seconds=0.06
epoch=23/80 loss=0.012753 seconds=0.05
epoch=24/80 loss=0.006767 seconds=0.06
epoch=25/80 loss=0.010414 seconds=0.05
epoch=26/80 loss=0.007720 seconds=0.06
epoch=27/80 loss=0.031072 seconds=0.06
epoch=28/80 loss=0.070412 seconds=0.05
epoch=29/80 loss=0.027483 seconds=0.06
epoch=30/80 loss=0.005828 seconds=0.05
epoch=31/80 loss=0.012129 seconds=0.05
epoch=32/80 loss=0.003613 seconds=0.05
epoch=33/80 loss=0.006171 seconds=0.06
epoch=34/80 loss=0.006711 seconds=0.05
epoch=35/80 loss=0.000895 seconds=0.05
epoch=36/80 loss=0.002410 seconds=0.05
epoch=37/80 loss=0.000497 seconds=0.06
epoch=38/80 loss=0.006504 seconds=0.05
epoch=39/80 loss=0.016179 seconds=0.05
epoch=40/80 loss=0.001209 seconds=0.06
epoch=41/80 loss=0.006221 seconds=0.05
epoch=42/80 loss=0.007873 seconds=0.05
epoch=43/80 loss=0.002644 seconds=0.06
epoch=44/80 loss=0.005394 seconds=0.08
epoch=45/80 loss=0.047351 seconds=0.05
epoch=46/80 loss=0.012889 seconds=0.05
epoch=47/80 loss=0.003950 seconds=0.05
epoch=48/80 loss=0.003298 seconds=0.05
epoch=49/80 loss=0.013499 seconds=0.05
epoch=50/80 loss=0.003215 seconds=0.06
epoch=51/80 loss=0.003376 seconds=0.06
epoch=52/80 loss=0.004196 seconds=0.05
epoch=53/80 loss=0.000973 seconds=0.05
epoch=54/80 loss=0.000818 seconds=0.05
epoch=55/80 loss=0.000885 seconds=0.06
epoch=56/80 loss=0.000466 seconds=0.05
epoch=57/80 loss=0.000838 seconds=0.06
epoch=58/80 loss=0.000448 seconds=0.05
epoch=59/80 loss=0.001059 seconds=0.05
epoch=60/80 loss=0.006738 seconds=0.06
epoch=61/80 loss=0.000912 seconds=0.05
epoch=62/80 loss=0.000519 seconds=0.05
epoch=63/80 loss=0.004227 seconds=0.06
epoch=64/80 loss=0.001145 seconds=0.05
epoch=65/80 loss=0.002065 seconds=0.06
epoch=66/80 loss=0.002240 seconds=0.05
epoch=67/80 loss=0.002504 seconds=0.05
epoch=68/80 loss=0.000507 seconds=0.06
epoch=69/80 loss=0.002249 seconds=0.05
epoch=70/80 loss=0.000423 seconds=0.05
epoch=71/80 loss=0.003179 seconds=0.05
epoch=72/80 loss=0.004129 seconds=0.05
epoch=73/80 loss=0.005838 seconds=0.05
epoch=74/80 loss=0.021631 seconds=0.05
epoch=75/80 loss=0.021026 seconds=0.06
epoch=76/80 loss=0.015221 seconds=0.05
epoch=77/80 loss=0.002068 seconds=0.06
epoch=78/80 loss=0.001081 seconds=0.05
epoch=79/80 loss=0.001465 seconds=0.06
epoch=80/80 loss=0.007360 seconds=0.05
fold=8/10 OOF_accuracy=0.766667 OOF_AUC=0.818182
Device=cuda; epochs=80; batch=32; model=ResNet1D
epoch=1/80 loss=0.242766 seconds=0.06
epoch=2/80 loss=0.070415 seconds=0.05
epoch=3/80 loss=0.029190 seconds=0.05
epoch=4/80 loss=0.016263 seconds=0.05
epoch=5/80 loss=0.010523 seconds=0.06
epoch=6/80 loss=0.013030 seconds=0.05
epoch=7/80 loss=0.009508 seconds=0.06
epoch=8/80 loss=0.007172 seconds=0.05
epoch=9/80 loss=0.012827 seconds=0.05
epoch=10/80 loss=0.019578 seconds=0.05
epoch=11/80 loss=0.007880 seconds=0.06
epoch=12/80 loss=0.006343 seconds=0.05
epoch=13/80 loss=0.004351 seconds=0.05
epoch=14/80 loss=0.004127 seconds=0.06
epoch=15/80 loss=0.002160 seconds=0.05
epoch=16/80 loss=0.001585 seconds=0.05
epoch=17/80 loss=0.002531 seconds=0.05
epoch=18/80 loss=0.001355 seconds=0.05
epoch=19/80 loss=0.001347 seconds=0.06
epoch=20/80 loss=0.004696 seconds=0.06
epoch=21/80 loss=0.045219 seconds=0.06
epoch=22/80 loss=0.043907 seconds=0.06
epoch=23/80 loss=0.011452 seconds=0.05
epoch=24/80 loss=0.009286 seconds=0.06
epoch=25/80 loss=0.010477 seconds=0.06
epoch=26/80 loss=0.001999 seconds=0.05
epoch=27/80 loss=0.015079 seconds=0.05
epoch=28/80 loss=0.058264 seconds=0.06
epoch=29/80 loss=0.037439 seconds=0.05
epoch=30/80 loss=0.010798 seconds=0.05
epoch=31/80 loss=0.017081 seconds=0.06
epoch=32/80 loss=0.008910 seconds=0.05
epoch=33/80 loss=0.004883 seconds=0.05
epoch=34/80 loss=0.003177 seconds=0.05
epoch=35/80 loss=0.020409 seconds=0.06
epoch=36/80 loss=0.010967 seconds=0.05
epoch=37/80 loss=0.001398 seconds=0.05
epoch=38/80 loss=0.000960 seconds=0.06
epoch=39/80 loss=0.001543 seconds=0.05
epoch=40/80 loss=0.001151 seconds=0.05
epoch=41/80 loss=0.002579 seconds=0.05
epoch=42/80 loss=0.000610 seconds=0.06
epoch=43/80 loss=0.002528 seconds=0.05
epoch=44/80 loss=0.010266 seconds=0.06
epoch=45/80 loss=0.019597 seconds=0.05
epoch=46/80 loss=0.001626 seconds=0.05
epoch=47/80 loss=0.000892 seconds=0.06
epoch=48/80 loss=0.002169 seconds=0.05
epoch=49/80 loss=0.000763 seconds=0.05
epoch=50/80 loss=0.001011 seconds=0.05
epoch=51/80 loss=0.000523 seconds=0.05
epoch=52/80 loss=0.000659 seconds=0.05
epoch=53/80 loss=0.000502 seconds=0.05
epoch=54/80 loss=0.000472 seconds=0.05
epoch=55/80 loss=0.000463 seconds=0.05
epoch=56/80 loss=0.000458 seconds=0.06
epoch=57/80 loss=0.013959 seconds=0.05
epoch=58/80 loss=0.032826 seconds=0.05
epoch=59/80 loss=0.011667 seconds=0.05
epoch=60/80 loss=0.015125 seconds=0.06
epoch=61/80 loss=0.023569 seconds=0.05
epoch=62/80 loss=0.003555 seconds=0.05
epoch=63/80 loss=0.006996 seconds=0.05
epoch=64/80 loss=0.001242 seconds=0.05
epoch=65/80 loss=0.001230 seconds=0.05
epoch=66/80 loss=0.002021 seconds=0.06
epoch=67/80 loss=0.000795 seconds=0.05
epoch=68/80 loss=0.001364 seconds=0.05
epoch=69/80 loss=0.000985 seconds=0.05
epoch=70/80 loss=0.001364 seconds=0.05
epoch=71/80 loss=0.000774 seconds=0.06
epoch=72/80 loss=0.000584 seconds=0.05
epoch=73/80 loss=0.000806 seconds=0.05
epoch=74/80 loss=0.000348 seconds=0.05
epoch=75/80 loss=0.001726 seconds=0.05
epoch=76/80 loss=0.000635 seconds=0.05
epoch=77/80 loss=0.000349 seconds=0.06
epoch=78/80 loss=0.000378 seconds=0.05
epoch=79/80 loss=0.000355 seconds=0.05
epoch=80/80 loss=0.000340 seconds=0.05
fold=9/10 OOF_accuracy=0.800000 OOF_AUC=0.886364
Device=cuda; epochs=80; batch=32; model=ResNet1D
epoch=1/80 loss=0.222881 seconds=0.06
epoch=2/80 loss=0.048121 seconds=0.06
epoch=3/80 loss=0.022239 seconds=0.05
epoch=4/80 loss=0.010479 seconds=0.05
epoch=5/80 loss=0.012108 seconds=0.06
epoch=6/80 loss=0.024235 seconds=0.05
epoch=7/80 loss=0.032832 seconds=0.05
epoch=8/80 loss=0.006096 seconds=0.05
epoch=9/80 loss=0.005586 seconds=0.06
epoch=10/80 loss=0.004070 seconds=0.05
epoch=11/80 loss=0.003205 seconds=0.05
epoch=12/80 loss=0.002317 seconds=0.05
epoch=13/80 loss=0.006329 seconds=0.06
epoch=14/80 loss=0.006450 seconds=0.05
epoch=15/80 loss=0.002303 seconds=0.06
epoch=16/80 loss=0.001220 seconds=0.05
epoch=17/80 loss=0.006302 seconds=0.05
epoch=18/80 loss=0.003327 seconds=0.05
epoch=19/80 loss=0.003356 seconds=0.06
epoch=20/80 loss=0.001452 seconds=0.05
epoch=21/80 loss=0.001535 seconds=0.05
epoch=22/80 loss=0.001172 seconds=0.05
epoch=23/80 loss=0.001260 seconds=0.05
epoch=24/80 loss=0.000427 seconds=0.06
epoch=25/80 loss=0.000694 seconds=0.05
epoch=26/80 loss=0.001404 seconds=0.05
epoch=27/80 loss=0.000627 seconds=0.05
epoch=28/80 loss=0.005336 seconds=0.06
epoch=29/80 loss=0.007817 seconds=0.05
epoch=30/80 loss=0.001436 seconds=0.05
epoch=31/80 loss=0.000764 seconds=0.05
epoch=32/80 loss=0.001169 seconds=0.06
epoch=33/80 loss=0.001149 seconds=0.05
epoch=34/80 loss=0.000824 seconds=0.05
epoch=35/80 loss=0.000285 seconds=0.05
epoch=36/80 loss=0.001205 seconds=0.06
epoch=37/80 loss=0.000283 seconds=0.05
epoch=38/80 loss=0.000262 seconds=0.06
epoch=39/80 loss=0.000423 seconds=0.05
epoch=40/80 loss=0.000189 seconds=0.05
epoch=41/80 loss=0.000327 seconds=0.06
epoch=42/80 loss=0.000181 seconds=0.05
epoch=43/80 loss=0.000264 seconds=0.05
epoch=44/80 loss=0.000247 seconds=0.05
epoch=45/80 loss=0.001403 seconds=0.05
epoch=46/80 loss=0.011352 seconds=0.05
epoch=47/80 loss=0.005948 seconds=0.06
epoch=48/80 loss=0.006692 seconds=0.05
epoch=49/80 loss=0.014116 seconds=0.05
epoch=50/80 loss=0.028735 seconds=0.05
epoch=51/80 loss=0.035465 seconds=0.06
epoch=52/80 loss=0.016253 seconds=0.05
epoch=53/80 loss=0.011006 seconds=0.05
epoch=54/80 loss=0.007762 seconds=0.05
epoch=55/80 loss=0.000660 seconds=0.06
epoch=56/80 loss=0.000708 seconds=0.05
epoch=57/80 loss=0.001070 seconds=0.06
epoch=58/80 loss=0.000515 seconds=0.05
epoch=59/80 loss=0.000290 seconds=0.05
epoch=60/80 loss=0.001593 seconds=0.06
epoch=61/80 loss=0.000216 seconds=0.05
epoch=62/80 loss=0.000375 seconds=0.05
epoch=63/80 loss=0.000206 seconds=0.05
epoch=64/80 loss=0.000531 seconds=0.06
epoch=65/80 loss=0.001522 seconds=0.05
epoch=66/80 loss=0.000403 seconds=0.05
epoch=67/80 loss=0.000165 seconds=0.05
epoch=68/80 loss=0.000310 seconds=0.05
epoch=69/80 loss=0.000533 seconds=0.06
epoch=70/80 loss=0.001280 seconds=0.06
epoch=71/80 loss=0.000181 seconds=0.06
epoch=72/80 loss=0.001256 seconds=0.05
epoch=73/80 loss=0.000085 seconds=0.06
epoch=74/80 loss=0.001679 seconds=0.06
epoch=75/80 loss=0.000143 seconds=0.05
epoch=76/80 loss=0.031406 seconds=0.06
epoch=77/80 loss=0.002763 seconds=0.05
epoch=78/80 loss=0.000165 seconds=0.05
epoch=79/80 loss=0.000213 seconds=0.05
epoch=80/80 loss=0.000441 seconds=0.05
fold=10/10 OOF_accuracy=0.833333 OOF_AUC=0.777778
Frozen Train OOF threshold=0.85755348205566406; objective=accuracy; OOF selection accuracy=0.850000
Device=cuda; epochs=80; batch=32; model=ResNet1D
epoch=1/80 loss=0.205836 seconds=0.09
epoch=2/80 loss=0.068442 seconds=0.06
epoch=3/80 loss=0.027191 seconds=0.05
epoch=4/80 loss=0.027304 seconds=0.06
epoch=5/80 loss=0.030785 seconds=0.08
epoch=6/80 loss=0.021728 seconds=0.06
epoch=7/80 loss=0.011207 seconds=0.05
epoch=8/80 loss=0.005481 seconds=0.08
epoch=9/80 loss=0.014528 seconds=0.06
epoch=10/80 loss=0.012668 seconds=0.05
epoch=11/80 loss=0.007241 seconds=0.06
epoch=12/80 loss=0.012255 seconds=0.06
epoch=13/80 loss=0.005691 seconds=0.06
epoch=14/80 loss=0.014239 seconds=0.06
epoch=15/80 loss=0.008938 seconds=0.08
epoch=16/80 loss=0.009168 seconds=0.06
epoch=17/80 loss=0.007597 seconds=0.05
epoch=18/80 loss=0.013711 seconds=0.06
epoch=19/80 loss=0.048026 seconds=0.05
epoch=20/80 loss=0.023321 seconds=0.05
epoch=21/80 loss=0.010783 seconds=0.06
epoch=22/80 loss=0.014826 seconds=0.05
epoch=23/80 loss=0.013232 seconds=0.06
epoch=24/80 loss=0.014215 seconds=0.05
epoch=25/80 loss=0.004016 seconds=0.05
epoch=26/80 loss=0.001984 seconds=0.06
epoch=27/80 loss=0.000986 seconds=0.05
epoch=28/80 loss=0.012629 seconds=0.05
epoch=29/80 loss=0.012093 seconds=0.06
epoch=30/80 loss=0.003407 seconds=0.06
epoch=31/80 loss=0.002145 seconds=0.05
epoch=32/80 loss=0.002602 seconds=0.06
epoch=33/80 loss=0.003244 seconds=0.05
epoch=34/80 loss=0.002476 seconds=0.05
epoch=35/80 loss=0.001368 seconds=0.06
epoch=36/80 loss=0.001665 seconds=0.05
epoch=37/80 loss=0.001110 seconds=0.06
epoch=38/80 loss=0.001409 seconds=0.05
epoch=39/80 loss=0.000517 seconds=0.06
epoch=40/80 loss=0.000305 seconds=0.05
epoch=41/80 loss=0.000802 seconds=0.05
epoch=42/80 loss=0.003204 seconds=0.06
epoch=43/80 loss=0.000604 seconds=0.05
epoch=44/80 loss=0.000933 seconds=0.05
epoch=45/80 loss=0.000253 seconds=0.05
epoch=46/80 loss=0.000255 seconds=0.05
epoch=47/80 loss=0.000237 seconds=0.06
epoch=48/80 loss=0.000179 seconds=0.05
epoch=49/80 loss=0.000136 seconds=0.06
epoch=50/80 loss=0.000451 seconds=0.05
epoch=51/80 loss=0.000180 seconds=0.05
epoch=52/80 loss=0.000131 seconds=0.06
epoch=53/80 loss=0.000496 seconds=0.06
epoch=54/80 loss=0.000107 seconds=0.05
epoch=55/80 loss=0.000135 seconds=0.06
epoch=56/80 loss=0.000389 seconds=0.05
epoch=57/80 loss=0.000145 seconds=0.05
epoch=58/80 loss=0.024719 seconds=0.05
epoch=59/80 loss=0.024767 seconds=0.06
epoch=60/80 loss=0.034740 seconds=0.05
epoch=61/80 loss=0.005189 seconds=0.06
epoch=62/80 loss=0.004086 seconds=0.05
epoch=63/80 loss=0.001886 seconds=0.06
epoch=64/80 loss=0.000649 seconds=0.05
epoch=65/80 loss=0.009366 seconds=0.05
epoch=66/80 loss=0.001775 seconds=0.06
epoch=67/80 loss=0.003186 seconds=0.05
epoch=68/80 loss=0.000859 seconds=0.06
epoch=69/80 loss=0.000615 seconds=0.05
epoch=70/80 loss=0.001610 seconds=0.05
epoch=71/80 loss=0.031327 seconds=0.06
epoch=72/80 loss=0.013313 seconds=0.05
epoch=73/80 loss=0.004202 seconds=0.06
epoch=74/80 loss=0.003136 seconds=0.05
epoch=75/80 loss=0.003543 seconds=0.05
epoch=76/80 loss=0.000830 seconds=0.06
epoch=77/80 loss=0.013103 seconds=0.05
epoch=78/80 loss=0.006983 seconds=0.06
epoch=79/80 loss=0.006417 seconds=0.05
epoch=80/80 loss=0.001755 seconds=0.05
{"cv_oof": {"accuracy": 0.8433333333333334, "balanced_accuracy": 0.7721122949433452, "sensitivity": 0.6172839506172839, "specificity": 0.9269406392694064, "f1_macro": 0.7882596747308195, "roc_auc": 0.8651558712441513, "confusion_matrix": [[203, 16], [31, 50]], "classification_report": {"0": {"precision": 0.8675213675213675, "recall": 0.9269406392694064, "f1-score": 0.8962472406181016, "support": 219.0}, "1": {"precision": 0.7575757575757576, "recall": 0.6172839506172839, "f1-score": 0.6802721088435374, "support": 81.0}, "accuracy": 0.8433333333333334, "macro avg": {"precision": 0.8125485625485626, "recall": 0.7721122949433452, "f1-score": 0.7882596747308195, "support": 300.0}, "weighted avg": {"precision": 0.8378360528360529, "recall": 0.8433333333333334, "f1-score": 0.8379339550389692, "support": 300.0}}}, "test": {"accuracy": 0.8311688311688312, "balanced_accuracy": 0.7202380952380952, "sensitivity": 0.47619047619047616, "specificity": 0.9642857142857143, "f1_macro": 0.7493112947658402, "roc_auc": 0.7971938775510203, "confusion_matrix": [[54, 2], [11, 10]], "classification_report": {"0": {"precision": 0.8307692307692308, "recall": 0.9642857142857143, "f1-score": 0.8925619834710744, "support": 56.0}, "1": {"precision": 0.8333333333333334, "recall": 0.47619047619047616, "f1-score": 0.6060606060606061, "support": 21.0}, "accuracy": 0.8311688311688312, "macro avg": {"precision": 0.8320512820512821, "recall": 0.7202380952380952, "f1-score": 0.7493112947658402, "support": 77.0}, "weighted avg": {"precision": 0.8314685314685315, "recall": 0.8311688311688312, "f1-score": 0.8144252441773103, "support": 77.0}}}, "folds": 10, "original_train_rows": 300, "train_rows": 438, "test_rows": 77, "elapsed_seconds": 51.03099999995902, "test_default": {"accuracy": 0.8181818181818182, "balanced_accuracy": 0.7113095238095237, "sensitivity": 0.47619047619047616, "specificity": 0.9464285714285714, "f1_macro": 0.7357843137254902, "roc_auc": 0.7971938775510203, "confusion_matrix": [[53, 3], [11, 10]], "classification_report": {"0": {"precision": 0.828125, "recall": 0.9464285714285714, "f1-score": 0.8833333333333333, "support": 56.0}, "1": {"precision": 0.7692307692307693, "recall": 0.47619047619047616, "f1-score": 0.5882352941176471, "support": 21.0}, "accuracy": 0.8181818181818182, "macro avg": {"precision": 0.7986778846153846, "recall": 0.7113095238095237, "f1-score": 0.7357843137254902, "support": 77.0}, "weighted avg": {"precision": 0.8120629370629371, "recall": 0.8181818181818182, "f1-score": 0.8028520499108734, "support": 77.0}}}, "decision_threshold": 0.8575534820556641, "oof_threshold_selection": {"accuracy": 0.85, "balanced_accuracy": 0.7688990360223237, "sensitivity": 0.5925925925925926, "specificity": 0.9452054794520548, "f1_macro": 0.7914059240717564, "roc_auc": 0.8651558712441513, "confusion_matrix": [[207, 12], [33, 48]], "classification_report": {"0": {"precision": 0.8625, "recall": 0.9452054794520548, "f1-score": 0.9019607843137255, "support": 219.0}, "1": {"precision": 0.8, "recall": 0.5925925925925926, "f1-score": 0.6808510638297872, "support": 81.0}, "accuracy": 0.85, "macro avg": {"precision": 0.83125, "recall": 0.7688990360223237, "f1-score": 0.7914059240717564, "support": 300.0}, "weighted avg": {"precision": 0.845625, "recall": 0.85, "f1-score": 0.8422611597830622, "support": 300.0}}}, "test_accuracy_change": 0.012987012987012991}
