Command: ["C:\\Users\\IHCK\\AppData\\Local\\Programs\\Python\\Python312\\python.exe", "-u", "C:\\Users\\IHCK\\Desktop\\1_10_69Final\\Hippocampal-Shape-Analysis-for-Epilepsy-Detection\\Model\\train_dataset_model.py", "--dataset", "coef_raw_balanced_jitter", "--side", "left", "--model", "MobileNet", "--kind", "coef", "--train-csv", "C:\\Users\\IHCK\\Desktop\\1_10_69Final\\Hippocampal-Shape-Analysis-for-Epilepsy-Detection\\Output_Dataset\\coef_raw_balanced_jitter\\left\\train_prepared.csv", "--test-csv", "C:\\Users\\IHCK\\Desktop\\1_10_69Final\\Hippocampal-Shape-Analysis-for-Epilepsy-Detection\\Output_Dataset\\coef_raw_balanced_jitter\\left\\test_prepared.csv", "--output-dir", "C:\\Users\\IHCK\\Desktop\\1_10_69Final\\Hippocampal-Shape-Analysis-for-Epilepsy-Detection\\Model_Results\\dataset_runs_20261003_oof_threshold\\coef_raw_balanced_jitter\\left\\MobileNet", "--epochs", "80", "--folds", "10", "--pls-components", "8", "--seed", "42", "--threads", "2", "--tune-threshold"]
10-fold CV: dataset=coef_raw_balanced_jitter side=left model=MobileNet; original_train=300 test=73
Device=cuda; epochs=80; batch=32; model=MobileNetV2_1D
epoch=1/80 loss=0.534197 seconds=0.44
epoch=2/80 loss=0.237953 seconds=0.08
epoch=3/80 loss=0.132459 seconds=0.09
epoch=4/80 loss=0.077571 seconds=0.09
epoch=5/80 loss=0.047313 seconds=0.08
epoch=6/80 loss=0.028639 seconds=0.08
epoch=7/80 loss=0.023688 seconds=0.08
epoch=8/80 loss=0.029407 seconds=0.09
epoch=9/80 loss=0.033619 seconds=0.09
epoch=10/80 loss=0.019206 seconds=0.08
epoch=11/80 loss=0.030878 seconds=0.08
epoch=12/80 loss=0.043554 seconds=0.06
epoch=13/80 loss=0.033797 seconds=0.09
epoch=14/80 loss=0.025608 seconds=0.06
epoch=15/80 loss=0.013925 seconds=0.08
epoch=16/80 loss=0.009718 seconds=0.06
epoch=17/80 loss=0.016105 seconds=0.06
epoch=18/80 loss=0.006950 seconds=0.08
epoch=19/80 loss=0.006700 seconds=0.06
epoch=20/80 loss=0.004598 seconds=0.06
epoch=21/80 loss=0.008178 seconds=0.08
epoch=22/80 loss=0.009133 seconds=0.06
epoch=23/80 loss=0.006998 seconds=0.08
epoch=24/80 loss=0.007252 seconds=0.06
epoch=25/80 loss=0.014615 seconds=0.06
epoch=26/80 loss=0.006571 seconds=0.08
epoch=27/80 loss=0.006291 seconds=0.06
epoch=28/80 loss=0.012854 seconds=0.08
epoch=29/80 loss=0.015919 seconds=0.08
epoch=30/80 loss=0.007870 seconds=0.06
epoch=31/80 loss=0.007702 seconds=0.08
epoch=32/80 loss=0.003359 seconds=0.08
epoch=33/80 loss=0.001831 seconds=0.06
epoch=34/80 loss=0.009099 seconds=0.08
epoch=35/80 loss=0.020363 seconds=0.06
epoch=36/80 loss=0.021049 seconds=0.08
epoch=37/80 loss=0.010380 seconds=0.06
epoch=38/80 loss=0.032225 seconds=0.08
epoch=39/80 loss=0.031016 seconds=0.06
epoch=40/80 loss=0.006735 seconds=0.06
epoch=41/80 loss=0.009241 seconds=0.08
epoch=42/80 loss=0.010587 seconds=0.06
epoch=43/80 loss=0.008926 seconds=0.08
epoch=44/80 loss=0.023489 seconds=0.06
epoch=45/80 loss=0.019930 seconds=0.08
epoch=46/80 loss=0.004667 seconds=0.06
epoch=47/80 loss=0.012534 seconds=0.08
epoch=48/80 loss=0.009850 seconds=0.08
epoch=49/80 loss=0.010031 seconds=0.06
epoch=50/80 loss=0.006426 seconds=0.06
epoch=51/80 loss=0.024008 seconds=0.06
epoch=52/80 loss=0.002723 seconds=0.08
epoch=53/80 loss=0.009011 seconds=0.06
epoch=54/80 loss=0.019753 seconds=0.09
epoch=55/80 loss=0.003413 seconds=0.06
epoch=56/80 loss=0.017850 seconds=0.08
epoch=57/80 loss=0.002467 seconds=0.08
epoch=58/80 loss=0.003845 seconds=0.06
epoch=59/80 loss=0.008473 seconds=0.08
epoch=60/80 loss=0.010583 seconds=0.08
epoch=61/80 loss=0.003693 seconds=0.06
epoch=62/80 loss=0.003014 seconds=0.06
epoch=63/80 loss=0.001027 seconds=0.09
epoch=64/80 loss=0.001135 seconds=0.06
epoch=65/80 loss=0.000999 seconds=0.08
epoch=66/80 loss=0.003079 seconds=0.06
epoch=67/80 loss=0.007650 seconds=0.08
epoch=68/80 loss=0.000894 seconds=0.08
epoch=69/80 loss=0.002721 seconds=0.06
epoch=70/80 loss=0.002081 seconds=0.06
epoch=71/80 loss=0.002533 seconds=0.06
epoch=72/80 loss=0.022356 seconds=0.08
epoch=73/80 loss=0.020985 seconds=0.08
epoch=74/80 loss=0.000717 seconds=0.06
epoch=75/80 loss=0.001583 seconds=0.08
epoch=76/80 loss=0.000957 seconds=0.06
epoch=77/80 loss=0.000586 seconds=0.08
epoch=78/80 loss=0.000672 seconds=0.08
epoch=79/80 loss=0.003919 seconds=0.06
epoch=80/80 loss=0.004974 seconds=0.08
fold=1/10 OOF_accuracy=0.766667 OOF_AUC=0.700000
Device=cuda; epochs=80; batch=32; model=MobileNetV2_1D
epoch=1/80 loss=0.513663 seconds=0.08
epoch=2/80 loss=0.205615 seconds=0.09
epoch=3/80 loss=0.119539 seconds=0.09
epoch=4/80 loss=0.070309 seconds=0.08
epoch=5/80 loss=0.044582 seconds=0.08
epoch=6/80 loss=0.032075 seconds=0.09
epoch=7/80 loss=0.031946 seconds=0.09
epoch=8/80 loss=0.052491 seconds=0.08
epoch=9/80 loss=0.041401 seconds=0.08
epoch=10/80 loss=0.027702 seconds=0.09
epoch=11/80 loss=0.028697 seconds=0.08
epoch=12/80 loss=0.026241 seconds=0.09
epoch=13/80 loss=0.009532 seconds=0.06
epoch=14/80 loss=0.011561 seconds=0.08
epoch=15/80 loss=0.006815 seconds=0.06
epoch=16/80 loss=0.007488 seconds=0.08
epoch=17/80 loss=0.008224 seconds=0.08
epoch=18/80 loss=0.004220 seconds=0.08
epoch=19/80 loss=0.006873 seconds=0.08
epoch=20/80 loss=0.007145 seconds=0.08
epoch=21/80 loss=0.065886 seconds=0.06
epoch=22/80 loss=0.024281 seconds=0.08
epoch=23/80 loss=0.022809 seconds=0.06
epoch=24/80 loss=0.036268 seconds=0.08
epoch=25/80 loss=0.027804 seconds=0.08
epoch=26/80 loss=0.031457 seconds=0.08
epoch=27/80 loss=0.015717 seconds=0.08
epoch=28/80 loss=0.007730 seconds=0.08
epoch=29/80 loss=0.013658 seconds=0.06
epoch=30/80 loss=0.033002 seconds=0.08
epoch=31/80 loss=0.028708 seconds=0.08
epoch=32/80 loss=0.014525 seconds=0.09
epoch=33/80 loss=0.005825 seconds=0.08
epoch=34/80 loss=0.006594 seconds=0.08
epoch=35/80 loss=0.016843 seconds=0.08
epoch=36/80 loss=0.006594 seconds=0.08
epoch=37/80 loss=0.004930 seconds=0.09
epoch=38/80 loss=0.004754 seconds=0.08
epoch=39/80 loss=0.002065 seconds=0.09
epoch=40/80 loss=0.002107 seconds=0.08
epoch=41/80 loss=0.001830 seconds=0.08
epoch=42/80 loss=0.001715 seconds=0.09
epoch=43/80 loss=0.003066 seconds=0.08
epoch=44/80 loss=0.024218 seconds=0.06
epoch=45/80 loss=0.003442 seconds=0.09
epoch=46/80 loss=0.002065 seconds=0.08
epoch=47/80 loss=0.001612 seconds=0.09
epoch=48/80 loss=0.001539 seconds=0.08
epoch=49/80 loss=0.009294 seconds=0.08
epoch=50/80 loss=0.006158 seconds=0.08
epoch=51/80 loss=0.003574 seconds=0.09
epoch=52/80 loss=0.001662 seconds=0.08
epoch=53/80 loss=0.003583 seconds=0.09
epoch=54/80 loss=0.002328 seconds=0.08
epoch=55/80 loss=0.012829 seconds=0.08
epoch=56/80 loss=0.008236 seconds=0.09
epoch=57/80 loss=0.004782 seconds=0.08
epoch=58/80 loss=0.009815 seconds=0.08
epoch=59/80 loss=0.023201 seconds=0.08
epoch=60/80 loss=0.017341 seconds=0.09
epoch=61/80 loss=0.019382 seconds=0.08
epoch=62/80 loss=0.008650 seconds=0.08
epoch=63/80 loss=0.002816 seconds=0.08
epoch=64/80 loss=0.003437 seconds=0.09
epoch=65/80 loss=0.003402 seconds=0.09
epoch=66/80 loss=0.006957 seconds=0.09
epoch=67/80 loss=0.006557 seconds=0.08
epoch=68/80 loss=0.003161 seconds=0.09
epoch=69/80 loss=0.001310 seconds=0.06
epoch=70/80 loss=0.004367 seconds=0.09
epoch=71/80 loss=0.029635 seconds=0.09
epoch=72/80 loss=0.021578 seconds=0.08
epoch=73/80 loss=0.009117 seconds=0.08
epoch=74/80 loss=0.003195 seconds=0.08
epoch=75/80 loss=0.006129 seconds=0.08
epoch=76/80 loss=0.001136 seconds=0.09
epoch=77/80 loss=0.002701 seconds=0.06
epoch=78/80 loss=0.000660 seconds=0.08
epoch=79/80 loss=0.018226 seconds=0.08
epoch=80/80 loss=0.050385 seconds=0.08
fold=2/10 OOF_accuracy=0.700000 OOF_AUC=0.655000
Device=cuda; epochs=80; batch=32; model=MobileNetV2_1D
epoch=1/80 loss=0.561829 seconds=0.08
epoch=2/80 loss=0.281391 seconds=0.08
epoch=3/80 loss=0.158066 seconds=0.08
epoch=4/80 loss=0.102558 seconds=0.06
epoch=5/80 loss=0.059537 seconds=0.08
epoch=6/80 loss=0.046241 seconds=0.08
epoch=7/80 loss=0.027271 seconds=0.06
epoch=8/80 loss=0.042324 seconds=0.06
epoch=9/80 loss=0.024428 seconds=0.08
epoch=10/80 loss=0.014491 seconds=0.08
epoch=11/80 loss=0.014887 seconds=0.06
epoch=12/80 loss=0.028295 seconds=0.09
epoch=13/80 loss=0.012947 seconds=0.08
epoch=14/80 loss=0.011224 seconds=0.08
epoch=15/80 loss=0.006930 seconds=0.06
epoch=16/80 loss=0.008373 seconds=0.08
epoch=17/80 loss=0.014296 seconds=0.08
epoch=18/80 loss=0.009817 seconds=0.06
epoch=19/80 loss=0.006493 seconds=0.08
epoch=20/80 loss=0.004114 seconds=0.08
epoch=21/80 loss=0.006526 seconds=0.09
epoch=22/80 loss=0.004843 seconds=0.09
epoch=23/80 loss=0.034261 seconds=0.06
epoch=24/80 loss=0.078909 seconds=0.08
epoch=25/80 loss=0.088841 seconds=0.08
epoch=26/80 loss=0.034562 seconds=0.06
epoch=27/80 loss=0.025971 seconds=0.08
epoch=28/80 loss=0.024974 seconds=0.06
epoch=29/80 loss=0.040065 seconds=0.08
epoch=30/80 loss=0.005553 seconds=0.06
epoch=31/80 loss=0.008419 seconds=0.08
epoch=32/80 loss=0.025174 seconds=0.06
epoch=33/80 loss=0.003924 seconds=0.08
epoch=34/80 loss=0.028329 seconds=0.06
epoch=35/80 loss=0.024217 seconds=0.08
epoch=36/80 loss=0.014124 seconds=0.06
epoch=37/80 loss=0.009022 seconds=0.06
epoch=38/80 loss=0.004099 seconds=0.08
epoch=39/80 loss=0.003582 seconds=0.06
epoch=40/80 loss=0.002508 seconds=0.08
epoch=41/80 loss=0.002406 seconds=0.08
epoch=42/80 loss=0.002418 seconds=0.06
epoch=43/80 loss=0.001625 seconds=0.06
epoch=44/80 loss=0.001373 seconds=0.08
epoch=45/80 loss=0.002973 seconds=0.06
epoch=46/80 loss=0.001083 seconds=0.08
epoch=47/80 loss=0.001219 seconds=0.06
epoch=48/80 loss=0.001339 seconds=0.08
epoch=49/80 loss=0.001991 seconds=0.08
epoch=50/80 loss=0.001285 seconds=0.08
epoch=51/80 loss=0.001139 seconds=0.08
epoch=52/80 loss=0.001293 seconds=0.06
epoch=53/80 loss=0.000727 seconds=0.06
epoch=54/80 loss=0.001370 seconds=0.06
epoch=55/80 loss=0.000874 seconds=0.08
epoch=56/80 loss=0.001954 seconds=0.06
epoch=57/80 loss=0.003451 seconds=0.08
epoch=58/80 loss=0.023872 seconds=0.06
epoch=59/80 loss=0.045285 seconds=0.08
epoch=60/80 loss=0.021438 seconds=0.08
epoch=61/80 loss=0.008948 seconds=0.06
epoch=62/80 loss=0.019580 seconds=0.06
epoch=63/80 loss=0.075120 seconds=0.06
epoch=64/80 loss=0.033734 seconds=0.06
epoch=65/80 loss=0.027567 seconds=0.08
epoch=66/80 loss=0.006320 seconds=0.08
epoch=67/80 loss=0.009512 seconds=0.06
epoch=68/80 loss=0.007722 seconds=0.08
epoch=69/80 loss=0.003283 seconds=0.06
epoch=70/80 loss=0.002358 seconds=0.08
epoch=71/80 loss=0.006309 seconds=0.08
epoch=72/80 loss=0.008915 seconds=0.08
epoch=73/80 loss=0.015328 seconds=0.08
epoch=74/80 loss=0.014315 seconds=0.06
epoch=75/80 loss=0.012354 seconds=0.06
epoch=76/80 loss=0.002376 seconds=0.08
epoch=77/80 loss=0.015406 seconds=0.06
epoch=78/80 loss=0.004309 seconds=0.08
epoch=79/80 loss=0.002558 seconds=0.06
epoch=80/80 loss=0.009717 seconds=0.06
fold=3/10 OOF_accuracy=0.733333 OOF_AUC=0.708134
Device=cuda; epochs=80; batch=32; model=MobileNetV2_1D
epoch=1/80 loss=0.518828 seconds=0.08
epoch=2/80 loss=0.225065 seconds=0.06
epoch=3/80 loss=0.127854 seconds=0.08
epoch=4/80 loss=0.088402 seconds=0.06
epoch=5/80 loss=0.047467 seconds=0.08
epoch=6/80 loss=0.049936 seconds=0.06
epoch=7/80 loss=0.026628 seconds=0.08
epoch=8/80 loss=0.057886 seconds=0.06
epoch=9/80 loss=0.036743 seconds=0.08
epoch=10/80 loss=0.023357 seconds=0.06
epoch=11/80 loss=0.020122 seconds=0.08
epoch=12/80 loss=0.021257 seconds=0.08
epoch=13/80 loss=0.038422 seconds=0.08
epoch=14/80 loss=0.012621 seconds=0.08
epoch=15/80 loss=0.009959 seconds=0.06
epoch=16/80 loss=0.011294 seconds=0.08
epoch=17/80 loss=0.025635 seconds=0.06
epoch=18/80 loss=0.018142 seconds=0.08
epoch=19/80 loss=0.036113 seconds=0.08
epoch=20/80 loss=0.009692 seconds=0.06
epoch=21/80 loss=0.015807 seconds=0.08
epoch=22/80 loss=0.005767 seconds=0.06
epoch=23/80 loss=0.005388 seconds=0.08
epoch=24/80 loss=0.007792 seconds=0.08
epoch=25/80 loss=0.012316 seconds=0.08
epoch=26/80 loss=0.009996 seconds=0.08
epoch=27/80 loss=0.010280 seconds=0.06
epoch=28/80 loss=0.008156 seconds=0.06
epoch=29/80 loss=0.015845 seconds=0.08
epoch=30/80 loss=0.013225 seconds=0.06
epoch=31/80 loss=0.005117 seconds=0.08
epoch=32/80 loss=0.036980 seconds=0.08
epoch=33/80 loss=0.011733 seconds=0.08
epoch=34/80 loss=0.060641 seconds=0.06
epoch=35/80 loss=0.008657 seconds=0.08
epoch=36/80 loss=0.017011 seconds=0.08
epoch=37/80 loss=0.009267 seconds=0.06
epoch=38/80 loss=0.014971 seconds=0.08
epoch=39/80 loss=0.002815 seconds=0.06
epoch=40/80 loss=0.003485 seconds=0.08
epoch=41/80 loss=0.023544 seconds=0.08
epoch=42/80 loss=0.020543 seconds=0.06
epoch=43/80 loss=0.018863 seconds=0.06
epoch=44/80 loss=0.002955 seconds=0.09
epoch=45/80 loss=0.043822 seconds=0.06
epoch=46/80 loss=0.024466 seconds=0.08
epoch=47/80 loss=0.009472 seconds=0.08
epoch=48/80 loss=0.005684 seconds=0.08
epoch=49/80 loss=0.037534 seconds=0.08
epoch=50/80 loss=0.009309 seconds=0.08
epoch=51/80 loss=0.014106 seconds=0.09
epoch=52/80 loss=0.006488 seconds=0.08
epoch=53/80 loss=0.021011 seconds=0.06
epoch=54/80 loss=0.043938 seconds=0.08
epoch=55/80 loss=0.009966 seconds=0.06
epoch=56/80 loss=0.019310 seconds=0.09
epoch=57/80 loss=0.018811 seconds=0.08
epoch=58/80 loss=0.027989 seconds=0.08
epoch=59/80 loss=0.016312 seconds=0.06
epoch=60/80 loss=0.001714 seconds=0.06
epoch=61/80 loss=0.003490 seconds=0.08
epoch=62/80 loss=0.001752 seconds=0.06
epoch=63/80 loss=0.001519 seconds=0.09
epoch=64/80 loss=0.019765 seconds=0.06
epoch=65/80 loss=0.006219 seconds=0.08
epoch=66/80 loss=0.001652 seconds=0.08
epoch=67/80 loss=0.004833 seconds=0.08
epoch=68/80 loss=0.001914 seconds=0.08
epoch=69/80 loss=0.001457 seconds=0.06
epoch=70/80 loss=0.000829 seconds=0.08
epoch=71/80 loss=0.003728 seconds=0.06
epoch=72/80 loss=0.005689 seconds=0.06
epoch=73/80 loss=0.011428 seconds=0.08
epoch=74/80 loss=0.015891 seconds=0.08
epoch=75/80 loss=0.000985 seconds=0.08
epoch=76/80 loss=0.002382 seconds=0.08
epoch=77/80 loss=0.001580 seconds=0.08
epoch=78/80 loss=0.000822 seconds=0.08
epoch=79/80 loss=0.001103 seconds=0.06
epoch=80/80 loss=0.000749 seconds=0.08
fold=4/10 OOF_accuracy=0.766667 OOF_AUC=0.765550
Device=cuda; epochs=80; batch=32; model=MobileNetV2_1D
epoch=1/80 loss=0.504604 seconds=0.08
epoch=2/80 loss=0.212647 seconds=0.08
epoch=3/80 loss=0.120326 seconds=0.08
epoch=4/80 loss=0.068506 seconds=0.06
epoch=5/80 loss=0.036977 seconds=0.08
epoch=6/80 loss=0.040096 seconds=0.08
epoch=7/80 loss=0.019815 seconds=0.06
epoch=8/80 loss=0.049578 seconds=0.06
epoch=9/80 loss=0.051926 seconds=0.08
epoch=10/80 loss=0.017589 seconds=0.06
epoch=11/80 loss=0.017426 seconds=0.08
epoch=12/80 loss=0.019986 seconds=0.06
epoch=13/80 loss=0.008767 seconds=0.06
epoch=14/80 loss=0.006731 seconds=0.08
epoch=15/80 loss=0.005496 seconds=0.06
epoch=16/80 loss=0.005192 seconds=0.08
epoch=17/80 loss=0.004459 seconds=0.06
epoch=18/80 loss=0.004035 seconds=0.06
epoch=19/80 loss=0.003868 seconds=0.06
epoch=20/80 loss=0.003942 seconds=0.06
epoch=21/80 loss=0.005492 seconds=0.06
epoch=22/80 loss=0.013140 seconds=0.08
epoch=23/80 loss=0.006670 seconds=0.06
epoch=24/80 loss=0.007253 seconds=0.06
epoch=25/80 loss=0.043241 seconds=0.08
epoch=26/80 loss=0.012578 seconds=0.06
epoch=27/80 loss=0.030231 seconds=0.08
epoch=28/80 loss=0.028410 seconds=0.08
epoch=29/80 loss=0.025950 seconds=0.06
epoch=30/80 loss=0.024249 seconds=0.08
epoch=31/80 loss=0.009582 seconds=0.06
epoch=32/80 loss=0.085261 seconds=0.06
epoch=33/80 loss=0.014980 seconds=0.09
epoch=34/80 loss=0.040721 seconds=0.06
epoch=35/80 loss=0.005080 seconds=0.06
epoch=36/80 loss=0.006172 seconds=0.08
epoch=37/80 loss=0.003578 seconds=0.06
epoch=38/80 loss=0.003243 seconds=0.08
epoch=39/80 loss=0.001785 seconds=0.06
epoch=40/80 loss=0.001645 seconds=0.08
epoch=41/80 loss=0.003506 seconds=0.08
epoch=42/80 loss=0.005356 seconds=0.06
epoch=43/80 loss=0.001834 seconds=0.08
epoch=44/80 loss=0.001484 seconds=0.06
epoch=45/80 loss=0.004424 seconds=0.08
epoch=46/80 loss=0.001275 seconds=0.06
epoch=47/80 loss=0.001464 seconds=0.08
epoch=48/80 loss=0.001220 seconds=0.08
epoch=49/80 loss=0.002354 seconds=0.06
epoch=50/80 loss=0.001137 seconds=0.08
epoch=51/80 loss=0.001066 seconds=0.06
epoch=52/80 loss=0.001742 seconds=0.06
epoch=53/80 loss=0.001163 seconds=0.06
epoch=54/80 loss=0.001326 seconds=0.06
epoch=55/80 loss=0.011658 seconds=0.06
epoch=56/80 loss=0.029898 seconds=0.08
epoch=57/80 loss=0.016339 seconds=0.06
epoch=58/80 loss=0.010623 seconds=0.06
epoch=59/80 loss=0.036261 seconds=0.09
epoch=60/80 loss=0.012316 seconds=0.06
epoch=61/80 loss=0.009997 seconds=0.06
epoch=62/80 loss=0.005958 seconds=0.06
epoch=63/80 loss=0.006601 seconds=0.06
epoch=64/80 loss=0.021388 seconds=0.08
epoch=65/80 loss=0.012703 seconds=0.06
epoch=66/80 loss=0.008116 seconds=0.06
epoch=67/80 loss=0.010877 seconds=0.08
epoch=68/80 loss=0.005781 seconds=0.06
epoch=69/80 loss=0.002673 seconds=0.08
epoch=70/80 loss=0.001216 seconds=0.06
epoch=71/80 loss=0.004064 seconds=0.06
epoch=72/80 loss=0.003585 seconds=0.06
epoch=73/80 loss=0.048817 seconds=0.06
epoch=74/80 loss=0.028419 seconds=0.08
epoch=75/80 loss=0.011963 seconds=0.06
epoch=76/80 loss=0.039307 seconds=0.06
epoch=77/80 loss=0.003472 seconds=0.08
epoch=78/80 loss=0.003684 seconds=0.06
epoch=79/80 loss=0.005533 seconds=0.06
epoch=80/80 loss=0.002515 seconds=0.08
fold=5/10 OOF_accuracy=0.633333 OOF_AUC=0.679426
Device=cuda; epochs=80; batch=32; model=MobileNetV2_1D
epoch=1/80 loss=0.537343 seconds=0.08
epoch=2/80 loss=0.253069 seconds=0.08
epoch=3/80 loss=0.130580 seconds=0.08
epoch=4/80 loss=0.073206 seconds=0.08
epoch=5/80 loss=0.053273 seconds=0.06
epoch=6/80 loss=0.059437 seconds=0.06
epoch=7/80 loss=0.047382 seconds=0.06
epoch=8/80 loss=0.061922 seconds=0.08
epoch=9/80 loss=0.029085 seconds=0.08
epoch=10/80 loss=0.024552 seconds=0.08
epoch=11/80 loss=0.031805 seconds=0.08
epoch=12/80 loss=0.021952 seconds=0.08
epoch=13/80 loss=0.013439 seconds=0.06
epoch=14/80 loss=0.011907 seconds=0.06
epoch=15/80 loss=0.010528 seconds=0.08
epoch=16/80 loss=0.010285 seconds=0.06
epoch=17/80 loss=0.009924 seconds=0.08
epoch=18/80 loss=0.009338 seconds=0.06
epoch=19/80 loss=0.009303 seconds=0.08
epoch=20/80 loss=0.005017 seconds=0.08
epoch=21/80 loss=0.005104 seconds=0.06
epoch=22/80 loss=0.016283 seconds=0.06
epoch=23/80 loss=0.048104 seconds=0.08
epoch=24/80 loss=0.038537 seconds=0.08
epoch=25/80 loss=0.031750 seconds=0.08
epoch=26/80 loss=0.014012 seconds=0.06
epoch=27/80 loss=0.006700 seconds=0.08
epoch=28/80 loss=0.047214 seconds=0.06
epoch=29/80 loss=0.055245 seconds=0.08
epoch=30/80 loss=0.021482 seconds=0.08
epoch=31/80 loss=0.019273 seconds=0.06
epoch=32/80 loss=0.072346 seconds=0.06
epoch=33/80 loss=0.011391 seconds=0.08
epoch=34/80 loss=0.032429 seconds=0.06
epoch=35/80 loss=0.012607 seconds=0.08
epoch=36/80 loss=0.009974 seconds=0.08
epoch=37/80 loss=0.005108 seconds=0.08
epoch=38/80 loss=0.012218 seconds=0.06
epoch=39/80 loss=0.002363 seconds=0.08
epoch=40/80 loss=0.002914 seconds=0.06
epoch=41/80 loss=0.007728 seconds=0.08
epoch=42/80 loss=0.013065 seconds=0.06
epoch=43/80 loss=0.010264 seconds=0.06
epoch=44/80 loss=0.009016 seconds=0.06
epoch=45/80 loss=0.038459 seconds=0.06
epoch=46/80 loss=0.037296 seconds=0.06
epoch=47/80 loss=0.012630 seconds=0.06
epoch=48/80 loss=0.007380 seconds=0.06
epoch=49/80 loss=0.019855 seconds=0.06
epoch=50/80 loss=0.011578 seconds=0.09
epoch=51/80 loss=0.002957 seconds=0.06
epoch=52/80 loss=0.013334 seconds=0.08
epoch=53/80 loss=0.004026 seconds=0.08
epoch=54/80 loss=0.002660 seconds=0.08
epoch=55/80 loss=0.002483 seconds=0.06
epoch=56/80 loss=0.034387 seconds=0.06
epoch=57/80 loss=0.051366 seconds=0.08
epoch=58/80 loss=0.017927 seconds=0.08
epoch=59/80 loss=0.067130 seconds=0.08
epoch=60/80 loss=0.016735 seconds=0.08
epoch=61/80 loss=0.009963 seconds=0.06
epoch=62/80 loss=0.010927 seconds=0.06
epoch=63/80 loss=0.003461 seconds=0.08
epoch=64/80 loss=0.003857 seconds=0.06
epoch=65/80 loss=0.003204 seconds=0.06
epoch=66/80 loss=0.001365 seconds=0.06
epoch=67/80 loss=0.001218 seconds=0.08
epoch=68/80 loss=0.002053 seconds=0.06
epoch=69/80 loss=0.000835 seconds=0.08
epoch=70/80 loss=0.001117 seconds=0.08
epoch=71/80 loss=0.002163 seconds=0.06
epoch=72/80 loss=0.002341 seconds=0.08
epoch=73/80 loss=0.040181 seconds=0.06
epoch=74/80 loss=0.006062 seconds=0.08
epoch=75/80 loss=0.011041 seconds=0.06
epoch=76/80 loss=0.005061 seconds=0.08
epoch=77/80 loss=0.003575 seconds=0.06
epoch=78/80 loss=0.004821 seconds=0.08
epoch=79/80 loss=0.002075 seconds=0.06
epoch=80/80 loss=0.001231 seconds=0.06
fold=6/10 OOF_accuracy=0.833333 OOF_AUC=0.822967
Device=cuda; epochs=80; batch=32; model=MobileNetV2_1D
epoch=1/80 loss=0.497131 seconds=0.08
epoch=2/80 loss=0.219712 seconds=0.06
epoch=3/80 loss=0.131825 seconds=0.08
epoch=4/80 loss=0.081127 seconds=0.06
epoch=5/80 loss=0.044312 seconds=0.08
epoch=6/80 loss=0.045172 seconds=0.06
epoch=7/80 loss=0.025147 seconds=0.06
epoch=8/80 loss=0.052657 seconds=0.06
epoch=9/80 loss=0.034328 seconds=0.08
epoch=10/80 loss=0.015737 seconds=0.06
epoch=11/80 loss=0.017974 seconds=0.06
epoch=12/80 loss=0.017696 seconds=0.09
epoch=13/80 loss=0.007891 seconds=0.08
epoch=14/80 loss=0.007655 seconds=0.06
epoch=15/80 loss=0.005028 seconds=0.08
epoch=16/80 loss=0.004776 seconds=0.06
epoch=17/80 loss=0.004663 seconds=0.06
epoch=18/80 loss=0.003827 seconds=0.08
epoch=19/80 loss=0.003642 seconds=0.06
epoch=20/80 loss=0.003324 seconds=0.09
epoch=21/80 loss=0.007896 seconds=0.06
epoch=22/80 loss=0.009049 seconds=0.08
epoch=23/80 loss=0.031988 seconds=0.08
epoch=24/80 loss=0.076481 seconds=0.06
epoch=25/80 loss=0.058315 seconds=0.06
epoch=26/80 loss=0.038215 seconds=0.06
epoch=27/80 loss=0.021418 seconds=0.08
epoch=28/80 loss=0.026615 seconds=0.08
epoch=29/80 loss=0.018813 seconds=0.08
epoch=30/80 loss=0.011567 seconds=0.06
epoch=31/80 loss=0.007455 seconds=0.06
epoch=32/80 loss=0.027438 seconds=0.06
epoch=33/80 loss=0.007797 seconds=0.08
epoch=34/80 loss=0.026368 seconds=0.06
epoch=35/80 loss=0.009292 seconds=0.08
epoch=36/80 loss=0.006845 seconds=0.06
epoch=37/80 loss=0.003533 seconds=0.06
epoch=38/80 loss=0.020533 seconds=0.06
epoch=39/80 loss=0.003765 seconds=0.08
epoch=40/80 loss=0.006196 seconds=0.06
epoch=41/80 loss=0.014368 seconds=0.06
epoch=42/80 loss=0.009497 seconds=0.08
epoch=43/80 loss=0.004797 seconds=0.06
epoch=44/80 loss=0.004072 seconds=0.06
epoch=45/80 loss=0.005300 seconds=0.08
epoch=46/80 loss=0.001780 seconds=0.06
epoch=47/80 loss=0.001499 seconds=0.06
epoch=48/80 loss=0.000978 seconds=0.08
epoch=49/80 loss=0.002429 seconds=0.06
epoch=50/80 loss=0.001914 seconds=0.08
epoch=51/80 loss=0.000963 seconds=0.08
epoch=52/80 loss=0.001533 seconds=0.08
epoch=53/80 loss=0.000762 seconds=0.08
epoch=54/80 loss=0.000943 seconds=0.08
epoch=55/80 loss=0.000589 seconds=0.06
epoch=56/80 loss=0.002914 seconds=0.06
epoch=57/80 loss=0.001107 seconds=0.08
epoch=58/80 loss=0.004926 seconds=0.06
epoch=59/80 loss=0.002811 seconds=0.06
epoch=60/80 loss=0.001633 seconds=0.06
epoch=61/80 loss=0.014589 seconds=0.08
epoch=62/80 loss=0.004739 seconds=0.06
epoch=63/80 loss=0.002598 seconds=0.06
epoch=64/80 loss=0.021179 seconds=0.06
epoch=65/80 loss=0.027674 seconds=0.06
epoch=66/80 loss=0.024120 seconds=0.08
epoch=67/80 loss=0.015412 seconds=0.06
epoch=68/80 loss=0.006291 seconds=0.06
epoch=69/80 loss=0.001909 seconds=0.06
epoch=70/80 loss=0.000769 seconds=0.08
epoch=71/80 loss=0.001449 seconds=0.06
epoch=72/80 loss=0.024937 seconds=0.08
epoch=73/80 loss=0.002431 seconds=0.06
epoch=74/80 loss=0.004431 seconds=0.08
epoch=75/80 loss=0.000897 seconds=0.06
epoch=76/80 loss=0.000701 seconds=0.08
epoch=77/80 loss=0.000866 seconds=0.06
epoch=78/80 loss=0.000606 seconds=0.08
epoch=79/80 loss=0.000949 seconds=0.08
epoch=80/80 loss=0.000581 seconds=0.06
fold=7/10 OOF_accuracy=0.800000 OOF_AUC=0.803828
Device=cuda; epochs=80; batch=32; model=MobileNetV2_1D
epoch=1/80 loss=0.511292 seconds=0.09
epoch=2/80 loss=0.207579 seconds=0.08
epoch=3/80 loss=0.114137 seconds=0.08
epoch=4/80 loss=0.063892 seconds=0.08
epoch=5/80 loss=0.038456 seconds=0.06
epoch=6/80 loss=0.030720 seconds=0.08
epoch=7/80 loss=0.019332 seconds=0.06
epoch=8/80 loss=0.033660 seconds=0.06
epoch=9/80 loss=0.018767 seconds=0.08
epoch=10/80 loss=0.012800 seconds=0.06
epoch=11/80 loss=0.010034 seconds=0.08
epoch=12/80 loss=0.013508 seconds=0.06
epoch=13/80 loss=0.011696 seconds=0.08
epoch=14/80 loss=0.010330 seconds=0.08
epoch=15/80 loss=0.006957 seconds=0.06
epoch=16/80 loss=0.005296 seconds=0.08
epoch=17/80 loss=0.005345 seconds=0.06
epoch=18/80 loss=0.004262 seconds=0.08
epoch=19/80 loss=0.003998 seconds=0.06
epoch=20/80 loss=0.002921 seconds=0.06
epoch=21/80 loss=0.004825 seconds=0.06
epoch=22/80 loss=0.005045 seconds=0.08
epoch=23/80 loss=0.013848 seconds=0.06
epoch=24/80 loss=0.028735 seconds=0.08
epoch=25/80 loss=0.020227 seconds=0.06
epoch=26/80 loss=0.020724 seconds=0.06
epoch=27/80 loss=0.008466 seconds=0.06
epoch=28/80 loss=0.026705 seconds=0.08
epoch=29/80 loss=0.027604 seconds=0.06
epoch=30/80 loss=0.055446 seconds=0.08
epoch=31/80 loss=0.021303 seconds=0.06
epoch=32/80 loss=0.050299 seconds=0.08
epoch=33/80 loss=0.005242 seconds=0.06
epoch=34/80 loss=0.011349 seconds=0.08
epoch=35/80 loss=0.011306 seconds=0.06
epoch=36/80 loss=0.004172 seconds=0.06
epoch=37/80 loss=0.012359 seconds=0.08
epoch=38/80 loss=0.008382 seconds=0.08
epoch=39/80 loss=0.005134 seconds=0.06
epoch=40/80 loss=0.006606 seconds=0.06
epoch=41/80 loss=0.004282 seconds=0.06
epoch=42/80 loss=0.006491 seconds=0.08
epoch=43/80 loss=0.002522 seconds=0.08
epoch=44/80 loss=0.001626 seconds=0.06
epoch=45/80 loss=0.003082 seconds=0.08
epoch=46/80 loss=0.000826 seconds=0.06
epoch=47/80 loss=0.000781 seconds=0.08
epoch=48/80 loss=0.000821 seconds=0.06
epoch=49/80 loss=0.003025 seconds=0.09
epoch=50/80 loss=0.000927 seconds=0.08
epoch=51/80 loss=0.000873 seconds=0.09
epoch=52/80 loss=0.001430 seconds=0.08
epoch=53/80 loss=0.000625 seconds=0.08
epoch=54/80 loss=0.001022 seconds=0.08
epoch=55/80 loss=0.000502 seconds=0.08
epoch=56/80 loss=0.001828 seconds=0.08
epoch=57/80 loss=0.001291 seconds=0.08
epoch=58/80 loss=0.000761 seconds=0.08
epoch=59/80 loss=0.001909 seconds=0.06
epoch=60/80 loss=0.000586 seconds=0.08
epoch=61/80 loss=0.000344 seconds=0.08
epoch=62/80 loss=0.000489 seconds=0.08
epoch=63/80 loss=0.000388 seconds=0.09
epoch=64/80 loss=0.001348 seconds=0.08
epoch=65/80 loss=0.000769 seconds=0.08
epoch=66/80 loss=0.002998 seconds=0.08
epoch=67/80 loss=0.031634 seconds=0.08
epoch=68/80 loss=0.006786 seconds=0.08
epoch=69/80 loss=0.001663 seconds=0.09
epoch=70/80 loss=0.000538 seconds=0.08
epoch=71/80 loss=0.000868 seconds=0.08
epoch=72/80 loss=0.002090 seconds=0.08
epoch=73/80 loss=0.000840 seconds=0.06
epoch=74/80 loss=0.011157 seconds=0.08
epoch=75/80 loss=0.002905 seconds=0.08
epoch=76/80 loss=0.000569 seconds=0.08
epoch=77/80 loss=0.000552 seconds=0.06
epoch=78/80 loss=0.000376 seconds=0.08
epoch=79/80 loss=0.000471 seconds=0.08
epoch=80/80 loss=0.000407 seconds=0.08
fold=8/10 OOF_accuracy=0.800000 OOF_AUC=0.799043
Device=cuda; epochs=80; batch=32; model=MobileNetV2_1D
epoch=1/80 loss=0.517102 seconds=0.08
epoch=2/80 loss=0.217255 seconds=0.08
epoch=3/80 loss=0.119140 seconds=0.08
epoch=4/80 loss=0.072079 seconds=0.09
epoch=5/80 loss=0.043872 seconds=0.08
epoch=6/80 loss=0.042910 seconds=0.06
epoch=7/80 loss=0.023307 seconds=0.09
epoch=8/80 loss=0.039291 seconds=0.08
epoch=9/80 loss=0.031567 seconds=0.08
epoch=10/80 loss=0.013283 seconds=0.08
epoch=11/80 loss=0.014740 seconds=0.08
epoch=12/80 loss=0.014195 seconds=0.08
epoch=13/80 loss=0.007633 seconds=0.06
epoch=14/80 loss=0.005718 seconds=0.06
epoch=15/80 loss=0.004853 seconds=0.08
epoch=16/80 loss=0.004709 seconds=0.08
epoch=17/80 loss=0.004262 seconds=0.08
epoch=18/80 loss=0.004824 seconds=0.06
epoch=19/80 loss=0.008361 seconds=0.08
epoch=20/80 loss=0.022889 seconds=0.08
epoch=21/80 loss=0.024020 seconds=0.08
epoch=22/80 loss=0.024050 seconds=0.08
epoch=23/80 loss=0.019681 seconds=0.09
epoch=24/80 loss=0.047221 seconds=0.08
epoch=25/80 loss=0.061333 seconds=0.08
epoch=26/80 loss=0.023393 seconds=0.09
epoch=27/80 loss=0.008344 seconds=0.08
epoch=28/80 loss=0.009258 seconds=0.08
epoch=29/80 loss=0.030187 seconds=0.08
epoch=30/80 loss=0.016657 seconds=0.08
epoch=31/80 loss=0.005112 seconds=0.09
epoch=32/80 loss=0.054212 seconds=0.09
epoch=33/80 loss=0.008160 seconds=0.08
epoch=34/80 loss=0.034379 seconds=0.08
epoch=35/80 loss=0.018178 seconds=0.08
epoch=36/80 loss=0.005117 seconds=0.09
epoch=37/80 loss=0.004218 seconds=0.08
epoch=38/80 loss=0.003112 seconds=0.08
epoch=39/80 loss=0.001754 seconds=0.08
epoch=40/80 loss=0.002739 seconds=0.08
epoch=41/80 loss=0.002362 seconds=0.06
epoch=42/80 loss=0.001911 seconds=0.08
epoch=43/80 loss=0.002788 seconds=0.09
epoch=44/80 loss=0.001429 seconds=0.08
epoch=45/80 loss=0.004059 seconds=0.08
epoch=46/80 loss=0.001361 seconds=0.06
epoch=47/80 loss=0.001579 seconds=0.08
epoch=48/80 loss=0.001181 seconds=0.08
epoch=49/80 loss=0.005097 seconds=0.08
epoch=50/80 loss=0.001848 seconds=0.06
epoch=51/80 loss=0.001379 seconds=0.08
epoch=52/80 loss=0.015683 seconds=0.08
epoch=53/80 loss=0.006996 seconds=0.09
epoch=54/80 loss=0.007730 seconds=0.09
epoch=55/80 loss=0.007164 seconds=0.08
epoch=56/80 loss=0.045682 seconds=0.08
epoch=57/80 loss=0.033291 seconds=0.08
epoch=58/80 loss=0.012931 seconds=0.08
epoch=59/80 loss=0.030169 seconds=0.08
epoch=60/80 loss=0.012911 seconds=0.06
epoch=61/80 loss=0.029257 seconds=0.09
epoch=62/80 loss=0.003944 seconds=0.08
epoch=63/80 loss=0.001736 seconds=0.06
epoch=64/80 loss=0.008872 seconds=0.08
epoch=65/80 loss=0.004577 seconds=0.08
epoch=66/80 loss=0.003360 seconds=0.08
epoch=67/80 loss=0.001596 seconds=0.08
epoch=68/80 loss=0.004320 seconds=0.09
epoch=69/80 loss=0.000927 seconds=0.08
epoch=70/80 loss=0.001725 seconds=0.08
epoch=71/80 loss=0.001806 seconds=0.08
epoch=72/80 loss=0.003995 seconds=0.08
epoch=73/80 loss=0.005928 seconds=0.08
epoch=74/80 loss=0.009437 seconds=0.06
epoch=75/80 loss=0.001817 seconds=0.08
epoch=76/80 loss=0.016318 seconds=0.08
epoch=77/80 loss=0.001029 seconds=0.09
epoch=78/80 loss=0.003879 seconds=0.08
epoch=79/80 loss=0.009535 seconds=0.08
epoch=80/80 loss=0.017357 seconds=0.06
fold=9/10 OOF_accuracy=0.700000 OOF_AUC=0.837321
Device=cuda; epochs=80; batch=32; model=MobileNetV2_1D
epoch=1/80 loss=0.499239 seconds=0.08
epoch=2/80 loss=0.211439 seconds=0.06
epoch=3/80 loss=0.126232 seconds=0.08
epoch=4/80 loss=0.073812 seconds=0.06
epoch=5/80 loss=0.043624 seconds=0.08
epoch=6/80 loss=0.039519 seconds=0.09
epoch=7/80 loss=0.019791 seconds=0.08
epoch=8/80 loss=0.048879 seconds=0.08
epoch=9/80 loss=0.019506 seconds=0.08
epoch=10/80 loss=0.014063 seconds=0.08
epoch=11/80 loss=0.030364 seconds=0.08
epoch=12/80 loss=0.031084 seconds=0.06
epoch=13/80 loss=0.018324 seconds=0.08
epoch=14/80 loss=0.015603 seconds=0.08
epoch=15/80 loss=0.008501 seconds=0.08
epoch=16/80 loss=0.006456 seconds=0.09
epoch=17/80 loss=0.007034 seconds=0.08
epoch=18/80 loss=0.004787 seconds=0.08
epoch=19/80 loss=0.003761 seconds=0.08
epoch=20/80 loss=0.003105 seconds=0.09
epoch=21/80 loss=0.013716 seconds=0.08
epoch=22/80 loss=0.007646 seconds=0.08
epoch=23/80 loss=0.009278 seconds=0.08
epoch=24/80 loss=0.012697 seconds=0.08
epoch=25/80 loss=0.039489 seconds=0.09
epoch=26/80 loss=0.050552 seconds=0.08
epoch=27/80 loss=0.054169 seconds=0.09
epoch=28/80 loss=0.023618 seconds=0.08
epoch=29/80 loss=0.029523 seconds=0.08
epoch=30/80 loss=0.006646 seconds=0.08
epoch=31/80 loss=0.012344 seconds=0.09
epoch=32/80 loss=0.088864 seconds=0.09
epoch=33/80 loss=0.033006 seconds=0.08
epoch=34/80 loss=0.019042 seconds=0.08
epoch=35/80 loss=0.022603 seconds=0.08
epoch=36/80 loss=0.015794 seconds=0.08
epoch=37/80 loss=0.013344 seconds=0.08
epoch=38/80 loss=0.012797 seconds=0.06
epoch=39/80 loss=0.007424 seconds=0.08
epoch=40/80 loss=0.004187 seconds=0.06
epoch=41/80 loss=0.005613 seconds=0.08
epoch=42/80 loss=0.010704 seconds=0.06
epoch=43/80 loss=0.003679 seconds=0.08
epoch=44/80 loss=0.002742 seconds=0.06
epoch=45/80 loss=0.007455 seconds=0.08
epoch=46/80 loss=0.002263 seconds=0.06
epoch=47/80 loss=0.001922 seconds=0.08
epoch=48/80 loss=0.001548 seconds=0.06
epoch=49/80 loss=0.002877 seconds=0.08
epoch=50/80 loss=0.001792 seconds=0.08
epoch=51/80 loss=0.001288 seconds=0.06
epoch=52/80 loss=0.002638 seconds=0.08
epoch=53/80 loss=0.000682 seconds=0.06
epoch=54/80 loss=0.001435 seconds=0.08
epoch=55/80 loss=0.000725 seconds=0.08
epoch=56/80 loss=0.027509 seconds=0.08
epoch=57/80 loss=0.046407 seconds=0.06
epoch=58/80 loss=0.012045 seconds=0.08
epoch=59/80 loss=0.014180 seconds=0.06
epoch=60/80 loss=0.007913 seconds=0.08
epoch=61/80 loss=0.004191 seconds=0.06
epoch=62/80 loss=0.001964 seconds=0.08
epoch=63/80 loss=0.001170 seconds=0.08
epoch=64/80 loss=0.024556 seconds=0.06
epoch=65/80 loss=0.013396 seconds=0.08
epoch=66/80 loss=0.005643 seconds=0.08
epoch=67/80 loss=0.001867 seconds=0.09
epoch=68/80 loss=0.003775 seconds=0.08
epoch=69/80 loss=0.002466 seconds=0.06
epoch=70/80 loss=0.001871 seconds=0.06
epoch=71/80 loss=0.001315 seconds=0.08
epoch=72/80 loss=0.003545 seconds=0.08
epoch=73/80 loss=0.001487 seconds=0.08
epoch=74/80 loss=0.003149 seconds=0.08
epoch=75/80 loss=0.001325 seconds=0.08
epoch=76/80 loss=0.000548 seconds=0.08
epoch=77/80 loss=0.000554 seconds=0.06
epoch=78/80 loss=0.000421 seconds=0.06
epoch=79/80 loss=0.000540 seconds=0.06
epoch=80/80 loss=0.000453 seconds=0.06
fold=10/10 OOF_accuracy=0.700000 OOF_AUC=0.703349
Frozen Train OOF threshold=0.92648059129714966; objective=accuracy; OOF selection accuracy=0.756667
Device=cuda; epochs=80; batch=32; model=MobileNetV2_1D
epoch=1/80 loss=0.505414 seconds=0.09
epoch=2/80 loss=0.224925 seconds=0.08
epoch=3/80 loss=0.117517 seconds=0.08
epoch=4/80 loss=0.063520 seconds=0.08
epoch=5/80 loss=0.043818 seconds=0.08
epoch=6/80 loss=0.027691 seconds=0.08
epoch=7/80 loss=0.030314 seconds=0.09
epoch=8/80 loss=0.027119 seconds=0.08
epoch=9/80 loss=0.020580 seconds=0.08
epoch=10/80 loss=0.020582 seconds=0.06
epoch=11/80 loss=0.015240 seconds=0.08
epoch=12/80 loss=0.012329 seconds=0.08
epoch=13/80 loss=0.021229 seconds=0.08
epoch=14/80 loss=0.023608 seconds=0.08
epoch=15/80 loss=0.012425 seconds=0.08
epoch=16/80 loss=0.045895 seconds=0.08
epoch=17/80 loss=0.028360 seconds=0.06
epoch=18/80 loss=0.034169 seconds=0.08
epoch=19/80 loss=0.023774 seconds=0.08
epoch=20/80 loss=0.041326 seconds=0.08
epoch=21/80 loss=0.011561 seconds=0.08
epoch=22/80 loss=0.014675 seconds=0.06
epoch=23/80 loss=0.007532 seconds=0.08
epoch=24/80 loss=0.014193 seconds=0.06
epoch=25/80 loss=0.019254 seconds=0.09
epoch=26/80 loss=0.011939 seconds=0.08
epoch=27/80 loss=0.019598 seconds=0.08
epoch=28/80 loss=0.019701 seconds=0.06
epoch=29/80 loss=0.024477 seconds=0.08
epoch=30/80 loss=0.012879 seconds=0.08
epoch=31/80 loss=0.006381 seconds=0.08
epoch=32/80 loss=0.014135 seconds=0.09
epoch=33/80 loss=0.003529 seconds=0.08
epoch=34/80 loss=0.010022 seconds=0.08
epoch=35/80 loss=0.008367 seconds=0.08
epoch=36/80 loss=0.004373 seconds=0.09
epoch=37/80 loss=0.012684 seconds=0.08
epoch=38/80 loss=0.028427 seconds=0.09
epoch=39/80 loss=0.014420 seconds=0.08
epoch=40/80 loss=0.003153 seconds=0.08
epoch=41/80 loss=0.006322 seconds=0.08
epoch=42/80 loss=0.001526 seconds=0.08
epoch=43/80 loss=0.001032 seconds=0.08
epoch=44/80 loss=0.001512 seconds=0.09
epoch=45/80 loss=0.000993 seconds=0.08
epoch=46/80 loss=0.000912 seconds=0.08
epoch=47/80 loss=0.000726 seconds=0.09
epoch=48/80 loss=0.000811 seconds=0.08
epoch=49/80 loss=0.001363 seconds=0.08
epoch=50/80 loss=0.000859 seconds=0.08
epoch=51/80 loss=0.002106 seconds=0.08
epoch=52/80 loss=0.001059 seconds=0.09
epoch=53/80 loss=0.000980 seconds=0.08
epoch=54/80 loss=0.000658 seconds=0.09
epoch=55/80 loss=0.000624 seconds=0.08
epoch=56/80 loss=0.000614 seconds=0.08
epoch=57/80 loss=0.000837 seconds=0.06
epoch=58/80 loss=0.000655 seconds=0.08
epoch=59/80 loss=0.002253 seconds=0.09
epoch=60/80 loss=0.001970 seconds=0.08
epoch=61/80 loss=0.001120 seconds=0.09
epoch=62/80 loss=0.001139 seconds=0.08
epoch=63/80 loss=0.000535 seconds=0.08
epoch=64/80 loss=0.000613 seconds=0.08
epoch=65/80 loss=0.000468 seconds=0.08
epoch=66/80 loss=0.001314 seconds=0.09
epoch=67/80 loss=0.002254 seconds=0.08
epoch=68/80 loss=0.000567 seconds=0.06
epoch=69/80 loss=0.001350 seconds=0.09
epoch=70/80 loss=0.000910 seconds=0.08
epoch=71/80 loss=0.000403 seconds=0.08
epoch=72/80 loss=0.002145 seconds=0.08
epoch=73/80 loss=0.000297 seconds=0.08
epoch=74/80 loss=0.000720 seconds=0.08
epoch=75/80 loss=0.000440 seconds=0.08
epoch=76/80 loss=0.001208 seconds=0.09
epoch=77/80 loss=0.001995 seconds=0.08
epoch=78/80 loss=0.009014 seconds=0.09
epoch=79/80 loss=0.027146 seconds=0.08
epoch=80/80 loss=0.091456 seconds=0.08
{"cv_oof": {"accuracy": 0.7433333333333333, "balanced_accuracy": 0.7184606481481481, "sensitivity": 0.6296296296296297, "specificity": 0.8072916666666666, "f1_macro": 0.7197656221567129, "roc_auc": 0.7544849537037037, "confusion_matrix": [[155, 37], [40, 68]], "classification_report": {"0": {"precision": 0.7948717948717948, "recall": 0.8072916666666666, "f1-score": 0.8010335917312662, "support": 192.0}, "1": {"precision": 0.6476190476190476, "recall": 0.6296296296296297, "f1-score": 0.6384976525821596, "support": 108.0}, "accuracy": 0.7433333333333333, "macro avg": {"precision": 0.7212454212454212, "recall": 0.7184606481481481, "f1-score": 0.7197656221567129, "support": 300.0}, "weighted avg": {"precision": 0.7418608058608058, "recall": 0.7433333333333333, "f1-score": 0.7425206536375879, "support": 300.0}}}, "test": {"accuracy": 0.7671232876712328, "balanced_accuracy": 0.7504091653027822, "sensitivity": 0.6923076923076923, "specificity": 0.8085106382978723, "f1_macro": 0.7482247920470684, "roc_auc": 0.795417348608838, "confusion_matrix": [[38, 9], [8, 18]], "classification_report": {"0": {"precision": 0.8260869565217391, "recall": 0.8085106382978723, "f1-score": 0.8172043010752689, "support": 47.0}, "1": {"precision": 0.6666666666666666, "recall": 0.6923076923076923, "f1-score": 0.6792452830188679, "support": 26.0}, "accuracy": 0.7671232876712328, "macro avg": {"precision": 0.7463768115942029, "recall": 0.7504091653027822, "f1-score": 0.7482247920470684, "support": 73.0}, "weighted avg": {"precision": 0.7693071272582888, "recall": 0.7671232876712328, "f1-score": 0.7680682124524412, "support": 73.0}}}, "folds": 10, "original_train_rows": 300, "train_rows": 384, "test_rows": 73, "elapsed_seconds": 69.96900000004098, "test_default": {"accuracy": 0.7123287671232876, "balanced_accuracy": 0.7164484451718494, "sensitivity": 0.7307692307692307, "specificity": 0.7021276595744681, "f1_macro": 0.7013442431326709, "roc_auc": 0.795417348608838, "confusion_matrix": [[33, 14], [7, 19]], "classification_report": {"0": {"precision": 0.825, "recall": 0.7021276595744681, "f1-score": 0.7586206896551724, "support": 47.0}, "1": {"precision": 0.5757575757575758, "recall": 0.7307692307692307, "f1-score": 0.6440677966101694, "support": 26.0}, "accuracy": 0.7123287671232876, "macro avg": {"precision": 0.7003787878787879, "recall": 0.7164484451718494, "f1-score": 0.7013442431326709, "support": 73.0}, "weighted avg": {"precision": 0.7362287256122872, "recall": 0.7123287671232876, "f1-score": 0.717821029118596, "support": 73.0}}}, "decision_threshold": 0.9264805912971497, "oof_threshold_selection": {"accuracy": 0.7566666666666667, "balanced_accuracy": 0.716724537037037, "sensitivity": 0.5740740740740741, "specificity": 0.859375, "f1_macro": 0.7241500925797635, "roc_auc": 0.7544849537037037, "confusion_matrix": [[165, 27], [46, 62]], "classification_report": {"0": {"precision": 0.7819905213270142, "recall": 0.859375, "f1-score": 0.8188585607940446, "support": 192.0}, "1": {"precision": 0.6966292134831461, "recall": 0.5740740740740741, "f1-score": 0.6294416243654822, "support": 108.0}, "accuracy": 0.7566666666666667, "macro avg": {"precision": 0.7393098674050802, "recall": 0.716724537037037, "f1-score": 0.7241500925797635, "support": 300.0}, "weighted avg": {"precision": 0.7512604505032217, "recall": 0.7566666666666667, "f1-score": 0.7506684636797621, "support": 300.0}}}, "test_accuracy_change": 0.0547945205479452}
