Command: ["C:\\Users\\IHCK\\AppData\\Local\\Programs\\Python\\Python312\\python.exe", "-u", "C:\\Users\\IHCK\\Desktop\\1_10_69Final\\Hippocampal-Shape-Analysis-for-Epilepsy-Detection\\Model\\train_dataset_model.py", "--dataset", "coef_plsda", "--side", "left", "--model", "MobileNet", "--kind", "coef", "--train-csv", "C:\\Users\\IHCK\\Desktop\\1_10_69Final\\Hippocampal-Shape-Analysis-for-Epilepsy-Detection\\Output_Dataset\\coef_plsda\\left\\train_prepared.csv", "--test-csv", "C:\\Users\\IHCK\\Desktop\\1_10_69Final\\Hippocampal-Shape-Analysis-for-Epilepsy-Detection\\Output_Dataset\\coef_plsda\\left\\test_prepared.csv", "--output-dir", "C:\\Users\\IHCK\\Desktop\\1_10_69Final\\Hippocampal-Shape-Analysis-for-Epilepsy-Detection\\Model_Results\\dataset_runs_20261003_oof_threshold\\coef_plsda\\left\\MobileNet", "--epochs", "80", "--folds", "10", "--pls-components", "8", "--seed", "42", "--threads", "2", "--tune-threshold"]
10-fold CV: dataset=coef_plsda side=left model=MobileNet; original_train=300 test=73
Device=cuda; epochs=80; batch=32; model=MobileNetV2_1D
epoch=1/80 loss=0.520283 seconds=0.52
epoch=2/80 loss=0.241913 seconds=0.09
epoch=3/80 loss=0.143047 seconds=0.08
epoch=4/80 loss=0.075629 seconds=0.08
epoch=5/80 loss=0.059253 seconds=0.08
epoch=6/80 loss=0.038589 seconds=0.08
epoch=7/80 loss=0.025024 seconds=0.06
epoch=8/80 loss=0.044038 seconds=0.06
epoch=9/80 loss=0.019445 seconds=0.08
epoch=10/80 loss=0.014038 seconds=0.06
epoch=11/80 loss=0.013558 seconds=0.08
epoch=12/80 loss=0.014685 seconds=0.06
epoch=13/80 loss=0.007440 seconds=0.08
epoch=14/80 loss=0.007278 seconds=0.06
epoch=15/80 loss=0.006421 seconds=0.08
epoch=16/80 loss=0.006357 seconds=0.08
epoch=17/80 loss=0.009302 seconds=0.06
epoch=18/80 loss=0.006775 seconds=0.06
epoch=19/80 loss=0.005114 seconds=0.08
epoch=20/80 loss=0.004722 seconds=0.06
epoch=21/80 loss=0.004970 seconds=0.08
epoch=22/80 loss=0.005210 seconds=0.06
epoch=23/80 loss=0.004381 seconds=0.08
epoch=24/80 loss=0.003577 seconds=0.06
epoch=25/80 loss=0.003416 seconds=0.08
epoch=26/80 loss=0.002154 seconds=0.06
epoch=27/80 loss=0.002115 seconds=0.08
epoch=28/80 loss=0.002689 seconds=0.08
epoch=29/80 loss=0.004738 seconds=0.06
epoch=30/80 loss=0.002392 seconds=0.08
epoch=31/80 loss=0.002678 seconds=0.06
epoch=32/80 loss=0.001642 seconds=0.08
epoch=33/80 loss=0.002085 seconds=0.06
epoch=34/80 loss=0.004573 seconds=0.08
epoch=35/80 loss=0.003643 seconds=0.08
epoch=36/80 loss=0.004819 seconds=0.06
epoch=37/80 loss=0.005103 seconds=0.06
epoch=38/80 loss=0.019962 seconds=0.08
epoch=39/80 loss=0.013519 seconds=0.06
epoch=40/80 loss=0.009750 seconds=0.08
epoch=41/80 loss=0.008982 seconds=0.06
epoch=42/80 loss=0.023555 seconds=0.08
epoch=43/80 loss=0.022498 seconds=0.08
epoch=44/80 loss=0.065129 seconds=0.08
epoch=45/80 loss=0.021814 seconds=0.08
epoch=46/80 loss=0.041784 seconds=0.08
epoch=47/80 loss=0.012706 seconds=0.08
epoch=48/80 loss=0.015162 seconds=0.08
epoch=49/80 loss=0.016556 seconds=0.09
epoch=50/80 loss=0.005804 seconds=0.08
epoch=51/80 loss=0.004910 seconds=0.08
epoch=52/80 loss=0.002219 seconds=0.09
epoch=53/80 loss=0.002534 seconds=0.08
epoch=54/80 loss=0.003420 seconds=0.06
epoch=55/80 loss=0.002217 seconds=0.09
epoch=56/80 loss=0.002730 seconds=0.08
epoch=57/80 loss=0.003858 seconds=0.08
epoch=58/80 loss=0.003568 seconds=0.09
epoch=59/80 loss=0.004533 seconds=0.08
epoch=60/80 loss=0.000746 seconds=0.08
epoch=61/80 loss=0.000500 seconds=0.08
epoch=62/80 loss=0.001031 seconds=0.06
epoch=63/80 loss=0.001603 seconds=0.08
epoch=64/80 loss=0.000617 seconds=0.06
epoch=65/80 loss=0.000968 seconds=0.06
epoch=66/80 loss=0.000756 seconds=0.06
epoch=67/80 loss=0.001068 seconds=0.08
epoch=68/80 loss=0.000601 seconds=0.06
epoch=69/80 loss=0.000387 seconds=0.08
epoch=70/80 loss=0.000436 seconds=0.06
epoch=71/80 loss=0.002362 seconds=0.06
epoch=72/80 loss=0.027353 seconds=0.06
epoch=73/80 loss=0.002803 seconds=0.08
epoch=74/80 loss=0.003145 seconds=0.06
epoch=75/80 loss=0.003095 seconds=0.06
epoch=76/80 loss=0.000749 seconds=0.08
epoch=77/80 loss=0.000654 seconds=0.08
epoch=78/80 loss=0.000570 seconds=0.06
epoch=79/80 loss=0.001647 seconds=0.08
epoch=80/80 loss=0.000864 seconds=0.08
fold=1/10 OOF_accuracy=0.733333 OOF_AUC=0.625000
Device=cuda; epochs=80; batch=32; model=MobileNetV2_1D
epoch=1/80 loss=0.532753 seconds=0.09
epoch=2/80 loss=0.254428 seconds=0.08
epoch=3/80 loss=0.140842 seconds=0.06
epoch=4/80 loss=0.079268 seconds=0.06
epoch=5/80 loss=0.046948 seconds=0.08
epoch=6/80 loss=0.031205 seconds=0.06
epoch=7/80 loss=0.024373 seconds=0.06
epoch=8/80 loss=0.025122 seconds=0.08
epoch=9/80 loss=0.016200 seconds=0.06
epoch=10/80 loss=0.010531 seconds=0.06
epoch=11/80 loss=0.016094 seconds=0.06
epoch=12/80 loss=0.017782 seconds=0.08
epoch=13/80 loss=0.023242 seconds=0.08
epoch=14/80 loss=0.008905 seconds=0.06
epoch=15/80 loss=0.012465 seconds=0.06
epoch=16/80 loss=0.014678 seconds=0.06
epoch=17/80 loss=0.019840 seconds=0.08
epoch=18/80 loss=0.010755 seconds=0.08
epoch=19/80 loss=0.010167 seconds=0.06
epoch=20/80 loss=0.007481 seconds=0.08
epoch=21/80 loss=0.008078 seconds=0.08
epoch=22/80 loss=0.007700 seconds=0.08
epoch=23/80 loss=0.005065 seconds=0.06
epoch=24/80 loss=0.027546 seconds=0.06
epoch=25/80 loss=0.007756 seconds=0.06
epoch=26/80 loss=0.020769 seconds=0.08
epoch=27/80 loss=0.021472 seconds=0.06
epoch=28/80 loss=0.025409 seconds=0.08
epoch=29/80 loss=0.017378 seconds=0.06
epoch=30/80 loss=0.017399 seconds=0.08
epoch=31/80 loss=0.024268 seconds=0.06
epoch=32/80 loss=0.006526 seconds=0.06
epoch=33/80 loss=0.004550 seconds=0.08
epoch=34/80 loss=0.018484 seconds=0.06
epoch=35/80 loss=0.014796 seconds=0.08
epoch=36/80 loss=0.010552 seconds=0.08
epoch=37/80 loss=0.007692 seconds=0.06
epoch=38/80 loss=0.023141 seconds=0.08
epoch=39/80 loss=0.005775 seconds=0.08
epoch=40/80 loss=0.002646 seconds=0.06
epoch=41/80 loss=0.002244 seconds=0.08
epoch=42/80 loss=0.002705 seconds=0.08
epoch=43/80 loss=0.001507 seconds=0.06
epoch=44/80 loss=0.005422 seconds=0.09
epoch=45/80 loss=0.003516 seconds=0.09
epoch=46/80 loss=0.000890 seconds=0.08
epoch=47/80 loss=0.001156 seconds=0.09
epoch=48/80 loss=0.001064 seconds=0.09
epoch=49/80 loss=0.001170 seconds=0.06
epoch=50/80 loss=0.003070 seconds=0.09
epoch=51/80 loss=0.001404 seconds=0.08
epoch=52/80 loss=0.002123 seconds=0.08
epoch=53/80 loss=0.000736 seconds=0.08
epoch=54/80 loss=0.001584 seconds=0.08
epoch=55/80 loss=0.001493 seconds=0.09
epoch=56/80 loss=0.005529 seconds=0.06
epoch=57/80 loss=0.004809 seconds=0.09
epoch=58/80 loss=0.040236 seconds=0.06
epoch=59/80 loss=0.045730 seconds=0.08
epoch=60/80 loss=0.005962 seconds=0.08
epoch=61/80 loss=0.019480 seconds=0.06
epoch=62/80 loss=0.005439 seconds=0.08
epoch=63/80 loss=0.001710 seconds=0.08
epoch=64/80 loss=0.001132 seconds=0.08
epoch=65/80 loss=0.001076 seconds=0.06
epoch=66/80 loss=0.001295 seconds=0.08
epoch=67/80 loss=0.000767 seconds=0.06
epoch=68/80 loss=0.000782 seconds=0.08
epoch=69/80 loss=0.000600 seconds=0.08
epoch=70/80 loss=0.000906 seconds=0.08
epoch=71/80 loss=0.001248 seconds=0.06
epoch=72/80 loss=0.105529 seconds=0.08
epoch=73/80 loss=0.023252 seconds=0.08
epoch=74/80 loss=0.007388 seconds=0.08
epoch=75/80 loss=0.003012 seconds=0.08
epoch=76/80 loss=0.001874 seconds=0.08
epoch=77/80 loss=0.001298 seconds=0.08
epoch=78/80 loss=0.001050 seconds=0.08
epoch=79/80 loss=0.002359 seconds=0.09
epoch=80/80 loss=0.001286 seconds=0.06
fold=2/10 OOF_accuracy=0.666667 OOF_AUC=0.600000
Device=cuda; epochs=80; batch=32; model=MobileNetV2_1D
epoch=1/80 loss=0.499402 seconds=0.09
epoch=2/80 loss=0.211450 seconds=0.08
epoch=3/80 loss=0.111777 seconds=0.06
epoch=4/80 loss=0.065576 seconds=0.08
epoch=5/80 loss=0.040507 seconds=0.06
epoch=6/80 loss=0.045786 seconds=0.08
epoch=7/80 loss=0.023456 seconds=0.08
epoch=8/80 loss=0.036844 seconds=0.08
epoch=9/80 loss=0.020706 seconds=0.08
epoch=10/80 loss=0.013223 seconds=0.08
epoch=11/80 loss=0.014337 seconds=0.08
epoch=12/80 loss=0.018874 seconds=0.09
epoch=13/80 loss=0.009098 seconds=0.08
epoch=14/80 loss=0.011714 seconds=0.08
epoch=15/80 loss=0.005336 seconds=0.08
epoch=16/80 loss=0.008181 seconds=0.08
epoch=17/80 loss=0.005638 seconds=0.09
epoch=18/80 loss=0.004906 seconds=0.08
epoch=19/80 loss=0.004721 seconds=0.08
epoch=20/80 loss=0.003166 seconds=0.09
epoch=21/80 loss=0.005590 seconds=0.08
epoch=22/80 loss=0.004954 seconds=0.09
epoch=23/80 loss=0.019393 seconds=0.09
epoch=24/80 loss=0.012583 seconds=0.09
epoch=25/80 loss=0.015884 seconds=0.08
epoch=26/80 loss=0.021944 seconds=0.08
epoch=27/80 loss=0.029753 seconds=0.09
epoch=28/80 loss=0.060781 seconds=0.06
epoch=29/80 loss=0.018351 seconds=0.08
epoch=30/80 loss=0.011843 seconds=0.08
epoch=31/80 loss=0.010756 seconds=0.09
epoch=32/80 loss=0.039410 seconds=0.08
epoch=33/80 loss=0.007335 seconds=0.08
epoch=34/80 loss=0.035574 seconds=0.09
epoch=35/80 loss=0.024012 seconds=0.08
epoch=36/80 loss=0.004506 seconds=0.06
epoch=37/80 loss=0.003839 seconds=0.08
epoch=38/80 loss=0.004869 seconds=0.08
epoch=39/80 loss=0.007206 seconds=0.06
epoch=40/80 loss=0.002819 seconds=0.06
epoch=41/80 loss=0.008289 seconds=0.08
epoch=42/80 loss=0.003177 seconds=0.08
epoch=43/80 loss=0.002273 seconds=0.06
epoch=44/80 loss=0.001831 seconds=0.08
epoch=45/80 loss=0.004518 seconds=0.08
epoch=46/80 loss=0.003756 seconds=0.06
epoch=47/80 loss=0.001104 seconds=0.06
epoch=48/80 loss=0.001324 seconds=0.08
epoch=49/80 loss=0.002291 seconds=0.08
epoch=50/80 loss=0.001002 seconds=0.09
epoch=51/80 loss=0.001282 seconds=0.06
epoch=52/80 loss=0.004270 seconds=0.09
epoch=53/80 loss=0.001947 seconds=0.06
epoch=54/80 loss=0.012925 seconds=0.08
epoch=55/80 loss=0.001062 seconds=0.08
epoch=56/80 loss=0.029088 seconds=0.08
epoch=57/80 loss=0.042123 seconds=0.06
epoch=58/80 loss=0.004212 seconds=0.08
epoch=59/80 loss=0.013218 seconds=0.06
epoch=60/80 loss=0.001753 seconds=0.09
epoch=61/80 loss=0.002207 seconds=0.08
epoch=62/80 loss=0.003059 seconds=0.06
epoch=63/80 loss=0.001703 seconds=0.06
epoch=64/80 loss=0.017683 seconds=0.08
epoch=65/80 loss=0.008867 seconds=0.06
epoch=66/80 loss=0.004146 seconds=0.08
epoch=67/80 loss=0.000815 seconds=0.06
epoch=68/80 loss=0.003266 seconds=0.08
epoch=69/80 loss=0.001799 seconds=0.06
epoch=70/80 loss=0.000992 seconds=0.09
epoch=71/80 loss=0.003745 seconds=0.06
epoch=72/80 loss=0.006902 seconds=0.06
epoch=73/80 loss=0.002098 seconds=0.08
epoch=74/80 loss=0.013418 seconds=0.06
epoch=75/80 loss=0.008129 seconds=0.06
epoch=76/80 loss=0.010495 seconds=0.06
epoch=77/80 loss=0.002173 seconds=0.08
epoch=78/80 loss=0.016377 seconds=0.06
epoch=79/80 loss=0.002612 seconds=0.06
epoch=80/80 loss=0.002194 seconds=0.06
fold=3/10 OOF_accuracy=0.733333 OOF_AUC=0.784689
Device=cuda; epochs=80; batch=32; model=MobileNetV2_1D
epoch=1/80 loss=0.493344 seconds=0.08
epoch=2/80 loss=0.232546 seconds=0.08
epoch=3/80 loss=0.149026 seconds=0.06
epoch=4/80 loss=0.083221 seconds=0.08
epoch=5/80 loss=0.048640 seconds=0.08
epoch=6/80 loss=0.054147 seconds=0.06
epoch=7/80 loss=0.040296 seconds=0.08
epoch=8/80 loss=0.060271 seconds=0.08
epoch=9/80 loss=0.035623 seconds=0.06
epoch=10/80 loss=0.019701 seconds=0.06
epoch=11/80 loss=0.015553 seconds=0.08
epoch=12/80 loss=0.024167 seconds=0.06
epoch=13/80 loss=0.020649 seconds=0.08
epoch=14/80 loss=0.022219 seconds=0.06
epoch=15/80 loss=0.015905 seconds=0.06
epoch=16/80 loss=0.010997 seconds=0.08
epoch=17/80 loss=0.008191 seconds=0.08
epoch=18/80 loss=0.010657 seconds=0.08
epoch=19/80 loss=0.012827 seconds=0.06
epoch=20/80 loss=0.022773 seconds=0.08
epoch=21/80 loss=0.018791 seconds=0.06
epoch=22/80 loss=0.015607 seconds=0.08
epoch=23/80 loss=0.015912 seconds=0.06
epoch=24/80 loss=0.010758 seconds=0.06
epoch=25/80 loss=0.020739 seconds=0.06
epoch=26/80 loss=0.011521 seconds=0.06
epoch=27/80 loss=0.014009 seconds=0.08
epoch=28/80 loss=0.049359 seconds=0.08
epoch=29/80 loss=0.070443 seconds=0.06
epoch=30/80 loss=0.049527 seconds=0.06
epoch=31/80 loss=0.015826 seconds=0.08
epoch=32/80 loss=0.056156 seconds=0.08
epoch=33/80 loss=0.019163 seconds=0.08
epoch=34/80 loss=0.022448 seconds=0.08
epoch=35/80 loss=0.017790 seconds=0.08
epoch=36/80 loss=0.006672 seconds=0.06
epoch=37/80 loss=0.024247 seconds=0.08
epoch=38/80 loss=0.006682 seconds=0.06
epoch=39/80 loss=0.002567 seconds=0.08
epoch=40/80 loss=0.003067 seconds=0.08
epoch=41/80 loss=0.019262 seconds=0.06
epoch=42/80 loss=0.010499 seconds=0.09
epoch=43/80 loss=0.005329 seconds=0.06
epoch=44/80 loss=0.006265 seconds=0.08
epoch=45/80 loss=0.020440 seconds=0.09
epoch=46/80 loss=0.011174 seconds=0.08
epoch=47/80 loss=0.007137 seconds=0.08
epoch=48/80 loss=0.024806 seconds=0.09
epoch=49/80 loss=0.019280 seconds=0.06
epoch=50/80 loss=0.011225 seconds=0.06
epoch=51/80 loss=0.007974 seconds=0.08
epoch=52/80 loss=0.003967 seconds=0.08
epoch=53/80 loss=0.001612 seconds=0.08
epoch=54/80 loss=0.005483 seconds=0.08
epoch=55/80 loss=0.002699 seconds=0.06
epoch=56/80 loss=0.006487 seconds=0.08
epoch=57/80 loss=0.006094 seconds=0.08
epoch=58/80 loss=0.004933 seconds=0.08
epoch=59/80 loss=0.031260 seconds=0.06
epoch=60/80 loss=0.003241 seconds=0.08
epoch=61/80 loss=0.008233 seconds=0.08
epoch=62/80 loss=0.004101 seconds=0.06
epoch=63/80 loss=0.001410 seconds=0.08
epoch=64/80 loss=0.016089 seconds=0.08
epoch=65/80 loss=0.003223 seconds=0.08
epoch=66/80 loss=0.006842 seconds=0.06
epoch=67/80 loss=0.001242 seconds=0.08
epoch=68/80 loss=0.002271 seconds=0.08
epoch=69/80 loss=0.001152 seconds=0.06
epoch=70/80 loss=0.000686 seconds=0.08
epoch=71/80 loss=0.001129 seconds=0.08
epoch=72/80 loss=0.004454 seconds=0.08
epoch=73/80 loss=0.017264 seconds=0.06
epoch=74/80 loss=0.020745 seconds=0.08
epoch=75/80 loss=0.001014 seconds=0.08
epoch=76/80 loss=0.002989 seconds=0.06
epoch=77/80 loss=0.001024 seconds=0.08
epoch=78/80 loss=0.002084 seconds=0.08
epoch=79/80 loss=0.000893 seconds=0.06
epoch=80/80 loss=0.000752 seconds=0.08
fold=4/10 OOF_accuracy=0.733333 OOF_AUC=0.775120
Device=cuda; epochs=80; batch=32; model=MobileNetV2_1D
epoch=1/80 loss=0.504986 seconds=0.08
epoch=2/80 loss=0.248658 seconds=0.06
epoch=3/80 loss=0.157315 seconds=0.08
epoch=4/80 loss=0.092259 seconds=0.08
epoch=5/80 loss=0.061987 seconds=0.08
epoch=6/80 loss=0.056639 seconds=0.08
epoch=7/80 loss=0.035886 seconds=0.06
epoch=8/80 loss=0.035843 seconds=0.09
epoch=9/80 loss=0.031876 seconds=0.06
epoch=10/80 loss=0.015034 seconds=0.09
epoch=11/80 loss=0.015779 seconds=0.06
epoch=12/80 loss=0.014952 seconds=0.08
epoch=13/80 loss=0.030299 seconds=0.06
epoch=14/80 loss=0.027912 seconds=0.09
epoch=15/80 loss=0.015647 seconds=0.06
epoch=16/80 loss=0.018440 seconds=0.06
epoch=17/80 loss=0.020941 seconds=0.06
epoch=18/80 loss=0.008026 seconds=0.08
epoch=19/80 loss=0.011423 seconds=0.06
epoch=20/80 loss=0.005118 seconds=0.08
epoch=21/80 loss=0.014377 seconds=0.06
epoch=22/80 loss=0.019958 seconds=0.06
epoch=23/80 loss=0.020943 seconds=0.08
epoch=24/80 loss=0.007320 seconds=0.06
epoch=25/80 loss=0.018262 seconds=0.06
epoch=26/80 loss=0.006133 seconds=0.08
epoch=27/80 loss=0.005280 seconds=0.06
epoch=28/80 loss=0.006298 seconds=0.06
epoch=29/80 loss=0.016497 seconds=0.06
epoch=30/80 loss=0.016569 seconds=0.08
epoch=31/80 loss=0.005578 seconds=0.06
epoch=32/80 loss=0.049494 seconds=0.06
epoch=33/80 loss=0.017823 seconds=0.06
epoch=34/80 loss=0.018047 seconds=0.06
epoch=35/80 loss=0.025074 seconds=0.06
epoch=36/80 loss=0.013441 seconds=0.08
epoch=37/80 loss=0.004109 seconds=0.08
epoch=38/80 loss=0.004081 seconds=0.06
epoch=39/80 loss=0.002521 seconds=0.06
epoch=40/80 loss=0.001783 seconds=0.08
epoch=41/80 loss=0.006438 seconds=0.08
epoch=42/80 loss=0.002156 seconds=0.06
epoch=43/80 loss=0.015099 seconds=0.06
epoch=44/80 loss=0.007170 seconds=0.08
epoch=45/80 loss=0.006866 seconds=0.06
epoch=46/80 loss=0.011257 seconds=0.06
epoch=47/80 loss=0.002674 seconds=0.06
epoch=48/80 loss=0.002021 seconds=0.06
epoch=49/80 loss=0.002771 seconds=0.08
epoch=50/80 loss=0.001963 seconds=0.06
epoch=51/80 loss=0.001418 seconds=0.06
epoch=52/80 loss=0.001878 seconds=0.08
epoch=53/80 loss=0.000672 seconds=0.06
epoch=54/80 loss=0.001036 seconds=0.08
epoch=55/80 loss=0.000690 seconds=0.06
epoch=56/80 loss=0.029718 seconds=0.08
epoch=57/80 loss=0.048124 seconds=0.08
epoch=58/80 loss=0.040868 seconds=0.06
epoch=59/80 loss=0.114554 seconds=0.08
epoch=60/80 loss=0.024943 seconds=0.06
epoch=61/80 loss=0.012301 seconds=0.06
epoch=62/80 loss=0.006203 seconds=0.06
epoch=63/80 loss=0.002508 seconds=0.06
epoch=64/80 loss=0.005292 seconds=0.08
epoch=65/80 loss=0.003134 seconds=0.06
epoch=66/80 loss=0.001394 seconds=0.06
epoch=67/80 loss=0.001173 seconds=0.06
epoch=68/80 loss=0.001527 seconds=0.08
epoch=69/80 loss=0.001065 seconds=0.06
epoch=70/80 loss=0.001005 seconds=0.08
epoch=71/80 loss=0.001415 seconds=0.06
epoch=72/80 loss=0.001889 seconds=0.08
epoch=73/80 loss=0.002144 seconds=0.06
epoch=74/80 loss=0.002902 seconds=0.09
epoch=75/80 loss=0.000820 seconds=0.08
epoch=76/80 loss=0.000730 seconds=0.06
epoch=77/80 loss=0.000514 seconds=0.06
epoch=78/80 loss=0.000921 seconds=0.06
epoch=79/80 loss=0.000687 seconds=0.08
epoch=80/80 loss=0.000579 seconds=0.08
fold=5/10 OOF_accuracy=0.733333 OOF_AUC=0.775120
Device=cuda; epochs=80; batch=32; model=MobileNetV2_1D
epoch=1/80 loss=0.490305 seconds=0.08
epoch=2/80 loss=0.225270 seconds=0.06
epoch=3/80 loss=0.141400 seconds=0.06
epoch=4/80 loss=0.084339 seconds=0.08
epoch=5/80 loss=0.058542 seconds=0.08
epoch=6/80 loss=0.043899 seconds=0.08
epoch=7/80 loss=0.028952 seconds=0.06
epoch=8/80 loss=0.071053 seconds=0.08
epoch=9/80 loss=0.040563 seconds=0.08
epoch=10/80 loss=0.028153 seconds=0.06
epoch=11/80 loss=0.022792 seconds=0.08
epoch=12/80 loss=0.024009 seconds=0.08
epoch=13/80 loss=0.013831 seconds=0.06
epoch=14/80 loss=0.010463 seconds=0.08
epoch=15/80 loss=0.007397 seconds=0.06
epoch=16/80 loss=0.006712 seconds=0.08
epoch=17/80 loss=0.006199 seconds=0.08
epoch=18/80 loss=0.005507 seconds=0.06
epoch=19/80 loss=0.004853 seconds=0.06
epoch=20/80 loss=0.003994 seconds=0.06
epoch=21/80 loss=0.005299 seconds=0.08
epoch=22/80 loss=0.004594 seconds=0.06
epoch=23/80 loss=0.012853 seconds=0.06
epoch=24/80 loss=0.013649 seconds=0.06
epoch=25/80 loss=0.071793 seconds=0.08
epoch=26/80 loss=0.034230 seconds=0.08
epoch=27/80 loss=0.042208 seconds=0.06
epoch=28/80 loss=0.022089 seconds=0.06
epoch=29/80 loss=0.034072 seconds=0.06
epoch=30/80 loss=0.019546 seconds=0.08
epoch=31/80 loss=0.021695 seconds=0.06
epoch=32/80 loss=0.019248 seconds=0.06
epoch=33/80 loss=0.012514 seconds=0.08
epoch=34/80 loss=0.016129 seconds=0.08
epoch=35/80 loss=0.007354 seconds=0.08
epoch=36/80 loss=0.002758 seconds=0.06
epoch=37/80 loss=0.004364 seconds=0.06
epoch=38/80 loss=0.002165 seconds=0.08
epoch=39/80 loss=0.001387 seconds=0.06
epoch=40/80 loss=0.001372 seconds=0.06
epoch=41/80 loss=0.002034 seconds=0.08
epoch=42/80 loss=0.001660 seconds=0.06
epoch=43/80 loss=0.001833 seconds=0.09
epoch=44/80 loss=0.001177 seconds=0.06
epoch=45/80 loss=0.003547 seconds=0.08
epoch=46/80 loss=0.001295 seconds=0.06
epoch=47/80 loss=0.001719 seconds=0.08
epoch=48/80 loss=0.001184 seconds=0.08
epoch=49/80 loss=0.004051 seconds=0.08
epoch=50/80 loss=0.002081 seconds=0.06
epoch=51/80 loss=0.001174 seconds=0.08
epoch=52/80 loss=0.003034 seconds=0.06
epoch=53/80 loss=0.005781 seconds=0.09
epoch=54/80 loss=0.003758 seconds=0.09
epoch=55/80 loss=0.000897 seconds=0.08
epoch=56/80 loss=0.011614 seconds=0.08
epoch=57/80 loss=0.016582 seconds=0.06
epoch=58/80 loss=0.005073 seconds=0.06
epoch=59/80 loss=0.058632 seconds=0.08
epoch=60/80 loss=0.036757 seconds=0.08
epoch=61/80 loss=0.021915 seconds=0.06
epoch=62/80 loss=0.012739 seconds=0.08
epoch=63/80 loss=0.003902 seconds=0.06
epoch=64/80 loss=0.006808 seconds=0.08
epoch=65/80 loss=0.003073 seconds=0.08
epoch=66/80 loss=0.001141 seconds=0.06
epoch=67/80 loss=0.001241 seconds=0.08
epoch=68/80 loss=0.001058 seconds=0.06
epoch=69/80 loss=0.000799 seconds=0.06
epoch=70/80 loss=0.000917 seconds=0.08
epoch=71/80 loss=0.001096 seconds=0.08
epoch=72/80 loss=0.001664 seconds=0.08
epoch=73/80 loss=0.002334 seconds=0.08
epoch=74/80 loss=0.003841 seconds=0.06
epoch=75/80 loss=0.000920 seconds=0.08
epoch=76/80 loss=0.006453 seconds=0.08
epoch=77/80 loss=0.003785 seconds=0.06
epoch=78/80 loss=0.004501 seconds=0.08
epoch=79/80 loss=0.003644 seconds=0.08
epoch=80/80 loss=0.002744 seconds=0.09
fold=6/10 OOF_accuracy=0.800000 OOF_AUC=0.794258
Device=cuda; epochs=80; batch=32; model=MobileNetV2_1D
epoch=1/80 loss=0.504989 seconds=0.08
epoch=2/80 loss=0.219940 seconds=0.06
epoch=3/80 loss=0.130043 seconds=0.08
epoch=4/80 loss=0.069364 seconds=0.06
epoch=5/80 loss=0.050785 seconds=0.06
epoch=6/80 loss=0.046572 seconds=0.06
epoch=7/80 loss=0.026220 seconds=0.06
epoch=8/80 loss=0.032583 seconds=0.08
epoch=9/80 loss=0.021580 seconds=0.06
epoch=10/80 loss=0.012277 seconds=0.06
epoch=11/80 loss=0.012429 seconds=0.06
epoch=12/80 loss=0.010998 seconds=0.06
epoch=13/80 loss=0.007093 seconds=0.06
epoch=14/80 loss=0.006093 seconds=0.08
epoch=15/80 loss=0.004375 seconds=0.08
epoch=16/80 loss=0.004320 seconds=0.09
epoch=17/80 loss=0.004424 seconds=0.06
epoch=18/80 loss=0.003956 seconds=0.06
epoch=19/80 loss=0.004341 seconds=0.08
epoch=20/80 loss=0.003373 seconds=0.06
epoch=21/80 loss=0.004424 seconds=0.06
epoch=22/80 loss=0.003871 seconds=0.08
epoch=23/80 loss=0.003914 seconds=0.06
epoch=24/80 loss=0.002684 seconds=0.06
epoch=25/80 loss=0.004398 seconds=0.08
epoch=26/80 loss=0.001971 seconds=0.08
epoch=27/80 loss=0.003525 seconds=0.06
epoch=28/80 loss=0.003094 seconds=0.06
epoch=29/80 loss=0.011642 seconds=0.06
epoch=30/80 loss=0.006997 seconds=0.08
epoch=31/80 loss=0.027240 seconds=0.06
epoch=32/80 loss=0.052218 seconds=0.06
epoch=33/80 loss=0.021376 seconds=0.06
epoch=34/80 loss=0.056071 seconds=0.08
epoch=35/80 loss=0.010855 seconds=0.06
epoch=36/80 loss=0.006750 seconds=0.06
epoch=37/80 loss=0.013761 seconds=0.08
epoch=38/80 loss=0.016192 seconds=0.06
epoch=39/80 loss=0.008863 seconds=0.08
epoch=40/80 loss=0.002765 seconds=0.08
epoch=41/80 loss=0.012974 seconds=0.06
epoch=42/80 loss=0.002901 seconds=0.06
epoch=43/80 loss=0.006575 seconds=0.06
epoch=44/80 loss=0.004083 seconds=0.08
epoch=45/80 loss=0.005141 seconds=0.06
epoch=46/80 loss=0.002223 seconds=0.06
epoch=47/80 loss=0.001225 seconds=0.06
epoch=48/80 loss=0.002864 seconds=0.06
epoch=49/80 loss=0.002031 seconds=0.08
epoch=50/80 loss=0.003970 seconds=0.06
epoch=51/80 loss=0.009581 seconds=0.06
epoch=52/80 loss=0.006367 seconds=0.08
epoch=53/80 loss=0.023167 seconds=0.06
epoch=54/80 loss=0.028145 seconds=0.08
epoch=55/80 loss=0.006320 seconds=0.06
epoch=56/80 loss=0.015420 seconds=0.06
epoch=57/80 loss=0.003730 seconds=0.08
epoch=58/80 loss=0.002464 seconds=0.06
epoch=59/80 loss=0.009170 seconds=0.08
epoch=60/80 loss=0.010503 seconds=0.06
epoch=61/80 loss=0.017259 seconds=0.06
epoch=62/80 loss=0.009604 seconds=0.06
epoch=63/80 loss=0.002885 seconds=0.09
epoch=64/80 loss=0.025983 seconds=0.06
epoch=65/80 loss=0.010545 seconds=0.08
epoch=66/80 loss=0.001678 seconds=0.08
epoch=67/80 loss=0.001520 seconds=0.06
epoch=68/80 loss=0.002294 seconds=0.06
epoch=69/80 loss=0.000712 seconds=0.06
epoch=70/80 loss=0.000898 seconds=0.08
epoch=71/80 loss=0.000953 seconds=0.06
epoch=72/80 loss=0.001211 seconds=0.06
epoch=73/80 loss=0.003133 seconds=0.08
epoch=74/80 loss=0.020197 seconds=0.06
epoch=75/80 loss=0.000928 seconds=0.06
epoch=76/80 loss=0.000561 seconds=0.06
epoch=77/80 loss=0.000596 seconds=0.08
epoch=78/80 loss=0.000495 seconds=0.06
epoch=79/80 loss=0.000519 seconds=0.06
epoch=80/80 loss=0.000563 seconds=0.08
fold=7/10 OOF_accuracy=0.733333 OOF_AUC=0.799043
Device=cuda; epochs=80; batch=32; model=MobileNetV2_1D
epoch=1/80 loss=0.508122 seconds=0.06
epoch=2/80 loss=0.234025 seconds=0.08
epoch=3/80 loss=0.134404 seconds=0.06
epoch=4/80 loss=0.070822 seconds=0.08
epoch=5/80 loss=0.051589 seconds=0.06
epoch=6/80 loss=0.039964 seconds=0.08
epoch=7/80 loss=0.020750 seconds=0.06
epoch=8/80 loss=0.036558 seconds=0.08
epoch=9/80 loss=0.023456 seconds=0.08
epoch=10/80 loss=0.014254 seconds=0.06
epoch=11/80 loss=0.017043 seconds=0.06
epoch=12/80 loss=0.017144 seconds=0.08
epoch=13/80 loss=0.013136 seconds=0.08
epoch=14/80 loss=0.013487 seconds=0.06
epoch=15/80 loss=0.008386 seconds=0.06
epoch=16/80 loss=0.014049 seconds=0.08
epoch=17/80 loss=0.030549 seconds=0.06
epoch=18/80 loss=0.031179 seconds=0.08
epoch=19/80 loss=0.028738 seconds=0.08
epoch=20/80 loss=0.013802 seconds=0.06
epoch=21/80 loss=0.013609 seconds=0.08
epoch=22/80 loss=0.018344 seconds=0.06
epoch=23/80 loss=0.018961 seconds=0.08
epoch=24/80 loss=0.012580 seconds=0.08
epoch=25/80 loss=0.005908 seconds=0.06
epoch=26/80 loss=0.003991 seconds=0.08
epoch=27/80 loss=0.005629 seconds=0.08
epoch=28/80 loss=0.003965 seconds=0.06
epoch=29/80 loss=0.007176 seconds=0.06
epoch=30/80 loss=0.007414 seconds=0.08
epoch=31/80 loss=0.003464 seconds=0.06
epoch=32/80 loss=0.037761 seconds=0.06
epoch=33/80 loss=0.005882 seconds=0.08
epoch=34/80 loss=0.012549 seconds=0.06
epoch=35/80 loss=0.012264 seconds=0.08
epoch=36/80 loss=0.004529 seconds=0.06
epoch=37/80 loss=0.003009 seconds=0.06
epoch=38/80 loss=0.001526 seconds=0.08
epoch=39/80 loss=0.001521 seconds=0.08
epoch=40/80 loss=0.001043 seconds=0.06
epoch=41/80 loss=0.001893 seconds=0.08
epoch=42/80 loss=0.001204 seconds=0.06
epoch=43/80 loss=0.001086 seconds=0.08
epoch=44/80 loss=0.001076 seconds=0.06
epoch=45/80 loss=0.002165 seconds=0.08
epoch=46/80 loss=0.000949 seconds=0.09
epoch=47/80 loss=0.000788 seconds=0.08
epoch=48/80 loss=0.000709 seconds=0.08
epoch=49/80 loss=0.001696 seconds=0.06
epoch=50/80 loss=0.000840 seconds=0.08
epoch=51/80 loss=0.000716 seconds=0.06
epoch=52/80 loss=0.001067 seconds=0.09
epoch=53/80 loss=0.001069 seconds=0.06
epoch=54/80 loss=0.000854 seconds=0.08
epoch=55/80 loss=0.000489 seconds=0.09
epoch=56/80 loss=0.026347 seconds=0.06
epoch=57/80 loss=0.113734 seconds=0.09
epoch=58/80 loss=0.059575 seconds=0.08
epoch=59/80 loss=0.033719 seconds=0.08
epoch=60/80 loss=0.011488 seconds=0.06
epoch=61/80 loss=0.005595 seconds=0.08
epoch=62/80 loss=0.006477 seconds=0.08
epoch=63/80 loss=0.003432 seconds=0.08
epoch=64/80 loss=0.012943 seconds=0.08
epoch=65/80 loss=0.004294 seconds=0.09
epoch=66/80 loss=0.001320 seconds=0.06
epoch=67/80 loss=0.002176 seconds=0.08
epoch=68/80 loss=0.002448 seconds=0.08
epoch=69/80 loss=0.001085 seconds=0.08
epoch=70/80 loss=0.000801 seconds=0.06
epoch=71/80 loss=0.001380 seconds=0.06
epoch=72/80 loss=0.002895 seconds=0.08
epoch=73/80 loss=0.001732 seconds=0.08
epoch=74/80 loss=0.001781 seconds=0.08
epoch=75/80 loss=0.000673 seconds=0.06
epoch=76/80 loss=0.000663 seconds=0.06
epoch=77/80 loss=0.000506 seconds=0.08
epoch=78/80 loss=0.000548 seconds=0.08
epoch=79/80 loss=0.000639 seconds=0.06
epoch=80/80 loss=0.000640 seconds=0.08
fold=8/10 OOF_accuracy=0.766667 OOF_AUC=0.746411
Device=cuda; epochs=80; batch=32; model=MobileNetV2_1D
epoch=1/80 loss=0.509731 seconds=0.08
epoch=2/80 loss=0.218203 seconds=0.06
epoch=3/80 loss=0.127017 seconds=0.06
epoch=4/80 loss=0.072645 seconds=0.08
epoch=5/80 loss=0.038909 seconds=0.08
epoch=6/80 loss=0.032885 seconds=0.08
epoch=7/80 loss=0.020387 seconds=0.06
epoch=8/80 loss=0.041591 seconds=0.08
epoch=9/80 loss=0.021819 seconds=0.06
epoch=10/80 loss=0.012996 seconds=0.06
epoch=11/80 loss=0.012942 seconds=0.08
epoch=12/80 loss=0.011416 seconds=0.08
epoch=13/80 loss=0.007869 seconds=0.06
epoch=14/80 loss=0.006091 seconds=0.06
epoch=15/80 loss=0.005398 seconds=0.08
epoch=16/80 loss=0.004364 seconds=0.06
epoch=17/80 loss=0.004077 seconds=0.09
epoch=18/80 loss=0.004000 seconds=0.06
epoch=19/80 loss=0.003548 seconds=0.08
epoch=20/80 loss=0.003394 seconds=0.08
epoch=21/80 loss=0.004267 seconds=0.09
epoch=22/80 loss=0.003578 seconds=0.08
epoch=23/80 loss=0.004358 seconds=0.09
epoch=24/80 loss=0.006765 seconds=0.11
epoch=25/80 loss=0.006735 seconds=0.08
epoch=26/80 loss=0.016524 seconds=0.06
epoch=27/80 loss=0.026741 seconds=0.08
epoch=28/80 loss=0.015160 seconds=0.08
epoch=29/80 loss=0.022512 seconds=0.09
epoch=30/80 loss=0.008812 seconds=0.08
epoch=31/80 loss=0.007839 seconds=0.09
epoch=32/80 loss=0.057003 seconds=0.08
epoch=33/80 loss=0.041799 seconds=0.08
epoch=34/80 loss=0.090057 seconds=0.08
epoch=35/80 loss=0.049237 seconds=0.08
epoch=36/80 loss=0.011755 seconds=0.08
epoch=37/80 loss=0.027330 seconds=0.08
epoch=38/80 loss=0.008218 seconds=0.08
epoch=39/80 loss=0.004546 seconds=0.06
epoch=40/80 loss=0.002920 seconds=0.08
epoch=41/80 loss=0.006990 seconds=0.06
epoch=42/80 loss=0.002973 seconds=0.08
epoch=43/80 loss=0.002097 seconds=0.08
epoch=44/80 loss=0.002135 seconds=0.08
epoch=45/80 loss=0.006747 seconds=0.06
epoch=46/80 loss=0.002147 seconds=0.08
epoch=47/80 loss=0.001481 seconds=0.09
epoch=48/80 loss=0.001087 seconds=0.08
epoch=49/80 loss=0.002615 seconds=0.08
epoch=50/80 loss=0.001545 seconds=0.08
epoch=51/80 loss=0.001044 seconds=0.08
epoch=52/80 loss=0.001565 seconds=0.08
epoch=53/80 loss=0.000971 seconds=0.08
epoch=54/80 loss=0.001332 seconds=0.08
epoch=55/80 loss=0.000645 seconds=0.08
epoch=56/80 loss=0.002984 seconds=0.09
epoch=57/80 loss=0.001056 seconds=0.08
epoch=58/80 loss=0.001056 seconds=0.08
epoch=59/80 loss=0.002421 seconds=0.08
epoch=60/80 loss=0.000442 seconds=0.08
epoch=61/80 loss=0.000506 seconds=0.08
epoch=62/80 loss=0.000694 seconds=0.08
epoch=63/80 loss=0.000572 seconds=0.08
epoch=64/80 loss=0.001039 seconds=0.08
epoch=65/80 loss=0.000743 seconds=0.08
epoch=66/80 loss=0.000375 seconds=0.08
epoch=67/80 loss=0.000424 seconds=0.08
epoch=68/80 loss=0.000453 seconds=0.08
epoch=69/80 loss=0.000426 seconds=0.09
epoch=70/80 loss=0.000348 seconds=0.08
epoch=71/80 loss=0.000481 seconds=0.08
epoch=72/80 loss=0.000741 seconds=0.08
epoch=73/80 loss=0.000830 seconds=0.08
epoch=74/80 loss=0.000615 seconds=0.08
epoch=75/80 loss=0.000317 seconds=0.11
epoch=76/80 loss=0.000355 seconds=0.09
epoch=77/80 loss=0.000292 seconds=0.08
epoch=78/80 loss=0.000264 seconds=0.08
epoch=79/80 loss=0.000373 seconds=0.08
epoch=80/80 loss=0.000318 seconds=0.08
fold=9/10 OOF_accuracy=0.700000 OOF_AUC=0.755981
Device=cuda; epochs=80; batch=32; model=MobileNetV2_1D
epoch=1/80 loss=0.472827 seconds=0.09
epoch=2/80 loss=0.199753 seconds=0.08
epoch=3/80 loss=0.124037 seconds=0.08
epoch=4/80 loss=0.070800 seconds=0.09
epoch=5/80 loss=0.046763 seconds=0.08
epoch=6/80 loss=0.049326 seconds=0.08
epoch=7/80 loss=0.024084 seconds=0.08
epoch=8/80 loss=0.030618 seconds=0.08
epoch=9/80 loss=0.017855 seconds=0.06
epoch=10/80 loss=0.011704 seconds=0.08
epoch=11/80 loss=0.012874 seconds=0.08
epoch=12/80 loss=0.011555 seconds=0.06
epoch=13/80 loss=0.006815 seconds=0.08
epoch=14/80 loss=0.006863 seconds=0.09
epoch=15/80 loss=0.004781 seconds=0.08
epoch=16/80 loss=0.005427 seconds=0.08
epoch=17/80 loss=0.004716 seconds=0.08
epoch=18/80 loss=0.004227 seconds=0.08
epoch=19/80 loss=0.003617 seconds=0.09
epoch=20/80 loss=0.002912 seconds=0.08
epoch=21/80 loss=0.006211 seconds=0.08
epoch=22/80 loss=0.006255 seconds=0.08
epoch=23/80 loss=0.005306 seconds=0.08
epoch=24/80 loss=0.004860 seconds=0.08
epoch=25/80 loss=0.003999 seconds=0.06
epoch=26/80 loss=0.002383 seconds=0.08
epoch=27/80 loss=0.002187 seconds=0.08
epoch=28/80 loss=0.002524 seconds=0.06
epoch=29/80 loss=0.004933 seconds=0.08
epoch=30/80 loss=0.001719 seconds=0.08
epoch=31/80 loss=0.002334 seconds=0.09
epoch=32/80 loss=0.068786 seconds=0.08
epoch=33/80 loss=0.054286 seconds=0.08
epoch=34/80 loss=0.120163 seconds=0.08
epoch=35/80 loss=0.027258 seconds=0.06
epoch=36/80 loss=0.016173 seconds=0.08
epoch=37/80 loss=0.013310 seconds=0.08
epoch=38/80 loss=0.008084 seconds=0.08
epoch=39/80 loss=0.005396 seconds=0.09
epoch=40/80 loss=0.004143 seconds=0.08
epoch=41/80 loss=0.011998 seconds=0.08
epoch=42/80 loss=0.003496 seconds=0.06
epoch=43/80 loss=0.005545 seconds=0.08
epoch=44/80 loss=0.004144 seconds=0.08
epoch=45/80 loss=0.019841 seconds=0.11
epoch=46/80 loss=0.003899 seconds=0.08
epoch=47/80 loss=0.003298 seconds=0.08
epoch=48/80 loss=0.003322 seconds=0.08
epoch=49/80 loss=0.011608 seconds=0.08
epoch=50/80 loss=0.013606 seconds=0.08
epoch=51/80 loss=0.004905 seconds=0.08
epoch=52/80 loss=0.029730 seconds=0.08
epoch=53/80 loss=0.018579 seconds=0.08
epoch=54/80 loss=0.005268 seconds=0.06
epoch=55/80 loss=0.001617 seconds=0.08
epoch=56/80 loss=0.020897 seconds=0.08
epoch=57/80 loss=0.020675 seconds=0.06
epoch=58/80 loss=0.007734 seconds=0.08
epoch=59/80 loss=0.028922 seconds=0.08
epoch=60/80 loss=0.022081 seconds=0.08
epoch=61/80 loss=0.018923 seconds=0.06
epoch=62/80 loss=0.010285 seconds=0.08
epoch=63/80 loss=0.004505 seconds=0.06
epoch=64/80 loss=0.010103 seconds=0.08
epoch=65/80 loss=0.003451 seconds=0.08
epoch=66/80 loss=0.001419 seconds=0.08
epoch=67/80 loss=0.001065 seconds=0.06
epoch=68/80 loss=0.004417 seconds=0.08
epoch=69/80 loss=0.000973 seconds=0.08
epoch=70/80 loss=0.000844 seconds=0.06
epoch=71/80 loss=0.001821 seconds=0.08
epoch=72/80 loss=0.001474 seconds=0.06
epoch=73/80 loss=0.000996 seconds=0.08
epoch=74/80 loss=0.000868 seconds=0.08
epoch=75/80 loss=0.000398 seconds=0.08
epoch=76/80 loss=0.000597 seconds=0.08
epoch=77/80 loss=0.000319 seconds=0.08
epoch=78/80 loss=0.000369 seconds=0.08
epoch=79/80 loss=0.000589 seconds=0.08
epoch=80/80 loss=0.000405 seconds=0.06
fold=10/10 OOF_accuracy=0.666667 OOF_AUC=0.655502
Frozen Train OOF threshold=0.99886250495910645; objective=accuracy; OOF selection accuracy=0.763333
Device=cuda; epochs=80; batch=32; model=MobileNetV2_1D
epoch=1/80 loss=0.489836 seconds=0.08
epoch=2/80 loss=0.217107 seconds=0.08
epoch=3/80 loss=0.115042 seconds=0.08
epoch=4/80 loss=0.067861 seconds=0.09
epoch=5/80 loss=0.061227 seconds=0.08
epoch=6/80 loss=0.044876 seconds=0.08
epoch=7/80 loss=0.042782 seconds=0.08
epoch=8/80 loss=0.034310 seconds=0.09
epoch=9/80 loss=0.016687 seconds=0.08
epoch=10/80 loss=0.013686 seconds=0.08
epoch=11/80 loss=0.008913 seconds=0.08
epoch=12/80 loss=0.018988 seconds=0.06
epoch=13/80 loss=0.014464 seconds=0.08
epoch=14/80 loss=0.012495 seconds=0.08
epoch=15/80 loss=0.016079 seconds=0.08
epoch=16/80 loss=0.012437 seconds=0.08
epoch=17/80 loss=0.025403 seconds=0.09
epoch=18/80 loss=0.013629 seconds=0.09
epoch=19/80 loss=0.022065 seconds=0.09
epoch=20/80 loss=0.069899 seconds=0.09
epoch=21/80 loss=0.024043 seconds=0.08
epoch=22/80 loss=0.013342 seconds=0.08
epoch=23/80 loss=0.013515 seconds=0.08
epoch=24/80 loss=0.014941 seconds=0.08
epoch=25/80 loss=0.007846 seconds=0.08
epoch=26/80 loss=0.023279 seconds=0.08
epoch=27/80 loss=0.004497 seconds=0.09
epoch=28/80 loss=0.006069 seconds=0.08
epoch=29/80 loss=0.006915 seconds=0.09
epoch=30/80 loss=0.012608 seconds=0.09
epoch=31/80 loss=0.003809 seconds=0.09
epoch=32/80 loss=0.009573 seconds=0.08
epoch=33/80 loss=0.011799 seconds=0.08
epoch=34/80 loss=0.016964 seconds=0.09
epoch=35/80 loss=0.012797 seconds=0.09
epoch=36/80 loss=0.026511 seconds=0.09
epoch=37/80 loss=0.002784 seconds=0.08
epoch=38/80 loss=0.011160 seconds=0.08
epoch=39/80 loss=0.010972 seconds=0.06
epoch=40/80 loss=0.004826 seconds=0.09
epoch=41/80 loss=0.012897 seconds=0.08
epoch=42/80 loss=0.006461 seconds=0.06
epoch=43/80 loss=0.014995 seconds=0.08
epoch=44/80 loss=0.009671 seconds=0.06
epoch=45/80 loss=0.002854 seconds=0.08
epoch=46/80 loss=0.007322 seconds=0.06
epoch=47/80 loss=0.001699 seconds=0.08
epoch=48/80 loss=0.002450 seconds=0.06
epoch=49/80 loss=0.002911 seconds=0.08
epoch=50/80 loss=0.001170 seconds=0.06
epoch=51/80 loss=0.002472 seconds=0.09
epoch=52/80 loss=0.001762 seconds=0.08
epoch=53/80 loss=0.001238 seconds=0.08
epoch=54/80 loss=0.002786 seconds=0.08
epoch=55/80 loss=0.000824 seconds=0.08
epoch=56/80 loss=0.003214 seconds=0.08
epoch=57/80 loss=0.000955 seconds=0.09
epoch=58/80 loss=0.000963 seconds=0.08
epoch=59/80 loss=0.018708 seconds=0.08
epoch=60/80 loss=0.016711 seconds=0.08
epoch=61/80 loss=0.015265 seconds=0.08
epoch=62/80 loss=0.013009 seconds=0.09
epoch=63/80 loss=0.005963 seconds=0.08
epoch=64/80 loss=0.017259 seconds=0.08
epoch=65/80 loss=0.021651 seconds=0.08
epoch=66/80 loss=0.016652 seconds=0.08
epoch=67/80 loss=0.046911 seconds=0.08
epoch=68/80 loss=0.012449 seconds=0.08
epoch=69/80 loss=0.021406 seconds=0.08
epoch=70/80 loss=0.005754 seconds=0.08
epoch=71/80 loss=0.002370 seconds=0.09
epoch=72/80 loss=0.009630 seconds=0.08
epoch=73/80 loss=0.001272 seconds=0.09
epoch=74/80 loss=0.011450 seconds=0.08
epoch=75/80 loss=0.003400 seconds=0.08
epoch=76/80 loss=0.002284 seconds=0.06
epoch=77/80 loss=0.001108 seconds=0.09
epoch=78/80 loss=0.014443 seconds=0.06
epoch=79/80 loss=0.001730 seconds=0.08
epoch=80/80 loss=0.019059 seconds=0.08
{"cv_oof": {"accuracy": 0.7266666666666667, "balanced_accuracy": 0.693287037037037, "sensitivity": 0.5740740740740741, "specificity": 0.8125, "f1_macro": 0.696909960080824, "roc_auc": 0.7339891975308642, "confusion_matrix": [[156, 36], [46, 62]], "classification_report": {"0": {"precision": 0.7722772277227723, "recall": 0.8125, "f1-score": 0.7918781725888325, "support": 192.0}, "1": {"precision": 0.6326530612244898, "recall": 0.5740740740740741, "f1-score": 0.6019417475728155, "support": 108.0}, "accuracy": 0.7266666666666667, "macro avg": {"precision": 0.7024651444736311, "recall": 0.693287037037037, "f1-score": 0.696909960080824, "support": 300.0}, "weighted avg": {"precision": 0.7220125277833906, "recall": 0.7266666666666667, "f1-score": 0.7235010595830664, "support": 300.0}}}, "test": {"accuracy": 0.7808219178082192, "balanced_accuracy": 0.7266775777414075, "sensitivity": 0.5384615384615384, "specificity": 0.9148936170212766, "f1_macro": 0.7397504456327986, "roc_auc": 0.857201309328969, "confusion_matrix": [[43, 4], [12, 14]], "classification_report": {"0": {"precision": 0.7818181818181819, "recall": 0.9148936170212766, "f1-score": 0.8431372549019608, "support": 47.0}, "1": {"precision": 0.7777777777777778, "recall": 0.5384615384615384, "f1-score": 0.6363636363636364, "support": 26.0}, "accuracy": 0.7808219178082192, "macro avg": {"precision": 0.7797979797979798, "recall": 0.7266775777414075, "f1-score": 0.7397504456327986, "support": 73.0}, "weighted avg": {"precision": 0.7803791338037914, "recall": 0.7808219178082192, "f1-score": 0.769491856518448, "support": 73.0}}}, "folds": 10, "original_train_rows": 300, "train_rows": 384, "test_rows": 73, "elapsed_seconds": 70.09400000004098, "test_default": {"accuracy": 0.7808219178082192, "balanced_accuracy": 0.7610474631751227, "sensitivity": 0.6923076923076923, "specificity": 0.8297872340425532, "f1_macro": 0.7610474631751227, "roc_auc": 0.857201309328969, "confusion_matrix": [[39, 8], [8, 18]], "classification_report": {"0": {"precision": 0.8297872340425532, "recall": 0.8297872340425532, "f1-score": 0.8297872340425532, "support": 47.0}, "1": {"precision": 0.6923076923076923, "recall": 0.6923076923076923, "f1-score": 0.6923076923076923, "support": 26.0}, "accuracy": 0.7808219178082192, "macro avg": {"precision": 0.7610474631751227, "recall": 0.7610474631751227, "f1-score": 0.7610474631751227, "support": 73.0}, "weighted avg": {"precision": 0.7808219178082192, "recall": 0.7808219178082192, "f1-score": 0.7808219178082192, "support": 73.0}}}, "decision_threshold": 0.9988625049591064, "oof_threshold_selection": {"accuracy": 0.7633333333333333, "balanced_accuracy": 0.6996527777777778, "sensitivity": 0.4722222222222222, "specificity": 0.9270833333333334, "f1_macro": 0.711659514559164, "roc_auc": 0.7339891975308642, "confusion_matrix": [[178, 14], [57, 51]], "classification_report": {"0": {"precision": 0.7574468085106383, "recall": 0.9270833333333334, "f1-score": 0.8337236533957846, "support": 192.0}, "1": {"precision": 0.7846153846153846, "recall": 0.4722222222222222, "f1-score": 0.5895953757225434, "support": 108.0}, "accuracy": 0.7633333333333333, "macro avg": {"precision": 0.7710310965630114, "recall": 0.6996527777777778, "f1-score": 0.711659514559164, "support": 300.0}, "weighted avg": {"precision": 0.7672274959083469, "recall": 0.7633333333333333, "f1-score": 0.7458374734334177, "support": 300.0}}}, "test_accuracy_change": 0.0}
