Command: ["C:\\Users\\IHCK\\AppData\\Local\\Programs\\Python\\Python312\\python.exe", "-u", "C:\\Users\\IHCK\\Desktop\\1_10_69Final\\Hippocampal-Shape-Analysis-for-Epilepsy-Detection\\Model\\train_dataset_model.py", "--dataset", "coef_raw_balanced_jitter", "--side", "right", "--model", "MLP", "--kind", "coef", "--train-csv", "C:\\Users\\IHCK\\Desktop\\1_10_69Final\\Hippocampal-Shape-Analysis-for-Epilepsy-Detection\\Output_Dataset\\coef_raw_balanced_jitter\\right\\train_prepared.csv", "--test-csv", "C:\\Users\\IHCK\\Desktop\\1_10_69Final\\Hippocampal-Shape-Analysis-for-Epilepsy-Detection\\Output_Dataset\\coef_raw_balanced_jitter\\right\\test_prepared.csv", "--output-dir", "C:\\Users\\IHCK\\Desktop\\1_10_69Final\\Hippocampal-Shape-Analysis-for-Epilepsy-Detection\\Model_Results\\dataset_runs_20261003_oof_threshold\\coef_raw_balanced_jitter\\right\\MLP", "--epochs", "80", "--folds", "10", "--pls-components", "8", "--seed", "42", "--threads", "2", "--tune-threshold"]
10-fold CV: dataset=coef_raw_balanced_jitter side=right model=MLP; original_train=300 test=77
Iteration 1, loss = 0.69944022
Iteration 2, loss = 0.55160632
Iteration 3, loss = 0.43611528
Iteration 4, loss = 0.35031994
Iteration 5, loss = 0.28152290
Iteration 6, loss = 0.22745519
Iteration 7, loss = 0.18416863
Iteration 8, loss = 0.14953677
Iteration 9, loss = 0.12230122
Iteration 10, loss = 0.10067449
Iteration 11, loss = 0.08363583
Iteration 12, loss = 0.06939852
Iteration 13, loss = 0.05845622
Iteration 14, loss = 0.04976139
Iteration 15, loss = 0.04225415
Iteration 16, loss = 0.03638846
Iteration 17, loss = 0.03151476
Iteration 18, loss = 0.02772314
Iteration 19, loss = 0.02442264
Iteration 20, loss = 0.02167932
Iteration 21, loss = 0.01931818
Iteration 22, loss = 0.01766240
Iteration 23, loss = 0.01589714
Iteration 24, loss = 0.01465937
Iteration 25, loss = 0.01332043
Iteration 26, loss = 0.01246237
Iteration 27, loss = 0.01144911
Iteration 28, loss = 0.01066557
Iteration 29, loss = 0.00989783
Iteration 30, loss = 0.00927393
Iteration 31, loss = 0.00870329
Iteration 32, loss = 0.00820475
Iteration 33, loss = 0.00769738
Iteration 34, loss = 0.00728823
Iteration 35, loss = 0.00691239
Iteration 36, loss = 0.00653602
Iteration 37, loss = 0.00623655
Iteration 38, loss = 0.00596816
Iteration 39, loss = 0.00569148
Iteration 40, loss = 0.00543596
Iteration 41, loss = 0.00518902
Iteration 42, loss = 0.00497759
Iteration 43, loss = 0.00479559
Iteration 44, loss = 0.00461948
Iteration 45, loss = 0.00443716
Iteration 46, loss = 0.00427281
Iteration 47, loss = 0.00411266
Iteration 48, loss = 0.00396826
Iteration 49, loss = 0.00384182
Iteration 50, loss = 0.00371371
Iteration 51, loss = 0.00358766
Iteration 52, loss = 0.00346094
Iteration 53, loss = 0.00335900
Iteration 54, loss = 0.00326276
Iteration 55, loss = 0.00315204
Iteration 56, loss = 0.00306261
Iteration 57, loss = 0.00297430
Iteration 58, loss = 0.00288558
Iteration 59, loss = 0.00280602
Iteration 60, loss = 0.00272224
Iteration 61, loss = 0.00265007
Iteration 62, loss = 0.00257384
Iteration 63, loss = 0.00250250
Iteration 64, loss = 0.00243790
Iteration 65, loss = 0.00237764
Iteration 66, loss = 0.00231745
Training loss did not improve more than tol=0.000100 for 10 consecutive epochs. Stopping.
fold=1/10 OOF_accuracy=0.800000 OOF_AUC=0.812500
Iteration 1, loss = 0.69009515
Iteration 2, loss = 0.54244650
Iteration 3, loss = 0.43053559
Iteration 4, loss = 0.34570026
Iteration 5, loss = 0.27928289
Iteration 6, loss = 0.22596362
Iteration 7, loss = 0.18297028
Iteration 8, loss = 0.14838207
Iteration 9, loss = 0.12015014
Iteration 10, loss = 0.09664117
Iteration 11, loss = 0.07814922
Iteration 12, loss = 0.06357476
Iteration 13, loss = 0.05168186
Iteration 14, loss = 0.04264989
Iteration 15, loss = 0.03541456
Iteration 16, loss = 0.02993471
Iteration 17, loss = 0.02517521
Iteration 18, loss = 0.02168862
Iteration 19, loss = 0.01866005
Iteration 20, loss = 0.01629732
Iteration 21, loss = 0.01433203
Iteration 22, loss = 0.01273269
Iteration 23, loss = 0.01153395
Iteration 24, loss = 0.01041191
Iteration 25, loss = 0.00952965
Iteration 26, loss = 0.00870867
Iteration 27, loss = 0.00808255
Iteration 28, loss = 0.00750342
Iteration 29, loss = 0.00703235
Iteration 30, loss = 0.00654990
Iteration 31, loss = 0.00620770
Iteration 32, loss = 0.00582836
Iteration 33, loss = 0.00552949
Iteration 34, loss = 0.00522730
Iteration 35, loss = 0.00495813
Iteration 36, loss = 0.00473321
Iteration 37, loss = 0.00451881
Iteration 38, loss = 0.00432516
Iteration 39, loss = 0.00413155
Iteration 40, loss = 0.00397002
Iteration 41, loss = 0.00379380
Iteration 42, loss = 0.00365893
Iteration 43, loss = 0.00353186
Iteration 44, loss = 0.00339838
Iteration 45, loss = 0.00327513
Iteration 46, loss = 0.00316024
Iteration 47, loss = 0.00305214
Iteration 48, loss = 0.00295346
Iteration 49, loss = 0.00285996
Iteration 50, loss = 0.00277211
Iteration 51, loss = 0.00267402
Iteration 52, loss = 0.00260237
Iteration 53, loss = 0.00251703
Iteration 54, loss = 0.00244548
Iteration 55, loss = 0.00238025
Iteration 56, loss = 0.00231495
Iteration 57, loss = 0.00225469
Iteration 58, loss = 0.00218912
Training loss did not improve more than tol=0.000100 for 10 consecutive epochs. Stopping.
fold=2/10 OOF_accuracy=0.900000 OOF_AUC=0.960227
Iteration 1, loss = 0.67063602
Iteration 2, loss = 0.52331599
Iteration 3, loss = 0.41032130
Iteration 4, loss = 0.32273081
Iteration 5, loss = 0.25587099
Iteration 6, loss = 0.20356475
Iteration 7, loss = 0.16312666
Iteration 8, loss = 0.13040394
Iteration 9, loss = 0.10479217
Iteration 10, loss = 0.08441661
Iteration 11, loss = 0.06858564
Iteration 12, loss = 0.05607738
Iteration 13, loss = 0.04567418
Iteration 14, loss = 0.03773852
Iteration 15, loss = 0.03140914
Iteration 16, loss = 0.02619482
Iteration 17, loss = 0.02205302
Iteration 18, loss = 0.01889790
Iteration 19, loss = 0.01629312
Iteration 20, loss = 0.01404004
Iteration 21, loss = 0.01236748
Iteration 22, loss = 0.01099293
Iteration 23, loss = 0.00986081
Iteration 24, loss = 0.00886450
Iteration 25, loss = 0.00801647
Iteration 26, loss = 0.00728776
Iteration 27, loss = 0.00671799
Iteration 28, loss = 0.00617640
Iteration 29, loss = 0.00575509
Iteration 30, loss = 0.00532326
Iteration 31, loss = 0.00500134
Iteration 32, loss = 0.00469620
Iteration 33, loss = 0.00443579
Iteration 34, loss = 0.00418597
Iteration 35, loss = 0.00394632
Iteration 36, loss = 0.00376432
Iteration 37, loss = 0.00358613
Iteration 38, loss = 0.00342035
Iteration 39, loss = 0.00325873
Iteration 40, loss = 0.00311792
Iteration 41, loss = 0.00298855
Iteration 42, loss = 0.00287282
Iteration 43, loss = 0.00276233
Iteration 44, loss = 0.00265436
Iteration 45, loss = 0.00255087
Iteration 46, loss = 0.00246320
Iteration 47, loss = 0.00237758
Iteration 48, loss = 0.00229596
Iteration 49, loss = 0.00221695
Iteration 50, loss = 0.00214558
Iteration 51, loss = 0.00207753
Iteration 52, loss = 0.00200817
Iteration 53, loss = 0.00194824
Iteration 54, loss = 0.00189387
Iteration 55, loss = 0.00183867
Iteration 56, loss = 0.00178811
Training loss did not improve more than tol=0.000100 for 10 consecutive epochs. Stopping.
fold=3/10 OOF_accuracy=0.833333 OOF_AUC=0.801136
Iteration 1, loss = 0.65075504
Iteration 2, loss = 0.50762268
Iteration 3, loss = 0.39444973
Iteration 4, loss = 0.30844102
Iteration 5, loss = 0.24107722
Iteration 6, loss = 0.18892247
Iteration 7, loss = 0.14759559
Iteration 8, loss = 0.11770517
Iteration 9, loss = 0.09415152
Iteration 10, loss = 0.07630673
Iteration 11, loss = 0.06211587
Iteration 12, loss = 0.05112334
Iteration 13, loss = 0.04305666
Iteration 14, loss = 0.03613672
Iteration 15, loss = 0.03108070
Iteration 16, loss = 0.02698844
Iteration 17, loss = 0.02372915
Iteration 18, loss = 0.02080349
Iteration 19, loss = 0.01861022
Iteration 20, loss = 0.01657506
Iteration 21, loss = 0.01505260
Iteration 22, loss = 0.01366608
Iteration 23, loss = 0.01251428
Iteration 24, loss = 0.01140191
Iteration 25, loss = 0.01051668
Iteration 26, loss = 0.00966876
Iteration 27, loss = 0.00901605
Iteration 28, loss = 0.00844026
Iteration 29, loss = 0.00793595
Iteration 30, loss = 0.00755015
Iteration 31, loss = 0.00711631
Iteration 32, loss = 0.00677274
Iteration 33, loss = 0.00645293
Iteration 34, loss = 0.00620708
Iteration 35, loss = 0.00591462
Iteration 36, loss = 0.00563873
Iteration 37, loss = 0.00543930
Iteration 38, loss = 0.00520092
Iteration 39, loss = 0.00501584
Iteration 40, loss = 0.00483477
Iteration 41, loss = 0.00465284
Iteration 42, loss = 0.00448547
Iteration 43, loss = 0.00433873
Iteration 44, loss = 0.00420273
Iteration 45, loss = 0.00405597
Iteration 46, loss = 0.00392764
Iteration 47, loss = 0.00379858
Iteration 48, loss = 0.00367525
Iteration 49, loss = 0.00355685
Iteration 50, loss = 0.00346952
Iteration 51, loss = 0.00334774
Iteration 52, loss = 0.00325803
Iteration 53, loss = 0.00317302
Iteration 54, loss = 0.00307442
Iteration 55, loss = 0.00298480
Iteration 56, loss = 0.00290514
Iteration 57, loss = 0.00281627
Iteration 58, loss = 0.00272570
Iteration 59, loss = 0.00264745
Iteration 60, loss = 0.00256888
Iteration 61, loss = 0.00250618
Iteration 62, loss = 0.00242880
Training loss did not improve more than tol=0.000100 for 10 consecutive epochs. Stopping.
fold=4/10 OOF_accuracy=0.900000 OOF_AUC=0.835227
Iteration 1, loss = 0.59703913
Iteration 2, loss = 0.45944913
Iteration 3, loss = 0.35387424
Iteration 4, loss = 0.27471487
Iteration 5, loss = 0.21400947
Iteration 6, loss = 0.16764118
Iteration 7, loss = 0.13200248
Iteration 8, loss = 0.10455495
Iteration 9, loss = 0.08403494
Iteration 10, loss = 0.06820021
Iteration 11, loss = 0.05603109
Iteration 12, loss = 0.04632656
Iteration 13, loss = 0.03933720
Iteration 14, loss = 0.03331769
Iteration 15, loss = 0.02886187
Iteration 16, loss = 0.02519949
Iteration 17, loss = 0.02205262
Iteration 18, loss = 0.01968515
Iteration 19, loss = 0.01759742
Iteration 20, loss = 0.01578207
Iteration 21, loss = 0.01440325
Iteration 22, loss = 0.01314780
Iteration 23, loss = 0.01204474
Iteration 24, loss = 0.01116170
Iteration 25, loss = 0.01029836
Iteration 26, loss = 0.00960479
Iteration 27, loss = 0.00898443
Iteration 28, loss = 0.00841347
Iteration 29, loss = 0.00788594
Iteration 30, loss = 0.00738834
Iteration 31, loss = 0.00696136
Iteration 32, loss = 0.00659242
Iteration 33, loss = 0.00627581
Iteration 34, loss = 0.00601641
Iteration 35, loss = 0.00574783
Iteration 36, loss = 0.00546392
Iteration 37, loss = 0.00527598
Iteration 38, loss = 0.00505851
Iteration 39, loss = 0.00486153
Iteration 40, loss = 0.00469364
Iteration 41, loss = 0.00451716
Iteration 42, loss = 0.00435753
Iteration 43, loss = 0.00420351
Iteration 44, loss = 0.00408479
Iteration 45, loss = 0.00393364
Iteration 46, loss = 0.00381075
Iteration 47, loss = 0.00368978
Iteration 48, loss = 0.00359031
Iteration 49, loss = 0.00348111
Iteration 50, loss = 0.00339006
Iteration 51, loss = 0.00328183
Iteration 52, loss = 0.00320204
Iteration 53, loss = 0.00310704
Iteration 54, loss = 0.00303205
Iteration 55, loss = 0.00295222
Iteration 56, loss = 0.00287385
Iteration 57, loss = 0.00279942
Iteration 58, loss = 0.00273008
Iteration 59, loss = 0.00266492
Iteration 60, loss = 0.00260001
Iteration 61, loss = 0.00254104
Iteration 62, loss = 0.00248773
Training loss did not improve more than tol=0.000100 for 10 consecutive epochs. Stopping.
fold=5/10 OOF_accuracy=0.900000 OOF_AUC=1.000000
Iteration 1, loss = 0.66040272
Iteration 2, loss = 0.51750040
Iteration 3, loss = 0.40827284
Iteration 4, loss = 0.32622494
Iteration 5, loss = 0.26040569
Iteration 6, loss = 0.20941993
Iteration 7, loss = 0.16817135
Iteration 8, loss = 0.13637181
Iteration 9, loss = 0.11068375
Iteration 10, loss = 0.09094951
Iteration 11, loss = 0.07594390
Iteration 12, loss = 0.06353748
Iteration 13, loss = 0.05391679
Iteration 14, loss = 0.04641874
Iteration 15, loss = 0.03991806
Iteration 16, loss = 0.03511694
Iteration 17, loss = 0.03122101
Iteration 18, loss = 0.02784418
Iteration 19, loss = 0.02515073
Iteration 20, loss = 0.02302448
Iteration 21, loss = 0.02098438
Iteration 22, loss = 0.01936258
Iteration 23, loss = 0.01793454
Iteration 24, loss = 0.01671832
Iteration 25, loss = 0.01563079
Iteration 26, loss = 0.01483760
Iteration 27, loss = 0.01379904
Iteration 28, loss = 0.01299231
Iteration 29, loss = 0.01230042
Iteration 30, loss = 0.01165760
Iteration 31, loss = 0.01110678
Iteration 32, loss = 0.01051821
Iteration 33, loss = 0.00999933
Iteration 34, loss = 0.00946273
Iteration 35, loss = 0.00899537
Iteration 36, loss = 0.00862831
Iteration 37, loss = 0.00823501
Iteration 38, loss = 0.00797452
Iteration 39, loss = 0.00758899
Iteration 40, loss = 0.00727802
Iteration 41, loss = 0.00702431
Iteration 42, loss = 0.00680453
Iteration 43, loss = 0.00651866
Iteration 44, loss = 0.00623355
Iteration 45, loss = 0.00604921
Iteration 46, loss = 0.00581728
Iteration 47, loss = 0.00563879
Iteration 48, loss = 0.00546530
Iteration 49, loss = 0.00525572
Iteration 50, loss = 0.00508441
Iteration 51, loss = 0.00491031
Iteration 52, loss = 0.00476824
Iteration 53, loss = 0.00460241
Iteration 54, loss = 0.00447914
Iteration 55, loss = 0.00434999
Iteration 56, loss = 0.00422963
Iteration 57, loss = 0.00410304
Iteration 58, loss = 0.00399136
Iteration 59, loss = 0.00388112
Iteration 60, loss = 0.00378556
Iteration 61, loss = 0.00366902
Iteration 62, loss = 0.00358026
Iteration 63, loss = 0.00348756
Iteration 64, loss = 0.00338687
Iteration 65, loss = 0.00331562
Iteration 66, loss = 0.00322616
Iteration 67, loss = 0.00315173
Iteration 68, loss = 0.00307364
Iteration 69, loss = 0.00300452
Iteration 70, loss = 0.00292921
Iteration 71, loss = 0.00287081
Iteration 72, loss = 0.00280325
Iteration 73, loss = 0.00274352
Iteration 74, loss = 0.00267771
Iteration 75, loss = 0.00262529
Training loss did not improve more than tol=0.000100 for 10 consecutive epochs. Stopping.
fold=6/10 OOF_accuracy=0.833333 OOF_AUC=0.926136
Iteration 1, loss = 0.67926258
Iteration 2, loss = 0.52424125
Iteration 3, loss = 0.40445366
Iteration 4, loss = 0.31353632
Iteration 5, loss = 0.24270287
Iteration 6, loss = 0.19076277
Iteration 7, loss = 0.15020290
Iteration 8, loss = 0.12051173
Iteration 9, loss = 0.09697300
Iteration 10, loss = 0.07928492
Iteration 11, loss = 0.06648415
Iteration 12, loss = 0.05570898
Iteration 13, loss = 0.04771376
Iteration 14, loss = 0.04164232
Iteration 15, loss = 0.03666192
Iteration 16, loss = 0.03251093
Iteration 17, loss = 0.02902515
Iteration 18, loss = 0.02598799
Iteration 19, loss = 0.02337468
Iteration 20, loss = 0.02147880
Iteration 21, loss = 0.01917431
Iteration 22, loss = 0.01746871
Iteration 23, loss = 0.01612116
Iteration 24, loss = 0.01485511
Iteration 25, loss = 0.01366855
Iteration 26, loss = 0.01291430
Iteration 27, loss = 0.01191040
Iteration 28, loss = 0.01111459
Iteration 29, loss = 0.01053856
Iteration 30, loss = 0.00988101
Iteration 31, loss = 0.00943507
Iteration 32, loss = 0.00885574
Iteration 33, loss = 0.00844189
Iteration 34, loss = 0.00804816
Iteration 35, loss = 0.00764994
Iteration 36, loss = 0.00732978
Iteration 37, loss = 0.00700050
Iteration 38, loss = 0.00670136
Iteration 39, loss = 0.00642372
Iteration 40, loss = 0.00616990
Iteration 41, loss = 0.00594170
Iteration 42, loss = 0.00576623
Iteration 43, loss = 0.00552684
Iteration 44, loss = 0.00531825
Iteration 45, loss = 0.00514935
Iteration 46, loss = 0.00498549
Iteration 47, loss = 0.00483187
Iteration 48, loss = 0.00469894
Iteration 49, loss = 0.00452942
Iteration 50, loss = 0.00439592
Iteration 51, loss = 0.00429008
Iteration 52, loss = 0.00415129
Iteration 53, loss = 0.00404182
Iteration 54, loss = 0.00392935
Iteration 55, loss = 0.00381158
Iteration 56, loss = 0.00371856
Iteration 57, loss = 0.00362090
Iteration 58, loss = 0.00352145
Iteration 59, loss = 0.00341721
Iteration 60, loss = 0.00334909
Iteration 61, loss = 0.00325947
Iteration 62, loss = 0.00317863
Iteration 63, loss = 0.00309482
Iteration 64, loss = 0.00301430
Iteration 65, loss = 0.00294922
Iteration 66, loss = 0.00288463
Iteration 67, loss = 0.00281544
Iteration 68, loss = 0.00274956
Iteration 69, loss = 0.00269843
Iteration 70, loss = 0.00263377
Training loss did not improve more than tol=0.000100 for 10 consecutive epochs. Stopping.
fold=7/10 OOF_accuracy=0.900000 OOF_AUC=0.926136
Iteration 1, loss = 0.66291079
Iteration 2, loss = 0.51636455
Iteration 3, loss = 0.40736811
Iteration 4, loss = 0.32318555
Iteration 5, loss = 0.25953259
Iteration 6, loss = 0.20977029
Iteration 7, loss = 0.17065009
Iteration 8, loss = 0.13898291
Iteration 9, loss = 0.11368269
Iteration 10, loss = 0.09276667
Iteration 11, loss = 0.07567891
Iteration 12, loss = 0.06205798
Iteration 13, loss = 0.05071557
Iteration 14, loss = 0.04182839
Iteration 15, loss = 0.03399561
Iteration 16, loss = 0.02842554
Iteration 17, loss = 0.02354899
Iteration 18, loss = 0.01995180
Iteration 19, loss = 0.01709853
Iteration 20, loss = 0.01462916
Iteration 21, loss = 0.01271874
Iteration 22, loss = 0.01124191
Iteration 23, loss = 0.01004314
Iteration 24, loss = 0.00895194
Iteration 25, loss = 0.00805047
Iteration 26, loss = 0.00730842
Iteration 27, loss = 0.00665761
Iteration 28, loss = 0.00615680
Iteration 29, loss = 0.00568299
Iteration 30, loss = 0.00530301
Iteration 31, loss = 0.00494195
Iteration 32, loss = 0.00464048
Iteration 33, loss = 0.00438269
Iteration 34, loss = 0.00413096
Iteration 35, loss = 0.00390836
Iteration 36, loss = 0.00373108
Iteration 37, loss = 0.00354908
Iteration 38, loss = 0.00338641
Iteration 39, loss = 0.00324542
Iteration 40, loss = 0.00311699
Iteration 41, loss = 0.00298950
Iteration 42, loss = 0.00286748
Iteration 43, loss = 0.00276466
Iteration 44, loss = 0.00267336
Iteration 45, loss = 0.00257730
Iteration 46, loss = 0.00249171
Iteration 47, loss = 0.00240602
Iteration 48, loss = 0.00233051
Iteration 49, loss = 0.00225685
Iteration 50, loss = 0.00219205
Iteration 51, loss = 0.00212515
Iteration 52, loss = 0.00206705
Iteration 53, loss = 0.00200869
Iteration 54, loss = 0.00195738
Training loss did not improve more than tol=0.000100 for 10 consecutive epochs. Stopping.
fold=8/10 OOF_accuracy=0.733333 OOF_AUC=0.710227
Iteration 1, loss = 0.68844977
Iteration 2, loss = 0.54002829
Iteration 3, loss = 0.42063522
Iteration 4, loss = 0.33086217
Iteration 5, loss = 0.26022985
Iteration 6, loss = 0.20499680
Iteration 7, loss = 0.16346104
Iteration 8, loss = 0.13051559
Iteration 9, loss = 0.10480360
Iteration 10, loss = 0.08453539
Iteration 11, loss = 0.06929986
Iteration 12, loss = 0.05623738
Iteration 13, loss = 0.04664438
Iteration 14, loss = 0.03888859
Iteration 15, loss = 0.03235700
Iteration 16, loss = 0.02762638
Iteration 17, loss = 0.02361706
Iteration 18, loss = 0.02065246
Iteration 19, loss = 0.01797129
Iteration 20, loss = 0.01567363
Iteration 21, loss = 0.01383095
Iteration 22, loss = 0.01247658
Iteration 23, loss = 0.01112749
Iteration 24, loss = 0.01015320
Iteration 25, loss = 0.00918407
Iteration 26, loss = 0.00845509
Iteration 27, loss = 0.00777070
Iteration 28, loss = 0.00724612
Iteration 29, loss = 0.00671780
Iteration 30, loss = 0.00630169
Iteration 31, loss = 0.00594503
Iteration 32, loss = 0.00559309
Iteration 33, loss = 0.00530133
Iteration 34, loss = 0.00503063
Iteration 35, loss = 0.00478194
Iteration 36, loss = 0.00454300
Iteration 37, loss = 0.00433384
Iteration 38, loss = 0.00416651
Iteration 39, loss = 0.00399636
Iteration 40, loss = 0.00383174
Iteration 41, loss = 0.00367812
Iteration 42, loss = 0.00354114
Iteration 43, loss = 0.00341421
Iteration 44, loss = 0.00329646
Iteration 45, loss = 0.00318993
Iteration 46, loss = 0.00309046
Iteration 47, loss = 0.00298631
Iteration 48, loss = 0.00289509
Iteration 49, loss = 0.00280719
Iteration 50, loss = 0.00272755
Iteration 51, loss = 0.00265735
Iteration 52, loss = 0.00258810
Iteration 53, loss = 0.00251613
Iteration 54, loss = 0.00245219
Iteration 55, loss = 0.00238531
Iteration 56, loss = 0.00232679
Iteration 57, loss = 0.00227615
Iteration 58, loss = 0.00222153
Training loss did not improve more than tol=0.000100 for 10 consecutive epochs. Stopping.
fold=9/10 OOF_accuracy=0.800000 OOF_AUC=0.812500
Iteration 1, loss = 0.66655601
Iteration 2, loss = 0.52130405
Iteration 3, loss = 0.41113342
Iteration 4, loss = 0.32266006
Iteration 5, loss = 0.25520804
Iteration 6, loss = 0.20151445
Iteration 7, loss = 0.15874179
Iteration 8, loss = 0.12544146
Iteration 9, loss = 0.09822481
Iteration 10, loss = 0.07728049
Iteration 11, loss = 0.06106321
Iteration 12, loss = 0.04864032
Iteration 13, loss = 0.03922254
Iteration 14, loss = 0.03187160
Iteration 15, loss = 0.02615967
Iteration 16, loss = 0.02169809
Iteration 17, loss = 0.01820500
Iteration 18, loss = 0.01543490
Iteration 19, loss = 0.01324188
Iteration 20, loss = 0.01157888
Iteration 21, loss = 0.01015860
Iteration 22, loss = 0.00901503
Iteration 23, loss = 0.00807025
Iteration 24, loss = 0.00732169
Iteration 25, loss = 0.00665199
Iteration 26, loss = 0.00612529
Iteration 27, loss = 0.00565646
Iteration 28, loss = 0.00525887
Iteration 29, loss = 0.00491326
Iteration 30, loss = 0.00459583
Iteration 31, loss = 0.00434760
Iteration 32, loss = 0.00409883
Iteration 33, loss = 0.00388639
Iteration 34, loss = 0.00370840
Iteration 35, loss = 0.00352888
Iteration 36, loss = 0.00337888
Iteration 37, loss = 0.00324282
Iteration 38, loss = 0.00309979
Iteration 39, loss = 0.00297671
Iteration 40, loss = 0.00286256
Iteration 41, loss = 0.00274302
Iteration 42, loss = 0.00264466
Iteration 43, loss = 0.00254787
Iteration 44, loss = 0.00245746
Iteration 45, loss = 0.00237063
Iteration 46, loss = 0.00229704
Iteration 47, loss = 0.00222140
Iteration 48, loss = 0.00214945
Iteration 49, loss = 0.00208876
Iteration 50, loss = 0.00201964
Iteration 51, loss = 0.00196754
Iteration 52, loss = 0.00191109
Training loss did not improve more than tol=0.000100 for 10 consecutive epochs. Stopping.
fold=10/10 OOF_accuracy=0.766667 OOF_AUC=0.772487
Frozen Train OOF threshold=0.52094435691833496; objective=accuracy; OOF selection accuracy=0.840000
Iteration 1, loss = 0.68219946
Iteration 2, loss = 0.48740291
Iteration 3, loss = 0.35386583
Iteration 4, loss = 0.26075680
Iteration 5, loss = 0.19450259
Iteration 6, loss = 0.14777914
Iteration 7, loss = 0.11381332
Iteration 8, loss = 0.08896055
Iteration 9, loss = 0.07051532
Iteration 10, loss = 0.05706548
Iteration 11, loss = 0.04680334
Iteration 12, loss = 0.03902617
Iteration 13, loss = 0.03301205
Iteration 14, loss = 0.02842883
Iteration 15, loss = 0.02478877
Iteration 16, loss = 0.02183491
Iteration 17, loss = 0.01925890
Iteration 18, loss = 0.01730244
Iteration 19, loss = 0.01566190
Iteration 20, loss = 0.01423695
Iteration 21, loss = 0.01298410
Iteration 22, loss = 0.01196141
Iteration 23, loss = 0.01095125
Iteration 24, loss = 0.01010070
Iteration 25, loss = 0.00928669
Iteration 26, loss = 0.00867826
Iteration 27, loss = 0.00809026
Iteration 28, loss = 0.00762171
Iteration 29, loss = 0.00717923
Iteration 30, loss = 0.00680264
Iteration 31, loss = 0.00642323
Iteration 32, loss = 0.00610599
Iteration 33, loss = 0.00579025
Iteration 34, loss = 0.00548954
Iteration 35, loss = 0.00519653
Iteration 36, loss = 0.00492391
Iteration 37, loss = 0.00478627
Iteration 38, loss = 0.00456326
Iteration 39, loss = 0.00434493
Iteration 40, loss = 0.00412838
Iteration 41, loss = 0.00394087
Iteration 42, loss = 0.00375047
Iteration 43, loss = 0.00362090
Iteration 44, loss = 0.00347244
Iteration 45, loss = 0.00334107
Iteration 46, loss = 0.00324921
Iteration 47, loss = 0.00314062
Iteration 48, loss = 0.00300873
Iteration 49, loss = 0.00287575
Iteration 50, loss = 0.00277672
Iteration 51, loss = 0.00267604
Iteration 52, loss = 0.00258883
Iteration 53, loss = 0.00251562
Iteration 54, loss = 0.00245704
Iteration 55, loss = 0.00236146
Iteration 56, loss = 0.00231578
Iteration 57, loss = 0.00226256
Iteration 58, loss = 0.00220475
Iteration 59, loss = 0.00215769
Iteration 60, loss = 0.00211314
Iteration 61, loss = 0.00206628
Iteration 62, loss = 0.00200532
Training loss did not improve more than tol=0.000100 for 10 consecutive epochs. Stopping.
{"cv_oof": {"accuracy": 0.8366666666666667, "balanced_accuracy": 0.7792152883477084, "sensitivity": 0.654320987654321, "specificity": 0.9041095890410958, "f1_macro": 0.7868793040956868, "roc_auc": 0.8553469755905067, "confusion_matrix": [[198, 21], [28, 53]], "classification_report": {"0": {"precision": 0.8761061946902655, "recall": 0.9041095890410958, "f1-score": 0.8898876404494382, "support": 219.0}, "1": {"precision": 0.7162162162162162, "recall": 0.654320987654321, "f1-score": 0.6838709677419355, "support": 81.0}, "accuracy": 0.8366666666666667, "macro avg": {"precision": 0.7961612054532409, "recall": 0.7792152883477084, "f1-score": 0.7868793040956868, "support": 300.0}, "weighted avg": {"precision": 0.8329359005022722, "recall": 0.8366666666666667, "f1-score": 0.8342631388184124, "support": 300.0}}}, "test": {"accuracy": 0.8311688311688312, "balanced_accuracy": 0.75, "sensitivity": 0.5714285714285714, "specificity": 0.9285714285714286, "f1_macro": 0.7687687687687688, "roc_auc": 0.8384353741496599, "confusion_matrix": [[52, 4], [9, 12]], "classification_report": {"0": {"precision": 0.8524590163934426, "recall": 0.9285714285714286, "f1-score": 0.8888888888888888, "support": 56.0}, "1": {"precision": 0.75, "recall": 0.5714285714285714, "f1-score": 0.6486486486486487, "support": 21.0}, "accuracy": 0.8311688311688312, "macro avg": {"precision": 0.8012295081967213, "recall": 0.75, "f1-score": 0.7687687687687688, "support": 77.0}, "weighted avg": {"precision": 0.82451564828614, "recall": 0.8311688311688312, "f1-score": 0.8233688233688233, "support": 77.0}}}, "folds": 10, "original_train_rows": 300, "train_rows": 438, "test_rows": 77, "elapsed_seconds": 2.812000000034459, "test_default": {"accuracy": 0.8311688311688312, "balanced_accuracy": 0.75, "sensitivity": 0.5714285714285714, "specificity": 0.9285714285714286, "f1_macro": 0.7687687687687688, "roc_auc": 0.8384353741496599, "confusion_matrix": [[52, 4], [9, 12]], "classification_report": {"0": {"precision": 0.8524590163934426, "recall": 0.9285714285714286, "f1-score": 0.8888888888888888, "support": 56.0}, "1": {"precision": 0.75, "recall": 0.5714285714285714, "f1-score": 0.6486486486486487, "support": 21.0}, "accuracy": 0.8311688311688312, "macro avg": {"precision": 0.8012295081967213, "recall": 0.75, "f1-score": 0.7687687687687688, "support": 77.0}, "weighted avg": {"precision": 0.82451564828614, "recall": 0.8311688311688312, "f1-score": 0.8233688233688233, "support": 77.0}}}, "decision_threshold": 0.520944356918335, "oof_threshold_selection": {"accuracy": 0.84, "balanced_accuracy": 0.7814983933705395, "sensitivity": 0.654320987654321, "specificity": 0.908675799086758, "f1_macro": 0.7903441849630191, "roc_auc": 0.8553469755905067, "confusion_matrix": [[199, 20], [28, 53]], "classification_report": {"0": {"precision": 0.8766519823788547, "recall": 0.908675799086758, "f1-score": 0.8923766816143498, "support": 219.0}, "1": {"precision": 0.726027397260274, "recall": 0.654320987654321, "f1-score": 0.6883116883116883, "support": 81.0}, "accuracy": 0.84, "macro avg": {"precision": 0.8013396898195644, "recall": 0.7814983933705395, "f1-score": 0.7903441849630191, "support": 300.0}, "weighted avg": {"precision": 0.835983344396838, "recall": 0.84, "f1-score": 0.8372791334226312, "support": 300.0}}}, "test_accuracy_change": 0.0}
