Command: ["C:\\Users\\IHCK\\AppData\\Local\\Programs\\Python\\Python312\\python.exe", "-u", "C:\\Users\\IHCK\\Desktop\\1_10_69Final\\Hippocampal-Shape-Analysis-for-Epilepsy-Detection\\Model\\train_dataset_model.py", "--dataset", "coef_plsda", "--side", "left", "--model", "ResNetAE", "--kind", "coef", "--train-csv", "C:\\Users\\IHCK\\Desktop\\1_10_69Final\\Hippocampal-Shape-Analysis-for-Epilepsy-Detection\\Output_Dataset\\coef_plsda\\left\\train_prepared.csv", "--test-csv", "C:\\Users\\IHCK\\Desktop\\1_10_69Final\\Hippocampal-Shape-Analysis-for-Epilepsy-Detection\\Output_Dataset\\coef_plsda\\left\\test_prepared.csv", "--output-dir", "C:\\Users\\IHCK\\Desktop\\1_10_69Final\\Hippocampal-Shape-Analysis-for-Epilepsy-Detection\\Model_Results\\dataset_runs_20261003_oof_threshold\\coef_plsda\\left\\ResNetAE", "--epochs", "80", "--folds", "10", "--pls-components", "8", "--seed", "42", "--threads", "2", "--tune-threshold"]
10-fold CV: dataset=coef_plsda side=left model=ResNetAE; original_train=300 test=73
Device=cuda; epochs=80; batch=32; model=ResNetAutoencoder1D
epoch=1/80 loss=6.845109 seconds=0.42
epoch=2/80 loss=3.321661 seconds=0.05
epoch=3/80 loss=1.507716 seconds=0.06
epoch=4/80 loss=1.071520 seconds=0.06
epoch=5/80 loss=0.954288 seconds=0.05
epoch=6/80 loss=0.869004 seconds=0.06
epoch=7/80 loss=0.656905 seconds=0.06
epoch=8/80 loss=0.689584 seconds=0.06
epoch=9/80 loss=0.522740 seconds=0.06
epoch=10/80 loss=0.422674 seconds=0.05
epoch=11/80 loss=0.438645 seconds=0.06
epoch=12/80 loss=0.330375 seconds=0.05
epoch=13/80 loss=0.297199 seconds=0.05
epoch=14/80 loss=0.335872 seconds=0.05
epoch=15/80 loss=0.310067 seconds=0.05
epoch=16/80 loss=0.335066 seconds=0.06
epoch=17/80 loss=0.364105 seconds=0.05
epoch=18/80 loss=0.278798 seconds=0.06
epoch=19/80 loss=0.264239 seconds=0.05
epoch=20/80 loss=0.277649 seconds=0.06
epoch=21/80 loss=0.272360 seconds=0.05
epoch=22/80 loss=0.270410 seconds=0.05
epoch=23/80 loss=0.266552 seconds=0.05
epoch=24/80 loss=0.312876 seconds=0.06
epoch=25/80 loss=0.291435 seconds=0.05
epoch=26/80 loss=0.224135 seconds=0.06
epoch=27/80 loss=0.202977 seconds=0.05
epoch=28/80 loss=0.213429 seconds=0.06
epoch=29/80 loss=0.228947 seconds=0.05
epoch=30/80 loss=0.212334 seconds=0.05
epoch=31/80 loss=0.191759 seconds=0.05
epoch=32/80 loss=0.181058 seconds=0.06
epoch=33/80 loss=0.185385 seconds=0.05
epoch=34/80 loss=0.202421 seconds=0.06
epoch=35/80 loss=0.194720 seconds=0.05
epoch=36/80 loss=0.184319 seconds=0.05
epoch=37/80 loss=0.162560 seconds=0.06
epoch=38/80 loss=0.148851 seconds=0.05
epoch=39/80 loss=0.150500 seconds=0.06
epoch=40/80 loss=0.153338 seconds=0.05
epoch=41/80 loss=0.134983 seconds=0.06
epoch=42/80 loss=0.136215 seconds=0.06
epoch=43/80 loss=0.135058 seconds=0.05
epoch=44/80 loss=0.153401 seconds=0.06
epoch=45/80 loss=0.179190 seconds=0.06
epoch=46/80 loss=0.164509 seconds=0.05
epoch=47/80 loss=0.153272 seconds=0.05
epoch=48/80 loss=0.139485 seconds=0.06
epoch=49/80 loss=0.158456 seconds=0.05
epoch=50/80 loss=0.144686 seconds=0.06
epoch=51/80 loss=0.142896 seconds=0.05
epoch=52/80 loss=0.159941 seconds=0.06
epoch=53/80 loss=0.126036 seconds=0.05
epoch=54/80 loss=0.156309 seconds=0.06
epoch=55/80 loss=0.166796 seconds=0.05
epoch=56/80 loss=0.162210 seconds=0.05
epoch=57/80 loss=0.131986 seconds=0.06
epoch=58/80 loss=0.118455 seconds=0.05
epoch=59/80 loss=0.118061 seconds=0.06
epoch=60/80 loss=0.131293 seconds=0.06
epoch=61/80 loss=0.110065 seconds=0.05
epoch=62/80 loss=0.120299 seconds=0.06
epoch=63/80 loss=0.120371 seconds=0.05
epoch=64/80 loss=0.128716 seconds=0.06
epoch=65/80 loss=0.123956 seconds=0.05
epoch=66/80 loss=0.127482 seconds=0.06
epoch=67/80 loss=0.105439 seconds=0.06
epoch=68/80 loss=0.124911 seconds=0.05
epoch=69/80 loss=0.107497 seconds=0.05
epoch=70/80 loss=0.123723 seconds=0.05
epoch=71/80 loss=0.113512 seconds=0.06
epoch=72/80 loss=0.124524 seconds=0.05
epoch=73/80 loss=0.126149 seconds=0.06
epoch=74/80 loss=0.106036 seconds=0.05
epoch=75/80 loss=0.101427 seconds=0.06
epoch=76/80 loss=0.082739 seconds=0.05
epoch=77/80 loss=0.087653 seconds=0.06
epoch=78/80 loss=0.087171 seconds=0.06
epoch=79/80 loss=0.114218 seconds=0.05
epoch=80/80 loss=0.106209 seconds=0.05
fold=1/10 OOF_accuracy=0.733333 OOF_AUC=0.695000
Device=cuda; epochs=80; batch=32; model=ResNetAutoencoder1D
epoch=1/80 loss=6.593145 seconds=0.06
epoch=2/80 loss=3.191008 seconds=0.05
epoch=3/80 loss=1.526438 seconds=0.05
epoch=4/80 loss=1.109199 seconds=0.05
epoch=5/80 loss=0.859410 seconds=0.06
epoch=6/80 loss=0.799539 seconds=0.05
epoch=7/80 loss=0.600247 seconds=0.06
epoch=8/80 loss=0.593167 seconds=0.05
epoch=9/80 loss=0.632750 seconds=0.05
epoch=10/80 loss=0.514762 seconds=0.05
epoch=11/80 loss=0.532832 seconds=0.05
epoch=12/80 loss=0.378773 seconds=0.05
epoch=13/80 loss=0.302110 seconds=0.06
epoch=14/80 loss=0.323308 seconds=0.05
epoch=15/80 loss=0.302300 seconds=0.06
epoch=16/80 loss=0.343400 seconds=0.05
epoch=17/80 loss=0.339709 seconds=0.06
epoch=18/80 loss=0.323756 seconds=0.05
epoch=19/80 loss=0.272218 seconds=0.06
epoch=20/80 loss=0.275315 seconds=0.06
epoch=21/80 loss=0.279081 seconds=0.05
epoch=22/80 loss=0.281218 seconds=0.05
epoch=23/80 loss=0.264151 seconds=0.06
epoch=24/80 loss=0.238798 seconds=0.05
epoch=25/80 loss=0.220186 seconds=0.06
epoch=26/80 loss=0.232760 seconds=0.05
epoch=27/80 loss=0.209554 seconds=0.06
epoch=28/80 loss=0.261188 seconds=0.08
epoch=29/80 loss=0.264694 seconds=0.05
epoch=30/80 loss=0.231140 seconds=0.05
epoch=31/80 loss=0.237769 seconds=0.06
epoch=32/80 loss=0.218817 seconds=0.08
epoch=33/80 loss=0.271707 seconds=0.05
epoch=34/80 loss=0.229884 seconds=0.06
epoch=35/80 loss=0.224888 seconds=0.06
epoch=36/80 loss=0.184113 seconds=0.06
epoch=37/80 loss=0.162078 seconds=0.05
epoch=38/80 loss=0.200309 seconds=0.08
epoch=39/80 loss=0.175110 seconds=0.06
epoch=40/80 loss=0.160955 seconds=0.06
epoch=41/80 loss=0.184992 seconds=0.05
epoch=42/80 loss=0.162597 seconds=0.06
epoch=43/80 loss=0.168085 seconds=0.05
epoch=44/80 loss=0.162853 seconds=0.05
epoch=45/80 loss=0.177420 seconds=0.06
epoch=46/80 loss=0.161720 seconds=0.06
epoch=47/80 loss=0.147452 seconds=0.06
epoch=48/80 loss=0.144722 seconds=0.06
epoch=49/80 loss=0.139084 seconds=0.06
epoch=50/80 loss=0.140514 seconds=0.06
epoch=51/80 loss=0.150805 seconds=0.06
epoch=52/80 loss=0.130446 seconds=0.06
epoch=53/80 loss=0.141796 seconds=0.06
epoch=54/80 loss=0.153934 seconds=0.05
epoch=55/80 loss=0.109855 seconds=0.06
epoch=56/80 loss=0.140570 seconds=0.06
epoch=57/80 loss=0.135061 seconds=0.06
epoch=58/80 loss=0.127871 seconds=0.08
epoch=59/80 loss=0.145075 seconds=0.06
epoch=60/80 loss=0.140721 seconds=0.06
epoch=61/80 loss=0.137414 seconds=0.05
epoch=62/80 loss=0.147412 seconds=0.06
epoch=63/80 loss=0.123678 seconds=0.06
epoch=64/80 loss=0.123491 seconds=0.05
epoch=65/80 loss=0.110011 seconds=0.05
epoch=66/80 loss=0.097405 seconds=0.05
epoch=67/80 loss=0.104234 seconds=0.06
epoch=68/80 loss=0.118014 seconds=0.05
epoch=69/80 loss=0.105274 seconds=0.05
epoch=70/80 loss=0.110762 seconds=0.06
epoch=71/80 loss=0.125330 seconds=0.06
epoch=72/80 loss=0.147482 seconds=0.06
epoch=73/80 loss=0.108261 seconds=0.06
epoch=74/80 loss=0.094322 seconds=0.08
epoch=75/80 loss=0.096737 seconds=0.05
epoch=76/80 loss=0.101013 seconds=0.06
epoch=77/80 loss=0.107379 seconds=0.08
epoch=78/80 loss=0.096537 seconds=0.05
epoch=79/80 loss=0.116684 seconds=0.06
epoch=80/80 loss=0.092441 seconds=0.06
fold=2/10 OOF_accuracy=0.766667 OOF_AUC=0.635000
Device=cuda; epochs=80; batch=32; model=ResNetAutoencoder1D
epoch=1/80 loss=6.203910 seconds=0.06
epoch=2/80 loss=3.104529 seconds=0.06
epoch=3/80 loss=1.572604 seconds=0.06
epoch=4/80 loss=1.098336 seconds=0.05
epoch=5/80 loss=0.945177 seconds=0.06
epoch=6/80 loss=0.782305 seconds=0.06
epoch=7/80 loss=0.671900 seconds=0.06
epoch=8/80 loss=0.707505 seconds=0.08
epoch=9/80 loss=0.519744 seconds=0.05
epoch=10/80 loss=0.428423 seconds=0.08
epoch=11/80 loss=0.412829 seconds=0.05
epoch=12/80 loss=0.409608 seconds=0.06
epoch=13/80 loss=0.326105 seconds=0.08
epoch=14/80 loss=0.299639 seconds=0.05
epoch=15/80 loss=0.370754 seconds=0.05
epoch=16/80 loss=0.297436 seconds=0.08
epoch=17/80 loss=0.294033 seconds=0.05
epoch=18/80 loss=0.312290 seconds=0.06
epoch=19/80 loss=0.318484 seconds=0.06
epoch=20/80 loss=0.265223 seconds=0.05
epoch=21/80 loss=0.243325 seconds=0.05
epoch=22/80 loss=0.306287 seconds=0.06
epoch=23/80 loss=0.288954 seconds=0.08
epoch=24/80 loss=0.292316 seconds=0.05
epoch=25/80 loss=0.248208 seconds=0.05
epoch=26/80 loss=0.274724 seconds=0.06
epoch=27/80 loss=0.260711 seconds=0.06
epoch=28/80 loss=0.202373 seconds=0.05
epoch=29/80 loss=0.257584 seconds=0.06
epoch=30/80 loss=0.198339 seconds=0.05
epoch=31/80 loss=0.212660 seconds=0.08
epoch=32/80 loss=0.234708 seconds=0.06
epoch=33/80 loss=0.206694 seconds=0.06
epoch=34/80 loss=0.196785 seconds=0.05
epoch=35/80 loss=0.214104 seconds=0.05
epoch=36/80 loss=0.184147 seconds=0.08
epoch=37/80 loss=0.156483 seconds=0.06
epoch=38/80 loss=0.168596 seconds=0.05
epoch=39/80 loss=0.134919 seconds=0.06
epoch=40/80 loss=0.153491 seconds=0.06
epoch=41/80 loss=0.144498 seconds=0.05
epoch=42/80 loss=0.147662 seconds=0.06
epoch=43/80 loss=0.120551 seconds=0.05
epoch=44/80 loss=0.133230 seconds=0.06
epoch=45/80 loss=0.157428 seconds=0.06
epoch=46/80 loss=0.123454 seconds=0.05
epoch=47/80 loss=0.132843 seconds=0.05
epoch=48/80 loss=0.131112 seconds=0.06
epoch=49/80 loss=0.147922 seconds=0.06
epoch=50/80 loss=0.136647 seconds=0.05
epoch=51/80 loss=0.169934 seconds=0.06
epoch=52/80 loss=0.168254 seconds=0.06
epoch=53/80 loss=0.122673 seconds=0.05
epoch=54/80 loss=0.149664 seconds=0.06
epoch=55/80 loss=0.137520 seconds=0.05
epoch=56/80 loss=0.171107 seconds=0.06
epoch=57/80 loss=0.172809 seconds=0.05
epoch=58/80 loss=0.140289 seconds=0.06
epoch=59/80 loss=0.130057 seconds=0.06
epoch=60/80 loss=0.138121 seconds=0.06
epoch=61/80 loss=0.132758 seconds=0.05
epoch=62/80 loss=0.132382 seconds=0.06
epoch=63/80 loss=0.124598 seconds=0.06
epoch=64/80 loss=0.124178 seconds=0.08
epoch=65/80 loss=0.116356 seconds=0.05
epoch=66/80 loss=0.106974 seconds=0.06
epoch=67/80 loss=0.106965 seconds=0.05
epoch=68/80 loss=0.109008 seconds=0.06
epoch=69/80 loss=0.087665 seconds=0.06
epoch=70/80 loss=0.102154 seconds=0.05
epoch=71/80 loss=0.112438 seconds=0.05
epoch=72/80 loss=0.119580 seconds=0.06
epoch=73/80 loss=0.097525 seconds=0.05
epoch=74/80 loss=0.105338 seconds=0.08
epoch=75/80 loss=0.098120 seconds=0.05
epoch=76/80 loss=0.102950 seconds=0.05
epoch=77/80 loss=0.093881 seconds=0.06
epoch=78/80 loss=0.111003 seconds=0.06
epoch=79/80 loss=0.094853 seconds=0.06
epoch=80/80 loss=0.098031 seconds=0.06
fold=3/10 OOF_accuracy=0.700000 OOF_AUC=0.755981
Device=cuda; epochs=80; batch=32; model=ResNetAutoencoder1D
epoch=1/80 loss=6.838024 seconds=0.05
epoch=2/80 loss=3.334623 seconds=0.06
epoch=3/80 loss=1.568128 seconds=0.06
epoch=4/80 loss=1.137039 seconds=0.05
epoch=5/80 loss=0.848114 seconds=0.06
epoch=6/80 loss=0.798946 seconds=0.06
epoch=7/80 loss=0.648900 seconds=0.06
epoch=8/80 loss=0.633269 seconds=0.06
epoch=9/80 loss=0.619020 seconds=0.05
epoch=10/80 loss=0.551385 seconds=0.08
epoch=11/80 loss=0.490583 seconds=0.06
epoch=12/80 loss=0.417043 seconds=0.05
epoch=13/80 loss=0.399731 seconds=0.05
epoch=14/80 loss=0.320541 seconds=0.06
epoch=15/80 loss=0.307281 seconds=0.06
epoch=16/80 loss=0.313469 seconds=0.06
epoch=17/80 loss=0.304485 seconds=0.06
epoch=18/80 loss=0.330894 seconds=0.05
epoch=19/80 loss=0.358199 seconds=0.05
epoch=20/80 loss=0.286987 seconds=0.05
epoch=21/80 loss=0.272251 seconds=0.08
epoch=22/80 loss=0.292439 seconds=0.05
epoch=23/80 loss=0.274149 seconds=0.06
epoch=24/80 loss=0.301764 seconds=0.06
epoch=25/80 loss=0.256684 seconds=0.06
epoch=26/80 loss=0.233603 seconds=0.05
epoch=27/80 loss=0.194065 seconds=0.06
epoch=28/80 loss=0.232342 seconds=0.06
epoch=29/80 loss=0.297123 seconds=0.06
epoch=30/80 loss=0.253306 seconds=0.06
epoch=31/80 loss=0.251039 seconds=0.06
epoch=32/80 loss=0.240964 seconds=0.05
epoch=33/80 loss=0.187254 seconds=0.06
epoch=34/80 loss=0.220552 seconds=0.06
epoch=35/80 loss=0.231761 seconds=0.05
epoch=36/80 loss=0.174909 seconds=0.06
epoch=37/80 loss=0.175479 seconds=0.06
epoch=38/80 loss=0.187320 seconds=0.06
epoch=39/80 loss=0.165518 seconds=0.06
epoch=40/80 loss=0.159288 seconds=0.06
epoch=41/80 loss=0.174737 seconds=0.05
epoch=42/80 loss=0.140479 seconds=0.06
epoch=43/80 loss=0.140509 seconds=0.06
epoch=44/80 loss=0.191329 seconds=0.08
epoch=45/80 loss=0.186982 seconds=0.05
epoch=46/80 loss=0.165858 seconds=0.05
epoch=47/80 loss=0.135978 seconds=0.06
epoch=48/80 loss=0.126588 seconds=0.05
epoch=49/80 loss=0.140189 seconds=0.06
epoch=50/80 loss=0.128882 seconds=0.05
epoch=51/80 loss=0.132519 seconds=0.05
epoch=52/80 loss=0.136459 seconds=0.06
epoch=53/80 loss=0.119910 seconds=0.05
epoch=54/80 loss=0.123454 seconds=0.06
epoch=55/80 loss=0.116755 seconds=0.05
epoch=56/80 loss=0.153385 seconds=0.06
epoch=57/80 loss=0.151457 seconds=0.05
epoch=58/80 loss=0.151443 seconds=0.06
epoch=59/80 loss=0.140507 seconds=0.05
epoch=60/80 loss=0.119538 seconds=0.08
epoch=61/80 loss=0.122651 seconds=0.05
epoch=62/80 loss=0.145914 seconds=0.06
epoch=63/80 loss=0.113245 seconds=0.06
epoch=64/80 loss=0.133871 seconds=0.05
epoch=65/80 loss=0.130425 seconds=0.06
epoch=66/80 loss=0.120823 seconds=0.06
epoch=67/80 loss=0.122254 seconds=0.05
epoch=68/80 loss=0.139583 seconds=0.06
epoch=69/80 loss=0.139472 seconds=0.06
epoch=70/80 loss=0.115439 seconds=0.05
epoch=71/80 loss=0.116375 seconds=0.06
epoch=72/80 loss=0.106139 seconds=0.06
epoch=73/80 loss=0.110670 seconds=0.05
epoch=74/80 loss=0.107395 seconds=0.08
epoch=75/80 loss=0.112973 seconds=0.05
epoch=76/80 loss=0.094869 seconds=0.08
epoch=77/80 loss=0.102795 seconds=0.05
epoch=78/80 loss=0.097046 seconds=0.05
epoch=79/80 loss=0.087870 seconds=0.06
epoch=80/80 loss=0.094903 seconds=0.06
fold=4/10 OOF_accuracy=0.733333 OOF_AUC=0.736842
Device=cuda; epochs=80; batch=32; model=ResNetAutoencoder1D
epoch=1/80 loss=7.103401 seconds=0.05
epoch=2/80 loss=3.314334 seconds=0.05
epoch=3/80 loss=1.597421 seconds=0.05
epoch=4/80 loss=1.181209 seconds=0.05
epoch=5/80 loss=0.979545 seconds=0.06
epoch=6/80 loss=1.071424 seconds=0.05
epoch=7/80 loss=0.859576 seconds=0.06
epoch=8/80 loss=0.649106 seconds=0.06
epoch=9/80 loss=0.591748 seconds=0.06
epoch=10/80 loss=0.462190 seconds=0.05
epoch=11/80 loss=0.410379 seconds=0.06
epoch=12/80 loss=0.442777 seconds=0.06
epoch=13/80 loss=0.390657 seconds=0.06
epoch=14/80 loss=0.330882 seconds=0.05
epoch=15/80 loss=0.335829 seconds=0.06
epoch=16/80 loss=0.312315 seconds=0.06
epoch=17/80 loss=0.285184 seconds=0.06
epoch=18/80 loss=0.228209 seconds=0.06
epoch=19/80 loss=0.309917 seconds=0.06
epoch=20/80 loss=0.304948 seconds=0.05
epoch=21/80 loss=0.306126 seconds=0.08
epoch=22/80 loss=0.303717 seconds=0.05
epoch=23/80 loss=0.245450 seconds=0.06
epoch=24/80 loss=0.261872 seconds=0.06
epoch=25/80 loss=0.201811 seconds=0.05
epoch=26/80 loss=0.229976 seconds=0.08
epoch=27/80 loss=0.198820 seconds=0.05
epoch=28/80 loss=0.214774 seconds=0.06
epoch=29/80 loss=0.272530 seconds=0.06
epoch=30/80 loss=0.216879 seconds=0.05
epoch=31/80 loss=0.179086 seconds=0.06
epoch=32/80 loss=0.209119 seconds=0.06
epoch=33/80 loss=0.214614 seconds=0.06
epoch=34/80 loss=0.249514 seconds=0.06
epoch=35/80 loss=0.222171 seconds=0.06
epoch=36/80 loss=0.185454 seconds=0.06
epoch=37/80 loss=0.160131 seconds=0.08
epoch=38/80 loss=0.159086 seconds=0.05
epoch=39/80 loss=0.179487 seconds=0.06
epoch=40/80 loss=0.169319 seconds=0.06
epoch=41/80 loss=0.151831 seconds=0.05
epoch=42/80 loss=0.147081 seconds=0.06
epoch=43/80 loss=0.125337 seconds=0.06
epoch=44/80 loss=0.136955 seconds=0.06
epoch=45/80 loss=0.177005 seconds=0.06
epoch=46/80 loss=0.165100 seconds=0.05
epoch=47/80 loss=0.140581 seconds=0.06
epoch=48/80 loss=0.131317 seconds=0.05
epoch=49/80 loss=0.132780 seconds=0.06
epoch=50/80 loss=0.160929 seconds=0.05
epoch=51/80 loss=0.173729 seconds=0.06
epoch=52/80 loss=0.135048 seconds=0.05
epoch=53/80 loss=0.151976 seconds=0.06
epoch=54/80 loss=0.155852 seconds=0.06
epoch=55/80 loss=0.156218 seconds=0.05
epoch=56/80 loss=0.166849 seconds=0.06
epoch=57/80 loss=0.156309 seconds=0.05
epoch=58/80 loss=0.138293 seconds=0.06
epoch=59/80 loss=0.151214 seconds=0.06
epoch=60/80 loss=0.160887 seconds=0.05
epoch=61/80 loss=0.136131 seconds=0.05
epoch=62/80 loss=0.141070 seconds=0.05
epoch=63/80 loss=0.115851 seconds=0.05
epoch=64/80 loss=0.129274 seconds=0.08
epoch=65/80 loss=0.107649 seconds=0.05
epoch=66/80 loss=0.101700 seconds=0.06
epoch=67/80 loss=0.098182 seconds=0.08
epoch=68/80 loss=0.103670 seconds=0.06
epoch=69/80 loss=0.104556 seconds=0.06
epoch=70/80 loss=0.087076 seconds=0.05
epoch=71/80 loss=0.099893 seconds=0.06
epoch=72/80 loss=0.082708 seconds=0.06
epoch=73/80 loss=0.085911 seconds=0.05
epoch=74/80 loss=0.098138 seconds=0.05
epoch=75/80 loss=0.092532 seconds=0.06
epoch=76/80 loss=0.096137 seconds=0.05
epoch=77/80 loss=0.080874 seconds=0.06
epoch=78/80 loss=0.093842 seconds=0.06
epoch=79/80 loss=0.115733 seconds=0.05
epoch=80/80 loss=0.100650 seconds=0.06
fold=5/10 OOF_accuracy=0.633333 OOF_AUC=0.784689
Device=cuda; epochs=80; batch=32; model=ResNetAutoencoder1D
epoch=1/80 loss=6.035089 seconds=0.05
epoch=2/80 loss=3.031087 seconds=0.06
epoch=3/80 loss=1.696466 seconds=0.06
epoch=4/80 loss=1.126451 seconds=0.05
epoch=5/80 loss=0.889165 seconds=0.05
epoch=6/80 loss=0.784324 seconds=0.06
epoch=7/80 loss=0.644280 seconds=0.05
epoch=8/80 loss=0.688616 seconds=0.05
epoch=9/80 loss=0.615807 seconds=0.06
epoch=10/80 loss=0.477565 seconds=0.05
epoch=11/80 loss=0.414036 seconds=0.05
epoch=12/80 loss=0.409855 seconds=0.06
epoch=13/80 loss=0.338300 seconds=0.05
epoch=14/80 loss=0.328056 seconds=0.06
epoch=15/80 loss=0.312379 seconds=0.05
epoch=16/80 loss=0.361192 seconds=0.06
epoch=17/80 loss=0.307469 seconds=0.05
epoch=18/80 loss=0.280503 seconds=0.05
epoch=19/80 loss=0.342961 seconds=0.06
epoch=20/80 loss=0.260110 seconds=0.05
epoch=21/80 loss=0.247509 seconds=0.05
epoch=22/80 loss=0.266657 seconds=0.05
epoch=23/80 loss=0.316958 seconds=0.06
epoch=24/80 loss=0.284733 seconds=0.05
epoch=25/80 loss=0.253621 seconds=0.06
epoch=26/80 loss=0.224199 seconds=0.05
epoch=27/80 loss=0.210655 seconds=0.06
epoch=28/80 loss=0.244906 seconds=0.05
epoch=29/80 loss=0.273276 seconds=0.05
epoch=30/80 loss=0.233625 seconds=0.06
epoch=31/80 loss=0.205730 seconds=0.05
epoch=32/80 loss=0.275215 seconds=0.06
epoch=33/80 loss=0.231509 seconds=0.06
epoch=34/80 loss=0.240205 seconds=0.06
epoch=35/80 loss=0.270028 seconds=0.06
epoch=36/80 loss=0.229003 seconds=0.06
epoch=37/80 loss=0.220211 seconds=0.06
epoch=38/80 loss=0.209711 seconds=0.05
epoch=39/80 loss=0.206168 seconds=0.05
epoch=40/80 loss=0.164352 seconds=0.06
epoch=41/80 loss=0.176975 seconds=0.05
epoch=42/80 loss=0.151905 seconds=0.05
epoch=43/80 loss=0.171985 seconds=0.06
epoch=44/80 loss=0.153806 seconds=0.05
epoch=45/80 loss=0.175102 seconds=0.06
epoch=46/80 loss=0.168661 seconds=0.06
epoch=47/80 loss=0.157529 seconds=0.06
epoch=48/80 loss=0.115208 seconds=0.05
epoch=49/80 loss=0.116914 seconds=0.05
epoch=50/80 loss=0.129138 seconds=0.06
epoch=51/80 loss=0.125393 seconds=0.05
epoch=52/80 loss=0.140647 seconds=0.05
epoch=53/80 loss=0.112258 seconds=0.05
epoch=54/80 loss=0.139355 seconds=0.05
epoch=55/80 loss=0.117834 seconds=0.05
epoch=56/80 loss=0.140894 seconds=0.06
epoch=57/80 loss=0.167513 seconds=0.05
epoch=58/80 loss=0.131913 seconds=0.06
epoch=59/80 loss=0.144831 seconds=0.05
epoch=60/80 loss=0.133591 seconds=0.05
epoch=61/80 loss=0.126484 seconds=0.05
epoch=62/80 loss=0.152207 seconds=0.06
epoch=63/80 loss=0.143665 seconds=0.05
epoch=64/80 loss=0.133633 seconds=0.05
epoch=65/80 loss=0.120977 seconds=0.05
epoch=66/80 loss=0.129708 seconds=0.06
epoch=67/80 loss=0.109427 seconds=0.05
epoch=68/80 loss=0.117595 seconds=0.06
epoch=69/80 loss=0.100110 seconds=0.05
epoch=70/80 loss=0.107240 seconds=0.06
epoch=71/80 loss=0.118192 seconds=0.06
epoch=72/80 loss=0.130964 seconds=0.05
epoch=73/80 loss=0.119772 seconds=0.06
epoch=74/80 loss=0.114057 seconds=0.05
epoch=75/80 loss=0.127218 seconds=0.05
epoch=76/80 loss=0.114996 seconds=0.08
epoch=77/80 loss=0.110372 seconds=0.05
epoch=78/80 loss=0.125885 seconds=0.05
epoch=79/80 loss=0.105107 seconds=0.06
epoch=80/80 loss=0.111754 seconds=0.05
fold=6/10 OOF_accuracy=0.833333 OOF_AUC=0.808612
Device=cuda; epochs=80; batch=32; model=ResNetAutoencoder1D
epoch=1/80 loss=6.688061 seconds=0.06
epoch=2/80 loss=3.457217 seconds=0.05
epoch=3/80 loss=1.637578 seconds=0.08
epoch=4/80 loss=1.107016 seconds=0.06
epoch=5/80 loss=0.908156 seconds=0.05
epoch=6/80 loss=0.863909 seconds=0.06
epoch=7/80 loss=0.769363 seconds=0.06
epoch=8/80 loss=0.778034 seconds=0.06
epoch=9/80 loss=0.588320 seconds=0.06
epoch=10/80 loss=0.461321 seconds=0.05
epoch=11/80 loss=0.372359 seconds=0.08
epoch=12/80 loss=0.429318 seconds=0.05
epoch=13/80 loss=0.373463 seconds=0.06
epoch=14/80 loss=0.312405 seconds=0.05
epoch=15/80 loss=0.291600 seconds=0.06
epoch=16/80 loss=0.295471 seconds=0.06
epoch=17/80 loss=0.305313 seconds=0.06
epoch=18/80 loss=0.285513 seconds=0.06
epoch=19/80 loss=0.368584 seconds=0.05
epoch=20/80 loss=0.340890 seconds=0.05
epoch=21/80 loss=0.301906 seconds=0.05
epoch=22/80 loss=0.264855 seconds=0.06
epoch=23/80 loss=0.261716 seconds=0.06
epoch=24/80 loss=0.225458 seconds=0.06
epoch=25/80 loss=0.225466 seconds=0.06
epoch=26/80 loss=0.235480 seconds=0.06
epoch=27/80 loss=0.223325 seconds=0.06
epoch=28/80 loss=0.217311 seconds=0.06
epoch=29/80 loss=0.245583 seconds=0.05
epoch=30/80 loss=0.218343 seconds=0.06
epoch=31/80 loss=0.207969 seconds=0.06
epoch=32/80 loss=0.210764 seconds=0.05
epoch=33/80 loss=0.192977 seconds=0.06
epoch=34/80 loss=0.199897 seconds=0.06
epoch=35/80 loss=0.183336 seconds=0.05
epoch=36/80 loss=0.182561 seconds=0.06
epoch=37/80 loss=0.199788 seconds=0.05
epoch=38/80 loss=0.201608 seconds=0.06
epoch=39/80 loss=0.213783 seconds=0.05
epoch=40/80 loss=0.171368 seconds=0.06
epoch=41/80 loss=0.154266 seconds=0.05
epoch=42/80 loss=0.177706 seconds=0.06
epoch=43/80 loss=0.160566 seconds=0.05
epoch=44/80 loss=0.149246 seconds=0.06
epoch=45/80 loss=0.147040 seconds=0.06
epoch=46/80 loss=0.131624 seconds=0.06
epoch=47/80 loss=0.135764 seconds=0.05
epoch=48/80 loss=0.144470 seconds=0.06
epoch=49/80 loss=0.152160 seconds=0.05
epoch=50/80 loss=0.136858 seconds=0.06
epoch=51/80 loss=0.130579 seconds=0.05
epoch=52/80 loss=0.155317 seconds=0.05
epoch=53/80 loss=0.130542 seconds=0.08
epoch=54/80 loss=0.123459 seconds=0.05
epoch=55/80 loss=0.109576 seconds=0.06
epoch=56/80 loss=0.136739 seconds=0.06
epoch=57/80 loss=0.161441 seconds=0.06
epoch=58/80 loss=0.146851 seconds=0.06
epoch=59/80 loss=0.137869 seconds=0.06
epoch=60/80 loss=0.162821 seconds=0.06
epoch=61/80 loss=0.124253 seconds=0.05
epoch=62/80 loss=0.136017 seconds=0.06
epoch=63/80 loss=0.131086 seconds=0.05
epoch=64/80 loss=0.116438 seconds=0.06
epoch=65/80 loss=0.136626 seconds=0.06
epoch=66/80 loss=0.124738 seconds=0.06
epoch=67/80 loss=0.116288 seconds=0.08
epoch=68/80 loss=0.108052 seconds=0.05
epoch=69/80 loss=0.125208 seconds=0.06
epoch=70/80 loss=0.122593 seconds=0.08
epoch=71/80 loss=0.134225 seconds=0.06
epoch=72/80 loss=0.114863 seconds=0.05
epoch=73/80 loss=0.117154 seconds=0.06
epoch=74/80 loss=0.115556 seconds=0.08
epoch=75/80 loss=0.107081 seconds=0.05
epoch=76/80 loss=0.104989 seconds=0.06
epoch=77/80 loss=0.104166 seconds=0.06
epoch=78/80 loss=0.112930 seconds=0.05
epoch=79/80 loss=0.081006 seconds=0.08
epoch=80/80 loss=0.088304 seconds=0.05
fold=7/10 OOF_accuracy=0.800000 OOF_AUC=0.803828
Device=cuda; epochs=80; batch=32; model=ResNetAutoencoder1D
epoch=1/80 loss=6.928644 seconds=0.06
epoch=2/80 loss=3.373303 seconds=0.08
epoch=3/80 loss=1.606993 seconds=0.05
epoch=4/80 loss=1.173688 seconds=0.05
epoch=5/80 loss=0.962902 seconds=0.06
epoch=6/80 loss=0.827474 seconds=0.06
epoch=7/80 loss=0.753537 seconds=0.06
epoch=8/80 loss=0.610499 seconds=0.06
epoch=9/80 loss=0.547241 seconds=0.08
epoch=10/80 loss=0.483796 seconds=0.05
epoch=11/80 loss=0.450963 seconds=0.06
epoch=12/80 loss=0.425610 seconds=0.05
epoch=13/80 loss=0.443991 seconds=0.06
epoch=14/80 loss=0.295731 seconds=0.06
epoch=15/80 loss=0.281271 seconds=0.06
epoch=16/80 loss=0.305183 seconds=0.06
epoch=17/80 loss=0.272163 seconds=0.06
epoch=18/80 loss=0.308728 seconds=0.06
epoch=19/80 loss=0.313641 seconds=0.08
epoch=20/80 loss=0.256365 seconds=0.05
epoch=21/80 loss=0.321716 seconds=0.06
epoch=22/80 loss=0.297886 seconds=0.06
epoch=23/80 loss=0.269273 seconds=0.06
epoch=24/80 loss=0.270327 seconds=0.06
epoch=25/80 loss=0.212704 seconds=0.06
epoch=26/80 loss=0.237199 seconds=0.06
epoch=27/80 loss=0.212738 seconds=0.05
epoch=28/80 loss=0.239193 seconds=0.06
epoch=29/80 loss=0.242697 seconds=0.06
epoch=30/80 loss=0.207720 seconds=0.05
epoch=31/80 loss=0.207658 seconds=0.06
epoch=32/80 loss=0.240895 seconds=0.06
epoch=33/80 loss=0.235941 seconds=0.06
epoch=34/80 loss=0.248485 seconds=0.06
epoch=35/80 loss=0.224240 seconds=0.05
epoch=36/80 loss=0.254749 seconds=0.06
epoch=37/80 loss=0.170643 seconds=0.05
epoch=38/80 loss=0.203259 seconds=0.06
epoch=39/80 loss=0.171494 seconds=0.05
epoch=40/80 loss=0.146613 seconds=0.06
epoch=41/80 loss=0.171001 seconds=0.05
epoch=42/80 loss=0.151641 seconds=0.06
epoch=43/80 loss=0.154298 seconds=0.06
epoch=44/80 loss=0.137953 seconds=0.06
epoch=45/80 loss=0.177099 seconds=0.05
epoch=46/80 loss=0.149251 seconds=0.06
epoch=47/80 loss=0.158253 seconds=0.05
epoch=48/80 loss=0.162126 seconds=0.05
epoch=49/80 loss=0.174989 seconds=0.06
epoch=50/80 loss=0.196485 seconds=0.08
epoch=51/80 loss=0.176572 seconds=0.06
epoch=52/80 loss=0.163102 seconds=0.06
epoch=53/80 loss=0.163586 seconds=0.06
epoch=54/80 loss=0.151123 seconds=0.05
epoch=55/80 loss=0.136501 seconds=0.05
epoch=56/80 loss=0.142993 seconds=0.06
epoch=57/80 loss=0.151149 seconds=0.06
epoch=58/80 loss=0.152299 seconds=0.06
epoch=59/80 loss=0.131112 seconds=0.06
epoch=60/80 loss=0.134441 seconds=0.05
epoch=61/80 loss=0.131597 seconds=0.05
epoch=62/80 loss=0.136115 seconds=0.06
epoch=63/80 loss=0.119081 seconds=0.05
epoch=64/80 loss=0.123979 seconds=0.05
epoch=65/80 loss=0.123355 seconds=0.05
epoch=66/80 loss=0.128578 seconds=0.06
epoch=67/80 loss=0.100374 seconds=0.05
epoch=68/80 loss=0.142677 seconds=0.06
epoch=69/80 loss=0.107017 seconds=0.06
epoch=70/80 loss=0.118285 seconds=0.05
epoch=71/80 loss=0.131968 seconds=0.05
epoch=72/80 loss=0.134306 seconds=0.06
epoch=73/80 loss=0.099153 seconds=0.05
epoch=74/80 loss=0.091881 seconds=0.06
epoch=75/80 loss=0.094486 seconds=0.05
epoch=76/80 loss=0.097487 seconds=0.05
epoch=77/80 loss=0.083688 seconds=0.06
epoch=78/80 loss=0.075452 seconds=0.05
epoch=79/80 loss=0.087406 seconds=0.05
epoch=80/80 loss=0.107330 seconds=0.06
fold=8/10 OOF_accuracy=0.766667 OOF_AUC=0.684211
Device=cuda; epochs=80; batch=32; model=ResNetAutoencoder1D
epoch=1/80 loss=6.111817 seconds=0.05
epoch=2/80 loss=2.913101 seconds=0.05
epoch=3/80 loss=1.645580 seconds=0.05
epoch=4/80 loss=1.049355 seconds=0.05
epoch=5/80 loss=0.822110 seconds=0.05
epoch=6/80 loss=0.759481 seconds=0.06
epoch=7/80 loss=0.566202 seconds=0.05
epoch=8/80 loss=0.575008 seconds=0.06
epoch=9/80 loss=0.614602 seconds=0.09
epoch=10/80 loss=0.525036 seconds=0.05
epoch=11/80 loss=0.380145 seconds=0.06
epoch=12/80 loss=0.405264 seconds=0.05
epoch=13/80 loss=0.358132 seconds=0.06
epoch=14/80 loss=0.319439 seconds=0.05
epoch=15/80 loss=0.309136 seconds=0.05
epoch=16/80 loss=0.308070 seconds=0.08
epoch=17/80 loss=0.300377 seconds=0.05
epoch=18/80 loss=0.291318 seconds=0.06
epoch=19/80 loss=0.268836 seconds=0.06
epoch=20/80 loss=0.272316 seconds=0.08
epoch=21/80 loss=0.268508 seconds=0.06
epoch=22/80 loss=0.239866 seconds=0.06
epoch=23/80 loss=0.250004 seconds=0.05
epoch=24/80 loss=0.261017 seconds=0.06
epoch=25/80 loss=0.249468 seconds=0.06
epoch=26/80 loss=0.236094 seconds=0.05
epoch=27/80 loss=0.219048 seconds=0.06
epoch=28/80 loss=0.232484 seconds=0.06
epoch=29/80 loss=0.224310 seconds=0.05
epoch=30/80 loss=0.187642 seconds=0.05
epoch=31/80 loss=0.177558 seconds=0.06
epoch=32/80 loss=0.242403 seconds=0.05
epoch=33/80 loss=0.175202 seconds=0.05
epoch=34/80 loss=0.197051 seconds=0.06
epoch=35/80 loss=0.216443 seconds=0.05
epoch=36/80 loss=0.186910 seconds=0.05
epoch=37/80 loss=0.176809 seconds=0.06
epoch=38/80 loss=0.175068 seconds=0.05
epoch=39/80 loss=0.142160 seconds=0.06
epoch=40/80 loss=0.139414 seconds=0.06
epoch=41/80 loss=0.140285 seconds=0.05
epoch=42/80 loss=0.149982 seconds=0.06
epoch=43/80 loss=0.154704 seconds=0.05
epoch=44/80 loss=0.137689 seconds=0.05
epoch=45/80 loss=0.175024 seconds=0.06
epoch=46/80 loss=0.153679 seconds=0.06
epoch=47/80 loss=0.163889 seconds=0.05
epoch=48/80 loss=0.150573 seconds=0.06
epoch=49/80 loss=0.175118 seconds=0.05
epoch=50/80 loss=0.156381 seconds=0.06
epoch=51/80 loss=0.151745 seconds=0.05
epoch=52/80 loss=0.148964 seconds=0.06
epoch=53/80 loss=0.144974 seconds=0.06
epoch=54/80 loss=0.126563 seconds=0.05
epoch=55/80 loss=0.136208 seconds=0.06
epoch=56/80 loss=0.134943 seconds=0.06
epoch=57/80 loss=0.131728 seconds=0.06
epoch=58/80 loss=0.124112 seconds=0.06
epoch=59/80 loss=0.137961 seconds=0.06
epoch=60/80 loss=0.117320 seconds=0.06
epoch=61/80 loss=0.104187 seconds=0.05
epoch=62/80 loss=0.137526 seconds=0.05
epoch=63/80 loss=0.107975 seconds=0.06
epoch=64/80 loss=0.111866 seconds=0.06
epoch=65/80 loss=0.118437 seconds=0.06
epoch=66/80 loss=0.118738 seconds=0.06
epoch=67/80 loss=0.099131 seconds=0.05
epoch=68/80 loss=0.114802 seconds=0.06
epoch=69/80 loss=0.111049 seconds=0.06
epoch=70/80 loss=0.106414 seconds=0.06
epoch=71/80 loss=0.111882 seconds=0.06
epoch=72/80 loss=0.123443 seconds=0.06
epoch=73/80 loss=0.109478 seconds=0.05
epoch=74/80 loss=0.110488 seconds=0.06
epoch=75/80 loss=0.098135 seconds=0.06
epoch=76/80 loss=0.109090 seconds=0.06
epoch=77/80 loss=0.103740 seconds=0.06
epoch=78/80 loss=0.104319 seconds=0.06
epoch=79/80 loss=0.103621 seconds=0.06
epoch=80/80 loss=0.100874 seconds=0.06
fold=9/10 OOF_accuracy=0.700000 OOF_AUC=0.770335
Device=cuda; epochs=80; batch=32; model=ResNetAutoencoder1D
epoch=1/80 loss=5.926029 seconds=0.05
epoch=2/80 loss=2.754825 seconds=0.06
epoch=3/80 loss=1.668156 seconds=0.06
epoch=4/80 loss=1.191645 seconds=0.06
epoch=5/80 loss=0.881835 seconds=0.06
epoch=6/80 loss=0.851278 seconds=0.08
epoch=7/80 loss=0.744750 seconds=0.06
epoch=8/80 loss=0.764438 seconds=0.06
epoch=9/80 loss=0.637620 seconds=0.06
epoch=10/80 loss=0.504005 seconds=0.06
epoch=11/80 loss=0.426435 seconds=0.06
epoch=12/80 loss=0.395383 seconds=0.06
epoch=13/80 loss=0.436320 seconds=0.05
epoch=14/80 loss=0.337312 seconds=0.06
epoch=15/80 loss=0.317688 seconds=0.06
epoch=16/80 loss=0.333310 seconds=0.06
epoch=17/80 loss=0.281784 seconds=0.06
epoch=18/80 loss=0.312698 seconds=0.06
epoch=19/80 loss=0.314389 seconds=0.05
epoch=20/80 loss=0.242321 seconds=0.08
epoch=21/80 loss=0.280083 seconds=0.05
epoch=22/80 loss=0.280520 seconds=0.08
epoch=23/80 loss=0.294817 seconds=0.06
epoch=24/80 loss=0.259675 seconds=0.06
epoch=25/80 loss=0.248678 seconds=0.06
epoch=26/80 loss=0.242061 seconds=0.05
epoch=27/80 loss=0.219433 seconds=0.06
epoch=28/80 loss=0.238707 seconds=0.08
epoch=29/80 loss=0.241198 seconds=0.06
epoch=30/80 loss=0.214557 seconds=0.08
epoch=31/80 loss=0.234355 seconds=0.06
epoch=32/80 loss=0.250981 seconds=0.05
epoch=33/80 loss=0.216389 seconds=0.06
epoch=34/80 loss=0.183141 seconds=0.05
epoch=35/80 loss=0.216215 seconds=0.06
epoch=36/80 loss=0.189092 seconds=0.05
epoch=37/80 loss=0.186235 seconds=0.06
epoch=38/80 loss=0.184919 seconds=0.05
epoch=39/80 loss=0.165276 seconds=0.05
epoch=40/80 loss=0.152155 seconds=0.05
epoch=41/80 loss=0.171280 seconds=0.05
epoch=42/80 loss=0.178963 seconds=0.06
epoch=43/80 loss=0.155335 seconds=0.06
epoch=44/80 loss=0.142904 seconds=0.05
epoch=45/80 loss=0.171540 seconds=0.06
epoch=46/80 loss=0.125060 seconds=0.06
epoch=47/80 loss=0.145498 seconds=0.05
epoch=48/80 loss=0.131587 seconds=0.05
epoch=49/80 loss=0.165569 seconds=0.05
epoch=50/80 loss=0.139212 seconds=0.06
epoch=51/80 loss=0.172017 seconds=0.05
epoch=52/80 loss=0.167529 seconds=0.06
epoch=53/80 loss=0.133359 seconds=0.05
epoch=54/80 loss=0.124184 seconds=0.05
epoch=55/80 loss=0.152276 seconds=0.05
epoch=56/80 loss=0.168805 seconds=0.06
epoch=57/80 loss=0.155718 seconds=0.05
epoch=58/80 loss=0.124018 seconds=0.05
epoch=59/80 loss=0.125239 seconds=0.05
epoch=60/80 loss=0.141134 seconds=0.06
epoch=61/80 loss=0.155957 seconds=0.05
epoch=62/80 loss=0.152258 seconds=0.05
epoch=63/80 loss=0.129083 seconds=0.06
epoch=64/80 loss=0.127201 seconds=0.06
epoch=65/80 loss=0.143456 seconds=0.05
epoch=66/80 loss=0.149768 seconds=0.05
epoch=67/80 loss=0.145729 seconds=0.05
epoch=68/80 loss=0.122459 seconds=0.06
epoch=69/80 loss=0.114113 seconds=0.06
epoch=70/80 loss=0.094826 seconds=0.06
epoch=71/80 loss=0.114572 seconds=0.05
epoch=72/80 loss=0.092940 seconds=0.06
epoch=73/80 loss=0.091111 seconds=0.06
epoch=74/80 loss=0.112220 seconds=0.06
epoch=75/80 loss=0.103853 seconds=0.05
epoch=76/80 loss=0.112933 seconds=0.05
epoch=77/80 loss=0.095495 seconds=0.06
epoch=78/80 loss=0.088539 seconds=0.06
epoch=79/80 loss=0.078947 seconds=0.06
epoch=80/80 loss=0.087545 seconds=0.05
fold=10/10 OOF_accuracy=0.666667 OOF_AUC=0.693780
Frozen Train OOF threshold=0.94283050298690796; objective=accuracy; OOF selection accuracy=0.766667
Device=cuda; epochs=80; batch=32; model=ResNetAutoencoder1D
epoch=1/80 loss=6.645780 seconds=0.08
epoch=2/80 loss=2.716201 seconds=0.06
epoch=3/80 loss=1.340875 seconds=0.08
epoch=4/80 loss=0.961066 seconds=0.06
epoch=5/80 loss=0.834042 seconds=0.08
epoch=6/80 loss=0.647112 seconds=0.06
epoch=7/80 loss=0.592587 seconds=0.08
epoch=8/80 loss=0.547254 seconds=0.06
epoch=9/80 loss=0.460610 seconds=0.05
epoch=10/80 loss=0.462151 seconds=0.06
epoch=11/80 loss=0.405637 seconds=0.08
epoch=12/80 loss=0.369277 seconds=0.06
epoch=13/80 loss=0.389495 seconds=0.08
epoch=14/80 loss=0.354687 seconds=0.06
epoch=15/80 loss=0.298335 seconds=0.06
epoch=16/80 loss=0.291201 seconds=0.06
epoch=17/80 loss=0.318554 seconds=0.06
epoch=18/80 loss=0.324427 seconds=0.06
epoch=19/80 loss=0.335896 seconds=0.06
epoch=20/80 loss=0.335963 seconds=0.06
epoch=21/80 loss=0.254007 seconds=0.05
epoch=22/80 loss=0.258287 seconds=0.06
epoch=23/80 loss=0.279971 seconds=0.06
epoch=24/80 loss=0.279328 seconds=0.06
epoch=25/80 loss=0.257485 seconds=0.06
epoch=26/80 loss=0.201120 seconds=0.06
epoch=27/80 loss=0.213788 seconds=0.06
epoch=28/80 loss=0.191446 seconds=0.06
epoch=29/80 loss=0.189059 seconds=0.06
epoch=30/80 loss=0.244211 seconds=0.06
epoch=31/80 loss=0.214451 seconds=0.06
epoch=32/80 loss=0.239447 seconds=0.06
epoch=33/80 loss=0.212986 seconds=0.08
epoch=34/80 loss=0.194966 seconds=0.06
epoch=35/80 loss=0.173620 seconds=0.08
epoch=36/80 loss=0.160347 seconds=0.06
epoch=37/80 loss=0.150891 seconds=0.08
epoch=38/80 loss=0.179217 seconds=0.06
epoch=39/80 loss=0.168145 seconds=0.06
epoch=40/80 loss=0.138848 seconds=0.06
epoch=41/80 loss=0.182877 seconds=0.08
epoch=42/80 loss=0.151723 seconds=0.06
epoch=43/80 loss=0.140014 seconds=0.06
epoch=44/80 loss=0.149582 seconds=0.06
epoch=45/80 loss=0.154452 seconds=0.06
epoch=46/80 loss=0.151458 seconds=0.06
epoch=47/80 loss=0.140151 seconds=0.06
epoch=48/80 loss=0.155344 seconds=0.06
epoch=49/80 loss=0.145342 seconds=0.06
epoch=50/80 loss=0.146212 seconds=0.05
epoch=51/80 loss=0.153778 seconds=0.06
epoch=52/80 loss=0.140602 seconds=0.05
epoch=53/80 loss=0.136344 seconds=0.06
epoch=54/80 loss=0.126152 seconds=0.06
epoch=55/80 loss=0.106937 seconds=0.05
epoch=56/80 loss=0.123189 seconds=0.06
epoch=57/80 loss=0.122675 seconds=0.06
epoch=58/80 loss=0.136109 seconds=0.06
epoch=59/80 loss=0.148741 seconds=0.06
epoch=60/80 loss=0.135802 seconds=0.06
epoch=61/80 loss=0.127877 seconds=0.06
epoch=62/80 loss=0.139555 seconds=0.06
epoch=63/80 loss=0.136671 seconds=0.06
epoch=64/80 loss=0.136871 seconds=0.06
epoch=65/80 loss=0.110058 seconds=0.06
epoch=66/80 loss=0.125250 seconds=0.06
epoch=67/80 loss=0.115620 seconds=0.06
epoch=68/80 loss=0.108868 seconds=0.06
epoch=69/80 loss=0.113513 seconds=0.06
epoch=70/80 loss=0.111192 seconds=0.06
epoch=71/80 loss=0.108578 seconds=0.06
epoch=72/80 loss=0.105009 seconds=0.06
epoch=73/80 loss=0.086463 seconds=0.06
epoch=74/80 loss=0.100951 seconds=0.05
epoch=75/80 loss=0.079522 seconds=0.06
epoch=76/80 loss=0.098091 seconds=0.06
epoch=77/80 loss=0.090613 seconds=0.06
epoch=78/80 loss=0.090139 seconds=0.06
epoch=79/80 loss=0.092369 seconds=0.05
epoch=80/80 loss=0.084208 seconds=0.06
{"cv_oof": {"accuracy": 0.7333333333333333, "balanced_accuracy": 0.7005208333333334, "sensitivity": 0.5833333333333334, "specificity": 0.8177083333333334, "f1_macro": 0.7043024000788527, "roc_auc": 0.7446469907407407, "confusion_matrix": [[157, 35], [45, 63]], "classification_report": {"0": {"precision": 0.7772277227722773, "recall": 0.8177083333333334, "f1-score": 0.7969543147208121, "support": 192.0}, "1": {"precision": 0.6428571428571429, "recall": 0.5833333333333334, "f1-score": 0.6116504854368932, "support": 108.0}, "accuracy": 0.7333333333333333, "macro avg": {"precision": 0.7100424328147101, "recall": 0.7005208333333334, "f1-score": 0.7043024000788527, "support": 300.0}, "weighted avg": {"precision": 0.7288543140028289, "recall": 0.7333333333333333, "f1-score": 0.7302449361786013, "support": 300.0}}}, "test": {"accuracy": 0.8082191780821918, "balanced_accuracy": 0.7737315875613748, "sensitivity": 0.6538461538461539, "specificity": 0.8936170212765957, "f1_macro": 0.7827380952380952, "roc_auc": 0.8543371522094927, "confusion_matrix": [[42, 5], [9, 17]], "classification_report": {"0": {"precision": 0.8235294117647058, "recall": 0.8936170212765957, "f1-score": 0.8571428571428571, "support": 47.0}, "1": {"precision": 0.7727272727272727, "recall": 0.6538461538461539, "f1-score": 0.7083333333333334, "support": 26.0}, "accuracy": 0.8082191780821918, "macro avg": {"precision": 0.7981283422459893, "recall": 0.7737315875613748, "f1-score": 0.7827380952380952, "support": 73.0}, "weighted avg": {"precision": 0.8054354992308256, "recall": 0.8082191780821918, "f1-score": 0.8041422048271363, "support": 73.0}}}, "folds": 10, "original_train_rows": 300, "train_rows": 384, "test_rows": 73, "elapsed_seconds": 55.10900000005495, "test_default": {"accuracy": 0.7671232876712328, "balanced_accuracy": 0.7504091653027822, "sensitivity": 0.6923076923076923, "specificity": 0.8085106382978723, "f1_macro": 0.7482247920470684, "roc_auc": 0.8543371522094927, "confusion_matrix": [[38, 9], [8, 18]], "classification_report": {"0": {"precision": 0.8260869565217391, "recall": 0.8085106382978723, "f1-score": 0.8172043010752689, "support": 47.0}, "1": {"precision": 0.6666666666666666, "recall": 0.6923076923076923, "f1-score": 0.6792452830188679, "support": 26.0}, "accuracy": 0.7671232876712328, "macro avg": {"precision": 0.7463768115942029, "recall": 0.7504091653027822, "f1-score": 0.7482247920470684, "support": 73.0}, "weighted avg": {"precision": 0.7693071272582888, "recall": 0.7671232876712328, "f1-score": 0.7680682124524412, "support": 73.0}}}, "decision_threshold": 0.942830502986908, "oof_threshold_selection": {"accuracy": 0.7666666666666667, "balanced_accuracy": 0.7164351851851852, "sensitivity": 0.5370370370370371, "specificity": 0.8958333333333334, "f1_macro": 0.727286894187315, "roc_auc": 0.7446469907407407, "confusion_matrix": [[172, 20], [50, 58]], "classification_report": {"0": {"precision": 0.7747747747747747, "recall": 0.8958333333333334, "f1-score": 0.8309178743961353, "support": 192.0}, "1": {"precision": 0.7435897435897436, "recall": 0.5370370370370371, "f1-score": 0.6236559139784946, "support": 108.0}, "accuracy": 0.7666666666666667, "macro avg": {"precision": 0.7591822591822592, "recall": 0.7164351851851852, "f1-score": 0.727286894187315, "support": 300.0}, "weighted avg": {"precision": 0.7635481635481635, "recall": 0.7666666666666667, "f1-score": 0.7563035686457846, "support": 300.0}}}, "test_accuracy_change": 0.04109589041095896}
