Command: ["C:\\Users\\IHCK\\AppData\\Local\\Programs\\Python\\Python312\\python.exe", "-u", "C:\\Users\\IHCK\\Desktop\\1_10_69Final\\Hippocampal-Shape-Analysis-for-Epilepsy-Detection\\Model\\train_dataset_model.py", "--dataset", "plsda_latent_features", "--side", "left", "--model", "ResNetAE", "--kind", "latent", "--train-csv", "C:\\Users\\IHCK\\Desktop\\1_10_69Final\\Hippocampal-Shape-Analysis-for-Epilepsy-Detection\\Output_Dataset\\plsda_latent_features\\left\\train_plsda_latent_features.csv", "--test-csv", "C:\\Users\\IHCK\\Desktop\\1_10_69Final\\Hippocampal-Shape-Analysis-for-Epilepsy-Detection\\Output_Dataset\\plsda_latent_features\\left\\test_plsda_latent_features.csv", "--output-dir", "C:\\Users\\IHCK\\Desktop\\1_10_69Final\\Hippocampal-Shape-Analysis-for-Epilepsy-Detection\\Model_Results\\dataset_runs_20261003_oof_threshold\\plsda_latent_features\\left\\ResNetAE", "--epochs", "80", "--folds", "10", "--pls-components", "8", "--seed", "42", "--threads", "2", "--tune-threshold"]
10-fold CV: dataset=plsda_latent_features side=left model=ResNetAE; original_train=300 test=73
Device=cuda; epochs=80; batch=32; model=ResNetAutoencoder1D
epoch=1/80 loss=0.839749 seconds=0.44
epoch=2/80 loss=0.392386 seconds=0.05
epoch=3/80 loss=0.277331 seconds=0.05
epoch=4/80 loss=0.180594 seconds=0.05
epoch=5/80 loss=0.149179 seconds=0.05
epoch=6/80 loss=0.149247 seconds=0.05
epoch=7/80 loss=0.102783 seconds=0.03
epoch=8/80 loss=0.086603 seconds=0.05
epoch=9/80 loss=0.073120 seconds=0.05
epoch=10/80 loss=0.075164 seconds=0.06
epoch=11/80 loss=0.057208 seconds=0.05
epoch=12/80 loss=0.074052 seconds=0.05
epoch=13/80 loss=0.072915 seconds=0.05
epoch=14/80 loss=0.052168 seconds=0.03
epoch=15/80 loss=0.047718 seconds=0.05
epoch=16/80 loss=0.053763 seconds=0.05
epoch=17/80 loss=0.043138 seconds=0.03
epoch=18/80 loss=0.051035 seconds=0.03
epoch=19/80 loss=0.066366 seconds=0.05
epoch=20/80 loss=0.082551 seconds=0.03
epoch=21/80 loss=0.064435 seconds=0.05
epoch=22/80 loss=0.066619 seconds=0.05
epoch=23/80 loss=0.094786 seconds=0.03
epoch=24/80 loss=0.053582 seconds=0.05
epoch=25/80 loss=0.051702 seconds=0.05
epoch=26/80 loss=0.052014 seconds=0.03
epoch=27/80 loss=0.055966 seconds=0.05
epoch=28/80 loss=0.051499 seconds=0.05
epoch=29/80 loss=0.041821 seconds=0.05
epoch=30/80 loss=0.040497 seconds=0.05
epoch=31/80 loss=0.040223 seconds=0.05
epoch=32/80 loss=0.052254 seconds=0.03
epoch=33/80 loss=0.034650 seconds=0.05
epoch=34/80 loss=0.036984 seconds=0.05
epoch=35/80 loss=0.031076 seconds=0.05
epoch=36/80 loss=0.032494 seconds=0.05
epoch=37/80 loss=0.035803 seconds=0.05
epoch=38/80 loss=0.030072 seconds=0.05
epoch=39/80 loss=0.030232 seconds=0.05
epoch=40/80 loss=0.030561 seconds=0.05
epoch=41/80 loss=0.024999 seconds=0.05
epoch=42/80 loss=0.023109 seconds=0.05
epoch=43/80 loss=0.027336 seconds=0.05
epoch=44/80 loss=0.025520 seconds=0.05
epoch=45/80 loss=0.022130 seconds=0.03
epoch=46/80 loss=0.028035 seconds=0.05
epoch=47/80 loss=0.023264 seconds=0.03
epoch=48/80 loss=0.020585 seconds=0.05
epoch=49/80 loss=0.021429 seconds=0.03
epoch=50/80 loss=0.020277 seconds=0.05
epoch=51/80 loss=0.022245 seconds=0.05
epoch=52/80 loss=0.024348 seconds=0.03
epoch=53/80 loss=0.027776 seconds=0.05
epoch=54/80 loss=0.035516 seconds=0.05
epoch=55/80 loss=0.023665 seconds=0.03
epoch=56/80 loss=0.026763 seconds=0.05
epoch=57/80 loss=0.030584 seconds=0.05
epoch=58/80 loss=0.026353 seconds=0.05
epoch=59/80 loss=0.021074 seconds=0.03
epoch=60/80 loss=0.023169 seconds=0.05
epoch=61/80 loss=0.019032 seconds=0.03
epoch=62/80 loss=0.019214 seconds=0.05
epoch=63/80 loss=0.024804 seconds=0.05
epoch=64/80 loss=0.026421 seconds=0.05
epoch=65/80 loss=0.026361 seconds=0.05
epoch=66/80 loss=0.025453 seconds=0.03
epoch=67/80 loss=0.054701 seconds=0.05
epoch=68/80 loss=0.031747 seconds=0.05
epoch=69/80 loss=0.047268 seconds=0.05
epoch=70/80 loss=0.046095 seconds=0.03
epoch=71/80 loss=0.028161 seconds=0.03
epoch=72/80 loss=0.028822 seconds=0.05
epoch=73/80 loss=0.029086 seconds=0.03
epoch=74/80 loss=0.038788 seconds=0.05
epoch=75/80 loss=0.027116 seconds=0.05
epoch=76/80 loss=0.030102 seconds=0.05
epoch=77/80 loss=0.026151 seconds=0.03
epoch=78/80 loss=0.023247 seconds=0.05
epoch=79/80 loss=0.023283 seconds=0.05
epoch=80/80 loss=0.021411 seconds=0.05
fold=1/10 OOF_accuracy=0.733333 OOF_AUC=0.700000
Device=cuda; epochs=80; batch=32; model=ResNetAutoencoder1D
epoch=1/80 loss=0.850665 seconds=0.05
epoch=2/80 loss=0.348826 seconds=0.03
epoch=3/80 loss=0.226603 seconds=0.05
epoch=4/80 loss=0.174794 seconds=0.05
epoch=5/80 loss=0.149157 seconds=0.05
epoch=6/80 loss=0.129643 seconds=0.03
epoch=7/80 loss=0.097030 seconds=0.06
epoch=8/80 loss=0.092583 seconds=0.05
epoch=9/80 loss=0.075632 seconds=0.05
epoch=10/80 loss=0.090462 seconds=0.05
epoch=11/80 loss=0.061763 seconds=0.05
epoch=12/80 loss=0.080534 seconds=0.03
epoch=13/80 loss=0.069191 seconds=0.05
epoch=14/80 loss=0.052785 seconds=0.05
epoch=15/80 loss=0.056790 seconds=0.03
epoch=16/80 loss=0.049242 seconds=0.05
epoch=17/80 loss=0.043332 seconds=0.03
epoch=18/80 loss=0.046598 seconds=0.05
epoch=19/80 loss=0.056201 seconds=0.05
epoch=20/80 loss=0.067537 seconds=0.03
epoch=21/80 loss=0.056629 seconds=0.05
epoch=22/80 loss=0.053259 seconds=0.05
epoch=23/80 loss=0.056512 seconds=0.05
epoch=24/80 loss=0.041986 seconds=0.05
epoch=25/80 loss=0.051154 seconds=0.05
epoch=26/80 loss=0.040367 seconds=0.03
epoch=27/80 loss=0.049049 seconds=0.05
epoch=28/80 loss=0.052157 seconds=0.03
epoch=29/80 loss=0.038732 seconds=0.05
epoch=30/80 loss=0.035151 seconds=0.05
epoch=31/80 loss=0.031061 seconds=0.05
epoch=32/80 loss=0.034996 seconds=0.05
epoch=33/80 loss=0.033290 seconds=0.03
epoch=34/80 loss=0.027536 seconds=0.05
epoch=35/80 loss=0.027311 seconds=0.05
epoch=36/80 loss=0.027162 seconds=0.03
epoch=37/80 loss=0.027627 seconds=0.05
epoch=38/80 loss=0.023982 seconds=0.03
epoch=39/80 loss=0.027583 seconds=0.05
epoch=40/80 loss=0.036841 seconds=0.05
epoch=41/80 loss=0.028923 seconds=0.05
epoch=42/80 loss=0.026097 seconds=0.03
epoch=43/80 loss=0.022171 seconds=0.05
epoch=44/80 loss=0.027028 seconds=0.05
epoch=45/80 loss=0.025925 seconds=0.03
epoch=46/80 loss=0.023845 seconds=0.05
epoch=47/80 loss=0.024740 seconds=0.05
epoch=48/80 loss=0.022890 seconds=0.05
epoch=49/80 loss=0.022282 seconds=0.05
epoch=50/80 loss=0.019687 seconds=0.03
epoch=51/80 loss=0.020965 seconds=0.05
epoch=52/80 loss=0.019781 seconds=0.03
epoch=53/80 loss=0.024127 seconds=0.05
epoch=54/80 loss=0.021674 seconds=0.03
epoch=55/80 loss=0.023246 seconds=0.05
epoch=56/80 loss=0.017528 seconds=0.05
epoch=57/80 loss=0.017902 seconds=0.03
epoch=58/80 loss=0.018095 seconds=0.05
epoch=59/80 loss=0.019633 seconds=0.05
epoch=60/80 loss=0.024799 seconds=0.03
epoch=61/80 loss=0.018171 seconds=0.06
epoch=62/80 loss=0.017947 seconds=0.03
epoch=63/80 loss=0.017493 seconds=0.05
epoch=64/80 loss=0.022260 seconds=0.05
epoch=65/80 loss=0.022670 seconds=0.05
epoch=66/80 loss=0.024381 seconds=0.03
epoch=67/80 loss=0.027370 seconds=0.05
epoch=68/80 loss=0.024339 seconds=0.03
epoch=69/80 loss=0.034114 seconds=0.05
epoch=70/80 loss=0.021052 seconds=0.05
epoch=71/80 loss=0.027994 seconds=0.05
epoch=72/80 loss=0.030039 seconds=0.03
epoch=73/80 loss=0.028515 seconds=0.05
epoch=74/80 loss=0.045307 seconds=0.05
epoch=75/80 loss=0.029642 seconds=0.05
epoch=76/80 loss=0.035199 seconds=0.03
epoch=77/80 loss=0.024134 seconds=0.05
epoch=78/80 loss=0.031502 seconds=0.05
epoch=79/80 loss=0.028241 seconds=0.05
epoch=80/80 loss=0.026294 seconds=0.03
fold=2/10 OOF_accuracy=0.733333 OOF_AUC=0.665000
Device=cuda; epochs=80; batch=32; model=ResNetAutoencoder1D
epoch=1/80 loss=0.871412 seconds=0.05
epoch=2/80 loss=0.383229 seconds=0.03
epoch=3/80 loss=0.251840 seconds=0.05
epoch=4/80 loss=0.166226 seconds=0.03
epoch=5/80 loss=0.144594 seconds=0.05
epoch=6/80 loss=0.114877 seconds=0.05
epoch=7/80 loss=0.097772 seconds=0.03
epoch=8/80 loss=0.086661 seconds=0.05
epoch=9/80 loss=0.075657 seconds=0.05
epoch=10/80 loss=0.065029 seconds=0.05
epoch=11/80 loss=0.048275 seconds=0.03
epoch=12/80 loss=0.056488 seconds=0.05
epoch=13/80 loss=0.061673 seconds=0.03
epoch=14/80 loss=0.047155 seconds=0.05
epoch=15/80 loss=0.041415 seconds=0.05
epoch=16/80 loss=0.043743 seconds=0.05
epoch=17/80 loss=0.042539 seconds=0.05
epoch=18/80 loss=0.046533 seconds=0.05
epoch=19/80 loss=0.041729 seconds=0.05
epoch=20/80 loss=0.041540 seconds=0.05
epoch=21/80 loss=0.033835 seconds=0.03
epoch=22/80 loss=0.034948 seconds=0.05
epoch=23/80 loss=0.051402 seconds=0.05
epoch=24/80 loss=0.044189 seconds=0.05
epoch=25/80 loss=0.043313 seconds=0.03
epoch=26/80 loss=0.041055 seconds=0.05
epoch=27/80 loss=0.036067 seconds=0.05
epoch=28/80 loss=0.031493 seconds=0.05
epoch=29/80 loss=0.030085 seconds=0.05
epoch=30/80 loss=0.032858 seconds=0.05
epoch=31/80 loss=0.034224 seconds=0.05
epoch=32/80 loss=0.039678 seconds=0.05
epoch=33/80 loss=0.035310 seconds=0.05
epoch=34/80 loss=0.030253 seconds=0.05
epoch=35/80 loss=0.052939 seconds=0.05
epoch=36/80 loss=0.050827 seconds=0.05
epoch=37/80 loss=0.069766 seconds=0.05
epoch=38/80 loss=0.040308 seconds=0.05
epoch=39/80 loss=0.037875 seconds=0.05
epoch=40/80 loss=0.047349 seconds=0.05
epoch=41/80 loss=0.033089 seconds=0.03
epoch=42/80 loss=0.030408 seconds=0.05
epoch=43/80 loss=0.023985 seconds=0.05
epoch=44/80 loss=0.025366 seconds=0.05
epoch=45/80 loss=0.025954 seconds=0.05
epoch=46/80 loss=0.021529 seconds=0.05
epoch=47/80 loss=0.021566 seconds=0.05
epoch=48/80 loss=0.022160 seconds=0.05
epoch=49/80 loss=0.024014 seconds=0.05
epoch=50/80 loss=0.022545 seconds=0.05
epoch=51/80 loss=0.022834 seconds=0.03
epoch=52/80 loss=0.021895 seconds=0.05
epoch=53/80 loss=0.021494 seconds=0.05
epoch=54/80 loss=0.019934 seconds=0.05
epoch=55/80 loss=0.024347 seconds=0.05
epoch=56/80 loss=0.020828 seconds=0.05
epoch=57/80 loss=0.022437 seconds=0.05
epoch=58/80 loss=0.018352 seconds=0.05
epoch=59/80 loss=0.019529 seconds=0.05
epoch=60/80 loss=0.018831 seconds=0.05
epoch=61/80 loss=0.018268 seconds=0.05
epoch=62/80 loss=0.021780 seconds=0.05
epoch=63/80 loss=0.029279 seconds=0.03
epoch=64/80 loss=0.024682 seconds=0.05
epoch=65/80 loss=0.024934 seconds=0.05
epoch=66/80 loss=0.029585 seconds=0.05
epoch=67/80 loss=0.024815 seconds=0.05
epoch=68/80 loss=0.022073 seconds=0.05
epoch=69/80 loss=0.020721 seconds=0.05
epoch=70/80 loss=0.022042 seconds=0.05
epoch=71/80 loss=0.021248 seconds=0.05
epoch=72/80 loss=0.021603 seconds=0.05
epoch=73/80 loss=0.021203 seconds=0.05
epoch=74/80 loss=0.023755 seconds=0.05
epoch=75/80 loss=0.018992 seconds=0.05
epoch=76/80 loss=0.023958 seconds=0.05
epoch=77/80 loss=0.021905 seconds=0.05
epoch=78/80 loss=0.019258 seconds=0.05
epoch=79/80 loss=0.019178 seconds=0.05
epoch=80/80 loss=0.018700 seconds=0.05
fold=3/10 OOF_accuracy=0.666667 OOF_AUC=0.722488
Device=cuda; epochs=80; batch=32; model=ResNetAutoencoder1D
epoch=1/80 loss=0.925749 seconds=0.05
epoch=2/80 loss=0.399307 seconds=0.05
epoch=3/80 loss=0.256440 seconds=0.05
epoch=4/80 loss=0.176760 seconds=0.05
epoch=5/80 loss=0.147881 seconds=0.05
epoch=6/80 loss=0.117353 seconds=0.06
epoch=7/80 loss=0.099411 seconds=0.06
epoch=8/80 loss=0.077049 seconds=0.06
epoch=9/80 loss=0.077611 seconds=0.05
epoch=10/80 loss=0.070533 seconds=0.05
epoch=11/80 loss=0.055731 seconds=0.05
epoch=12/80 loss=0.066023 seconds=0.06
epoch=13/80 loss=0.074699 seconds=0.03
epoch=14/80 loss=0.056619 seconds=0.05
epoch=15/80 loss=0.054006 seconds=0.05
epoch=16/80 loss=0.055967 seconds=0.05
epoch=17/80 loss=0.042219 seconds=0.05
epoch=18/80 loss=0.060815 seconds=0.05
epoch=19/80 loss=0.064227 seconds=0.03
epoch=20/80 loss=0.061772 seconds=0.05
epoch=21/80 loss=0.064152 seconds=0.05
epoch=22/80 loss=0.075972 seconds=0.05
epoch=23/80 loss=0.059525 seconds=0.05
epoch=24/80 loss=0.051409 seconds=0.05
epoch=25/80 loss=0.047430 seconds=0.05
epoch=26/80 loss=0.044197 seconds=0.05
epoch=27/80 loss=0.038738 seconds=0.05
epoch=28/80 loss=0.032400 seconds=0.03
epoch=29/80 loss=0.029356 seconds=0.05
epoch=30/80 loss=0.028714 seconds=0.05
epoch=31/80 loss=0.033252 seconds=0.05
epoch=32/80 loss=0.035916 seconds=0.05
epoch=33/80 loss=0.028661 seconds=0.05
epoch=34/80 loss=0.025569 seconds=0.05
epoch=35/80 loss=0.028307 seconds=0.03
epoch=36/80 loss=0.027158 seconds=0.05
epoch=37/80 loss=0.026417 seconds=0.05
epoch=38/80 loss=0.027300 seconds=0.05
epoch=39/80 loss=0.025552 seconds=0.05
epoch=40/80 loss=0.028110 seconds=0.05
epoch=41/80 loss=0.020068 seconds=0.05
epoch=42/80 loss=0.022643 seconds=0.03
epoch=43/80 loss=0.023068 seconds=0.06
epoch=44/80 loss=0.023413 seconds=0.05
epoch=45/80 loss=0.023738 seconds=0.05
epoch=46/80 loss=0.023818 seconds=0.03
epoch=47/80 loss=0.020854 seconds=0.06
epoch=48/80 loss=0.029947 seconds=0.03
epoch=49/80 loss=0.025700 seconds=0.05
epoch=50/80 loss=0.027743 seconds=0.05
epoch=51/80 loss=0.026118 seconds=0.03
epoch=52/80 loss=0.029785 seconds=0.05
epoch=53/80 loss=0.068012 seconds=0.05
epoch=54/80 loss=0.044346 seconds=0.06
epoch=55/80 loss=0.044055 seconds=0.05
epoch=56/80 loss=0.069071 seconds=0.05
epoch=57/80 loss=0.046851 seconds=0.05
epoch=58/80 loss=0.056750 seconds=0.05
epoch=59/80 loss=0.045890 seconds=0.05
epoch=60/80 loss=0.067216 seconds=0.05
epoch=61/80 loss=0.037978 seconds=0.05
epoch=62/80 loss=0.030823 seconds=0.06
epoch=63/80 loss=0.031242 seconds=0.03
epoch=64/80 loss=0.027998 seconds=0.05
epoch=65/80 loss=0.031013 seconds=0.05
epoch=66/80 loss=0.027219 seconds=0.05
epoch=67/80 loss=0.020613 seconds=0.05
epoch=68/80 loss=0.021712 seconds=0.05
epoch=69/80 loss=0.022443 seconds=0.05
epoch=70/80 loss=0.026008 seconds=0.03
epoch=71/80 loss=0.025631 seconds=0.05
epoch=72/80 loss=0.020697 seconds=0.05
epoch=73/80 loss=0.019465 seconds=0.05
epoch=74/80 loss=0.020594 seconds=0.05
epoch=75/80 loss=0.017503 seconds=0.05
epoch=76/80 loss=0.022634 seconds=0.03
epoch=77/80 loss=0.037240 seconds=0.05
epoch=78/80 loss=0.051496 seconds=0.05
epoch=79/80 loss=0.080539 seconds=0.05
epoch=80/80 loss=0.040484 seconds=0.05
fold=4/10 OOF_accuracy=0.766667 OOF_AUC=0.751196
Device=cuda; epochs=80; batch=32; model=ResNetAutoencoder1D
epoch=1/80 loss=0.920822 seconds=0.05
epoch=2/80 loss=0.411376 seconds=0.06
epoch=3/80 loss=0.254673 seconds=0.03
epoch=4/80 loss=0.180390 seconds=0.06
epoch=5/80 loss=0.128776 seconds=0.05
epoch=6/80 loss=0.111011 seconds=0.03
epoch=7/80 loss=0.086557 seconds=0.06
epoch=8/80 loss=0.090415 seconds=0.05
epoch=9/80 loss=0.079081 seconds=0.03
epoch=10/80 loss=0.068610 seconds=0.06
epoch=11/80 loss=0.056147 seconds=0.03
epoch=12/80 loss=0.059274 seconds=0.05
epoch=13/80 loss=0.064153 seconds=0.05
epoch=14/80 loss=0.045181 seconds=0.03
epoch=15/80 loss=0.044153 seconds=0.05
epoch=16/80 loss=0.054774 seconds=0.05
epoch=17/80 loss=0.041110 seconds=0.05
epoch=18/80 loss=0.039389 seconds=0.03
epoch=19/80 loss=0.039674 seconds=0.05
epoch=20/80 loss=0.036999 seconds=0.05
epoch=21/80 loss=0.036563 seconds=0.03
epoch=22/80 loss=0.039192 seconds=0.05
epoch=23/80 loss=0.043294 seconds=0.05
epoch=24/80 loss=0.032115 seconds=0.05
epoch=25/80 loss=0.035172 seconds=0.05
epoch=26/80 loss=0.045884 seconds=0.03
epoch=27/80 loss=0.050282 seconds=0.06
epoch=28/80 loss=0.078422 seconds=0.05
epoch=29/80 loss=0.076593 seconds=0.05
epoch=30/80 loss=0.078336 seconds=0.05
epoch=31/80 loss=0.067517 seconds=0.05
epoch=32/80 loss=0.065212 seconds=0.03
epoch=33/80 loss=0.040588 seconds=0.05
epoch=34/80 loss=0.039155 seconds=0.03
epoch=35/80 loss=0.032787 seconds=0.05
epoch=36/80 loss=0.026448 seconds=0.05
epoch=37/80 loss=0.031410 seconds=0.05
epoch=38/80 loss=0.032984 seconds=0.03
epoch=39/80 loss=0.030842 seconds=0.05
epoch=40/80 loss=0.035132 seconds=0.05
epoch=41/80 loss=0.028819 seconds=0.03
epoch=42/80 loss=0.027954 seconds=0.06
epoch=43/80 loss=0.026636 seconds=0.03
epoch=44/80 loss=0.029610 seconds=0.05
epoch=45/80 loss=0.030841 seconds=0.03
epoch=46/80 loss=0.029150 seconds=0.05
epoch=47/80 loss=0.026536 seconds=0.05
epoch=48/80 loss=0.025423 seconds=0.05
epoch=49/80 loss=0.024994 seconds=0.05
epoch=50/80 loss=0.020177 seconds=0.05
epoch=51/80 loss=0.026793 seconds=0.05
epoch=52/80 loss=0.024691 seconds=0.03
epoch=53/80 loss=0.020839 seconds=0.06
epoch=54/80 loss=0.019601 seconds=0.05
epoch=55/80 loss=0.016432 seconds=0.03
epoch=56/80 loss=0.017088 seconds=0.05
epoch=57/80 loss=0.021189 seconds=0.05
epoch=58/80 loss=0.027156 seconds=0.05
epoch=59/80 loss=0.022727 seconds=0.05
epoch=60/80 loss=0.025374 seconds=0.05
epoch=61/80 loss=0.019738 seconds=0.03
epoch=62/80 loss=0.020952 seconds=0.05
epoch=63/80 loss=0.018870 seconds=0.05
epoch=64/80 loss=0.025444 seconds=0.03
epoch=65/80 loss=0.038978 seconds=0.05
epoch=66/80 loss=0.046140 seconds=0.03
epoch=67/80 loss=0.040049 seconds=0.05
epoch=68/80 loss=0.038815 seconds=0.03
epoch=69/80 loss=0.040615 seconds=0.05
epoch=70/80 loss=0.027413 seconds=0.05
epoch=71/80 loss=0.026310 seconds=0.05
epoch=72/80 loss=0.028419 seconds=0.03
epoch=73/80 loss=0.024533 seconds=0.05
epoch=74/80 loss=0.025727 seconds=0.05
epoch=75/80 loss=0.022553 seconds=0.05
epoch=76/80 loss=0.033969 seconds=0.05
epoch=77/80 loss=0.031981 seconds=0.03
epoch=78/80 loss=0.043536 seconds=0.05
epoch=79/80 loss=0.031354 seconds=0.05
epoch=80/80 loss=0.030829 seconds=0.03
fold=5/10 OOF_accuracy=0.700000 OOF_AUC=0.770335
Device=cuda; epochs=80; batch=32; model=ResNetAutoencoder1D
epoch=1/80 loss=0.868941 seconds=0.03
epoch=2/80 loss=0.379973 seconds=0.05
epoch=3/80 loss=0.267238 seconds=0.05
epoch=4/80 loss=0.189717 seconds=0.03
epoch=5/80 loss=0.150269 seconds=0.05
epoch=6/80 loss=0.150960 seconds=0.05
epoch=7/80 loss=0.102978 seconds=0.05
epoch=8/80 loss=0.100920 seconds=0.03
epoch=9/80 loss=0.081842 seconds=0.05
epoch=10/80 loss=0.080477 seconds=0.05
epoch=11/80 loss=0.068619 seconds=0.05
epoch=12/80 loss=0.076065 seconds=0.03
epoch=13/80 loss=0.086344 seconds=0.05
epoch=14/80 loss=0.061470 seconds=0.05
epoch=15/80 loss=0.051459 seconds=0.05
epoch=16/80 loss=0.060378 seconds=0.05
epoch=17/80 loss=0.043398 seconds=0.03
epoch=18/80 loss=0.049256 seconds=0.05
epoch=19/80 loss=0.050426 seconds=0.06
epoch=20/80 loss=0.045027 seconds=0.05
epoch=21/80 loss=0.046599 seconds=0.05
epoch=22/80 loss=0.044788 seconds=0.03
epoch=23/80 loss=0.055413 seconds=0.03
epoch=24/80 loss=0.065853 seconds=0.06
epoch=25/80 loss=0.049329 seconds=0.03
epoch=26/80 loss=0.054658 seconds=0.05
epoch=27/80 loss=0.045834 seconds=0.05
epoch=28/80 loss=0.039895 seconds=0.05
epoch=29/80 loss=0.035338 seconds=0.05
epoch=30/80 loss=0.032994 seconds=0.05
epoch=31/80 loss=0.034197 seconds=0.03
epoch=32/80 loss=0.030365 seconds=0.05
epoch=33/80 loss=0.031532 seconds=0.03
epoch=34/80 loss=0.028428 seconds=0.05
epoch=35/80 loss=0.034559 seconds=0.05
epoch=36/80 loss=0.027574 seconds=0.03
epoch=37/80 loss=0.028035 seconds=0.05
epoch=38/80 loss=0.027895 seconds=0.05
epoch=39/80 loss=0.025284 seconds=0.03
epoch=40/80 loss=0.024244 seconds=0.05
epoch=41/80 loss=0.023765 seconds=0.03
epoch=42/80 loss=0.023959 seconds=0.05
epoch=43/80 loss=0.023554 seconds=0.05
epoch=44/80 loss=0.021949 seconds=0.03
epoch=45/80 loss=0.020922 seconds=0.05
epoch=46/80 loss=0.023654 seconds=0.05
epoch=47/80 loss=0.020315 seconds=0.05
epoch=48/80 loss=0.021514 seconds=0.05
epoch=49/80 loss=0.021004 seconds=0.03
epoch=50/80 loss=0.019755 seconds=0.05
epoch=51/80 loss=0.020018 seconds=0.05
epoch=52/80 loss=0.019952 seconds=0.05
epoch=53/80 loss=0.023123 seconds=0.05
epoch=54/80 loss=0.020663 seconds=0.05
epoch=55/80 loss=0.019257 seconds=0.05
epoch=56/80 loss=0.019387 seconds=0.05
epoch=57/80 loss=0.020569 seconds=0.03
epoch=58/80 loss=0.019691 seconds=0.05
epoch=59/80 loss=0.016197 seconds=0.05
epoch=60/80 loss=0.020512 seconds=0.05
epoch=61/80 loss=0.016339 seconds=0.03
epoch=62/80 loss=0.021830 seconds=0.05
epoch=63/80 loss=0.021560 seconds=0.05
epoch=64/80 loss=0.018813 seconds=0.05
epoch=65/80 loss=0.018219 seconds=0.05
epoch=66/80 loss=0.020524 seconds=0.05
epoch=67/80 loss=0.018794 seconds=0.05
epoch=68/80 loss=0.016938 seconds=0.03
epoch=69/80 loss=0.019066 seconds=0.05
epoch=70/80 loss=0.016534 seconds=0.05
epoch=71/80 loss=0.014322 seconds=0.03
epoch=72/80 loss=0.017576 seconds=0.05
epoch=73/80 loss=0.016932 seconds=0.05
epoch=74/80 loss=0.021750 seconds=0.05
epoch=75/80 loss=0.018230 seconds=0.05
epoch=76/80 loss=0.023051 seconds=0.05
epoch=77/80 loss=0.041906 seconds=0.05
epoch=78/80 loss=0.043289 seconds=0.05
epoch=79/80 loss=0.037187 seconds=0.03
epoch=80/80 loss=0.031903 seconds=0.05
fold=6/10 OOF_accuracy=0.800000 OOF_AUC=0.803828
Device=cuda; epochs=80; batch=32; model=ResNetAutoencoder1D
epoch=1/80 loss=0.912271 seconds=0.03
epoch=2/80 loss=0.392127 seconds=0.06
epoch=3/80 loss=0.249516 seconds=0.03
epoch=4/80 loss=0.160638 seconds=0.05
epoch=5/80 loss=0.136040 seconds=0.03
epoch=6/80 loss=0.125973 seconds=0.05
epoch=7/80 loss=0.102029 seconds=0.05
epoch=8/80 loss=0.084405 seconds=0.05
epoch=9/80 loss=0.083552 seconds=0.03
epoch=10/80 loss=0.064654 seconds=0.05
epoch=11/80 loss=0.045735 seconds=0.05
epoch=12/80 loss=0.060851 seconds=0.05
epoch=13/80 loss=0.060938 seconds=0.05
epoch=14/80 loss=0.043762 seconds=0.05
epoch=15/80 loss=0.044331 seconds=0.05
epoch=16/80 loss=0.050630 seconds=0.05
epoch=17/80 loss=0.044609 seconds=0.05
epoch=18/80 loss=0.047321 seconds=0.05
epoch=19/80 loss=0.050689 seconds=0.05
epoch=20/80 loss=0.069419 seconds=0.05
epoch=21/80 loss=0.083070 seconds=0.03
epoch=22/80 loss=0.061337 seconds=0.05
epoch=23/80 loss=0.064876 seconds=0.05
epoch=24/80 loss=0.063735 seconds=0.05
epoch=25/80 loss=0.060921 seconds=0.05
epoch=26/80 loss=0.051775 seconds=0.05
epoch=27/80 loss=0.042949 seconds=0.05
epoch=28/80 loss=0.043831 seconds=0.05
epoch=29/80 loss=0.032889 seconds=0.03
epoch=30/80 loss=0.055404 seconds=0.05
epoch=31/80 loss=0.039573 seconds=0.05
epoch=32/80 loss=0.045876 seconds=0.05
epoch=33/80 loss=0.036973 seconds=0.05
epoch=34/80 loss=0.030434 seconds=0.05
epoch=35/80 loss=0.027670 seconds=0.05
epoch=36/80 loss=0.027393 seconds=0.05
epoch=37/80 loss=0.027904 seconds=0.05
epoch=38/80 loss=0.021823 seconds=0.05
epoch=39/80 loss=0.030794 seconds=0.03
epoch=40/80 loss=0.028032 seconds=0.05
epoch=41/80 loss=0.026364 seconds=0.05
epoch=42/80 loss=0.024024 seconds=0.05
epoch=43/80 loss=0.021229 seconds=0.05
epoch=44/80 loss=0.020621 seconds=0.05
epoch=45/80 loss=0.022392 seconds=0.03
epoch=46/80 loss=0.019804 seconds=0.05
epoch=47/80 loss=0.018442 seconds=0.05
epoch=48/80 loss=0.022063 seconds=0.05
epoch=49/80 loss=0.023748 seconds=0.05
epoch=50/80 loss=0.021857 seconds=0.05
epoch=51/80 loss=0.021158 seconds=0.05
epoch=52/80 loss=0.022003 seconds=0.05
epoch=53/80 loss=0.019744 seconds=0.05
epoch=54/80 loss=0.022207 seconds=0.05
epoch=55/80 loss=0.023982 seconds=0.03
epoch=56/80 loss=0.022036 seconds=0.05
epoch=57/80 loss=0.018389 seconds=0.05
epoch=58/80 loss=0.017635 seconds=0.03
epoch=59/80 loss=0.016103 seconds=0.05
epoch=60/80 loss=0.020481 seconds=0.05
epoch=61/80 loss=0.017319 seconds=0.05
epoch=62/80 loss=0.018304 seconds=0.05
epoch=63/80 loss=0.018513 seconds=0.05
epoch=64/80 loss=0.017633 seconds=0.05
epoch=65/80 loss=0.019342 seconds=0.03
epoch=66/80 loss=0.028008 seconds=0.05
epoch=67/80 loss=0.025262 seconds=0.03
epoch=68/80 loss=0.022682 seconds=0.05
epoch=69/80 loss=0.021231 seconds=0.05
epoch=70/80 loss=0.019841 seconds=0.05
epoch=71/80 loss=0.017298 seconds=0.05
epoch=72/80 loss=0.020489 seconds=0.03
epoch=73/80 loss=0.016610 seconds=0.05
epoch=74/80 loss=0.021787 seconds=0.05
epoch=75/80 loss=0.019586 seconds=0.06
epoch=76/80 loss=0.024582 seconds=0.05
epoch=77/80 loss=0.030066 seconds=0.05
epoch=78/80 loss=0.042509 seconds=0.05
epoch=79/80 loss=0.028372 seconds=0.05
epoch=80/80 loss=0.025558 seconds=0.05
fold=7/10 OOF_accuracy=0.733333 OOF_AUC=0.813397
Device=cuda; epochs=80; batch=32; model=ResNetAutoencoder1D
epoch=1/80 loss=0.871163 seconds=0.05
epoch=2/80 loss=0.384975 seconds=0.05
epoch=3/80 loss=0.257429 seconds=0.05
epoch=4/80 loss=0.185550 seconds=0.05
epoch=5/80 loss=0.161163 seconds=0.05
epoch=6/80 loss=0.117156 seconds=0.05
epoch=7/80 loss=0.095704 seconds=0.05
epoch=8/80 loss=0.077805 seconds=0.05
epoch=9/80 loss=0.078340 seconds=0.06
epoch=10/80 loss=0.079344 seconds=0.05
epoch=11/80 loss=0.064082 seconds=0.05
epoch=12/80 loss=0.077618 seconds=0.03
epoch=13/80 loss=0.067396 seconds=0.06
epoch=14/80 loss=0.047289 seconds=0.03
epoch=15/80 loss=0.045292 seconds=0.05
epoch=16/80 loss=0.045614 seconds=0.05
epoch=17/80 loss=0.039843 seconds=0.05
epoch=18/80 loss=0.041767 seconds=0.03
epoch=19/80 loss=0.041605 seconds=0.05
epoch=20/80 loss=0.055193 seconds=0.03
epoch=21/80 loss=0.056841 seconds=0.05
epoch=22/80 loss=0.053464 seconds=0.05
epoch=23/80 loss=0.069040 seconds=0.03
epoch=24/80 loss=0.066032 seconds=0.05
epoch=25/80 loss=0.068805 seconds=0.05
epoch=26/80 loss=0.058592 seconds=0.03
epoch=27/80 loss=0.040918 seconds=0.05
epoch=28/80 loss=0.045838 seconds=0.05
epoch=29/80 loss=0.032351 seconds=0.05
epoch=30/80 loss=0.036387 seconds=0.05
epoch=31/80 loss=0.033635 seconds=0.03
epoch=32/80 loss=0.036137 seconds=0.05
epoch=33/80 loss=0.031226 seconds=0.03
epoch=34/80 loss=0.028520 seconds=0.05
epoch=35/80 loss=0.030023 seconds=0.05
epoch=36/80 loss=0.030363 seconds=0.05
epoch=37/80 loss=0.028604 seconds=0.03
epoch=38/80 loss=0.026098 seconds=0.05
epoch=39/80 loss=0.028903 seconds=0.05
epoch=40/80 loss=0.024985 seconds=0.05
epoch=41/80 loss=0.023927 seconds=0.05
epoch=42/80 loss=0.027026 seconds=0.03
epoch=43/80 loss=0.022882 seconds=0.06
epoch=44/80 loss=0.023570 seconds=0.05
epoch=45/80 loss=0.018730 seconds=0.05
epoch=46/80 loss=0.020130 seconds=0.03
epoch=47/80 loss=0.020801 seconds=0.03
epoch=48/80 loss=0.019731 seconds=0.05
epoch=49/80 loss=0.023746 seconds=0.03
epoch=50/80 loss=0.022213 seconds=0.05
epoch=51/80 loss=0.026261 seconds=0.05
epoch=52/80 loss=0.025582 seconds=0.05
epoch=53/80 loss=0.019806 seconds=0.03
epoch=54/80 loss=0.019695 seconds=0.05
epoch=55/80 loss=0.021591 seconds=0.05
epoch=56/80 loss=0.018922 seconds=0.05
epoch=57/80 loss=0.019551 seconds=0.03
epoch=58/80 loss=0.020882 seconds=0.05
epoch=59/80 loss=0.022735 seconds=0.05
epoch=60/80 loss=0.023539 seconds=0.05
epoch=61/80 loss=0.017591 seconds=0.05
epoch=62/80 loss=0.017221 seconds=0.03
epoch=63/80 loss=0.015850 seconds=0.05
epoch=64/80 loss=0.022732 seconds=0.05
epoch=65/80 loss=0.024301 seconds=0.05
epoch=66/80 loss=0.025136 seconds=0.03
epoch=67/80 loss=0.030919 seconds=0.05
epoch=68/80 loss=0.027021 seconds=0.05
epoch=69/80 loss=0.023966 seconds=0.05
epoch=70/80 loss=0.018381 seconds=0.05
epoch=71/80 loss=0.024935 seconds=0.05
epoch=72/80 loss=0.021879 seconds=0.05
epoch=73/80 loss=0.022109 seconds=0.03
epoch=74/80 loss=0.021031 seconds=0.05
epoch=75/80 loss=0.017689 seconds=0.03
epoch=76/80 loss=0.021353 seconds=0.05
epoch=77/80 loss=0.028340 seconds=0.05
epoch=78/80 loss=0.027034 seconds=0.05
epoch=79/80 loss=0.023825 seconds=0.05
epoch=80/80 loss=0.024084 seconds=0.05
fold=8/10 OOF_accuracy=0.733333 OOF_AUC=0.693780
Device=cuda; epochs=80; batch=32; model=ResNetAutoencoder1D
epoch=1/80 loss=0.918442 seconds=0.05
epoch=2/80 loss=0.401925 seconds=0.05
epoch=3/80 loss=0.273213 seconds=0.05
epoch=4/80 loss=0.178661 seconds=0.06
epoch=5/80 loss=0.135761 seconds=0.05
epoch=6/80 loss=0.142960 seconds=0.03
epoch=7/80 loss=0.103694 seconds=0.06
epoch=8/80 loss=0.087378 seconds=0.05
epoch=9/80 loss=0.080850 seconds=0.05
epoch=10/80 loss=0.079815 seconds=0.05
epoch=11/80 loss=0.056279 seconds=0.05
epoch=12/80 loss=0.070694 seconds=0.03
epoch=13/80 loss=0.090350 seconds=0.05
epoch=14/80 loss=0.053594 seconds=0.03
epoch=15/80 loss=0.043538 seconds=0.06
epoch=16/80 loss=0.051654 seconds=0.03
epoch=17/80 loss=0.042712 seconds=0.05
epoch=18/80 loss=0.052105 seconds=0.05
epoch=19/80 loss=0.052036 seconds=0.05
epoch=20/80 loss=0.046926 seconds=0.03
epoch=21/80 loss=0.039020 seconds=0.05
epoch=22/80 loss=0.038746 seconds=0.05
epoch=23/80 loss=0.051060 seconds=0.05
epoch=24/80 loss=0.052124 seconds=0.03
epoch=25/80 loss=0.046521 seconds=0.05
epoch=26/80 loss=0.042309 seconds=0.05
epoch=27/80 loss=0.040106 seconds=0.05
epoch=28/80 loss=0.033305 seconds=0.05
epoch=29/80 loss=0.033629 seconds=0.03
epoch=30/80 loss=0.031255 seconds=0.05
epoch=31/80 loss=0.031529 seconds=0.05
epoch=32/80 loss=0.031844 seconds=0.03
epoch=33/80 loss=0.025243 seconds=0.05
epoch=34/80 loss=0.029148 seconds=0.03
epoch=35/80 loss=0.031334 seconds=0.05
epoch=36/80 loss=0.025231 seconds=0.05
epoch=37/80 loss=0.026282 seconds=0.03
epoch=38/80 loss=0.030744 seconds=0.06
epoch=39/80 loss=0.028852 seconds=0.05
epoch=40/80 loss=0.025414 seconds=0.03
epoch=41/80 loss=0.022700 seconds=0.05
epoch=42/80 loss=0.023038 seconds=0.05
epoch=43/80 loss=0.022468 seconds=0.05
epoch=44/80 loss=0.018425 seconds=0.05
epoch=45/80 loss=0.022398 seconds=0.05
epoch=46/80 loss=0.024619 seconds=0.05
epoch=47/80 loss=0.019917 seconds=0.05
epoch=48/80 loss=0.020132 seconds=0.03
epoch=49/80 loss=0.026410 seconds=0.05
epoch=50/80 loss=0.027395 seconds=0.05
epoch=51/80 loss=0.024755 seconds=0.05
epoch=52/80 loss=0.023089 seconds=0.03
epoch=53/80 loss=0.022477 seconds=0.05
epoch=54/80 loss=0.020155 seconds=0.05
epoch=55/80 loss=0.018710 seconds=0.05
epoch=56/80 loss=0.019620 seconds=0.05
epoch=57/80 loss=0.019569 seconds=0.05
epoch=58/80 loss=0.017786 seconds=0.05
epoch=59/80 loss=0.018494 seconds=0.05
epoch=60/80 loss=0.020697 seconds=0.05
epoch=61/80 loss=0.020544 seconds=0.05
epoch=62/80 loss=0.020970 seconds=0.03
epoch=63/80 loss=0.018536 seconds=0.05
epoch=64/80 loss=0.017362 seconds=0.05
epoch=65/80 loss=0.018807 seconds=0.05
epoch=66/80 loss=0.015675 seconds=0.03
epoch=67/80 loss=0.017057 seconds=0.06
epoch=68/80 loss=0.016184 seconds=0.05
epoch=69/80 loss=0.014413 seconds=0.05
epoch=70/80 loss=0.011717 seconds=0.05
epoch=71/80 loss=0.014624 seconds=0.05
epoch=72/80 loss=0.015956 seconds=0.03
epoch=73/80 loss=0.015181 seconds=0.05
epoch=74/80 loss=0.017199 seconds=0.05
epoch=75/80 loss=0.017135 seconds=0.05
epoch=76/80 loss=0.020448 seconds=0.05
epoch=77/80 loss=0.022026 seconds=0.05
epoch=78/80 loss=0.032543 seconds=0.05
epoch=79/80 loss=0.032173 seconds=0.05
epoch=80/80 loss=0.036148 seconds=0.03
fold=9/10 OOF_accuracy=0.666667 OOF_AUC=0.760766
Device=cuda; epochs=80; batch=32; model=ResNetAutoencoder1D
epoch=1/80 loss=0.888293 seconds=0.03
epoch=2/80 loss=0.395964 seconds=0.05
epoch=3/80 loss=0.253137 seconds=0.05
epoch=4/80 loss=0.172771 seconds=0.05
epoch=5/80 loss=0.134246 seconds=0.05
epoch=6/80 loss=0.118108 seconds=0.03
epoch=7/80 loss=0.098013 seconds=0.05
epoch=8/80 loss=0.080413 seconds=0.05
epoch=9/80 loss=0.070093 seconds=0.05
epoch=10/80 loss=0.073637 seconds=0.05
epoch=11/80 loss=0.063970 seconds=0.05
epoch=12/80 loss=0.059284 seconds=0.05
epoch=13/80 loss=0.066003 seconds=0.05
epoch=14/80 loss=0.038587 seconds=0.03
epoch=15/80 loss=0.047490 seconds=0.05
epoch=16/80 loss=0.053675 seconds=0.05
epoch=17/80 loss=0.048385 seconds=0.03
epoch=18/80 loss=0.050354 seconds=0.06
epoch=19/80 loss=0.047635 seconds=0.05
epoch=20/80 loss=0.049449 seconds=0.03
epoch=21/80 loss=0.052351 seconds=0.05
epoch=22/80 loss=0.043745 seconds=0.05
epoch=23/80 loss=0.050025 seconds=0.05
epoch=24/80 loss=0.043955 seconds=0.03
epoch=25/80 loss=0.044565 seconds=0.05
epoch=26/80 loss=0.037810 seconds=0.05
epoch=27/80 loss=0.039259 seconds=0.05
epoch=28/80 loss=0.039563 seconds=0.03
epoch=29/80 loss=0.034592 seconds=0.05
epoch=30/80 loss=0.028894 seconds=0.05
epoch=31/80 loss=0.029409 seconds=0.05
epoch=32/80 loss=0.029831 seconds=0.03
epoch=33/80 loss=0.030968 seconds=0.05
epoch=34/80 loss=0.023582 seconds=0.05
epoch=35/80 loss=0.025397 seconds=0.05
epoch=36/80 loss=0.025890 seconds=0.05
epoch=37/80 loss=0.023756 seconds=0.03
epoch=38/80 loss=0.026091 seconds=0.05
epoch=39/80 loss=0.030455 seconds=0.05
epoch=40/80 loss=0.028678 seconds=0.05
epoch=41/80 loss=0.024014 seconds=0.05
epoch=42/80 loss=0.021516 seconds=0.03
epoch=43/80 loss=0.021065 seconds=0.05
epoch=44/80 loss=0.022928 seconds=0.06
epoch=45/80 loss=0.024599 seconds=0.05
epoch=46/80 loss=0.023403 seconds=0.03
epoch=47/80 loss=0.023651 seconds=0.06
epoch=48/80 loss=0.024533 seconds=0.03
epoch=49/80 loss=0.029988 seconds=0.05
epoch=50/80 loss=0.037672 seconds=0.05
epoch=51/80 loss=0.033651 seconds=0.05
epoch=52/80 loss=0.062530 seconds=0.03
epoch=53/80 loss=0.096748 seconds=0.05
epoch=54/80 loss=0.071974 seconds=0.05
epoch=55/80 loss=0.061667 seconds=0.05
epoch=56/80 loss=0.055809 seconds=0.03
epoch=57/80 loss=0.061804 seconds=0.05
epoch=58/80 loss=0.049612 seconds=0.05
epoch=59/80 loss=0.043360 seconds=0.03
epoch=60/80 loss=0.041821 seconds=0.05
epoch=61/80 loss=0.029807 seconds=0.05
epoch=62/80 loss=0.028700 seconds=0.05
epoch=63/80 loss=0.026981 seconds=0.05
epoch=64/80 loss=0.031434 seconds=0.05
epoch=65/80 loss=0.028139 seconds=0.03
epoch=66/80 loss=0.026660 seconds=0.05
epoch=67/80 loss=0.022743 seconds=0.05
epoch=68/80 loss=0.022172 seconds=0.05
epoch=69/80 loss=0.023255 seconds=0.05
epoch=70/80 loss=0.017032 seconds=0.03
epoch=71/80 loss=0.023725 seconds=0.05
epoch=72/80 loss=0.021737 seconds=0.03
epoch=73/80 loss=0.022316 seconds=0.05
epoch=74/80 loss=0.024061 seconds=0.05
epoch=75/80 loss=0.020475 seconds=0.05
epoch=76/80 loss=0.031176 seconds=0.03
epoch=77/80 loss=0.025107 seconds=0.05
epoch=78/80 loss=0.057425 seconds=0.05
epoch=79/80 loss=0.028108 seconds=0.05
epoch=80/80 loss=0.027030 seconds=0.03
fold=10/10 OOF_accuracy=0.600000 OOF_AUC=0.688995
Frozen Train OOF threshold=0.99467432498931885; objective=accuracy; OOF selection accuracy=0.773333
Device=cuda; epochs=80; batch=32; model=ResNetAutoencoder1D
epoch=1/80 loss=0.850979 seconds=0.06
epoch=2/80 loss=0.384800 seconds=0.06
epoch=3/80 loss=0.228286 seconds=0.05
epoch=4/80 loss=0.194018 seconds=0.05
epoch=5/80 loss=0.153318 seconds=0.05
epoch=6/80 loss=0.120739 seconds=0.05
epoch=7/80 loss=0.094069 seconds=0.06
epoch=8/80 loss=0.094058 seconds=0.06
epoch=9/80 loss=0.129773 seconds=0.05
epoch=10/80 loss=0.095720 seconds=0.05
epoch=11/80 loss=0.073150 seconds=0.06
epoch=12/80 loss=0.056311 seconds=0.05
epoch=13/80 loss=0.053618 seconds=0.05
epoch=14/80 loss=0.050619 seconds=0.05
epoch=15/80 loss=0.054941 seconds=0.06
epoch=16/80 loss=0.049977 seconds=0.05
epoch=17/80 loss=0.052128 seconds=0.05
epoch=18/80 loss=0.053706 seconds=0.05
epoch=19/80 loss=0.043372 seconds=0.05
epoch=20/80 loss=0.050214 seconds=0.06
epoch=21/80 loss=0.060219 seconds=0.05
epoch=22/80 loss=0.073033 seconds=0.05
epoch=23/80 loss=0.063362 seconds=0.05
epoch=24/80 loss=0.059762 seconds=0.03
epoch=25/80 loss=0.061585 seconds=0.05
epoch=26/80 loss=0.068979 seconds=0.05
epoch=27/80 loss=0.042588 seconds=0.05
epoch=28/80 loss=0.050706 seconds=0.05
epoch=29/80 loss=0.040835 seconds=0.05
epoch=30/80 loss=0.036102 seconds=0.05
epoch=31/80 loss=0.035456 seconds=0.05
epoch=32/80 loss=0.041552 seconds=0.05
epoch=33/80 loss=0.068993 seconds=0.03
epoch=34/80 loss=0.044381 seconds=0.05
epoch=35/80 loss=0.051834 seconds=0.05
epoch=36/80 loss=0.037602 seconds=0.05
epoch=37/80 loss=0.039612 seconds=0.05
epoch=38/80 loss=0.039566 seconds=0.05
epoch=39/80 loss=0.037805 seconds=0.05
epoch=40/80 loss=0.085847 seconds=0.05
epoch=41/80 loss=0.053387 seconds=0.05
epoch=42/80 loss=0.049886 seconds=0.05
epoch=43/80 loss=0.042049 seconds=0.05
epoch=44/80 loss=0.040109 seconds=0.05
epoch=45/80 loss=0.028886 seconds=0.05
epoch=46/80 loss=0.027812 seconds=0.05
epoch=47/80 loss=0.029356 seconds=0.05
epoch=48/80 loss=0.052023 seconds=0.06
epoch=49/80 loss=0.039760 seconds=0.05
epoch=50/80 loss=0.043143 seconds=0.05
epoch=51/80 loss=0.032252 seconds=0.05
epoch=52/80 loss=0.036278 seconds=0.05
epoch=53/80 loss=0.060591 seconds=0.05
epoch=54/80 loss=0.089429 seconds=0.05
epoch=55/80 loss=0.047449 seconds=0.05
epoch=56/80 loss=0.032575 seconds=0.05
epoch=57/80 loss=0.027673 seconds=0.05
epoch=58/80 loss=0.044776 seconds=0.05
epoch=59/80 loss=0.031893 seconds=0.05
epoch=60/80 loss=0.066934 seconds=0.05
epoch=61/80 loss=0.035076 seconds=0.03
epoch=62/80 loss=0.048022 seconds=0.05
epoch=63/80 loss=0.078000 seconds=0.06
epoch=64/80 loss=0.136922 seconds=0.05
epoch=65/80 loss=0.048177 seconds=0.05
epoch=66/80 loss=0.044789 seconds=0.05
epoch=67/80 loss=0.045431 seconds=0.05
epoch=68/80 loss=0.049489 seconds=0.05
epoch=69/80 loss=0.043265 seconds=0.05
epoch=70/80 loss=0.031424 seconds=0.05
epoch=71/80 loss=0.031415 seconds=0.06
epoch=72/80 loss=0.029554 seconds=0.05
epoch=73/80 loss=0.025647 seconds=0.05
epoch=74/80 loss=0.028334 seconds=0.03
epoch=75/80 loss=0.030875 seconds=0.05
epoch=76/80 loss=0.024942 seconds=0.05
epoch=77/80 loss=0.028276 seconds=0.05
epoch=78/80 loss=0.026022 seconds=0.05
epoch=79/80 loss=0.021853 seconds=0.05
epoch=80/80 loss=0.018171 seconds=0.05
{"cv_oof": {"accuracy": 0.7133333333333334, "balanced_accuracy": 0.6848958333333334, "sensitivity": 0.5833333333333334, "specificity": 0.7864583333333334, "f1_macro": 0.6863450690527135, "roc_auc": 0.7446952160493828, "confusion_matrix": [[151, 41], [45, 63]], "classification_report": {"0": {"precision": 0.7704081632653061, "recall": 0.7864583333333334, "f1-score": 0.7783505154639175, "support": 192.0}, "1": {"precision": 0.6057692307692307, "recall": 0.5833333333333334, "f1-score": 0.5943396226415094, "support": 108.0}, "accuracy": 0.7133333333333334, "macro avg": {"precision": 0.6880886970172684, "recall": 0.6848958333333334, "f1-score": 0.6863450690527135, "support": 300.0}, "weighted avg": {"precision": 0.711138147566719, "recall": 0.7133333333333334, "f1-score": 0.7121065940478506, "support": 300.0}}}, "test": {"accuracy": 0.7808219178082192, "balanced_accuracy": 0.7352700490998363, "sensitivity": 0.5769230769230769, "specificity": 0.8936170212765957, "f1_macro": 0.7460869565217392, "roc_auc": 0.8412438625204582, "confusion_matrix": [[42, 5], [11, 15]], "classification_report": {"0": {"precision": 0.7924528301886793, "recall": 0.8936170212765957, "f1-score": 0.84, "support": 47.0}, "1": {"precision": 0.75, "recall": 0.5769230769230769, "f1-score": 0.6521739130434783, "support": 26.0}, "accuracy": 0.7808219178082192, "macro avg": {"precision": 0.7712264150943396, "recall": 0.7352700490998363, "f1-score": 0.7460869565217392, "support": 73.0}, "weighted avg": {"precision": 0.7773326440940812, "recall": 0.7808219178082192, "f1-score": 0.7731030375223347, "support": 73.0}}}, "folds": 10, "original_train_rows": 300, "train_rows": 300, "test_rows": 73, "elapsed_seconds": 43.17200000002049, "test_default": {"accuracy": 0.7671232876712328, "balanced_accuracy": 0.7590016366612111, "sensitivity": 0.7307692307692307, "specificity": 0.7872340425531915, "f1_macro": 0.752047952047952, "roc_auc": 0.8412438625204582, "confusion_matrix": [[37, 10], [7, 19]], "classification_report": {"0": {"precision": 0.8409090909090909, "recall": 0.7872340425531915, "f1-score": 0.8131868131868132, "support": 47.0}, "1": {"precision": 0.6551724137931034, "recall": 0.7307692307692307, "f1-score": 0.6909090909090909, "support": 26.0}, "accuracy": 0.7671232876712328, "macro avg": {"precision": 0.7480407523510972, "recall": 0.7590016366612111, "f1-score": 0.752047952047952, "support": 73.0}, "weighted avg": {"precision": 0.7747563017992872, "recall": 0.7671232876712328, "f1-score": 0.7696358436084464, "support": 73.0}}}, "decision_threshold": 0.9946743249893188, "oof_threshold_selection": {"accuracy": 0.7733333333333333, "balanced_accuracy": 0.7115162037037037, "sensitivity": 0.49074074074074076, "specificity": 0.9322916666666666, "f1_macro": 0.7247854945766554, "roc_auc": 0.7446952160493828, "confusion_matrix": [[179, 13], [55, 53]], "classification_report": {"0": {"precision": 0.7649572649572649, "recall": 0.9322916666666666, "f1-score": 0.8403755868544601, "support": 192.0}, "1": {"precision": 0.803030303030303, "recall": 0.49074074074074076, "f1-score": 0.6091954022988506, "support": 108.0}, "accuracy": 0.7733333333333333, "macro avg": {"precision": 0.7839937839937839, "recall": 0.7115162037037037, "f1-score": 0.7247854945766554, "support": 300.0}, "weighted avg": {"precision": 0.7786635586635586, "recall": 0.7733333333333333, "f1-score": 0.7571507204144408, "support": 300.0}}}, "test_accuracy_change": 0.013698630136986356}
