Command: ["C:\\Users\\IHCK\\AppData\\Local\\Programs\\Python\\Python312\\python.exe", "-u", "C:\\Users\\IHCK\\Desktop\\1_10_69Final\\Hippocampal-Shape-Analysis-for-Epilepsy-Detection\\Model\\train_dataset_model.py", "--dataset", "plsda_latent_features", "--side", "left", "--model", "ResNet", "--kind", "latent", "--train-csv", "C:\\Users\\IHCK\\Desktop\\1_10_69Final\\Hippocampal-Shape-Analysis-for-Epilepsy-Detection\\Output_Dataset\\plsda_latent_features\\left\\train_plsda_latent_features.csv", "--test-csv", "C:\\Users\\IHCK\\Desktop\\1_10_69Final\\Hippocampal-Shape-Analysis-for-Epilepsy-Detection\\Output_Dataset\\plsda_latent_features\\left\\test_plsda_latent_features.csv", "--output-dir", "C:\\Users\\IHCK\\Desktop\\1_10_69Final\\Hippocampal-Shape-Analysis-for-Epilepsy-Detection\\Model_Results\\dataset_runs_20261003_oof_threshold\\plsda_latent_features\\left\\ResNet", "--epochs", "80", "--folds", "10", "--pls-components", "8", "--seed", "42", "--threads", "2", "--tune-threshold"]
10-fold CV: dataset=plsda_latent_features side=left model=ResNet; original_train=300 test=73
Device=cuda; epochs=80; batch=32; model=ResNet1D
epoch=1/80 loss=0.393180 seconds=0.39
epoch=2/80 loss=0.087243 seconds=0.03
epoch=3/80 loss=0.057606 seconds=0.06
epoch=4/80 loss=0.028723 seconds=0.03
epoch=5/80 loss=0.038739 seconds=0.03
epoch=6/80 loss=0.057573 seconds=0.05
epoch=7/80 loss=0.020166 seconds=0.03
epoch=8/80 loss=0.012329 seconds=0.05
epoch=9/80 loss=0.013432 seconds=0.03
epoch=10/80 loss=0.012392 seconds=0.05
epoch=11/80 loss=0.005055 seconds=0.03
epoch=12/80 loss=0.011659 seconds=0.03
epoch=13/80 loss=0.014409 seconds=0.05
epoch=14/80 loss=0.004327 seconds=0.03
epoch=15/80 loss=0.011906 seconds=0.03
epoch=16/80 loss=0.025865 seconds=0.05
epoch=17/80 loss=0.003520 seconds=0.03
epoch=18/80 loss=0.023976 seconds=0.03
epoch=19/80 loss=0.073954 seconds=0.05
epoch=20/80 loss=0.012931 seconds=0.03
epoch=21/80 loss=0.030392 seconds=0.03
epoch=22/80 loss=0.023830 seconds=0.06
epoch=23/80 loss=0.038759 seconds=0.03
epoch=24/80 loss=0.007699 seconds=0.05
epoch=25/80 loss=0.005605 seconds=0.03
epoch=26/80 loss=0.003672 seconds=0.05
epoch=27/80 loss=0.003825 seconds=0.03
epoch=28/80 loss=0.007489 seconds=0.05
epoch=29/80 loss=0.002992 seconds=0.06
epoch=30/80 loss=0.010224 seconds=0.06
epoch=31/80 loss=0.008097 seconds=0.03
epoch=32/80 loss=0.013358 seconds=0.05
epoch=33/80 loss=0.002487 seconds=0.05
epoch=34/80 loss=0.007520 seconds=0.05
epoch=35/80 loss=0.006521 seconds=0.05
epoch=36/80 loss=0.014146 seconds=0.03
epoch=37/80 loss=0.005416 seconds=0.05
epoch=38/80 loss=0.002714 seconds=0.03
epoch=39/80 loss=0.005301 seconds=0.05
epoch=40/80 loss=0.002701 seconds=0.03
epoch=41/80 loss=0.000892 seconds=0.03
epoch=42/80 loss=0.002641 seconds=0.05
epoch=43/80 loss=0.001454 seconds=0.03
epoch=44/80 loss=0.000894 seconds=0.03
epoch=45/80 loss=0.001579 seconds=0.05
epoch=46/80 loss=0.003731 seconds=0.05
epoch=47/80 loss=0.000627 seconds=0.05
epoch=48/80 loss=0.001303 seconds=0.03
epoch=49/80 loss=0.001063 seconds=0.03
epoch=50/80 loss=0.000579 seconds=0.05
epoch=51/80 loss=0.000990 seconds=0.03
epoch=52/80 loss=0.002964 seconds=0.05
epoch=53/80 loss=0.000859 seconds=0.06
epoch=54/80 loss=0.017009 seconds=0.05
epoch=55/80 loss=0.000984 seconds=0.03
epoch=56/80 loss=0.001909 seconds=0.03
epoch=57/80 loss=0.006806 seconds=0.05
epoch=58/80 loss=0.020776 seconds=0.03
epoch=59/80 loss=0.001130 seconds=0.03
epoch=60/80 loss=0.005141 seconds=0.03
epoch=61/80 loss=0.000976 seconds=0.05
epoch=62/80 loss=0.005644 seconds=0.05
epoch=63/80 loss=0.020749 seconds=0.03
epoch=64/80 loss=0.016575 seconds=0.03
epoch=65/80 loss=0.025689 seconds=0.03
epoch=66/80 loss=0.003611 seconds=0.05
epoch=67/80 loss=0.005821 seconds=0.05
epoch=68/80 loss=0.002888 seconds=0.03
epoch=69/80 loss=0.017172 seconds=0.03
epoch=70/80 loss=0.002917 seconds=0.05
epoch=71/80 loss=0.001548 seconds=0.03
epoch=72/80 loss=0.006940 seconds=0.03
epoch=73/80 loss=0.002680 seconds=0.05
epoch=74/80 loss=0.016944 seconds=0.03
epoch=75/80 loss=0.001872 seconds=0.05
epoch=76/80 loss=0.016632 seconds=0.03
epoch=77/80 loss=0.005396 seconds=0.05
epoch=78/80 loss=0.024630 seconds=0.03
epoch=79/80 loss=0.021061 seconds=0.05
epoch=80/80 loss=0.002666 seconds=0.03
fold=1/10 OOF_accuracy=0.733333 OOF_AUC=0.730000
Device=cuda; epochs=80; batch=32; model=ResNet1D
epoch=1/80 loss=0.409864 seconds=0.06
epoch=2/80 loss=0.076853 seconds=0.05
epoch=3/80 loss=0.037853 seconds=0.05
epoch=4/80 loss=0.032006 seconds=0.05
epoch=5/80 loss=0.026658 seconds=0.05
epoch=6/80 loss=0.021695 seconds=0.05
epoch=7/80 loss=0.021832 seconds=0.03
epoch=8/80 loss=0.014040 seconds=0.03
epoch=9/80 loss=0.020367 seconds=0.05
epoch=10/80 loss=0.029128 seconds=0.05
epoch=11/80 loss=0.009931 seconds=0.03
epoch=12/80 loss=0.038002 seconds=0.03
epoch=13/80 loss=0.018913 seconds=0.05
epoch=14/80 loss=0.006554 seconds=0.03
epoch=15/80 loss=0.005853 seconds=0.03
epoch=16/80 loss=0.006435 seconds=0.05
epoch=17/80 loss=0.002686 seconds=0.03
epoch=18/80 loss=0.022190 seconds=0.03
epoch=19/80 loss=0.053108 seconds=0.05
epoch=20/80 loss=0.044617 seconds=0.03
epoch=21/80 loss=0.019579 seconds=0.03
epoch=22/80 loss=0.038740 seconds=0.05
epoch=23/80 loss=0.024516 seconds=0.03
epoch=24/80 loss=0.007316 seconds=0.05
epoch=25/80 loss=0.006732 seconds=0.03
epoch=26/80 loss=0.011654 seconds=0.03
epoch=27/80 loss=0.005258 seconds=0.03
epoch=28/80 loss=0.010698 seconds=0.03
epoch=29/80 loss=0.007144 seconds=0.05
epoch=30/80 loss=0.016134 seconds=0.05
epoch=31/80 loss=0.011740 seconds=0.03
epoch=32/80 loss=0.020096 seconds=0.03
epoch=33/80 loss=0.004354 seconds=0.05
epoch=34/80 loss=0.001842 seconds=0.03
epoch=35/80 loss=0.011461 seconds=0.05
epoch=36/80 loss=0.002267 seconds=0.03
epoch=37/80 loss=0.005424 seconds=0.03
epoch=38/80 loss=0.004394 seconds=0.05
epoch=39/80 loss=0.002661 seconds=0.03
epoch=40/80 loss=0.014506 seconds=0.03
epoch=41/80 loss=0.002025 seconds=0.05
epoch=42/80 loss=0.007630 seconds=0.05
epoch=43/80 loss=0.001253 seconds=0.03
epoch=44/80 loss=0.004602 seconds=0.03
epoch=45/80 loss=0.002044 seconds=0.05
epoch=46/80 loss=0.001616 seconds=0.03
epoch=47/80 loss=0.000811 seconds=0.05
epoch=48/80 loss=0.001048 seconds=0.03
epoch=49/80 loss=0.001045 seconds=0.05
epoch=50/80 loss=0.000647 seconds=0.03
epoch=51/80 loss=0.001182 seconds=0.05
epoch=52/80 loss=0.000779 seconds=0.05
epoch=53/80 loss=0.000715 seconds=0.03
epoch=54/80 loss=0.001511 seconds=0.06
epoch=55/80 loss=0.000389 seconds=0.06
epoch=56/80 loss=0.000860 seconds=0.06
epoch=57/80 loss=0.000927 seconds=0.05
epoch=58/80 loss=0.000434 seconds=0.05
epoch=59/80 loss=0.001990 seconds=0.05
epoch=60/80 loss=0.005011 seconds=0.05
epoch=61/80 loss=0.000401 seconds=0.03
epoch=62/80 loss=0.014510 seconds=0.03
epoch=63/80 loss=0.001174 seconds=0.03
epoch=64/80 loss=0.133738 seconds=0.03
epoch=65/80 loss=0.017857 seconds=0.05
epoch=66/80 loss=0.013305 seconds=0.03
epoch=67/80 loss=0.028695 seconds=0.03
epoch=68/80 loss=0.004112 seconds=0.03
epoch=69/80 loss=0.012649 seconds=0.05
epoch=70/80 loss=0.002790 seconds=0.03
epoch=71/80 loss=0.010935 seconds=0.05
epoch=72/80 loss=0.005264 seconds=0.03
epoch=73/80 loss=0.001518 seconds=0.03
epoch=74/80 loss=0.004234 seconds=0.05
epoch=75/80 loss=0.001300 seconds=0.03
epoch=76/80 loss=0.005039 seconds=0.03
epoch=77/80 loss=0.003232 seconds=0.05
epoch=78/80 loss=0.014111 seconds=0.03
epoch=79/80 loss=0.000683 seconds=0.05
epoch=80/80 loss=0.008938 seconds=0.05
fold=2/10 OOF_accuracy=0.700000 OOF_AUC=0.625000
Device=cuda; epochs=80; batch=32; model=ResNet1D
epoch=1/80 loss=0.447668 seconds=0.03
epoch=2/80 loss=0.132790 seconds=0.05
epoch=3/80 loss=0.071149 seconds=0.05
epoch=4/80 loss=0.037720 seconds=0.05
epoch=5/80 loss=0.030476 seconds=0.05
epoch=6/80 loss=0.029364 seconds=0.05
epoch=7/80 loss=0.018923 seconds=0.05
epoch=8/80 loss=0.012673 seconds=0.05
epoch=9/80 loss=0.012938 seconds=0.05
epoch=10/80 loss=0.010729 seconds=0.06
epoch=11/80 loss=0.020685 seconds=0.03
epoch=12/80 loss=0.011274 seconds=0.05
epoch=13/80 loss=0.025169 seconds=0.05
epoch=14/80 loss=0.005424 seconds=0.03
epoch=15/80 loss=0.004129 seconds=0.05
epoch=16/80 loss=0.009492 seconds=0.05
epoch=17/80 loss=0.004786 seconds=0.03
epoch=18/80 loss=0.004076 seconds=0.05
epoch=19/80 loss=0.005224 seconds=0.03
epoch=20/80 loss=0.002876 seconds=0.05
epoch=21/80 loss=0.003370 seconds=0.06
epoch=22/80 loss=0.003099 seconds=0.06
epoch=23/80 loss=0.005602 seconds=0.05
epoch=24/80 loss=0.001725 seconds=0.08
epoch=25/80 loss=0.002272 seconds=0.06
epoch=26/80 loss=0.001375 seconds=0.03
epoch=27/80 loss=0.001531 seconds=0.05
epoch=28/80 loss=0.001833 seconds=0.05
epoch=29/80 loss=0.001074 seconds=0.03
epoch=30/80 loss=0.001405 seconds=0.05
epoch=31/80 loss=0.003023 seconds=0.03
epoch=32/80 loss=0.004598 seconds=0.03
epoch=33/80 loss=0.025113 seconds=0.03
epoch=34/80 loss=0.007746 seconds=0.05
epoch=35/80 loss=0.004137 seconds=0.03
epoch=36/80 loss=0.006599 seconds=0.03
epoch=37/80 loss=0.002755 seconds=0.05
epoch=38/80 loss=0.016566 seconds=0.03
epoch=39/80 loss=0.016424 seconds=0.05
epoch=40/80 loss=0.055196 seconds=0.03
epoch=41/80 loss=0.005955 seconds=0.03
epoch=42/80 loss=0.024559 seconds=0.03
epoch=43/80 loss=0.007355 seconds=0.05
epoch=44/80 loss=0.017715 seconds=0.03
epoch=45/80 loss=0.004149 seconds=0.05
epoch=46/80 loss=0.022360 seconds=0.03
epoch=47/80 loss=0.001799 seconds=0.05
epoch=48/80 loss=0.022124 seconds=0.05
epoch=49/80 loss=0.007363 seconds=0.03
epoch=50/80 loss=0.004692 seconds=0.05
epoch=51/80 loss=0.010837 seconds=0.03
epoch=52/80 loss=0.001277 seconds=0.05
epoch=53/80 loss=0.014926 seconds=0.03
epoch=54/80 loss=0.001012 seconds=0.03
epoch=55/80 loss=0.002551 seconds=0.05
epoch=56/80 loss=0.008755 seconds=0.05
epoch=57/80 loss=0.006530 seconds=0.03
epoch=58/80 loss=0.002329 seconds=0.05
epoch=59/80 loss=0.003541 seconds=0.03
epoch=60/80 loss=0.003329 seconds=0.03
epoch=61/80 loss=0.002960 seconds=0.05
epoch=62/80 loss=0.005056 seconds=0.03
epoch=63/80 loss=0.001985 seconds=0.05
epoch=64/80 loss=0.012399 seconds=0.03
epoch=65/80 loss=0.006071 seconds=0.03
epoch=66/80 loss=0.003495 seconds=0.05
epoch=67/80 loss=0.004257 seconds=0.03
epoch=68/80 loss=0.001613 seconds=0.03
epoch=69/80 loss=0.001039 seconds=0.03
epoch=70/80 loss=0.000329 seconds=0.05
epoch=71/80 loss=0.000345 seconds=0.03
epoch=72/80 loss=0.002264 seconds=0.05
epoch=73/80 loss=0.000392 seconds=0.03
epoch=74/80 loss=0.006663 seconds=0.05
epoch=75/80 loss=0.001482 seconds=0.03
epoch=76/80 loss=0.015152 seconds=0.05
epoch=77/80 loss=0.011710 seconds=0.03
epoch=78/80 loss=0.002509 seconds=0.05
epoch=79/80 loss=0.001053 seconds=0.03
epoch=80/80 loss=0.000789 seconds=0.06
fold=3/10 OOF_accuracy=0.666667 OOF_AUC=0.722488
Device=cuda; epochs=80; batch=32; model=ResNet1D
epoch=1/80 loss=0.484292 seconds=0.03
epoch=2/80 loss=0.133778 seconds=0.05
epoch=3/80 loss=0.055574 seconds=0.05
epoch=4/80 loss=0.033532 seconds=0.03
epoch=5/80 loss=0.043533 seconds=0.05
epoch=6/80 loss=0.021716 seconds=0.05
epoch=7/80 loss=0.011861 seconds=0.03
epoch=8/80 loss=0.010667 seconds=0.05
epoch=9/80 loss=0.008007 seconds=0.05
epoch=10/80 loss=0.007238 seconds=0.03
epoch=11/80 loss=0.004997 seconds=0.05
epoch=12/80 loss=0.010386 seconds=0.03
epoch=13/80 loss=0.028953 seconds=0.05
epoch=14/80 loss=0.004475 seconds=0.05
epoch=15/80 loss=0.005002 seconds=0.03
epoch=16/80 loss=0.008865 seconds=0.05
epoch=17/80 loss=0.003647 seconds=0.06
epoch=18/80 loss=0.025569 seconds=0.08
epoch=19/80 loss=0.020711 seconds=0.05
epoch=20/80 loss=0.031394 seconds=0.05
epoch=21/80 loss=0.056398 seconds=0.06
epoch=22/80 loss=0.048508 seconds=0.05
epoch=23/80 loss=0.019746 seconds=0.03
epoch=24/80 loss=0.027819 seconds=0.03
epoch=25/80 loss=0.008838 seconds=0.05
epoch=26/80 loss=0.004629 seconds=0.03
epoch=27/80 loss=0.004738 seconds=0.05
epoch=28/80 loss=0.005287 seconds=0.03
epoch=29/80 loss=0.003070 seconds=0.03
epoch=30/80 loss=0.005379 seconds=0.03
epoch=31/80 loss=0.002505 seconds=0.05
epoch=32/80 loss=0.004814 seconds=0.03
epoch=33/80 loss=0.003351 seconds=0.03
epoch=34/80 loss=0.001402 seconds=0.05
epoch=35/80 loss=0.002914 seconds=0.03
epoch=36/80 loss=0.001365 seconds=0.05
epoch=37/80 loss=0.001304 seconds=0.03
epoch=38/80 loss=0.001326 seconds=0.03
epoch=39/80 loss=0.001916 seconds=0.05
epoch=40/80 loss=0.002501 seconds=0.03
epoch=41/80 loss=0.000671 seconds=0.03
epoch=42/80 loss=0.001249 seconds=0.05
epoch=43/80 loss=0.000787 seconds=0.03
epoch=44/80 loss=0.000705 seconds=0.03
epoch=45/80 loss=0.000836 seconds=0.03
epoch=46/80 loss=0.000824 seconds=0.03
epoch=47/80 loss=0.000486 seconds=0.06
epoch=48/80 loss=0.000543 seconds=0.06
epoch=49/80 loss=0.000893 seconds=0.05
epoch=50/80 loss=0.000619 seconds=0.05
epoch=51/80 loss=0.001673 seconds=0.05
epoch=52/80 loss=0.009946 seconds=0.05
epoch=53/80 loss=0.067905 seconds=0.03
epoch=54/80 loss=0.034312 seconds=0.05
epoch=55/80 loss=0.044423 seconds=0.03
epoch=56/80 loss=0.049940 seconds=0.03
epoch=57/80 loss=0.018068 seconds=0.05
epoch=58/80 loss=0.014189 seconds=0.03
epoch=59/80 loss=0.022374 seconds=0.05
epoch=60/80 loss=0.017380 seconds=0.03
epoch=61/80 loss=0.008525 seconds=0.05
epoch=62/80 loss=0.002812 seconds=0.03
epoch=63/80 loss=0.002912 seconds=0.03
epoch=64/80 loss=0.002024 seconds=0.05
epoch=65/80 loss=0.001928 seconds=0.03
epoch=66/80 loss=0.002003 seconds=0.05
epoch=67/80 loss=0.002283 seconds=0.03
epoch=68/80 loss=0.000898 seconds=0.03
epoch=69/80 loss=0.001737 seconds=0.05
epoch=70/80 loss=0.000626 seconds=0.03
epoch=71/80 loss=0.000603 seconds=0.05
epoch=72/80 loss=0.001493 seconds=0.05
epoch=73/80 loss=0.000807 seconds=0.03
epoch=74/80 loss=0.001427 seconds=0.05
epoch=75/80 loss=0.000584 seconds=0.05
epoch=76/80 loss=0.006543 seconds=0.03
epoch=77/80 loss=0.018294 seconds=0.03
epoch=78/80 loss=0.026286 seconds=0.05
epoch=79/80 loss=0.049499 seconds=0.03
epoch=80/80 loss=0.005524 seconds=0.05
fold=4/10 OOF_accuracy=0.800000 OOF_AUC=0.755981
Device=cuda; epochs=80; batch=32; model=ResNet1D
epoch=1/80 loss=0.472435 seconds=0.03
epoch=2/80 loss=0.127654 seconds=0.03
epoch=3/80 loss=0.066987 seconds=0.05
epoch=4/80 loss=0.034118 seconds=0.03
epoch=5/80 loss=0.035940 seconds=0.03
epoch=6/80 loss=0.024926 seconds=0.05
epoch=7/80 loss=0.017460 seconds=0.05
epoch=8/80 loss=0.011306 seconds=0.06
epoch=9/80 loss=0.012897 seconds=0.06
epoch=10/80 loss=0.009946 seconds=0.05
epoch=11/80 loss=0.004385 seconds=0.05
epoch=12/80 loss=0.008373 seconds=0.05
epoch=13/80 loss=0.010132 seconds=0.06
epoch=14/80 loss=0.003099 seconds=0.03
epoch=15/80 loss=0.003104 seconds=0.05
epoch=16/80 loss=0.005429 seconds=0.03
epoch=17/80 loss=0.002139 seconds=0.03
epoch=18/80 loss=0.003955 seconds=0.05
epoch=19/80 loss=0.006289 seconds=0.06
epoch=20/80 loss=0.005417 seconds=0.06
epoch=21/80 loss=0.008797 seconds=0.03
epoch=22/80 loss=0.028884 seconds=0.06
epoch=23/80 loss=0.018111 seconds=0.03
epoch=24/80 loss=0.008528 seconds=0.03
epoch=25/80 loss=0.007920 seconds=0.05
epoch=26/80 loss=0.008277 seconds=0.03
epoch=27/80 loss=0.007299 seconds=0.03
epoch=28/80 loss=0.009442 seconds=0.05
epoch=29/80 loss=0.001907 seconds=0.03
epoch=30/80 loss=0.006426 seconds=0.03
epoch=31/80 loss=0.005921 seconds=0.05
epoch=32/80 loss=0.010039 seconds=0.03
epoch=33/80 loss=0.002618 seconds=0.03
epoch=34/80 loss=0.003787 seconds=0.05
epoch=35/80 loss=0.002192 seconds=0.03
epoch=36/80 loss=0.000960 seconds=0.05
epoch=37/80 loss=0.002085 seconds=0.03
epoch=38/80 loss=0.002010 seconds=0.03
epoch=39/80 loss=0.002694 seconds=0.03
epoch=40/80 loss=0.015526 seconds=0.05
epoch=41/80 loss=0.012097 seconds=0.03
epoch=42/80 loss=0.007205 seconds=0.03
epoch=43/80 loss=0.015306 seconds=0.05
epoch=44/80 loss=0.011414 seconds=0.03
epoch=45/80 loss=0.014680 seconds=0.03
epoch=46/80 loss=0.021531 seconds=0.03
epoch=47/80 loss=0.001479 seconds=0.03
epoch=48/80 loss=0.002247 seconds=0.03
epoch=49/80 loss=0.009995 seconds=0.05
epoch=50/80 loss=0.002013 seconds=0.05
epoch=51/80 loss=0.004897 seconds=0.03
epoch=52/80 loss=0.001191 seconds=0.03
epoch=53/80 loss=0.002294 seconds=0.05
epoch=54/80 loss=0.001534 seconds=0.03
epoch=55/80 loss=0.000543 seconds=0.03
epoch=56/80 loss=0.000719 seconds=0.03
epoch=57/80 loss=0.006588 seconds=0.05
epoch=58/80 loss=0.000796 seconds=0.03
epoch=59/80 loss=0.005281 seconds=0.05
epoch=60/80 loss=0.005468 seconds=0.03
epoch=61/80 loss=0.000451 seconds=0.03
epoch=62/80 loss=0.000562 seconds=0.03
epoch=63/80 loss=0.000369 seconds=0.03
epoch=64/80 loss=0.002264 seconds=0.03
epoch=65/80 loss=0.003071 seconds=0.05
epoch=66/80 loss=0.002084 seconds=0.03
epoch=67/80 loss=0.007564 seconds=0.03
epoch=68/80 loss=0.006202 seconds=0.03
epoch=69/80 loss=0.082068 seconds=0.05
epoch=70/80 loss=0.000823 seconds=0.05
epoch=71/80 loss=0.011766 seconds=0.03
epoch=72/80 loss=0.010341 seconds=0.05
epoch=73/80 loss=0.003655 seconds=0.03
epoch=74/80 loss=0.003585 seconds=0.05
epoch=75/80 loss=0.001370 seconds=0.05
epoch=76/80 loss=0.003591 seconds=0.05
epoch=77/80 loss=0.001833 seconds=0.06
epoch=78/80 loss=0.002275 seconds=0.05
epoch=79/80 loss=0.000340 seconds=0.06
epoch=80/80 loss=0.000728 seconds=0.05
fold=5/10 OOF_accuracy=0.766667 OOF_AUC=0.770335
Device=cuda; epochs=80; batch=32; model=ResNet1D
epoch=1/80 loss=0.433428 seconds=0.05
epoch=2/80 loss=0.109365 seconds=0.03
epoch=3/80 loss=0.058977 seconds=0.03
epoch=4/80 loss=0.035652 seconds=0.05
epoch=5/80 loss=0.035139 seconds=0.05
epoch=6/80 loss=0.049754 seconds=0.03
epoch=7/80 loss=0.027789 seconds=0.05
epoch=8/80 loss=0.016329 seconds=0.03
epoch=9/80 loss=0.019259 seconds=0.05
epoch=10/80 loss=0.011783 seconds=0.05
epoch=11/80 loss=0.006393 seconds=0.03
epoch=12/80 loss=0.020797 seconds=0.03
epoch=13/80 loss=0.041244 seconds=0.05
epoch=14/80 loss=0.020243 seconds=0.05
epoch=15/80 loss=0.019781 seconds=0.05
epoch=16/80 loss=0.022969 seconds=0.03
epoch=17/80 loss=0.010949 seconds=0.08
epoch=18/80 loss=0.013233 seconds=0.06
epoch=19/80 loss=0.016186 seconds=0.05
epoch=20/80 loss=0.024384 seconds=0.05
epoch=21/80 loss=0.006186 seconds=0.06
epoch=22/80 loss=0.015738 seconds=0.09
epoch=23/80 loss=0.019751 seconds=0.08
epoch=24/80 loss=0.008097 seconds=0.08
epoch=25/80 loss=0.007958 seconds=0.05
epoch=26/80 loss=0.016124 seconds=0.06
epoch=27/80 loss=0.004322 seconds=0.05
epoch=28/80 loss=0.006959 seconds=0.06
epoch=29/80 loss=0.001732 seconds=0.05
epoch=30/80 loss=0.004319 seconds=0.06
epoch=31/80 loss=0.002286 seconds=0.05
epoch=32/80 loss=0.003387 seconds=0.06
epoch=33/80 loss=0.002081 seconds=0.05
epoch=34/80 loss=0.001239 seconds=0.05
epoch=35/80 loss=0.001835 seconds=0.03
epoch=36/80 loss=0.001013 seconds=0.03
epoch=37/80 loss=0.001726 seconds=0.05
epoch=38/80 loss=0.001708 seconds=0.06
epoch=39/80 loss=0.001418 seconds=0.06
epoch=40/80 loss=0.001501 seconds=0.05
epoch=41/80 loss=0.000581 seconds=0.03
epoch=42/80 loss=0.001836 seconds=0.05
epoch=43/80 loss=0.000943 seconds=0.03
epoch=44/80 loss=0.001080 seconds=0.03
epoch=45/80 loss=0.000979 seconds=0.05
epoch=46/80 loss=0.000998 seconds=0.03
epoch=47/80 loss=0.000463 seconds=0.03
epoch=48/80 loss=0.000585 seconds=0.05
epoch=49/80 loss=0.000781 seconds=0.03
epoch=50/80 loss=0.000456 seconds=0.05
epoch=51/80 loss=0.000799 seconds=0.05
epoch=52/80 loss=0.000683 seconds=0.03
epoch=53/80 loss=0.000505 seconds=0.05
epoch=54/80 loss=0.000518 seconds=0.05
epoch=55/80 loss=0.000324 seconds=0.05
epoch=56/80 loss=0.000365 seconds=0.03
epoch=57/80 loss=0.000649 seconds=0.05
epoch=58/80 loss=0.000280 seconds=0.03
epoch=59/80 loss=0.000471 seconds=0.03
epoch=60/80 loss=0.000935 seconds=0.05
epoch=61/80 loss=0.000309 seconds=0.03
epoch=62/80 loss=0.000721 seconds=0.05
epoch=63/80 loss=0.000243 seconds=0.05
epoch=64/80 loss=0.000973 seconds=0.05
epoch=65/80 loss=0.001306 seconds=0.05
epoch=66/80 loss=0.000640 seconds=0.05
epoch=67/80 loss=0.000894 seconds=0.05
epoch=68/80 loss=0.000426 seconds=0.05
epoch=69/80 loss=0.017150 seconds=0.05
epoch=70/80 loss=0.024032 seconds=0.05
epoch=71/80 loss=0.001216 seconds=0.05
epoch=72/80 loss=0.026479 seconds=0.05
epoch=73/80 loss=0.028730 seconds=0.03
epoch=74/80 loss=0.065848 seconds=0.05
epoch=75/80 loss=0.016202 seconds=0.05
epoch=76/80 loss=0.017762 seconds=0.03
epoch=77/80 loss=0.006489 seconds=0.05
epoch=78/80 loss=0.014183 seconds=0.05
epoch=79/80 loss=0.006901 seconds=0.05
epoch=80/80 loss=0.004152 seconds=0.05
fold=6/10 OOF_accuracy=0.800000 OOF_AUC=0.813397
Device=cuda; epochs=80; batch=32; model=ResNet1D
epoch=1/80 loss=0.462787 seconds=0.05
epoch=2/80 loss=0.109825 seconds=0.03
epoch=3/80 loss=0.060119 seconds=0.03
epoch=4/80 loss=0.026058 seconds=0.05
epoch=5/80 loss=0.026271 seconds=0.05
epoch=6/80 loss=0.019673 seconds=0.03
epoch=7/80 loss=0.012802 seconds=0.05
epoch=8/80 loss=0.010397 seconds=0.08
epoch=9/80 loss=0.011919 seconds=0.05
epoch=10/80 loss=0.013595 seconds=0.05
epoch=11/80 loss=0.008808 seconds=0.05
epoch=12/80 loss=0.018493 seconds=0.03
epoch=13/80 loss=0.021227 seconds=0.05
epoch=14/80 loss=0.004580 seconds=0.05
epoch=15/80 loss=0.005129 seconds=0.03
epoch=16/80 loss=0.012401 seconds=0.06
epoch=17/80 loss=0.004206 seconds=0.03
epoch=18/80 loss=0.009524 seconds=0.05
epoch=19/80 loss=0.014963 seconds=0.03
epoch=20/80 loss=0.018350 seconds=0.03
epoch=21/80 loss=0.048162 seconds=0.05
epoch=22/80 loss=0.023054 seconds=0.05
epoch=23/80 loss=0.026834 seconds=0.03
epoch=24/80 loss=0.036827 seconds=0.05
epoch=25/80 loss=0.015910 seconds=0.03
epoch=26/80 loss=0.004093 seconds=0.06
epoch=27/80 loss=0.004286 seconds=0.06
epoch=28/80 loss=0.018632 seconds=0.06
epoch=29/80 loss=0.002018 seconds=0.05
epoch=30/80 loss=0.039691 seconds=0.06
epoch=31/80 loss=0.007265 seconds=0.08
epoch=32/80 loss=0.014335 seconds=0.08
epoch=33/80 loss=0.002515 seconds=0.06
epoch=34/80 loss=0.014720 seconds=0.05
epoch=35/80 loss=0.004418 seconds=0.03
epoch=36/80 loss=0.002493 seconds=0.05
epoch=37/80 loss=0.008841 seconds=0.03
epoch=38/80 loss=0.001917 seconds=0.05
epoch=39/80 loss=0.004979 seconds=0.03
epoch=40/80 loss=0.001964 seconds=0.05
epoch=41/80 loss=0.000779 seconds=0.03
epoch=42/80 loss=0.001386 seconds=0.05
epoch=43/80 loss=0.003700 seconds=0.03
epoch=44/80 loss=0.000808 seconds=0.05
epoch=45/80 loss=0.003273 seconds=0.05
epoch=46/80 loss=0.003359 seconds=0.03
epoch=47/80 loss=0.000760 seconds=0.03
epoch=48/80 loss=0.004597 seconds=0.05
epoch=49/80 loss=0.001689 seconds=0.05
epoch=50/80 loss=0.027076 seconds=0.03
epoch=51/80 loss=0.003888 seconds=0.05
epoch=52/80 loss=0.054270 seconds=0.03
epoch=53/80 loss=0.013728 seconds=0.05
epoch=54/80 loss=0.016807 seconds=0.05
epoch=55/80 loss=0.004119 seconds=0.03
epoch=56/80 loss=0.006532 seconds=0.05
epoch=57/80 loss=0.008440 seconds=0.03
epoch=58/80 loss=0.001040 seconds=0.05
epoch=59/80 loss=0.000994 seconds=0.03
epoch=60/80 loss=0.004846 seconds=0.03
epoch=61/80 loss=0.001249 seconds=0.05
epoch=62/80 loss=0.000883 seconds=0.03
epoch=63/80 loss=0.001047 seconds=0.03
epoch=64/80 loss=0.001081 seconds=0.05
epoch=65/80 loss=0.002101 seconds=0.03
epoch=66/80 loss=0.000845 seconds=0.03
epoch=67/80 loss=0.001739 seconds=0.05
epoch=68/80 loss=0.000497 seconds=0.03
epoch=69/80 loss=0.001194 seconds=0.05
epoch=70/80 loss=0.000309 seconds=0.03
epoch=71/80 loss=0.000362 seconds=0.05
epoch=72/80 loss=0.001026 seconds=0.03
epoch=73/80 loss=0.000350 seconds=0.05
epoch=74/80 loss=0.001234 seconds=0.03
epoch=75/80 loss=0.000396 seconds=0.05
epoch=76/80 loss=0.013293 seconds=0.05
epoch=77/80 loss=0.007078 seconds=0.03
epoch=78/80 loss=0.046476 seconds=0.03
epoch=79/80 loss=0.010038 seconds=0.05
epoch=80/80 loss=0.003172 seconds=0.03
fold=7/10 OOF_accuracy=0.766667 OOF_AUC=0.794258
Device=cuda; epochs=80; batch=32; model=ResNet1D
epoch=1/80 loss=0.414755 seconds=0.05
epoch=2/80 loss=0.091682 seconds=0.03
epoch=3/80 loss=0.048967 seconds=0.03
epoch=4/80 loss=0.028292 seconds=0.05
epoch=5/80 loss=0.021449 seconds=0.03
epoch=6/80 loss=0.022298 seconds=0.03
epoch=7/80 loss=0.012241 seconds=0.05
epoch=8/80 loss=0.008576 seconds=0.03
epoch=9/80 loss=0.009793 seconds=0.03
epoch=10/80 loss=0.010755 seconds=0.05
epoch=11/80 loss=0.004876 seconds=0.05
epoch=12/80 loss=0.020779 seconds=0.03
epoch=13/80 loss=0.024006 seconds=0.03
epoch=14/80 loss=0.005149 seconds=0.05
epoch=15/80 loss=0.004709 seconds=0.03
epoch=16/80 loss=0.007839 seconds=0.05
epoch=17/80 loss=0.015303 seconds=0.03
epoch=18/80 loss=0.014949 seconds=0.05
epoch=19/80 loss=0.021769 seconds=0.03
epoch=20/80 loss=0.005030 seconds=0.03
epoch=21/80 loss=0.004600 seconds=0.05
epoch=22/80 loss=0.006265 seconds=0.05
epoch=23/80 loss=0.009536 seconds=0.03
epoch=24/80 loss=0.018371 seconds=0.05
epoch=25/80 loss=0.019761 seconds=0.03
epoch=26/80 loss=0.017216 seconds=0.03
epoch=27/80 loss=0.004354 seconds=0.05
epoch=28/80 loss=0.015999 seconds=0.05
epoch=29/80 loss=0.007666 seconds=0.03
epoch=30/80 loss=0.010600 seconds=0.03
epoch=31/80 loss=0.040049 seconds=0.05
epoch=32/80 loss=0.006267 seconds=0.03
epoch=33/80 loss=0.012600 seconds=0.03
epoch=34/80 loss=0.001682 seconds=0.03
epoch=35/80 loss=0.011641 seconds=0.03
epoch=36/80 loss=0.002018 seconds=0.05
epoch=37/80 loss=0.002058 seconds=0.03
epoch=38/80 loss=0.002526 seconds=0.05
epoch=39/80 loss=0.002102 seconds=0.05
epoch=40/80 loss=0.001664 seconds=0.03
epoch=41/80 loss=0.000742 seconds=0.05
epoch=42/80 loss=0.001552 seconds=0.03
epoch=43/80 loss=0.000842 seconds=0.05
epoch=44/80 loss=0.000838 seconds=0.03
epoch=45/80 loss=0.000953 seconds=0.05
epoch=46/80 loss=0.000961 seconds=0.03
epoch=47/80 loss=0.000556 seconds=0.03
epoch=48/80 loss=0.000580 seconds=0.03
epoch=49/80 loss=0.000758 seconds=0.05
epoch=50/80 loss=0.000506 seconds=0.03
epoch=51/80 loss=0.000735 seconds=0.05
epoch=52/80 loss=0.000523 seconds=0.03
epoch=53/80 loss=0.000569 seconds=0.03
epoch=54/80 loss=0.000403 seconds=0.05
epoch=55/80 loss=0.000347 seconds=0.03
epoch=56/80 loss=0.000421 seconds=0.03
epoch=57/80 loss=0.000657 seconds=0.05
epoch=58/80 loss=0.000329 seconds=0.03
epoch=59/80 loss=0.001160 seconds=0.05
epoch=60/80 loss=0.001250 seconds=0.03
epoch=61/80 loss=0.000339 seconds=0.03
epoch=62/80 loss=0.000757 seconds=0.03
epoch=63/80 loss=0.000310 seconds=0.05
epoch=64/80 loss=0.004066 seconds=0.03
epoch=65/80 loss=0.003612 seconds=0.05
epoch=66/80 loss=0.000497 seconds=0.05
epoch=67/80 loss=0.001422 seconds=0.05
epoch=68/80 loss=0.002853 seconds=0.03
epoch=69/80 loss=0.012666 seconds=0.03
epoch=70/80 loss=0.000554 seconds=0.03
epoch=71/80 loss=0.001800 seconds=0.05
epoch=72/80 loss=0.014137 seconds=0.03
epoch=73/80 loss=0.000855 seconds=0.03
epoch=74/80 loss=0.008523 seconds=0.03
epoch=75/80 loss=0.000587 seconds=0.05
epoch=76/80 loss=0.013451 seconds=0.03
epoch=77/80 loss=0.008921 seconds=0.03
epoch=78/80 loss=0.002453 seconds=0.03
epoch=79/80 loss=0.000550 seconds=0.05
epoch=80/80 loss=0.013566 seconds=0.03
fold=8/10 OOF_accuracy=0.700000 OOF_AUC=0.684211
Device=cuda; epochs=80; batch=32; model=ResNet1D
epoch=1/80 loss=0.467291 seconds=0.05
epoch=2/80 loss=0.111531 seconds=0.03
epoch=3/80 loss=0.048800 seconds=0.03
epoch=4/80 loss=0.028954 seconds=0.03
epoch=5/80 loss=0.025601 seconds=0.05
epoch=6/80 loss=0.035262 seconds=0.03
epoch=7/80 loss=0.025424 seconds=0.05
epoch=8/80 loss=0.012128 seconds=0.05
epoch=9/80 loss=0.013106 seconds=0.03
epoch=10/80 loss=0.027798 seconds=0.03
epoch=11/80 loss=0.006904 seconds=0.05
epoch=12/80 loss=0.021006 seconds=0.03
epoch=13/80 loss=0.033245 seconds=0.05
epoch=14/80 loss=0.008047 seconds=0.06
epoch=15/80 loss=0.006053 seconds=0.06
epoch=16/80 loss=0.005621 seconds=0.06
epoch=17/80 loss=0.002720 seconds=0.05
epoch=18/80 loss=0.006621 seconds=0.08
epoch=19/80 loss=0.006390 seconds=0.06
epoch=20/80 loss=0.009584 seconds=0.06
epoch=21/80 loss=0.002895 seconds=0.05
epoch=22/80 loss=0.009340 seconds=0.03
epoch=23/80 loss=0.007856 seconds=0.03
epoch=24/80 loss=0.002063 seconds=0.05
epoch=25/80 loss=0.003574 seconds=0.03
epoch=26/80 loss=0.024657 seconds=0.03
epoch=27/80 loss=0.006740 seconds=0.03
epoch=28/80 loss=0.001972 seconds=0.05
epoch=29/80 loss=0.001232 seconds=0.03
epoch=30/80 loss=0.001832 seconds=0.05
epoch=31/80 loss=0.001811 seconds=0.03
epoch=32/80 loss=0.001693 seconds=0.05
epoch=33/80 loss=0.001022 seconds=0.03
epoch=34/80 loss=0.001073 seconds=0.03
epoch=35/80 loss=0.001273 seconds=0.03
epoch=36/80 loss=0.001154 seconds=0.05
epoch=37/80 loss=0.001031 seconds=0.03
epoch=38/80 loss=0.001057 seconds=0.03
epoch=39/80 loss=0.001896 seconds=0.03
epoch=40/80 loss=0.001519 seconds=0.05
epoch=41/80 loss=0.000483 seconds=0.03
epoch=42/80 loss=0.000793 seconds=0.03
epoch=43/80 loss=0.000649 seconds=0.03
epoch=44/80 loss=0.000507 seconds=0.03
epoch=45/80 loss=0.000666 seconds=0.05
epoch=46/80 loss=0.000816 seconds=0.03
epoch=47/80 loss=0.000385 seconds=0.05
epoch=48/80 loss=0.000528 seconds=0.03
epoch=49/80 loss=0.001209 seconds=0.03
epoch=50/80 loss=0.008503 seconds=0.03
epoch=51/80 loss=0.034095 seconds=0.05
epoch=52/80 loss=0.003685 seconds=0.03
epoch=53/80 loss=0.001624 seconds=0.03
epoch=54/80 loss=0.007890 seconds=0.03
epoch=55/80 loss=0.004252 seconds=0.05
epoch=56/80 loss=0.001623 seconds=0.03
epoch=57/80 loss=0.006127 seconds=0.05
epoch=58/80 loss=0.001700 seconds=0.03
epoch=59/80 loss=0.026070 seconds=0.03
epoch=60/80 loss=0.075283 seconds=0.03
epoch=61/80 loss=0.007642 seconds=0.05
epoch=62/80 loss=0.010270 seconds=0.05
epoch=63/80 loss=0.004541 seconds=0.03
epoch=64/80 loss=0.042293 seconds=0.03
epoch=65/80 loss=0.055629 seconds=0.03
epoch=66/80 loss=0.008214 seconds=0.05
epoch=67/80 loss=0.002739 seconds=0.05
epoch=68/80 loss=0.002103 seconds=0.03
epoch=69/80 loss=0.007985 seconds=0.03
epoch=70/80 loss=0.001471 seconds=0.03
epoch=71/80 loss=0.004285 seconds=0.05
epoch=72/80 loss=0.007400 seconds=0.03
epoch=73/80 loss=0.001482 seconds=0.03
epoch=74/80 loss=0.003701 seconds=0.03
epoch=75/80 loss=0.001302 seconds=0.03
epoch=76/80 loss=0.003550 seconds=0.05
epoch=77/80 loss=0.000695 seconds=0.03
epoch=78/80 loss=0.016535 seconds=0.03
epoch=79/80 loss=0.000827 seconds=0.05
epoch=80/80 loss=0.000878 seconds=0.03
fold=9/10 OOF_accuracy=0.733333 OOF_AUC=0.765550
Device=cuda; epochs=80; batch=32; model=ResNet1D
epoch=1/80 loss=0.440284 seconds=0.03
epoch=2/80 loss=0.117111 seconds=0.05
epoch=3/80 loss=0.050706 seconds=0.03
epoch=4/80 loss=0.030664 seconds=0.05
epoch=5/80 loss=0.023753 seconds=0.03
epoch=6/80 loss=0.028308 seconds=0.05
epoch=7/80 loss=0.013914 seconds=0.03
epoch=8/80 loss=0.010464 seconds=0.05
epoch=9/80 loss=0.012754 seconds=0.03
epoch=10/80 loss=0.018524 seconds=0.05
epoch=11/80 loss=0.007032 seconds=0.03
epoch=12/80 loss=0.009452 seconds=0.05
epoch=13/80 loss=0.011238 seconds=0.03
epoch=14/80 loss=0.003244 seconds=0.03
epoch=15/80 loss=0.004591 seconds=0.05
epoch=16/80 loss=0.014097 seconds=0.03
epoch=17/80 loss=0.008110 seconds=0.05
epoch=18/80 loss=0.007130 seconds=0.03
epoch=19/80 loss=0.017156 seconds=0.05
epoch=20/80 loss=0.010749 seconds=0.05
epoch=21/80 loss=0.013884 seconds=0.03
epoch=22/80 loss=0.033680 seconds=0.03
epoch=23/80 loss=0.043765 seconds=0.05
epoch=24/80 loss=0.013343 seconds=0.03
epoch=25/80 loss=0.009194 seconds=0.03
epoch=26/80 loss=0.005949 seconds=0.05
epoch=27/80 loss=0.004634 seconds=0.03
epoch=28/80 loss=0.004236 seconds=0.05
epoch=29/80 loss=0.001545 seconds=0.03
epoch=30/80 loss=0.002086 seconds=0.05
epoch=31/80 loss=0.001872 seconds=0.03
epoch=32/80 loss=0.004044 seconds=0.05
epoch=33/80 loss=0.001141 seconds=0.03
epoch=34/80 loss=0.001393 seconds=0.05
epoch=35/80 loss=0.002623 seconds=0.05
epoch=36/80 loss=0.001333 seconds=0.03
epoch=37/80 loss=0.001417 seconds=0.05
epoch=38/80 loss=0.003479 seconds=0.05
epoch=39/80 loss=0.001999 seconds=0.05
epoch=40/80 loss=0.003398 seconds=0.03
epoch=41/80 loss=0.000785 seconds=0.05
epoch=42/80 loss=0.005786 seconds=0.03
epoch=43/80 loss=0.000826 seconds=0.05
epoch=44/80 loss=0.000903 seconds=0.03
epoch=45/80 loss=0.001517 seconds=0.05
epoch=46/80 loss=0.003165 seconds=0.03
epoch=47/80 loss=0.000839 seconds=0.03
epoch=48/80 loss=0.000672 seconds=0.03
epoch=49/80 loss=0.024503 seconds=0.05
epoch=50/80 loss=0.004721 seconds=0.05
epoch=51/80 loss=0.061824 seconds=0.03
epoch=52/80 loss=0.060865 seconds=0.05
epoch=53/80 loss=0.010005 seconds=0.03
epoch=54/80 loss=0.011853 seconds=0.03
epoch=55/80 loss=0.004529 seconds=0.05
epoch=56/80 loss=0.006726 seconds=0.05
epoch=57/80 loss=0.005852 seconds=0.03
epoch=58/80 loss=0.002894 seconds=0.03
epoch=59/80 loss=0.002328 seconds=0.03
epoch=60/80 loss=0.003402 seconds=0.05
epoch=61/80 loss=0.001298 seconds=0.03
epoch=62/80 loss=0.001340 seconds=0.03
epoch=63/80 loss=0.000780 seconds=0.05
epoch=64/80 loss=0.001672 seconds=0.03
epoch=65/80 loss=0.002005 seconds=0.05
epoch=66/80 loss=0.001224 seconds=0.05
epoch=67/80 loss=0.000896 seconds=0.05
epoch=68/80 loss=0.000529 seconds=0.03
epoch=69/80 loss=0.001068 seconds=0.05
epoch=70/80 loss=0.000375 seconds=0.05
epoch=71/80 loss=0.000545 seconds=0.03
epoch=72/80 loss=0.000999 seconds=0.05
epoch=73/80 loss=0.000538 seconds=0.03
epoch=74/80 loss=0.001611 seconds=0.05
epoch=75/80 loss=0.000405 seconds=0.03
epoch=76/80 loss=0.011400 seconds=0.03
epoch=77/80 loss=0.022667 seconds=0.05
epoch=78/80 loss=0.047214 seconds=0.03
epoch=79/80 loss=0.006012 seconds=0.05
epoch=80/80 loss=0.005000 seconds=0.03
fold=10/10 OOF_accuracy=0.666667 OOF_AUC=0.732057
Frozen Train OOF threshold=0.99634969234466553; objective=accuracy; OOF selection accuracy=0.770000
Device=cuda; epochs=80; batch=32; model=ResNet1D
epoch=1/80 loss=0.403167 seconds=0.06
epoch=2/80 loss=0.105039 seconds=0.03
epoch=3/80 loss=0.045695 seconds=0.05
epoch=4/80 loss=0.046329 seconds=0.03
epoch=5/80 loss=0.030615 seconds=0.05
epoch=6/80 loss=0.033494 seconds=0.05
epoch=7/80 loss=0.017690 seconds=0.03
epoch=8/80 loss=0.027066 seconds=0.05
epoch=9/80 loss=0.058789 seconds=0.03
epoch=10/80 loss=0.030666 seconds=0.05
epoch=11/80 loss=0.018420 seconds=0.05
epoch=12/80 loss=0.011812 seconds=0.03
epoch=13/80 loss=0.018299 seconds=0.05
epoch=14/80 loss=0.015048 seconds=0.05
epoch=15/80 loss=0.026526 seconds=0.06
epoch=16/80 loss=0.010154 seconds=0.06
epoch=17/80 loss=0.005980 seconds=0.05
epoch=18/80 loss=0.010138 seconds=0.05
epoch=19/80 loss=0.005629 seconds=0.05
epoch=20/80 loss=0.003340 seconds=0.05
epoch=21/80 loss=0.002201 seconds=0.05
epoch=22/80 loss=0.005421 seconds=0.06
epoch=23/80 loss=0.006264 seconds=0.05
epoch=24/80 loss=0.022746 seconds=0.03
epoch=25/80 loss=0.069487 seconds=0.05
epoch=26/80 loss=0.084428 seconds=0.05
epoch=27/80 loss=0.035860 seconds=0.03
epoch=28/80 loss=0.051620 seconds=0.05
epoch=29/80 loss=0.014131 seconds=0.05
epoch=30/80 loss=0.012335 seconds=0.05
epoch=31/80 loss=0.010896 seconds=0.05
epoch=32/80 loss=0.023595 seconds=0.03
epoch=33/80 loss=0.046229 seconds=0.05
epoch=34/80 loss=0.013989 seconds=0.05
epoch=35/80 loss=0.024233 seconds=0.05
epoch=36/80 loss=0.004801 seconds=0.05
epoch=37/80 loss=0.019783 seconds=0.03
epoch=38/80 loss=0.014677 seconds=0.05
epoch=39/80 loss=0.008057 seconds=0.03
epoch=40/80 loss=0.019706 seconds=0.05
epoch=41/80 loss=0.031288 seconds=0.03
epoch=42/80 loss=0.015759 seconds=0.05
epoch=43/80 loss=0.006913 seconds=0.03
epoch=44/80 loss=0.004460 seconds=0.05
epoch=45/80 loss=0.002106 seconds=0.05
epoch=46/80 loss=0.001155 seconds=0.05
epoch=47/80 loss=0.001717 seconds=0.05
epoch=48/80 loss=0.010537 seconds=0.05
epoch=49/80 loss=0.004786 seconds=0.05
epoch=50/80 loss=0.003763 seconds=0.03
epoch=51/80 loss=0.008887 seconds=0.05
epoch=52/80 loss=0.024381 seconds=0.03
epoch=53/80 loss=0.032416 seconds=0.05
epoch=54/80 loss=0.078297 seconds=0.03
epoch=55/80 loss=0.012466 seconds=0.05
epoch=56/80 loss=0.008832 seconds=0.03
epoch=57/80 loss=0.003305 seconds=0.05
epoch=58/80 loss=0.009034 seconds=0.05
epoch=59/80 loss=0.015313 seconds=0.03
epoch=60/80 loss=0.057540 seconds=0.05
epoch=61/80 loss=0.027536 seconds=0.05
epoch=62/80 loss=0.057381 seconds=0.05
epoch=63/80 loss=0.092412 seconds=0.05
epoch=64/80 loss=0.079470 seconds=0.05
epoch=65/80 loss=0.020985 seconds=0.03
epoch=66/80 loss=0.015012 seconds=0.05
epoch=67/80 loss=0.027871 seconds=0.05
epoch=68/80 loss=0.031610 seconds=0.05
epoch=69/80 loss=0.028301 seconds=0.05
epoch=70/80 loss=0.022549 seconds=0.03
epoch=71/80 loss=0.008004 seconds=0.05
epoch=72/80 loss=0.008191 seconds=0.05
epoch=73/80 loss=0.003611 seconds=0.05
epoch=74/80 loss=0.003117 seconds=0.03
epoch=75/80 loss=0.005336 seconds=0.05
epoch=76/80 loss=0.002201 seconds=0.05
epoch=77/80 loss=0.002404 seconds=0.03
epoch=78/80 loss=0.002190 seconds=0.05
epoch=79/80 loss=0.002309 seconds=0.03
epoch=80/80 loss=0.001570 seconds=0.05
{"cv_oof": {"accuracy": 0.7333333333333333, "balanced_accuracy": 0.7045717592592593, "sensitivity": 0.6018518518518519, "specificity": 0.8072916666666666, "f1_macro": 0.7069597069597069, "roc_auc": 0.7428626543209877, "confusion_matrix": [[155, 37], [43, 65]], "classification_report": {"0": {"precision": 0.7828282828282829, "recall": 0.8072916666666666, "f1-score": 0.7948717948717948, "support": 192.0}, "1": {"precision": 0.6372549019607843, "recall": 0.6018518518518519, "f1-score": 0.6190476190476191, "support": 108.0}, "accuracy": 0.7333333333333333, "macro avg": {"precision": 0.7100415923945336, "recall": 0.7045717592592593, "f1-score": 0.7069597069597069, "support": 300.0}, "weighted avg": {"precision": 0.7304218657159833, "recall": 0.7333333333333333, "f1-score": 0.7315750915750916, "support": 300.0}}}, "test": {"accuracy": 0.7671232876712328, "balanced_accuracy": 0.7160392798690671, "sensitivity": 0.5384615384615384, "specificity": 0.8936170212765957, "f1_macro": 0.7269526952695269, "roc_auc": 0.8322422258592471, "confusion_matrix": [[42, 5], [12, 14]], "classification_report": {"0": {"precision": 0.7777777777777778, "recall": 0.8936170212765957, "f1-score": 0.8316831683168316, "support": 47.0}, "1": {"precision": 0.7368421052631579, "recall": 0.5384615384615384, "f1-score": 0.6222222222222222, "support": 26.0}, "accuracy": 0.7671232876712328, "macro avg": {"precision": 0.7573099415204678, "recall": 0.7160392798690671, "f1-score": 0.7269526952695269, "support": 73.0}, "weighted avg": {"precision": 0.7631979492109269, "recall": 0.7671232876712328, "f1-score": 0.7570806395708063, "support": 73.0}}}, "folds": 10, "original_train_rows": 300, "train_rows": 300, "test_rows": 73, "elapsed_seconds": 40.15700000000652, "test_default": {"accuracy": 0.7534246575342466, "balanced_accuracy": 0.739770867430442, "sensitivity": 0.6923076923076923, "specificity": 0.7872340425531915, "f1_macro": 0.7355072463768115, "roc_auc": 0.8322422258592471, "confusion_matrix": [[37, 10], [8, 18]], "classification_report": {"0": {"precision": 0.8222222222222222, "recall": 0.7872340425531915, "f1-score": 0.8043478260869565, "support": 47.0}, "1": {"precision": 0.6428571428571429, "recall": 0.6923076923076923, "f1-score": 0.6666666666666666, "support": 26.0}, "accuracy": 0.7534246575342466, "macro avg": {"precision": 0.7325396825396826, "recall": 0.739770867430442, "f1-score": 0.7355072463768115, "support": 73.0}, "weighted avg": {"precision": 0.7583387692976734, "recall": 0.7534246575342466, "f1-score": 0.7553107008139767, "support": 73.0}}}, "decision_threshold": 0.9963496923446655, "oof_threshold_selection": {"accuracy": 0.77, "balanced_accuracy": 0.712962962962963, "sensitivity": 0.5092592592592593, "specificity": 0.9166666666666666, "f1_macro": 0.7253148263644688, "roc_auc": 0.7428626543209877, "confusion_matrix": [[176, 16], [53, 55]], "classification_report": {"0": {"precision": 0.7685589519650655, "recall": 0.9166666666666666, "f1-score": 0.836104513064133, "support": 192.0}, "1": {"precision": 0.7746478873239436, "recall": 0.5092592592592593, "f1-score": 0.6145251396648045, "support": 108.0}, "accuracy": 0.77, "macro avg": {"precision": 0.7716034196445045, "recall": 0.712962962962963, "f1-score": 0.7253148263644688, "support": 300.0}, "weighted avg": {"precision": 0.7707509686942616, "recall": 0.77, "f1-score": 0.7563359386403747, "support": 300.0}}}, "test_accuracy_change": 0.013698630136986245}
