Command: ["C:\\Users\\IHCK\\AppData\\Local\\Programs\\Python\\Python312\\python.exe", "-u", "C:\\Users\\IHCK\\Desktop\\1_10_69Final\\Hippocampal-Shape-Analysis-for-Epilepsy-Detection\\Model\\train_dataset_model.py", "--dataset", "plsda_latent_features", "--side", "left", "--model", "MLP", "--kind", "latent", "--train-csv", "C:\\Users\\IHCK\\Desktop\\1_10_69Final\\Hippocampal-Shape-Analysis-for-Epilepsy-Detection\\Output_Dataset\\plsda_latent_features\\left\\train_plsda_latent_features.csv", "--test-csv", "C:\\Users\\IHCK\\Desktop\\1_10_69Final\\Hippocampal-Shape-Analysis-for-Epilepsy-Detection\\Output_Dataset\\plsda_latent_features\\left\\test_plsda_latent_features.csv", "--output-dir", "C:\\Users\\IHCK\\Desktop\\1_10_69Final\\Hippocampal-Shape-Analysis-for-Epilepsy-Detection\\Model_Results\\dataset_runs_20261003_oof_threshold\\plsda_latent_features\\left\\MLP", "--epochs", "80", "--folds", "10", "--pls-components", "8", "--seed", "42", "--threads", "2", "--tune-threshold"]
10-fold CV: dataset=plsda_latent_features side=left model=MLP; original_train=300 test=73
Iteration 1, loss = 0.72692489
Iteration 2, loss = 0.68223688
Iteration 3, loss = 0.64202827
Iteration 4, loss = 0.60539992
Iteration 5, loss = 0.57007606
Iteration 6, loss = 0.53524016
Iteration 7, loss = 0.50241906
Iteration 8, loss = 0.46998111
Iteration 9, loss = 0.43706000
Iteration 10, loss = 0.40480437
Iteration 11, loss = 0.37217050
Iteration 12, loss = 0.34063350
Iteration 13, loss = 0.30983919
Iteration 14, loss = 0.28001967
Iteration 15, loss = 0.25136990
Iteration 16, loss = 0.22488203
Iteration 17, loss = 0.20013147
Iteration 18, loss = 0.17746808
Iteration 19, loss = 0.15733487
Iteration 20, loss = 0.13906451
Iteration 21, loss = 0.12292831
Iteration 22, loss = 0.10853772
Iteration 23, loss = 0.09594114
Iteration 24, loss = 0.08535616
Iteration 25, loss = 0.07556783
Iteration 26, loss = 0.06744597
Iteration 27, loss = 0.06029230
Iteration 28, loss = 0.05415632
Iteration 29, loss = 0.04886009
Iteration 30, loss = 0.04443708
Iteration 31, loss = 0.04037905
Iteration 32, loss = 0.03685721
Iteration 33, loss = 0.03383259
Iteration 34, loss = 0.03120342
Iteration 35, loss = 0.02889621
Iteration 36, loss = 0.02673930
Iteration 37, loss = 0.02498286
Iteration 38, loss = 0.02337537
Iteration 39, loss = 0.02184404
Iteration 40, loss = 0.02060800
Iteration 41, loss = 0.01943016
Iteration 42, loss = 0.01835112
Iteration 43, loss = 0.01736256
Iteration 44, loss = 0.01646857
Iteration 45, loss = 0.01566101
Iteration 46, loss = 0.01487803
Iteration 47, loss = 0.01422568
Iteration 48, loss = 0.01354514
Iteration 49, loss = 0.01299839
Iteration 50, loss = 0.01241027
Iteration 51, loss = 0.01191794
Iteration 52, loss = 0.01143303
Iteration 53, loss = 0.01100390
Iteration 54, loss = 0.01058057
Iteration 55, loss = 0.01017451
Iteration 56, loss = 0.00983571
Iteration 57, loss = 0.00947727
Iteration 58, loss = 0.00915649
Iteration 59, loss = 0.00889710
Iteration 60, loss = 0.00859873
Iteration 61, loss = 0.00830789
Iteration 62, loss = 0.00806885
Iteration 63, loss = 0.00780871
Iteration 64, loss = 0.00759382
Iteration 65, loss = 0.00736963
Iteration 66, loss = 0.00715600
Iteration 67, loss = 0.00695314
Iteration 68, loss = 0.00674440
Iteration 69, loss = 0.00654752
Iteration 70, loss = 0.00636594
Iteration 71, loss = 0.00617771
Iteration 72, loss = 0.00601932
Iteration 73, loss = 0.00585360
Iteration 74, loss = 0.00569561
Iteration 75, loss = 0.00554320
Iteration 76, loss = 0.00541759
Iteration 77, loss = 0.00528971
Iteration 78, loss = 0.00516376
Iteration 79, loss = 0.00504026
Iteration 80, loss = 0.00493341
Iteration 81, loss = 0.00482462
Iteration 82, loss = 0.00470787
Iteration 83, loss = 0.00460623
Iteration 84, loss = 0.00449763
Iteration 85, loss = 0.00439241
Iteration 86, loss = 0.00431431
Iteration 87, loss = 0.00420825
Iteration 88, loss = 0.00412060
Iteration 89, loss = 0.00403284
Iteration 90, loss = 0.00395256
Iteration 91, loss = 0.00386718
Iteration 92, loss = 0.00379701
Iteration 93, loss = 0.00372402
Iteration 94, loss = 0.00365500
Iteration 95, loss = 0.00357934
Iteration 96, loss = 0.00350754
Iteration 97, loss = 0.00343888
Iteration 98, loss = 0.00337814
Training loss did not improve more than tol=0.000100 for 10 consecutive epochs. Stopping.
fold=1/10 OOF_accuracy=0.766667 OOF_AUC=0.730000
Iteration 1, loss = 0.72626652
Iteration 2, loss = 0.68187689
Iteration 3, loss = 0.64223299
Iteration 4, loss = 0.60458654
Iteration 5, loss = 0.56989594
Iteration 6, loss = 0.53499052
Iteration 7, loss = 0.50179091
Iteration 8, loss = 0.46855081
Iteration 9, loss = 0.43512396
Iteration 10, loss = 0.40167674
Iteration 11, loss = 0.36857728
Iteration 12, loss = 0.33619037
Iteration 13, loss = 0.30508357
Iteration 14, loss = 0.27491280
Iteration 15, loss = 0.24578695
Iteration 16, loss = 0.21886560
Iteration 17, loss = 0.19401676
Iteration 18, loss = 0.17104069
Iteration 19, loss = 0.15078273
Iteration 20, loss = 0.13237581
Iteration 21, loss = 0.11655891
Iteration 22, loss = 0.10276133
Iteration 23, loss = 0.09072102
Iteration 24, loss = 0.08035676
Iteration 25, loss = 0.07148420
Iteration 26, loss = 0.06384115
Iteration 27, loss = 0.05717043
Iteration 28, loss = 0.05159924
Iteration 29, loss = 0.04671779
Iteration 30, loss = 0.04232074
Iteration 31, loss = 0.03866030
Iteration 32, loss = 0.03551781
Iteration 33, loss = 0.03256411
Iteration 34, loss = 0.03005601
Iteration 35, loss = 0.02790499
Iteration 36, loss = 0.02589448
Iteration 37, loss = 0.02422829
Iteration 38, loss = 0.02259763
Iteration 39, loss = 0.02117063
Iteration 40, loss = 0.01991706
Iteration 41, loss = 0.01884718
Iteration 42, loss = 0.01781687
Iteration 43, loss = 0.01691456
Iteration 44, loss = 0.01605488
Iteration 45, loss = 0.01521779
Iteration 46, loss = 0.01450331
Iteration 47, loss = 0.01382906
Iteration 48, loss = 0.01315238
Iteration 49, loss = 0.01261658
Iteration 50, loss = 0.01206966
Iteration 51, loss = 0.01158466
Iteration 52, loss = 0.01111231
Iteration 53, loss = 0.01067224
Iteration 54, loss = 0.01028716
Iteration 55, loss = 0.00990832
Iteration 56, loss = 0.00954272
Iteration 57, loss = 0.00922199
Iteration 58, loss = 0.00890709
Iteration 59, loss = 0.00861023
Iteration 60, loss = 0.00831655
Iteration 61, loss = 0.00806102
Iteration 62, loss = 0.00780386
Iteration 63, loss = 0.00754295
Iteration 64, loss = 0.00731341
Iteration 65, loss = 0.00710292
Iteration 66, loss = 0.00688234
Iteration 67, loss = 0.00669096
Iteration 68, loss = 0.00649163
Iteration 69, loss = 0.00631369
Iteration 70, loss = 0.00614824
Iteration 71, loss = 0.00597166
Iteration 72, loss = 0.00581904
Iteration 73, loss = 0.00565347
Iteration 74, loss = 0.00550824
Iteration 75, loss = 0.00536599
Iteration 76, loss = 0.00523294
Iteration 77, loss = 0.00509458
Iteration 78, loss = 0.00497803
Iteration 79, loss = 0.00485813
Iteration 80, loss = 0.00473720
Iteration 81, loss = 0.00463794
Iteration 82, loss = 0.00453164
Iteration 83, loss = 0.00443307
Iteration 84, loss = 0.00433759
Iteration 85, loss = 0.00424345
Iteration 86, loss = 0.00415279
Iteration 87, loss = 0.00407201
Iteration 88, loss = 0.00398754
Iteration 89, loss = 0.00391088
Iteration 90, loss = 0.00383169
Iteration 91, loss = 0.00375999
Iteration 92, loss = 0.00368665
Iteration 93, loss = 0.00361804
Training loss did not improve more than tol=0.000100 for 10 consecutive epochs. Stopping.
fold=2/10 OOF_accuracy=0.733333 OOF_AUC=0.640000
Iteration 1, loss = 0.72066751
Iteration 2, loss = 0.67641948
Iteration 3, loss = 0.63613522
Iteration 4, loss = 0.59780595
Iteration 5, loss = 0.56148786
Iteration 6, loss = 0.52562226
Iteration 7, loss = 0.49037860
Iteration 8, loss = 0.45595857
Iteration 9, loss = 0.42208455
Iteration 10, loss = 0.38877915
Iteration 11, loss = 0.35619641
Iteration 12, loss = 0.32500835
Iteration 13, loss = 0.29498445
Iteration 14, loss = 0.26643971
Iteration 15, loss = 0.23924563
Iteration 16, loss = 0.21442862
Iteration 17, loss = 0.19127893
Iteration 18, loss = 0.17020776
Iteration 19, loss = 0.15122284
Iteration 20, loss = 0.13425916
Iteration 21, loss = 0.11902886
Iteration 22, loss = 0.10577556
Iteration 23, loss = 0.09392335
Iteration 24, loss = 0.08363231
Iteration 25, loss = 0.07452394
Iteration 26, loss = 0.06659654
Iteration 27, loss = 0.05990039
Iteration 28, loss = 0.05384550
Iteration 29, loss = 0.04863193
Iteration 30, loss = 0.04411708
Iteration 31, loss = 0.04011671
Iteration 32, loss = 0.03663917
Iteration 33, loss = 0.03357605
Iteration 34, loss = 0.03079864
Iteration 35, loss = 0.02844945
Iteration 36, loss = 0.02625925
Iteration 37, loss = 0.02440593
Iteration 38, loss = 0.02267336
Iteration 39, loss = 0.02111914
Iteration 40, loss = 0.01980536
Iteration 41, loss = 0.01856820
Iteration 42, loss = 0.01745542
Iteration 43, loss = 0.01641874
Iteration 44, loss = 0.01554696
Iteration 45, loss = 0.01465843
Iteration 46, loss = 0.01388941
Iteration 47, loss = 0.01319397
Iteration 48, loss = 0.01251799
Iteration 49, loss = 0.01194164
Iteration 50, loss = 0.01136980
Iteration 51, loss = 0.01087911
Iteration 52, loss = 0.01037101
Iteration 53, loss = 0.00992843
Iteration 54, loss = 0.00952622
Iteration 55, loss = 0.00910383
Iteration 56, loss = 0.00876064
Iteration 57, loss = 0.00841039
Iteration 58, loss = 0.00809900
Iteration 59, loss = 0.00778407
Iteration 60, loss = 0.00751345
Iteration 61, loss = 0.00724415
Iteration 62, loss = 0.00699165
Iteration 63, loss = 0.00675740
Iteration 64, loss = 0.00651969
Iteration 65, loss = 0.00630390
Iteration 66, loss = 0.00610784
Iteration 67, loss = 0.00592227
Iteration 68, loss = 0.00573632
Iteration 69, loss = 0.00556450
Iteration 70, loss = 0.00540295
Iteration 71, loss = 0.00524544
Iteration 72, loss = 0.00510283
Iteration 73, loss = 0.00496447
Iteration 74, loss = 0.00482759
Iteration 75, loss = 0.00469309
Iteration 76, loss = 0.00456738
Iteration 77, loss = 0.00445479
Iteration 78, loss = 0.00434146
Iteration 79, loss = 0.00422544
Iteration 80, loss = 0.00412171
Iteration 81, loss = 0.00401746
Iteration 82, loss = 0.00392327
Iteration 83, loss = 0.00383397
Iteration 84, loss = 0.00373753
Iteration 85, loss = 0.00365469
Iteration 86, loss = 0.00357529
Iteration 87, loss = 0.00349426
Iteration 88, loss = 0.00341885
Iteration 89, loss = 0.00334330
Iteration 90, loss = 0.00327407
Iteration 91, loss = 0.00320449
Iteration 92, loss = 0.00314078
Training loss did not improve more than tol=0.000100 for 10 consecutive epochs. Stopping.
fold=3/10 OOF_accuracy=0.700000 OOF_AUC=0.746411
Iteration 1, loss = 0.72470256
Iteration 2, loss = 0.68080781
Iteration 3, loss = 0.64102584
Iteration 4, loss = 0.60316705
Iteration 5, loss = 0.56748753
Iteration 6, loss = 0.53165284
Iteration 7, loss = 0.49723388
Iteration 8, loss = 0.46317309
Iteration 9, loss = 0.42940967
Iteration 10, loss = 0.39614496
Iteration 11, loss = 0.36419878
Iteration 12, loss = 0.33282868
Iteration 13, loss = 0.30247117
Iteration 14, loss = 0.27385681
Iteration 15, loss = 0.24636185
Iteration 16, loss = 0.22053351
Iteration 17, loss = 0.19657857
Iteration 18, loss = 0.17461089
Iteration 19, loss = 0.15525460
Iteration 20, loss = 0.13745573
Iteration 21, loss = 0.12168891
Iteration 22, loss = 0.10787638
Iteration 23, loss = 0.09570602
Iteration 24, loss = 0.08543759
Iteration 25, loss = 0.07614709
Iteration 26, loss = 0.06814315
Iteration 27, loss = 0.06132715
Iteration 28, loss = 0.05552625
Iteration 29, loss = 0.05013888
Iteration 30, loss = 0.04556407
Iteration 31, loss = 0.04167393
Iteration 32, loss = 0.03814777
Iteration 33, loss = 0.03508087
Iteration 34, loss = 0.03233913
Iteration 35, loss = 0.02996688
Iteration 36, loss = 0.02773319
Iteration 37, loss = 0.02592249
Iteration 38, loss = 0.02420359
Iteration 39, loss = 0.02262983
Iteration 40, loss = 0.02127447
Iteration 41, loss = 0.02008545
Iteration 42, loss = 0.01895486
Iteration 43, loss = 0.01796659
Iteration 44, loss = 0.01701237
Iteration 45, loss = 0.01617639
Iteration 46, loss = 0.01536288
Iteration 47, loss = 0.01461986
Iteration 48, loss = 0.01388063
Iteration 49, loss = 0.01332370
Iteration 50, loss = 0.01272900
Iteration 51, loss = 0.01220013
Iteration 52, loss = 0.01170809
Iteration 53, loss = 0.01124471
Iteration 54, loss = 0.01081550
Iteration 55, loss = 0.01041172
Iteration 56, loss = 0.01005784
Iteration 57, loss = 0.00966519
Iteration 58, loss = 0.00931847
Iteration 59, loss = 0.00900486
Iteration 60, loss = 0.00867237
Iteration 61, loss = 0.00838359
Iteration 62, loss = 0.00809863
Iteration 63, loss = 0.00781050
Iteration 64, loss = 0.00757044
Iteration 65, loss = 0.00733372
Iteration 66, loss = 0.00711200
Iteration 67, loss = 0.00687980
Iteration 68, loss = 0.00668087
Iteration 69, loss = 0.00650161
Iteration 70, loss = 0.00631839
Iteration 71, loss = 0.00613294
Iteration 72, loss = 0.00596895
Iteration 73, loss = 0.00577583
Iteration 74, loss = 0.00561977
Iteration 75, loss = 0.00547715
Iteration 76, loss = 0.00532866
Iteration 77, loss = 0.00517891
Iteration 78, loss = 0.00506329
Iteration 79, loss = 0.00493629
Iteration 80, loss = 0.00480345
Iteration 81, loss = 0.00469535
Iteration 82, loss = 0.00457938
Iteration 83, loss = 0.00447209
Iteration 84, loss = 0.00436083
Iteration 85, loss = 0.00425364
Iteration 86, loss = 0.00415906
Iteration 87, loss = 0.00407072
Iteration 88, loss = 0.00396888
Iteration 89, loss = 0.00388903
Iteration 90, loss = 0.00380266
Iteration 91, loss = 0.00372060
Iteration 92, loss = 0.00364454
Iteration 93, loss = 0.00356868
Iteration 94, loss = 0.00349826
Iteration 95, loss = 0.00343115
Iteration 96, loss = 0.00336727
Iteration 97, loss = 0.00329944
Iteration 98, loss = 0.00324060
Iteration 99, loss = 0.00317853
Training loss did not improve more than tol=0.000100 for 10 consecutive epochs. Stopping.
fold=4/10 OOF_accuracy=0.766667 OOF_AUC=0.741627
Iteration 1, loss = 0.72816595
Iteration 2, loss = 0.68326211
Iteration 3, loss = 0.64246107
Iteration 4, loss = 0.60401176
Iteration 5, loss = 0.56781131
Iteration 6, loss = 0.53186869
Iteration 7, loss = 0.49741491
Iteration 8, loss = 0.46315520
Iteration 9, loss = 0.42917671
Iteration 10, loss = 0.39561079
Iteration 11, loss = 0.36309644
Iteration 12, loss = 0.33136147
Iteration 13, loss = 0.30078675
Iteration 14, loss = 0.27142867
Iteration 15, loss = 0.24394329
Iteration 16, loss = 0.21800593
Iteration 17, loss = 0.19439912
Iteration 18, loss = 0.17264196
Iteration 19, loss = 0.15314782
Iteration 20, loss = 0.13564790
Iteration 21, loss = 0.12022806
Iteration 22, loss = 0.10703822
Iteration 23, loss = 0.09520107
Iteration 24, loss = 0.08517474
Iteration 25, loss = 0.07655439
Iteration 26, loss = 0.06884246
Iteration 27, loss = 0.06244952
Iteration 28, loss = 0.05690187
Iteration 29, loss = 0.05198774
Iteration 30, loss = 0.04791245
Iteration 31, loss = 0.04428655
Iteration 32, loss = 0.04122803
Iteration 33, loss = 0.03837035
Iteration 34, loss = 0.03606647
Iteration 35, loss = 0.03385183
Iteration 36, loss = 0.03204267
Iteration 37, loss = 0.03034714
Iteration 38, loss = 0.02882137
Iteration 39, loss = 0.02744521
Iteration 40, loss = 0.02619345
Iteration 41, loss = 0.02513719
Iteration 42, loss = 0.02411473
Iteration 43, loss = 0.02322114
Iteration 44, loss = 0.02238835
Iteration 45, loss = 0.02151933
Iteration 46, loss = 0.02076073
Iteration 47, loss = 0.02002095
Iteration 48, loss = 0.01938206
Iteration 49, loss = 0.01873480
Iteration 50, loss = 0.01819663
Iteration 51, loss = 0.01764155
Iteration 52, loss = 0.01713220
Iteration 53, loss = 0.01668899
Iteration 54, loss = 0.01621976
Iteration 55, loss = 0.01580391
Iteration 56, loss = 0.01540947
Iteration 57, loss = 0.01500506
Iteration 58, loss = 0.01467817
Iteration 59, loss = 0.01432204
Iteration 60, loss = 0.01394897
Iteration 61, loss = 0.01362963
Iteration 62, loss = 0.01326043
Iteration 63, loss = 0.01292057
Iteration 64, loss = 0.01268047
Iteration 65, loss = 0.01237803
Iteration 66, loss = 0.01202097
Iteration 67, loss = 0.01177203
Iteration 68, loss = 0.01148767
Iteration 69, loss = 0.01120339
Iteration 70, loss = 0.01092807
Iteration 71, loss = 0.01073021
Iteration 72, loss = 0.01049850
Iteration 73, loss = 0.01025704
Iteration 74, loss = 0.01005956
Iteration 75, loss = 0.00981287
Iteration 76, loss = 0.00954898
Iteration 77, loss = 0.00935417
Iteration 78, loss = 0.00915830
Iteration 79, loss = 0.00902419
Iteration 80, loss = 0.00887747
Iteration 81, loss = 0.00875400
Iteration 82, loss = 0.00864837
Iteration 83, loss = 0.00845696
Iteration 84, loss = 0.00829793
Iteration 85, loss = 0.00804134
Iteration 86, loss = 0.00791344
Iteration 87, loss = 0.00779296
Iteration 88, loss = 0.00763418
Iteration 89, loss = 0.00751523
Iteration 90, loss = 0.00734672
Iteration 91, loss = 0.00719531
Iteration 92, loss = 0.00705621
Iteration 93, loss = 0.00691760
Iteration 94, loss = 0.00677806
Iteration 95, loss = 0.00666697
Iteration 96, loss = 0.00655985
Iteration 97, loss = 0.00645568
Iteration 98, loss = 0.00635120
Iteration 99, loss = 0.00625761
Iteration 100, loss = 0.00617243
Iteration 101, loss = 0.00608233
Iteration 102, loss = 0.00599465
Iteration 103, loss = 0.00587693
Iteration 104, loss = 0.00580042
Iteration 105, loss = 0.00568139
Iteration 106, loss = 0.00557669
Iteration 107, loss = 0.00548940
Iteration 108, loss = 0.00538942
Iteration 109, loss = 0.00530497
Iteration 110, loss = 0.00522224
Iteration 111, loss = 0.00513177
Iteration 112, loss = 0.00502690
Iteration 113, loss = 0.00493996
Iteration 114, loss = 0.00491923
Iteration 115, loss = 0.00482588
Iteration 116, loss = 0.00478668
Iteration 117, loss = 0.00468985
Iteration 118, loss = 0.00461573
Iteration 119, loss = 0.00450108
Iteration 120, loss = 0.00442745
Iteration 121, loss = 0.00435569
Iteration 122, loss = 0.00428685
Iteration 123, loss = 0.00424671
Iteration 124, loss = 0.00420216
Iteration 125, loss = 0.00416675
Iteration 126, loss = 0.00413563
Iteration 127, loss = 0.00407787
Iteration 128, loss = 0.00406169
Iteration 129, loss = 0.00398474
Iteration 130, loss = 0.00389595
Training loss did not improve more than tol=0.000100 for 10 consecutive epochs. Stopping.
fold=5/10 OOF_accuracy=0.666667 OOF_AUC=0.736842
Iteration 1, loss = 0.72069946
Iteration 2, loss = 0.67682560
Iteration 3, loss = 0.63735179
Iteration 4, loss = 0.60092909
Iteration 5, loss = 0.56691298
Iteration 6, loss = 0.53287422
Iteration 7, loss = 0.49964427
Iteration 8, loss = 0.46670112
Iteration 9, loss = 0.43416129
Iteration 10, loss = 0.40148544
Iteration 11, loss = 0.36953517
Iteration 12, loss = 0.33806543
Iteration 13, loss = 0.30780698
Iteration 14, loss = 0.27791638
Iteration 15, loss = 0.24978356
Iteration 16, loss = 0.22341137
Iteration 17, loss = 0.19883710
Iteration 18, loss = 0.17595167
Iteration 19, loss = 0.15577086
Iteration 20, loss = 0.13750986
Iteration 21, loss = 0.12118955
Iteration 22, loss = 0.10707810
Iteration 23, loss = 0.09444789
Iteration 24, loss = 0.08385043
Iteration 25, loss = 0.07452069
Iteration 26, loss = 0.06621865
Iteration 27, loss = 0.05915787
Iteration 28, loss = 0.05315592
Iteration 29, loss = 0.04795553
Iteration 30, loss = 0.04337365
Iteration 31, loss = 0.03935270
Iteration 32, loss = 0.03594495
Iteration 33, loss = 0.03289473
Iteration 34, loss = 0.03029788
Iteration 35, loss = 0.02795483
Iteration 36, loss = 0.02604980
Iteration 37, loss = 0.02417260
Iteration 38, loss = 0.02254632
Iteration 39, loss = 0.02108101
Iteration 40, loss = 0.01975489
Iteration 41, loss = 0.01861899
Iteration 42, loss = 0.01749264
Iteration 43, loss = 0.01653378
Iteration 44, loss = 0.01571808
Iteration 45, loss = 0.01490385
Iteration 46, loss = 0.01420611
Iteration 47, loss = 0.01353754
Iteration 48, loss = 0.01290016
Iteration 49, loss = 0.01230518
Iteration 50, loss = 0.01178163
Iteration 51, loss = 0.01130548
Iteration 52, loss = 0.01083133
Iteration 53, loss = 0.01040193
Iteration 54, loss = 0.00999852
Iteration 55, loss = 0.00963064
Iteration 56, loss = 0.00928861
Iteration 57, loss = 0.00894540
Iteration 58, loss = 0.00864132
Iteration 59, loss = 0.00835602
Iteration 60, loss = 0.00808364
Iteration 61, loss = 0.00782576
Iteration 62, loss = 0.00759106
Iteration 63, loss = 0.00734618
Iteration 64, loss = 0.00713762
Iteration 65, loss = 0.00692622
Iteration 66, loss = 0.00673138
Iteration 67, loss = 0.00652769
Iteration 68, loss = 0.00636823
Iteration 69, loss = 0.00618254
Iteration 70, loss = 0.00601337
Iteration 71, loss = 0.00584832
Iteration 72, loss = 0.00570386
Iteration 73, loss = 0.00555102
Iteration 74, loss = 0.00540725
Iteration 75, loss = 0.00527944
Iteration 76, loss = 0.00514360
Iteration 77, loss = 0.00502231
Iteration 78, loss = 0.00490716
Iteration 79, loss = 0.00478467
Iteration 80, loss = 0.00467637
Iteration 81, loss = 0.00456800
Iteration 82, loss = 0.00446393
Iteration 83, loss = 0.00436647
Iteration 84, loss = 0.00427438
Iteration 85, loss = 0.00418436
Iteration 86, loss = 0.00409157
Iteration 87, loss = 0.00400354
Iteration 88, loss = 0.00393016
Iteration 89, loss = 0.00384744
Iteration 90, loss = 0.00376840
Iteration 91, loss = 0.00369192
Iteration 92, loss = 0.00361859
Iteration 93, loss = 0.00355367
Training loss did not improve more than tol=0.000100 for 10 consecutive epochs. Stopping.
fold=6/10 OOF_accuracy=0.833333 OOF_AUC=0.827751
Iteration 1, loss = 0.72788865
Iteration 2, loss = 0.68270514
Iteration 3, loss = 0.64172073
Iteration 4, loss = 0.60355091
Iteration 5, loss = 0.56695730
Iteration 6, loss = 0.53067138
Iteration 7, loss = 0.49545438
Iteration 8, loss = 0.46066650
Iteration 9, loss = 0.42626801
Iteration 10, loss = 0.39294899
Iteration 11, loss = 0.36042186
Iteration 12, loss = 0.32865025
Iteration 13, loss = 0.29819856
Iteration 14, loss = 0.26883351
Iteration 15, loss = 0.24051430
Iteration 16, loss = 0.21469325
Iteration 17, loss = 0.19077557
Iteration 18, loss = 0.16893061
Iteration 19, loss = 0.14942075
Iteration 20, loss = 0.13195530
Iteration 21, loss = 0.11650803
Iteration 22, loss = 0.10340439
Iteration 23, loss = 0.09157783
Iteration 24, loss = 0.08162439
Iteration 25, loss = 0.07284575
Iteration 26, loss = 0.06523232
Iteration 27, loss = 0.05873238
Iteration 28, loss = 0.05318768
Iteration 29, loss = 0.04825456
Iteration 30, loss = 0.04398612
Iteration 31, loss = 0.04026085
Iteration 32, loss = 0.03703522
Iteration 33, loss = 0.03409875
Iteration 34, loss = 0.03161162
Iteration 35, loss = 0.02930405
Iteration 36, loss = 0.02729508
Iteration 37, loss = 0.02545278
Iteration 38, loss = 0.02388908
Iteration 39, loss = 0.02245134
Iteration 40, loss = 0.02114655
Iteration 41, loss = 0.01995278
Iteration 42, loss = 0.01892689
Iteration 43, loss = 0.01798452
Iteration 44, loss = 0.01713256
Iteration 45, loss = 0.01629759
Iteration 46, loss = 0.01558556
Iteration 47, loss = 0.01489237
Iteration 48, loss = 0.01424913
Iteration 49, loss = 0.01367495
Iteration 50, loss = 0.01309701
Iteration 51, loss = 0.01257230
Iteration 52, loss = 0.01207736
Iteration 53, loss = 0.01161427
Iteration 54, loss = 0.01119784
Iteration 55, loss = 0.01078682
Iteration 56, loss = 0.01041140
Iteration 57, loss = 0.01005143
Iteration 58, loss = 0.00969452
Iteration 59, loss = 0.00939079
Iteration 60, loss = 0.00908553
Iteration 61, loss = 0.00878043
Iteration 62, loss = 0.00852905
Iteration 63, loss = 0.00825076
Iteration 64, loss = 0.00803308
Iteration 65, loss = 0.00779544
Iteration 66, loss = 0.00756307
Iteration 67, loss = 0.00733561
Iteration 68, loss = 0.00713140
Iteration 69, loss = 0.00691149
Iteration 70, loss = 0.00671817
Iteration 71, loss = 0.00653124
Iteration 72, loss = 0.00636232
Iteration 73, loss = 0.00617463
Iteration 74, loss = 0.00601612
Iteration 75, loss = 0.00586107
Iteration 76, loss = 0.00571062
Iteration 77, loss = 0.00557105
Iteration 78, loss = 0.00543951
Iteration 79, loss = 0.00530174
Iteration 80, loss = 0.00517003
Iteration 81, loss = 0.00506232
Iteration 82, loss = 0.00493511
Iteration 83, loss = 0.00482494
Iteration 84, loss = 0.00471037
Iteration 85, loss = 0.00461226
Iteration 86, loss = 0.00450754
Iteration 87, loss = 0.00442621
Iteration 88, loss = 0.00431509
Iteration 89, loss = 0.00423279
Iteration 90, loss = 0.00414042
Iteration 91, loss = 0.00405692
Iteration 92, loss = 0.00397290
Iteration 93, loss = 0.00389707
Iteration 94, loss = 0.00381769
Iteration 95, loss = 0.00374112
Iteration 96, loss = 0.00368336
Iteration 97, loss = 0.00361949
Iteration 98, loss = 0.00356400
Iteration 99, loss = 0.00350562
Training loss did not improve more than tol=0.000100 for 10 consecutive epochs. Stopping.
fold=7/10 OOF_accuracy=0.766667 OOF_AUC=0.799043
Iteration 1, loss = 0.72429504
Iteration 2, loss = 0.68252724
Iteration 3, loss = 0.64390048
Iteration 4, loss = 0.60790804
Iteration 5, loss = 0.57375068
Iteration 6, loss = 0.53939562
Iteration 7, loss = 0.50607082
Iteration 8, loss = 0.47264918
Iteration 9, loss = 0.43926933
Iteration 10, loss = 0.40587094
Iteration 11, loss = 0.37289041
Iteration 12, loss = 0.34011194
Iteration 13, loss = 0.30862950
Iteration 14, loss = 0.27849778
Iteration 15, loss = 0.24913727
Iteration 16, loss = 0.22215137
Iteration 17, loss = 0.19688070
Iteration 18, loss = 0.17383745
Iteration 19, loss = 0.15341267
Iteration 20, loss = 0.13480418
Iteration 21, loss = 0.11876127
Iteration 22, loss = 0.10506360
Iteration 23, loss = 0.09299448
Iteration 24, loss = 0.08256396
Iteration 25, loss = 0.07369204
Iteration 26, loss = 0.06578690
Iteration 27, loss = 0.05920609
Iteration 28, loss = 0.05334377
Iteration 29, loss = 0.04836613
Iteration 30, loss = 0.04409209
Iteration 31, loss = 0.04031666
Iteration 32, loss = 0.03702190
Iteration 33, loss = 0.03412950
Iteration 34, loss = 0.03167378
Iteration 35, loss = 0.02944588
Iteration 36, loss = 0.02744373
Iteration 37, loss = 0.02563112
Iteration 38, loss = 0.02411134
Iteration 39, loss = 0.02264468
Iteration 40, loss = 0.02137915
Iteration 41, loss = 0.02019261
Iteration 42, loss = 0.01915187
Iteration 43, loss = 0.01819196
Iteration 44, loss = 0.01727455
Iteration 45, loss = 0.01643150
Iteration 46, loss = 0.01567354
Iteration 47, loss = 0.01495753
Iteration 48, loss = 0.01433363
Iteration 49, loss = 0.01372309
Iteration 50, loss = 0.01316812
Iteration 51, loss = 0.01264422
Iteration 52, loss = 0.01218083
Iteration 53, loss = 0.01175634
Iteration 54, loss = 0.01133844
Iteration 55, loss = 0.01095860
Iteration 56, loss = 0.01058174
Iteration 57, loss = 0.01021272
Iteration 58, loss = 0.00987794
Iteration 59, loss = 0.00956358
Iteration 60, loss = 0.00923988
Iteration 61, loss = 0.00895916
Iteration 62, loss = 0.00863606
Iteration 63, loss = 0.00838700
Iteration 64, loss = 0.00811514
Iteration 65, loss = 0.00787185
Iteration 66, loss = 0.00764119
Iteration 67, loss = 0.00739500
Iteration 68, loss = 0.00719328
Iteration 69, loss = 0.00699785
Iteration 70, loss = 0.00680226
Iteration 71, loss = 0.00660414
Iteration 72, loss = 0.00643153
Iteration 73, loss = 0.00624794
Iteration 74, loss = 0.00607901
Iteration 75, loss = 0.00593093
Iteration 76, loss = 0.00576387
Iteration 77, loss = 0.00560821
Iteration 78, loss = 0.00547352
Iteration 79, loss = 0.00532458
Iteration 80, loss = 0.00517866
Iteration 81, loss = 0.00505053
Iteration 82, loss = 0.00493995
Iteration 83, loss = 0.00480338
Iteration 84, loss = 0.00469754
Iteration 85, loss = 0.00456439
Iteration 86, loss = 0.00447741
Iteration 87, loss = 0.00437315
Iteration 88, loss = 0.00426197
Iteration 89, loss = 0.00418059
Iteration 90, loss = 0.00408154
Iteration 91, loss = 0.00399870
Iteration 92, loss = 0.00391092
Iteration 93, loss = 0.00381937
Iteration 94, loss = 0.00374403
Iteration 95, loss = 0.00366607
Iteration 96, loss = 0.00358914
Iteration 97, loss = 0.00352166
Iteration 98, loss = 0.00344694
Iteration 99, loss = 0.00338277
Training loss did not improve more than tol=0.000100 for 10 consecutive epochs. Stopping.
fold=8/10 OOF_accuracy=0.700000 OOF_AUC=0.684211
Iteration 1, loss = 0.72787603
Iteration 2, loss = 0.68344440
Iteration 3, loss = 0.64341447
Iteration 4, loss = 0.60603681
Iteration 5, loss = 0.57062794
Iteration 6, loss = 0.53518644
Iteration 7, loss = 0.50092916
Iteration 8, loss = 0.46716251
Iteration 9, loss = 0.43377144
Iteration 10, loss = 0.40044186
Iteration 11, loss = 0.36870085
Iteration 12, loss = 0.33715312
Iteration 13, loss = 0.30722456
Iteration 14, loss = 0.27837747
Iteration 15, loss = 0.25096031
Iteration 16, loss = 0.22532199
Iteration 17, loss = 0.20162260
Iteration 18, loss = 0.17949192
Iteration 19, loss = 0.15967154
Iteration 20, loss = 0.14171481
Iteration 21, loss = 0.12557691
Iteration 22, loss = 0.11161048
Iteration 23, loss = 0.09902581
Iteration 24, loss = 0.08814677
Iteration 25, loss = 0.07896490
Iteration 26, loss = 0.07078717
Iteration 27, loss = 0.06372309
Iteration 28, loss = 0.05761238
Iteration 29, loss = 0.05245590
Iteration 30, loss = 0.04765147
Iteration 31, loss = 0.04382898
Iteration 32, loss = 0.04029503
Iteration 33, loss = 0.03728866
Iteration 34, loss = 0.03462946
Iteration 35, loss = 0.03233168
Iteration 36, loss = 0.03029851
Iteration 37, loss = 0.02847637
Iteration 38, loss = 0.02671254
Iteration 39, loss = 0.02515010
Iteration 40, loss = 0.02367438
Iteration 41, loss = 0.02249261
Iteration 42, loss = 0.02141168
Iteration 43, loss = 0.02045786
Iteration 44, loss = 0.01950454
Iteration 45, loss = 0.01864247
Iteration 46, loss = 0.01787113
Iteration 47, loss = 0.01706520
Iteration 48, loss = 0.01630466
Iteration 49, loss = 0.01568651
Iteration 50, loss = 0.01499704
Iteration 51, loss = 0.01440468
Iteration 52, loss = 0.01384311
Iteration 53, loss = 0.01335366
Iteration 54, loss = 0.01285081
Iteration 55, loss = 0.01241724
Iteration 56, loss = 0.01199825
Iteration 57, loss = 0.01159967
Iteration 58, loss = 0.01124899
Iteration 59, loss = 0.01089041
Iteration 60, loss = 0.01054588
Iteration 61, loss = 0.01020338
Iteration 62, loss = 0.00989565
Iteration 63, loss = 0.00957155
Iteration 64, loss = 0.00932457
Iteration 65, loss = 0.00903386
Iteration 66, loss = 0.00877786
Iteration 67, loss = 0.00854922
Iteration 68, loss = 0.00830923
Iteration 69, loss = 0.00807805
Iteration 70, loss = 0.00787455
Iteration 71, loss = 0.00767789
Iteration 72, loss = 0.00747832
Iteration 73, loss = 0.00726806
Iteration 74, loss = 0.00708965
Iteration 75, loss = 0.00688947
Iteration 76, loss = 0.00669556
Iteration 77, loss = 0.00653917
Iteration 78, loss = 0.00636226
Iteration 79, loss = 0.00621465
Iteration 80, loss = 0.00605546
Iteration 81, loss = 0.00591357
Iteration 82, loss = 0.00579261
Iteration 83, loss = 0.00566067
Iteration 84, loss = 0.00553483
Iteration 85, loss = 0.00540798
Iteration 86, loss = 0.00530086
Iteration 87, loss = 0.00517733
Iteration 88, loss = 0.00506177
Iteration 89, loss = 0.00496155
Iteration 90, loss = 0.00484820
Iteration 91, loss = 0.00474827
Iteration 92, loss = 0.00464485
Iteration 93, loss = 0.00455373
Iteration 94, loss = 0.00447718
Iteration 95, loss = 0.00438512
Iteration 96, loss = 0.00429826
Iteration 97, loss = 0.00422409
Iteration 98, loss = 0.00414436
Iteration 99, loss = 0.00407117
Iteration 100, loss = 0.00400024
Iteration 101, loss = 0.00394337
Iteration 102, loss = 0.00387128
Iteration 103, loss = 0.00380293
Training loss did not improve more than tol=0.000100 for 10 consecutive epochs. Stopping.
fold=9/10 OOF_accuracy=0.666667 OOF_AUC=0.732057
Iteration 1, loss = 0.72096407
Iteration 2, loss = 0.67708914
Iteration 3, loss = 0.63651057
Iteration 4, loss = 0.59912210
Iteration 5, loss = 0.56321942
Iteration 6, loss = 0.52730814
Iteration 7, loss = 0.49229988
Iteration 8, loss = 0.45776506
Iteration 9, loss = 0.42322967
Iteration 10, loss = 0.38933427
Iteration 11, loss = 0.35642202
Iteration 12, loss = 0.32425407
Iteration 13, loss = 0.29360661
Iteration 14, loss = 0.26440994
Iteration 15, loss = 0.23645408
Iteration 16, loss = 0.21074285
Iteration 17, loss = 0.18706461
Iteration 18, loss = 0.16538851
Iteration 19, loss = 0.14580832
Iteration 20, loss = 0.12839759
Iteration 21, loss = 0.11311003
Iteration 22, loss = 0.09984089
Iteration 23, loss = 0.08783946
Iteration 24, loss = 0.07806494
Iteration 25, loss = 0.06911077
Iteration 26, loss = 0.06157116
Iteration 27, loss = 0.05508355
Iteration 28, loss = 0.04936126
Iteration 29, loss = 0.04458602
Iteration 30, loss = 0.04031244
Iteration 31, loss = 0.03656908
Iteration 32, loss = 0.03340029
Iteration 33, loss = 0.03055280
Iteration 34, loss = 0.02805403
Iteration 35, loss = 0.02596149
Iteration 36, loss = 0.02401409
Iteration 37, loss = 0.02241391
Iteration 38, loss = 0.02088134
Iteration 39, loss = 0.01950516
Iteration 40, loss = 0.01825215
Iteration 41, loss = 0.01716155
Iteration 42, loss = 0.01622403
Iteration 43, loss = 0.01535351
Iteration 44, loss = 0.01456103
Iteration 45, loss = 0.01383211
Iteration 46, loss = 0.01314529
Iteration 47, loss = 0.01251087
Iteration 48, loss = 0.01190926
Iteration 49, loss = 0.01133990
Iteration 50, loss = 0.01081855
Iteration 51, loss = 0.01038141
Iteration 52, loss = 0.00992983
Iteration 53, loss = 0.00956655
Iteration 54, loss = 0.00919673
Iteration 55, loss = 0.00884157
Iteration 56, loss = 0.00851284
Iteration 57, loss = 0.00820488
Iteration 58, loss = 0.00790984
Iteration 59, loss = 0.00763968
Iteration 60, loss = 0.00738758
Iteration 61, loss = 0.00713421
Iteration 62, loss = 0.00690802
Iteration 63, loss = 0.00669392
Iteration 64, loss = 0.00649810
Iteration 65, loss = 0.00629458
Iteration 66, loss = 0.00612663
Iteration 67, loss = 0.00595474
Iteration 68, loss = 0.00578870
Iteration 69, loss = 0.00563500
Iteration 70, loss = 0.00548704
Iteration 71, loss = 0.00534967
Iteration 72, loss = 0.00521593
Iteration 73, loss = 0.00507905
Iteration 74, loss = 0.00495473
Iteration 75, loss = 0.00483595
Iteration 76, loss = 0.00471610
Iteration 77, loss = 0.00461006
Iteration 78, loss = 0.00449771
Iteration 79, loss = 0.00439749
Iteration 80, loss = 0.00429751
Iteration 81, loss = 0.00420779
Iteration 82, loss = 0.00410866
Iteration 83, loss = 0.00402663
Iteration 84, loss = 0.00393182
Iteration 85, loss = 0.00384518
Iteration 86, loss = 0.00375836
Iteration 87, loss = 0.00367310
Iteration 88, loss = 0.00359325
Iteration 89, loss = 0.00351183
Iteration 90, loss = 0.00343654
Training loss did not improve more than tol=0.000100 for 10 consecutive epochs. Stopping.
fold=10/10 OOF_accuracy=0.633333 OOF_AUC=0.636364
Frozen Train OOF threshold=0.98799139261245728; objective=accuracy; OOF selection accuracy=0.763333
Iteration 1, loss = 0.72400215
Iteration 2, loss = 0.67807247
Iteration 3, loss = 0.63820424
Iteration 4, loss = 0.60046444
Iteration 5, loss = 0.56550378
Iteration 6, loss = 0.53161637
Iteration 7, loss = 0.49789239
Iteration 8, loss = 0.46445364
Iteration 9, loss = 0.43122839
Iteration 10, loss = 0.39756846
Iteration 11, loss = 0.36423968
Iteration 12, loss = 0.33171128
Iteration 13, loss = 0.29965919
Iteration 14, loss = 0.26939813
Iteration 15, loss = 0.24077614
Iteration 16, loss = 0.21472152
Iteration 17, loss = 0.19016576
Iteration 18, loss = 0.16842229
Iteration 19, loss = 0.14920176
Iteration 20, loss = 0.13202325
Iteration 21, loss = 0.11707322
Iteration 22, loss = 0.10424609
Iteration 23, loss = 0.09307177
Iteration 24, loss = 0.08349549
Iteration 25, loss = 0.07506989
Iteration 26, loss = 0.06798543
Iteration 27, loss = 0.06181031
Iteration 28, loss = 0.05633375
Iteration 29, loss = 0.05175228
Iteration 30, loss = 0.04746696
Iteration 31, loss = 0.04391302
Iteration 32, loss = 0.04064814
Iteration 33, loss = 0.03789119
Iteration 34, loss = 0.03530190
Iteration 35, loss = 0.03308122
Iteration 36, loss = 0.03101561
Iteration 37, loss = 0.02928532
Iteration 38, loss = 0.02759285
Iteration 39, loss = 0.02613689
Iteration 40, loss = 0.02483968
Iteration 41, loss = 0.02363872
Iteration 42, loss = 0.02249016
Iteration 43, loss = 0.02148306
Iteration 44, loss = 0.02054344
Iteration 45, loss = 0.01963392
Iteration 46, loss = 0.01882538
Iteration 47, loss = 0.01813157
Iteration 48, loss = 0.01742062
Iteration 49, loss = 0.01677613
Iteration 50, loss = 0.01616824
Iteration 51, loss = 0.01555868
Iteration 52, loss = 0.01501073
Iteration 53, loss = 0.01449015
Iteration 54, loss = 0.01397144
Iteration 55, loss = 0.01352354
Iteration 56, loss = 0.01305921
Iteration 57, loss = 0.01265327
Iteration 58, loss = 0.01226735
Iteration 59, loss = 0.01187749
Iteration 60, loss = 0.01156301
Iteration 61, loss = 0.01119687
Iteration 62, loss = 0.01085790
Iteration 63, loss = 0.01051948
Iteration 64, loss = 0.01027138
Iteration 65, loss = 0.00994303
Iteration 66, loss = 0.00966797
Iteration 67, loss = 0.00945212
Iteration 68, loss = 0.00919096
Iteration 69, loss = 0.00896679
Iteration 70, loss = 0.00870909
Iteration 71, loss = 0.00850154
Iteration 72, loss = 0.00831531
Iteration 73, loss = 0.00809798
Iteration 74, loss = 0.00790412
Iteration 75, loss = 0.00770413
Iteration 76, loss = 0.00750056
Iteration 77, loss = 0.00734487
Iteration 78, loss = 0.00715396
Iteration 79, loss = 0.00700769
Iteration 80, loss = 0.00683446
Iteration 81, loss = 0.00670297
Iteration 82, loss = 0.00655999
Iteration 83, loss = 0.00641462
Iteration 84, loss = 0.00627427
Iteration 85, loss = 0.00614964
Iteration 86, loss = 0.00602161
Iteration 87, loss = 0.00588936
Iteration 88, loss = 0.00579482
Iteration 89, loss = 0.00566841
Iteration 90, loss = 0.00556192
Iteration 91, loss = 0.00544936
Iteration 92, loss = 0.00533978
Iteration 93, loss = 0.00523449
Iteration 94, loss = 0.00512030
Iteration 95, loss = 0.00504021
Iteration 96, loss = 0.00494796
Iteration 97, loss = 0.00485027
Iteration 98, loss = 0.00475978
Iteration 99, loss = 0.00468826
Iteration 100, loss = 0.00460502
Iteration 101, loss = 0.00452666
Iteration 102, loss = 0.00443990
Iteration 103, loss = 0.00437367
Iteration 104, loss = 0.00429885
Iteration 105, loss = 0.00423323
Training loss did not improve more than tol=0.000100 for 10 consecutive epochs. Stopping.
{"cv_oof": {"accuracy": 0.7233333333333334, "balanced_accuracy": 0.6947337962962963, "sensitivity": 0.5925925925925926, "specificity": 0.796875, "f1_macro": 0.6966337309177744, "roc_auc": 0.7268277391975309, "confusion_matrix": [[153, 39], [44, 64]], "classification_report": {"0": {"precision": 0.7766497461928934, "recall": 0.796875, "f1-score": 0.7866323907455013, "support": 192.0}, "1": {"precision": 0.6213592233009708, "recall": 0.5925925925925926, "f1-score": 0.6066350710900474, "support": 108.0}, "accuracy": 0.7233333333333334, "macro avg": {"precision": 0.6990044847469321, "recall": 0.6947337962962963, "f1-score": 0.6966337309177744, "support": 300.0}, "weighted avg": {"precision": 0.7207451579518014, "recall": 0.7233333333333334, "f1-score": 0.721833355669538, "support": 300.0}}}, "test": {"accuracy": 0.8082191780821918, "balanced_accuracy": 0.765139116202946, "sensitivity": 0.6153846153846154, "specificity": 0.9148936170212766, "f1_macro": 0.7778260869565217, "roc_auc": 0.8436988543371522, "confusion_matrix": [[43, 4], [10, 16]], "classification_report": {"0": {"precision": 0.8113207547169812, "recall": 0.9148936170212766, "f1-score": 0.86, "support": 47.0}, "1": {"precision": 0.8, "recall": 0.6153846153846154, "f1-score": 0.6956521739130435, "support": 26.0}, "accuracy": 0.8082191780821918, "macro avg": {"precision": 0.8056603773584906, "recall": 0.765139116202946, "f1-score": 0.7778260869565217, "support": 73.0}, "weighted avg": {"precision": 0.807288705091755, "recall": 0.8082191780821918, "f1-score": 0.8014651578320429, "support": 73.0}}}, "folds": 10, "original_train_rows": 300, "train_rows": 300, "test_rows": 73, "elapsed_seconds": 2.687999999965541, "test_default": {"accuracy": 0.7534246575342466, "balanced_accuracy": 0.7483633387888706, "sensitivity": 0.7307692307692307, "specificity": 0.7659574468085106, "f1_macro": 0.7392857142857143, "roc_auc": 0.8436988543371522, "confusion_matrix": [[36, 11], [7, 19]], "classification_report": {"0": {"precision": 0.8372093023255814, "recall": 0.7659574468085106, "f1-score": 0.8, "support": 47.0}, "1": {"precision": 0.6333333333333333, "recall": 0.7307692307692307, "f1-score": 0.6785714285714286, "support": 26.0}, "accuracy": 0.7534246575342466, "macro avg": {"precision": 0.7352713178294574, "recall": 0.7483633387888706, "f1-score": 0.7392857142857143, "support": 73.0}, "weighted avg": {"precision": 0.7645959435064245, "recall": 0.7534246575342466, "f1-score": 0.7567514677103718, "support": 73.0}}}, "decision_threshold": 0.9879913926124573, "oof_threshold_selection": {"accuracy": 0.7633333333333333, "balanced_accuracy": 0.7057291666666667, "sensitivity": 0.5, "specificity": 0.9114583333333334, "f1_macro": 0.7173529372735838, "roc_auc": 0.7268277391975309, "confusion_matrix": [[175, 17], [54, 54]], "classification_report": {"0": {"precision": 0.7641921397379913, "recall": 0.9114583333333334, "f1-score": 0.831353919239905, "support": 192.0}, "1": {"precision": 0.7605633802816901, "recall": 0.5, "f1-score": 0.6033519553072626, "support": 108.0}, "accuracy": 0.7633333333333333, "macro avg": {"precision": 0.7623777600098407, "recall": 0.7057291666666667, "f1-score": 0.7173529372735838, "support": 300.0}, "weighted avg": {"precision": 0.7628857863337228, "recall": 0.7633333333333333, "f1-score": 0.7492732122241538, "support": 300.0}}}, "test_accuracy_change": 0.0547945205479452}
