Command: ["C:\\Users\\IHCK\\AppData\\Local\\Programs\\Python\\Python312\\python.exe", "-u", "C:\\Users\\IHCK\\Desktop\\1_10_69Final\\Hippocampal-Shape-Analysis-for-Epilepsy-Detection\\Model\\train_dataset_model.py", "--dataset", "pointnet_plsda", "--side", "right", "--model", "PointNet", "--kind", "xyz", "--train-csv", "C:\\Users\\IHCK\\Desktop\\1_10_69Final\\Hippocampal-Shape-Analysis-for-Epilepsy-Detection\\Output_Dataset\\pointnet_plsda\\right\\train_prepared.csv", "--test-csv", "C:\\Users\\IHCK\\Desktop\\1_10_69Final\\Hippocampal-Shape-Analysis-for-Epilepsy-Detection\\Output_Dataset\\pointnet_plsda\\right\\test_prepared.csv", "--output-dir", "C:\\Users\\IHCK\\Desktop\\1_10_69Final\\Hippocampal-Shape-Analysis-for-Epilepsy-Detection\\Model_Results\\dataset_runs_20261003_oof_threshold\\pointnet_plsda\\right\\PointNet", "--epochs", "80", "--folds", "10", "--pls-components", "8", "--seed", "42", "--threads", "2", "--tune-threshold"]
10-fold CV: dataset=pointnet_plsda side=right model=PointNet; original_train=300 test=77
Device=cuda; epochs=80; batch=32; model=PointNetDual
epoch=1/80 loss=0.621645 seconds=0.67
epoch=2/80 loss=0.527624 seconds=0.36
epoch=3/80 loss=0.376506 seconds=0.34
epoch=4/80 loss=0.305289 seconds=0.36
epoch=5/80 loss=0.281440 seconds=0.36
epoch=6/80 loss=0.320976 seconds=0.34
epoch=7/80 loss=0.374511 seconds=0.36
epoch=8/80 loss=0.269964 seconds=0.34
epoch=9/80 loss=0.240117 seconds=0.36
epoch=10/80 loss=0.253646 seconds=0.34
epoch=11/80 loss=0.275950 seconds=0.36
epoch=12/80 loss=0.248248 seconds=0.34
epoch=13/80 loss=0.172619 seconds=0.36
epoch=14/80 loss=0.233146 seconds=0.36
epoch=15/80 loss=0.212255 seconds=0.36
epoch=16/80 loss=0.184885 seconds=0.38
epoch=17/80 loss=0.210576 seconds=0.36
epoch=18/80 loss=0.147493 seconds=0.38
epoch=19/80 loss=0.210379 seconds=0.38
epoch=20/80 loss=0.154638 seconds=0.36
epoch=21/80 loss=0.216107 seconds=0.38
epoch=22/80 loss=0.161974 seconds=0.36
epoch=23/80 loss=0.120424 seconds=0.38
epoch=24/80 loss=0.135377 seconds=0.36
epoch=25/80 loss=0.144183 seconds=0.38
epoch=26/80 loss=0.180329 seconds=0.36
epoch=27/80 loss=0.120693 seconds=0.38
epoch=28/80 loss=0.110508 seconds=0.36
epoch=29/80 loss=0.117443 seconds=0.38
epoch=30/80 loss=0.201021 seconds=0.36
epoch=31/80 loss=0.257055 seconds=0.36
epoch=32/80 loss=0.156011 seconds=0.38
epoch=33/80 loss=0.258706 seconds=0.38
epoch=34/80 loss=0.189480 seconds=0.36
epoch=35/80 loss=0.153198 seconds=0.38
epoch=36/80 loss=0.094833 seconds=0.36
epoch=37/80 loss=0.073545 seconds=0.38
epoch=38/80 loss=0.053659 seconds=0.36
epoch=39/80 loss=0.034176 seconds=0.25
epoch=40/80 loss=0.037307 seconds=0.16
epoch=41/80 loss=0.053466 seconds=0.33
epoch=42/80 loss=0.176607 seconds=0.36
epoch=43/80 loss=0.160292 seconds=0.36
epoch=44/80 loss=0.158891 seconds=0.38
epoch=45/80 loss=0.212310 seconds=0.36
epoch=46/80 loss=0.121206 seconds=0.38
epoch=47/80 loss=0.074857 seconds=0.36
epoch=48/80 loss=0.078363 seconds=0.36
epoch=49/80 loss=0.140119 seconds=0.38
epoch=50/80 loss=0.083211 seconds=0.36
epoch=51/80 loss=0.062694 seconds=0.36
epoch=52/80 loss=0.055803 seconds=0.38
epoch=53/80 loss=0.050893 seconds=0.36
epoch=54/80 loss=0.043776 seconds=0.38
epoch=55/80 loss=0.028599 seconds=0.36
epoch=56/80 loss=0.023994 seconds=0.38
epoch=57/80 loss=0.014958 seconds=0.38
epoch=58/80 loss=0.083132 seconds=0.36
epoch=59/80 loss=0.135525 seconds=0.38
epoch=60/80 loss=0.277706 seconds=0.36
epoch=61/80 loss=0.134292 seconds=0.36
epoch=62/80 loss=0.132318 seconds=0.38
epoch=63/80 loss=0.077252 seconds=0.38
epoch=64/80 loss=0.047115 seconds=0.36
epoch=65/80 loss=0.047143 seconds=0.36
epoch=66/80 loss=0.099483 seconds=0.38
epoch=67/80 loss=0.102729 seconds=0.36
epoch=68/80 loss=0.116787 seconds=0.36
epoch=69/80 loss=0.130364 seconds=0.36
epoch=70/80 loss=0.075801 seconds=0.38
epoch=71/80 loss=0.046182 seconds=0.36
epoch=72/80 loss=0.069211 seconds=0.38
epoch=73/80 loss=0.068457 seconds=0.36
epoch=74/80 loss=0.041831 seconds=0.38
epoch=75/80 loss=0.038932 seconds=0.36
epoch=76/80 loss=0.051418 seconds=0.36
epoch=77/80 loss=0.058918 seconds=0.36
epoch=78/80 loss=0.135672 seconds=0.38
epoch=79/80 loss=0.164213 seconds=0.36
epoch=80/80 loss=0.080467 seconds=0.38
fold=1/10 OOF_accuracy=0.700000 OOF_AUC=0.681818
Device=cuda; epochs=80; batch=32; model=PointNetDual
epoch=1/80 loss=0.647557 seconds=0.36
epoch=2/80 loss=0.495413 seconds=0.38
epoch=3/80 loss=0.366137 seconds=0.36
epoch=4/80 loss=0.336987 seconds=0.38
epoch=5/80 loss=0.468307 seconds=0.36
epoch=6/80 loss=0.356390 seconds=0.36
epoch=7/80 loss=0.301720 seconds=0.38
epoch=8/80 loss=0.269533 seconds=0.36
epoch=9/80 loss=0.265068 seconds=0.38
epoch=10/80 loss=0.232416 seconds=0.36
epoch=11/80 loss=0.236346 seconds=0.38
epoch=12/80 loss=0.198301 seconds=0.36
epoch=13/80 loss=0.232224 seconds=0.38
epoch=14/80 loss=0.196712 seconds=0.36
epoch=15/80 loss=0.251076 seconds=0.38
epoch=16/80 loss=0.189069 seconds=0.38
epoch=17/80 loss=0.169150 seconds=0.36
epoch=18/80 loss=0.192708 seconds=0.38
epoch=19/80 loss=0.290179 seconds=0.36
epoch=20/80 loss=0.203008 seconds=0.38
epoch=21/80 loss=0.248394 seconds=0.36
epoch=22/80 loss=0.165307 seconds=0.38
epoch=23/80 loss=0.154048 seconds=0.36
epoch=24/80 loss=0.250446 seconds=0.38
epoch=25/80 loss=0.248968 seconds=0.38
epoch=26/80 loss=0.192887 seconds=0.36
epoch=27/80 loss=0.214414 seconds=0.36
epoch=28/80 loss=0.270283 seconds=0.20
epoch=29/80 loss=0.169928 seconds=0.16
epoch=30/80 loss=0.185255 seconds=0.36
epoch=31/80 loss=0.142780 seconds=0.38
epoch=32/80 loss=0.137857 seconds=0.36
epoch=33/80 loss=0.278784 seconds=0.38
epoch=34/80 loss=0.149940 seconds=0.36
epoch=35/80 loss=0.145914 seconds=0.38
epoch=36/80 loss=0.095958 seconds=0.36
epoch=37/80 loss=0.117714 seconds=0.38
epoch=38/80 loss=0.156791 seconds=0.36
epoch=39/80 loss=0.235534 seconds=0.36
epoch=40/80 loss=0.188863 seconds=0.38
epoch=41/80 loss=0.122280 seconds=0.36
epoch=42/80 loss=0.101456 seconds=0.38
epoch=43/80 loss=0.104896 seconds=0.36
epoch=44/80 loss=0.137596 seconds=0.36
epoch=45/80 loss=0.119824 seconds=0.38
epoch=46/80 loss=0.131546 seconds=0.38
epoch=47/80 loss=0.055049 seconds=0.36
epoch=48/80 loss=0.071757 seconds=0.38
epoch=49/80 loss=0.049697 seconds=0.36
epoch=50/80 loss=0.071000 seconds=0.38
epoch=51/80 loss=0.128064 seconds=0.38
epoch=52/80 loss=0.095447 seconds=0.36
epoch=53/80 loss=0.146192 seconds=0.38
epoch=54/80 loss=0.160838 seconds=0.36
epoch=55/80 loss=0.126390 seconds=0.36
epoch=56/80 loss=0.206977 seconds=0.38
epoch=57/80 loss=0.142813 seconds=0.36
epoch=58/80 loss=0.119199 seconds=0.38
epoch=59/80 loss=0.209206 seconds=0.36
epoch=60/80 loss=0.293678 seconds=0.38
epoch=61/80 loss=0.111982 seconds=0.36
epoch=62/80 loss=0.141302 seconds=0.36
epoch=63/80 loss=0.079030 seconds=0.38
epoch=64/80 loss=0.055449 seconds=0.38
epoch=65/80 loss=0.042941 seconds=0.36
epoch=66/80 loss=0.093937 seconds=0.36
epoch=67/80 loss=0.045355 seconds=0.38
epoch=68/80 loss=0.070502 seconds=0.36
epoch=69/80 loss=0.059302 seconds=0.38
epoch=70/80 loss=0.106398 seconds=0.38
epoch=71/80 loss=0.095425 seconds=0.36
epoch=72/80 loss=0.071963 seconds=0.36
epoch=73/80 loss=0.039852 seconds=0.38
epoch=74/80 loss=0.103941 seconds=0.36
epoch=75/80 loss=0.125290 seconds=0.38
epoch=76/80 loss=0.110330 seconds=0.36
epoch=77/80 loss=0.104988 seconds=0.36
epoch=78/80 loss=0.160840 seconds=0.38
epoch=79/80 loss=0.131629 seconds=0.36
epoch=80/80 loss=0.133109 seconds=0.38
fold=2/10 OOF_accuracy=0.833333 OOF_AUC=0.840909
Device=cuda; epochs=80; batch=32; model=PointNetDual
epoch=1/80 loss=0.609311 seconds=0.38
epoch=2/80 loss=0.461971 seconds=0.36
epoch=3/80 loss=0.417962 seconds=0.38
epoch=4/80 loss=0.317439 seconds=0.36
epoch=5/80 loss=0.365772 seconds=0.38
epoch=6/80 loss=0.309277 seconds=0.36
epoch=7/80 loss=0.348582 seconds=0.38
epoch=8/80 loss=0.343807 seconds=0.36
epoch=9/80 loss=0.305067 seconds=0.38
epoch=10/80 loss=0.251289 seconds=0.36
epoch=11/80 loss=0.237542 seconds=0.38
epoch=12/80 loss=0.208571 seconds=0.36
epoch=13/80 loss=0.180908 seconds=0.36
epoch=14/80 loss=0.159261 seconds=0.38
epoch=15/80 loss=0.148426 seconds=0.36
epoch=16/80 loss=0.166539 seconds=0.38
epoch=17/80 loss=0.221942 seconds=0.20
epoch=18/80 loss=0.208226 seconds=0.17
epoch=19/80 loss=0.168904 seconds=0.38
epoch=20/80 loss=0.183219 seconds=0.36
epoch=21/80 loss=0.208398 seconds=0.38
epoch=22/80 loss=0.140491 seconds=0.36
epoch=23/80 loss=0.214343 seconds=0.38
epoch=24/80 loss=0.127615 seconds=0.38
epoch=25/80 loss=0.182413 seconds=0.38
epoch=26/80 loss=0.168983 seconds=0.36
epoch=27/80 loss=0.163048 seconds=0.38
epoch=28/80 loss=0.366520 seconds=0.38
epoch=29/80 loss=0.165509 seconds=0.36
epoch=30/80 loss=0.129846 seconds=0.38
epoch=31/80 loss=0.189271 seconds=0.36
epoch=32/80 loss=0.156308 seconds=0.38
epoch=33/80 loss=0.156917 seconds=0.36
epoch=34/80 loss=0.119934 seconds=0.38
epoch=35/80 loss=0.134193 seconds=0.38
epoch=36/80 loss=0.159279 seconds=0.38
epoch=37/80 loss=0.094492 seconds=0.36
epoch=38/80 loss=0.064419 seconds=0.38
epoch=39/80 loss=0.096776 seconds=0.38
epoch=40/80 loss=0.161323 seconds=0.36
epoch=41/80 loss=0.169972 seconds=0.38
epoch=42/80 loss=0.118626 seconds=0.38
epoch=43/80 loss=0.172148 seconds=0.36
epoch=44/80 loss=0.195547 seconds=0.38
epoch=45/80 loss=0.227855 seconds=0.36
epoch=46/80 loss=0.123615 seconds=0.38
epoch=47/80 loss=0.092647 seconds=0.36
epoch=48/80 loss=0.130404 seconds=0.38
epoch=49/80 loss=0.082571 seconds=0.36
epoch=50/80 loss=0.062614 seconds=0.38
epoch=51/80 loss=0.051365 seconds=0.38
epoch=52/80 loss=0.039998 seconds=0.36
epoch=53/80 loss=0.054708 seconds=0.38
epoch=54/80 loss=0.083705 seconds=0.36
epoch=55/80 loss=0.249997 seconds=0.38
epoch=56/80 loss=0.190477 seconds=0.38
epoch=57/80 loss=0.178955 seconds=0.36
epoch=58/80 loss=0.170608 seconds=0.38
epoch=59/80 loss=0.117153 seconds=0.38
epoch=60/80 loss=0.174022 seconds=0.36
epoch=61/80 loss=0.098741 seconds=0.38
epoch=62/80 loss=0.078792 seconds=0.36
epoch=63/80 loss=0.077102 seconds=0.36
epoch=64/80 loss=0.094539 seconds=0.38
epoch=65/80 loss=0.090544 seconds=0.38
epoch=66/80 loss=0.146702 seconds=0.36
epoch=67/80 loss=0.106987 seconds=0.38
epoch=68/80 loss=0.159213 seconds=0.36
epoch=69/80 loss=0.152196 seconds=0.38
epoch=70/80 loss=0.130892 seconds=0.38
epoch=71/80 loss=0.125548 seconds=0.36
epoch=72/80 loss=0.133009 seconds=0.38
epoch=73/80 loss=0.082367 seconds=0.36
epoch=74/80 loss=0.119057 seconds=0.38
epoch=75/80 loss=0.089332 seconds=0.36
epoch=76/80 loss=0.083769 seconds=0.38
epoch=77/80 loss=0.122968 seconds=0.36
epoch=78/80 loss=0.097341 seconds=0.38
epoch=79/80 loss=0.067457 seconds=0.38
epoch=80/80 loss=0.069117 seconds=0.36
fold=3/10 OOF_accuracy=0.733333 OOF_AUC=0.840909
Device=cuda; epochs=80; batch=32; model=PointNetDual
epoch=1/80 loss=0.643590 seconds=0.36
epoch=2/80 loss=0.520935 seconds=0.38
epoch=3/80 loss=0.430114 seconds=0.36
epoch=4/80 loss=0.336808 seconds=0.38
epoch=5/80 loss=0.280508 seconds=0.30
epoch=6/80 loss=0.272363 seconds=0.16
epoch=7/80 loss=0.332559 seconds=0.28
epoch=8/80 loss=0.278550 seconds=0.38
epoch=9/80 loss=0.378880 seconds=0.36
epoch=10/80 loss=0.283289 seconds=0.38
epoch=11/80 loss=0.233527 seconds=0.36
epoch=12/80 loss=0.197361 seconds=0.38
epoch=13/80 loss=0.265525 seconds=0.36
epoch=14/80 loss=0.227175 seconds=0.38
epoch=15/80 loss=0.174752 seconds=0.36
epoch=16/80 loss=0.150163 seconds=0.38
epoch=17/80 loss=0.190087 seconds=0.38
epoch=18/80 loss=0.198531 seconds=0.38
epoch=19/80 loss=0.178998 seconds=0.36
epoch=20/80 loss=0.219967 seconds=0.36
epoch=21/80 loss=0.205585 seconds=0.38
epoch=22/80 loss=0.173805 seconds=0.36
epoch=23/80 loss=0.146858 seconds=0.36
epoch=24/80 loss=0.212211 seconds=0.38
epoch=25/80 loss=0.214670 seconds=0.36
epoch=26/80 loss=0.158097 seconds=0.38
epoch=27/80 loss=0.188554 seconds=0.36
epoch=28/80 loss=0.218173 seconds=0.38
epoch=29/80 loss=0.172371 seconds=0.36
epoch=30/80 loss=0.132114 seconds=0.38
epoch=31/80 loss=0.169766 seconds=0.36
epoch=32/80 loss=0.204519 seconds=0.38
epoch=33/80 loss=0.209689 seconds=0.38
epoch=34/80 loss=0.188981 seconds=0.36
epoch=35/80 loss=0.153580 seconds=0.36
epoch=36/80 loss=0.142203 seconds=0.38
epoch=37/80 loss=0.113132 seconds=0.36
epoch=38/80 loss=0.120201 seconds=0.38
epoch=39/80 loss=0.249331 seconds=0.36
epoch=40/80 loss=0.207189 seconds=0.36
epoch=41/80 loss=0.183628 seconds=0.38
epoch=42/80 loss=0.173416 seconds=0.36
epoch=43/80 loss=0.147449 seconds=0.38
epoch=44/80 loss=0.132459 seconds=0.36
epoch=45/80 loss=0.101566 seconds=0.36
epoch=46/80 loss=0.157025 seconds=0.38
epoch=47/80 loss=0.092144 seconds=0.36
epoch=48/80 loss=0.122082 seconds=0.38
epoch=49/80 loss=0.103117 seconds=0.36
epoch=50/80 loss=0.075312 seconds=0.38
epoch=51/80 loss=0.056598 seconds=0.36
epoch=52/80 loss=0.067128 seconds=0.38
epoch=53/80 loss=0.055558 seconds=0.36
epoch=54/80 loss=0.062541 seconds=0.38
epoch=55/80 loss=0.077702 seconds=0.36
epoch=56/80 loss=0.076541 seconds=0.38
epoch=57/80 loss=0.042938 seconds=0.38
epoch=58/80 loss=0.059155 seconds=0.36
epoch=59/80 loss=0.068684 seconds=0.38
epoch=60/80 loss=0.139083 seconds=0.36
epoch=61/80 loss=0.113053 seconds=0.38
epoch=62/80 loss=0.078255 seconds=0.36
epoch=63/80 loss=0.031569 seconds=0.38
epoch=64/80 loss=0.076776 seconds=0.36
epoch=65/80 loss=0.082321 seconds=0.38
epoch=66/80 loss=0.120967 seconds=0.36
epoch=67/80 loss=0.078759 seconds=0.36
epoch=68/80 loss=0.102134 seconds=0.38
epoch=69/80 loss=0.106701 seconds=0.38
epoch=70/80 loss=0.083823 seconds=0.36
epoch=71/80 loss=0.106820 seconds=0.36
epoch=72/80 loss=0.086547 seconds=0.38
epoch=73/80 loss=0.111425 seconds=0.36
epoch=74/80 loss=0.187897 seconds=0.38
epoch=75/80 loss=0.172813 seconds=0.36
epoch=76/80 loss=0.125475 seconds=0.36
epoch=77/80 loss=0.059197 seconds=0.17
epoch=78/80 loss=0.058203 seconds=0.19
epoch=79/80 loss=0.084997 seconds=0.38
epoch=80/80 loss=0.186894 seconds=0.36
fold=4/10 OOF_accuracy=0.800000 OOF_AUC=0.767045
Device=cuda; epochs=80; batch=32; model=PointNetDual
epoch=1/80 loss=0.663221 seconds=0.36
epoch=2/80 loss=0.526356 seconds=0.38
epoch=3/80 loss=0.437149 seconds=0.36
epoch=4/80 loss=0.367635 seconds=0.38
epoch=5/80 loss=0.359959 seconds=0.36
epoch=6/80 loss=0.342717 seconds=0.36
epoch=7/80 loss=0.314033 seconds=0.38
epoch=8/80 loss=0.281062 seconds=0.36
epoch=9/80 loss=0.294816 seconds=0.38
epoch=10/80 loss=0.294539 seconds=0.36
epoch=11/80 loss=0.305136 seconds=0.38
epoch=12/80 loss=0.213834 seconds=0.36
epoch=13/80 loss=0.182794 seconds=0.38
epoch=14/80 loss=0.181677 seconds=0.36
epoch=15/80 loss=0.159266 seconds=0.38
epoch=16/80 loss=0.239544 seconds=0.38
epoch=17/80 loss=0.213678 seconds=0.36
epoch=18/80 loss=0.206448 seconds=0.38
epoch=19/80 loss=0.187386 seconds=0.38
epoch=20/80 loss=0.164641 seconds=0.36
epoch=21/80 loss=0.211715 seconds=0.38
epoch=22/80 loss=0.164836 seconds=0.36
epoch=23/80 loss=0.289429 seconds=0.38
epoch=24/80 loss=0.247897 seconds=0.36
epoch=25/80 loss=0.236602 seconds=0.38
epoch=26/80 loss=0.160138 seconds=0.38
epoch=27/80 loss=0.165881 seconds=0.36
epoch=28/80 loss=0.212951 seconds=0.36
epoch=29/80 loss=0.190939 seconds=0.38
epoch=30/80 loss=0.196644 seconds=0.36
epoch=31/80 loss=0.275176 seconds=0.38
epoch=32/80 loss=0.216774 seconds=0.38
epoch=33/80 loss=0.158715 seconds=0.36
epoch=34/80 loss=0.179151 seconds=0.38
epoch=35/80 loss=0.132142 seconds=0.36
epoch=36/80 loss=0.243766 seconds=0.36
epoch=37/80 loss=0.200913 seconds=0.38
epoch=38/80 loss=0.127786 seconds=0.36
epoch=39/80 loss=0.185208 seconds=0.38
epoch=40/80 loss=0.175737 seconds=0.36
epoch=41/80 loss=0.161802 seconds=0.38
epoch=42/80 loss=0.177801 seconds=0.36
epoch=43/80 loss=0.202497 seconds=0.38
epoch=44/80 loss=0.183530 seconds=0.38
epoch=45/80 loss=0.162958 seconds=0.36
epoch=46/80 loss=0.100113 seconds=0.38
epoch=47/80 loss=0.084216 seconds=0.36
epoch=48/80 loss=0.151913 seconds=0.36
epoch=49/80 loss=0.124375 seconds=0.38
epoch=50/80 loss=0.098556 seconds=0.36
epoch=51/80 loss=0.180454 seconds=0.38
epoch=52/80 loss=0.170138 seconds=0.36
epoch=53/80 loss=0.156552 seconds=0.38
epoch=54/80 loss=0.115615 seconds=0.38
epoch=55/80 loss=0.092391 seconds=0.36
epoch=56/80 loss=0.108405 seconds=0.38
epoch=57/80 loss=0.089493 seconds=0.36
epoch=58/80 loss=0.166108 seconds=0.38
epoch=59/80 loss=0.118407 seconds=0.36
epoch=60/80 loss=0.146338 seconds=0.38
epoch=61/80 loss=0.078092 seconds=0.36
epoch=62/80 loss=0.143477 seconds=0.38
epoch=63/80 loss=0.076883 seconds=0.36
epoch=64/80 loss=0.053532 seconds=0.38
epoch=65/80 loss=0.052101 seconds=0.33
epoch=66/80 loss=0.092933 seconds=0.16
epoch=67/80 loss=0.042259 seconds=0.27
epoch=68/80 loss=0.062350 seconds=0.36
epoch=69/80 loss=0.068583 seconds=0.36
epoch=70/80 loss=0.072471 seconds=0.38
epoch=71/80 loss=0.086353 seconds=0.38
epoch=72/80 loss=0.084300 seconds=0.38
epoch=73/80 loss=0.100231 seconds=0.36
epoch=74/80 loss=0.087223 seconds=0.38
epoch=75/80 loss=0.158461 seconds=0.36
epoch=76/80 loss=0.103643 seconds=0.38
epoch=77/80 loss=0.073377 seconds=0.36
epoch=78/80 loss=0.073493 seconds=0.36
epoch=79/80 loss=0.117737 seconds=0.38
epoch=80/80 loss=0.119574 seconds=0.36
fold=5/10 OOF_accuracy=0.800000 OOF_AUC=0.761364
Device=cuda; epochs=80; batch=32; model=PointNetDual
epoch=1/80 loss=0.634962 seconds=0.38
epoch=2/80 loss=0.483563 seconds=0.36
epoch=3/80 loss=0.383462 seconds=0.38
epoch=4/80 loss=0.369824 seconds=0.36
epoch=5/80 loss=0.296025 seconds=0.38
epoch=6/80 loss=0.327531 seconds=0.36
epoch=7/80 loss=0.334119 seconds=0.38
epoch=8/80 loss=0.269885 seconds=0.36
epoch=9/80 loss=0.296356 seconds=0.36
epoch=10/80 loss=0.201739 seconds=0.38
epoch=11/80 loss=0.185000 seconds=0.36
epoch=12/80 loss=0.211673 seconds=0.38
epoch=13/80 loss=0.178885 seconds=0.36
epoch=14/80 loss=0.225345 seconds=0.38
epoch=15/80 loss=0.204003 seconds=0.36
epoch=16/80 loss=0.256230 seconds=0.38
epoch=17/80 loss=0.243650 seconds=0.38
epoch=18/80 loss=0.183287 seconds=0.36
epoch=19/80 loss=0.164303 seconds=0.38
epoch=20/80 loss=0.147478 seconds=0.36
epoch=21/80 loss=0.187757 seconds=0.38
epoch=22/80 loss=0.118637 seconds=0.36
epoch=23/80 loss=0.156170 seconds=0.38
epoch=24/80 loss=0.161826 seconds=0.36
epoch=25/80 loss=0.184931 seconds=0.38
epoch=26/80 loss=0.172421 seconds=0.36
epoch=27/80 loss=0.214866 seconds=0.38
epoch=28/80 loss=0.278439 seconds=0.36
epoch=29/80 loss=0.228945 seconds=0.36
epoch=30/80 loss=0.192112 seconds=0.38
epoch=31/80 loss=0.261893 seconds=0.36
epoch=32/80 loss=0.176160 seconds=0.38
epoch=33/80 loss=0.176538 seconds=0.36
epoch=34/80 loss=0.191754 seconds=0.38
epoch=35/80 loss=0.163137 seconds=0.38
epoch=36/80 loss=0.178472 seconds=0.36
epoch=37/80 loss=0.138461 seconds=0.38
epoch=38/80 loss=0.127213 seconds=0.36
epoch=39/80 loss=0.228415 seconds=0.36
epoch=40/80 loss=0.136448 seconds=0.36
epoch=41/80 loss=0.132248 seconds=0.38
epoch=42/80 loss=0.076822 seconds=0.36
epoch=43/80 loss=0.088122 seconds=0.38
epoch=44/80 loss=0.144982 seconds=0.38
epoch=45/80 loss=0.134963 seconds=0.36
epoch=46/80 loss=0.119199 seconds=0.36
epoch=47/80 loss=0.063758 seconds=0.38
epoch=48/80 loss=0.060098 seconds=0.36
epoch=49/80 loss=0.080338 seconds=0.38
epoch=50/80 loss=0.099884 seconds=0.36
epoch=51/80 loss=0.092113 seconds=0.36
epoch=52/80 loss=0.140620 seconds=0.38
epoch=53/80 loss=0.133800 seconds=0.36
epoch=54/80 loss=0.125820 seconds=0.27
epoch=55/80 loss=0.054133 seconds=0.16
epoch=56/80 loss=0.055714 seconds=0.16
epoch=57/80 loss=0.073210 seconds=0.16
epoch=58/80 loss=0.071137 seconds=0.16
epoch=59/80 loss=0.154537 seconds=0.36
epoch=60/80 loss=0.190709 seconds=0.38
epoch=61/80 loss=0.071105 seconds=0.38
epoch=62/80 loss=0.059013 seconds=0.38
epoch=63/80 loss=0.054453 seconds=0.36
epoch=64/80 loss=0.074987 seconds=0.38
epoch=65/80 loss=0.059986 seconds=0.38
epoch=66/80 loss=0.051120 seconds=0.38
epoch=67/80 loss=0.129952 seconds=0.36
epoch=68/80 loss=0.134695 seconds=0.38
epoch=69/80 loss=0.184162 seconds=0.36
epoch=70/80 loss=0.114179 seconds=0.38
epoch=71/80 loss=0.259632 seconds=0.38
epoch=72/80 loss=0.135850 seconds=0.36
epoch=73/80 loss=0.136223 seconds=0.38
epoch=74/80 loss=0.172495 seconds=0.36
epoch=75/80 loss=0.213639 seconds=0.36
epoch=76/80 loss=0.141446 seconds=0.38
epoch=77/80 loss=0.112867 seconds=0.36
epoch=78/80 loss=0.189494 seconds=0.38
epoch=79/80 loss=0.126021 seconds=0.38
epoch=80/80 loss=0.108740 seconds=0.38
fold=6/10 OOF_accuracy=0.733333 OOF_AUC=0.750000
Device=cuda; epochs=80; batch=32; model=PointNetDual
epoch=1/80 loss=0.594084 seconds=0.36
epoch=2/80 loss=0.504916 seconds=0.38
epoch=3/80 loss=0.419652 seconds=0.38
epoch=4/80 loss=0.368044 seconds=0.36
epoch=5/80 loss=0.277798 seconds=0.36
epoch=6/80 loss=0.369384 seconds=0.38
epoch=7/80 loss=0.313121 seconds=0.38
epoch=8/80 loss=0.250663 seconds=0.36
epoch=9/80 loss=0.375573 seconds=0.38
epoch=10/80 loss=0.331318 seconds=0.36
epoch=11/80 loss=0.250167 seconds=0.38
epoch=12/80 loss=0.202860 seconds=0.38
epoch=13/80 loss=0.175710 seconds=0.38
epoch=14/80 loss=0.216256 seconds=0.36
epoch=15/80 loss=0.173351 seconds=0.38
epoch=16/80 loss=0.197285 seconds=0.38
epoch=17/80 loss=0.208151 seconds=0.36
epoch=18/80 loss=0.166617 seconds=0.38
epoch=19/80 loss=0.213998 seconds=0.36
epoch=20/80 loss=0.247592 seconds=0.36
epoch=21/80 loss=0.316540 seconds=0.38
epoch=22/80 loss=0.278337 seconds=0.38
epoch=23/80 loss=0.236893 seconds=0.36
epoch=24/80 loss=0.146293 seconds=0.36
epoch=25/80 loss=0.155747 seconds=0.38
epoch=26/80 loss=0.134436 seconds=0.36
epoch=27/80 loss=0.153309 seconds=0.38
epoch=28/80 loss=0.235393 seconds=0.38
epoch=29/80 loss=0.222616 seconds=0.38
epoch=30/80 loss=0.247196 seconds=0.36
epoch=31/80 loss=0.209558 seconds=0.38
epoch=32/80 loss=0.124841 seconds=0.36
epoch=33/80 loss=0.160480 seconds=0.36
epoch=34/80 loss=0.156260 seconds=0.38
epoch=35/80 loss=0.124699 seconds=0.38
epoch=36/80 loss=0.109865 seconds=0.36
epoch=37/80 loss=0.094246 seconds=0.36
epoch=38/80 loss=0.116603 seconds=0.36
epoch=39/80 loss=0.098495 seconds=0.38
epoch=40/80 loss=0.071067 seconds=0.38
epoch=41/80 loss=0.085338 seconds=0.36
epoch=42/80 loss=0.106267 seconds=0.38
epoch=43/80 loss=0.095281 seconds=0.38
epoch=44/80 loss=0.084479 seconds=0.36
epoch=45/80 loss=0.131976 seconds=0.38
epoch=46/80 loss=0.058110 seconds=0.38
epoch=47/80 loss=0.050779 seconds=0.36
epoch=48/80 loss=0.042519 seconds=0.38
epoch=49/80 loss=0.069517 seconds=0.38
epoch=50/80 loss=0.099927 seconds=0.36
epoch=51/80 loss=0.131681 seconds=0.36
epoch=52/80 loss=0.094369 seconds=0.38
epoch=53/80 loss=0.095127 seconds=0.23
epoch=54/80 loss=0.074625 seconds=0.16
epoch=55/80 loss=0.088461 seconds=0.16
epoch=56/80 loss=0.107178 seconds=0.16
epoch=57/80 loss=0.138568 seconds=0.16
epoch=58/80 loss=0.240203 seconds=0.16
epoch=59/80 loss=0.228566 seconds=0.16
epoch=60/80 loss=0.204669 seconds=0.16
epoch=61/80 loss=0.208926 seconds=0.16
epoch=62/80 loss=0.115332 seconds=0.17
epoch=63/80 loss=0.089378 seconds=0.16
epoch=64/80 loss=0.092062 seconds=0.16
epoch=65/80 loss=0.125704 seconds=0.16
epoch=66/80 loss=0.123130 seconds=0.16
epoch=67/80 loss=0.084555 seconds=0.16
epoch=68/80 loss=0.062488 seconds=0.16
epoch=69/80 loss=0.056282 seconds=0.16
epoch=70/80 loss=0.094901 seconds=0.16
epoch=71/80 loss=0.133208 seconds=0.16
epoch=72/80 loss=0.062123 seconds=0.16
epoch=73/80 loss=0.045153 seconds=0.16
epoch=74/80 loss=0.086854 seconds=0.16
epoch=75/80 loss=0.187383 seconds=0.16
epoch=76/80 loss=0.294703 seconds=0.16
epoch=77/80 loss=0.184905 seconds=0.16
epoch=78/80 loss=0.228360 seconds=0.16
epoch=79/80 loss=0.153318 seconds=0.16
epoch=80/80 loss=0.086923 seconds=0.16
fold=7/10 OOF_accuracy=0.833333 OOF_AUC=0.835227
Device=cuda; epochs=80; batch=32; model=PointNetDual
epoch=1/80 loss=0.604522 seconds=0.16
epoch=2/80 loss=0.511576 seconds=0.16
epoch=3/80 loss=0.401465 seconds=0.16
epoch=4/80 loss=0.395096 seconds=0.16
epoch=5/80 loss=0.301142 seconds=0.16
epoch=6/80 loss=0.296975 seconds=0.16
epoch=7/80 loss=0.326418 seconds=0.16
epoch=8/80 loss=0.261562 seconds=0.16
epoch=9/80 loss=0.240218 seconds=0.16
epoch=10/80 loss=0.212668 seconds=0.16
epoch=11/80 loss=0.232080 seconds=0.14
epoch=12/80 loss=0.262243 seconds=0.16
epoch=13/80 loss=0.204967 seconds=0.17
epoch=14/80 loss=0.213699 seconds=0.16
epoch=15/80 loss=0.226073 seconds=0.14
epoch=16/80 loss=0.173865 seconds=0.16
epoch=17/80 loss=0.215928 seconds=0.16
epoch=18/80 loss=0.155643 seconds=0.16
epoch=19/80 loss=0.188663 seconds=0.16
epoch=20/80 loss=0.230220 seconds=0.16
epoch=21/80 loss=0.273095 seconds=0.17
epoch=22/80 loss=0.242833 seconds=0.16
epoch=23/80 loss=0.166557 seconds=0.16
epoch=24/80 loss=0.161599 seconds=0.16
epoch=25/80 loss=0.261558 seconds=0.16
epoch=26/80 loss=0.229266 seconds=0.16
epoch=27/80 loss=0.122381 seconds=0.16
epoch=28/80 loss=0.244387 seconds=0.16
epoch=29/80 loss=0.129479 seconds=0.16
epoch=30/80 loss=0.157452 seconds=0.16
epoch=31/80 loss=0.211095 seconds=0.16
epoch=32/80 loss=0.182760 seconds=0.16
epoch=33/80 loss=0.189066 seconds=0.16
epoch=34/80 loss=0.125133 seconds=0.16
epoch=35/80 loss=0.226058 seconds=0.16
epoch=36/80 loss=0.214852 seconds=0.16
epoch=37/80 loss=0.142487 seconds=0.16
epoch=38/80 loss=0.163217 seconds=0.16
epoch=39/80 loss=0.091384 seconds=0.16
epoch=40/80 loss=0.114747 seconds=0.16
epoch=41/80 loss=0.113875 seconds=0.16
epoch=42/80 loss=0.090258 seconds=0.16
epoch=43/80 loss=0.157100 seconds=0.16
epoch=44/80 loss=0.161637 seconds=0.16
epoch=45/80 loss=0.114716 seconds=0.16
epoch=46/80 loss=0.104293 seconds=0.16
epoch=47/80 loss=0.133312 seconds=0.16
epoch=48/80 loss=0.067307 seconds=0.16
epoch=49/80 loss=0.043733 seconds=0.16
epoch=50/80 loss=0.058442 seconds=0.16
epoch=51/80 loss=0.056569 seconds=0.16
epoch=52/80 loss=0.070248 seconds=0.16
epoch=53/80 loss=0.086571 seconds=0.16
epoch=54/80 loss=0.037615 seconds=0.16
epoch=55/80 loss=0.053194 seconds=0.16
epoch=56/80 loss=0.054885 seconds=0.16
epoch=57/80 loss=0.175290 seconds=0.16
epoch=58/80 loss=0.094333 seconds=0.16
epoch=59/80 loss=0.070481 seconds=0.16
epoch=60/80 loss=0.144617 seconds=0.16
epoch=61/80 loss=0.156757 seconds=0.16
epoch=62/80 loss=0.125915 seconds=0.16
epoch=63/80 loss=0.113868 seconds=0.16
epoch=64/80 loss=0.055282 seconds=0.16
epoch=65/80 loss=0.070414 seconds=0.16
epoch=66/80 loss=0.057074 seconds=0.16
epoch=67/80 loss=0.101192 seconds=0.16
epoch=68/80 loss=0.048369 seconds=0.16
epoch=69/80 loss=0.117247 seconds=0.16
epoch=70/80 loss=0.155500 seconds=0.16
epoch=71/80 loss=0.152456 seconds=0.16
epoch=72/80 loss=0.070280 seconds=0.16
epoch=73/80 loss=0.052331 seconds=0.16
epoch=74/80 loss=0.056367 seconds=0.16
epoch=75/80 loss=0.075761 seconds=0.16
epoch=76/80 loss=0.068072 seconds=0.16
epoch=77/80 loss=0.092703 seconds=0.16
epoch=78/80 loss=0.126172 seconds=0.16
epoch=79/80 loss=0.161544 seconds=0.16
epoch=80/80 loss=0.129990 seconds=0.16
fold=8/10 OOF_accuracy=0.733333 OOF_AUC=0.579545
Device=cuda; epochs=80; batch=32; model=PointNetDual
epoch=1/80 loss=0.647693 seconds=0.16
epoch=2/80 loss=0.520419 seconds=0.16
epoch=3/80 loss=0.399848 seconds=0.17
epoch=4/80 loss=0.373687 seconds=0.16
epoch=5/80 loss=0.270593 seconds=0.16
epoch=6/80 loss=0.342062 seconds=0.16
epoch=7/80 loss=0.272314 seconds=0.16
epoch=8/80 loss=0.260814 seconds=0.16
epoch=9/80 loss=0.220927 seconds=0.16
epoch=10/80 loss=0.229853 seconds=0.16
epoch=11/80 loss=0.186933 seconds=0.16
epoch=12/80 loss=0.222003 seconds=0.16
epoch=13/80 loss=0.245608 seconds=0.16
epoch=14/80 loss=0.186054 seconds=0.16
epoch=15/80 loss=0.188304 seconds=0.16
epoch=16/80 loss=0.161910 seconds=0.16
epoch=17/80 loss=0.182403 seconds=0.16
epoch=18/80 loss=0.172186 seconds=0.16
epoch=19/80 loss=0.225959 seconds=0.16
epoch=20/80 loss=0.229336 seconds=0.16
epoch=21/80 loss=0.210612 seconds=0.16
epoch=22/80 loss=0.145078 seconds=0.16
epoch=23/80 loss=0.143852 seconds=0.16
epoch=24/80 loss=0.230667 seconds=0.16
epoch=25/80 loss=0.243354 seconds=0.16
epoch=26/80 loss=0.137190 seconds=0.16
epoch=27/80 loss=0.120393 seconds=0.16
epoch=28/80 loss=0.212267 seconds=0.16
epoch=29/80 loss=0.135054 seconds=0.17
epoch=30/80 loss=0.076156 seconds=0.14
epoch=31/80 loss=0.114434 seconds=0.17
epoch=32/80 loss=0.100781 seconds=0.16
epoch=33/80 loss=0.274895 seconds=0.16
epoch=34/80 loss=0.190199 seconds=0.16
epoch=35/80 loss=0.209183 seconds=0.16
epoch=36/80 loss=0.142432 seconds=0.14
epoch=37/80 loss=0.142329 seconds=0.17
epoch=38/80 loss=0.092330 seconds=0.16
epoch=39/80 loss=0.114059 seconds=0.16
epoch=40/80 loss=0.117555 seconds=0.16
epoch=41/80 loss=0.147403 seconds=0.14
epoch=42/80 loss=0.241130 seconds=0.16
epoch=43/80 loss=0.246431 seconds=0.16
epoch=44/80 loss=0.135479 seconds=0.16
epoch=45/80 loss=0.122753 seconds=0.16
epoch=46/80 loss=0.114146 seconds=0.16
epoch=47/80 loss=0.142716 seconds=0.16
epoch=48/80 loss=0.344277 seconds=0.16
epoch=49/80 loss=0.131236 seconds=0.16
epoch=50/80 loss=0.116941 seconds=0.16
epoch=51/80 loss=0.067554 seconds=0.16
epoch=52/80 loss=0.064875 seconds=0.14
epoch=53/80 loss=0.061375 seconds=0.16
epoch=54/80 loss=0.045099 seconds=0.16
epoch=55/80 loss=0.065777 seconds=0.16
epoch=56/80 loss=0.029845 seconds=0.16
epoch=57/80 loss=0.097322 seconds=0.16
epoch=58/80 loss=0.170494 seconds=0.16
epoch=59/80 loss=0.122289 seconds=0.17
epoch=60/80 loss=0.159022 seconds=0.14
epoch=61/80 loss=0.048244 seconds=0.16
epoch=62/80 loss=0.052231 seconds=0.16
epoch=63/80 loss=0.052070 seconds=0.16
epoch=64/80 loss=0.113857 seconds=0.16
epoch=65/80 loss=0.106469 seconds=0.17
epoch=66/80 loss=0.147457 seconds=0.16
epoch=67/80 loss=0.134491 seconds=0.16
epoch=68/80 loss=0.064882 seconds=0.16
epoch=69/80 loss=0.078942 seconds=0.16
epoch=70/80 loss=0.080715 seconds=0.16
epoch=71/80 loss=0.084891 seconds=0.16
epoch=72/80 loss=0.084112 seconds=0.16
epoch=73/80 loss=0.099196 seconds=0.16
epoch=74/80 loss=0.162894 seconds=0.16
epoch=75/80 loss=0.212788 seconds=0.16
epoch=76/80 loss=0.117800 seconds=0.14
epoch=77/80 loss=0.188852 seconds=0.17
epoch=78/80 loss=0.114291 seconds=0.16
epoch=79/80 loss=0.139527 seconds=0.16
epoch=80/80 loss=0.099667 seconds=0.14
fold=9/10 OOF_accuracy=0.800000 OOF_AUC=0.636364
Device=cuda; epochs=80; batch=32; model=PointNetDual
epoch=1/80 loss=0.576998 seconds=0.16
epoch=2/80 loss=0.485221 seconds=0.16
epoch=3/80 loss=0.415309 seconds=0.16
epoch=4/80 loss=0.373731 seconds=0.16
epoch=5/80 loss=0.369999 seconds=0.16
epoch=6/80 loss=0.297037 seconds=0.16
epoch=7/80 loss=0.287251 seconds=0.16
epoch=8/80 loss=0.276137 seconds=0.16
epoch=9/80 loss=0.263993 seconds=0.16
epoch=10/80 loss=0.288212 seconds=0.17
epoch=11/80 loss=0.277518 seconds=0.16
epoch=12/80 loss=0.202262 seconds=0.16
epoch=13/80 loss=0.234767 seconds=0.16
epoch=14/80 loss=0.171034 seconds=0.16
epoch=15/80 loss=0.120989 seconds=0.16
epoch=16/80 loss=0.184868 seconds=0.16
epoch=17/80 loss=0.200876 seconds=0.16
epoch=18/80 loss=0.251635 seconds=0.16
epoch=19/80 loss=0.172846 seconds=0.16
epoch=20/80 loss=0.122036 seconds=0.16
epoch=21/80 loss=0.130830 seconds=0.16
epoch=22/80 loss=0.150949 seconds=0.16
epoch=23/80 loss=0.243092 seconds=0.16
epoch=24/80 loss=0.158390 seconds=0.16
epoch=25/80 loss=0.102330 seconds=0.16
epoch=26/80 loss=0.194096 seconds=0.16
epoch=27/80 loss=0.181085 seconds=0.16
epoch=28/80 loss=0.208357 seconds=0.16
epoch=29/80 loss=0.238187 seconds=0.16
epoch=30/80 loss=0.196586 seconds=0.16
epoch=31/80 loss=0.148342 seconds=0.16
epoch=32/80 loss=0.098880 seconds=0.16
epoch=33/80 loss=0.187116 seconds=0.16
epoch=34/80 loss=0.261886 seconds=0.16
epoch=35/80 loss=0.189208 seconds=0.16
epoch=36/80 loss=0.174365 seconds=0.16
epoch=37/80 loss=0.110854 seconds=0.16
epoch=38/80 loss=0.098977 seconds=0.16
epoch=39/80 loss=0.091655 seconds=0.17
epoch=40/80 loss=0.070129 seconds=0.14
epoch=41/80 loss=0.145705 seconds=0.16
epoch=42/80 loss=0.110451 seconds=0.16
epoch=43/80 loss=0.108574 seconds=0.17
epoch=44/80 loss=0.155298 seconds=0.16
epoch=45/80 loss=0.200337 seconds=0.16
epoch=46/80 loss=0.180968 seconds=0.16
epoch=47/80 loss=0.091416 seconds=0.14
epoch=48/80 loss=0.078337 seconds=0.16
epoch=49/80 loss=0.113937 seconds=0.16
epoch=50/80 loss=0.097053 seconds=0.16
epoch=51/80 loss=0.110634 seconds=0.16
epoch=52/80 loss=0.129592 seconds=0.16
epoch=53/80 loss=0.149656 seconds=0.16
epoch=54/80 loss=0.091849 seconds=0.16
epoch=55/80 loss=0.098579 seconds=0.16
epoch=56/80 loss=0.057140 seconds=0.16
epoch=57/80 loss=0.099891 seconds=0.16
epoch=58/80 loss=0.158235 seconds=0.16
epoch=59/80 loss=0.112957 seconds=0.16
epoch=60/80 loss=0.133383 seconds=0.16
epoch=61/80 loss=0.166959 seconds=0.16
epoch=62/80 loss=0.072047 seconds=0.16
epoch=63/80 loss=0.065967 seconds=0.16
epoch=64/80 loss=0.109468 seconds=0.16
epoch=65/80 loss=0.087537 seconds=0.16
epoch=66/80 loss=0.100859 seconds=0.17
epoch=67/80 loss=0.144296 seconds=0.16
epoch=68/80 loss=0.105402 seconds=0.16
epoch=69/80 loss=0.095097 seconds=0.16
epoch=70/80 loss=0.085237 seconds=0.16
epoch=71/80 loss=0.065369 seconds=0.16
epoch=72/80 loss=0.099187 seconds=0.16
epoch=73/80 loss=0.057250 seconds=0.16
epoch=74/80 loss=0.048692 seconds=0.16
epoch=75/80 loss=0.036084 seconds=0.16
epoch=76/80 loss=0.119138 seconds=0.16
epoch=77/80 loss=0.211494 seconds=0.16
epoch=78/80 loss=0.124275 seconds=0.16
epoch=79/80 loss=0.090898 seconds=0.16
epoch=80/80 loss=0.082250 seconds=0.16
fold=10/10 OOF_accuracy=0.800000 OOF_AUC=0.798942
Frozen Train OOF threshold=0.77281320095062256; objective=accuracy; OOF selection accuracy=0.793333
Device=cuda; epochs=80; batch=32; model=PointNetDual
epoch=1/80 loss=0.622215 seconds=0.17
epoch=2/80 loss=0.448322 seconds=0.19
epoch=3/80 loss=0.365046 seconds=0.17
epoch=4/80 loss=0.316080 seconds=0.17
epoch=5/80 loss=0.339194 seconds=0.17
epoch=6/80 loss=0.282346 seconds=0.17
epoch=7/80 loss=0.259999 seconds=0.17
epoch=8/80 loss=0.222241 seconds=0.19
epoch=9/80 loss=0.223693 seconds=0.17
epoch=10/80 loss=0.315195 seconds=0.17
epoch=11/80 loss=0.279565 seconds=0.17
epoch=12/80 loss=0.225819 seconds=0.17
epoch=13/80 loss=0.186623 seconds=0.17
epoch=14/80 loss=0.163249 seconds=0.17
epoch=15/80 loss=0.160354 seconds=0.17
epoch=16/80 loss=0.115625 seconds=0.17
epoch=17/80 loss=0.168518 seconds=0.17
epoch=18/80 loss=0.263370 seconds=0.17
epoch=19/80 loss=0.211381 seconds=0.17
epoch=20/80 loss=0.167411 seconds=0.17
epoch=21/80 loss=0.183177 seconds=0.17
epoch=22/80 loss=0.154043 seconds=0.17
epoch=23/80 loss=0.159474 seconds=0.17
epoch=24/80 loss=0.128238 seconds=0.17
epoch=25/80 loss=0.093332 seconds=0.17
epoch=26/80 loss=0.123291 seconds=0.17
epoch=27/80 loss=0.109225 seconds=0.17
epoch=28/80 loss=0.182147 seconds=0.17
epoch=29/80 loss=0.213210 seconds=0.17
epoch=30/80 loss=0.200520 seconds=0.16
epoch=31/80 loss=0.166128 seconds=0.17
epoch=32/80 loss=0.106333 seconds=0.17
epoch=33/80 loss=0.073198 seconds=0.17
epoch=34/80 loss=0.103166 seconds=0.17
epoch=35/80 loss=0.098410 seconds=0.16
epoch=36/80 loss=0.124042 seconds=0.17
epoch=37/80 loss=0.138641 seconds=0.17
epoch=38/80 loss=0.078325 seconds=0.17
epoch=39/80 loss=0.102866 seconds=0.17
epoch=40/80 loss=0.125877 seconds=0.17
epoch=41/80 loss=0.115135 seconds=0.16
epoch=42/80 loss=0.117189 seconds=0.17
epoch=43/80 loss=0.086904 seconds=0.17
epoch=44/80 loss=0.096582 seconds=0.17
epoch=45/80 loss=0.042631 seconds=0.17
epoch=46/80 loss=0.065162 seconds=0.17
epoch=47/80 loss=0.062415 seconds=0.16
epoch=48/80 loss=0.140339 seconds=0.17
epoch=49/80 loss=0.265226 seconds=0.17
epoch=50/80 loss=0.203383 seconds=0.17
epoch=51/80 loss=0.162931 seconds=0.17
epoch=52/80 loss=0.056303 seconds=0.16
epoch=53/80 loss=0.051996 seconds=0.17
epoch=54/80 loss=0.028917 seconds=0.17
epoch=55/80 loss=0.055152 seconds=0.17
epoch=56/80 loss=0.048106 seconds=0.17
epoch=57/80 loss=0.048982 seconds=0.16
epoch=58/80 loss=0.096050 seconds=0.17
epoch=59/80 loss=0.097858 seconds=0.17
epoch=60/80 loss=0.119018 seconds=0.17
epoch=61/80 loss=0.105726 seconds=0.17
epoch=62/80 loss=0.077759 seconds=0.16
epoch=63/80 loss=0.058277 seconds=0.17
epoch=64/80 loss=0.047227 seconds=0.17
epoch=65/80 loss=0.120389 seconds=0.17
epoch=66/80 loss=0.085137 seconds=0.17
epoch=67/80 loss=0.055211 seconds=0.17
epoch=68/80 loss=0.030229 seconds=0.17
epoch=69/80 loss=0.019569 seconds=0.16
epoch=70/80 loss=0.037360 seconds=0.17
epoch=71/80 loss=0.050038 seconds=0.17
epoch=72/80 loss=0.029309 seconds=0.19
epoch=73/80 loss=0.036173 seconds=0.17
epoch=74/80 loss=0.037247 seconds=0.16
epoch=75/80 loss=0.039733 seconds=0.17
epoch=76/80 loss=0.026823 seconds=0.17
epoch=77/80 loss=0.034344 seconds=0.17
epoch=78/80 loss=0.040458 seconds=0.17
epoch=79/80 loss=0.053404 seconds=0.16
epoch=80/80 loss=0.053378 seconds=0.17
{"cv_oof": {"accuracy": 0.7766666666666666, "balanced_accuracy": 0.656434973786572, "sensitivity": 0.3950617283950617, "specificity": 0.9178082191780822, "f1_macro": 0.6728462377317339, "roc_auc": 0.7416427081571678, "confusion_matrix": [[201, 18], [49, 32]], "classification_report": {"0": {"precision": 0.804, "recall": 0.9178082191780822, "f1-score": 0.8571428571428571, "support": 219.0}, "1": {"precision": 0.64, "recall": 0.3950617283950617, "f1-score": 0.48854961832061067, "support": 81.0}, "accuracy": 0.7766666666666666, "macro avg": {"precision": 0.722, "recall": 0.656434973786572, "f1-score": 0.6728462377317339, "support": 300.0}, "weighted avg": {"precision": 0.7597200000000001, "recall": 0.7766666666666666, "f1-score": 0.7576226826608505, "support": 300.0}}}, "test": {"accuracy": 0.6623376623376623, "balanced_accuracy": 0.6339285714285714, "sensitivity": 0.5714285714285714, "specificity": 0.6964285714285714, "f1_macro": 0.615, "roc_auc": 0.7049319727891156, "confusion_matrix": [[39, 17], [9, 12]], "classification_report": {"0": {"precision": 0.8125, "recall": 0.6964285714285714, "f1-score": 0.75, "support": 56.0}, "1": {"precision": 0.41379310344827586, "recall": 0.5714285714285714, "f1-score": 0.48, "support": 21.0}, "accuracy": 0.6623376623376623, "macro avg": {"precision": 0.6131465517241379, "recall": 0.6339285714285714, "f1-score": 0.615, "support": 77.0}, "weighted avg": {"precision": 0.7037617554858934, "recall": 0.6623376623376623, "f1-score": 0.6763636363636364, "support": 77.0}}}, "folds": 10, "original_train_rows": 300, "train_rows": 438, "test_rows": 77, "elapsed_seconds": 255.06200000003446, "test_default": {"accuracy": 0.6493506493506493, "balanced_accuracy": 0.6398809523809523, "sensitivity": 0.6190476190476191, "specificity": 0.6607142857142857, "f1_macro": 0.6116196525312909, "roc_auc": 0.7049319727891156, "confusion_matrix": [[37, 19], [8, 13]], "classification_report": {"0": {"precision": 0.8222222222222222, "recall": 0.6607142857142857, "f1-score": 0.7326732673267327, "support": 56.0}, "1": {"precision": 0.40625, "recall": 0.6190476190476191, "f1-score": 0.49056603773584906, "support": 21.0}, "accuracy": 0.6493506493506493, "macro avg": {"precision": 0.6142361111111111, "recall": 0.6398809523809523, "f1-score": 0.6116196525312909, "support": 77.0}, "weighted avg": {"precision": 0.7087752525252525, "recall": 0.6493506493506493, "f1-score": 0.6666440228928553, "support": 77.0}}}, "decision_threshold": 0.7728132009506226, "oof_threshold_selection": {"accuracy": 0.7933333333333333, "balanced_accuracy": 0.6600710299340435, "sensitivity": 0.37037037037037035, "specificity": 0.9497716894977168, "f1_macro": 0.6810480828589067, "roc_auc": 0.7416427081571678, "confusion_matrix": [[208, 11], [51, 30]], "classification_report": {"0": {"precision": 0.803088803088803, "recall": 0.9497716894977168, "f1-score": 0.8702928870292888, "support": 219.0}, "1": {"precision": 0.7317073170731707, "recall": 0.37037037037037035, "f1-score": 0.4918032786885246, "support": 81.0}, "accuracy": 0.7933333333333333, "macro avg": {"precision": 0.7673980600809869, "recall": 0.6600710299340435, "f1-score": 0.6810480828589067, "support": 300.0}, "weighted avg": {"precision": 0.7838158018645822, "recall": 0.7933333333333333, "f1-score": 0.7681006927772824, "support": 300.0}}}, "test_accuracy_change": 0.012987012987012991}
