Command: ["C:\\Users\\IHCK\\AppData\\Local\\Programs\\Python\\Python312\\python.exe", "-u", "C:\\Users\\IHCK\\Desktop\\1_10_69Final\\Hippocampal-Shape-Analysis-for-Epilepsy-Detection\\Model\\train_dataset_model.py", "--dataset", "pointnet_raw_balanced_jitter", "--side", "left", "--model", "PointNet", "--kind", "xyz", "--train-csv", "C:\\Users\\IHCK\\Desktop\\1_10_69Final\\Hippocampal-Shape-Analysis-for-Epilepsy-Detection\\Output_Dataset\\pointnet_raw_balanced_jitter\\left\\train_prepared.csv", "--test-csv", "C:\\Users\\IHCK\\Desktop\\1_10_69Final\\Hippocampal-Shape-Analysis-for-Epilepsy-Detection\\Output_Dataset\\pointnet_raw_balanced_jitter\\left\\test_prepared.csv", "--output-dir", "C:\\Users\\IHCK\\Desktop\\1_10_69Final\\Hippocampal-Shape-Analysis-for-Epilepsy-Detection\\Model_Results\\dataset_runs_20261003_oof_threshold\\pointnet_raw_balanced_jitter\\left\\PointNet", "--epochs", "80", "--folds", "10", "--pls-components", "8", "--seed", "42", "--threads", "2", "--tune-threshold"]
10-fold CV: dataset=pointnet_raw_balanced_jitter side=left model=PointNet; original_train=300 test=73
Device=cuda; epochs=80; batch=32; model=PointNetDual
epoch=1/80 loss=0.676558 seconds=0.61
epoch=2/80 loss=0.497092 seconds=0.31
epoch=3/80 loss=0.474953 seconds=0.31
epoch=4/80 loss=0.433312 seconds=0.30
epoch=5/80 loss=0.371806 seconds=0.31
epoch=6/80 loss=0.300626 seconds=0.30
epoch=7/80 loss=0.300685 seconds=0.31
epoch=8/80 loss=0.345884 seconds=0.30
epoch=9/80 loss=0.278723 seconds=0.31
epoch=10/80 loss=0.246522 seconds=0.31
epoch=11/80 loss=0.220035 seconds=0.30
epoch=12/80 loss=0.236086 seconds=0.30
epoch=13/80 loss=0.170606 seconds=0.31
epoch=14/80 loss=0.147574 seconds=0.31
epoch=15/80 loss=0.162541 seconds=0.30
epoch=16/80 loss=0.188294 seconds=0.31
epoch=17/80 loss=0.188886 seconds=0.31
epoch=18/80 loss=0.158631 seconds=0.31
epoch=19/80 loss=0.129704 seconds=0.31
epoch=20/80 loss=0.129442 seconds=0.31
epoch=21/80 loss=0.136135 seconds=0.31
epoch=22/80 loss=0.133902 seconds=0.22
epoch=23/80 loss=0.139406 seconds=0.14
epoch=24/80 loss=0.120667 seconds=0.12
epoch=25/80 loss=0.168224 seconds=0.19
epoch=26/80 loss=0.176966 seconds=0.31
epoch=27/80 loss=0.143903 seconds=0.31
epoch=28/80 loss=0.121952 seconds=0.31
epoch=29/80 loss=0.096890 seconds=0.31
epoch=30/80 loss=0.072838 seconds=0.33
epoch=31/80 loss=0.059715 seconds=0.31
epoch=32/80 loss=0.073376 seconds=0.31
epoch=33/80 loss=0.093050 seconds=0.31
epoch=34/80 loss=0.204738 seconds=0.33
epoch=35/80 loss=0.223005 seconds=0.33
epoch=36/80 loss=0.183640 seconds=0.31
epoch=37/80 loss=0.143716 seconds=0.31
epoch=38/80 loss=0.086104 seconds=0.31
epoch=39/80 loss=0.073799 seconds=0.33
epoch=40/80 loss=0.048025 seconds=0.31
epoch=41/80 loss=0.100798 seconds=0.31
epoch=42/80 loss=0.065637 seconds=0.33
epoch=43/80 loss=0.111797 seconds=0.31
epoch=44/80 loss=0.137413 seconds=0.31
epoch=45/80 loss=0.117164 seconds=0.31
epoch=46/80 loss=0.160957 seconds=0.31
epoch=47/80 loss=0.089779 seconds=0.31
epoch=48/80 loss=0.048236 seconds=0.31
epoch=49/80 loss=0.046182 seconds=0.33
epoch=50/80 loss=0.063205 seconds=0.31
epoch=51/80 loss=0.054843 seconds=0.31
epoch=52/80 loss=0.052083 seconds=0.31
epoch=53/80 loss=0.050332 seconds=0.33
epoch=54/80 loss=0.049267 seconds=0.33
epoch=55/80 loss=0.066101 seconds=0.31
epoch=56/80 loss=0.091487 seconds=0.31
epoch=57/80 loss=0.067706 seconds=0.31
epoch=58/80 loss=0.062683 seconds=0.33
epoch=59/80 loss=0.176730 seconds=0.31
epoch=60/80 loss=0.116070 seconds=0.33
epoch=61/80 loss=0.062852 seconds=0.31
epoch=62/80 loss=0.047382 seconds=0.33
epoch=63/80 loss=0.078085 seconds=0.31
epoch=64/80 loss=0.073136 seconds=0.31
epoch=65/80 loss=0.026047 seconds=0.31
epoch=66/80 loss=0.021644 seconds=0.33
epoch=67/80 loss=0.030101 seconds=0.31
epoch=68/80 loss=0.090337 seconds=0.31
epoch=69/80 loss=0.095234 seconds=0.33
epoch=70/80 loss=0.042031 seconds=0.31
epoch=71/80 loss=0.050869 seconds=0.31
epoch=72/80 loss=0.131021 seconds=0.31
epoch=73/80 loss=0.019954 seconds=0.31
epoch=74/80 loss=0.021732 seconds=0.31
epoch=75/80 loss=0.042670 seconds=0.33
epoch=76/80 loss=0.054301 seconds=0.33
epoch=77/80 loss=0.062139 seconds=0.31
epoch=78/80 loss=0.060615 seconds=0.31
epoch=79/80 loss=0.132601 seconds=0.31
epoch=80/80 loss=0.156325 seconds=0.33
fold=1/10 OOF_accuracy=0.733333 OOF_AUC=0.750000
Device=cuda; epochs=80; batch=32; model=PointNetDual
epoch=1/80 loss=0.671082 seconds=0.33
epoch=2/80 loss=0.517274 seconds=0.31
epoch=3/80 loss=0.424632 seconds=0.31
epoch=4/80 loss=0.347735 seconds=0.31
epoch=5/80 loss=0.277363 seconds=0.33
epoch=6/80 loss=0.312404 seconds=0.33
epoch=7/80 loss=0.298027 seconds=0.31
epoch=8/80 loss=0.303503 seconds=0.31
epoch=9/80 loss=0.240942 seconds=0.31
epoch=10/80 loss=0.240786 seconds=0.33
epoch=11/80 loss=0.230745 seconds=0.31
epoch=12/80 loss=0.179775 seconds=0.33
epoch=13/80 loss=0.149910 seconds=0.31
epoch=14/80 loss=0.148244 seconds=0.23
epoch=15/80 loss=0.192358 seconds=0.14
epoch=16/80 loss=0.186310 seconds=0.12
epoch=17/80 loss=0.206460 seconds=0.14
epoch=18/80 loss=0.194487 seconds=0.14
epoch=19/80 loss=0.137463 seconds=0.12
epoch=20/80 loss=0.114308 seconds=0.14
epoch=21/80 loss=0.157326 seconds=0.14
epoch=22/80 loss=0.169988 seconds=0.14
epoch=23/80 loss=0.150836 seconds=0.12
epoch=24/80 loss=0.284053 seconds=0.14
epoch=25/80 loss=0.174279 seconds=0.14
epoch=26/80 loss=0.139128 seconds=0.12
epoch=27/80 loss=0.148698 seconds=0.14
epoch=28/80 loss=0.107802 seconds=0.14
epoch=29/80 loss=0.092451 seconds=0.12
epoch=30/80 loss=0.208264 seconds=0.14
epoch=31/80 loss=0.162037 seconds=0.14
epoch=32/80 loss=0.156768 seconds=0.12
epoch=33/80 loss=0.117009 seconds=0.14
epoch=34/80 loss=0.120650 seconds=0.14
epoch=35/80 loss=0.111494 seconds=0.12
epoch=36/80 loss=0.078028 seconds=0.14
epoch=37/80 loss=0.084234 seconds=0.12
epoch=38/80 loss=0.077551 seconds=0.14
epoch=39/80 loss=0.080392 seconds=0.14
epoch=40/80 loss=0.057857 seconds=0.12
epoch=41/80 loss=0.035783 seconds=0.14
epoch=42/80 loss=0.055535 seconds=0.12
epoch=43/80 loss=0.086654 seconds=0.14
epoch=44/80 loss=0.144775 seconds=0.14
epoch=45/80 loss=0.154352 seconds=0.12
epoch=46/80 loss=0.086104 seconds=0.14
epoch=47/80 loss=0.046494 seconds=0.12
epoch=48/80 loss=0.069561 seconds=0.14
epoch=49/80 loss=0.054057 seconds=0.14
epoch=50/80 loss=0.108882 seconds=0.14
epoch=51/80 loss=0.079817 seconds=0.12
epoch=52/80 loss=0.072575 seconds=0.12
epoch=53/80 loss=0.037364 seconds=0.12
epoch=54/80 loss=0.036179 seconds=0.14
epoch=55/80 loss=0.029451 seconds=0.12
epoch=56/80 loss=0.059805 seconds=0.12
epoch=57/80 loss=0.040383 seconds=0.16
epoch=58/80 loss=0.061917 seconds=0.25
epoch=59/80 loss=0.118532 seconds=0.30
epoch=60/80 loss=0.108492 seconds=0.30
epoch=61/80 loss=0.040609 seconds=0.31
epoch=62/80 loss=0.031914 seconds=0.31
epoch=63/80 loss=0.075492 seconds=0.30
epoch=64/80 loss=0.041158 seconds=0.31
epoch=65/80 loss=0.063766 seconds=0.31
epoch=66/80 loss=0.118247 seconds=0.30
epoch=67/80 loss=0.045298 seconds=0.31
epoch=68/80 loss=0.035336 seconds=0.30
epoch=69/80 loss=0.033853 seconds=0.31
epoch=70/80 loss=0.022833 seconds=0.31
epoch=71/80 loss=0.038462 seconds=0.30
epoch=72/80 loss=0.072695 seconds=0.31
epoch=73/80 loss=0.029595 seconds=0.31
epoch=74/80 loss=0.042207 seconds=0.31
epoch=75/80 loss=0.097398 seconds=0.31
epoch=76/80 loss=0.062539 seconds=0.31
epoch=77/80 loss=0.070793 seconds=0.31
epoch=78/80 loss=0.047738 seconds=0.33
epoch=79/80 loss=0.095269 seconds=0.31
epoch=80/80 loss=0.068173 seconds=0.31
fold=2/10 OOF_accuracy=0.633333 OOF_AUC=0.710000
Device=cuda; epochs=80; batch=32; model=PointNetDual
epoch=1/80 loss=0.638543 seconds=0.34
epoch=2/80 loss=0.490196 seconds=0.31
epoch=3/80 loss=0.400099 seconds=0.33
epoch=4/80 loss=0.330181 seconds=0.31
epoch=5/80 loss=0.296790 seconds=0.31
epoch=6/80 loss=0.306795 seconds=0.31
epoch=7/80 loss=0.248472 seconds=0.33
epoch=8/80 loss=0.291593 seconds=0.31
epoch=9/80 loss=0.222588 seconds=0.33
epoch=10/80 loss=0.190600 seconds=0.31
epoch=11/80 loss=0.189501 seconds=0.31
epoch=12/80 loss=0.280115 seconds=0.33
epoch=13/80 loss=0.242600 seconds=0.31
epoch=14/80 loss=0.205090 seconds=0.31
epoch=15/80 loss=0.159611 seconds=0.31
epoch=16/80 loss=0.150448 seconds=0.33
epoch=17/80 loss=0.206129 seconds=0.33
epoch=18/80 loss=0.162304 seconds=0.31
epoch=19/80 loss=0.204553 seconds=0.33
epoch=20/80 loss=0.172782 seconds=0.33
epoch=21/80 loss=0.170510 seconds=0.31
epoch=22/80 loss=0.165371 seconds=0.33
epoch=23/80 loss=0.174157 seconds=0.31
epoch=24/80 loss=0.126589 seconds=0.31
epoch=25/80 loss=0.132302 seconds=0.33
epoch=26/80 loss=0.118660 seconds=0.33
epoch=27/80 loss=0.096292 seconds=0.31
epoch=28/80 loss=0.141927 seconds=0.31
epoch=29/80 loss=0.102640 seconds=0.33
epoch=30/80 loss=0.124615 seconds=0.31
epoch=31/80 loss=0.131685 seconds=0.31
epoch=32/80 loss=0.156548 seconds=0.33
epoch=33/80 loss=0.133001 seconds=0.31
epoch=34/80 loss=0.101151 seconds=0.33
epoch=35/80 loss=0.099443 seconds=0.31
epoch=36/80 loss=0.083699 seconds=0.33
epoch=37/80 loss=0.079903 seconds=0.31
epoch=38/80 loss=0.070287 seconds=0.31
epoch=39/80 loss=0.062236 seconds=0.33
epoch=40/80 loss=0.085412 seconds=0.31
epoch=41/80 loss=0.130683 seconds=0.31
epoch=42/80 loss=0.198302 seconds=0.33
epoch=43/80 loss=0.108133 seconds=0.31
epoch=44/80 loss=0.077010 seconds=0.33
epoch=45/80 loss=0.073819 seconds=0.30
epoch=46/80 loss=0.063536 seconds=0.33
epoch=47/80 loss=0.064023 seconds=0.31
epoch=48/80 loss=0.057247 seconds=0.33
epoch=49/80 loss=0.092865 seconds=0.33
epoch=50/80 loss=0.053176 seconds=0.31
epoch=51/80 loss=0.056022 seconds=0.31
epoch=52/80 loss=0.077354 seconds=0.31
epoch=53/80 loss=0.066545 seconds=0.31
epoch=54/80 loss=0.082833 seconds=0.31
epoch=55/80 loss=0.032777 seconds=0.33
epoch=56/80 loss=0.062317 seconds=0.31
epoch=57/80 loss=0.111771 seconds=0.33
epoch=58/80 loss=0.060146 seconds=0.31
epoch=59/80 loss=0.091988 seconds=0.31
epoch=60/80 loss=0.096687 seconds=0.33
epoch=61/80 loss=0.060652 seconds=0.31
epoch=62/80 loss=0.049415 seconds=0.31
epoch=63/80 loss=0.040074 seconds=0.33
epoch=64/80 loss=0.073874 seconds=0.31
epoch=65/80 loss=0.103005 seconds=0.33
epoch=66/80 loss=0.061950 seconds=0.33
epoch=67/80 loss=0.046354 seconds=0.31
epoch=68/80 loss=0.044048 seconds=0.27
epoch=69/80 loss=0.112213 seconds=0.12
epoch=70/80 loss=0.088873 seconds=0.14
epoch=71/80 loss=0.035716 seconds=0.30
epoch=72/80 loss=0.087652 seconds=0.33
epoch=73/80 loss=0.032098 seconds=0.31
epoch=74/80 loss=0.035626 seconds=0.33
epoch=75/80 loss=0.022383 seconds=0.31
epoch=76/80 loss=0.017237 seconds=0.33
epoch=77/80 loss=0.010530 seconds=0.31
epoch=78/80 loss=0.042807 seconds=0.31
epoch=79/80 loss=0.012101 seconds=0.33
epoch=80/80 loss=0.033909 seconds=0.31
fold=3/10 OOF_accuracy=0.666667 OOF_AUC=0.842105
Device=cuda; epochs=80; batch=32; model=PointNetDual
epoch=1/80 loss=0.641339 seconds=0.33
epoch=2/80 loss=0.536054 seconds=0.31
epoch=3/80 loss=0.413744 seconds=0.33
epoch=4/80 loss=0.315972 seconds=0.31
epoch=5/80 loss=0.251358 seconds=0.31
epoch=6/80 loss=0.267599 seconds=0.33
epoch=7/80 loss=0.239296 seconds=0.31
epoch=8/80 loss=0.301424 seconds=0.31
epoch=9/80 loss=0.261807 seconds=0.33
epoch=10/80 loss=0.209265 seconds=0.31
epoch=11/80 loss=0.192511 seconds=0.33
epoch=12/80 loss=0.262698 seconds=0.33
epoch=13/80 loss=0.242191 seconds=0.31
epoch=14/80 loss=0.220136 seconds=0.33
epoch=15/80 loss=0.200623 seconds=0.31
epoch=16/80 loss=0.142070 seconds=0.31
epoch=17/80 loss=0.099565 seconds=0.33
epoch=18/80 loss=0.163596 seconds=0.31
epoch=19/80 loss=0.172877 seconds=0.33
epoch=20/80 loss=0.183274 seconds=0.31
epoch=21/80 loss=0.266538 seconds=0.31
epoch=22/80 loss=0.171194 seconds=0.31
epoch=23/80 loss=0.129280 seconds=0.33
epoch=24/80 loss=0.104306 seconds=0.33
epoch=25/80 loss=0.092595 seconds=0.31
epoch=26/80 loss=0.075315 seconds=0.33
epoch=27/80 loss=0.080868 seconds=0.31
epoch=28/80 loss=0.121243 seconds=0.31
epoch=29/80 loss=0.149238 seconds=0.33
epoch=30/80 loss=0.137247 seconds=0.31
epoch=31/80 loss=0.133961 seconds=0.33
epoch=32/80 loss=0.201570 seconds=0.31
epoch=33/80 loss=0.145036 seconds=0.31
epoch=34/80 loss=0.174506 seconds=0.33
epoch=35/80 loss=0.090099 seconds=0.33
epoch=36/80 loss=0.085857 seconds=0.31
epoch=37/80 loss=0.060988 seconds=0.33
epoch=38/80 loss=0.070454 seconds=0.31
epoch=39/80 loss=0.069900 seconds=0.33
epoch=40/80 loss=0.100202 seconds=0.31
epoch=41/80 loss=0.191737 seconds=0.33
epoch=42/80 loss=0.104871 seconds=0.31
epoch=43/80 loss=0.143556 seconds=0.31
epoch=44/80 loss=0.085652 seconds=0.33
epoch=45/80 loss=0.083089 seconds=0.31
epoch=46/80 loss=0.035454 seconds=0.31
epoch=47/80 loss=0.024461 seconds=0.33
epoch=48/80 loss=0.015368 seconds=0.33
epoch=49/80 loss=0.019157 seconds=0.31
epoch=50/80 loss=0.017366 seconds=0.33
epoch=51/80 loss=0.046264 seconds=0.31
epoch=52/80 loss=0.050953 seconds=0.31
epoch=53/80 loss=0.027745 seconds=0.33
epoch=54/80 loss=0.069311 seconds=0.31
epoch=55/80 loss=0.065973 seconds=0.31
epoch=56/80 loss=0.111928 seconds=0.33
epoch=57/80 loss=0.155560 seconds=0.33
epoch=58/80 loss=0.139477 seconds=0.31
epoch=59/80 loss=0.243853 seconds=0.33
epoch=60/80 loss=0.097123 seconds=0.31
epoch=61/80 loss=0.065363 seconds=0.33
epoch=62/80 loss=0.054324 seconds=0.31
epoch=63/80 loss=0.028970 seconds=0.33
epoch=64/80 loss=0.034055 seconds=0.31
epoch=65/80 loss=0.036442 seconds=0.31
epoch=66/80 loss=0.046087 seconds=0.33
epoch=67/80 loss=0.020858 seconds=0.31
epoch=68/80 loss=0.018412 seconds=0.33
epoch=69/80 loss=0.024583 seconds=0.31
epoch=70/80 loss=0.036828 seconds=0.33
epoch=71/80 loss=0.042826 seconds=0.33
epoch=72/80 loss=0.072476 seconds=0.31
epoch=73/80 loss=0.115339 seconds=0.31
epoch=74/80 loss=0.100820 seconds=0.33
epoch=75/80 loss=0.074686 seconds=0.31
epoch=76/80 loss=0.051277 seconds=0.31
epoch=77/80 loss=0.043109 seconds=0.33
epoch=78/80 loss=0.031687 seconds=0.33
epoch=79/80 loss=0.073438 seconds=0.31
epoch=80/80 loss=0.026920 seconds=0.31
fold=4/10 OOF_accuracy=0.733333 OOF_AUC=0.559809
Device=cuda; epochs=80; batch=32; model=PointNetDual
epoch=1/80 loss=0.662448 seconds=0.14
epoch=2/80 loss=0.443586 seconds=0.27
epoch=3/80 loss=0.392526 seconds=0.33
epoch=4/80 loss=0.322187 seconds=0.33
epoch=5/80 loss=0.250452 seconds=0.31
epoch=6/80 loss=0.297799 seconds=0.31
epoch=7/80 loss=0.284788 seconds=0.33
epoch=8/80 loss=0.280407 seconds=0.33
epoch=9/80 loss=0.257919 seconds=0.31
epoch=10/80 loss=0.174024 seconds=0.33
epoch=11/80 loss=0.185332 seconds=0.31
epoch=12/80 loss=0.305134 seconds=0.33
epoch=13/80 loss=0.233144 seconds=0.31
epoch=14/80 loss=0.243593 seconds=0.31
epoch=15/80 loss=0.189319 seconds=0.33
epoch=16/80 loss=0.157709 seconds=0.31
epoch=17/80 loss=0.234139 seconds=0.31
epoch=18/80 loss=0.218690 seconds=0.31
epoch=19/80 loss=0.173423 seconds=0.33
epoch=20/80 loss=0.209606 seconds=0.33
epoch=21/80 loss=0.220380 seconds=0.31
epoch=22/80 loss=0.182552 seconds=0.33
epoch=23/80 loss=0.160239 seconds=0.31
epoch=24/80 loss=0.162471 seconds=0.33
epoch=25/80 loss=0.129774 seconds=0.31
epoch=26/80 loss=0.116779 seconds=0.31
epoch=27/80 loss=0.167102 seconds=0.33
epoch=28/80 loss=0.085665 seconds=0.31
epoch=29/80 loss=0.108451 seconds=0.31
epoch=30/80 loss=0.105384 seconds=0.33
epoch=31/80 loss=0.095374 seconds=0.31
epoch=32/80 loss=0.148603 seconds=0.33
epoch=33/80 loss=0.126295 seconds=0.31
epoch=34/80 loss=0.122071 seconds=0.33
epoch=35/80 loss=0.111083 seconds=0.31
epoch=36/80 loss=0.079446 seconds=0.31
epoch=37/80 loss=0.094183 seconds=0.33
epoch=38/80 loss=0.058373 seconds=0.31
epoch=39/80 loss=0.048383 seconds=0.31
epoch=40/80 loss=0.031838 seconds=0.33
epoch=41/80 loss=0.081047 seconds=0.31
epoch=42/80 loss=0.164245 seconds=0.33
epoch=43/80 loss=0.171832 seconds=0.31
epoch=44/80 loss=0.076884 seconds=0.31
epoch=45/80 loss=0.103020 seconds=0.33
epoch=46/80 loss=0.074122 seconds=0.33
epoch=47/80 loss=0.035488 seconds=0.31
epoch=48/80 loss=0.064669 seconds=0.31
epoch=49/80 loss=0.101515 seconds=0.31
epoch=50/80 loss=0.068747 seconds=0.33
epoch=51/80 loss=0.040936 seconds=0.31
epoch=52/80 loss=0.070417 seconds=0.31
epoch=53/80 loss=0.061170 seconds=0.33
epoch=54/80 loss=0.097057 seconds=0.31
epoch=55/80 loss=0.088060 seconds=0.31
epoch=56/80 loss=0.100442 seconds=0.33
epoch=57/80 loss=0.086607 seconds=0.31
epoch=58/80 loss=0.134804 seconds=0.31
epoch=59/80 loss=0.160788 seconds=0.33
epoch=60/80 loss=0.118897 seconds=0.33
epoch=61/80 loss=0.064756 seconds=0.31
epoch=62/80 loss=0.075091 seconds=0.31
epoch=63/80 loss=0.058916 seconds=0.33
epoch=64/80 loss=0.033340 seconds=0.31
epoch=65/80 loss=0.046093 seconds=0.33
epoch=66/80 loss=0.011213 seconds=0.31
epoch=67/80 loss=0.012158 seconds=0.31
epoch=68/80 loss=0.011904 seconds=0.33
epoch=69/80 loss=0.023773 seconds=0.31
epoch=70/80 loss=0.014340 seconds=0.33
epoch=71/80 loss=0.023796 seconds=0.31
epoch=72/80 loss=0.071052 seconds=0.31
epoch=73/80 loss=0.102815 seconds=0.33
epoch=74/80 loss=0.111641 seconds=0.31
epoch=75/80 loss=0.074856 seconds=0.31
epoch=76/80 loss=0.117667 seconds=0.31
epoch=77/80 loss=0.030303 seconds=0.33
epoch=78/80 loss=0.026244 seconds=0.31
epoch=79/80 loss=0.023999 seconds=0.33
epoch=80/80 loss=0.018828 seconds=0.31
fold=5/10 OOF_accuracy=0.633333 OOF_AUC=0.799043
Device=cuda; epochs=80; batch=32; model=PointNetDual
epoch=1/80 loss=0.705270 seconds=0.33
epoch=2/80 loss=0.550813 seconds=0.31
epoch=3/80 loss=0.511225 seconds=0.31
epoch=4/80 loss=0.356046 seconds=0.33
epoch=5/80 loss=0.347765 seconds=0.31
epoch=6/80 loss=0.314646 seconds=0.31
epoch=7/80 loss=0.265722 seconds=0.31
epoch=8/80 loss=0.251888 seconds=0.33
epoch=9/80 loss=0.282022 seconds=0.31
epoch=10/80 loss=0.235550 seconds=0.31
epoch=11/80 loss=0.237696 seconds=0.31
epoch=12/80 loss=0.245071 seconds=0.30
epoch=13/80 loss=0.202407 seconds=0.12
epoch=14/80 loss=0.165955 seconds=0.14
epoch=15/80 loss=0.153756 seconds=0.28
epoch=16/80 loss=0.142838 seconds=0.33
epoch=17/80 loss=0.163854 seconds=0.31
epoch=18/80 loss=0.149263 seconds=0.31
epoch=19/80 loss=0.155980 seconds=0.33
epoch=20/80 loss=0.168763 seconds=0.33
epoch=21/80 loss=0.138132 seconds=0.31
epoch=22/80 loss=0.127800 seconds=0.31
epoch=23/80 loss=0.117541 seconds=0.31
epoch=24/80 loss=0.129092 seconds=0.33
epoch=25/80 loss=0.113995 seconds=0.31
epoch=26/80 loss=0.171447 seconds=0.33
epoch=27/80 loss=0.124823 seconds=0.31
epoch=28/80 loss=0.111898 seconds=0.31
epoch=29/80 loss=0.199403 seconds=0.33
epoch=30/80 loss=0.149010 seconds=0.31
epoch=31/80 loss=0.126871 seconds=0.31
epoch=32/80 loss=0.130592 seconds=0.31
epoch=33/80 loss=0.107347 seconds=0.31
epoch=34/80 loss=0.095769 seconds=0.33
epoch=35/80 loss=0.067977 seconds=0.33
epoch=36/80 loss=0.093140 seconds=0.31
epoch=37/80 loss=0.062869 seconds=0.31
epoch=38/80 loss=0.074282 seconds=0.31
epoch=39/80 loss=0.082549 seconds=0.31
epoch=40/80 loss=0.079574 seconds=0.33
epoch=41/80 loss=0.116676 seconds=0.31
epoch=42/80 loss=0.052691 seconds=0.31
epoch=43/80 loss=0.094702 seconds=0.33
epoch=44/80 loss=0.046094 seconds=0.31
epoch=45/80 loss=0.118684 seconds=0.31
epoch=46/80 loss=0.047279 seconds=0.33
epoch=47/80 loss=0.051468 seconds=0.31
epoch=48/80 loss=0.081024 seconds=0.33
epoch=49/80 loss=0.094360 seconds=0.31
epoch=50/80 loss=0.111328 seconds=0.31
epoch=51/80 loss=0.093429 seconds=0.31
epoch=52/80 loss=0.143993 seconds=0.33
epoch=53/80 loss=0.077562 seconds=0.31
epoch=54/80 loss=0.105307 seconds=0.31
epoch=55/80 loss=0.040191 seconds=0.31
epoch=56/80 loss=0.078897 seconds=0.31
epoch=57/80 loss=0.061583 seconds=0.31
epoch=58/80 loss=0.059869 seconds=0.31
epoch=59/80 loss=0.129028 seconds=0.33
epoch=60/80 loss=0.091862 seconds=0.31
epoch=61/80 loss=0.042801 seconds=0.31
epoch=62/80 loss=0.040888 seconds=0.33
epoch=63/80 loss=0.037054 seconds=0.31
epoch=64/80 loss=0.048936 seconds=0.31
epoch=65/80 loss=0.071487 seconds=0.33
epoch=66/80 loss=0.077181 seconds=0.31
epoch=67/80 loss=0.041855 seconds=0.31
epoch=68/80 loss=0.066828 seconds=0.33
epoch=69/80 loss=0.060684 seconds=0.31
epoch=70/80 loss=0.035999 seconds=0.33
epoch=71/80 loss=0.049113 seconds=0.31
epoch=72/80 loss=0.044064 seconds=0.33
epoch=73/80 loss=0.037742 seconds=0.31
epoch=74/80 loss=0.040818 seconds=0.33
epoch=75/80 loss=0.014315 seconds=0.31
epoch=76/80 loss=0.014897 seconds=0.31
epoch=77/80 loss=0.033270 seconds=0.33
epoch=78/80 loss=0.102444 seconds=0.31
epoch=79/80 loss=0.132750 seconds=0.31
epoch=80/80 loss=0.070816 seconds=0.33
fold=6/10 OOF_accuracy=0.833333 OOF_AUC=0.866029
Device=cuda; epochs=80; batch=32; model=PointNetDual
epoch=1/80 loss=0.676095 seconds=0.31
epoch=2/80 loss=0.493051 seconds=0.33
epoch=3/80 loss=0.394443 seconds=0.33
epoch=4/80 loss=0.358717 seconds=0.31
epoch=5/80 loss=0.332081 seconds=0.31
epoch=6/80 loss=0.264730 seconds=0.33
epoch=7/80 loss=0.245564 seconds=0.31
epoch=8/80 loss=0.268120 seconds=0.33
epoch=9/80 loss=0.298610 seconds=0.31
epoch=10/80 loss=0.247426 seconds=0.33
epoch=11/80 loss=0.275606 seconds=0.31
epoch=12/80 loss=0.282105 seconds=0.31
epoch=13/80 loss=0.240250 seconds=0.33
epoch=14/80 loss=0.153327 seconds=0.33
epoch=15/80 loss=0.214632 seconds=0.31
epoch=16/80 loss=0.181612 seconds=0.33
epoch=17/80 loss=0.220400 seconds=0.33
epoch=18/80 loss=0.191889 seconds=0.31
epoch=19/80 loss=0.155829 seconds=0.33
epoch=20/80 loss=0.199519 seconds=0.31
epoch=21/80 loss=0.229400 seconds=0.33
epoch=22/80 loss=0.165574 seconds=0.31
epoch=23/80 loss=0.130043 seconds=0.31
epoch=24/80 loss=0.176362 seconds=0.31
epoch=25/80 loss=0.143979 seconds=0.27
epoch=26/80 loss=0.098823 seconds=0.14
epoch=27/80 loss=0.135095 seconds=0.14
epoch=28/80 loss=0.137192 seconds=0.30
epoch=29/80 loss=0.207927 seconds=0.31
epoch=30/80 loss=0.176517 seconds=0.33
epoch=31/80 loss=0.120329 seconds=0.33
epoch=32/80 loss=0.231200 seconds=0.31
epoch=33/80 loss=0.150940 seconds=0.31
epoch=34/80 loss=0.142567 seconds=0.31
epoch=35/80 loss=0.089217 seconds=0.33
epoch=36/80 loss=0.071857 seconds=0.31
epoch=37/80 loss=0.064529 seconds=0.31
epoch=38/80 loss=0.083082 seconds=0.33
epoch=39/80 loss=0.066561 seconds=0.31
epoch=40/80 loss=0.057796 seconds=0.31
epoch=41/80 loss=0.139212 seconds=0.33
epoch=42/80 loss=0.126154 seconds=0.33
epoch=43/80 loss=0.150390 seconds=0.31
epoch=44/80 loss=0.094587 seconds=0.31
epoch=45/80 loss=0.120600 seconds=0.33
epoch=46/80 loss=0.116438 seconds=0.33
epoch=47/80 loss=0.056736 seconds=0.31
epoch=48/80 loss=0.079229 seconds=0.31
epoch=49/80 loss=0.138640 seconds=0.33
epoch=50/80 loss=0.147171 seconds=0.31
epoch=51/80 loss=0.135602 seconds=0.31
epoch=52/80 loss=0.104799 seconds=0.33
epoch=53/80 loss=0.085431 seconds=0.31
epoch=54/80 loss=0.071357 seconds=0.31
epoch=55/80 loss=0.058040 seconds=0.33
epoch=56/80 loss=0.068767 seconds=0.33
epoch=57/80 loss=0.057630 seconds=0.31
epoch=58/80 loss=0.049993 seconds=0.31
epoch=59/80 loss=0.161521 seconds=0.33
epoch=60/80 loss=0.048892 seconds=0.33
epoch=61/80 loss=0.056918 seconds=0.31
epoch=62/80 loss=0.073209 seconds=0.33
epoch=63/80 loss=0.035419 seconds=0.31
epoch=64/80 loss=0.077225 seconds=0.31
epoch=65/80 loss=0.059595 seconds=0.33
epoch=66/80 loss=0.068223 seconds=0.31
epoch=67/80 loss=0.038105 seconds=0.33
epoch=68/80 loss=0.051706 seconds=0.31
epoch=69/80 loss=0.078566 seconds=0.33
epoch=70/80 loss=0.046017 seconds=0.31
epoch=71/80 loss=0.067001 seconds=0.31
epoch=72/80 loss=0.068363 seconds=0.33
epoch=73/80 loss=0.047086 seconds=0.31
epoch=74/80 loss=0.104712 seconds=0.31
epoch=75/80 loss=0.162673 seconds=0.33
epoch=76/80 loss=0.107444 seconds=0.31
epoch=77/80 loss=0.049729 seconds=0.33
epoch=78/80 loss=0.037454 seconds=0.31
epoch=79/80 loss=0.056610 seconds=0.31
epoch=80/80 loss=0.028979 seconds=0.33
fold=7/10 OOF_accuracy=0.733333 OOF_AUC=0.799043
Device=cuda; epochs=80; batch=32; model=PointNetDual
epoch=1/80 loss=0.652727 seconds=0.31
epoch=2/80 loss=0.526182 seconds=0.33
epoch=3/80 loss=0.409298 seconds=0.31
epoch=4/80 loss=0.327441 seconds=0.33
epoch=5/80 loss=0.303014 seconds=0.31
epoch=6/80 loss=0.283528 seconds=0.33
epoch=7/80 loss=0.257306 seconds=0.31
epoch=8/80 loss=0.398855 seconds=0.31
epoch=9/80 loss=0.299577 seconds=0.33
epoch=10/80 loss=0.191311 seconds=0.31
epoch=11/80 loss=0.201573 seconds=0.33
epoch=12/80 loss=0.205692 seconds=0.31
epoch=13/80 loss=0.229102 seconds=0.33
epoch=14/80 loss=0.201681 seconds=0.31
epoch=15/80 loss=0.305617 seconds=0.33
epoch=16/80 loss=0.177102 seconds=0.31
epoch=17/80 loss=0.173889 seconds=0.31
epoch=18/80 loss=0.148471 seconds=0.33
epoch=19/80 loss=0.130354 seconds=0.31
epoch=20/80 loss=0.158427 seconds=0.31
epoch=21/80 loss=0.202322 seconds=0.33
epoch=22/80 loss=0.201760 seconds=0.31
epoch=23/80 loss=0.191448 seconds=0.33
epoch=24/80 loss=0.196418 seconds=0.31
epoch=25/80 loss=0.145801 seconds=0.33
epoch=26/80 loss=0.155783 seconds=0.31
epoch=27/80 loss=0.107423 seconds=0.33
epoch=28/80 loss=0.096085 seconds=0.31
epoch=29/80 loss=0.167932 seconds=0.33
epoch=30/80 loss=0.212998 seconds=0.33
epoch=31/80 loss=0.195478 seconds=0.31
epoch=32/80 loss=0.208791 seconds=0.33
epoch=33/80 loss=0.155439 seconds=0.31
epoch=34/80 loss=0.166664 seconds=0.31
epoch=35/80 loss=0.127467 seconds=0.31
epoch=36/80 loss=0.092910 seconds=0.33
epoch=37/80 loss=0.121495 seconds=0.31
epoch=38/80 loss=0.084996 seconds=0.20
epoch=39/80 loss=0.072091 seconds=0.14
epoch=40/80 loss=0.069711 seconds=0.17
epoch=41/80 loss=0.120179 seconds=0.33
epoch=42/80 loss=0.117415 seconds=0.31
epoch=43/80 loss=0.122896 seconds=0.31
epoch=44/80 loss=0.100941 seconds=0.33
epoch=45/80 loss=0.086660 seconds=0.31
epoch=46/80 loss=0.137747 seconds=0.31
epoch=47/80 loss=0.157517 seconds=0.33
epoch=48/80 loss=0.079609 seconds=0.31
epoch=49/80 loss=0.078580 seconds=0.31
epoch=50/80 loss=0.121608 seconds=0.33
epoch=51/80 loss=0.115466 seconds=0.31
epoch=52/80 loss=0.123541 seconds=0.31
epoch=53/80 loss=0.061216 seconds=0.33
epoch=54/80 loss=0.106368 seconds=0.31
epoch=55/80 loss=0.088244 seconds=0.31
epoch=56/80 loss=0.085684 seconds=0.31
epoch=57/80 loss=0.073936 seconds=0.33
epoch=58/80 loss=0.050485 seconds=0.31
epoch=59/80 loss=0.068347 seconds=0.31
epoch=60/80 loss=0.048715 seconds=0.31
epoch=61/80 loss=0.027180 seconds=0.33
epoch=62/80 loss=0.040462 seconds=0.31
epoch=63/80 loss=0.054220 seconds=0.33
epoch=64/80 loss=0.050885 seconds=0.31
epoch=65/80 loss=0.136244 seconds=0.31
epoch=66/80 loss=0.045498 seconds=0.31
epoch=67/80 loss=0.076397 seconds=0.31
epoch=68/80 loss=0.044085 seconds=0.33
epoch=69/80 loss=0.052529 seconds=0.31
epoch=70/80 loss=0.032730 seconds=0.31
epoch=71/80 loss=0.032869 seconds=0.31
epoch=72/80 loss=0.089481 seconds=0.33
epoch=73/80 loss=0.061231 seconds=0.33
epoch=74/80 loss=0.095653 seconds=0.31
epoch=75/80 loss=0.104482 seconds=0.31
epoch=76/80 loss=0.077992 seconds=0.33
epoch=77/80 loss=0.033213 seconds=0.31
epoch=78/80 loss=0.064299 seconds=0.33
epoch=79/80 loss=0.107282 seconds=0.31
epoch=80/80 loss=0.094417 seconds=0.31
fold=8/10 OOF_accuracy=0.466667 OOF_AUC=0.796651
Device=cuda; epochs=80; batch=32; model=PointNetDual
epoch=1/80 loss=0.647924 seconds=0.31
epoch=2/80 loss=0.527948 seconds=0.31
epoch=3/80 loss=0.434971 seconds=0.33
epoch=4/80 loss=0.342070 seconds=0.33
epoch=5/80 loss=0.314229 seconds=0.33
epoch=6/80 loss=0.290377 seconds=0.31
epoch=7/80 loss=0.223171 seconds=0.33
epoch=8/80 loss=0.352535 seconds=0.31
epoch=9/80 loss=0.301297 seconds=0.33
epoch=10/80 loss=0.228321 seconds=0.31
epoch=11/80 loss=0.200294 seconds=0.31
epoch=12/80 loss=0.260209 seconds=0.31
epoch=13/80 loss=0.162528 seconds=0.33
epoch=14/80 loss=0.137632 seconds=0.31
epoch=15/80 loss=0.146295 seconds=0.31
epoch=16/80 loss=0.190547 seconds=0.33
epoch=17/80 loss=0.227194 seconds=0.31
epoch=18/80 loss=0.198440 seconds=0.33
epoch=19/80 loss=0.156081 seconds=0.31
epoch=20/80 loss=0.108608 seconds=0.33
epoch=21/80 loss=0.157499 seconds=0.31
epoch=22/80 loss=0.179454 seconds=0.31
epoch=23/80 loss=0.162769 seconds=0.33
epoch=24/80 loss=0.209375 seconds=0.31
epoch=25/80 loss=0.133905 seconds=0.33
epoch=26/80 loss=0.192288 seconds=0.31
epoch=27/80 loss=0.089504 seconds=0.33
epoch=28/80 loss=0.108530 seconds=0.33
epoch=29/80 loss=0.153951 seconds=0.31
epoch=30/80 loss=0.099689 seconds=0.33
epoch=31/80 loss=0.108028 seconds=0.31
epoch=32/80 loss=0.130624 seconds=0.33
epoch=33/80 loss=0.051469 seconds=0.31
epoch=34/80 loss=0.046907 seconds=0.33
epoch=35/80 loss=0.080107 seconds=0.31
epoch=36/80 loss=0.074205 seconds=0.31
epoch=37/80 loss=0.090268 seconds=0.31
epoch=38/80 loss=0.094563 seconds=0.33
epoch=39/80 loss=0.084797 seconds=0.31
epoch=40/80 loss=0.095517 seconds=0.31
epoch=41/80 loss=0.115021 seconds=0.31
epoch=42/80 loss=0.057086 seconds=0.33
epoch=43/80 loss=0.089726 seconds=0.31
epoch=44/80 loss=0.072670 seconds=0.33
epoch=45/80 loss=0.130335 seconds=0.31
epoch=46/80 loss=0.057935 seconds=0.33
epoch=47/80 loss=0.044085 seconds=0.33
epoch=48/80 loss=0.062214 seconds=0.31
epoch=49/80 loss=0.156843 seconds=0.31
epoch=50/80 loss=0.112332 seconds=0.31
epoch=51/80 loss=0.087908 seconds=0.19
epoch=52/80 loss=0.075303 seconds=0.12
epoch=53/80 loss=0.042949 seconds=0.22
epoch=54/80 loss=0.026424 seconds=0.33
epoch=55/80 loss=0.033366 seconds=0.31
epoch=56/80 loss=0.057238 seconds=0.31
epoch=57/80 loss=0.087839 seconds=0.33
epoch=58/80 loss=0.074309 seconds=0.31
epoch=59/80 loss=0.089304 seconds=0.33
epoch=60/80 loss=0.049183 seconds=0.31
epoch=61/80 loss=0.068754 seconds=0.33
epoch=62/80 loss=0.043500 seconds=0.31
epoch=63/80 loss=0.046972 seconds=0.31
epoch=64/80 loss=0.067941 seconds=0.33
epoch=65/80 loss=0.065741 seconds=0.30
epoch=66/80 loss=0.057036 seconds=0.33
epoch=67/80 loss=0.050670 seconds=0.31
epoch=68/80 loss=0.090856 seconds=0.33
epoch=69/80 loss=0.048095 seconds=0.31
epoch=70/80 loss=0.041836 seconds=0.33
epoch=71/80 loss=0.072257 seconds=0.33
epoch=72/80 loss=0.091236 seconds=0.31
epoch=73/80 loss=0.050222 seconds=0.33
epoch=74/80 loss=0.063341 seconds=0.31
epoch=75/80 loss=0.065305 seconds=0.31
epoch=76/80 loss=0.023166 seconds=0.33
epoch=77/80 loss=0.043086 seconds=0.31
epoch=78/80 loss=0.049935 seconds=0.31
epoch=79/80 loss=0.122039 seconds=0.33
epoch=80/80 loss=0.074195 seconds=0.31
fold=9/10 OOF_accuracy=0.733333 OOF_AUC=0.842105
Device=cuda; epochs=80; batch=32; model=PointNetDual
epoch=1/80 loss=0.688482 seconds=0.33
epoch=2/80 loss=0.472153 seconds=0.31
epoch=3/80 loss=0.401381 seconds=0.33
epoch=4/80 loss=0.324073 seconds=0.31
epoch=5/80 loss=0.320777 seconds=0.33
epoch=6/80 loss=0.278495 seconds=0.31
epoch=7/80 loss=0.249251 seconds=0.31
epoch=8/80 loss=0.248798 seconds=0.31
epoch=9/80 loss=0.219800 seconds=0.33
epoch=10/80 loss=0.202807 seconds=0.31
epoch=11/80 loss=0.241659 seconds=0.31
epoch=12/80 loss=0.247252 seconds=0.33
epoch=13/80 loss=0.245706 seconds=0.31
epoch=14/80 loss=0.192534 seconds=0.31
epoch=15/80 loss=0.208935 seconds=0.33
epoch=16/80 loss=0.212306 seconds=0.33
epoch=17/80 loss=0.141741 seconds=0.31
epoch=18/80 loss=0.189209 seconds=0.33
epoch=19/80 loss=0.163495 seconds=0.31
epoch=20/80 loss=0.144008 seconds=0.33
epoch=21/80 loss=0.207235 seconds=0.31
epoch=22/80 loss=0.217328 seconds=0.33
epoch=23/80 loss=0.173244 seconds=0.31
epoch=24/80 loss=0.141595 seconds=0.31
epoch=25/80 loss=0.133247 seconds=0.31
epoch=26/80 loss=0.140936 seconds=0.33
epoch=27/80 loss=0.122606 seconds=0.31
epoch=28/80 loss=0.095843 seconds=0.33
epoch=29/80 loss=0.162665 seconds=0.31
epoch=30/80 loss=0.152340 seconds=0.33
epoch=31/80 loss=0.133066 seconds=0.31
epoch=32/80 loss=0.156210 seconds=0.31
epoch=33/80 loss=0.109935 seconds=0.33
epoch=34/80 loss=0.150383 seconds=0.31
epoch=35/80 loss=0.115227 seconds=0.31
epoch=36/80 loss=0.088136 seconds=0.33
epoch=37/80 loss=0.067651 seconds=0.31
epoch=38/80 loss=0.075289 seconds=0.31
epoch=39/80 loss=0.037140 seconds=0.31
epoch=40/80 loss=0.043361 seconds=0.33
epoch=41/80 loss=0.079814 seconds=0.31
epoch=42/80 loss=0.139640 seconds=0.33
epoch=43/80 loss=0.107390 seconds=0.31
epoch=44/80 loss=0.121787 seconds=0.33
epoch=45/80 loss=0.141820 seconds=0.31
epoch=46/80 loss=0.097983 seconds=0.31
epoch=47/80 loss=0.069116 seconds=0.31
epoch=48/80 loss=0.083795 seconds=0.33
epoch=49/80 loss=0.085395 seconds=0.31
epoch=50/80 loss=0.053799 seconds=0.31
epoch=51/80 loss=0.085389 seconds=0.33
epoch=52/80 loss=0.066756 seconds=0.31
epoch=53/80 loss=0.078228 seconds=0.31
epoch=54/80 loss=0.109911 seconds=0.33
epoch=55/80 loss=0.096104 seconds=0.33
epoch=56/80 loss=0.102835 seconds=0.31
epoch=57/80 loss=0.081824 seconds=0.33
epoch=58/80 loss=0.069712 seconds=0.31
epoch=59/80 loss=0.086803 seconds=0.31
epoch=60/80 loss=0.056595 seconds=0.33
epoch=61/80 loss=0.049207 seconds=0.31
epoch=62/80 loss=0.078051 seconds=0.33
epoch=63/80 loss=0.050698 seconds=0.31
epoch=64/80 loss=0.125028 seconds=0.16
epoch=65/80 loss=0.097747 seconds=0.12
epoch=66/80 loss=0.056850 seconds=0.23
epoch=67/80 loss=0.049330 seconds=0.31
epoch=68/80 loss=0.037191 seconds=0.31
epoch=69/80 loss=0.023469 seconds=0.33
epoch=70/80 loss=0.008846 seconds=0.31
epoch=71/80 loss=0.035139 seconds=0.31
epoch=72/80 loss=0.069575 seconds=0.31
epoch=73/80 loss=0.046251 seconds=0.31
epoch=74/80 loss=0.148972 seconds=0.33
epoch=75/80 loss=0.073357 seconds=0.31
epoch=76/80 loss=0.097079 seconds=0.33
epoch=77/80 loss=0.032380 seconds=0.31
epoch=78/80 loss=0.026221 seconds=0.33
epoch=79/80 loss=0.019075 seconds=0.33
epoch=80/80 loss=0.017312 seconds=0.31
fold=10/10 OOF_accuracy=0.633333 OOF_AUC=0.679426
Frozen Train OOF threshold=0.993305504322052; objective=accuracy; OOF selection accuracy=0.733333
Device=cuda; epochs=80; batch=32; model=PointNetDual
epoch=1/80 loss=0.708411 seconds=0.36
epoch=2/80 loss=0.571100 seconds=0.36
epoch=3/80 loss=0.473394 seconds=0.36
epoch=4/80 loss=0.402909 seconds=0.34
epoch=5/80 loss=0.323859 seconds=0.36
epoch=6/80 loss=0.303661 seconds=0.36
epoch=7/80 loss=0.259118 seconds=0.34
epoch=8/80 loss=0.199907 seconds=0.36
epoch=9/80 loss=0.233107 seconds=0.36
epoch=10/80 loss=0.226514 seconds=0.36
epoch=11/80 loss=0.264128 seconds=0.34
epoch=12/80 loss=0.235881 seconds=0.36
epoch=13/80 loss=0.329361 seconds=0.36
epoch=14/80 loss=0.192032 seconds=0.36
epoch=15/80 loss=0.189545 seconds=0.34
epoch=16/80 loss=0.167029 seconds=0.36
epoch=17/80 loss=0.167700 seconds=0.36
epoch=18/80 loss=0.172178 seconds=0.34
epoch=19/80 loss=0.182265 seconds=0.38
epoch=20/80 loss=0.167454 seconds=0.34
epoch=21/80 loss=0.121246 seconds=0.36
epoch=22/80 loss=0.090483 seconds=0.34
epoch=23/80 loss=0.126824 seconds=0.36
epoch=24/80 loss=0.136345 seconds=0.34
epoch=25/80 loss=0.108362 seconds=0.36
epoch=26/80 loss=0.166508 seconds=0.36
epoch=27/80 loss=0.162159 seconds=0.36
epoch=28/80 loss=0.128884 seconds=0.36
epoch=29/80 loss=0.145989 seconds=0.34
epoch=30/80 loss=0.114081 seconds=0.34
epoch=31/80 loss=0.121192 seconds=0.34
epoch=32/80 loss=0.199080 seconds=0.34
epoch=33/80 loss=0.181908 seconds=0.36
epoch=34/80 loss=0.173466 seconds=0.36
epoch=35/80 loss=0.136827 seconds=0.34
epoch=36/80 loss=0.125225 seconds=0.34
epoch=37/80 loss=0.060973 seconds=0.36
epoch=38/80 loss=0.108747 seconds=0.36
epoch=39/80 loss=0.087757 seconds=0.34
epoch=40/80 loss=0.071030 seconds=0.34
epoch=41/80 loss=0.108597 seconds=0.36
epoch=42/80 loss=0.098119 seconds=0.36
epoch=43/80 loss=0.086337 seconds=0.36
epoch=44/80 loss=0.100531 seconds=0.36
epoch=45/80 loss=0.060919 seconds=0.34
epoch=46/80 loss=0.047728 seconds=0.36
epoch=47/80 loss=0.059302 seconds=0.36
epoch=48/80 loss=0.032093 seconds=0.34
epoch=49/80 loss=0.083533 seconds=0.36
epoch=50/80 loss=0.097442 seconds=0.36
epoch=51/80 loss=0.061413 seconds=0.34
epoch=52/80 loss=0.086285 seconds=0.36
epoch=53/80 loss=0.104633 seconds=0.36
epoch=54/80 loss=0.093218 seconds=0.36
epoch=55/80 loss=0.050630 seconds=0.36
epoch=56/80 loss=0.047110 seconds=0.34
epoch=57/80 loss=0.021612 seconds=0.36
epoch=58/80 loss=0.058411 seconds=0.34
epoch=59/80 loss=0.106557 seconds=0.36
epoch=60/80 loss=0.124810 seconds=0.36
epoch=61/80 loss=0.072267 seconds=0.36
epoch=62/80 loss=0.068712 seconds=0.36
epoch=63/80 loss=0.100085 seconds=0.36
epoch=64/80 loss=0.086248 seconds=0.34
epoch=65/80 loss=0.041899 seconds=0.36
epoch=66/80 loss=0.051213 seconds=0.34
epoch=67/80 loss=0.143876 seconds=0.14
epoch=68/80 loss=0.093614 seconds=0.16
epoch=69/80 loss=0.074105 seconds=0.34
epoch=70/80 loss=0.036901 seconds=0.34
epoch=71/80 loss=0.035866 seconds=0.36
epoch=72/80 loss=0.016005 seconds=0.36
epoch=73/80 loss=0.019780 seconds=0.34
epoch=74/80 loss=0.018604 seconds=0.34
epoch=75/80 loss=0.074755 seconds=0.36
epoch=76/80 loss=0.043611 seconds=0.36
epoch=77/80 loss=0.050411 seconds=0.34
epoch=78/80 loss=0.090111 seconds=0.34
epoch=79/80 loss=0.116907 seconds=0.36
epoch=80/80 loss=0.067285 seconds=0.36
{"cv_oof": {"accuracy": 0.68, "balanced_accuracy": 0.6770833333333333, "sensitivity": 0.6666666666666666, "specificity": 0.6875, "f1_macro": 0.6666666666666666, "roc_auc": 0.7192804783950617, "confusion_matrix": [[132, 60], [36, 72]], "classification_report": {"0": {"precision": 0.7857142857142857, "recall": 0.6875, "f1-score": 0.7333333333333333, "support": 192.0}, "1": {"precision": 0.5454545454545454, "recall": 0.6666666666666666, "f1-score": 0.6, "support": 108.0}, "accuracy": 0.68, "macro avg": {"precision": 0.6655844155844155, "recall": 0.6770833333333333, "f1-score": 0.6666666666666666, "support": 300.0}, "weighted avg": {"precision": 0.6992207792207792, "recall": 0.68, "f1-score": 0.6853333333333332, "support": 300.0}}}, "test": {"accuracy": 0.726027397260274, "balanced_accuracy": 0.6411620294599019, "sensitivity": 0.34615384615384615, "specificity": 0.9361702127659575, "f1_macro": 0.6442495126705653, "roc_auc": 0.7561374795417348, "confusion_matrix": [[44, 3], [17, 9]], "classification_report": {"0": {"precision": 0.7213114754098361, "recall": 0.9361702127659575, "f1-score": 0.8148148148148148, "support": 47.0}, "1": {"precision": 0.75, "recall": 0.34615384615384615, "f1-score": 0.47368421052631576, "support": 26.0}, "accuracy": 0.726027397260274, "macro avg": {"precision": 0.735655737704918, "recall": 0.6411620294599019, "f1-score": 0.6442495126705653, "support": 73.0}, "weighted avg": {"precision": 0.7315293060857848, "recall": 0.726027397260274, "f1-score": 0.6933162434243906, "support": 73.0}}}, "folds": 10, "original_train_rows": 300, "train_rows": 384, "test_rows": 73, "elapsed_seconds": 276.719000000041, "test_default": {"accuracy": 0.7397260273972602, "balanced_accuracy": 0.703355155482815, "sensitivity": 0.5769230769230769, "specificity": 0.8297872340425532, "f1_macro": 0.708184304649695, "roc_auc": 0.7561374795417348, "confusion_matrix": [[39, 8], [11, 15]], "classification_report": {"0": {"precision": 0.78, "recall": 0.8297872340425532, "f1-score": 0.8041237113402062, "support": 47.0}, "1": {"precision": 0.6521739130434783, "recall": 0.5769230769230769, "f1-score": 0.6122448979591837, "support": 26.0}, "accuracy": 0.7397260273972602, "macro avg": {"precision": 0.7160869565217391, "recall": 0.703355155482815, "f1-score": 0.708184304649695, "support": 73.0}, "weighted avg": {"precision": 0.7344729005360333, "recall": 0.7397260273972602, "f1-score": 0.7357833120538146, "support": 73.0}}}, "decision_threshold": 0.993305504322052, "oof_threshold_selection": {"accuracy": 0.7333333333333333, "balanced_accuracy": 0.6741898148148148, "sensitivity": 0.46296296296296297, "specificity": 0.8854166666666666, "f1_macro": 0.6825396825396826, "roc_auc": 0.7192804783950617, "confusion_matrix": [[170, 22], [58, 50]], "classification_report": {"0": {"precision": 0.7456140350877193, "recall": 0.8854166666666666, "f1-score": 0.8095238095238095, "support": 192.0}, "1": {"precision": 0.6944444444444444, "recall": 0.46296296296296297, "f1-score": 0.5555555555555556, "support": 108.0}, "accuracy": 0.7333333333333333, "macro avg": {"precision": 0.7200292397660819, "recall": 0.6741898148148148, "f1-score": 0.6825396825396826, "support": 300.0}, "weighted avg": {"precision": 0.7271929824561404, "recall": 0.7333333333333333, "f1-score": 0.7180952380952381, "support": 300.0}}}, "test_accuracy_change": -0.013698630136986245}
