Run invocation: ["Model/run_dataset_models.py", "--tune-threshold", "--workers", "2", "--output-root", "Model_Results/dataset_runs_20261003_oof_threshold", "--folds", "10", "--epochs", "80", "--pls-components", "8", "--seed", "42"]
Python: C:\Users\IHCK\AppData\Local\Programs\Python\Python312\python.exe; jobs=68; folds=10; neural_epochs=80
[1/68] START ('coef_raw', 'left', 'SVM') -> C:\Users\IHCK\Desktop\1_10_69Final\Hippocampal-Shape-Analysis-for-Epilepsy-Detection\Model_Results\dataset_runs_20261003_oof_threshold\_logs\coef_raw_left_SVM.log
[2/68] START ('coef_raw', 'left', 'MLP') -> C:\Users\IHCK\Desktop\1_10_69Final\Hippocampal-Shape-Analysis-for-Epilepsy-Detection\Model_Results\dataset_runs_20261003_oof_threshold\_logs\coef_raw_left_MLP.log
[1/68] completed ('coef_raw', 'left', 'SVM') seconds=2.66 test_accuracy=0.8356164383561644 AUC=0.8412438625204584 threshold=0.9603795436096602 change=0.0547945205479452
[3/68] START ('coef_raw', 'left', 'ResNet') -> C:\Users\IHCK\Desktop\1_10_69Final\Hippocampal-Shape-Analysis-for-Epilepsy-Detection\Model_Results\dataset_runs_20261003_oof_threshold\_logs\coef_raw_left_ResNet.log
[2/68] completed ('coef_raw', 'left', 'MLP') seconds=3.78 test_accuracy=0.821917808219178 AUC=0.851063829787234 threshold=0.9964370727539062 change=0.0821917808219178
[4/68] START ('coef_raw', 'left', 'ResNetAE') -> C:\Users\IHCK\Desktop\1_10_69Final\Hippocampal-Shape-Analysis-for-Epilepsy-Detection\Model_Results\dataset_runs_20261003_oof_threshold\_logs\coef_raw_left_ResNetAE.log
[3/68] completed ('coef_raw', 'left', 'ResNet') seconds=40.31 test_accuracy=0.7808219178082192 AUC=0.8371522094926351 threshold=0.9991205334663391 change=0.013698630136986356
[5/68] START ('coef_raw', 'left', 'MobileNet') -> C:\Users\IHCK\Desktop\1_10_69Final\Hippocampal-Shape-Analysis-for-Epilepsy-Detection\Model_Results\dataset_runs_20261003_oof_threshold\_logs\coef_raw_left_MobileNet.log
[4/68] completed ('coef_raw', 'left', 'ResNetAE') seconds=45.86 test_accuracy=0.7945205479452054 AUC=0.837152209492635 threshold=0.9667789936065674 change=0.0547945205479452
[6/68] START ('coef_raw', 'left', 'SqueezeNet') -> C:\Users\IHCK\Desktop\1_10_69Final\Hippocampal-Shape-Analysis-for-Epilepsy-Detection\Model_Results\dataset_runs_20261003_oof_threshold\_logs\coef_raw_left_SqueezeNet.log
[6/68] completed ('coef_raw', 'left', 'SqueezeNet') seconds=32.67 test_accuracy=0.7534246575342466 AUC=0.8535188216039279 threshold=0.8106415271759033 change=0.0273972602739726
[7/68] START ('coef_raw', 'right', 'SVM') -> C:\Users\IHCK\Desktop\1_10_69Final\Hippocampal-Shape-Analysis-for-Epilepsy-Detection\Model_Results\dataset_runs_20261003_oof_threshold\_logs\coef_raw_right_SVM.log
[7/68] completed ('coef_raw', 'right', 'SVM') seconds=2.77 test_accuracy=0.8181818181818182 AUC=0.8401360544217688 threshold=0.7699908739108519 change=0.0
[8/68] START ('coef_raw', 'right', 'MLP') -> C:\Users\IHCK\Desktop\1_10_69Final\Hippocampal-Shape-Analysis-for-Epilepsy-Detection\Model_Results\dataset_runs_20261003_oof_threshold\_logs\coef_raw_right_MLP.log
[8/68] completed ('coef_raw', 'right', 'MLP') seconds=3.8 test_accuracy=0.7922077922077922 AUC=0.8384353741496599 threshold=0.5 change=0.0
[9/68] START ('coef_raw', 'right', 'ResNet') -> C:\Users\IHCK\Desktop\1_10_69Final\Hippocampal-Shape-Analysis-for-Epilepsy-Detection\Model_Results\dataset_runs_20261003_oof_threshold\_logs\coef_raw_right_ResNet.log
[5/68] completed ('coef_raw', 'left', 'MobileNet') seconds=58.84 test_accuracy=0.8082191780821918 AUC=0.8469721767594108 threshold=0.9963827133178711 change=0.0273972602739726
[10/68] START ('coef_raw', 'right', 'ResNetAE') -> C:\Users\IHCK\Desktop\1_10_69Final\Hippocampal-Shape-Analysis-for-Epilepsy-Detection\Model_Results\dataset_runs_20261003_oof_threshold\_logs\coef_raw_right_ResNetAE.log
[9/68] completed ('coef_raw', 'right', 'ResNet') seconds=37.53 test_accuracy=0.8441558441558441 AUC=0.842687074829932 threshold=0.3902461528778076 change=0.0
[11/68] START ('coef_raw', 'right', 'MobileNet') -> C:\Users\IHCK\Desktop\1_10_69Final\Hippocampal-Shape-Analysis-for-Epilepsy-Detection\Model_Results\dataset_runs_20261003_oof_threshold\_logs\coef_raw_right_MobileNet.log
[10/68] completed ('coef_raw', 'right', 'ResNetAE') seconds=44.39 test_accuracy=0.8441558441558441 AUC=0.8588435374149661 threshold=0.5589315295219421 change=0.0
[12/68] START ('coef_raw', 'right', 'SqueezeNet') -> C:\Users\IHCK\Desktop\1_10_69Final\Hippocampal-Shape-Analysis-for-Epilepsy-Detection\Model_Results\dataset_runs_20261003_oof_threshold\_logs\coef_raw_right_SqueezeNet.log
[12/68] completed ('coef_raw', 'right', 'SqueezeNet') seconds=32.14 test_accuracy=0.8831168831168831 AUC=0.8575680272108843 threshold=0.9472231268882751 change=0.012987012987012991
[13/68] START ('coef_raw_balanced_jitter', 'left', 'SVM') -> C:\Users\IHCK\Desktop\1_10_69Final\Hippocampal-Shape-Analysis-for-Epilepsy-Detection\Model_Results\dataset_runs_20261003_oof_threshold\_logs\coef_raw_balanced_jitter_left_SVM.log
[13/68] completed ('coef_raw_balanced_jitter', 'left', 'SVM') seconds=3.23 test_accuracy=0.8356164383561644 AUC=0.8477905073649754 threshold=0.9580841682224219 change=0.0547945205479452
[14/68] START ('coef_raw_balanced_jitter', 'left', 'MLP') -> C:\Users\IHCK\Desktop\1_10_69Final\Hippocampal-Shape-Analysis-for-Epilepsy-Detection\Model_Results\dataset_runs_20261003_oof_threshold\_logs\coef_raw_balanced_jitter_left_MLP.log
[11/68] completed ('coef_raw', 'right', 'MobileNet') seconds=56.95 test_accuracy=0.8311688311688312 AUC=0.842687074829932 threshold=0.8308252096176147 change=0.012987012987012991
[15/68] START ('coef_raw_balanced_jitter', 'left', 'ResNet') -> C:\Users\IHCK\Desktop\1_10_69Final\Hippocampal-Shape-Analysis-for-Epilepsy-Detection\Model_Results\dataset_runs_20261003_oof_threshold\_logs\coef_raw_balanced_jitter_left_ResNet.log
[14/68] completed ('coef_raw_balanced_jitter', 'left', 'MLP') seconds=4.19 test_accuracy=0.7945205479452054 AUC=0.851063829787234 threshold=0.9922926425933838 change=0.041095890410958846
[16/68] START ('coef_raw_balanced_jitter', 'left', 'ResNetAE') -> C:\Users\IHCK\Desktop\1_10_69Final\Hippocampal-Shape-Analysis-for-Epilepsy-Detection\Model_Results\dataset_runs_20261003_oof_threshold\_logs\coef_raw_balanced_jitter_left_ResNetAE.log
[15/68] completed ('coef_raw_balanced_jitter', 'left', 'ResNet') seconds=47.91 test_accuracy=0.821917808219178 AUC=0.8469721767594108 threshold=0.996945321559906 change=0.041095890410958846
[17/68] START ('coef_raw_balanced_jitter', 'left', 'MobileNet') -> C:\Users\IHCK\Desktop\1_10_69Final\Hippocampal-Shape-Analysis-for-Epilepsy-Detection\Model_Results\dataset_runs_20261003_oof_threshold\_logs\coef_raw_balanced_jitter_left_MobileNet.log
[16/68] completed ('coef_raw_balanced_jitter', 'left', 'ResNetAE') seconds=56.58 test_accuracy=0.821917808219178 AUC=0.8649754500818331 threshold=0.960318386554718 change=0.0547945205479452
[18/68] START ('coef_raw_balanced_jitter', 'left', 'SqueezeNet') -> C:\Users\IHCK\Desktop\1_10_69Final\Hippocampal-Shape-Analysis-for-Epilepsy-Detection\Model_Results\dataset_runs_20261003_oof_threshold\_logs\coef_raw_balanced_jitter_left_SqueezeNet.log
[18/68] completed ('coef_raw_balanced_jitter', 'left', 'SqueezeNet') seconds=39.56 test_accuracy=0.7945205479452054 AUC=0.8355155482815058 threshold=0.7857804894447327 change=0.013698630136986245
[19/68] START ('coef_raw_balanced_jitter', 'right', 'SVM') -> C:\Users\IHCK\Desktop\1_10_69Final\Hippocampal-Shape-Analysis-for-Epilepsy-Detection\Model_Results\dataset_runs_20261003_oof_threshold\_logs\coef_raw_balanced_jitter_right_SVM.log
[19/68] completed ('coef_raw_balanced_jitter', 'right', 'SVM') seconds=3.5 test_accuracy=0.8051948051948052 AUC=0.8375850340136055 threshold=0.792780432634521 change=-0.012987012987012991
[20/68] START ('coef_raw_balanced_jitter', 'right', 'MLP') -> C:\Users\IHCK\Desktop\1_10_69Final\Hippocampal-Shape-Analysis-for-Epilepsy-Detection\Model_Results\dataset_runs_20261003_oof_threshold\_logs\coef_raw_balanced_jitter_right_MLP.log
[20/68] completed ('coef_raw_balanced_jitter', 'right', 'MLP') seconds=4.92 test_accuracy=0.8311688311688312 AUC=0.8384353741496599 threshold=0.520944356918335 change=0.0
[21/68] START ('coef_raw_balanced_jitter', 'right', 'ResNet') -> C:\Users\IHCK\Desktop\1_10_69Final\Hippocampal-Shape-Analysis-for-Epilepsy-Detection\Model_Results\dataset_runs_20261003_oof_threshold\_logs\coef_raw_balanced_jitter_right_ResNet.log
[17/68] completed ('coef_raw_balanced_jitter', 'left', 'MobileNet') seconds=72.83 test_accuracy=0.7671232876712328 AUC=0.795417348608838 threshold=0.9264805912971497 change=0.0547945205479452
[22/68] START ('coef_raw_balanced_jitter', 'right', 'ResNetAE') -> C:\Users\IHCK\Desktop\1_10_69Final\Hippocampal-Shape-Analysis-for-Epilepsy-Detection\Model_Results\dataset_runs_20261003_oof_threshold\_logs\coef_raw_balanced_jitter_right_ResNetAE.log
[21/68] completed ('coef_raw_balanced_jitter', 'right', 'ResNet') seconds=54.11 test_accuracy=0.7922077922077922 AUC=0.8375850340136055 threshold=0.8644049167633057 change=-0.012987012987012991
[23/68] START ('coef_raw_balanced_jitter', 'right', 'MobileNet') -> C:\Users\IHCK\Desktop\1_10_69Final\Hippocampal-Shape-Analysis-for-Epilepsy-Detection\Model_Results\dataset_runs_20261003_oof_threshold\_logs\coef_raw_balanced_jitter_right_MobileNet.log
[22/68] completed ('coef_raw_balanced_jitter', 'right', 'ResNetAE') seconds=65.09 test_accuracy=0.7922077922077922 AUC=0.8494897959183674 threshold=0.819668173789978 change=0.0
[24/68] START ('coef_raw_balanced_jitter', 'right', 'SqueezeNet') -> C:\Users\IHCK\Desktop\1_10_69Final\Hippocampal-Shape-Analysis-for-Epilepsy-Detection\Model_Results\dataset_runs_20261003_oof_threshold\_logs\coef_raw_balanced_jitter_right_SqueezeNet.log
[24/68] completed ('coef_raw_balanced_jitter', 'right', 'SqueezeNet') seconds=45.28 test_accuracy=0.8441558441558441 AUC=0.8401360544217688 threshold=0.7253392338752747 change=0.01298701298701288
[25/68] START ('coef_plsda', 'left', 'SVM') -> C:\Users\IHCK\Desktop\1_10_69Final\Hippocampal-Shape-Analysis-for-Epilepsy-Detection\Model_Results\dataset_runs_20261003_oof_threshold\_logs\coef_plsda_left_SVM.log
[25/68] completed ('coef_plsda', 'left', 'SVM') seconds=3.42 test_accuracy=0.8356164383561644 AUC=0.8518821603927987 threshold=0.9803265026941489 change=0.0547945205479452
[26/68] START ('coef_plsda', 'left', 'MLP') -> C:\Users\IHCK\Desktop\1_10_69Final\Hippocampal-Shape-Analysis-for-Epilepsy-Detection\Model_Results\dataset_runs_20261003_oof_threshold\_logs\coef_plsda_left_MLP.log
[26/68] completed ('coef_plsda', 'left', 'MLP') seconds=4.66 test_accuracy=0.8493150684931506 AUC=0.8559738134206218 threshold=0.9838107824325562 change=0.12328767123287665
[27/68] START ('coef_plsda', 'left', 'ResNet') -> C:\Users\IHCK\Desktop\1_10_69Final\Hippocampal-Shape-Analysis-for-Epilepsy-Detection\Model_Results\dataset_runs_20261003_oof_threshold\_logs\coef_plsda_left_ResNet.log
[23/68] completed ('coef_raw_balanced_jitter', 'right', 'MobileNet') seconds=83.5 test_accuracy=0.8441558441558441 AUC=0.8333333333333334 threshold=0.35933321714401245 change=0.01298701298701288
[28/68] START ('coef_plsda', 'left', 'ResNetAE') -> C:\Users\IHCK\Desktop\1_10_69Final\Hippocampal-Shape-Analysis-for-Epilepsy-Detection\Model_Results\dataset_runs_20261003_oof_threshold\_logs\coef_plsda_left_ResNetAE.log
[27/68] completed ('coef_plsda', 'left', 'ResNet') seconds=48.67 test_accuracy=0.821917808219178 AUC=0.8715220949263502 threshold=0.9968587160110474 change=0.041095890410958846
[29/68] START ('coef_plsda', 'left', 'MobileNet') -> C:\Users\IHCK\Desktop\1_10_69Final\Hippocampal-Shape-Analysis-for-Epilepsy-Detection\Model_Results\dataset_runs_20261003_oof_threshold\_logs\coef_plsda_left_MobileNet.log
[28/68] completed ('coef_plsda', 'left', 'ResNetAE') seconds=57.7 test_accuracy=0.8082191780821918 AUC=0.8543371522094927 threshold=0.942830502986908 change=0.04109589041095896
[30/68] START ('coef_plsda', 'left', 'SqueezeNet') -> C:\Users\IHCK\Desktop\1_10_69Final\Hippocampal-Shape-Analysis-for-Epilepsy-Detection\Model_Results\dataset_runs_20261003_oof_threshold\_logs\coef_plsda_left_SqueezeNet.log
[30/68] completed ('coef_plsda', 'left', 'SqueezeNet') seconds=39.81 test_accuracy=0.7671232876712328 AUC=0.8330605564648118 threshold=0.7041546106338501 change=0.0
[31/68] START ('coef_plsda', 'right', 'SVM') -> C:\Users\IHCK\Desktop\1_10_69Final\Hippocampal-Shape-Analysis-for-Epilepsy-Detection\Model_Results\dataset_runs_20261003_oof_threshold\_logs\coef_plsda_right_SVM.log
[31/68] completed ('coef_plsda', 'right', 'SVM') seconds=3.72 test_accuracy=0.8051948051948052 AUC=0.8503401360544217 threshold=0.8443154207324148 change=-0.06493506493506485
[32/68] START ('coef_plsda', 'right', 'MLP') -> C:\Users\IHCK\Desktop\1_10_69Final\Hippocampal-Shape-Analysis-for-Epilepsy-Detection\Model_Results\dataset_runs_20261003_oof_threshold\_logs\coef_plsda_right_MLP.log
[32/68] completed ('coef_plsda', 'right', 'MLP') seconds=4.97 test_accuracy=0.8441558441558441 AUC=0.8333333333333334 threshold=0.4617067575454712 change=0.0
[33/68] START ('coef_plsda', 'right', 'ResNet') -> C:\Users\IHCK\Desktop\1_10_69Final\Hippocampal-Shape-Analysis-for-Epilepsy-Detection\Model_Results\dataset_runs_20261003_oof_threshold\_logs\coef_plsda_right_ResNet.log
[29/68] completed ('coef_plsda', 'left', 'MobileNet') seconds=72.8 test_accuracy=0.7808219178082192 AUC=0.857201309328969 threshold=0.9988625049591064 change=0.0
[34/68] START ('coef_plsda', 'right', 'ResNetAE') -> C:\Users\IHCK\Desktop\1_10_69Final\Hippocampal-Shape-Analysis-for-Epilepsy-Detection\Model_Results\dataset_runs_20261003_oof_threshold\_logs\coef_plsda_right_ResNetAE.log
[33/68] completed ('coef_plsda', 'right', 'ResNet') seconds=53.67 test_accuracy=0.8311688311688312 AUC=0.7971938775510203 threshold=0.8575534820556641 change=0.012987012987012991
[35/68] START ('coef_plsda', 'right', 'MobileNet') -> C:\Users\IHCK\Desktop\1_10_69Final\Hippocampal-Shape-Analysis-for-Epilepsy-Detection\Model_Results\dataset_runs_20261003_oof_threshold\_logs\coef_plsda_right_MobileNet.log
[34/68] completed ('coef_plsda', 'right', 'ResNetAE') seconds=64.73 test_accuracy=0.8311688311688312 AUC=0.8222789115646258 threshold=0.6651283502578735 change=0.025974025974025983
[36/68] START ('coef_plsda', 'right', 'SqueezeNet') -> C:\Users\IHCK\Desktop\1_10_69Final\Hippocampal-Shape-Analysis-for-Epilepsy-Detection\Model_Results\dataset_runs_20261003_oof_threshold\_logs\coef_plsda_right_SqueezeNet.log
[36/68] completed ('coef_plsda', 'right', 'SqueezeNet') seconds=44.88 test_accuracy=0.8181818181818182 AUC=0.8486394557823129 threshold=0.9878367781639099 change=-0.012987012987012991
[37/68] START ('augment_plsda_balanced', 'left', 'SVM') -> C:\Users\IHCK\Desktop\1_10_69Final\Hippocampal-Shape-Analysis-for-Epilepsy-Detection\Model_Results\dataset_runs_20261003_oof_threshold\_logs\augment_plsda_balanced_left_SVM.log
[37/68] completed ('augment_plsda_balanced', 'left', 'SVM') seconds=10.73 test_accuracy=0.7671232876712328 AUC=0.837152209492635 threshold=0.9951350223058605 change=0.013698630136986245
[38/68] START ('augment_plsda_balanced', 'left', 'MLP') -> C:\Users\IHCK\Desktop\1_10_69Final\Hippocampal-Shape-Analysis-for-Epilepsy-Detection\Model_Results\dataset_runs_20261003_oof_threshold\_logs\augment_plsda_balanced_left_MLP.log
[35/68] completed ('coef_plsda', 'right', 'MobileNet') seconds=82.95 test_accuracy=0.7792207792207793 AUC=0.8333333333333333 threshold=0.28841811418533325 change=0.0
[39/68] START ('augment_plsda_balanced', 'left', 'ResNet') -> C:\Users\IHCK\Desktop\1_10_69Final\Hippocampal-Shape-Analysis-for-Epilepsy-Detection\Model_Results\dataset_runs_20261003_oof_threshold\_logs\augment_plsda_balanced_left_ResNet.log
[38/68] completed ('augment_plsda_balanced', 'left', 'MLP') seconds=14.31 test_accuracy=0.7808219178082192 AUC=0.8314238952536825 threshold=0.9993124008178711 change=0.0547945205479452
[40/68] START ('augment_plsda_balanced', 'left', 'ResNetAE') -> C:\Users\IHCK\Desktop\1_10_69Final\Hippocampal-Shape-Analysis-for-Epilepsy-Detection\Model_Results\dataset_runs_20261003_oof_threshold\_logs\augment_plsda_balanced_left_ResNetAE.log
[39/68] completed ('augment_plsda_balanced', 'left', 'ResNet') seconds=211.72 test_accuracy=0.7123287671232876 AUC=0.8101472995090017 threshold=0.9998525381088257 change=-0.0273972602739726
[41/68] START ('augment_plsda_balanced', 'left', 'MobileNet') -> C:\Users\IHCK\Desktop\1_10_69Final\Hippocampal-Shape-Analysis-for-Epilepsy-Detection\Model_Results\dataset_runs_20261003_oof_threshold\_logs\augment_plsda_balanced_left_MobileNet.log
[40/68] completed ('augment_plsda_balanced', 'left', 'ResNetAE') seconds=255.0 test_accuracy=0.7671232876712328 AUC=0.8281505728314239 threshold=0.918491005897522 change=0.0
[42/68] START ('augment_plsda_balanced', 'left', 'SqueezeNet') -> C:\Users\IHCK\Desktop\1_10_69Final\Hippocampal-Shape-Analysis-for-Epilepsy-Detection\Model_Results\dataset_runs_20261003_oof_threshold\_logs\augment_plsda_balanced_left_SqueezeNet.log
[42/68] completed ('augment_plsda_balanced', 'left', 'SqueezeNet') seconds=180.08 test_accuracy=0.7534246575342466 AUC=0.8113747954173486 threshold=0.9999914169311523 change=0.0273972602739726
[43/68] START ('augment_plsda_balanced', 'right', 'SVM') -> C:\Users\IHCK\Desktop\1_10_69Final\Hippocampal-Shape-Analysis-for-Epilepsy-Detection\Model_Results\dataset_runs_20261003_oof_threshold\_logs\augment_plsda_balanced_right_SVM.log
[43/68] completed ('augment_plsda_balanced', 'right', 'SVM') seconds=17.5 test_accuracy=0.8181818181818182 AUC=0.7933673469387754 threshold=0.6761780326955905 change=0.0
[44/68] START ('augment_plsda_balanced', 'right', 'MLP') -> C:\Users\IHCK\Desktop\1_10_69Final\Hippocampal-Shape-Analysis-for-Epilepsy-Detection\Model_Results\dataset_runs_20261003_oof_threshold\_logs\augment_plsda_balanced_right_MLP.log
[44/68] completed ('augment_plsda_balanced', 'right', 'MLP') seconds=14.86 test_accuracy=0.8181818181818182 AUC=0.8052721088435373 threshold=0.968623161315918 change=0.0
[45/68] START ('augment_plsda_balanced', 'right', 'ResNet') -> C:\Users\IHCK\Desktop\1_10_69Final\Hippocampal-Shape-Analysis-for-Epilepsy-Detection\Model_Results\dataset_runs_20261003_oof_threshold\_logs\augment_plsda_balanced_right_ResNet.log
[41/68] completed ('augment_plsda_balanced', 'left', 'MobileNet') seconds=336.58 test_accuracy=0.7397260273972602 AUC=0.7847790507364976 threshold=0.9926016926765442 change=-0.0273972602739726
[46/68] START ('augment_plsda_balanced', 'right', 'ResNetAE') -> C:\Users\IHCK\Desktop\1_10_69Final\Hippocampal-Shape-Analysis-for-Epilepsy-Detection\Model_Results\dataset_runs_20261003_oof_threshold\_logs\augment_plsda_balanced_right_ResNetAE.log
[45/68] completed ('augment_plsda_balanced', 'right', 'ResNet') seconds=272.67 test_accuracy=0.8051948051948052 AUC=0.8061224489795917 threshold=0.7863948941230774 change=-0.03896103896103886
[47/68] START ('augment_plsda_balanced', 'right', 'MobileNet') -> C:\Users\IHCK\Desktop\1_10_69Final\Hippocampal-Shape-Analysis-for-Epilepsy-Detection\Model_Results\dataset_runs_20261003_oof_threshold\_logs\augment_plsda_balanced_right_MobileNet.log
[46/68] completed ('augment_plsda_balanced', 'right', 'ResNetAE') seconds=337.89 test_accuracy=0.7792207792207793 AUC=0.7942176870748299 threshold=0.9727976322174072 change=-0.038961038961038974
[48/68] START ('augment_plsda_balanced', 'right', 'SqueezeNet') -> C:\Users\IHCK\Desktop\1_10_69Final\Hippocampal-Shape-Analysis-for-Epilepsy-Detection\Model_Results\dataset_runs_20261003_oof_threshold\_logs\augment_plsda_balanced_right_SqueezeNet.log
[48/68] completed ('augment_plsda_balanced', 'right', 'SqueezeNet') seconds=220.14 test_accuracy=0.8181818181818182 AUC=0.7767857142857143 threshold=0.9997785687446594 change=0.025974025974025983
[49/68] START ('plsda_latent_features', 'left', 'SVM') -> C:\Users\IHCK\Desktop\1_10_69Final\Hippocampal-Shape-Analysis-for-Epilepsy-Detection\Model_Results\dataset_runs_20261003_oof_threshold\_logs\plsda_latent_features_left_SVM.log
[49/68] completed ('plsda_latent_features', 'left', 'SVM') seconds=2.97 test_accuracy=0.7945205479452054 AUC=0.8420621931260229 threshold=0.9161692403410756 change=0.0273972602739726
[50/68] START ('plsda_latent_features', 'left', 'MLP') -> C:\Users\IHCK\Desktop\1_10_69Final\Hippocampal-Shape-Analysis-for-Epilepsy-Detection\Model_Results\dataset_runs_20261003_oof_threshold\_logs\plsda_latent_features_left_MLP.log
[50/68] completed ('plsda_latent_features', 'left', 'MLP') seconds=4.69 test_accuracy=0.8082191780821918 AUC=0.8436988543371522 threshold=0.9879913926124573 change=0.0547945205479452
[51/68] START ('plsda_latent_features', 'left', 'ResNet') -> C:\Users\IHCK\Desktop\1_10_69Final\Hippocampal-Shape-Analysis-for-Epilepsy-Detection\Model_Results\dataset_runs_20261003_oof_threshold\_logs\plsda_latent_features_left_ResNet.log
[51/68] completed ('plsda_latent_features', 'left', 'ResNet') seconds=42.69 test_accuracy=0.7671232876712328 AUC=0.8322422258592471 threshold=0.9963496923446655 change=0.013698630136986245
[52/68] START ('plsda_latent_features', 'left', 'ResNetAE') -> C:\Users\IHCK\Desktop\1_10_69Final\Hippocampal-Shape-Analysis-for-Epilepsy-Detection\Model_Results\dataset_runs_20261003_oof_threshold\_logs\plsda_latent_features_left_ResNetAE.log
[47/68] completed ('augment_plsda_balanced', 'right', 'MobileNet') seconds=422.02 test_accuracy=0.8181818181818182 AUC=0.8103741496598639 threshold=0.925639271736145 change=-0.012987012987012991
[53/68] START ('plsda_latent_features', 'left', 'MobileNet') -> C:\Users\IHCK\Desktop\1_10_69Final\Hippocampal-Shape-Analysis-for-Epilepsy-Detection\Model_Results\dataset_runs_20261003_oof_threshold\_logs\plsda_latent_features_left_MobileNet.log
[52/68] completed ('plsda_latent_features', 'left', 'ResNetAE') seconds=45.88 test_accuracy=0.7808219178082192 AUC=0.8412438625204582 threshold=0.9946743249893188 change=0.013698630136986356
[54/68] START ('plsda_latent_features', 'left', 'SqueezeNet') -> C:\Users\IHCK\Desktop\1_10_69Final\Hippocampal-Shape-Analysis-for-Epilepsy-Detection\Model_Results\dataset_runs_20261003_oof_threshold\_logs\plsda_latent_features_left_SqueezeNet.log
[53/68] completed ('plsda_latent_features', 'left', 'MobileNet') seconds=58.73 test_accuracy=0.7808219178082192 AUC=0.8216039279869067 threshold=0.9964343309402466 change=0.0
[55/68] START ('plsda_latent_features', 'right', 'SVM') -> C:\Users\IHCK\Desktop\1_10_69Final\Hippocampal-Shape-Analysis-for-Epilepsy-Detection\Model_Results\dataset_runs_20261003_oof_threshold\_logs\plsda_latent_features_right_SVM.log
[55/68] completed ('plsda_latent_features', 'right', 'SVM') seconds=2.91 test_accuracy=0.8051948051948052 AUC=0.8324829931972789 threshold=0.7866268969840351 change=-0.012987012987012991
[56/68] START ('plsda_latent_features', 'right', 'MLP') -> C:\Users\IHCK\Desktop\1_10_69Final\Hippocampal-Shape-Analysis-for-Epilepsy-Detection\Model_Results\dataset_runs_20261003_oof_threshold\_logs\plsda_latent_features_right_MLP.log
[56/68] completed ('plsda_latent_features', 'right', 'MLP') seconds=4.11 test_accuracy=0.8051948051948052 AUC=0.8316326530612245 threshold=0.7357924580574036 change=0.025974025974025983
[57/68] START ('plsda_latent_features', 'right', 'ResNet') -> C:\Users\IHCK\Desktop\1_10_69Final\Hippocampal-Shape-Analysis-for-Epilepsy-Detection\Model_Results\dataset_runs_20261003_oof_threshold\_logs\plsda_latent_features_right_ResNet.log
[54/68] completed ('plsda_latent_features', 'left', 'SqueezeNet') seconds=33.25 test_accuracy=0.7123287671232876 AUC=0.8424713584288053 threshold=0.40804529190063477 change=0.0
[58/68] START ('plsda_latent_features', 'right', 'ResNetAE') -> C:\Users\IHCK\Desktop\1_10_69Final\Hippocampal-Shape-Analysis-for-Epilepsy-Detection\Model_Results\dataset_runs_20261003_oof_threshold\_logs\plsda_latent_features_right_ResNetAE.log
[57/68] completed ('plsda_latent_features', 'right', 'ResNet') seconds=40.11 test_accuracy=0.7792207792207793 AUC=0.8256802721088435 threshold=0.4992372691631317 change=0.0
[59/68] START ('plsda_latent_features', 'right', 'MobileNet') -> C:\Users\IHCK\Desktop\1_10_69Final\Hippocampal-Shape-Analysis-for-Epilepsy-Detection\Model_Results\dataset_runs_20261003_oof_threshold\_logs\plsda_latent_features_right_MobileNet.log
[58/68] completed ('plsda_latent_features', 'right', 'ResNetAE') seconds=47.17 test_accuracy=0.8571428571428571 AUC=0.8469387755102041 threshold=0.46005234122276306 change=0.0
[60/68] START ('plsda_latent_features', 'right', 'SqueezeNet') -> C:\Users\IHCK\Desktop\1_10_69Final\Hippocampal-Shape-Analysis-for-Epilepsy-Detection\Model_Results\dataset_runs_20261003_oof_threshold\_logs\plsda_latent_features_right_SqueezeNet.log
[60/68] completed ('plsda_latent_features', 'right', 'SqueezeNet') seconds=33.3 test_accuracy=0.8701298701298701 AUC=0.8622448979591837 threshold=0.6523841023445129 change=0.0
[61/68] START ('pointnet_raw', 'left', 'PointNet') -> C:\Users\IHCK\Desktop\1_10_69Final\Hippocampal-Shape-Analysis-for-Epilepsy-Detection\Model_Results\dataset_runs_20261003_oof_threshold\_logs\pointnet_raw_left_PointNet.log
[59/68] completed ('plsda_latent_features', 'right', 'MobileNet') seconds=64.88 test_accuracy=0.7922077922077922 AUC=0.8358843537414966 threshold=0.9631809592247009 change=-0.012987012987012991
[62/68] START ('pointnet_raw', 'right', 'PointNet') -> C:\Users\IHCK\Desktop\1_10_69Final\Hippocampal-Shape-Analysis-for-Epilepsy-Detection\Model_Results\dataset_runs_20261003_oof_threshold\_logs\pointnet_raw_right_PointNet.log
[61/68] completed ('pointnet_raw', 'left', 'PointNet') seconds=210.92 test_accuracy=0.7671232876712328 AUC=0.7610474631751227 threshold=0.892010509967804 change=0.0821917808219178
[63/68] START ('pointnet_raw_balanced_jitter', 'left', 'PointNet') -> C:\Users\IHCK\Desktop\1_10_69Final\Hippocampal-Shape-Analysis-for-Epilepsy-Detection\Model_Results\dataset_runs_20261003_oof_threshold\_logs\pointnet_raw_balanced_jitter_left_PointNet.log
[62/68] completed ('pointnet_raw', 'right', 'PointNet') seconds=221.47 test_accuracy=0.7532467532467533 AUC=0.7134353741496599 threshold=0.9433974623680115 change=0.051948051948051965
[64/68] START ('pointnet_raw_balanced_jitter', 'right', 'PointNet') -> C:\Users\IHCK\Desktop\1_10_69Final\Hippocampal-Shape-Analysis-for-Epilepsy-Detection\Model_Results\dataset_runs_20261003_oof_threshold\_logs\pointnet_raw_balanced_jitter_right_PointNet.log
[63/68] completed ('pointnet_raw_balanced_jitter', 'left', 'PointNet') seconds=279.55 test_accuracy=0.726027397260274 AUC=0.7561374795417348 threshold=0.993305504322052 change=-0.013698630136986245
[65/68] START ('pointnet_plsda', 'left', 'PointNet') -> C:\Users\IHCK\Desktop\1_10_69Final\Hippocampal-Shape-Analysis-for-Epilepsy-Detection\Model_Results\dataset_runs_20261003_oof_threshold\_logs\pointnet_plsda_left_PointNet.log
[64/68] completed ('pointnet_raw_balanced_jitter', 'right', 'PointNet') seconds=324.02 test_accuracy=0.7662337662337663 AUC=0.7534013605442177 threshold=0.970851480960846 change=0.025974025974025983
[66/68] START ('pointnet_plsda', 'right', 'PointNet') -> C:\Users\IHCK\Desktop\1_10_69Final\Hippocampal-Shape-Analysis-for-Epilepsy-Detection\Model_Results\dataset_runs_20261003_oof_threshold\_logs\pointnet_plsda_right_PointNet.log
[65/68] completed ('pointnet_plsda', 'left', 'PointNet') seconds=279.98 test_accuracy=0.684931506849315 AUC=0.7618657937806874 threshold=0.9342409372329712 change=-0.04109589041095896
[67/68] START ('plsda_direct', 'left', 'PLSDA') -> C:\Users\IHCK\Desktop\1_10_69Final\Hippocampal-Shape-Analysis-for-Epilepsy-Detection\Model_Results\dataset_runs_20261003_oof_threshold\_logs\plsda_direct_left_PLSDA.log
[67/68] completed ('plsda_direct', 'left', 'PLSDA') seconds=2.55 test_accuracy=0.8356164383561644 AUC=0.8428805237315875 threshold=0.6014787143493079 change=0.06849315068493156
[68/68] START ('plsda_direct', 'right', 'PLSDA') -> C:\Users\IHCK\Desktop\1_10_69Final\Hippocampal-Shape-Analysis-for-Epilepsy-Detection\Model_Results\dataset_runs_20261003_oof_threshold\_logs\plsda_direct_right_PLSDA.log
[68/68] completed ('plsda_direct', 'right', 'PLSDA') seconds=2.5 test_accuracy=0.8311688311688312 AUC=0.842687074829932 threshold=0.4897012206090581 change=0.0
[66/68] completed ('pointnet_plsda', 'right', 'PointNet') seconds=257.8 test_accuracy=0.6623376623376623 AUC=0.7049319727891156 threshold=0.7728132009506226 change=0.012987012987012991
Completed=68 Failed=0 Reused=0
