Command: ["C:\\Users\\IHCK\\AppData\\Local\\Programs\\Python\\Python312\\python.exe", "-u", "C:\\Users\\IHCK\\Desktop\\1_10_69Final\\Hippocampal-Shape-Analysis-for-Epilepsy-Detection\\Model\\train_dataset_model.py", "--dataset", "augment_plsda_balanced", "--side", "left", "--model", "ResNet", "--kind", "coef", "--train-csv", "C:\\Users\\IHCK\\Desktop\\1_10_69Final\\Hippocampal-Shape-Analysis-for-Epilepsy-Detection\\Output_Dataset\\augment_plsda_balanced\\left\\train_prepared.csv", "--test-csv", "C:\\Users\\IHCK\\Desktop\\1_10_69Final\\Hippocampal-Shape-Analysis-for-Epilepsy-Detection\\Output_Dataset\\augment_plsda_balanced\\left\\test_prepared.csv", "--output-dir", "C:\\Users\\IHCK\\Desktop\\1_10_69Final\\Hippocampal-Shape-Analysis-for-Epilepsy-Detection\\Model_Results\\dataset_runs_20261004_earlystop_oof_threshold\\augment_plsda_balanced\\left\\ResNet", "--epochs", "100", "--folds", "10", "--pls-components", "8", "--seed", "42", "--threads", "2", "--tune-threshold", "--early-stopping", "--patience", "10", "--min-delta", "0.0001", "--stop-fraction", "0.2", "--mlp-max-epochs", "100"]
Inner early stopping: augment_plsda_balanced/left/ResNet; original Train=300 Test=73
Device=cuda; inner stopping people=54; max_epochs=100; patience=10
epoch=1/100 loss=0.079865 validation_loss=1.166039 best=True
epoch=2/100 loss=0.020573 validation_loss=1.330530 best=False
epoch=3/100 loss=0.010264 validation_loss=1.359562 best=False
epoch=4/100 loss=0.012059 validation_loss=3.188238 best=False
epoch=5/100 loss=0.007341 validation_loss=1.468810 best=False
epoch=6/100 loss=0.001699 validation_loss=1.655634 best=False
epoch=7/100 loss=0.001067 validation_loss=1.885602 best=False
epoch=8/100 loss=0.001854 validation_loss=3.337014 best=False
epoch=9/100 loss=0.007522 validation_loss=1.734838 best=False
epoch=10/100 loss=0.001318 validation_loss=1.632855 best=False
epoch=11/100 loss=0.016953 validation_loss=4.892441 best=False
fold=1/10 OOF_accuracy=0.666667 best_epoch=1
Device=cuda; inner stopping people=54; max_epochs=100; patience=10
epoch=1/100 loss=0.072230 validation_loss=1.162252 best=True
epoch=2/100 loss=0.010389 validation_loss=1.239075 best=False
epoch=3/100 loss=0.007136 validation_loss=1.397671 best=False
epoch=4/100 loss=0.020224 validation_loss=1.466458 best=False
epoch=5/100 loss=0.009842 validation_loss=1.479762 best=False
epoch=6/100 loss=0.002676 validation_loss=1.402474 best=False
epoch=7/100 loss=0.004931 validation_loss=1.581274 best=False
epoch=8/100 loss=0.013287 validation_loss=1.676142 best=False
epoch=9/100 loss=0.012222 validation_loss=1.528957 best=False
epoch=10/100 loss=0.001194 validation_loss=1.492727 best=False
epoch=11/100 loss=0.001553 validation_loss=1.560725 best=False
fold=2/10 OOF_accuracy=0.700000 best_epoch=1
Device=cuda; inner stopping people=54; max_epochs=100; patience=10
epoch=1/100 loss=0.104587 validation_loss=1.197718 best=True
epoch=2/100 loss=0.016443 validation_loss=1.561400 best=False
epoch=3/100 loss=0.015768 validation_loss=2.169124 best=False
epoch=4/100 loss=0.023581 validation_loss=1.564942 best=False
epoch=5/100 loss=0.021709 validation_loss=1.910935 best=False
epoch=6/100 loss=0.005675 validation_loss=1.851624 best=False
epoch=7/100 loss=0.007462 validation_loss=1.892778 best=False
epoch=8/100 loss=0.002907 validation_loss=1.928855 best=False
epoch=9/100 loss=0.008646 validation_loss=2.459265 best=False
epoch=10/100 loss=0.002395 validation_loss=2.444737 best=False
epoch=11/100 loss=0.003171 validation_loss=2.353510 best=False
fold=3/10 OOF_accuracy=0.666667 best_epoch=1
Device=cuda; inner stopping people=54; max_epochs=100; patience=10
epoch=1/100 loss=0.092535 validation_loss=1.234320 best=True
epoch=2/100 loss=0.012352 validation_loss=1.493984 best=False
epoch=3/100 loss=0.011809 validation_loss=1.570533 best=False
epoch=4/100 loss=0.008464 validation_loss=1.560304 best=False
epoch=5/100 loss=0.005861 validation_loss=1.732589 best=False
epoch=6/100 loss=0.001718 validation_loss=1.812230 best=False
epoch=7/100 loss=0.001494 validation_loss=1.878919 best=False
epoch=8/100 loss=0.002094 validation_loss=1.765807 best=False
epoch=9/100 loss=0.011092 validation_loss=2.031485 best=False
epoch=10/100 loss=0.012763 validation_loss=2.140488 best=False
epoch=11/100 loss=0.009949 validation_loss=2.391304 best=False
fold=4/10 OOF_accuracy=0.766667 best_epoch=1
Device=cuda; inner stopping people=54; max_epochs=100; patience=10
epoch=1/100 loss=0.082736 validation_loss=1.340046 best=True
epoch=2/100 loss=0.015788 validation_loss=1.829021 best=False
epoch=3/100 loss=0.008705 validation_loss=1.833232 best=False
epoch=4/100 loss=0.010153 validation_loss=1.521261 best=False
epoch=5/100 loss=0.010969 validation_loss=1.721792 best=False
epoch=6/100 loss=0.010463 validation_loss=2.101851 best=False
epoch=7/100 loss=0.009547 validation_loss=2.160695 best=False
epoch=8/100 loss=0.017886 validation_loss=2.347795 best=False
epoch=9/100 loss=0.009293 validation_loss=2.303223 best=False
epoch=10/100 loss=0.002604 validation_loss=2.215943 best=False
epoch=11/100 loss=0.006302 validation_loss=2.318597 best=False
fold=5/10 OOF_accuracy=0.766667 best_epoch=1
Device=cuda; inner stopping people=54; max_epochs=100; patience=10
epoch=1/100 loss=0.116648 validation_loss=1.173060 best=True
epoch=2/100 loss=0.021107 validation_loss=1.478523 best=False
epoch=3/100 loss=0.015903 validation_loss=1.661175 best=False
epoch=4/100 loss=0.011962 validation_loss=1.745641 best=False
epoch=5/100 loss=0.005243 validation_loss=1.906126 best=False
epoch=6/100 loss=0.003716 validation_loss=2.175300 best=False
epoch=7/100 loss=0.005958 validation_loss=1.963165 best=False
epoch=8/100 loss=0.026420 validation_loss=2.207366 best=False
epoch=9/100 loss=0.018134 validation_loss=1.956875 best=False
epoch=10/100 loss=0.003552 validation_loss=2.592149 best=False
epoch=11/100 loss=0.002503 validation_loss=2.620282 best=False
fold=6/10 OOF_accuracy=0.800000 best_epoch=1
Device=cuda; inner stopping people=54; max_epochs=100; patience=10
epoch=1/100 loss=0.088830 validation_loss=1.148679 best=True
epoch=2/100 loss=0.016666 validation_loss=1.287323 best=False
epoch=3/100 loss=0.021862 validation_loss=1.447420 best=False
epoch=4/100 loss=0.011422 validation_loss=1.354343 best=False
epoch=5/100 loss=0.002275 validation_loss=1.518161 best=False
epoch=6/100 loss=0.001181 validation_loss=1.601720 best=False
epoch=7/100 loss=0.000858 validation_loss=1.569339 best=False
epoch=8/100 loss=0.000803 validation_loss=1.572390 best=False
epoch=9/100 loss=0.002421 validation_loss=1.721796 best=False
epoch=10/100 loss=0.014903 validation_loss=1.932857 best=False
epoch=11/100 loss=0.022488 validation_loss=1.675671 best=False
fold=7/10 OOF_accuracy=0.833333 best_epoch=1
Device=cuda; inner stopping people=54; max_epochs=100; patience=10
epoch=1/100 loss=0.085175 validation_loss=0.854894 best=True
epoch=2/100 loss=0.018075 validation_loss=1.096428 best=False
epoch=3/100 loss=0.008597 validation_loss=1.175648 best=False
epoch=4/100 loss=0.010061 validation_loss=1.073659 best=False
epoch=5/100 loss=0.006099 validation_loss=1.275921 best=False
epoch=6/100 loss=0.004004 validation_loss=1.561152 best=False
epoch=7/100 loss=0.005117 validation_loss=1.697687 best=False
epoch=8/100 loss=0.004151 validation_loss=1.524839 best=False
epoch=9/100 loss=0.005967 validation_loss=1.635734 best=False
epoch=10/100 loss=0.001547 validation_loss=1.613953 best=False
epoch=11/100 loss=0.024651 validation_loss=1.727300 best=False
fold=8/10 OOF_accuracy=0.733333 best_epoch=1
Device=cuda; inner stopping people=54; max_epochs=100; patience=10
epoch=1/100 loss=0.098668 validation_loss=0.792029 best=True
epoch=2/100 loss=0.010555 validation_loss=0.861395 best=False
epoch=3/100 loss=0.023497 validation_loss=1.016519 best=False
epoch=4/100 loss=0.010047 validation_loss=1.060495 best=False
epoch=5/100 loss=0.006665 validation_loss=1.132135 best=False
epoch=6/100 loss=0.003452 validation_loss=1.063052 best=False
epoch=7/100 loss=0.008278 validation_loss=1.280818 best=False
epoch=8/100 loss=0.005339 validation_loss=1.273926 best=False
epoch=9/100 loss=0.009447 validation_loss=1.113923 best=False
epoch=10/100 loss=0.009829 validation_loss=1.306226 best=False
epoch=11/100 loss=0.007661 validation_loss=1.099263 best=False
fold=9/10 OOF_accuracy=0.666667 best_epoch=1
Device=cuda; inner stopping people=54; max_epochs=100; patience=10
epoch=1/100 loss=0.081906 validation_loss=1.297037 best=True
epoch=2/100 loss=0.011723 validation_loss=1.332456 best=False
epoch=3/100 loss=0.004765 validation_loss=1.716728 best=False
epoch=4/100 loss=0.001639 validation_loss=1.734793 best=False
epoch=5/100 loss=0.001422 validation_loss=1.746535 best=False
epoch=6/100 loss=0.000773 validation_loss=1.897748 best=False
epoch=7/100 loss=0.000549 validation_loss=1.907185 best=False
epoch=8/100 loss=0.000985 validation_loss=1.983379 best=False
epoch=9/100 loss=0.015118 validation_loss=1.754530 best=False
epoch=10/100 loss=0.006643 validation_loss=2.069419 best=False
epoch=11/100 loss=0.021346 validation_loss=2.197931 best=False
fold=10/10 OOF_accuracy=0.700000 best_epoch=1
Frozen OOF threshold=0.5696987509727478; final refit epochs=1
Device=cuda; epochs=1; batch=32; model=ResNet1D
epoch=1/1 loss=0.081170 seconds=0.28
{"cv_oof": {"accuracy": 0.73, "balanced_accuracy": 0.7039930555555556, "sensitivity": 0.6111111111111112, "specificity": 0.796875, "f1_macro": 0.7052079921388797, "roc_auc": 0.7492766203703703, "confusion_matrix": [[153, 39], [42, 66]], "classification_report": {"0": {"precision": 0.7846153846153846, "recall": 0.796875, "f1-score": 0.7906976744186046, "support": 192.0}, "1": {"precision": 0.6285714285714286, "recall": 0.6111111111111112, "f1-score": 0.6197183098591549, "support": 108.0}, "accuracy": 0.73, "macro avg": {"precision": 0.7065934065934065, "recall": 0.7039930555555556, "f1-score": 0.7052079921388797, "support": 300.0}, "weighted avg": {"precision": 0.7284395604395604, "recall": 0.73, "f1-score": 0.7291451031772027, "support": 300.0}}}, "test": {"accuracy": 0.7397260273972602, "balanced_accuracy": 0.7291325695581015, "sensitivity": 0.6923076923076923, "specificity": 0.7659574468085106, "f1_macro": 0.7228771228771229, "roc_auc": 0.8289689034369885, "confusion_matrix": [[36, 11], [8, 18]], "classification_report": {"0": {"precision": 0.8181818181818182, "recall": 0.7659574468085106, "f1-score": 0.7912087912087912, "support": 47.0}, "1": {"precision": 0.6206896551724138, "recall": 0.6923076923076923, "f1-score": 0.6545454545454545, "support": 26.0}, "accuracy": 0.7397260273972602, "macro avg": {"precision": 0.719435736677116, "recall": 0.7291325695581015, "f1-score": 0.7228771228771229, "support": 73.0}, "weighted avg": {"precision": 0.747842143685318, "recall": 0.7397260273972602, "f1-score": 0.7425341781506164, "support": 73.0}}}, "test_default": {"accuracy": 0.7397260273972602, "balanced_accuracy": 0.7291325695581015, "sensitivity": 0.6923076923076923, "specificity": 0.7659574468085106, "f1_macro": 0.7228771228771229, "roc_auc": 0.8289689034369885, "confusion_matrix": [[36, 11], [8, 18]], "classification_report": {"0": {"precision": 0.8181818181818182, "recall": 0.7659574468085106, "f1-score": 0.7912087912087912, "support": 47.0}, "1": {"precision": 0.6206896551724138, "recall": 0.6923076923076923, "f1-score": 0.6545454545454545, "support": 26.0}, "accuracy": 0.7397260273972602, "macro avg": {"precision": 0.719435736677116, "recall": 0.7291325695581015, "f1-score": 0.7228771228771229, "support": 73.0}, "weighted avg": {"precision": 0.747842143685318, "recall": 0.7397260273972602, "f1-score": 0.7425341781506164, "support": 73.0}}}, "oof_threshold_selection": {"accuracy": 0.7433333333333333, "balanced_accuracy": 0.7144097222222223, "sensitivity": 0.6111111111111112, "specificity": 0.8177083333333334, "f1_macro": 0.7173240005384305, "roc_auc": 0.7492766203703703, "confusion_matrix": [[157, 35], [42, 66]], "classification_report": {"0": {"precision": 0.7889447236180904, "recall": 0.8177083333333334, "f1-score": 0.80306905370844, "support": 192.0}, "1": {"precision": 0.6534653465346535, "recall": 0.6111111111111112, "f1-score": 0.631578947368421, "support": 108.0}, "accuracy": 0.7433333333333333, "macro avg": {"precision": 0.7212050350763719, "recall": 0.7144097222222223, "f1-score": 0.7173240005384305, "support": 300.0}, "weighted avg": {"precision": 0.7401721478680531, "recall": 0.7433333333333333, "f1-score": 0.7413326154260331, "support": 300.0}}}, "decision_threshold": 0.5696987509727478, "folds": 10, "original_train_rows": 300, "train_rows": 1920, "test_rows": 73, "final_epochs": 1, "elapsed_seconds": 30.26500000001397, "test_accuracy_change": 0.0}
