Command: ["C:\\Users\\IHCK\\AppData\\Local\\Programs\\Python\\Python312\\python.exe", "-u", "C:\\Users\\IHCK\\Desktop\\1_10_69Final\\Hippocampal-Shape-Analysis-for-Epilepsy-Detection\\Model\\train_dataset_model.py", "--dataset", "coef_raw_balanced_jitter", "--side", "left", "--model", "MLP", "--kind", "coef", "--train-csv", "C:\\Users\\IHCK\\Desktop\\1_10_69Final\\Hippocampal-Shape-Analysis-for-Epilepsy-Detection\\Output_Dataset\\coef_raw_balanced_jitter\\left\\train_prepared.csv", "--test-csv", "C:\\Users\\IHCK\\Desktop\\1_10_69Final\\Hippocampal-Shape-Analysis-for-Epilepsy-Detection\\Output_Dataset\\coef_raw_balanced_jitter\\left\\test_prepared.csv", "--output-dir", "C:\\Users\\IHCK\\Desktop\\1_10_69Final\\Hippocampal-Shape-Analysis-for-Epilepsy-Detection\\Model_Results\\dataset_runs_20261004_earlystop_oof_threshold\\coef_raw_balanced_jitter\\left\\MLP", "--epochs", "100", "--folds", "10", "--pls-components", "8", "--seed", "42", "--threads", "2", "--tune-threshold", "--early-stopping", "--patience", "10", "--min-delta", "0.0001", "--stop-fraction", "0.2", "--mlp-max-epochs", "100"]
Inner early stopping: coef_raw_balanced_jitter/left/MLP; original Train=300 Test=73
epoch=1/100 loss=0.723674 validation_loss=0.6482298881702351 best=True
epoch=2/100 loss=0.570034 validation_loss=0.6212130738663687 best=True
epoch=3/100 loss=0.454312 validation_loss=0.6059386342546892 best=True
epoch=4/100 loss=0.364757 validation_loss=0.6017947064900755 best=True
epoch=5/100 loss=0.295334 validation_loss=0.605918788540418 best=False
epoch=6/100 loss=0.240248 validation_loss=0.6146797937113072 best=False
epoch=7/100 loss=0.196148 validation_loss=0.6303053332367414 best=False
epoch=8/100 loss=0.160557 validation_loss=0.650647493008096 best=False
epoch=9/100 loss=0.132330 validation_loss=0.6765666617664796 best=False
epoch=10/100 loss=0.110195 validation_loss=0.7063892296979072 best=False
epoch=11/100 loss=0.092168 validation_loss=0.7368185330183624 best=False
epoch=12/100 loss=0.077842 validation_loss=0.767175936157574 best=False
epoch=13/100 loss=0.066108 validation_loss=0.7982907561452294 best=False
epoch=14/100 loss=0.056219 validation_loss=0.8287442090140915 best=False
fold=1/10 OOF_accuracy=0.766667 best_epoch=4
epoch=1/100 loss=0.686600 validation_loss=0.6234896157434549 best=True
epoch=2/100 loss=0.532662 validation_loss=0.5826489339171648 best=True
epoch=3/100 loss=0.414620 validation_loss=0.5596229378310338 best=True
epoch=4/100 loss=0.327851 validation_loss=0.5488321533089876 best=True
epoch=5/100 loss=0.263693 validation_loss=0.5463426214417135 best=True
epoch=6/100 loss=0.214207 validation_loss=0.5507408039718449 best=False
epoch=7/100 loss=0.174995 validation_loss=0.5621453034431185 best=False
epoch=8/100 loss=0.143491 validation_loss=0.5761245402145097 best=False
epoch=9/100 loss=0.118496 validation_loss=0.5921260084140615 best=False
epoch=10/100 loss=0.098286 validation_loss=0.6122406242972329 best=False
epoch=11/100 loss=0.081004 validation_loss=0.6351944583464386 best=False
epoch=12/100 loss=0.067249 validation_loss=0.6597081886319042 best=False
epoch=13/100 loss=0.055972 validation_loss=0.6852134981185735 best=False
epoch=14/100 loss=0.046676 validation_loss=0.7118544584538964 best=False
epoch=15/100 loss=0.039099 validation_loss=0.7379577984351222 best=False
fold=2/10 OOF_accuracy=0.800000 best_epoch=5
epoch=1/100 loss=0.680977 validation_loss=0.5886300895699375 best=True
epoch=2/100 loss=0.515756 validation_loss=0.5517133394944626 best=True
epoch=3/100 loss=0.394990 validation_loss=0.5252656689700684 best=True
epoch=4/100 loss=0.306446 validation_loss=0.512376106083815 best=True
epoch=5/100 loss=0.243857 validation_loss=0.5125417868560223 best=False
epoch=6/100 loss=0.198157 validation_loss=0.5228141016921469 best=False
epoch=7/100 loss=0.163668 validation_loss=0.5423265583345257 best=False
epoch=8/100 loss=0.137175 validation_loss=0.5682514370770022 best=False
epoch=9/100 loss=0.116823 validation_loss=0.5993566070530453 best=False
epoch=10/100 loss=0.100107 validation_loss=0.6345574493078142 best=False
epoch=11/100 loss=0.087110 validation_loss=0.6718261579661479 best=False
epoch=12/100 loss=0.075530 validation_loss=0.7097651861347022 best=False
epoch=13/100 loss=0.066657 validation_loss=0.748510396274679 best=False
epoch=14/100 loss=0.058964 validation_loss=0.787804178556861 best=False
fold=3/10 OOF_accuracy=0.700000 best_epoch=4
epoch=1/100 loss=0.701331 validation_loss=0.6481234927834773 best=True
epoch=2/100 loss=0.558944 validation_loss=0.6277506292432048 best=True
epoch=3/100 loss=0.448364 validation_loss=0.6087319975215716 best=True
epoch=4/100 loss=0.362669 validation_loss=0.5958141694447912 best=True
epoch=5/100 loss=0.295981 validation_loss=0.5907014826083216 best=True
epoch=6/100 loss=0.243059 validation_loss=0.5933466074472561 best=False
epoch=7/100 loss=0.200812 validation_loss=0.6027924712615396 best=False
epoch=8/100 loss=0.165864 validation_loss=0.6181968597110467 best=False
epoch=9/100 loss=0.137651 validation_loss=0.6363264755667201 best=False
epoch=10/100 loss=0.114527 validation_loss=0.6566693972482649 best=False
epoch=11/100 loss=0.095178 validation_loss=0.6789560659744599 best=False
epoch=12/100 loss=0.079691 validation_loss=0.7021910974176415 best=False
epoch=13/100 loss=0.066933 validation_loss=0.7271007014470169 best=False
epoch=14/100 loss=0.056499 validation_loss=0.7527442987812741 best=False
epoch=15/100 loss=0.048225 validation_loss=0.7799805700579512 best=False
fold=4/10 OOF_accuracy=0.766667 best_epoch=5
epoch=1/100 loss=0.704267 validation_loss=0.6429415492098082 best=True
epoch=2/100 loss=0.557962 validation_loss=0.6135875730768946 best=True
epoch=3/100 loss=0.445396 validation_loss=0.5971468722931067 best=True
epoch=4/100 loss=0.356351 validation_loss=0.592847028521542 best=True
epoch=5/100 loss=0.286208 validation_loss=0.5973742384202403 best=False
epoch=6/100 loss=0.230955 validation_loss=0.6104549308606912 best=False
epoch=7/100 loss=0.185937 validation_loss=0.6322737575703207 best=False
epoch=8/100 loss=0.150432 validation_loss=0.6597350788642141 best=False
epoch=9/100 loss=0.122053 validation_loss=0.6933457009786305 best=False
epoch=10/100 loss=0.099415 validation_loss=0.7303594962079507 best=False
epoch=11/100 loss=0.081483 validation_loss=0.770258215783132 best=False
epoch=12/100 loss=0.067459 validation_loss=0.8108349129302743 best=False
epoch=13/100 loss=0.055903 validation_loss=0.851709034938051 best=False
epoch=14/100 loss=0.046750 validation_loss=0.8927308932255843 best=False
fold=5/10 OOF_accuracy=0.666667 best_epoch=4
epoch=1/100 loss=0.696864 validation_loss=0.6484744739784879 best=True
epoch=2/100 loss=0.553466 validation_loss=0.6087510194707515 best=True
epoch=3/100 loss=0.445734 validation_loss=0.5760651910956167 best=True
epoch=4/100 loss=0.359959 validation_loss=0.5507200298493652 best=True
epoch=5/100 loss=0.294070 validation_loss=0.5335224520732896 best=True
epoch=6/100 loss=0.240014 validation_loss=0.5225961070272862 best=True
epoch=7/100 loss=0.197016 validation_loss=0.51954717374777 best=True
epoch=8/100 loss=0.162454 validation_loss=0.5228253862437343 best=False
epoch=9/100 loss=0.133954 validation_loss=0.5319677746799907 best=False
epoch=10/100 loss=0.112006 validation_loss=0.5475230193171512 best=False
epoch=11/100 loss=0.093875 validation_loss=0.5662346087903904 best=False
epoch=12/100 loss=0.078807 validation_loss=0.5885539590562229 best=False
epoch=13/100 loss=0.066535 validation_loss=0.6153330264419333 best=False
epoch=14/100 loss=0.057109 validation_loss=0.6443464348536457 best=False
epoch=15/100 loss=0.049045 validation_loss=0.6749550305710239 best=False
epoch=16/100 loss=0.042853 validation_loss=0.7064802190225747 best=False
epoch=17/100 loss=0.037066 validation_loss=0.7384937940835926 best=False
fold=6/10 OOF_accuracy=0.833333 best_epoch=7
epoch=1/100 loss=0.730191 validation_loss=0.6680754084296735 best=True
epoch=2/100 loss=0.584265 validation_loss=0.633389559728037 best=True
epoch=3/100 loss=0.470520 validation_loss=0.6057406180052018 best=True
epoch=4/100 loss=0.385966 validation_loss=0.5890215026460563 best=True
epoch=5/100 loss=0.318468 validation_loss=0.5832282618940653 best=True
epoch=6/100 loss=0.262562 validation_loss=0.5869814356064991 best=False
epoch=7/100 loss=0.216923 validation_loss=0.5973648817683539 best=False
epoch=8/100 loss=0.179196 validation_loss=0.613730199062937 best=False
epoch=9/100 loss=0.147207 validation_loss=0.6350124800297715 best=False
epoch=10/100 loss=0.121205 validation_loss=0.6605769967279137 best=False
epoch=11/100 loss=0.100878 validation_loss=0.6887858359283542 best=False
epoch=12/100 loss=0.083498 validation_loss=0.7193267513835145 best=False
epoch=13/100 loss=0.069387 validation_loss=0.7517260477083552 best=False
epoch=14/100 loss=0.058532 validation_loss=0.7845825967709372 best=False
epoch=15/100 loss=0.049537 validation_loss=0.8178391728041028 best=False
fold=7/10 OOF_accuracy=0.833333 best_epoch=5
epoch=1/100 loss=0.728697 validation_loss=0.695479714312731 best=True
epoch=2/100 loss=0.574150 validation_loss=0.6511568134507281 best=True
epoch=3/100 loss=0.459004 validation_loss=0.6051915486725782 best=True
epoch=4/100 loss=0.372047 validation_loss=0.5668664231715519 best=True
epoch=5/100 loss=0.305117 validation_loss=0.5367910259880233 best=True
epoch=6/100 loss=0.249417 validation_loss=0.5161387140181207 best=True
epoch=7/100 loss=0.204871 validation_loss=0.5053563267469848 best=True
epoch=8/100 loss=0.168139 validation_loss=0.5028615302903496 best=True
epoch=9/100 loss=0.139285 validation_loss=0.5082046570012095 best=False
epoch=10/100 loss=0.115470 validation_loss=0.5193546278737216 best=False
epoch=11/100 loss=0.096229 validation_loss=0.5363285962451612 best=False
epoch=12/100 loss=0.080260 validation_loss=0.5576692141588123 best=False
epoch=13/100 loss=0.066951 validation_loss=0.5828042539975195 best=False
epoch=14/100 loss=0.055998 validation_loss=0.6102993802192799 best=False
epoch=15/100 loss=0.047361 validation_loss=0.6390257003681257 best=False
epoch=16/100 loss=0.039482 validation_loss=0.6678787698844729 best=False
epoch=17/100 loss=0.033978 validation_loss=0.69784828550615 best=False
epoch=18/100 loss=0.028912 validation_loss=0.7274043332839348 best=False
fold=8/10 OOF_accuracy=0.733333 best_epoch=8
epoch=1/100 loss=0.698375 validation_loss=0.6264637049151701 best=True
epoch=2/100 loss=0.557992 validation_loss=0.5617855256581472 best=True
epoch=3/100 loss=0.449972 validation_loss=0.5127609857816463 best=True
epoch=4/100 loss=0.367482 validation_loss=0.4774418208747744 best=True
epoch=5/100 loss=0.304552 validation_loss=0.45320825222104655 best=True
epoch=6/100 loss=0.254727 validation_loss=0.43989257208848837 best=True
epoch=7/100 loss=0.214264 validation_loss=0.4343047376465008 best=True
epoch=8/100 loss=0.181825 validation_loss=0.43408021741075975 best=True
epoch=9/100 loss=0.154093 validation_loss=0.4385668594191166 best=False
epoch=10/100 loss=0.132441 validation_loss=0.4473082450674735 best=False
epoch=11/100 loss=0.113747 validation_loss=0.45778229466302806 best=False
epoch=12/100 loss=0.097824 validation_loss=0.4704950614212291 best=False
epoch=13/100 loss=0.085028 validation_loss=0.4853633894331488 best=False
epoch=14/100 loss=0.073840 validation_loss=0.5012077615713852 best=False
epoch=15/100 loss=0.064457 validation_loss=0.5185581136687756 best=False
epoch=16/100 loss=0.057147 validation_loss=0.5379121939066228 best=False
epoch=17/100 loss=0.049987 validation_loss=0.5576991732887614 best=False
epoch=18/100 loss=0.044929 validation_loss=0.5773587569469241 best=False
fold=9/10 OOF_accuracy=0.800000 best_epoch=8
epoch=1/100 loss=0.656197 validation_loss=0.63361283785108 best=True
epoch=2/100 loss=0.530982 validation_loss=0.6100890554144953 best=True
epoch=3/100 loss=0.433832 validation_loss=0.5920639217355599 best=True
epoch=4/100 loss=0.356159 validation_loss=0.5849629238082836 best=True
epoch=5/100 loss=0.291974 validation_loss=0.5875024691490969 best=False
epoch=6/100 loss=0.237783 validation_loss=0.6003210281777618 best=False
epoch=7/100 loss=0.193120 validation_loss=0.6216579293638718 best=False
epoch=8/100 loss=0.157382 validation_loss=0.6475445254418569 best=False
epoch=9/100 loss=0.128569 validation_loss=0.6795771495590393 best=False
epoch=10/100 loss=0.105121 validation_loss=0.7172525012662215 best=False
epoch=11/100 loss=0.086986 validation_loss=0.7591803788106153 best=False
epoch=12/100 loss=0.072251 validation_loss=0.8027680999335879 best=False
epoch=13/100 loss=0.060222 validation_loss=0.8474876085124278 best=False
epoch=14/100 loss=0.050378 validation_loss=0.8924431212981229 best=False
fold=10/10 OOF_accuracy=0.766667 best_epoch=4
Frozen OOF threshold=0.51434391736984253; final refit epochs=5
epoch=1/5 loss=0.657232 validation_loss=None best=False
epoch=2/5 loss=0.522811 validation_loss=None best=False
epoch=3/5 loss=0.420851 validation_loss=None best=False
epoch=4/5 loss=0.342904 validation_loss=None best=False
epoch=5/5 loss=0.282959 validation_loss=None best=False
{"cv_oof": {"accuracy": 0.7666666666666667, "balanced_accuracy": 0.7447916666666666, "sensitivity": 0.6666666666666666, "specificity": 0.8229166666666666, "f1_macro": 0.7457750230013074, "roc_auc": 0.7914737654320988, "confusion_matrix": [[158, 34], [36, 72]], "classification_report": {"0": {"precision": 0.8144329896907216, "recall": 0.8229166666666666, "f1-score": 0.8186528497409327, "support": 192.0}, "1": {"precision": 0.6792452830188679, "recall": 0.6666666666666666, "f1-score": 0.6728971962616822, "support": 108.0}, "accuracy": 0.7666666666666667, "macro avg": {"precision": 0.7468391363547948, "recall": 0.7447916666666666, "f1-score": 0.7457750230013074, "support": 300.0}, "weighted avg": {"precision": 0.7657654152888543, "recall": 0.7666666666666667, "f1-score": 0.7661808144884024, "support": 300.0}}}, "test": {"accuracy": 0.7945205479452054, "balanced_accuracy": 0.7888707037643208, "sensitivity": 0.7692307692307693, "specificity": 0.8085106382978723, "f1_macro": 0.7812187812187812, "roc_auc": 0.8486088379705401, "confusion_matrix": [[38, 9], [6, 20]], "classification_report": {"0": {"precision": 0.8636363636363636, "recall": 0.8085106382978723, "f1-score": 0.8351648351648352, "support": 47.0}, "1": {"precision": 0.6896551724137931, "recall": 0.7692307692307693, "f1-score": 0.7272727272727273, "support": 26.0}, "accuracy": 0.7945205479452054, "macro avg": {"precision": 0.7766457680250785, "recall": 0.7888707037643208, "f1-score": 0.7812187812187812, "support": 73.0}, "weighted avg": {"precision": 0.8016704599132564, "recall": 0.7945205479452054, "f1-score": 0.7967375090662762, "support": 73.0}}}, "test_default": {"accuracy": 0.7945205479452054, "balanced_accuracy": 0.7888707037643208, "sensitivity": 0.7692307692307693, "specificity": 0.8085106382978723, "f1_macro": 0.7812187812187812, "roc_auc": 0.8486088379705401, "confusion_matrix": [[38, 9], [6, 20]], "classification_report": {"0": {"precision": 0.8636363636363636, "recall": 0.8085106382978723, "f1-score": 0.8351648351648352, "support": 47.0}, "1": {"precision": 0.6896551724137931, "recall": 0.7692307692307693, "f1-score": 0.7272727272727273, "support": 26.0}, "accuracy": 0.7945205479452054, "macro avg": {"precision": 0.7766457680250785, "recall": 0.7888707037643208, "f1-score": 0.7812187812187812, "support": 73.0}, "weighted avg": {"precision": 0.8016704599132564, "recall": 0.7945205479452054, "f1-score": 0.7967375090662762, "support": 73.0}}}, "oof_threshold_selection": {"accuracy": 0.7733333333333333, "balanced_accuracy": 0.747974537037037, "sensitivity": 0.6574074074074074, "specificity": 0.8385416666666666, "f1_macro": 0.7509157509157509, "roc_auc": 0.7914737654320988, "confusion_matrix": [[161, 31], [37, 71]], "classification_report": {"0": {"precision": 0.8131313131313131, "recall": 0.8385416666666666, "f1-score": 0.8256410256410256, "support": 192.0}, "1": {"precision": 0.696078431372549, "recall": 0.6574074074074074, "f1-score": 0.6761904761904762, "support": 108.0}, "accuracy": 0.7733333333333333, "macro avg": {"precision": 0.7546048722519311, "recall": 0.747974537037037, "f1-score": 0.7509157509157509, "support": 300.0}, "weighted avg": {"precision": 0.7709922756981581, "recall": 0.7733333333333333, "f1-score": 0.7718388278388278, "support": 300.0}}}, "decision_threshold": 0.5143439173698425, "folds": 10, "original_train_rows": 300, "train_rows": 384, "test_rows": 73, "final_epochs": 5, "elapsed_seconds": 1.8910000000614673, "test_accuracy_change": 0.0}
