Command: ["C:\\Users\\IHCK\\AppData\\Local\\Programs\\Python\\Python312\\python.exe", "-u", "C:\\Users\\IHCK\\Desktop\\1_10_69Final\\Hippocampal-Shape-Analysis-for-Epilepsy-Detection\\Model\\train_dataset_model.py", "--dataset", "coef_plsda", "--side", "left", "--model", "MLP", "--kind", "coef", "--train-csv", "C:\\Users\\IHCK\\Desktop\\1_10_69Final\\Hippocampal-Shape-Analysis-for-Epilepsy-Detection\\Output_Dataset\\coef_plsda\\left\\train_prepared.csv", "--test-csv", "C:\\Users\\IHCK\\Desktop\\1_10_69Final\\Hippocampal-Shape-Analysis-for-Epilepsy-Detection\\Output_Dataset\\coef_plsda\\left\\test_prepared.csv", "--output-dir", "C:\\Users\\IHCK\\Desktop\\1_10_69Final\\Hippocampal-Shape-Analysis-for-Epilepsy-Detection\\Model_Results\\dataset_runs_20261004_earlystop_oof_threshold\\coef_plsda\\left\\MLP", "--epochs", "100", "--folds", "10", "--pls-components", "8", "--seed", "42", "--threads", "2", "--tune-threshold", "--early-stopping", "--patience", "10", "--min-delta", "0.0001", "--stop-fraction", "0.2", "--mlp-max-epochs", "100"]
Inner early stopping: coef_plsda/left/MLP; original Train=300 Test=73
epoch=1/100 loss=0.703716 validation_loss=0.6896470712124014 best=True
epoch=2/100 loss=0.549743 validation_loss=0.6596459632745003 best=True
epoch=3/100 loss=0.432046 validation_loss=0.6377708216484218 best=True
epoch=4/100 loss=0.341135 validation_loss=0.6258348741955638 best=True
epoch=5/100 loss=0.270629 validation_loss=0.6225418517404729 best=True
epoch=6/100 loss=0.214448 validation_loss=0.6269378207137785 best=False
epoch=7/100 loss=0.170544 validation_loss=0.640506373015594 best=False
epoch=8/100 loss=0.136249 validation_loss=0.6614535765313863 best=False
epoch=9/100 loss=0.109203 validation_loss=0.6863994969545375 best=False
epoch=10/100 loss=0.089015 validation_loss=0.7156219656174813 best=False
epoch=11/100 loss=0.072527 validation_loss=0.7470920053423603 best=False
epoch=12/100 loss=0.059247 validation_loss=0.7794030952500203 best=False
epoch=13/100 loss=0.049293 validation_loss=0.813079277338648 best=False
epoch=14/100 loss=0.041338 validation_loss=0.8477949013373562 best=False
epoch=15/100 loss=0.034701 validation_loss=0.8815786792093404 best=False
fold=1/10 OOF_accuracy=0.700000 best_epoch=5
epoch=1/100 loss=0.708258 validation_loss=0.687172572973355 best=True
epoch=2/100 loss=0.564510 validation_loss=0.6478827409590927 best=True
epoch=3/100 loss=0.450798 validation_loss=0.6223725371907683 best=True
epoch=4/100 loss=0.364289 validation_loss=0.6100921456050173 best=True
epoch=5/100 loss=0.296182 validation_loss=0.610383674613026 best=False
epoch=6/100 loss=0.239407 validation_loss=0.6168812229359724 best=False
epoch=7/100 loss=0.194505 validation_loss=0.6311993486477445 best=False
epoch=8/100 loss=0.157529 validation_loss=0.6503875024351288 best=False
epoch=9/100 loss=0.128360 validation_loss=0.6734249443124389 best=False
epoch=10/100 loss=0.104907 validation_loss=0.6991731259534192 best=False
epoch=11/100 loss=0.085766 validation_loss=0.7275384096951751 best=False
epoch=12/100 loss=0.070541 validation_loss=0.7585211620542492 best=False
epoch=13/100 loss=0.058153 validation_loss=0.7903924915638563 best=False
epoch=14/100 loss=0.048400 validation_loss=0.8225885380161451 best=False
fold=2/10 OOF_accuracy=0.800000 best_epoch=4
epoch=1/100 loss=0.687718 validation_loss=0.639404226262758 best=True
epoch=2/100 loss=0.549088 validation_loss=0.5985775340911756 best=True
epoch=3/100 loss=0.444889 validation_loss=0.5669265050455926 best=True
epoch=4/100 loss=0.364763 validation_loss=0.5453378012260777 best=True
epoch=5/100 loss=0.300923 validation_loss=0.5318186517032722 best=True
epoch=6/100 loss=0.248999 validation_loss=0.5242337169407609 best=True
epoch=7/100 loss=0.206587 validation_loss=0.5240223921997529 best=True
epoch=8/100 loss=0.170999 validation_loss=0.5312658265689331 best=False
epoch=9/100 loss=0.142219 validation_loss=0.5462875303403487 best=False
epoch=10/100 loss=0.118119 validation_loss=0.5686596405601939 best=False
epoch=11/100 loss=0.097584 validation_loss=0.5962976882560862 best=False
epoch=12/100 loss=0.080627 validation_loss=0.628379356417686 best=False
epoch=13/100 loss=0.067289 validation_loss=0.6650698329373647 best=False
epoch=14/100 loss=0.055718 validation_loss=0.7049845679638039 best=False
epoch=15/100 loss=0.047065 validation_loss=0.7477373116561687 best=False
epoch=16/100 loss=0.039492 validation_loss=0.7914531411628346 best=False
epoch=17/100 loss=0.033492 validation_loss=0.8356182005874061 best=False
fold=3/10 OOF_accuracy=0.833333 best_epoch=7
epoch=1/100 loss=0.655679 validation_loss=0.67651985254842 best=True
epoch=2/100 loss=0.507135 validation_loss=0.6716181512646539 best=True
epoch=3/100 loss=0.402083 validation_loss=0.6670050317266181 best=True
epoch=4/100 loss=0.322533 validation_loss=0.6605334654897655 best=True
epoch=5/100 loss=0.261333 validation_loss=0.6539228469454704 best=True
epoch=6/100 loss=0.209021 validation_loss=0.6507779345944806 best=True
epoch=7/100 loss=0.167746 validation_loss=0.655945215254372 best=False
epoch=8/100 loss=0.134191 validation_loss=0.6661352020706381 best=False
epoch=9/100 loss=0.107899 validation_loss=0.681123832672091 best=False
epoch=10/100 loss=0.087813 validation_loss=0.701035477720483 best=False
epoch=11/100 loss=0.071884 validation_loss=0.7258676474487475 best=False
epoch=12/100 loss=0.058700 validation_loss=0.7544712678401497 best=False
epoch=13/100 loss=0.048607 validation_loss=0.7853187326856669 best=False
epoch=14/100 loss=0.040600 validation_loss=0.817063650795994 best=False
epoch=15/100 loss=0.034291 validation_loss=0.8496179993667542 best=False
epoch=16/100 loss=0.028986 validation_loss=0.8817154545326006 best=False
fold=4/10 OOF_accuracy=0.633333 best_epoch=6
epoch=1/100 loss=0.664548 validation_loss=0.6677563303194077 best=True
epoch=2/100 loss=0.524272 validation_loss=0.6412246723469962 best=True
epoch=3/100 loss=0.420638 validation_loss=0.6249230664425698 best=True
epoch=4/100 loss=0.339043 validation_loss=0.6192795216714285 best=True
epoch=5/100 loss=0.276287 validation_loss=0.6243894371328262 best=False
epoch=6/100 loss=0.225237 validation_loss=0.6377103878026743 best=False
epoch=7/100 loss=0.183602 validation_loss=0.660608117589481 best=False
epoch=8/100 loss=0.150146 validation_loss=0.690380913238921 best=False
epoch=9/100 loss=0.123822 validation_loss=0.7274446948269377 best=False
epoch=10/100 loss=0.102558 validation_loss=0.769027263456365 best=False
epoch=11/100 loss=0.085749 validation_loss=0.8123689541579723 best=False
epoch=12/100 loss=0.072402 validation_loss=0.8578349883891574 best=False
epoch=13/100 loss=0.061226 validation_loss=0.9051739888556414 best=False
epoch=14/100 loss=0.051918 validation_loss=0.9536962631255781 best=False
fold=5/10 OOF_accuracy=0.666667 best_epoch=4
epoch=1/100 loss=0.772157 validation_loss=0.6652062932736653 best=True
epoch=2/100 loss=0.614313 validation_loss=0.622414122820178 best=True
epoch=3/100 loss=0.490342 validation_loss=0.5958021443322339 best=True
epoch=4/100 loss=0.390287 validation_loss=0.5823598577394533 best=True
epoch=5/100 loss=0.312359 validation_loss=0.5796647903998354 best=True
epoch=6/100 loss=0.248922 validation_loss=0.5858898676642447 best=False
epoch=7/100 loss=0.198379 validation_loss=0.6001308023778921 best=False
epoch=8/100 loss=0.157991 validation_loss=0.6214535602479285 best=False
epoch=9/100 loss=0.125377 validation_loss=0.6481197347333235 best=False
epoch=10/100 loss=0.101068 validation_loss=0.6796880968696177 best=False
epoch=11/100 loss=0.081680 validation_loss=0.7147037863267099 best=False
epoch=12/100 loss=0.066835 validation_loss=0.7516310098487096 best=False
epoch=13/100 loss=0.055411 validation_loss=0.7902081702435185 best=False
epoch=14/100 loss=0.046467 validation_loss=0.8297572625148099 best=False
epoch=15/100 loss=0.039293 validation_loss=0.8691993415435362 best=False
fold=6/10 OOF_accuracy=0.833333 best_epoch=5
epoch=1/100 loss=0.727274 validation_loss=0.6772114567571513 best=True
epoch=2/100 loss=0.569623 validation_loss=0.6371359577317895 best=True
epoch=3/100 loss=0.446715 validation_loss=0.6121065905110233 best=True
epoch=4/100 loss=0.355086 validation_loss=0.6011321995241266 best=True
epoch=5/100 loss=0.285760 validation_loss=0.5994700486968498 best=True
epoch=6/100 loss=0.231103 validation_loss=0.6061879550379691 best=False
epoch=7/100 loss=0.189852 validation_loss=0.6165108629199827 best=False
epoch=8/100 loss=0.156284 validation_loss=0.6328302525004831 best=False
epoch=9/100 loss=0.127924 validation_loss=0.6536315573399121 best=False
epoch=10/100 loss=0.106187 validation_loss=0.674781334340999 best=False
epoch=11/100 loss=0.088808 validation_loss=0.6977396451838279 best=False
epoch=12/100 loss=0.074592 validation_loss=0.7239865220685995 best=False
epoch=13/100 loss=0.062447 validation_loss=0.75287583601953 best=False
epoch=14/100 loss=0.053033 validation_loss=0.782969660354753 best=False
epoch=15/100 loss=0.045409 validation_loss=0.8132461797389086 best=False
fold=7/10 OOF_accuracy=0.866667 best_epoch=5
epoch=1/100 loss=0.675717 validation_loss=0.6887438367034621 best=True
epoch=2/100 loss=0.532312 validation_loss=0.6342968596389532 best=True
epoch=3/100 loss=0.424508 validation_loss=0.5875010265042021 best=True
epoch=4/100 loss=0.340628 validation_loss=0.5541056535056923 best=True
epoch=5/100 loss=0.274669 validation_loss=0.5330178757345396 best=True
epoch=6/100 loss=0.221542 validation_loss=0.5243963622021427 best=True
epoch=7/100 loss=0.180173 validation_loss=0.5263734531715211 best=False
epoch=8/100 loss=0.146451 validation_loss=0.5366966232557511 best=False
epoch=9/100 loss=0.120807 validation_loss=0.5517807585327682 best=False
epoch=10/100 loss=0.100585 validation_loss=0.5699596623399245 best=False
epoch=11/100 loss=0.084098 validation_loss=0.591415983628072 best=False
epoch=12/100 loss=0.070771 validation_loss=0.6150922518214152 best=False
epoch=13/100 loss=0.059979 validation_loss=0.639576820635938 best=False
epoch=14/100 loss=0.051031 validation_loss=0.6649084221094602 best=False
epoch=15/100 loss=0.043726 validation_loss=0.691147068295419 best=False
epoch=16/100 loss=0.037478 validation_loss=0.717772590773088 best=False
fold=8/10 OOF_accuracy=0.800000 best_epoch=6
epoch=1/100 loss=0.695250 validation_loss=0.6850048798928555 best=True
epoch=2/100 loss=0.558699 validation_loss=0.6184260456414103 best=True
epoch=3/100 loss=0.456391 validation_loss=0.5653408995587869 best=True
epoch=4/100 loss=0.377075 validation_loss=0.5233552515101408 best=True
epoch=5/100 loss=0.315236 validation_loss=0.4881256413319491 best=True
epoch=6/100 loss=0.263833 validation_loss=0.4603946387492861 best=True
epoch=7/100 loss=0.220598 validation_loss=0.44060062300232655 best=True
epoch=8/100 loss=0.186002 validation_loss=0.4266192717122585 best=True
epoch=9/100 loss=0.156099 validation_loss=0.41937749000230035 best=True
epoch=10/100 loss=0.132849 validation_loss=0.4177698350635944 best=True
epoch=11/100 loss=0.112582 validation_loss=0.4203150426502027 best=False
epoch=12/100 loss=0.095843 validation_loss=0.42572549022106465 best=False
epoch=13/100 loss=0.081753 validation_loss=0.4340944582328701 best=False
epoch=14/100 loss=0.070125 validation_loss=0.4450344309513297 best=False
epoch=15/100 loss=0.059883 validation_loss=0.458481076808453 best=False
epoch=16/100 loss=0.051999 validation_loss=0.47412208851441545 best=False
epoch=17/100 loss=0.044756 validation_loss=0.4911466716528924 best=False
epoch=18/100 loss=0.039112 validation_loss=0.5099806751741247 best=False
epoch=19/100 loss=0.034286 validation_loss=0.5293131650611559 best=False
epoch=20/100 loss=0.029935 validation_loss=0.5490443350534154 best=False
fold=9/10 OOF_accuracy=0.800000 best_epoch=10
epoch=1/100 loss=0.699916 validation_loss=0.6942835232175467 best=True
epoch=2/100 loss=0.549774 validation_loss=0.6647591149316681 best=True
epoch=3/100 loss=0.436407 validation_loss=0.6456732345805783 best=True
epoch=4/100 loss=0.351045 validation_loss=0.6365720878648127 best=True
epoch=5/100 loss=0.284808 validation_loss=0.6369819395056294 best=False
epoch=6/100 loss=0.232732 validation_loss=0.6433341740134644 best=False
epoch=7/100 loss=0.191736 validation_loss=0.6554810929048897 best=False
epoch=8/100 loss=0.157843 validation_loss=0.6740510192022611 best=False
epoch=9/100 loss=0.130305 validation_loss=0.6973253791779271 best=False
epoch=10/100 loss=0.108496 validation_loss=0.7238710095902823 best=False
epoch=11/100 loss=0.090369 validation_loss=0.7541521840328012 best=False
epoch=12/100 loss=0.074732 validation_loss=0.7861740533719414 best=False
epoch=13/100 loss=0.062544 validation_loss=0.8187463737362187 best=False
epoch=14/100 loss=0.051842 validation_loss=0.8521776487717282 best=False
fold=10/10 OOF_accuracy=0.666667 best_epoch=4
Frozen OOF threshold=0.5; final refit epochs=5
epoch=1/5 loss=0.663416 validation_loss=None best=False
epoch=2/5 loss=0.530793 validation_loss=None best=False
epoch=3/5 loss=0.439948 validation_loss=None best=False
epoch=4/5 loss=0.369716 validation_loss=None best=False
epoch=5/5 loss=0.312135 validation_loss=None best=False
{"cv_oof": {"accuracy": 0.76, "balanced_accuracy": 0.7456597222222222, "sensitivity": 0.6944444444444444, "specificity": 0.796875, "f1_macro": 0.7425997425997426, "roc_auc": 0.7787905092592593, "confusion_matrix": [[153, 39], [33, 75]], "classification_report": {"0": {"precision": 0.8225806451612904, "recall": 0.796875, "f1-score": 0.8095238095238095, "support": 192.0}, "1": {"precision": 0.6578947368421053, "recall": 0.6944444444444444, "f1-score": 0.6756756756756757, "support": 108.0}, "accuracy": 0.76, "macro avg": {"precision": 0.7402376910016979, "recall": 0.7456597222222222, "f1-score": 0.7425997425997426, "support": 300.0}, "weighted avg": {"precision": 0.7632937181663837, "recall": 0.76, "f1-score": 0.7613384813384814, "support": 300.0}}}, "test": {"accuracy": 0.7945205479452054, "balanced_accuracy": 0.7802782324058919, "sensitivity": 0.7307692307692307, "specificity": 0.8297872340425532, "f1_macro": 0.7778454047474133, "roc_auc": 0.8527004909983634, "confusion_matrix": [[39, 8], [7, 19]], "classification_report": {"0": {"precision": 0.8478260869565217, "recall": 0.8297872340425532, "f1-score": 0.8387096774193549, "support": 47.0}, "1": {"precision": 0.7037037037037037, "recall": 0.7307692307692307, "f1-score": 0.7169811320754716, "support": 26.0}, "accuracy": 0.7945205479452054, "macro avg": {"precision": 0.7757648953301127, "recall": 0.7802782324058919, "f1-score": 0.7778454047474133, "support": 73.0}, "weighted avg": {"precision": 0.7964948271678468, "recall": 0.7945205479452054, "f1-score": 0.7953543051050951, "support": 73.0}}}, "test_default": {"accuracy": 0.7945205479452054, "balanced_accuracy": 0.7802782324058919, "sensitivity": 0.7307692307692307, "specificity": 0.8297872340425532, "f1_macro": 0.7778454047474133, "roc_auc": 0.8527004909983634, "confusion_matrix": [[39, 8], [7, 19]], "classification_report": {"0": {"precision": 0.8478260869565217, "recall": 0.8297872340425532, "f1-score": 0.8387096774193549, "support": 47.0}, "1": {"precision": 0.7037037037037037, "recall": 0.7307692307692307, "f1-score": 0.7169811320754716, "support": 26.0}, "accuracy": 0.7945205479452054, "macro avg": {"precision": 0.7757648953301127, "recall": 0.7802782324058919, "f1-score": 0.7778454047474133, "support": 73.0}, "weighted avg": {"precision": 0.7964948271678468, "recall": 0.7945205479452054, "f1-score": 0.7953543051050951, "support": 73.0}}}, "oof_threshold_selection": {"accuracy": 0.76, "balanced_accuracy": 0.7456597222222222, "sensitivity": 0.6944444444444444, "specificity": 0.796875, "f1_macro": 0.7425997425997426, "roc_auc": 0.7787905092592593, "confusion_matrix": [[153, 39], [33, 75]], "classification_report": {"0": {"precision": 0.8225806451612904, "recall": 0.796875, "f1-score": 0.8095238095238095, "support": 192.0}, "1": {"precision": 0.6578947368421053, "recall": 0.6944444444444444, "f1-score": 0.6756756756756757, "support": 108.0}, "accuracy": 0.76, "macro avg": {"precision": 0.7402376910016979, "recall": 0.7456597222222222, "f1-score": 0.7425997425997426, "support": 300.0}, "weighted avg": {"precision": 0.7632937181663837, "recall": 0.76, "f1-score": 0.7613384813384814, "support": 300.0}}}, "decision_threshold": 0.5, "folds": 10, "original_train_rows": 300, "train_rows": 384, "test_rows": 73, "final_epochs": 5, "elapsed_seconds": 2.14000000001397, "test_accuracy_change": 0.0}
