Command: ["C:\\Users\\IHCK\\AppData\\Local\\Programs\\Python\\Python312\\python.exe", "-u", "C:\\Users\\IHCK\\Desktop\\1_10_69Final\\Hippocampal-Shape-Analysis-for-Epilepsy-Detection\\Model\\train_dataset_model.py", "--dataset", "coef_plsda", "--side", "right", "--model", "MLP", "--kind", "coef", "--train-csv", "C:\\Users\\IHCK\\Desktop\\1_10_69Final\\Hippocampal-Shape-Analysis-for-Epilepsy-Detection\\Output_Dataset\\coef_plsda\\right\\train_prepared.csv", "--test-csv", "C:\\Users\\IHCK\\Desktop\\1_10_69Final\\Hippocampal-Shape-Analysis-for-Epilepsy-Detection\\Output_Dataset\\coef_plsda\\right\\test_prepared.csv", "--output-dir", "C:\\Users\\IHCK\\Desktop\\1_10_69Final\\Hippocampal-Shape-Analysis-for-Epilepsy-Detection\\Model_Results\\dataset_runs_20261004_earlystop_oof_threshold\\coef_plsda\\right\\MLP", "--epochs", "100", "--folds", "10", "--pls-components", "8", "--seed", "42", "--threads", "2", "--tune-threshold", "--early-stopping", "--patience", "10", "--min-delta", "0.0001", "--stop-fraction", "0.2", "--mlp-max-epochs", "100"]
Inner early stopping: coef_plsda/right/MLP; original Train=300 Test=77
epoch=1/100 loss=0.687930 validation_loss=0.550253211179392 best=True
epoch=2/100 loss=0.526884 validation_loss=0.4897106410715125 best=True
epoch=3/100 loss=0.400664 validation_loss=0.4459321206435336 best=True
epoch=4/100 loss=0.304793 validation_loss=0.4164598952099383 best=True
epoch=5/100 loss=0.232904 validation_loss=0.3954541040529967 best=True
epoch=6/100 loss=0.178224 validation_loss=0.3815136341736114 best=True
epoch=7/100 loss=0.136657 validation_loss=0.3730756374096007 best=True
epoch=8/100 loss=0.105047 validation_loss=0.3701987760417818 best=True
epoch=9/100 loss=0.081561 validation_loss=0.37133533491323667 best=False
epoch=10/100 loss=0.063819 validation_loss=0.37564881103021763 best=False
epoch=11/100 loss=0.049738 validation_loss=0.38181607259656974 best=False
epoch=12/100 loss=0.039301 validation_loss=0.38957916619139316 best=False
epoch=13/100 loss=0.031459 validation_loss=0.3990280956967663 best=False
epoch=14/100 loss=0.025401 validation_loss=0.4092466361038124 best=False
epoch=15/100 loss=0.020680 validation_loss=0.4193439334994918 best=False
epoch=16/100 loss=0.017086 validation_loss=0.4291266327149564 best=False
epoch=17/100 loss=0.014290 validation_loss=0.43823163120461645 best=False
epoch=18/100 loss=0.012081 validation_loss=0.4468180079404274 best=False
fold=1/10 OOF_accuracy=0.666667 best_epoch=8
epoch=1/100 loss=0.725417 validation_loss=0.579011367782179 best=True
epoch=2/100 loss=0.557641 validation_loss=0.5289621825284556 best=True
epoch=3/100 loss=0.430361 validation_loss=0.49306926393679273 best=True
epoch=4/100 loss=0.333236 validation_loss=0.4716192445795995 best=True
epoch=5/100 loss=0.258986 validation_loss=0.4633246338072637 best=True
epoch=6/100 loss=0.199930 validation_loss=0.4656137367625148 best=False
epoch=7/100 loss=0.154264 validation_loss=0.4759514302728577 best=False
epoch=8/100 loss=0.118566 validation_loss=0.4917598718309434 best=False
epoch=9/100 loss=0.091385 validation_loss=0.5129125490788028 best=False
epoch=10/100 loss=0.070935 validation_loss=0.5378435853102895 best=False
epoch=11/100 loss=0.055066 validation_loss=0.5650705019077092 best=False
epoch=12/100 loss=0.043040 validation_loss=0.5930225727556478 best=False
epoch=13/100 loss=0.033777 validation_loss=0.6207936909832402 best=False
epoch=14/100 loss=0.026777 validation_loss=0.6483592853538581 best=False
epoch=15/100 loss=0.021581 validation_loss=0.6744963519226985 best=False
fold=2/10 OOF_accuracy=0.866667 best_epoch=5
epoch=1/100 loss=0.653175 validation_loss=0.6128770386476037 best=True
epoch=2/100 loss=0.498250 validation_loss=0.5733329299080578 best=True
epoch=3/100 loss=0.383366 validation_loss=0.5384260713543916 best=True
epoch=4/100 loss=0.298976 validation_loss=0.5117562638892483 best=True
epoch=5/100 loss=0.235020 validation_loss=0.4894989945854519 best=True
epoch=6/100 loss=0.184650 validation_loss=0.47263193765365513 best=True
epoch=7/100 loss=0.147971 validation_loss=0.45999181836221803 best=True
epoch=8/100 loss=0.119276 validation_loss=0.453974950215139 best=True
epoch=9/100 loss=0.096779 validation_loss=0.45381614952117716 best=True
epoch=10/100 loss=0.078886 validation_loss=0.45805167988987555 best=False
epoch=11/100 loss=0.064524 validation_loss=0.4671773086875332 best=False
epoch=12/100 loss=0.052937 validation_loss=0.47986781001617446 best=False
epoch=13/100 loss=0.043738 validation_loss=0.4934783465654053 best=False
epoch=14/100 loss=0.036067 validation_loss=0.5057877507523019 best=False
epoch=15/100 loss=0.029933 validation_loss=0.5189919566171337 best=False
epoch=16/100 loss=0.025661 validation_loss=0.5323525361529863 best=False
epoch=17/100 loss=0.021731 validation_loss=0.5444104230714791 best=False
epoch=18/100 loss=0.018686 validation_loss=0.5548291627581057 best=False
epoch=19/100 loss=0.016168 validation_loss=0.5643764995966349 best=False
fold=3/10 OOF_accuracy=0.733333 best_epoch=9
epoch=1/100 loss=0.709809 validation_loss=0.5724108553452918 best=True
epoch=2/100 loss=0.549075 validation_loss=0.5121244432139334 best=True
epoch=3/100 loss=0.422301 validation_loss=0.463856113879926 best=True
epoch=4/100 loss=0.324980 validation_loss=0.42513901425634243 best=True
epoch=5/100 loss=0.249504 validation_loss=0.3954032043030886 best=True
epoch=6/100 loss=0.192192 validation_loss=0.37305858269081893 best=True
epoch=7/100 loss=0.148321 validation_loss=0.3580386280718252 best=True
epoch=8/100 loss=0.114395 validation_loss=0.3493063038446098 best=True
epoch=9/100 loss=0.088949 validation_loss=0.34584516742790894 best=True
epoch=10/100 loss=0.069275 validation_loss=0.3471020040603727 best=False
epoch=11/100 loss=0.054397 validation_loss=0.35212900950169007 best=False
epoch=12/100 loss=0.043175 validation_loss=0.35971773978750254 best=False
epoch=13/100 loss=0.034678 validation_loss=0.36806423483046163 best=False
epoch=14/100 loss=0.028312 validation_loss=0.3776299610855686 best=False
epoch=15/100 loss=0.023386 validation_loss=0.3874165858589621 best=False
epoch=16/100 loss=0.019468 validation_loss=0.3971013272606348 best=False
epoch=17/100 loss=0.016571 validation_loss=0.40659664566723286 best=False
epoch=18/100 loss=0.014240 validation_loss=0.4158654624249908 best=False
epoch=19/100 loss=0.012359 validation_loss=0.4248023937544363 best=False
fold=4/10 OOF_accuracy=0.866667 best_epoch=9
epoch=1/100 loss=0.720552 validation_loss=0.6172693949287505 best=True
epoch=2/100 loss=0.561248 validation_loss=0.5546909924991319 best=True
epoch=3/100 loss=0.434106 validation_loss=0.5070657767913465 best=True
epoch=4/100 loss=0.335095 validation_loss=0.47377946257595016 best=True
epoch=5/100 loss=0.258662 validation_loss=0.45250435440518977 best=True
epoch=6/100 loss=0.198322 validation_loss=0.4422327792013285 best=True
epoch=7/100 loss=0.152991 validation_loss=0.4407650855092021 best=True
epoch=8/100 loss=0.118572 validation_loss=0.4458922464610395 best=False
epoch=9/100 loss=0.092495 validation_loss=0.4544022064061058 best=False
epoch=10/100 loss=0.072840 validation_loss=0.46585445374093554 best=False
epoch=11/100 loss=0.057911 validation_loss=0.4783276398544193 best=False
epoch=12/100 loss=0.046341 validation_loss=0.4916417738766841 best=False
epoch=13/100 loss=0.037026 validation_loss=0.5051616025179912 best=False
epoch=14/100 loss=0.030143 validation_loss=0.5187511580599748 best=False
epoch=15/100 loss=0.024810 validation_loss=0.5316569600439178 best=False
epoch=16/100 loss=0.020383 validation_loss=0.5447457910132083 best=False
epoch=17/100 loss=0.017087 validation_loss=0.5578612070156176 best=False
fold=5/10 OOF_accuracy=0.933333 best_epoch=7
epoch=1/100 loss=0.697101 validation_loss=0.574416814842245 best=True
epoch=2/100 loss=0.542912 validation_loss=0.5244887410503739 best=True
epoch=3/100 loss=0.425143 validation_loss=0.48331717121605716 best=True
epoch=4/100 loss=0.334574 validation_loss=0.45114831746738926 best=True
epoch=5/100 loss=0.262764 validation_loss=0.42683827182816686 best=True
epoch=6/100 loss=0.206771 validation_loss=0.4114808424278488 best=True
epoch=7/100 loss=0.162197 validation_loss=0.4053630666470158 best=True
epoch=8/100 loss=0.126303 validation_loss=0.40857864151104467 best=False
epoch=9/100 loss=0.099063 validation_loss=0.4181352330794131 best=False
epoch=10/100 loss=0.077236 validation_loss=0.43211905074440415 best=False
epoch=11/100 loss=0.061117 validation_loss=0.449352795193965 best=False
epoch=12/100 loss=0.048088 validation_loss=0.4696454414622029 best=False
epoch=13/100 loss=0.038452 validation_loss=0.4919956654270201 best=False
epoch=14/100 loss=0.030517 validation_loss=0.5153017376327876 best=False
epoch=15/100 loss=0.024582 validation_loss=0.5383744777191382 best=False
epoch=16/100 loss=0.019963 validation_loss=0.5613942952219632 best=False
epoch=17/100 loss=0.016525 validation_loss=0.5844420182363715 best=False
fold=6/10 OOF_accuracy=0.833333 best_epoch=7
epoch=1/100 loss=0.702666 validation_loss=0.5432445558139155 best=True
epoch=2/100 loss=0.531555 validation_loss=0.47376065383900845 best=True
epoch=3/100 loss=0.406562 validation_loss=0.42143933148094853 best=True
epoch=4/100 loss=0.316874 validation_loss=0.3816884012474747 best=True
epoch=5/100 loss=0.251033 validation_loss=0.3511439903100482 best=True
epoch=6/100 loss=0.200865 validation_loss=0.3285483907986543 best=True
epoch=7/100 loss=0.160204 validation_loss=0.311610855786826 best=True
epoch=8/100 loss=0.128742 validation_loss=0.29827060009988005 best=True
epoch=9/100 loss=0.103699 validation_loss=0.28895991350297967 best=True
epoch=10/100 loss=0.083573 validation_loss=0.28325116736828265 best=True
epoch=11/100 loss=0.067470 validation_loss=0.2807372268633671 best=True
epoch=12/100 loss=0.055030 validation_loss=0.2794842464323138 best=True
epoch=13/100 loss=0.045338 validation_loss=0.28042294097548115 best=False
epoch=14/100 loss=0.037101 validation_loss=0.28361535650850317 best=False
epoch=15/100 loss=0.031054 validation_loss=0.2881400284505301 best=False
epoch=16/100 loss=0.026174 validation_loss=0.2939078628281524 best=False
epoch=17/100 loss=0.021983 validation_loss=0.3008825614658948 best=False
epoch=18/100 loss=0.018862 validation_loss=0.30861972385045794 best=False
epoch=19/100 loss=0.016246 validation_loss=0.31664275129455244 best=False
epoch=20/100 loss=0.014105 validation_loss=0.3246625333287001 best=False
epoch=21/100 loss=0.012317 validation_loss=0.33263558520284775 best=False
epoch=22/100 loss=0.010848 validation_loss=0.34078674422930355 best=False
fold=7/10 OOF_accuracy=0.866667 best_epoch=12
epoch=1/100 loss=0.666597 validation_loss=0.6281647804493962 best=True
epoch=2/100 loss=0.518128 validation_loss=0.5878039359189491 best=True
epoch=3/100 loss=0.404196 validation_loss=0.5563763704274057 best=True
epoch=4/100 loss=0.318744 validation_loss=0.5306755883267331 best=True
epoch=5/100 loss=0.250812 validation_loss=0.5090674180260156 best=True
epoch=6/100 loss=0.197941 validation_loss=0.49112698079171424 best=True
epoch=7/100 loss=0.156268 validation_loss=0.47828767514518444 best=True
epoch=8/100 loss=0.122488 validation_loss=0.4698978633052076 best=True
epoch=9/100 loss=0.095858 validation_loss=0.46611255935027757 best=True
epoch=10/100 loss=0.075673 validation_loss=0.46635420812627715 best=False
epoch=11/100 loss=0.059714 validation_loss=0.46837009596297724 best=False
epoch=12/100 loss=0.047103 validation_loss=0.47204866452969724 best=False
epoch=13/100 loss=0.037754 validation_loss=0.47658213220027146 best=False
epoch=14/100 loss=0.030239 validation_loss=0.4820134827809915 best=False
epoch=15/100 loss=0.024555 validation_loss=0.48841644417425306 best=False
epoch=16/100 loss=0.020043 validation_loss=0.4959306910425094 best=False
epoch=17/100 loss=0.016582 validation_loss=0.5036429420854052 best=False
epoch=18/100 loss=0.013848 validation_loss=0.5113780832275151 best=False
epoch=19/100 loss=0.011668 validation_loss=0.5185888747080162 best=False
fold=8/10 OOF_accuracy=0.800000 best_epoch=9
epoch=1/100 loss=0.644472 validation_loss=0.6395668383655113 best=True
epoch=2/100 loss=0.505713 validation_loss=0.6073306499185442 best=True
epoch=3/100 loss=0.405777 validation_loss=0.5840827262526401 best=True
epoch=4/100 loss=0.330762 validation_loss=0.5635886675695565 best=True
epoch=5/100 loss=0.272288 validation_loss=0.5483958242674947 best=True
epoch=6/100 loss=0.224706 validation_loss=0.5355491864058972 best=True
epoch=7/100 loss=0.186526 validation_loss=0.5248487453116888 best=True
epoch=8/100 loss=0.153955 validation_loss=0.5174671257565605 best=True
epoch=9/100 loss=0.126190 validation_loss=0.5130325337378241 best=True
epoch=10/100 loss=0.102979 validation_loss=0.511781752460516 best=True
epoch=11/100 loss=0.084986 validation_loss=0.5127421863728358 best=False
epoch=12/100 loss=0.069767 validation_loss=0.5170542304478914 best=False
epoch=13/100 loss=0.058172 validation_loss=0.5246467959870184 best=False
epoch=14/100 loss=0.047601 validation_loss=0.5348991485044126 best=False
epoch=15/100 loss=0.039411 validation_loss=0.5472348673528308 best=False
epoch=16/100 loss=0.032920 validation_loss=0.5616386260767927 best=False
epoch=17/100 loss=0.027140 validation_loss=0.576726530678357 best=False
epoch=18/100 loss=0.022669 validation_loss=0.5916185609271197 best=False
epoch=19/100 loss=0.019230 validation_loss=0.6061426820995065 best=False
epoch=20/100 loss=0.016276 validation_loss=0.6211400110798193 best=False
fold=9/10 OOF_accuracy=0.800000 best_epoch=10
epoch=1/100 loss=0.657580 validation_loss=0.6020789697084192 best=True
epoch=2/100 loss=0.496781 validation_loss=0.5460140155709741 best=True
epoch=3/100 loss=0.375596 validation_loss=0.4947588599329678 best=True
epoch=4/100 loss=0.288512 validation_loss=0.451198059265566 best=True
epoch=5/100 loss=0.222490 validation_loss=0.4166090867394803 best=True
epoch=6/100 loss=0.173042 validation_loss=0.39054856581370784 best=True
epoch=7/100 loss=0.134818 validation_loss=0.3722726852192185 best=True
epoch=8/100 loss=0.105784 validation_loss=0.36045268206953374 best=True
epoch=9/100 loss=0.083364 validation_loss=0.35309964058705956 best=True
epoch=10/100 loss=0.066765 validation_loss=0.34979160631452105 best=True
epoch=11/100 loss=0.053469 validation_loss=0.34941492504664856 best=True
epoch=12/100 loss=0.043105 validation_loss=0.35143039027602746 best=False
epoch=13/100 loss=0.034921 validation_loss=0.35443293021361594 best=False
epoch=14/100 loss=0.028285 validation_loss=0.3578614311368253 best=False
epoch=15/100 loss=0.023595 validation_loss=0.3611193240717541 best=False
epoch=16/100 loss=0.019443 validation_loss=0.36484458662778185 best=False
epoch=17/100 loss=0.016245 validation_loss=0.3685357848930977 best=False
epoch=18/100 loss=0.013716 validation_loss=0.3725634964297639 best=False
epoch=19/100 loss=0.011725 validation_loss=0.3769278147291921 best=False
epoch=20/100 loss=0.010102 validation_loss=0.3813717633220157 best=False
epoch=21/100 loss=0.008848 validation_loss=0.3858974130055407 best=False
fold=10/10 OOF_accuracy=0.800000 best_epoch=11
Frozen OOF threshold=0.60542351007461548; final refit epochs=9
epoch=1/9 loss=0.700460 validation_loss=None best=False
epoch=2/9 loss=0.492033 validation_loss=None best=False
epoch=3/9 loss=0.355325 validation_loss=None best=False
epoch=4/9 loss=0.260265 validation_loss=None best=False
epoch=5/9 loss=0.191611 validation_loss=None best=False
epoch=6/9 loss=0.143026 validation_loss=None best=False
epoch=7/9 loss=0.107261 validation_loss=None best=False
epoch=8/9 loss=0.081814 validation_loss=None best=False
epoch=9/9 loss=0.063321 validation_loss=None best=False
{"cv_oof": {"accuracy": 0.8166666666666667, "balanced_accuracy": 0.7655166582107221, "sensitivity": 0.654320987654321, "specificity": 0.8767123287671232, "f1_macro": 0.7665501775633499, "roc_auc": 0.8420429561982073, "confusion_matrix": [[192, 27], [28, 53]], "classification_report": {"0": {"precision": 0.8727272727272727, "recall": 0.8767123287671232, "f1-score": 0.8747152619589977, "support": 219.0}, "1": {"precision": 0.6625, "recall": 0.654320987654321, "f1-score": 0.6583850931677019, "support": 81.0}, "accuracy": 0.8166666666666667, "macro avg": {"precision": 0.7676136363636363, "recall": 0.7655166582107221, "f1-score": 0.7665501775633499, "support": 300.0}, "weighted avg": {"precision": 0.815965909090909, "recall": 0.8166666666666667, "f1-score": 0.8163061163853479, "support": 300.0}}}, "test": {"accuracy": 0.8571428571428571, "balanced_accuracy": 0.7678571428571428, "sensitivity": 0.5714285714285714, "specificity": 0.9642857142857143, "f1_macro": 0.7966386554621849, "roc_auc": 0.8767006802721088, "confusion_matrix": [[54, 2], [9, 12]], "classification_report": {"0": {"precision": 0.8571428571428571, "recall": 0.9642857142857143, "f1-score": 0.907563025210084, "support": 56.0}, "1": {"precision": 0.8571428571428571, "recall": 0.5714285714285714, "f1-score": 0.6857142857142857, "support": 21.0}, "accuracy": 0.8571428571428571, "macro avg": {"precision": 0.8571428571428571, "recall": 0.7678571428571428, "f1-score": 0.7966386554621849, "support": 77.0}, "weighted avg": {"precision": 0.8571428571428571, "recall": 0.8571428571428571, "f1-score": 0.8470588235294118, "support": 77.0}}}, "test_default": {"accuracy": 0.8831168831168831, "balanced_accuracy": 0.8154761904761905, "sensitivity": 0.6666666666666666, "specificity": 0.9642857142857143, "f1_macro": 0.83991683991684, "roc_auc": 0.8767006802721088, "confusion_matrix": [[54, 2], [7, 14]], "classification_report": {"0": {"precision": 0.8852459016393442, "recall": 0.9642857142857143, "f1-score": 0.9230769230769231, "support": 56.0}, "1": {"precision": 0.875, "recall": 0.6666666666666666, "f1-score": 0.7567567567567568, "support": 21.0}, "accuracy": 0.8831168831168831, "macro avg": {"precision": 0.8801229508196722, "recall": 0.8154761904761905, "f1-score": 0.83991683991684, "support": 77.0}, "weighted avg": {"precision": 0.8824515648286141, "recall": 0.8831168831168831, "f1-score": 0.8777168777168777, "support": 77.0}}}, "oof_threshold_selection": {"accuracy": 0.8533333333333334, "balanced_accuracy": 0.7789616100118383, "sensitivity": 0.6172839506172839, "specificity": 0.9406392694063926, "f1_macro": 0.7989766081871346, "roc_auc": 0.8420429561982073, "confusion_matrix": [[206, 13], [31, 50]], "classification_report": {"0": {"precision": 0.869198312236287, "recall": 0.9406392694063926, "f1-score": 0.9035087719298246, "support": 219.0}, "1": {"precision": 0.7936507936507936, "recall": 0.6172839506172839, "f1-score": 0.6944444444444444, "support": 81.0}, "accuracy": 0.8533333333333334, "macro avg": {"precision": 0.8314245529435402, "recall": 0.7789616100118383, "f1-score": 0.7989766081871346, "support": 300.0}, "weighted avg": {"precision": 0.8488004822182037, "recall": 0.8533333333333334, "f1-score": 0.847061403508772, "support": 300.0}}}, "decision_threshold": 0.6054235100746155, "folds": 10, "original_train_rows": 300, "train_rows": 438, "test_rows": 77, "final_epochs": 9, "elapsed_seconds": 2.077999999979511, "test_accuracy_change": -0.025974025974025983}
