Command: ["C:\\Users\\IHCK\\AppData\\Local\\Programs\\Python\\Python312\\python.exe", "-u", "C:\\Users\\IHCK\\Desktop\\1_10_69Final\\Hippocampal-Shape-Analysis-for-Epilepsy-Detection\\Model\\train_dataset_model.py", "--dataset", "coef_raw", "--side", "left", "--model", "MLP", "--kind", "coef", "--train-csv", "C:\\Users\\IHCK\\Desktop\\1_10_69Final\\Hippocampal-Shape-Analysis-for-Epilepsy-Detection\\Output_Dataset\\coef_raw\\left\\train_prepared.csv", "--test-csv", "C:\\Users\\IHCK\\Desktop\\1_10_69Final\\Hippocampal-Shape-Analysis-for-Epilepsy-Detection\\Output_Dataset\\coef_raw\\left\\test_prepared.csv", "--output-dir", "C:\\Users\\IHCK\\Desktop\\1_10_69Final\\Hippocampal-Shape-Analysis-for-Epilepsy-Detection\\Model_Results\\dataset_runs_20261004_earlystop_oof_threshold\\coef_raw\\left\\MLP", "--epochs", "100", "--folds", "10", "--pls-components", "8", "--seed", "42", "--threads", "2", "--tune-threshold", "--early-stopping", "--patience", "10", "--min-delta", "0.0001", "--stop-fraction", "0.2", "--mlp-max-epochs", "100"]
Inner early stopping: coef_raw/left/MLP; original Train=300 Test=73
epoch=1/100 loss=0.729555 validation_loss=0.6490258333476439 best=True
epoch=2/100 loss=0.591707 validation_loss=0.6122604790480798 best=True
epoch=3/100 loss=0.484454 validation_loss=0.5909710445780646 best=True
epoch=4/100 loss=0.397511 validation_loss=0.5821609811062771 best=True
epoch=5/100 loss=0.329075 validation_loss=0.5809548272987802 best=True
epoch=6/100 loss=0.275107 validation_loss=0.5886809403712433 best=False
epoch=7/100 loss=0.229430 validation_loss=0.6031679281495742 best=False
epoch=8/100 loss=0.192137 validation_loss=0.6198638622891669 best=False
epoch=9/100 loss=0.159942 validation_loss=0.6386416740438926 best=False
epoch=10/100 loss=0.133984 validation_loss=0.6601119375056318 best=False
epoch=11/100 loss=0.112297 validation_loss=0.6850220613510065 best=False
epoch=12/100 loss=0.094927 validation_loss=0.71312693536755 best=False
epoch=13/100 loss=0.080388 validation_loss=0.7437815047693688 best=False
epoch=14/100 loss=0.068051 validation_loss=0.777068009640116 best=False
epoch=15/100 loss=0.058449 validation_loss=0.8110266696566362 best=False
fold=1/10 OOF_accuracy=0.700000 best_epoch=5
epoch=1/100 loss=0.718258 validation_loss=0.6408632599993718 best=True
epoch=2/100 loss=0.576619 validation_loss=0.5926219420878046 best=True
epoch=3/100 loss=0.470099 validation_loss=0.5620671378099046 best=True
epoch=4/100 loss=0.386888 validation_loss=0.5403282530358205 best=True
epoch=5/100 loss=0.321096 validation_loss=0.526611445307384 best=True
epoch=6/100 loss=0.268660 validation_loss=0.5222461810736412 best=True
epoch=7/100 loss=0.226381 validation_loss=0.5265858384590033 best=False
epoch=8/100 loss=0.192199 validation_loss=0.5389821889672105 best=False
epoch=9/100 loss=0.163562 validation_loss=0.5568177893325491 best=False
epoch=10/100 loss=0.139907 validation_loss=0.5776258718706769 best=False
epoch=11/100 loss=0.120289 validation_loss=0.5996946136455172 best=False
epoch=12/100 loss=0.103745 validation_loss=0.6240056374513512 best=False
epoch=13/100 loss=0.089760 validation_loss=0.6507493520775819 best=False
epoch=14/100 loss=0.077415 validation_loss=0.6782614378403665 best=False
epoch=15/100 loss=0.066675 validation_loss=0.7066351220173298 best=False
epoch=16/100 loss=0.057592 validation_loss=0.7348280400654735 best=False
fold=2/10 OOF_accuracy=0.766667 best_epoch=6
epoch=1/100 loss=0.682093 validation_loss=0.6226017429725547 best=True
epoch=2/100 loss=0.558528 validation_loss=0.5820115121274061 best=True
epoch=3/100 loss=0.466330 validation_loss=0.5515702517539258 best=True
epoch=4/100 loss=0.395927 validation_loss=0.5272778800174115 best=True
epoch=5/100 loss=0.340817 validation_loss=0.5070343844429793 best=True
epoch=6/100 loss=0.297599 validation_loss=0.4939199521765953 best=True
epoch=7/100 loss=0.261749 validation_loss=0.48784025791993446 best=True
epoch=8/100 loss=0.230155 validation_loss=0.48722840252454197 best=True
epoch=9/100 loss=0.203571 validation_loss=0.4920000580684966 best=False
epoch=10/100 loss=0.180208 validation_loss=0.5010970764502717 best=False
epoch=11/100 loss=0.159773 validation_loss=0.5157371748990149 best=False
epoch=12/100 loss=0.142021 validation_loss=0.5358608882567283 best=False
epoch=13/100 loss=0.125754 validation_loss=0.5590770615520716 best=False
epoch=14/100 loss=0.110896 validation_loss=0.5862829663265594 best=False
epoch=15/100 loss=0.097995 validation_loss=0.6170626675303085 best=False
epoch=16/100 loss=0.086956 validation_loss=0.6476079882297122 best=False
epoch=17/100 loss=0.077140 validation_loss=0.6763101582932962 best=False
epoch=18/100 loss=0.068692 validation_loss=0.7026911824164536 best=False
fold=3/10 OOF_accuracy=0.666667 best_epoch=8
epoch=1/100 loss=0.709526 validation_loss=0.6309520808176958 best=True
epoch=2/100 loss=0.570784 validation_loss=0.6007653106000875 best=True
epoch=3/100 loss=0.464886 validation_loss=0.5809214423451573 best=True
epoch=4/100 loss=0.379401 validation_loss=0.5669966849743499 best=True
epoch=5/100 loss=0.311544 validation_loss=0.5627306317300528 best=True
epoch=6/100 loss=0.259470 validation_loss=0.5689476740329868 best=False
epoch=7/100 loss=0.217735 validation_loss=0.5832774100012474 best=False
epoch=8/100 loss=0.183294 validation_loss=0.6020424159633843 best=False
epoch=9/100 loss=0.153743 validation_loss=0.6233222201450219 best=False
epoch=10/100 loss=0.129518 validation_loss=0.6481996224524512 best=False
epoch=11/100 loss=0.109218 validation_loss=0.6755742027484345 best=False
epoch=12/100 loss=0.092646 validation_loss=0.7044474933577328 best=False
epoch=13/100 loss=0.078483 validation_loss=0.7345954437343096 best=False
epoch=14/100 loss=0.066597 validation_loss=0.7659946030594184 best=False
epoch=15/100 loss=0.057182 validation_loss=0.7969967865298299 best=False
fold=4/10 OOF_accuracy=0.800000 best_epoch=5
epoch=1/100 loss=0.712879 validation_loss=0.6684020519624907 best=True
epoch=2/100 loss=0.581612 validation_loss=0.6252386450425003 best=True
epoch=3/100 loss=0.482329 validation_loss=0.5966464076193829 best=True
epoch=4/100 loss=0.400120 validation_loss=0.5792291845154163 best=True
epoch=5/100 loss=0.333871 validation_loss=0.57475348559261 best=True
epoch=6/100 loss=0.280422 validation_loss=0.5776214427715017 best=False
epoch=7/100 loss=0.236616 validation_loss=0.5855348389362517 best=False
epoch=8/100 loss=0.200841 validation_loss=0.5999704479171255 best=False
epoch=9/100 loss=0.171597 validation_loss=0.6188062730906005 best=False
epoch=10/100 loss=0.147396 validation_loss=0.6432438569835797 best=False
epoch=11/100 loss=0.127367 validation_loss=0.6734980490148195 best=False
epoch=12/100 loss=0.110217 validation_loss=0.7059227617676116 best=False
epoch=13/100 loss=0.095800 validation_loss=0.7410210308278772 best=False
epoch=14/100 loss=0.083613 validation_loss=0.7780035432521591 best=False
epoch=15/100 loss=0.073001 validation_loss=0.8179230049834632 best=False
fold=5/10 OOF_accuracy=0.800000 best_epoch=5
epoch=1/100 loss=0.724855 validation_loss=0.608572451343747 best=True
epoch=2/100 loss=0.587459 validation_loss=0.5778324233739404 best=True
epoch=3/100 loss=0.484043 validation_loss=0.5639986799240116 best=True
epoch=4/100 loss=0.402603 validation_loss=0.5611509793627348 best=True
epoch=5/100 loss=0.337698 validation_loss=0.5643382937775501 best=False
epoch=6/100 loss=0.284730 validation_loss=0.5711910885314783 best=False
epoch=7/100 loss=0.239835 validation_loss=0.5812191308051234 best=False
epoch=8/100 loss=0.201960 validation_loss=0.5939695105573038 best=False
epoch=9/100 loss=0.170271 validation_loss=0.6096819034171254 best=False
epoch=10/100 loss=0.143948 validation_loss=0.6288980287549357 best=False
epoch=11/100 loss=0.122099 validation_loss=0.650067564710064 best=False
epoch=12/100 loss=0.104330 validation_loss=0.672743680632066 best=False
epoch=13/100 loss=0.089498 validation_loss=0.6982774115132399 best=False
epoch=14/100 loss=0.077051 validation_loss=0.724715226287892 best=False
fold=6/10 OOF_accuracy=0.733333 best_epoch=4
epoch=1/100 loss=0.713268 validation_loss=0.6747435859714228 best=True
epoch=2/100 loss=0.567289 validation_loss=0.6369142075757784 best=True
epoch=3/100 loss=0.456186 validation_loss=0.6163246540831785 best=True
epoch=4/100 loss=0.369952 validation_loss=0.6060860025911561 best=True
epoch=5/100 loss=0.302627 validation_loss=0.6041569891715751 best=True
epoch=6/100 loss=0.251160 validation_loss=0.6095714112979996 best=False
epoch=7/100 loss=0.209763 validation_loss=0.6201188561498185 best=False
epoch=8/100 loss=0.177077 validation_loss=0.6355953452738641 best=False
epoch=9/100 loss=0.150135 validation_loss=0.6542287143974682 best=False
epoch=10/100 loss=0.127502 validation_loss=0.6754786590246128 best=False
epoch=11/100 loss=0.109159 validation_loss=0.6986287768320408 best=False
epoch=12/100 loss=0.093992 validation_loss=0.7230861086527975 best=False
epoch=13/100 loss=0.080826 validation_loss=0.7483673339955771 best=False
epoch=14/100 loss=0.069560 validation_loss=0.7733209465749328 best=False
epoch=15/100 loss=0.060206 validation_loss=0.7976270390402102 best=False
fold=7/10 OOF_accuracy=0.833333 best_epoch=5
epoch=1/100 loss=0.707071 validation_loss=0.6381861358700673 best=True
epoch=2/100 loss=0.563171 validation_loss=0.586833124880802 best=True
epoch=3/100 loss=0.454341 validation_loss=0.5517016560304389 best=True
epoch=4/100 loss=0.369285 validation_loss=0.526547304356042 best=True
epoch=5/100 loss=0.301858 validation_loss=0.5113036397668999 best=True
epoch=6/100 loss=0.248212 validation_loss=0.505231852756289 best=True
epoch=7/100 loss=0.205390 validation_loss=0.5054245604216825 best=False
epoch=8/100 loss=0.171561 validation_loss=0.5112062956821172 best=False
epoch=9/100 loss=0.145160 validation_loss=0.521959814850819 best=False
epoch=10/100 loss=0.123713 validation_loss=0.5363282832199368 best=False
epoch=11/100 loss=0.106111 validation_loss=0.5546706735864722 best=False
epoch=12/100 loss=0.091068 validation_loss=0.5758712904556771 best=False
epoch=13/100 loss=0.077960 validation_loss=0.5980168001517692 best=False
epoch=14/100 loss=0.066745 validation_loss=0.6206926132451192 best=False
epoch=15/100 loss=0.057596 validation_loss=0.6435963480036745 best=False
epoch=16/100 loss=0.050021 validation_loss=0.665792433619074 best=False
fold=8/10 OOF_accuracy=0.833333 best_epoch=6
epoch=1/100 loss=0.699811 validation_loss=0.6341309748102719 best=True
epoch=2/100 loss=0.574416 validation_loss=0.5689035977311373 best=True
epoch=3/100 loss=0.480021 validation_loss=0.5206694807653257 best=True
epoch=4/100 loss=0.406743 validation_loss=0.4838322359566726 best=True
epoch=5/100 loss=0.348351 validation_loss=0.4558982184475934 best=True
epoch=6/100 loss=0.300216 validation_loss=0.4338213896234043 best=True
epoch=7/100 loss=0.261324 validation_loss=0.4189337740614326 best=True
epoch=8/100 loss=0.227895 validation_loss=0.40971358263872976 best=True
epoch=9/100 loss=0.200385 validation_loss=0.4048210083610617 best=True
epoch=10/100 loss=0.175874 validation_loss=0.40396641409825434 best=True
epoch=11/100 loss=0.154563 validation_loss=0.4062996303986344 best=False
epoch=12/100 loss=0.136708 validation_loss=0.41131411326089495 best=False
epoch=13/100 loss=0.121273 validation_loss=0.41810236227895053 best=False
epoch=14/100 loss=0.108269 validation_loss=0.42819580385613676 best=False
epoch=15/100 loss=0.096908 validation_loss=0.4402996846009746 best=False
epoch=16/100 loss=0.087135 validation_loss=0.4524524624947829 best=False
epoch=17/100 loss=0.078400 validation_loss=0.4660010083538672 best=False
epoch=18/100 loss=0.070898 validation_loss=0.4807247193551249 best=False
epoch=19/100 loss=0.064290 validation_loss=0.4942363139938958 best=False
epoch=20/100 loss=0.058634 validation_loss=0.5065769249720288 best=False
fold=9/10 OOF_accuracy=0.833333 best_epoch=10
epoch=1/100 loss=0.714447 validation_loss=0.6849325533816771 best=True
epoch=2/100 loss=0.579085 validation_loss=0.6449874575200882 best=True
epoch=3/100 loss=0.478040 validation_loss=0.6193053111493788 best=True
epoch=4/100 loss=0.397409 validation_loss=0.6067022119984178 best=True
epoch=5/100 loss=0.332520 validation_loss=0.603762989417656 best=True
epoch=6/100 loss=0.281464 validation_loss=0.6076508305517082 best=False
epoch=7/100 loss=0.239649 validation_loss=0.6172771520635014 best=False
epoch=8/100 loss=0.205306 validation_loss=0.6321285567692405 best=False
epoch=9/100 loss=0.177250 validation_loss=0.6526873653554631 best=False
epoch=10/100 loss=0.153600 validation_loss=0.6767703789288019 best=False
epoch=11/100 loss=0.132964 validation_loss=0.702652951097282 best=False
epoch=12/100 loss=0.115464 validation_loss=0.7303277750994901 best=False
epoch=13/100 loss=0.100178 validation_loss=0.7595748537737264 best=False
epoch=14/100 loss=0.086446 validation_loss=0.7892168981620289 best=False
epoch=15/100 loss=0.074011 validation_loss=0.8185849071897917 best=False
fold=10/10 OOF_accuracy=0.666667 best_epoch=5
Frozen OOF threshold=0.56361281871795654; final refit epochs=5
epoch=1/5 loss=0.705098 validation_loss=None best=False
epoch=2/5 loss=0.574906 validation_loss=None best=False
epoch=3/5 loss=0.473354 validation_loss=None best=False
epoch=4/5 loss=0.393036 validation_loss=None best=False
epoch=5/5 loss=0.329882 validation_loss=None best=False
{"cv_oof": {"accuracy": 0.7633333333333333, "balanced_accuracy": 0.7300347222222223, "sensitivity": 0.6111111111111112, "specificity": 0.8489583333333334, "f1_macro": 0.7357024977975208, "roc_auc": 0.7701581790123456, "confusion_matrix": [[163, 29], [42, 66]], "classification_report": {"0": {"precision": 0.7951219512195122, "recall": 0.8489583333333334, "f1-score": 0.8211586901763224, "support": 192.0}, "1": {"precision": 0.6947368421052632, "recall": 0.6111111111111112, "f1-score": 0.6502463054187192, "support": 108.0}, "accuracy": 0.7633333333333333, "macro avg": {"precision": 0.7449293966623878, "recall": 0.7300347222222223, "f1-score": 0.7357024977975208, "support": 300.0}, "weighted avg": {"precision": 0.7589833119383826, "recall": 0.7633333333333333, "f1-score": 0.7596302316635852, "support": 300.0}}}, "test": {"accuracy": 0.8356164383561644, "balanced_accuracy": 0.7950081833060556, "sensitivity": 0.6538461538461539, "specificity": 0.9361702127659575, "f1_macro": 0.8095652173913044, "roc_auc": 0.8608837970540099, "confusion_matrix": [[44, 3], [9, 17]], "classification_report": {"0": {"precision": 0.8301886792452831, "recall": 0.9361702127659575, "f1-score": 0.88, "support": 47.0}, "1": {"precision": 0.85, "recall": 0.6538461538461539, "f1-score": 0.7391304347826086, "support": 26.0}, "accuracy": 0.8356164383561644, "macro avg": {"precision": 0.8400943396226415, "recall": 0.7950081833060556, "f1-score": 0.8095652173913044, "support": 73.0}, "weighted avg": {"precision": 0.8372447660894288, "recall": 0.8356164383561644, "f1-score": 0.8298272781417511, "support": 73.0}}}, "test_default": {"accuracy": 0.821917808219178, "balanced_accuracy": 0.792962356792144, "sensitivity": 0.6923076923076923, "specificity": 0.8936170212765957, "f1_macro": 0.8003366294971597, "roc_auc": 0.8608837970540099, "confusion_matrix": [[42, 5], [8, 18]], "classification_report": {"0": {"precision": 0.84, "recall": 0.8936170212765957, "f1-score": 0.865979381443299, "support": 47.0}, "1": {"precision": 0.782608695652174, "recall": 0.6923076923076923, "f1-score": 0.7346938775510204, "support": 26.0}, "accuracy": 0.821917808219178, "macro avg": {"precision": 0.811304347826087, "recall": 0.792962356792144, "f1-score": 0.8003366294971597, "support": 73.0}, "weighted avg": {"precision": 0.8195592614651578, "recall": 0.821917808219178, "f1-score": 0.8192201608789258, "support": 73.0}}}, "oof_threshold_selection": {"accuracy": 0.7766666666666666, "balanced_accuracy": 0.736400462962963, "sensitivity": 0.5925925925925926, "specificity": 0.8802083333333334, "f1_macro": 0.7454890788224122, "roc_auc": 0.7701581790123456, "confusion_matrix": [[169, 23], [44, 64]], "classification_report": {"0": {"precision": 0.7934272300469484, "recall": 0.8802083333333334, "f1-score": 0.8345679012345679, "support": 192.0}, "1": {"precision": 0.735632183908046, "recall": 0.5925925925925926, "f1-score": 0.6564102564102564, "support": 108.0}, "accuracy": 0.7766666666666666, "macro avg": {"precision": 0.7645297069774972, "recall": 0.736400462962963, "f1-score": 0.7454890788224122, "support": 300.0}, "weighted avg": {"precision": 0.7726210134369434, "recall": 0.7766666666666666, "f1-score": 0.7704311490978158, "support": 300.0}}}, "decision_threshold": 0.5636128187179565, "folds": 10, "original_train_rows": 300, "train_rows": 300, "test_rows": 73, "final_epochs": 5, "elapsed_seconds": 1.2969999999040738, "test_accuracy_change": 0.013698630136986356}
