Command: ["C:\\Users\\IHCK\\AppData\\Local\\Programs\\Python\\Python312\\python.exe", "-u", "C:\\Users\\IHCK\\Desktop\\1_10_69Final\\Hippocampal-Shape-Analysis-for-Epilepsy-Detection\\Model\\train_dataset_model.py", "--dataset", "coef_raw", "--side", "right", "--model", "MLP", "--kind", "coef", "--train-csv", "C:\\Users\\IHCK\\Desktop\\1_10_69Final\\Hippocampal-Shape-Analysis-for-Epilepsy-Detection\\Output_Dataset\\coef_raw\\right\\train_prepared.csv", "--test-csv", "C:\\Users\\IHCK\\Desktop\\1_10_69Final\\Hippocampal-Shape-Analysis-for-Epilepsy-Detection\\Output_Dataset\\coef_raw\\right\\test_prepared.csv", "--output-dir", "C:\\Users\\IHCK\\Desktop\\1_10_69Final\\Hippocampal-Shape-Analysis-for-Epilepsy-Detection\\Model_Results\\dataset_runs_20261004_earlystop_oof_threshold\\coef_raw\\right\\MLP", "--epochs", "100", "--folds", "10", "--pls-components", "8", "--seed", "42", "--threads", "2", "--tune-threshold", "--early-stopping", "--patience", "10", "--min-delta", "0.0001", "--stop-fraction", "0.2", "--mlp-max-epochs", "100"]
Inner early stopping: coef_raw/right/MLP; original Train=300 Test=77
epoch=1/100 loss=0.693312 validation_loss=0.6060658959611105 best=True
epoch=2/100 loss=0.542896 validation_loss=0.5347544953324943 best=True
epoch=3/100 loss=0.434246 validation_loss=0.4842246024939951 best=True
epoch=4/100 loss=0.349652 validation_loss=0.4508600770869733 best=True
epoch=5/100 loss=0.284571 validation_loss=0.42894160979311674 best=True
epoch=6/100 loss=0.234490 validation_loss=0.41294466457425727 best=True
epoch=7/100 loss=0.194264 validation_loss=0.3956259705421812 best=True
epoch=8/100 loss=0.159739 validation_loss=0.3787202092529719 best=True
epoch=9/100 loss=0.130448 validation_loss=0.3655841770074317 best=True
epoch=10/100 loss=0.107498 validation_loss=0.35675538889531305 best=True
epoch=11/100 loss=0.088244 validation_loss=0.35188233998118623 best=True
epoch=12/100 loss=0.073621 validation_loss=0.3503309332734467 best=True
epoch=13/100 loss=0.061966 validation_loss=0.3522627829736711 best=False
epoch=14/100 loss=0.052522 validation_loss=0.35628827463766527 best=False
epoch=15/100 loss=0.044831 validation_loss=0.3614675216215819 best=False
epoch=16/100 loss=0.038516 validation_loss=0.36763869965003715 best=False
epoch=17/100 loss=0.033175 validation_loss=0.37414276070260005 best=False
epoch=18/100 loss=0.028599 validation_loss=0.38090347113276146 best=False
epoch=19/100 loss=0.024770 validation_loss=0.38754172759006067 best=False
epoch=20/100 loss=0.021575 validation_loss=0.3939875908413184 best=False
epoch=21/100 loss=0.018906 validation_loss=0.40059771320944837 best=False
epoch=22/100 loss=0.016673 validation_loss=0.40688311919271897 best=False
fold=1/10 OOF_accuracy=0.700000 best_epoch=12
epoch=1/100 loss=0.709427 validation_loss=0.6193365821289897 best=True
epoch=2/100 loss=0.556449 validation_loss=0.562275271025409 best=True
epoch=3/100 loss=0.444175 validation_loss=0.5281430936086857 best=True
epoch=4/100 loss=0.357458 validation_loss=0.5127665171715108 best=True
epoch=5/100 loss=0.290196 validation_loss=0.5124170162183631 best=True
epoch=6/100 loss=0.238518 validation_loss=0.5202361690253268 best=False
epoch=7/100 loss=0.196432 validation_loss=0.5343130272748285 best=False
epoch=8/100 loss=0.161922 validation_loss=0.5502871048660403 best=False
epoch=9/100 loss=0.132907 validation_loss=0.5664324500897587 best=False
epoch=10/100 loss=0.108687 validation_loss=0.5842729595297511 best=False
epoch=11/100 loss=0.088607 validation_loss=0.6024868615247665 best=False
epoch=12/100 loss=0.071965 validation_loss=0.6180991720838557 best=False
epoch=13/100 loss=0.058668 validation_loss=0.6320883664353109 best=False
epoch=14/100 loss=0.047711 validation_loss=0.6465868992328124 best=False
epoch=15/100 loss=0.039004 validation_loss=0.6612424348283229 best=False
fold=2/10 OOF_accuracy=0.900000 best_epoch=5
epoch=1/100 loss=0.709317 validation_loss=0.6114881164720306 best=True
epoch=2/100 loss=0.556435 validation_loss=0.5355506447114685 best=True
epoch=3/100 loss=0.441019 validation_loss=0.48015936676272664 best=True
epoch=4/100 loss=0.352191 validation_loss=0.44166390135703076 best=True
epoch=5/100 loss=0.284147 validation_loss=0.4156568725975704 best=True
epoch=6/100 loss=0.231955 validation_loss=0.3981018434482277 best=True
epoch=7/100 loss=0.191169 validation_loss=0.38806664527895207 best=True
epoch=8/100 loss=0.158615 validation_loss=0.38441211212157095 best=True
epoch=9/100 loss=0.130863 validation_loss=0.3868534472629318 best=False
epoch=10/100 loss=0.108538 validation_loss=0.39446927354618894 best=False
epoch=11/100 loss=0.089928 validation_loss=0.40588851740359333 best=False
epoch=12/100 loss=0.074698 validation_loss=0.4206368863601719 best=False
epoch=13/100 loss=0.062221 validation_loss=0.43712065385650434 best=False
epoch=14/100 loss=0.051959 validation_loss=0.4538359375304939 best=False
epoch=15/100 loss=0.043520 validation_loss=0.4714172247058675 best=False
epoch=16/100 loss=0.037035 validation_loss=0.4902089778565555 best=False
epoch=17/100 loss=0.031686 validation_loss=0.5083263306332167 best=False
epoch=18/100 loss=0.027332 validation_loss=0.5257355133553675 best=False
fold=3/10 OOF_accuracy=0.800000 best_epoch=8
epoch=1/100 loss=0.714261 validation_loss=0.6226278847793727 best=True
epoch=2/100 loss=0.567165 validation_loss=0.5631556083853771 best=True
epoch=3/100 loss=0.455868 validation_loss=0.5133098073948578 best=True
epoch=4/100 loss=0.367785 validation_loss=0.4707239200253594 best=True
epoch=5/100 loss=0.299532 validation_loss=0.43641238683049566 best=True
epoch=6/100 loss=0.246501 validation_loss=0.4106837784218865 best=True
epoch=7/100 loss=0.204419 validation_loss=0.39271014764022866 best=True
epoch=8/100 loss=0.170502 validation_loss=0.3806368632390341 best=True
epoch=9/100 loss=0.141728 validation_loss=0.3745083855079546 best=True
epoch=10/100 loss=0.118173 validation_loss=0.37193432854004993 best=True
epoch=11/100 loss=0.098441 validation_loss=0.37080366135999554 best=True
epoch=12/100 loss=0.082604 validation_loss=0.37245306330718947 best=False
epoch=13/100 loss=0.069530 validation_loss=0.3789525443640271 best=False
epoch=14/100 loss=0.058612 validation_loss=0.3917771736445143 best=False
epoch=15/100 loss=0.050301 validation_loss=0.40979843857075254 best=False
epoch=16/100 loss=0.043762 validation_loss=0.4288618085019286 best=False
epoch=17/100 loss=0.038454 validation_loss=0.44461654091114183 best=False
epoch=18/100 loss=0.033999 validation_loss=0.4561811770489398 best=False
epoch=19/100 loss=0.030173 validation_loss=0.4641985408614588 best=False
epoch=20/100 loss=0.026887 validation_loss=0.4696038868557241 best=False
epoch=21/100 loss=0.023930 validation_loss=0.47354685144687536 best=False
fold=4/10 OOF_accuracy=0.900000 best_epoch=11
epoch=1/100 loss=0.701935 validation_loss=0.6201904839118145 best=True
epoch=2/100 loss=0.556354 validation_loss=0.5497302867044328 best=True
epoch=3/100 loss=0.448721 validation_loss=0.5034913989744977 best=True
epoch=4/100 loss=0.366645 validation_loss=0.47409644317703226 best=True
epoch=5/100 loss=0.305532 validation_loss=0.4572697624714499 best=True
epoch=6/100 loss=0.257305 validation_loss=0.44989590492715775 best=True
epoch=7/100 loss=0.216348 validation_loss=0.44754679066238634 best=True
epoch=8/100 loss=0.182287 validation_loss=0.44873892300125434 best=False
epoch=9/100 loss=0.152743 validation_loss=0.45302224841486854 best=False
epoch=10/100 loss=0.128991 validation_loss=0.45943678823233436 best=False
epoch=11/100 loss=0.109090 validation_loss=0.4675384764935237 best=False
epoch=12/100 loss=0.092629 validation_loss=0.4768167778417059 best=False
epoch=13/100 loss=0.079288 validation_loss=0.48746112830134264 best=False
epoch=14/100 loss=0.067879 validation_loss=0.4982470383923691 best=False
epoch=15/100 loss=0.058293 validation_loss=0.508794688850592 best=False
epoch=16/100 loss=0.050509 validation_loss=0.5190917364226125 best=False
epoch=17/100 loss=0.043871 validation_loss=0.5288056645006917 best=False
fold=5/10 OOF_accuracy=0.900000 best_epoch=7
epoch=1/100 loss=0.714160 validation_loss=0.6104325916874601 best=True
epoch=2/100 loss=0.567081 validation_loss=0.5476034811496229 best=True
epoch=3/100 loss=0.456835 validation_loss=0.5035483599821717 best=True
epoch=4/100 loss=0.371020 validation_loss=0.4730047745874071 best=True
epoch=5/100 loss=0.303084 validation_loss=0.4555766694649758 best=True
epoch=6/100 loss=0.250568 validation_loss=0.44935495026776806 best=True
epoch=7/100 loss=0.208061 validation_loss=0.4504516155433319 best=False
epoch=8/100 loss=0.173115 validation_loss=0.4552250988669689 best=False
epoch=9/100 loss=0.143582 validation_loss=0.46223511569317827 best=False
epoch=10/100 loss=0.119488 validation_loss=0.4708439606535335 best=False
epoch=11/100 loss=0.099215 validation_loss=0.48178075793213054 best=False
epoch=12/100 loss=0.082347 validation_loss=0.49413944736169496 best=False
epoch=13/100 loss=0.068543 validation_loss=0.5068365186717334 best=False
epoch=14/100 loss=0.056958 validation_loss=0.5230401786570453 best=False
epoch=15/100 loss=0.047639 validation_loss=0.5393671530930668 best=False
epoch=16/100 loss=0.040445 validation_loss=0.5555390191319453 best=False
fold=6/10 OOF_accuracy=0.900000 best_epoch=6
epoch=1/100 loss=0.713390 validation_loss=0.5859915018292935 best=True
epoch=2/100 loss=0.565686 validation_loss=0.5138665611706882 best=True
epoch=3/100 loss=0.452434 validation_loss=0.45934998907356495 best=True
epoch=4/100 loss=0.363115 validation_loss=0.4209630897190011 best=True
epoch=5/100 loss=0.294159 validation_loss=0.39405256621865586 best=True
epoch=6/100 loss=0.240293 validation_loss=0.37353510488600666 best=True
epoch=7/100 loss=0.196662 validation_loss=0.35681472869581937 best=True
epoch=8/100 loss=0.160802 validation_loss=0.3422736545016176 best=True
epoch=9/100 loss=0.130473 validation_loss=0.33059399247764326 best=True
epoch=10/100 loss=0.105845 validation_loss=0.3228219863052519 best=True
epoch=11/100 loss=0.086151 validation_loss=0.3193515181792182 best=True
epoch=12/100 loss=0.070795 validation_loss=0.31791371974900245 best=True
epoch=13/100 loss=0.058921 validation_loss=0.3180722111577174 best=False
epoch=14/100 loss=0.049171 validation_loss=0.3194697482065776 best=False
epoch=15/100 loss=0.041490 validation_loss=0.3220321611349203 best=False
epoch=16/100 loss=0.035322 validation_loss=0.3255646917807944 best=False
epoch=17/100 loss=0.030213 validation_loss=0.3300912370483555 best=False
epoch=18/100 loss=0.026047 validation_loss=0.3353523917389418 best=False
epoch=19/100 loss=0.022686 validation_loss=0.34105736545395887 best=False
epoch=20/100 loss=0.019877 validation_loss=0.3467003439863524 best=False
epoch=21/100 loss=0.017637 validation_loss=0.35236435024315305 best=False
epoch=22/100 loss=0.015691 validation_loss=0.3583801990242034 best=False
fold=7/10 OOF_accuracy=0.900000 best_epoch=12
epoch=1/100 loss=0.703857 validation_loss=0.582481467991997 best=True
epoch=2/100 loss=0.556791 validation_loss=0.5221638459985917 best=True
epoch=3/100 loss=0.448872 validation_loss=0.47737143145114486 best=True
epoch=4/100 loss=0.362174 validation_loss=0.44452434045780437 best=True
epoch=5/100 loss=0.295088 validation_loss=0.4215022255199538 best=True
epoch=6/100 loss=0.243584 validation_loss=0.40451767135869354 best=True
epoch=7/100 loss=0.202125 validation_loss=0.3913833873972426 best=True
epoch=8/100 loss=0.168758 validation_loss=0.3826116028650273 best=True
epoch=9/100 loss=0.140263 validation_loss=0.37793212752948985 best=True
epoch=10/100 loss=0.116950 validation_loss=0.3763092204725965 best=True
epoch=11/100 loss=0.097406 validation_loss=0.3764050232185728 best=False
epoch=12/100 loss=0.080976 validation_loss=0.3772943857075022 best=False
epoch=13/100 loss=0.067456 validation_loss=0.3788689714527347 best=False
epoch=14/100 loss=0.055548 validation_loss=0.3817177900857203 best=False
epoch=15/100 loss=0.046287 validation_loss=0.3854745008699532 best=False
epoch=16/100 loss=0.038676 validation_loss=0.38987558480849516 best=False
epoch=17/100 loss=0.032748 validation_loss=0.3937807658044971 best=False
epoch=18/100 loss=0.027937 validation_loss=0.3978060492063263 best=False
epoch=19/100 loss=0.024035 validation_loss=0.4016555800823441 best=False
epoch=20/100 loss=0.020774 validation_loss=0.40534393804820124 best=False
fold=8/10 OOF_accuracy=0.800000 best_epoch=10
epoch=1/100 loss=0.697774 validation_loss=0.556829715895884 best=True
epoch=2/100 loss=0.544010 validation_loss=0.5006843959695954 best=True
epoch=3/100 loss=0.428951 validation_loss=0.4618083366660155 best=True
epoch=4/100 loss=0.339615 validation_loss=0.43654121520665234 best=True
epoch=5/100 loss=0.270890 validation_loss=0.42218228749142134 best=True
epoch=6/100 loss=0.219234 validation_loss=0.4155451019461105 best=True
epoch=7/100 loss=0.178477 validation_loss=0.4136917326646495 best=True
epoch=8/100 loss=0.146784 validation_loss=0.4143019178176772 best=False
epoch=9/100 loss=0.119686 validation_loss=0.41690124481008933 best=False
epoch=10/100 loss=0.098004 validation_loss=0.4219726280912142 best=False
epoch=11/100 loss=0.080675 validation_loss=0.42946031918444727 best=False
epoch=12/100 loss=0.066924 validation_loss=0.4378396553733946 best=False
epoch=13/100 loss=0.056358 validation_loss=0.4470420311126041 best=False
epoch=14/100 loss=0.047617 validation_loss=0.4573459802404661 best=False
epoch=15/100 loss=0.040772 validation_loss=0.4685732598212971 best=False
epoch=16/100 loss=0.035210 validation_loss=0.48010221183334256 best=False
epoch=17/100 loss=0.030610 validation_loss=0.49172916710240056 best=False
fold=9/10 OOF_accuracy=0.866667 best_epoch=7
epoch=1/100 loss=0.672588 validation_loss=0.6061350721753688 best=True
epoch=2/100 loss=0.529440 validation_loss=0.5374725633639937 best=True
epoch=3/100 loss=0.427240 validation_loss=0.48614304539418274 best=True
epoch=4/100 loss=0.348975 validation_loss=0.4445396984043506 best=True
epoch=5/100 loss=0.289625 validation_loss=0.4147434334803499 best=True
epoch=6/100 loss=0.243479 validation_loss=0.39402796647433874 best=True
epoch=7/100 loss=0.206286 validation_loss=0.3793726863564715 best=True
epoch=8/100 loss=0.175627 validation_loss=0.3693156343170362 best=True
epoch=9/100 loss=0.148948 validation_loss=0.36257527693778674 best=True
epoch=10/100 loss=0.126180 validation_loss=0.3578769401583581 best=True
epoch=11/100 loss=0.106099 validation_loss=0.35402939071874723 best=True
epoch=12/100 loss=0.089067 validation_loss=0.35104800721771817 best=True
epoch=13/100 loss=0.074389 validation_loss=0.34830981784299114 best=True
epoch=14/100 loss=0.062196 validation_loss=0.34602898718157143 best=True
epoch=15/100 loss=0.051556 validation_loss=0.3454762914284836 best=True
epoch=16/100 loss=0.043916 validation_loss=0.34618790867071325 best=False
epoch=17/100 loss=0.037533 validation_loss=0.3474502157828105 best=False
epoch=18/100 loss=0.032435 validation_loss=0.34908092868142365 best=False
epoch=19/100 loss=0.028139 validation_loss=0.35103767183505863 best=False
epoch=20/100 loss=0.024622 validation_loss=0.3532310153311747 best=False
epoch=21/100 loss=0.021591 validation_loss=0.3558448079827518 best=False
epoch=22/100 loss=0.019106 validation_loss=0.35890044773893465 best=False
epoch=23/100 loss=0.017003 validation_loss=0.36234090509261063 best=False
epoch=24/100 loss=0.015317 validation_loss=0.3662070722004813 best=False
epoch=25/100 loss=0.013842 validation_loss=0.3703406588768423 best=False
fold=10/10 OOF_accuracy=0.800000 best_epoch=15
Frozen OOF threshold=0.38049903512001038; final refit epochs=9
epoch=1/9 loss=0.687813 validation_loss=None best=False
epoch=2/9 loss=0.536269 validation_loss=None best=False
epoch=3/9 loss=0.426072 validation_loss=None best=False
epoch=4/9 loss=0.340707 validation_loss=None best=False
epoch=5/9 loss=0.275514 validation_loss=None best=False
epoch=6/9 loss=0.222595 validation_loss=None best=False
epoch=7/9 loss=0.181140 validation_loss=None best=False
epoch=8/9 loss=0.148931 validation_loss=None best=False
epoch=9/9 loss=0.121916 validation_loss=None best=False
{"cv_oof": {"accuracy": 0.8466666666666667, "balanced_accuracy": 0.7705056654828344, "sensitivity": 0.6049382716049383, "specificity": 0.9360730593607306, "f1_macro": 0.7898391812865497, "roc_auc": 0.8334178927786233, "confusion_matrix": [[205, 14], [32, 49]], "classification_report": {"0": {"precision": 0.8649789029535865, "recall": 0.9360730593607306, "f1-score": 0.8991228070175439, "support": 219.0}, "1": {"precision": 0.7777777777777778, "recall": 0.6049382716049383, "f1-score": 0.6805555555555556, "support": 81.0}, "accuracy": 0.8466666666666667, "macro avg": {"precision": 0.8213783403656821, "recall": 0.7705056654828344, "f1-score": 0.7898391812865497, "support": 300.0}, "weighted avg": {"precision": 0.8414345991561181, "recall": 0.8466666666666667, "f1-score": 0.8401096491228071, "support": 300.0}}}, "test": {"accuracy": 0.8051948051948052, "balanced_accuracy": 0.7767857142857143, "sensitivity": 0.7142857142857143, "specificity": 0.8392857142857143, "f1_macro": 0.764525993883792, "roc_auc": 0.8741496598639455, "confusion_matrix": [[47, 9], [6, 15]], "classification_report": {"0": {"precision": 0.8867924528301887, "recall": 0.8392857142857143, "f1-score": 0.8623853211009175, "support": 56.0}, "1": {"precision": 0.625, "recall": 0.7142857142857143, "f1-score": 0.6666666666666666, "support": 21.0}, "accuracy": 0.8051948051948052, "macro avg": {"precision": 0.7558962264150944, "recall": 0.7767857142857143, "f1-score": 0.764525993883792, "support": 77.0}, "weighted avg": {"precision": 0.8153945111492281, "recall": 0.8051948051948052, "f1-score": 0.8090075062552128, "support": 77.0}}}, "test_default": {"accuracy": 0.8571428571428571, "balanced_accuracy": 0.7827380952380952, "sensitivity": 0.6190476190476191, "specificity": 0.9464285714285714, "f1_macro": 0.8043428043428044, "roc_auc": 0.8741496598639455, "confusion_matrix": [[53, 3], [8, 13]], "classification_report": {"0": {"precision": 0.8688524590163934, "recall": 0.9464285714285714, "f1-score": 0.905982905982906, "support": 56.0}, "1": {"precision": 0.8125, "recall": 0.6190476190476191, "f1-score": 0.7027027027027027, "support": 21.0}, "accuracy": 0.8571428571428571, "macro avg": {"precision": 0.8406762295081966, "recall": 0.7827380952380952, "f1-score": 0.8043428043428044, "support": 77.0}, "weighted avg": {"precision": 0.8534836065573771, "recall": 0.8571428571428571, "f1-score": 0.8505428505428506, "support": 77.0}}}, "oof_threshold_selection": {"accuracy": 0.8533333333333334, "balanced_accuracy": 0.8100794858785726, "sensitivity": 0.7160493827160493, "specificity": 0.9041095890410958, "f1_macro": 0.8125, "roc_auc": 0.8334178927786233, "confusion_matrix": [[198, 21], [23, 58]], "classification_report": {"0": {"precision": 0.8959276018099548, "recall": 0.9041095890410958, "f1-score": 0.9, "support": 219.0}, "1": {"precision": 0.7341772151898734, "recall": 0.7160493827160493, "f1-score": 0.725, "support": 81.0}, "accuracy": 0.8533333333333334, "macro avg": {"precision": 0.8150524084999141, "recall": 0.8100794858785726, "f1-score": 0.8125, "support": 300.0}, "weighted avg": {"precision": 0.8522549974225329, "recall": 0.8533333333333334, "f1-score": 0.85275, "support": 300.0}}}, "decision_threshold": 0.3804990351200104, "folds": 10, "original_train_rows": 300, "train_rows": 300, "test_rows": 77, "final_epochs": 9, "elapsed_seconds": 1.297000000020489, "test_accuracy_change": -0.051948051948051854}
