Command: ["C:\\Users\\IHCK\\AppData\\Local\\Programs\\Python\\Python312\\python.exe", "-u", "C:\\Users\\IHCK\\Desktop\\1_10_69Final\\Hippocampal-Shape-Analysis-for-Epilepsy-Detection\\Model\\train_dataset_model.py", "--dataset", "coef_raw", "--side", "left", "--model", "MobileNet", "--kind", "coef", "--train-csv", "C:\\Users\\IHCK\\Desktop\\1_10_69Final\\Hippocampal-Shape-Analysis-for-Epilepsy-Detection\\Output_Dataset\\coef_raw\\left\\train_prepared.csv", "--test-csv", "C:\\Users\\IHCK\\Desktop\\1_10_69Final\\Hippocampal-Shape-Analysis-for-Epilepsy-Detection\\Output_Dataset\\coef_raw\\left\\test_prepared.csv", "--output-dir", "C:\\Users\\IHCK\\Desktop\\1_10_69Final\\Hippocampal-Shape-Analysis-for-Epilepsy-Detection\\Model_Results\\dataset_runs_20261004_earlystop_oof_threshold\\coef_raw\\left\\MobileNet", "--epochs", "100", "--folds", "10", "--pls-components", "8", "--seed", "42", "--threads", "2", "--tune-threshold", "--early-stopping", "--patience", "10", "--min-delta", "0.0001", "--stop-fraction", "0.2", "--mlp-max-epochs", "100"]
Inner early stopping: coef_raw/left/MobileNet; original Train=300 Test=73
Device=cuda; inner stopping people=54; max_epochs=100; patience=10
epoch=1/100 loss=0.633403 validation_loss=0.702587 best=True
epoch=2/100 loss=0.356804 validation_loss=0.702110 best=True
epoch=3/100 loss=0.188853 validation_loss=0.684129 best=True
epoch=4/100 loss=0.132252 validation_loss=0.644487 best=True
epoch=5/100 loss=0.082242 validation_loss=0.661794 best=False
epoch=6/100 loss=0.055124 validation_loss=0.775871 best=False
epoch=7/100 loss=0.037252 validation_loss=0.878656 best=False
epoch=8/100 loss=0.038674 validation_loss=0.979369 best=False
epoch=9/100 loss=0.028949 validation_loss=1.057924 best=False
epoch=10/100 loss=0.023966 validation_loss=1.109551 best=False
epoch=11/100 loss=0.017851 validation_loss=1.121370 best=False
epoch=12/100 loss=0.018587 validation_loss=1.125021 best=False
epoch=13/100 loss=0.016279 validation_loss=1.078971 best=False
epoch=14/100 loss=0.015815 validation_loss=1.159998 best=False
fold=1/10 OOF_accuracy=0.733333 best_epoch=4
Device=cuda; inner stopping people=54; max_epochs=100; patience=10
epoch=1/100 loss=0.641960 validation_loss=0.701198 best=True
epoch=2/100 loss=0.384844 validation_loss=0.694386 best=True
epoch=3/100 loss=0.223770 validation_loss=0.671803 best=True
epoch=4/100 loss=0.145090 validation_loss=0.617014 best=True
epoch=5/100 loss=0.096961 validation_loss=0.602418 best=True
epoch=6/100 loss=0.062827 validation_loss=0.653200 best=False
epoch=7/100 loss=0.038869 validation_loss=0.724082 best=False
epoch=8/100 loss=0.038214 validation_loss=0.796945 best=False
epoch=9/100 loss=0.030691 validation_loss=0.856812 best=False
epoch=10/100 loss=0.024990 validation_loss=0.875021 best=False
epoch=11/100 loss=0.019122 validation_loss=0.877345 best=False
epoch=12/100 loss=0.019915 validation_loss=0.910942 best=False
epoch=13/100 loss=0.015637 validation_loss=0.939707 best=False
epoch=14/100 loss=0.014715 validation_loss=0.949206 best=False
epoch=15/100 loss=0.021228 validation_loss=0.966480 best=False
fold=2/10 OOF_accuracy=0.700000 best_epoch=5
Device=cuda; inner stopping people=54; max_epochs=100; patience=10
epoch=1/100 loss=0.628395 validation_loss=0.700679 best=True
epoch=2/100 loss=0.380965 validation_loss=0.700067 best=True
epoch=3/100 loss=0.204715 validation_loss=0.699184 best=True
epoch=4/100 loss=0.142642 validation_loss=0.620248 best=True
epoch=5/100 loss=0.090216 validation_loss=0.566027 best=True
epoch=6/100 loss=0.059462 validation_loss=0.659997 best=False
epoch=7/100 loss=0.040151 validation_loss=0.792000 best=False
epoch=8/100 loss=0.037864 validation_loss=0.887816 best=False
epoch=9/100 loss=0.030593 validation_loss=0.922184 best=False
epoch=10/100 loss=0.025251 validation_loss=0.875057 best=False
epoch=11/100 loss=0.019278 validation_loss=0.907043 best=False
epoch=12/100 loss=0.018936 validation_loss=0.934388 best=False
epoch=13/100 loss=0.015736 validation_loss=1.002953 best=False
epoch=14/100 loss=0.015256 validation_loss=0.987546 best=False
epoch=15/100 loss=0.021340 validation_loss=0.995062 best=False
fold=3/10 OOF_accuracy=0.633333 best_epoch=5
Device=cuda; inner stopping people=54; max_epochs=100; patience=10
epoch=1/100 loss=0.621644 validation_loss=0.696312 best=True
epoch=2/100 loss=0.337754 validation_loss=0.677593 best=True
epoch=3/100 loss=0.191287 validation_loss=0.645837 best=True
epoch=4/100 loss=0.137633 validation_loss=0.608553 best=True
epoch=5/100 loss=0.099094 validation_loss=0.623938 best=False
epoch=6/100 loss=0.059484 validation_loss=0.694818 best=False
epoch=7/100 loss=0.041350 validation_loss=0.760851 best=False
epoch=8/100 loss=0.042915 validation_loss=0.816444 best=False
epoch=9/100 loss=0.032640 validation_loss=0.902335 best=False
epoch=10/100 loss=0.032506 validation_loss=0.902789 best=False
epoch=11/100 loss=0.023766 validation_loss=0.873501 best=False
epoch=12/100 loss=0.023633 validation_loss=0.947321 best=False
epoch=13/100 loss=0.019239 validation_loss=1.070619 best=False
epoch=14/100 loss=0.015575 validation_loss=1.103663 best=False
fold=4/10 OOF_accuracy=0.733333 best_epoch=4
Device=cuda; inner stopping people=54; max_epochs=100; patience=10
epoch=1/100 loss=0.634657 validation_loss=0.700081 best=True
epoch=2/100 loss=0.365092 validation_loss=0.692740 best=True
epoch=3/100 loss=0.215343 validation_loss=0.682076 best=True
epoch=4/100 loss=0.140035 validation_loss=0.639160 best=True
epoch=5/100 loss=0.093191 validation_loss=0.646848 best=False
epoch=6/100 loss=0.056886 validation_loss=0.775288 best=False
epoch=7/100 loss=0.038368 validation_loss=0.902313 best=False
epoch=8/100 loss=0.038524 validation_loss=0.997565 best=False
epoch=9/100 loss=0.028902 validation_loss=1.084916 best=False
epoch=10/100 loss=0.022888 validation_loss=1.096315 best=False
epoch=11/100 loss=0.019063 validation_loss=1.087140 best=False
epoch=12/100 loss=0.018453 validation_loss=1.117923 best=False
epoch=13/100 loss=0.014893 validation_loss=1.123578 best=False
epoch=14/100 loss=0.016597 validation_loss=1.143315 best=False
fold=5/10 OOF_accuracy=0.600000 best_epoch=4
Device=cuda; inner stopping people=54; max_epochs=100; patience=10
epoch=1/100 loss=0.640233 validation_loss=0.698242 best=True
epoch=2/100 loss=0.376129 validation_loss=0.685241 best=True
epoch=3/100 loss=0.206702 validation_loss=0.673316 best=True
epoch=4/100 loss=0.146507 validation_loss=0.631767 best=True
epoch=5/100 loss=0.101515 validation_loss=0.650293 best=False
epoch=6/100 loss=0.065896 validation_loss=0.733417 best=False
epoch=7/100 loss=0.043692 validation_loss=0.832877 best=False
epoch=8/100 loss=0.044915 validation_loss=0.933017 best=False
epoch=9/100 loss=0.034211 validation_loss=0.988771 best=False
epoch=10/100 loss=0.025061 validation_loss=1.024605 best=False
epoch=11/100 loss=0.022228 validation_loss=1.036306 best=False
epoch=12/100 loss=0.019880 validation_loss=1.070443 best=False
epoch=13/100 loss=0.016288 validation_loss=1.109001 best=False
epoch=14/100 loss=0.015858 validation_loss=1.129897 best=False
fold=6/10 OOF_accuracy=0.866667 best_epoch=4
Device=cuda; inner stopping people=54; max_epochs=100; patience=10
epoch=1/100 loss=0.636264 validation_loss=0.702483 best=True
epoch=2/100 loss=0.379171 validation_loss=0.696111 best=True
epoch=3/100 loss=0.212768 validation_loss=0.669900 best=True
epoch=4/100 loss=0.148814 validation_loss=0.594381 best=True
epoch=5/100 loss=0.106873 validation_loss=0.579798 best=True
epoch=6/100 loss=0.061578 validation_loss=0.655299 best=False
epoch=7/100 loss=0.044512 validation_loss=0.741598 best=False
epoch=8/100 loss=0.039741 validation_loss=0.830641 best=False
epoch=9/100 loss=0.031358 validation_loss=0.887782 best=False
epoch=10/100 loss=0.024372 validation_loss=0.911564 best=False
epoch=11/100 loss=0.022533 validation_loss=0.926507 best=False
epoch=12/100 loss=0.018996 validation_loss=0.953683 best=False
epoch=13/100 loss=0.016276 validation_loss=0.970044 best=False
epoch=14/100 loss=0.015600 validation_loss=0.981068 best=False
epoch=15/100 loss=0.021046 validation_loss=0.991755 best=False
fold=7/10 OOF_accuracy=0.833333 best_epoch=5
Device=cuda; inner stopping people=54; max_epochs=100; patience=10
epoch=1/100 loss=0.624441 validation_loss=0.698453 best=True
epoch=2/100 loss=0.348476 validation_loss=0.675384 best=True
epoch=3/100 loss=0.190405 validation_loss=0.625110 best=True
epoch=4/100 loss=0.142749 validation_loss=0.566424 best=True
epoch=5/100 loss=0.092755 validation_loss=0.530118 best=True
epoch=6/100 loss=0.058506 validation_loss=0.580724 best=False
epoch=7/100 loss=0.037728 validation_loss=0.630890 best=False
epoch=8/100 loss=0.040359 validation_loss=0.697074 best=False
epoch=9/100 loss=0.028630 validation_loss=0.758388 best=False
epoch=10/100 loss=0.023799 validation_loss=0.785216 best=False
epoch=11/100 loss=0.020265 validation_loss=0.810828 best=False
epoch=12/100 loss=0.019773 validation_loss=0.808087 best=False
epoch=13/100 loss=0.015754 validation_loss=0.815165 best=False
epoch=14/100 loss=0.014081 validation_loss=0.832138 best=False
epoch=15/100 loss=0.023396 validation_loss=0.838684 best=False
fold=8/10 OOF_accuracy=0.666667 best_epoch=5
Device=cuda; inner stopping people=54; max_epochs=100; patience=10
epoch=1/100 loss=0.637142 validation_loss=0.703035 best=True
epoch=2/100 loss=0.356200 validation_loss=0.702018 best=True
epoch=3/100 loss=0.198357 validation_loss=0.679850 best=True
epoch=4/100 loss=0.158235 validation_loss=0.572379 best=True
epoch=5/100 loss=0.107647 validation_loss=0.472789 best=True
epoch=6/100 loss=0.077912 validation_loss=0.498366 best=False
epoch=7/100 loss=0.050043 validation_loss=0.560097 best=False
epoch=8/100 loss=0.049823 validation_loss=0.623871 best=False
epoch=9/100 loss=0.033932 validation_loss=0.654924 best=False
epoch=10/100 loss=0.024601 validation_loss=0.676975 best=False
epoch=11/100 loss=0.020123 validation_loss=0.688930 best=False
epoch=12/100 loss=0.018918 validation_loss=0.707067 best=False
epoch=13/100 loss=0.016201 validation_loss=0.733336 best=False
epoch=14/100 loss=0.015412 validation_loss=0.745123 best=False
epoch=15/100 loss=0.024908 validation_loss=0.773872 best=False
fold=9/10 OOF_accuracy=0.666667 best_epoch=5
Device=cuda; inner stopping people=54; max_epochs=100; patience=10
epoch=1/100 loss=0.623844 validation_loss=0.701728 best=True
epoch=2/100 loss=0.353045 validation_loss=0.696821 best=True
epoch=3/100 loss=0.189416 validation_loss=0.670973 best=True
epoch=4/100 loss=0.133555 validation_loss=0.624662 best=True
epoch=5/100 loss=0.085102 validation_loss=0.662642 best=False
epoch=6/100 loss=0.057013 validation_loss=0.763510 best=False
epoch=7/100 loss=0.036478 validation_loss=0.843711 best=False
epoch=8/100 loss=0.035668 validation_loss=0.904824 best=False
epoch=9/100 loss=0.027714 validation_loss=0.968660 best=False
epoch=10/100 loss=0.021630 validation_loss=1.008921 best=False
epoch=11/100 loss=0.018249 validation_loss=1.056319 best=False
epoch=12/100 loss=0.017815 validation_loss=1.078030 best=False
epoch=13/100 loss=0.014948 validation_loss=1.109152 best=False
epoch=14/100 loss=0.014295 validation_loss=1.127334 best=False
fold=10/10 OOF_accuracy=0.666667 best_epoch=4
Frozen OOF threshold=0.70268070697784424; final refit epochs=5
Device=cuda; epochs=5; batch=32; model=MobileNetV2_1D
epoch=1/5 loss=0.600043 seconds=0.09
epoch=2/5 loss=0.306465 seconds=0.06
epoch=3/5 loss=0.169710 seconds=0.06
epoch=4/5 loss=0.126813 seconds=0.08
epoch=5/5 loss=0.083640 seconds=0.06
{"cv_oof": {"accuracy": 0.71, "balanced_accuracy": 0.6741898148148149, "sensitivity": 0.5462962962962963, "specificity": 0.8020833333333334, "f1_macro": 0.6776782957702995, "roc_auc": 0.722608024691358, "confusion_matrix": [[154, 38], [49, 59]], "classification_report": {"0": {"precision": 0.7586206896551724, "recall": 0.8020833333333334, "f1-score": 0.779746835443038, "support": 192.0}, "1": {"precision": 0.6082474226804123, "recall": 0.5462962962962963, "f1-score": 0.5756097560975609, "support": 108.0}, "accuracy": 0.71, "macro avg": {"precision": 0.6834340561677923, "recall": 0.6741898148148149, "f1-score": 0.6776782957702995, "support": 300.0}, "weighted avg": {"precision": 0.7044863135442587, "recall": 0.71, "f1-score": 0.7062574868786662, "support": 300.0}}}, "test": {"accuracy": 0.7808219178082192, "balanced_accuracy": 0.7610474631751227, "sensitivity": 0.6923076923076923, "specificity": 0.8297872340425532, "f1_macro": 0.7610474631751227, "roc_auc": 0.8657937806873978, "confusion_matrix": [[39, 8], [8, 18]], "classification_report": {"0": {"precision": 0.8297872340425532, "recall": 0.8297872340425532, "f1-score": 0.8297872340425532, "support": 47.0}, "1": {"precision": 0.6923076923076923, "recall": 0.6923076923076923, "f1-score": 0.6923076923076923, "support": 26.0}, "accuracy": 0.7808219178082192, "macro avg": {"precision": 0.7610474631751227, "recall": 0.7610474631751227, "f1-score": 0.7610474631751227, "support": 73.0}, "weighted avg": {"precision": 0.7808219178082192, "recall": 0.7808219178082192, "f1-score": 0.7808219178082192, "support": 73.0}}}, "test_default": {"accuracy": 0.7397260273972602, "balanced_accuracy": 0.7463175122749591, "sensitivity": 0.7692307692307693, "specificity": 0.723404255319149, "f1_macro": 0.729787648548607, "roc_auc": 0.8657937806873978, "confusion_matrix": [[34, 13], [6, 20]], "classification_report": {"0": {"precision": 0.85, "recall": 0.723404255319149, "f1-score": 0.7816091954022989, "support": 47.0}, "1": {"precision": 0.6060606060606061, "recall": 0.7692307692307693, "f1-score": 0.6779661016949152, "support": 26.0}, "accuracy": 0.7397260273972602, "macro avg": {"precision": 0.728030303030303, "recall": 0.7463175122749591, "f1-score": 0.729787648548607, "support": 73.0}, "weighted avg": {"precision": 0.7631174761311748, "recall": 0.7397260273972602, "f1-score": 0.7446952168215869, "support": 73.0}}}, "oof_threshold_selection": {"accuracy": 0.7266666666666667, "balanced_accuracy": 0.6345486111111112, "sensitivity": 0.3055555555555556, "specificity": 0.9635416666666666, "f1_macro": 0.6322650083712031, "roc_auc": 0.722608024691358, "confusion_matrix": [[185, 7], [75, 33]], "classification_report": {"0": {"precision": 0.7115384615384616, "recall": 0.9635416666666666, "f1-score": 0.8185840707964602, "support": 192.0}, "1": {"precision": 0.825, "recall": 0.3055555555555556, "f1-score": 0.44594594594594594, "support": 108.0}, "accuracy": 0.7266666666666667, "macro avg": {"precision": 0.7682692307692307, "recall": 0.6345486111111112, "f1-score": 0.6322650083712031, "support": 300.0}, "weighted avg": {"precision": 0.7523846153846153, "recall": 0.7266666666666667, "f1-score": 0.6844343458502751, "support": 300.0}}}, "decision_threshold": 0.7026807069778442, "folds": 10, "original_train_rows": 300, "train_rows": 300, "test_rows": 73, "final_epochs": 5, "elapsed_seconds": 12.34299999999348, "test_accuracy_change": 0.04109589041095896}
