Command: ["C:\\Users\\IHCK\\AppData\\Local\\Programs\\Python\\Python312\\python.exe", "-u", "C:\\Users\\IHCK\\Desktop\\1_10_69Final\\Hippocampal-Shape-Analysis-for-Epilepsy-Detection\\Model\\train_dataset_model.py", "--dataset", "coef_raw_balanced_jitter", "--side", "right", "--model", "MLP", "--kind", "coef", "--train-csv", "C:\\Users\\IHCK\\Desktop\\1_10_69Final\\Hippocampal-Shape-Analysis-for-Epilepsy-Detection\\Output_Dataset\\coef_raw_balanced_jitter\\right\\train_prepared.csv", "--test-csv", "C:\\Users\\IHCK\\Desktop\\1_10_69Final\\Hippocampal-Shape-Analysis-for-Epilepsy-Detection\\Output_Dataset\\coef_raw_balanced_jitter\\right\\test_prepared.csv", "--output-dir", "C:\\Users\\IHCK\\Desktop\\1_10_69Final\\Hippocampal-Shape-Analysis-for-Epilepsy-Detection\\Model_Results\\dataset_runs_20261004_earlystop_oof_threshold\\coef_raw_balanced_jitter\\right\\MLP", "--epochs", "100", "--folds", "10", "--pls-components", "8", "--seed", "42", "--threads", "2", "--tune-threshold", "--early-stopping", "--patience", "10", "--min-delta", "0.0001", "--stop-fraction", "0.2", "--mlp-max-epochs", "100"]
Inner early stopping: coef_raw_balanced_jitter/right/MLP; original Train=300 Test=77
epoch=1/100 loss=0.684467 validation_loss=0.5580377207138638 best=True
epoch=2/100 loss=0.532317 validation_loss=0.49098166763364826 best=True
epoch=3/100 loss=0.412939 validation_loss=0.43431023010353115 best=True
epoch=4/100 loss=0.323156 validation_loss=0.39011411659625517 best=True
epoch=5/100 loss=0.253791 validation_loss=0.35750598280326257 best=True
epoch=6/100 loss=0.199449 validation_loss=0.33657505344189476 best=True
epoch=7/100 loss=0.156289 validation_loss=0.32492430582936926 best=True
epoch=8/100 loss=0.123060 validation_loss=0.3200154185903923 best=True
epoch=9/100 loss=0.096965 validation_loss=0.3203331920384599 best=False
epoch=10/100 loss=0.076469 validation_loss=0.3239123469227388 best=False
epoch=11/100 loss=0.060986 validation_loss=0.330073300566658 best=False
epoch=12/100 loss=0.048726 validation_loss=0.33778146328410436 best=False
epoch=13/100 loss=0.039323 validation_loss=0.34705101943063854 best=False
epoch=14/100 loss=0.031840 validation_loss=0.35697042485898856 best=False
epoch=15/100 loss=0.026150 validation_loss=0.366981081019649 best=False
epoch=16/100 loss=0.021583 validation_loss=0.37717661285924486 best=False
epoch=17/100 loss=0.017963 validation_loss=0.3876163386380667 best=False
epoch=18/100 loss=0.014990 validation_loss=0.39785686875891274 best=False
fold=1/10 OOF_accuracy=0.700000 best_epoch=8
epoch=1/100 loss=0.711756 validation_loss=0.5982656734314075 best=True
epoch=2/100 loss=0.549489 validation_loss=0.5545534141667403 best=True
epoch=3/100 loss=0.425564 validation_loss=0.5182899825874575 best=True
epoch=4/100 loss=0.329667 validation_loss=0.4932885159094451 best=True
epoch=5/100 loss=0.255582 validation_loss=0.4817935001101294 best=True
epoch=6/100 loss=0.196786 validation_loss=0.4813367794154917 best=True
epoch=7/100 loss=0.150451 validation_loss=0.4884132480354476 best=False
epoch=8/100 loss=0.115258 validation_loss=0.5025259703207078 best=False
epoch=9/100 loss=0.088389 validation_loss=0.521689370348006 best=False
epoch=10/100 loss=0.068330 validation_loss=0.5438035472788066 best=False
epoch=11/100 loss=0.052618 validation_loss=0.5671141270138684 best=False
epoch=12/100 loss=0.041358 validation_loss=0.590505649437622 best=False
epoch=13/100 loss=0.032386 validation_loss=0.6129909207220579 best=False
epoch=14/100 loss=0.025943 validation_loss=0.6347816817163557 best=False
epoch=15/100 loss=0.020712 validation_loss=0.6557110430386104 best=False
epoch=16/100 loss=0.016953 validation_loss=0.675836254657087 best=False
fold=2/10 OOF_accuracy=0.900000 best_epoch=6
epoch=1/100 loss=0.618682 validation_loss=0.5867146807528694 best=True
epoch=2/100 loss=0.464794 validation_loss=0.5437193008145853 best=True
epoch=3/100 loss=0.350411 validation_loss=0.5126780161929737 best=True
epoch=4/100 loss=0.268066 validation_loss=0.49313319853024257 best=True
epoch=5/100 loss=0.207383 validation_loss=0.4808165750757784 best=True
epoch=6/100 loss=0.161782 validation_loss=0.47493768288638605 best=True
epoch=7/100 loss=0.127268 validation_loss=0.4745298909326706 best=True
epoch=8/100 loss=0.100775 validation_loss=0.4765716754303294 best=False
epoch=9/100 loss=0.079804 validation_loss=0.48169236683386096 best=False
epoch=10/100 loss=0.064306 validation_loss=0.48989190950969724 best=False
epoch=11/100 loss=0.051837 validation_loss=0.5022063515167927 best=False
epoch=12/100 loss=0.042382 validation_loss=0.5177536759660506 best=False
epoch=13/100 loss=0.034887 validation_loss=0.5350857237793216 best=False
epoch=14/100 loss=0.028883 validation_loss=0.5529522582448498 best=False
epoch=15/100 loss=0.024081 validation_loss=0.5720582637595271 best=False
epoch=16/100 loss=0.020386 validation_loss=0.5917224969733175 best=False
epoch=17/100 loss=0.017306 validation_loss=0.6108076992533908 best=False
fold=3/10 OOF_accuracy=0.800000 best_epoch=7
epoch=1/100 loss=0.711492 validation_loss=0.5861271656331256 best=True
epoch=2/100 loss=0.564929 validation_loss=0.5309904184222247 best=True
epoch=3/100 loss=0.447392 validation_loss=0.4839670821983763 best=True
epoch=4/100 loss=0.354522 validation_loss=0.4453387333125254 best=True
epoch=5/100 loss=0.280053 validation_loss=0.414198050158194 best=True
epoch=6/100 loss=0.221696 validation_loss=0.3903896974002702 best=True
epoch=7/100 loss=0.174693 validation_loss=0.3728797345585865 best=True
epoch=8/100 loss=0.137616 validation_loss=0.35970388526181524 best=True
epoch=9/100 loss=0.108451 validation_loss=0.3505815691316253 best=True
epoch=10/100 loss=0.085266 validation_loss=0.34639182341940883 best=True
epoch=11/100 loss=0.067530 validation_loss=0.3465057482396204 best=False
epoch=12/100 loss=0.053631 validation_loss=0.3494732032942973 best=False
epoch=13/100 loss=0.042491 validation_loss=0.3550691471433557 best=False
epoch=14/100 loss=0.034338 validation_loss=0.3624331215190789 best=False
epoch=15/100 loss=0.027498 validation_loss=0.3715670966797719 best=False
epoch=16/100 loss=0.022363 validation_loss=0.38257741614204305 best=False
epoch=17/100 loss=0.018665 validation_loss=0.39391898092069905 best=False
epoch=18/100 loss=0.015440 validation_loss=0.40511264935672703 best=False
epoch=19/100 loss=0.012940 validation_loss=0.4155032518346747 best=False
epoch=20/100 loss=0.010874 validation_loss=0.4253755906298397 best=False
fold=4/10 OOF_accuracy=0.866667 best_epoch=10
epoch=1/100 loss=0.622971 validation_loss=0.5615625212634809 best=True
epoch=2/100 loss=0.471440 validation_loss=0.5010989130126758 best=True
epoch=3/100 loss=0.353309 validation_loss=0.4612058764422538 best=True
epoch=4/100 loss=0.267798 validation_loss=0.43689661340939623 best=True
epoch=5/100 loss=0.203825 validation_loss=0.42408221821201136 best=True
epoch=6/100 loss=0.156803 validation_loss=0.41956958802828154 best=True
epoch=7/100 loss=0.121771 validation_loss=0.42241152475221383 best=False
epoch=8/100 loss=0.095660 validation_loss=0.4314160339155822 best=False
epoch=9/100 loss=0.075808 validation_loss=0.44325061411127853 best=False
epoch=10/100 loss=0.060079 validation_loss=0.457161644236287 best=False
epoch=11/100 loss=0.048412 validation_loss=0.47164402996382426 best=False
epoch=12/100 loss=0.039243 validation_loss=0.4862807150411094 best=False
epoch=13/100 loss=0.031633 validation_loss=0.501118507450457 best=False
epoch=14/100 loss=0.025855 validation_loss=0.516523229375445 best=False
epoch=15/100 loss=0.021587 validation_loss=0.5312437528483928 best=False
epoch=16/100 loss=0.018087 validation_loss=0.546104416112925 best=False
fold=5/10 OOF_accuracy=0.933333 best_epoch=6
epoch=1/100 loss=0.705688 validation_loss=0.5786697499919363 best=True
epoch=2/100 loss=0.550431 validation_loss=0.5290069597545589 best=True
epoch=3/100 loss=0.431450 validation_loss=0.4906361551183926 best=True
epoch=4/100 loss=0.342354 validation_loss=0.460755960874528 best=True
epoch=5/100 loss=0.271182 validation_loss=0.4386469422724393 best=True
epoch=6/100 loss=0.215865 validation_loss=0.4230735161197259 best=True
epoch=7/100 loss=0.171758 validation_loss=0.4144659070854472 best=True
epoch=8/100 loss=0.136154 validation_loss=0.4142501646484933 best=True
epoch=9/100 loss=0.107746 validation_loss=0.4189515164044322 best=False
epoch=10/100 loss=0.084081 validation_loss=0.4264630261570041 best=False
epoch=11/100 loss=0.066602 validation_loss=0.4368629135724935 best=False
epoch=12/100 loss=0.052131 validation_loss=0.44956741256793287 best=False
epoch=13/100 loss=0.041619 validation_loss=0.46422976923055004 best=False
epoch=14/100 loss=0.033291 validation_loss=0.4818155031653019 best=False
epoch=15/100 loss=0.026699 validation_loss=0.4998683197027016 best=False
epoch=16/100 loss=0.021809 validation_loss=0.5183948940388153 best=False
epoch=17/100 loss=0.018213 validation_loss=0.5373016784093914 best=False
epoch=18/100 loss=0.015288 validation_loss=0.5568672419391282 best=False
fold=6/10 OOF_accuracy=0.866667 best_epoch=8
epoch=1/100 loss=0.675567 validation_loss=0.567923012361989 best=True
epoch=2/100 loss=0.530126 validation_loss=0.49577319437632283 best=True
epoch=3/100 loss=0.418432 validation_loss=0.4408719771306092 best=True
epoch=4/100 loss=0.331819 validation_loss=0.39835617922183697 best=True
epoch=5/100 loss=0.264741 validation_loss=0.36697193805670314 best=True
epoch=6/100 loss=0.210079 validation_loss=0.34512013224603644 best=True
epoch=7/100 loss=0.167662 validation_loss=0.3288438316781356 best=True
epoch=8/100 loss=0.132982 validation_loss=0.317747818818154 best=True
epoch=9/100 loss=0.105339 validation_loss=0.3113722705468638 best=True
epoch=10/100 loss=0.083215 validation_loss=0.30849866764809125 best=True
epoch=11/100 loss=0.065851 validation_loss=0.30828011715773557 best=True
epoch=12/100 loss=0.052385 validation_loss=0.30879063428059406 best=False
epoch=13/100 loss=0.042212 validation_loss=0.3102352816785961 best=False
epoch=14/100 loss=0.033977 validation_loss=0.3139702320195899 best=False
epoch=15/100 loss=0.027562 validation_loss=0.3186065828013876 best=False
epoch=16/100 loss=0.022878 validation_loss=0.3241592960456182 best=False
epoch=17/100 loss=0.018948 validation_loss=0.33086552792003976 best=False
epoch=18/100 loss=0.016047 validation_loss=0.3390949023072553 best=False
epoch=19/100 loss=0.013654 validation_loss=0.3479642028072919 best=False
epoch=20/100 loss=0.011790 validation_loss=0.35839072289704293 best=False
epoch=21/100 loss=0.010180 validation_loss=0.36937660176126247 best=False
fold=7/10 OOF_accuracy=0.733333 best_epoch=11
epoch=1/100 loss=0.707130 validation_loss=0.6154320970792262 best=True
epoch=2/100 loss=0.549590 validation_loss=0.5546652670472271 best=True
epoch=3/100 loss=0.424031 validation_loss=0.5043888173922707 best=True
epoch=4/100 loss=0.323942 validation_loss=0.46435882007240403 best=True
epoch=5/100 loss=0.245540 validation_loss=0.4357516487773277 best=True
epoch=6/100 loss=0.186156 validation_loss=0.4176662252428552 best=True
epoch=7/100 loss=0.141104 validation_loss=0.40838151204638545 best=True
epoch=8/100 loss=0.107146 validation_loss=0.4052714752519073 best=True
epoch=9/100 loss=0.081578 validation_loss=0.40522734909066715 best=True
epoch=10/100 loss=0.062513 validation_loss=0.40892158036284115 best=False
epoch=11/100 loss=0.048433 validation_loss=0.41496372429272116 best=False
epoch=12/100 loss=0.037857 validation_loss=0.4222446346903441 best=False
epoch=13/100 loss=0.030200 validation_loss=0.4297785750895882 best=False
epoch=14/100 loss=0.024249 validation_loss=0.43802049542572485 best=False
epoch=15/100 loss=0.019891 validation_loss=0.4457459547008917 best=False
epoch=16/100 loss=0.016428 validation_loss=0.4523623339658541 best=False
epoch=17/100 loss=0.013853 validation_loss=0.4588783557810481 best=False
epoch=18/100 loss=0.011807 validation_loss=0.46509366854765977 best=False
fold=8/10 OOF_accuracy=0.833333 best_epoch=9
epoch=1/100 loss=0.687743 validation_loss=0.6019486407778083 best=True
epoch=2/100 loss=0.541529 validation_loss=0.5548206297235018 best=True
epoch=3/100 loss=0.427247 validation_loss=0.5172015839951164 best=True
epoch=4/100 loss=0.338827 validation_loss=0.48845041856097415 best=True
epoch=5/100 loss=0.268609 validation_loss=0.4677469024694117 best=True
epoch=6/100 loss=0.211969 validation_loss=0.45371190262417005 best=True
epoch=7/100 loss=0.167037 validation_loss=0.4470060196497927 best=True
epoch=8/100 loss=0.130164 validation_loss=0.4467528567268992 best=True
epoch=9/100 loss=0.102239 validation_loss=0.45193391441767183 best=False
epoch=10/100 loss=0.080268 validation_loss=0.4621750890059372 best=False
epoch=11/100 loss=0.063351 validation_loss=0.4763680459561808 best=False
epoch=12/100 loss=0.050050 validation_loss=0.4931210621455925 best=False
epoch=13/100 loss=0.040076 validation_loss=0.5119164692523681 best=False
epoch=14/100 loss=0.032411 validation_loss=0.5314676505585394 best=False
epoch=15/100 loss=0.026546 validation_loss=0.5508280654210866 best=False
epoch=16/100 loss=0.022036 validation_loss=0.5704315152528368 best=False
epoch=17/100 loss=0.018473 validation_loss=0.5894445815418708 best=False
epoch=18/100 loss=0.015723 validation_loss=0.607746766943862 best=False
fold=9/10 OOF_accuracy=0.866667 best_epoch=8
epoch=1/100 loss=0.611510 validation_loss=0.5888177343330844 best=True
epoch=2/100 loss=0.468610 validation_loss=0.5341341947740164 best=True
epoch=3/100 loss=0.359968 validation_loss=0.4838819687878703 best=True
epoch=4/100 loss=0.278918 validation_loss=0.4405554570207113 best=True
epoch=5/100 loss=0.216076 validation_loss=0.40511388229231954 best=True
epoch=6/100 loss=0.167561 validation_loss=0.3787340978655615 best=True
epoch=7/100 loss=0.130163 validation_loss=0.3599929303359875 best=True
epoch=8/100 loss=0.101124 validation_loss=0.3473804365268248 best=True
epoch=9/100 loss=0.079161 validation_loss=0.33921010738853613 best=True
epoch=10/100 loss=0.062365 validation_loss=0.3335609006157475 best=True
epoch=11/100 loss=0.049146 validation_loss=0.33013591270441994 best=True
epoch=12/100 loss=0.038914 validation_loss=0.3284798170567883 best=True
epoch=13/100 loss=0.031117 validation_loss=0.3276677582842232 best=True
epoch=14/100 loss=0.025318 validation_loss=0.3282162857239942 best=False
epoch=15/100 loss=0.020834 validation_loss=0.32992688494809147 best=False
epoch=16/100 loss=0.017151 validation_loss=0.3325937578016726 best=False
epoch=17/100 loss=0.014396 validation_loss=0.33576117903749614 best=False
epoch=18/100 loss=0.012215 validation_loss=0.3396507751895791 best=False
epoch=19/100 loss=0.010477 validation_loss=0.34385652138319367 best=False
epoch=20/100 loss=0.009085 validation_loss=0.34822765679488665 best=False
epoch=21/100 loss=0.007970 validation_loss=0.35269682638167416 best=False
epoch=22/100 loss=0.007092 validation_loss=0.35739939351956157 best=False
epoch=23/100 loss=0.006293 validation_loss=0.36235300668411036 best=False
fold=10/10 OOF_accuracy=0.800000 best_epoch=13
Frozen OOF threshold=0.56610482931137085; final refit epochs=8
epoch=1/8 loss=0.682199 validation_loss=None best=False
epoch=2/8 loss=0.487429 validation_loss=None best=False
epoch=3/8 loss=0.354602 validation_loss=None best=False
epoch=4/8 loss=0.260367 validation_loss=None best=False
epoch=5/8 loss=0.193934 validation_loss=None best=False
epoch=6/8 loss=0.146435 validation_loss=None best=False
epoch=7/8 loss=0.111744 validation_loss=None best=False
epoch=8/8 loss=0.087093 validation_loss=None best=False
{"cv_oof": {"accuracy": 0.83, "balanced_accuracy": 0.7668696093353627, "sensitivity": 0.6296296296296297, "specificity": 0.9041095890410958, "f1_macro": 0.7762863534675615, "roc_auc": 0.8413664806358869, "confusion_matrix": [[198, 21], [30, 51]], "classification_report": {"0": {"precision": 0.868421052631579, "recall": 0.9041095890410958, "f1-score": 0.8859060402684564, "support": 219.0}, "1": {"precision": 0.7083333333333334, "recall": 0.6296296296296297, "f1-score": 0.6666666666666666, "support": 81.0}, "accuracy": 0.83, "macro avg": {"precision": 0.7883771929824561, "recall": 0.7668696093353627, "f1-score": 0.7762863534675615, "support": 300.0}, "weighted avg": {"precision": 0.8251973684210527, "recall": 0.83, "f1-score": 0.8267114093959732, "support": 300.0}}}, "test": {"accuracy": 0.8441558441558441, "balanced_accuracy": 0.7589285714285714, "sensitivity": 0.5714285714285714, "specificity": 0.9464285714285714, "f1_macro": 0.7824858757062148, "roc_auc": 0.852891156462585, "confusion_matrix": [[53, 3], [9, 12]], "classification_report": {"0": {"precision": 0.8548387096774194, "recall": 0.9464285714285714, "f1-score": 0.8983050847457628, "support": 56.0}, "1": {"precision": 0.8, "recall": 0.5714285714285714, "f1-score": 0.6666666666666666, "support": 21.0}, "accuracy": 0.8441558441558441, "macro avg": {"precision": 0.8274193548387097, "recall": 0.7589285714285714, "f1-score": 0.7824858757062148, "support": 77.0}, "weighted avg": {"precision": 0.839882697947214, "recall": 0.8441558441558441, "f1-score": 0.8351309707241911, "support": 77.0}}}, "test_default": {"accuracy": 0.8441558441558441, "balanced_accuracy": 0.7589285714285714, "sensitivity": 0.5714285714285714, "specificity": 0.9464285714285714, "f1_macro": 0.7824858757062148, "roc_auc": 0.852891156462585, "confusion_matrix": [[53, 3], [9, 12]], "classification_report": {"0": {"precision": 0.8548387096774194, "recall": 0.9464285714285714, "f1-score": 0.8983050847457628, "support": 56.0}, "1": {"precision": 0.8, "recall": 0.5714285714285714, "f1-score": 0.6666666666666666, "support": 21.0}, "accuracy": 0.8441558441558441, "macro avg": {"precision": 0.8274193548387097, "recall": 0.7589285714285714, "f1-score": 0.7824858757062148, "support": 77.0}, "weighted avg": {"precision": 0.839882697947214, "recall": 0.8441558441558441, "f1-score": 0.8351309707241911, "support": 77.0}}}, "oof_threshold_selection": {"accuracy": 0.85, "balanced_accuracy": 0.7766785049890073, "sensitivity": 0.6172839506172839, "specificity": 0.9360730593607306, "f1_macro": 0.7953770367563471, "roc_auc": 0.8413664806358869, "confusion_matrix": [[205, 14], [31, 50]], "classification_report": {"0": {"precision": 0.8686440677966102, "recall": 0.9360730593607306, "f1-score": 0.9010989010989011, "support": 219.0}, "1": {"precision": 0.78125, "recall": 0.6172839506172839, "f1-score": 0.6896551724137931, "support": 81.0}, "accuracy": 0.85, "macro avg": {"precision": 0.8249470338983051, "recall": 0.7766785049890073, "f1-score": 0.7953770367563471, "support": 300.0}, "weighted avg": {"precision": 0.8450476694915254, "recall": 0.85, "f1-score": 0.844009094353922, "support": 300.0}}}, "decision_threshold": 0.5661048293113708, "folds": 10, "original_train_rows": 300, "train_rows": 438, "test_rows": 77, "final_epochs": 8, "elapsed_seconds": 2.031000000075437, "test_accuracy_change": 0.0}
