Command: ["C:\\Users\\IHCK\\AppData\\Local\\Programs\\Python\\Python312\\python.exe", "-u", "C:\\Users\\IHCK\\Desktop\\1_10_69Final\\Hippocampal-Shape-Analysis-for-Epilepsy-Detection\\Model\\train_dataset_model.py", "--dataset", "coef_raw_balanced_jitter", "--side", "left", "--model", "MobileNet", "--kind", "coef", "--train-csv", "C:\\Users\\IHCK\\Desktop\\1_10_69Final\\Hippocampal-Shape-Analysis-for-Epilepsy-Detection\\Output_Dataset\\coef_raw_balanced_jitter\\left\\train_prepared.csv", "--test-csv", "C:\\Users\\IHCK\\Desktop\\1_10_69Final\\Hippocampal-Shape-Analysis-for-Epilepsy-Detection\\Output_Dataset\\coef_raw_balanced_jitter\\left\\test_prepared.csv", "--output-dir", "C:\\Users\\IHCK\\Desktop\\1_10_69Final\\Hippocampal-Shape-Analysis-for-Epilepsy-Detection\\Model_Results\\dataset_runs_20261004_earlystop_oof_threshold\\coef_raw_balanced_jitter\\left\\MobileNet", "--epochs", "100", "--folds", "10", "--pls-components", "8", "--seed", "42", "--threads", "2", "--tune-threshold", "--early-stopping", "--patience", "10", "--min-delta", "0.0001", "--stop-fraction", "0.2", "--mlp-max-epochs", "100"]
Inner early stopping: coef_raw_balanced_jitter/left/MobileNet; original Train=300 Test=73
Device=cuda; inner stopping people=54; max_epochs=100; patience=10
epoch=1/100 loss=0.529821 validation_loss=0.706571 best=True
epoch=2/100 loss=0.242940 validation_loss=0.716628 best=False
epoch=3/100 loss=0.105533 validation_loss=0.673249 best=True
epoch=4/100 loss=0.094216 validation_loss=0.584941 best=True
epoch=5/100 loss=0.049070 validation_loss=0.605930 best=False
epoch=6/100 loss=0.037719 validation_loss=0.738862 best=False
epoch=7/100 loss=0.029988 validation_loss=0.814561 best=False
epoch=8/100 loss=0.030504 validation_loss=0.782433 best=False
epoch=9/100 loss=0.020690 validation_loss=0.816241 best=False
epoch=10/100 loss=0.030180 validation_loss=0.970273 best=False
epoch=11/100 loss=0.023049 validation_loss=0.888519 best=False
epoch=12/100 loss=0.037454 validation_loss=1.040288 best=False
epoch=13/100 loss=0.025011 validation_loss=1.091886 best=False
epoch=14/100 loss=0.011341 validation_loss=1.017547 best=False
fold=1/10 OOF_accuracy=0.666667 best_epoch=4
Device=cuda; inner stopping people=54; max_epochs=100; patience=10
epoch=1/100 loss=0.545587 validation_loss=0.705295 best=True
epoch=2/100 loss=0.264072 validation_loss=0.692247 best=True
epoch=3/100 loss=0.113941 validation_loss=0.605754 best=True
epoch=4/100 loss=0.091568 validation_loss=0.620578 best=False
epoch=5/100 loss=0.042959 validation_loss=0.687671 best=False
epoch=6/100 loss=0.029895 validation_loss=0.810589 best=False
epoch=7/100 loss=0.025927 validation_loss=0.873920 best=False
epoch=8/100 loss=0.020404 validation_loss=0.847920 best=False
epoch=9/100 loss=0.018258 validation_loss=0.893869 best=False
epoch=10/100 loss=0.030520 validation_loss=0.951857 best=False
epoch=11/100 loss=0.016981 validation_loss=1.018534 best=False
epoch=12/100 loss=0.019038 validation_loss=1.114109 best=False
epoch=13/100 loss=0.009084 validation_loss=0.989246 best=False
fold=2/10 OOF_accuracy=0.633333 best_epoch=3
Device=cuda; inner stopping people=54; max_epochs=100; patience=10
epoch=1/100 loss=0.501986 validation_loss=0.691645 best=True
epoch=2/100 loss=0.226231 validation_loss=0.650857 best=True
epoch=3/100 loss=0.111830 validation_loss=0.595598 best=True
epoch=4/100 loss=0.088033 validation_loss=0.614087 best=False
epoch=5/100 loss=0.049432 validation_loss=0.801341 best=False
epoch=6/100 loss=0.031448 validation_loss=0.908790 best=False
epoch=7/100 loss=0.029101 validation_loss=0.997383 best=False
epoch=8/100 loss=0.034220 validation_loss=1.009069 best=False
epoch=9/100 loss=0.015865 validation_loss=0.997168 best=False
epoch=10/100 loss=0.017601 validation_loss=0.993087 best=False
epoch=11/100 loss=0.013080 validation_loss=1.018899 best=False
epoch=12/100 loss=0.010102 validation_loss=1.073397 best=False
epoch=13/100 loss=0.007008 validation_loss=1.117207 best=False
fold=3/10 OOF_accuracy=0.733333 best_epoch=3
Device=cuda; inner stopping people=54; max_epochs=100; patience=10
epoch=1/100 loss=0.517718 validation_loss=0.721647 best=True
epoch=2/100 loss=0.231817 validation_loss=0.772722 best=False
epoch=3/100 loss=0.107469 validation_loss=0.740469 best=False
epoch=4/100 loss=0.100317 validation_loss=0.707278 best=True
epoch=5/100 loss=0.061237 validation_loss=0.857598 best=False
epoch=6/100 loss=0.038632 validation_loss=0.999865 best=False
epoch=7/100 loss=0.033685 validation_loss=1.100693 best=False
epoch=8/100 loss=0.024277 validation_loss=1.150568 best=False
epoch=9/100 loss=0.017977 validation_loss=1.109155 best=False
epoch=10/100 loss=0.014968 validation_loss=1.128238 best=False
epoch=11/100 loss=0.012364 validation_loss=1.145773 best=False
epoch=12/100 loss=0.009192 validation_loss=1.187734 best=False
epoch=13/100 loss=0.006781 validation_loss=1.177975 best=False
epoch=14/100 loss=0.008540 validation_loss=1.204222 best=False
fold=4/10 OOF_accuracy=0.800000 best_epoch=4
Device=cuda; inner stopping people=54; max_epochs=100; patience=10
epoch=1/100 loss=0.541189 validation_loss=0.696190 best=True
epoch=2/100 loss=0.267886 validation_loss=0.672382 best=True
epoch=3/100 loss=0.110072 validation_loss=0.588648 best=True
epoch=4/100 loss=0.101575 validation_loss=0.636570 best=False
epoch=5/100 loss=0.065106 validation_loss=0.780613 best=False
epoch=6/100 loss=0.036894 validation_loss=0.982581 best=False
epoch=7/100 loss=0.029348 validation_loss=1.070754 best=False
epoch=8/100 loss=0.020346 validation_loss=1.061467 best=False
epoch=9/100 loss=0.016813 validation_loss=1.154289 best=False
epoch=10/100 loss=0.015799 validation_loss=1.202002 best=False
epoch=11/100 loss=0.015123 validation_loss=1.202220 best=False
epoch=12/100 loss=0.020219 validation_loss=1.191989 best=False
epoch=13/100 loss=0.013030 validation_loss=1.253735 best=False
fold=5/10 OOF_accuracy=0.733333 best_epoch=3
Device=cuda; inner stopping people=54; max_epochs=100; patience=10
epoch=1/100 loss=0.529289 validation_loss=0.716163 best=True
epoch=2/100 loss=0.240806 validation_loss=0.734043 best=False
epoch=3/100 loss=0.106671 validation_loss=0.737896 best=False
epoch=4/100 loss=0.094921 validation_loss=0.689050 best=True
epoch=5/100 loss=0.045466 validation_loss=0.735825 best=False
epoch=6/100 loss=0.049604 validation_loss=0.884863 best=False
epoch=7/100 loss=0.044793 validation_loss=0.881409 best=False
epoch=8/100 loss=0.026390 validation_loss=0.917643 best=False
epoch=9/100 loss=0.020913 validation_loss=1.009032 best=False
epoch=10/100 loss=0.021199 validation_loss=1.049329 best=False
epoch=11/100 loss=0.027906 validation_loss=1.184336 best=False
epoch=12/100 loss=0.010873 validation_loss=1.062230 best=False
epoch=13/100 loss=0.014141 validation_loss=1.098668 best=False
epoch=14/100 loss=0.010465 validation_loss=1.113634 best=False
fold=6/10 OOF_accuracy=0.833333 best_epoch=4
Device=cuda; inner stopping people=54; max_epochs=100; patience=10
epoch=1/100 loss=0.542849 validation_loss=0.718216 best=True
epoch=2/100 loss=0.266644 validation_loss=0.765166 best=False
epoch=3/100 loss=0.126254 validation_loss=0.715015 best=True
epoch=4/100 loss=0.102504 validation_loss=0.683166 best=True
epoch=5/100 loss=0.044739 validation_loss=0.791016 best=False
epoch=6/100 loss=0.030857 validation_loss=0.921674 best=False
epoch=7/100 loss=0.028641 validation_loss=0.986762 best=False
epoch=8/100 loss=0.023042 validation_loss=1.055704 best=False
epoch=9/100 loss=0.022736 validation_loss=1.079980 best=False
epoch=10/100 loss=0.022361 validation_loss=1.189571 best=False
epoch=11/100 loss=0.025319 validation_loss=1.146134 best=False
epoch=12/100 loss=0.014478 validation_loss=1.127594 best=False
epoch=13/100 loss=0.009442 validation_loss=1.197435 best=False
epoch=14/100 loss=0.011803 validation_loss=1.236104 best=False
fold=7/10 OOF_accuracy=0.766667 best_epoch=4
Device=cuda; inner stopping people=54; max_epochs=100; patience=10
epoch=1/100 loss=0.549147 validation_loss=0.714388 best=True
epoch=2/100 loss=0.273459 validation_loss=0.719852 best=False
epoch=3/100 loss=0.113220 validation_loss=0.596805 best=True
epoch=4/100 loss=0.083368 validation_loss=0.548056 best=True
epoch=5/100 loss=0.044751 validation_loss=0.635725 best=False
epoch=6/100 loss=0.033317 validation_loss=0.740713 best=False
epoch=7/100 loss=0.024241 validation_loss=0.755174 best=False
epoch=8/100 loss=0.019634 validation_loss=0.862481 best=False
epoch=9/100 loss=0.015346 validation_loss=0.883693 best=False
epoch=10/100 loss=0.013680 validation_loss=0.845519 best=False
epoch=11/100 loss=0.014808 validation_loss=0.873301 best=False
epoch=12/100 loss=0.009093 validation_loss=1.054994 best=False
epoch=13/100 loss=0.009857 validation_loss=1.099217 best=False
epoch=14/100 loss=0.010086 validation_loss=1.018850 best=False
fold=8/10 OOF_accuracy=0.700000 best_epoch=4
Device=cuda; inner stopping people=54; max_epochs=100; patience=10
epoch=1/100 loss=0.518629 validation_loss=0.718847 best=True
epoch=2/100 loss=0.243311 validation_loss=0.763151 best=False
epoch=3/100 loss=0.128505 validation_loss=0.754160 best=False
epoch=4/100 loss=0.109536 validation_loss=0.582452 best=True
epoch=5/100 loss=0.063847 validation_loss=0.540395 best=True
epoch=6/100 loss=0.039912 validation_loss=0.594074 best=False
epoch=7/100 loss=0.036085 validation_loss=0.666588 best=False
epoch=8/100 loss=0.021352 validation_loss=0.672934 best=False
epoch=9/100 loss=0.027955 validation_loss=0.685731 best=False
epoch=10/100 loss=0.023073 validation_loss=0.815016 best=False
epoch=11/100 loss=0.022050 validation_loss=0.853398 best=False
epoch=12/100 loss=0.018605 validation_loss=0.949663 best=False
epoch=13/100 loss=0.023807 validation_loss=0.873407 best=False
epoch=14/100 loss=0.013572 validation_loss=0.750592 best=False
epoch=15/100 loss=0.015205 validation_loss=0.802237 best=False
fold=9/10 OOF_accuracy=0.700000 best_epoch=5
Device=cuda; inner stopping people=54; max_epochs=100; patience=10
epoch=1/100 loss=0.534724 validation_loss=0.705573 best=True
epoch=2/100 loss=0.253958 validation_loss=0.706893 best=False
epoch=3/100 loss=0.108746 validation_loss=0.670181 best=True
epoch=4/100 loss=0.086516 validation_loss=0.695354 best=False
epoch=5/100 loss=0.042375 validation_loss=0.898557 best=False
epoch=6/100 loss=0.028491 validation_loss=1.073446 best=False
epoch=7/100 loss=0.029528 validation_loss=1.159969 best=False
epoch=8/100 loss=0.020287 validation_loss=1.221460 best=False
epoch=9/100 loss=0.019781 validation_loss=1.188491 best=False
epoch=10/100 loss=0.015433 validation_loss=1.227058 best=False
epoch=11/100 loss=0.012496 validation_loss=1.270474 best=False
epoch=12/100 loss=0.008390 validation_loss=1.308775 best=False
epoch=13/100 loss=0.007130 validation_loss=1.323242 best=False
fold=10/10 OOF_accuracy=0.633333 best_epoch=3
Frozen OOF threshold=0.56515812873840332; final refit epochs=4
Device=cuda; epochs=4; batch=32; model=MobileNetV2_1D
epoch=1/4 loss=0.505414 seconds=0.08
epoch=2/4 loss=0.224925 seconds=0.08
epoch=3/4 loss=0.117517 seconds=0.08
epoch=4/4 loss=0.063520 seconds=0.08
{"cv_oof": {"accuracy": 0.72, "balanced_accuracy": 0.6941550925925926, "sensitivity": 0.6018518518518519, "specificity": 0.7864583333333334, "f1_macro": 0.6949300276015689, "roc_auc": 0.7611400462962963, "confusion_matrix": [[151, 41], [43, 65]], "classification_report": {"0": {"precision": 0.7783505154639175, "recall": 0.7864583333333334, "f1-score": 0.7823834196891192, "support": 192.0}, "1": {"precision": 0.6132075471698113, "recall": 0.6018518518518519, "f1-score": 0.6074766355140186, "support": 108.0}, "accuracy": 0.72, "macro avg": {"precision": 0.6957790313168644, "recall": 0.6941550925925926, "f1-score": 0.6949300276015689, "support": 300.0}, "weighted avg": {"precision": 0.7188990468780393, "recall": 0.72, "f1-score": 0.719416977386083, "support": 300.0}}}, "test": {"accuracy": 0.821917808219178, "balanced_accuracy": 0.792962356792144, "sensitivity": 0.6923076923076923, "specificity": 0.8936170212765957, "f1_macro": 0.8003366294971597, "roc_auc": 0.869885433715221, "confusion_matrix": [[42, 5], [8, 18]], "classification_report": {"0": {"precision": 0.84, "recall": 0.8936170212765957, "f1-score": 0.865979381443299, "support": 47.0}, "1": {"precision": 0.782608695652174, "recall": 0.6923076923076923, "f1-score": 0.7346938775510204, "support": 26.0}, "accuracy": 0.821917808219178, "macro avg": {"precision": 0.811304347826087, "recall": 0.792962356792144, "f1-score": 0.8003366294971597, "support": 73.0}, "weighted avg": {"precision": 0.8195592614651578, "recall": 0.821917808219178, "f1-score": 0.8192201608789258, "support": 73.0}}}, "test_default": {"accuracy": 0.821917808219178, "balanced_accuracy": 0.8015548281505729, "sensitivity": 0.7307692307692307, "specificity": 0.8723404255319149, "f1_macro": 0.8041279669762642, "roc_auc": 0.869885433715221, "confusion_matrix": [[41, 6], [7, 19]], "classification_report": {"0": {"precision": 0.8541666666666666, "recall": 0.8723404255319149, "f1-score": 0.8631578947368421, "support": 47.0}, "1": {"precision": 0.76, "recall": 0.7307692307692307, "f1-score": 0.7450980392156863, "support": 26.0}, "accuracy": 0.821917808219178, "macro avg": {"precision": 0.8070833333333334, "recall": 0.8015548281505729, "f1-score": 0.8041279669762642, "support": 73.0}, "weighted avg": {"precision": 0.8206278538812786, "recall": 0.821917808219178, "f1-score": 0.8211091790717729, "support": 73.0}}}, "oof_threshold_selection": {"accuracy": 0.74, "balanced_accuracy": 0.7016782407407407, "sensitivity": 0.5648148148148148, "specificity": 0.8385416666666666, "f1_macro": 0.7075, "roc_auc": 0.7611400462962963, "confusion_matrix": [[161, 31], [47, 61]], "classification_report": {"0": {"precision": 0.7740384615384616, "recall": 0.8385416666666666, "f1-score": 0.805, "support": 192.0}, "1": {"precision": 0.6630434782608695, "recall": 0.5648148148148148, "f1-score": 0.61, "support": 108.0}, "accuracy": 0.74, "macro avg": {"precision": 0.7185409698996655, "recall": 0.7016782407407407, "f1-score": 0.7075, "support": 300.0}, "weighted avg": {"precision": 0.7340802675585284, "recall": 0.74, "f1-score": 0.7348, "support": 300.0}}}, "decision_threshold": 0.5651581287384033, "folds": 10, "original_train_rows": 300, "train_rows": 384, "test_rows": 73, "final_epochs": 4, "elapsed_seconds": 14.062999999965541, "test_accuracy_change": 0.0}
