Command: ["C:\\Users\\IHCK\\AppData\\Local\\Programs\\Python\\Python312\\python.exe", "-u", "C:\\Users\\IHCK\\Desktop\\1_10_69Final\\Hippocampal-Shape-Analysis-for-Epilepsy-Detection\\Model\\train_dataset_model.py", "--dataset", "plsda_latent_features", "--side", "left", "--model", "MLP", "--kind", "latent", "--train-csv", "C:\\Users\\IHCK\\Desktop\\1_10_69Final\\Hippocampal-Shape-Analysis-for-Epilepsy-Detection\\Output_Dataset\\plsda_latent_features\\left\\train_plsda_latent_features.csv", "--test-csv", "C:\\Users\\IHCK\\Desktop\\1_10_69Final\\Hippocampal-Shape-Analysis-for-Epilepsy-Detection\\Output_Dataset\\plsda_latent_features\\left\\test_plsda_latent_features.csv", "--output-dir", "C:\\Users\\IHCK\\Desktop\\1_10_69Final\\Hippocampal-Shape-Analysis-for-Epilepsy-Detection\\Model_Results\\dataset_runs_20261004_earlystop_oof_threshold\\plsda_latent_features\\left\\MLP", "--epochs", "100", "--folds", "10", "--pls-components", "8", "--seed", "42", "--threads", "2", "--tune-threshold", "--early-stopping", "--patience", "10", "--min-delta", "0.0001", "--stop-fraction", "0.2", "--mlp-max-epochs", "100"]
Inner early stopping: plsda_latent_features/left/MLP; original Train=300 Test=73
epoch=1/100 loss=0.734227 validation_loss=0.7136637085337553 best=True
epoch=2/100 loss=0.688326 validation_loss=0.7007975241716525 best=True
epoch=3/100 loss=0.647500 validation_loss=0.690158253452004 best=True
epoch=4/100 loss=0.609795 validation_loss=0.6806114053107138 best=True
epoch=5/100 loss=0.575717 validation_loss=0.6717551867281389 best=True
epoch=6/100 loss=0.543756 validation_loss=0.6650057470343219 best=True
epoch=7/100 loss=0.512905 validation_loss=0.6616464256747294 best=True
epoch=8/100 loss=0.482761 validation_loss=0.6597665412211974 best=True
epoch=9/100 loss=0.453395 validation_loss=0.6591574617288849 best=True
epoch=10/100 loss=0.424307 validation_loss=0.6589529389262894 best=True
epoch=11/100 loss=0.395358 validation_loss=0.6603395160282824 best=False
epoch=12/100 loss=0.366768 validation_loss=0.6647827146748767 best=False
epoch=13/100 loss=0.337647 validation_loss=0.6713218882956916 best=False
epoch=14/100 loss=0.308436 validation_loss=0.679358501789723 best=False
epoch=15/100 loss=0.279932 validation_loss=0.6892619071310718 best=False
epoch=16/100 loss=0.252502 validation_loss=0.7003756926976594 best=False
epoch=17/100 loss=0.226960 validation_loss=0.7117742540873908 best=False
epoch=18/100 loss=0.202689 validation_loss=0.7239222262766357 best=False
epoch=19/100 loss=0.180417 validation_loss=0.7368657185337759 best=False
epoch=20/100 loss=0.159933 validation_loss=0.751041928830566 best=False
fold=1/10 OOF_accuracy=0.766667 best_epoch=10
epoch=1/100 loss=0.730960 validation_loss=0.7045974077811713 best=True
epoch=2/100 loss=0.690618 validation_loss=0.6840867944849436 best=True
epoch=3/100 loss=0.655354 validation_loss=0.6654707049103331 best=True
epoch=4/100 loss=0.623265 validation_loss=0.6469237400162364 best=True
epoch=5/100 loss=0.592853 validation_loss=0.6300588813155004 best=True
epoch=6/100 loss=0.563424 validation_loss=0.6144167593888243 best=True
epoch=7/100 loss=0.534309 validation_loss=0.6000267247007267 best=True
epoch=8/100 loss=0.505255 validation_loss=0.5862994796153129 best=True
epoch=9/100 loss=0.475754 validation_loss=0.5734534638596144 best=True
epoch=10/100 loss=0.446340 validation_loss=0.5620547743667029 best=True
epoch=11/100 loss=0.416633 validation_loss=0.5522684988095966 best=True
epoch=12/100 loss=0.387332 validation_loss=0.5451863556117232 best=True
epoch=13/100 loss=0.357179 validation_loss=0.5412019652935615 best=True
epoch=14/100 loss=0.326652 validation_loss=0.5400286232707477 best=True
epoch=15/100 loss=0.296709 validation_loss=0.5412966174862827 best=False
epoch=16/100 loss=0.267460 validation_loss=0.5452939489353092 best=False
epoch=17/100 loss=0.239993 validation_loss=0.5505541230703836 best=False
epoch=18/100 loss=0.214107 validation_loss=0.5571698994109325 best=False
epoch=19/100 loss=0.190220 validation_loss=0.5652916687950902 best=False
epoch=20/100 loss=0.168123 validation_loss=0.5755799256988587 best=False
epoch=21/100 loss=0.148140 validation_loss=0.588143923608258 best=False
epoch=22/100 loss=0.130167 validation_loss=0.6021990635782914 best=False
epoch=23/100 loss=0.114223 validation_loss=0.6173503345440304 best=False
epoch=24/100 loss=0.100163 validation_loss=0.6335814967301574 best=False
fold=2/10 OOF_accuracy=0.700000 best_epoch=14
epoch=1/100 loss=0.725756 validation_loss=0.6956650067618703 best=True
epoch=2/100 loss=0.685850 validation_loss=0.6754778581512234 best=True
epoch=3/100 loss=0.651486 validation_loss=0.65651571388498 best=True
epoch=4/100 loss=0.619940 validation_loss=0.63783407152074 best=True
epoch=5/100 loss=0.590723 validation_loss=0.6200068046189764 best=True
epoch=6/100 loss=0.562818 validation_loss=0.6045609587130273 best=True
epoch=7/100 loss=0.535775 validation_loss=0.5914687389107985 best=True
epoch=8/100 loss=0.508339 validation_loss=0.5799435323415527 best=True
epoch=9/100 loss=0.481424 validation_loss=0.5703554292575702 best=True
epoch=10/100 loss=0.454106 validation_loss=0.5628111770909674 best=True
epoch=11/100 loss=0.426648 validation_loss=0.557967970694952 best=True
epoch=12/100 loss=0.399072 validation_loss=0.5562512407736996 best=True
epoch=13/100 loss=0.370485 validation_loss=0.55641851943891 best=False
epoch=14/100 loss=0.341681 validation_loss=0.5594100325912514 best=False
epoch=15/100 loss=0.313126 validation_loss=0.565366427305495 best=False
epoch=16/100 loss=0.285831 validation_loss=0.5731625516176274 best=False
epoch=17/100 loss=0.259578 validation_loss=0.58150152458192 best=False
epoch=18/100 loss=0.234899 validation_loss=0.5904957025564926 best=False
epoch=19/100 loss=0.211718 validation_loss=0.6005102138161669 best=False
epoch=20/100 loss=0.190220 validation_loss=0.6130539517874508 best=False
epoch=21/100 loss=0.170429 validation_loss=0.6282961327879087 best=False
epoch=22/100 loss=0.152144 validation_loss=0.6446084995846668 best=False
fold=3/10 OOF_accuracy=0.733333 best_epoch=12
epoch=1/100 loss=0.730168 validation_loss=0.7031833525286141 best=True
epoch=2/100 loss=0.684181 validation_loss=0.6833265844873878 best=True
epoch=3/100 loss=0.643993 validation_loss=0.6653001170746928 best=True
epoch=4/100 loss=0.606477 validation_loss=0.6483458871213047 best=True
epoch=5/100 loss=0.572580 validation_loss=0.6335034521205481 best=True
epoch=6/100 loss=0.540497 validation_loss=0.6212723370652584 best=True
epoch=7/100 loss=0.509767 validation_loss=0.6121028865531551 best=True
epoch=8/100 loss=0.479415 validation_loss=0.6056346777936967 best=True
epoch=9/100 loss=0.449174 validation_loss=0.6007086236721985 best=True
epoch=10/100 loss=0.419091 validation_loss=0.5979116751070733 best=True
epoch=11/100 loss=0.389007 validation_loss=0.5978524508249785 best=True
epoch=12/100 loss=0.359734 validation_loss=0.6000387721422855 best=False
epoch=13/100 loss=0.330159 validation_loss=0.6038474301370566 best=False
epoch=14/100 loss=0.301055 validation_loss=0.6095875995511162 best=False
epoch=15/100 loss=0.272670 validation_loss=0.616154737821469 best=False
epoch=16/100 loss=0.245581 validation_loss=0.6233355433180013 best=False
epoch=17/100 loss=0.220396 validation_loss=0.6317027111333272 best=False
epoch=18/100 loss=0.196995 validation_loss=0.641828419351392 best=False
epoch=19/100 loss=0.176100 validation_loss=0.6535590635166144 best=False
epoch=20/100 loss=0.157059 validation_loss=0.6665761008170509 best=False
fold=4/10 OOF_accuracy=0.800000 best_epoch=11
epoch=1/100 loss=0.726794 validation_loss=0.7133382298710336 best=True
epoch=2/100 loss=0.687206 validation_loss=0.6967009505644414 best=True
epoch=3/100 loss=0.652852 validation_loss=0.6821294523540878 best=True
epoch=4/100 loss=0.620519 validation_loss=0.6671491444361612 best=True
epoch=5/100 loss=0.590096 validation_loss=0.6538409127096543 best=True
epoch=6/100 loss=0.560578 validation_loss=0.6425107963291801 best=True
epoch=7/100 loss=0.531258 validation_loss=0.6326762671284826 best=True
epoch=8/100 loss=0.501809 validation_loss=0.6245504244417412 best=True
epoch=9/100 loss=0.472412 validation_loss=0.6175630303903363 best=True
epoch=10/100 loss=0.442592 validation_loss=0.6127324481203259 best=True
epoch=11/100 loss=0.412697 validation_loss=0.610525697918169 best=True
epoch=12/100 loss=0.382741 validation_loss=0.610403134381877 best=True
epoch=13/100 loss=0.351886 validation_loss=0.6123897170868656 best=False
epoch=14/100 loss=0.320848 validation_loss=0.6176825962954107 best=False
epoch=15/100 loss=0.290308 validation_loss=0.6259000807100684 best=False
epoch=16/100 loss=0.261014 validation_loss=0.6369576450344632 best=False
epoch=17/100 loss=0.233487 validation_loss=0.6501545289637319 best=False
epoch=18/100 loss=0.207520 validation_loss=0.6651158392116192 best=False
epoch=19/100 loss=0.183691 validation_loss=0.6809919718568965 best=False
epoch=20/100 loss=0.161635 validation_loss=0.6991855356987176 best=False
epoch=21/100 loss=0.141898 validation_loss=0.7215568853970348 best=False
epoch=22/100 loss=0.124151 validation_loss=0.7450694169655216 best=False
fold=5/10 OOF_accuracy=0.733333 best_epoch=12
epoch=1/100 loss=0.731431 validation_loss=0.7051519832307848 best=True
epoch=2/100 loss=0.685817 validation_loss=0.6861695816374551 best=True
epoch=3/100 loss=0.646608 validation_loss=0.6698053697370554 best=True
epoch=4/100 loss=0.610577 validation_loss=0.6549035438150197 best=True
epoch=5/100 loss=0.577374 validation_loss=0.6422301644579229 best=True
epoch=6/100 loss=0.545431 validation_loss=0.6320101522714566 best=True
epoch=7/100 loss=0.514254 validation_loss=0.6235676442397003 best=True
epoch=8/100 loss=0.483595 validation_loss=0.6176396859997078 best=True
epoch=9/100 loss=0.453555 validation_loss=0.6142033466838634 best=True
epoch=10/100 loss=0.423935 validation_loss=0.6128212331561799 best=True
epoch=11/100 loss=0.394784 validation_loss=0.6140581409767011 best=False
epoch=12/100 loss=0.366183 validation_loss=0.6173929975940667 best=False
epoch=13/100 loss=0.337000 validation_loss=0.6224720434388914 best=False
epoch=14/100 loss=0.308157 validation_loss=0.629465025395297 best=False
epoch=15/100 loss=0.279608 validation_loss=0.638248964350531 best=False
epoch=16/100 loss=0.252285 validation_loss=0.6490226849358911 best=False
epoch=17/100 loss=0.226575 validation_loss=0.6610308085188279 best=False
epoch=18/100 loss=0.202506 validation_loss=0.6742033064364777 best=False
epoch=19/100 loss=0.180401 validation_loss=0.6897198855349709 best=False
epoch=20/100 loss=0.159903 validation_loss=0.7064949955510635 best=False
fold=6/10 OOF_accuracy=0.733333 best_epoch=10
epoch=1/100 loss=0.732736 validation_loss=0.7242212672427418 best=True
epoch=2/100 loss=0.687971 validation_loss=0.7090415426377724 best=True
epoch=3/100 loss=0.648747 validation_loss=0.6950264925831893 best=True
epoch=4/100 loss=0.613186 validation_loss=0.6809536796679787 best=True
epoch=5/100 loss=0.580893 validation_loss=0.6685154898994523 best=True
epoch=6/100 loss=0.549985 validation_loss=0.6582751299909191 best=True
epoch=7/100 loss=0.520325 validation_loss=0.6503520796465707 best=True
epoch=8/100 loss=0.491001 validation_loss=0.6447639754025866 best=True
epoch=9/100 loss=0.462342 validation_loss=0.6417076291248323 best=True
epoch=10/100 loss=0.433435 validation_loss=0.6401808383572413 best=True
epoch=11/100 loss=0.405095 validation_loss=0.6399675397302457 best=True
epoch=12/100 loss=0.377414 validation_loss=0.6419415886720005 best=False
epoch=13/100 loss=0.349494 validation_loss=0.646028895510153 best=False
epoch=14/100 loss=0.321272 validation_loss=0.6518235169098482 best=False
epoch=15/100 loss=0.293273 validation_loss=0.6583672554811479 best=False
epoch=16/100 loss=0.265779 validation_loss=0.666049622675853 best=False
epoch=17/100 loss=0.239524 validation_loss=0.6744667112020473 best=False
epoch=18/100 loss=0.214701 validation_loss=0.6840736106966061 best=False
epoch=19/100 loss=0.191918 validation_loss=0.694718996632009 best=False
epoch=20/100 loss=0.170534 validation_loss=0.7055087818066064 best=False
epoch=21/100 loss=0.151768 validation_loss=0.7173503715778915 best=False
fold=7/10 OOF_accuracy=0.866667 best_epoch=11
epoch=1/100 loss=0.729137 validation_loss=0.7125417328077318 best=True
epoch=2/100 loss=0.685018 validation_loss=0.6945635484350615 best=True
epoch=3/100 loss=0.646307 validation_loss=0.6782583169749601 best=True
epoch=4/100 loss=0.610251 validation_loss=0.6618661352016653 best=True
epoch=5/100 loss=0.576872 validation_loss=0.6463500244627652 best=True
epoch=6/100 loss=0.544660 validation_loss=0.6325129274009785 best=True
epoch=7/100 loss=0.513674 validation_loss=0.6202402633247971 best=True
epoch=8/100 loss=0.483091 validation_loss=0.6103404735089266 best=True
epoch=9/100 loss=0.452921 validation_loss=0.6026959755509735 best=True
epoch=10/100 loss=0.423195 validation_loss=0.5976168866445589 best=True
epoch=11/100 loss=0.393811 validation_loss=0.5956715674384516 best=True
epoch=12/100 loss=0.364811 validation_loss=0.5969236702559334 best=False
epoch=13/100 loss=0.335883 validation_loss=0.5997741303955154 best=False
epoch=14/100 loss=0.306723 validation_loss=0.6040391972470951 best=False
epoch=15/100 loss=0.278165 validation_loss=0.6099278299060704 best=False
epoch=16/100 loss=0.251000 validation_loss=0.6171413335343624 best=False
epoch=17/100 loss=0.225652 validation_loss=0.6242909099703302 best=False
epoch=18/100 loss=0.202066 validation_loss=0.6320767491244957 best=False
epoch=19/100 loss=0.180690 validation_loss=0.6411619599614947 best=False
epoch=20/100 loss=0.161153 validation_loss=0.6520307854858512 best=False
epoch=21/100 loss=0.143671 validation_loss=0.6649273669795818 best=False
fold=8/10 OOF_accuracy=0.666667 best_epoch=11
epoch=1/100 loss=0.724427 validation_loss=0.7037964807362916 best=True
epoch=2/100 loss=0.683165 validation_loss=0.6812293695371822 best=True
epoch=3/100 loss=0.647295 validation_loss=0.662044568530247 best=True
epoch=4/100 loss=0.615004 validation_loss=0.6434972420842017 best=True
epoch=5/100 loss=0.584923 validation_loss=0.6260972847114255 best=True
epoch=6/100 loss=0.555548 validation_loss=0.6100152880238093 best=True
epoch=7/100 loss=0.527252 validation_loss=0.5946256094971146 best=True
epoch=8/100 loss=0.498921 validation_loss=0.5802571261225625 best=True
epoch=9/100 loss=0.471346 validation_loss=0.5669551965740475 best=True
epoch=10/100 loss=0.443865 validation_loss=0.5543339159275925 best=True
epoch=11/100 loss=0.416411 validation_loss=0.5425008825051487 best=True
epoch=12/100 loss=0.389368 validation_loss=0.5314079520204967 best=True
epoch=13/100 loss=0.361634 validation_loss=0.5209763443234529 best=True
epoch=14/100 loss=0.333866 validation_loss=0.5113133896173657 best=True
epoch=15/100 loss=0.306288 validation_loss=0.502823764686597 best=True
epoch=16/100 loss=0.279424 validation_loss=0.4958443539135983 best=True
epoch=17/100 loss=0.253681 validation_loss=0.490703277294136 best=True
epoch=18/100 loss=0.229144 validation_loss=0.48626190371820466 best=True
epoch=19/100 loss=0.206593 validation_loss=0.48244520447731676 best=True
epoch=20/100 loss=0.185538 validation_loss=0.4802312905776813 best=True
epoch=21/100 loss=0.166622 validation_loss=0.48006427323993295 best=True
epoch=22/100 loss=0.149142 validation_loss=0.48168873690073755 best=False
epoch=23/100 loss=0.133621 validation_loss=0.4853591022434189 best=False
epoch=24/100 loss=0.119700 validation_loss=0.4917089967610849 best=False
epoch=25/100 loss=0.107315 validation_loss=0.4997461629670046 best=False
epoch=26/100 loss=0.096293 validation_loss=0.5089258344107815 best=False
epoch=27/100 loss=0.086600 validation_loss=0.5187059213088773 best=False
epoch=28/100 loss=0.077917 validation_loss=0.529340404327033 best=False
epoch=29/100 loss=0.070299 validation_loss=0.5411920079379269 best=False
epoch=30/100 loss=0.063724 validation_loss=0.5531701188484821 best=False
epoch=31/100 loss=0.057956 validation_loss=0.5649607560564753 best=False
fold=9/10 OOF_accuracy=0.633333 best_epoch=21
epoch=1/100 loss=0.727134 validation_loss=0.7208356391789091 best=True
epoch=2/100 loss=0.686509 validation_loss=0.7066599405749601 best=True
epoch=3/100 loss=0.651798 validation_loss=0.6946838985846241 best=True
epoch=4/100 loss=0.619516 validation_loss=0.681996367324559 best=True
epoch=5/100 loss=0.589288 validation_loss=0.669394116931977 best=True
epoch=6/100 loss=0.560313 validation_loss=0.6576021851172348 best=True
epoch=7/100 loss=0.532199 validation_loss=0.6480741733116971 best=True
epoch=8/100 loss=0.504275 validation_loss=0.6413196889509193 best=True
epoch=9/100 loss=0.476021 validation_loss=0.6365020033596126 best=True
epoch=10/100 loss=0.447644 validation_loss=0.63242777457195 best=True
epoch=11/100 loss=0.419056 validation_loss=0.6292755620073335 best=True
epoch=12/100 loss=0.390749 validation_loss=0.6276820233746915 best=True
epoch=13/100 loss=0.361735 validation_loss=0.6279901950218013 best=False
epoch=14/100 loss=0.332343 validation_loss=0.630051978338878 best=False
epoch=15/100 loss=0.302927 validation_loss=0.6342022430487275 best=False
epoch=16/100 loss=0.274118 validation_loss=0.6403109391777458 best=False
epoch=17/100 loss=0.246342 validation_loss=0.6479940415306227 best=False
epoch=18/100 loss=0.219958 validation_loss=0.6574085631720905 best=False
epoch=19/100 loss=0.195471 validation_loss=0.6688161220974707 best=False
epoch=20/100 loss=0.172704 validation_loss=0.6817981379607289 best=False
epoch=21/100 loss=0.152077 validation_loss=0.6966090315038627 best=False
epoch=22/100 loss=0.133374 validation_loss=0.7128775835062419 best=False
fold=10/10 OOF_accuracy=0.633333 best_epoch=12
Frozen OOF threshold=0.51608777046203613; final refit epochs=12
epoch=1/12 loss=0.724002 validation_loss=None best=False
epoch=2/12 loss=0.678049 validation_loss=None best=False
epoch=3/12 loss=0.638356 validation_loss=None best=False
epoch=4/12 loss=0.601607 validation_loss=None best=False
epoch=5/12 loss=0.565403 validation_loss=None best=False
epoch=6/12 loss=0.532383 validation_loss=None best=False
epoch=7/12 loss=0.499234 validation_loss=None best=False
epoch=8/12 loss=0.466421 validation_loss=None best=False
epoch=9/12 loss=0.433103 validation_loss=None best=False
epoch=10/12 loss=0.400063 validation_loss=None best=False
epoch=11/12 loss=0.366839 validation_loss=None best=False
epoch=12/12 loss=0.333930 validation_loss=None best=False
{"cv_oof": {"accuracy": 0.7266666666666667, "balanced_accuracy": 0.6710069444444444, "sensitivity": 0.4722222222222222, "specificity": 0.8697916666666666, "f1_macro": 0.678616220735786, "roc_auc": 0.7258873456790123, "confusion_matrix": [[167, 25], [57, 51]], "classification_report": {"0": {"precision": 0.7455357142857143, "recall": 0.8697916666666666, "f1-score": 0.8028846153846154, "support": 192.0}, "1": {"precision": 0.6710526315789473, "recall": 0.4722222222222222, "f1-score": 0.5543478260869565, "support": 108.0}, "accuracy": 0.7266666666666667, "macro avg": {"precision": 0.7082941729323309, "recall": 0.6710069444444444, "f1-score": 0.678616220735786, "support": 300.0}, "weighted avg": {"precision": 0.7187218045112782, "recall": 0.7266666666666667, "f1-score": 0.7134113712374582, "support": 300.0}}}, "test": {"accuracy": 0.8082191780821918, "balanced_accuracy": 0.7909165302782324, "sensitivity": 0.7307692307692307, "specificity": 0.851063829787234, "f1_macro": 0.7909165302782324, "roc_auc": 0.8477905073649754, "confusion_matrix": [[40, 7], [7, 19]], "classification_report": {"0": {"precision": 0.851063829787234, "recall": 0.851063829787234, "f1-score": 0.851063829787234, "support": 47.0}, "1": {"precision": 0.7307692307692307, "recall": 0.7307692307692307, "f1-score": 0.7307692307692307, "support": 26.0}, "accuracy": 0.8082191780821918, "macro avg": {"precision": 0.7909165302782324, "recall": 0.7909165302782324, "f1-score": 0.7909165302782324, "support": 73.0}, "weighted avg": {"precision": 0.8082191780821918, "recall": 0.8082191780821918, "f1-score": 0.8082191780821918, "support": 73.0}}}, "test_default": {"accuracy": 0.7945205479452054, "balanced_accuracy": 0.7802782324058919, "sensitivity": 0.7307692307692307, "specificity": 0.8297872340425532, "f1_macro": 0.7778454047474133, "roc_auc": 0.8477905073649754, "confusion_matrix": [[39, 8], [7, 19]], "classification_report": {"0": {"precision": 0.8478260869565217, "recall": 0.8297872340425532, "f1-score": 0.8387096774193549, "support": 47.0}, "1": {"precision": 0.7037037037037037, "recall": 0.7307692307692307, "f1-score": 0.7169811320754716, "support": 26.0}, "accuracy": 0.7945205479452054, "macro avg": {"precision": 0.7757648953301127, "recall": 0.7802782324058919, "f1-score": 0.7778454047474133, "support": 73.0}, "weighted avg": {"precision": 0.7964948271678468, "recall": 0.7945205479452054, "f1-score": 0.7953543051050951, "support": 73.0}}}, "oof_threshold_selection": {"accuracy": 0.7433333333333333, "balanced_accuracy": 0.6820023148148148, "sensitivity": 0.46296296296296297, "specificity": 0.9010416666666666, "f1_macro": 0.6914693272428577, "roc_auc": 0.7258873456790123, "confusion_matrix": [[173, 19], [58, 50]], "classification_report": {"0": {"precision": 0.7489177489177489, "recall": 0.9010416666666666, "f1-score": 0.817966903073286, "support": 192.0}, "1": {"precision": 0.7246376811594203, "recall": 0.46296296296296297, "f1-score": 0.5649717514124294, "support": 108.0}, "accuracy": 0.7433333333333333, "macro avg": {"precision": 0.7367777150385846, "recall": 0.6820023148148148, "f1-score": 0.6914693272428577, "support": 300.0}, "weighted avg": {"precision": 0.7401769245247507, "recall": 0.7433333333333333, "f1-score": 0.7268886484753776, "support": 300.0}}}, "decision_threshold": 0.5160877704620361, "folds": 10, "original_train_rows": 300, "train_rows": 300, "test_rows": 73, "final_epochs": 12, "elapsed_seconds": 1.8440000000409782, "test_accuracy_change": 0.013698630136986356}
