Command: ["C:\\Users\\IHCK\\AppData\\Local\\Programs\\Python\\Python312\\python.exe", "-u", "C:\\Users\\IHCK\\Desktop\\1_10_69Final\\Hippocampal-Shape-Analysis-for-Epilepsy-Detection\\Model\\train_dataset_model.py", "--dataset", "plsda_latent_features", "--side", "right", "--model", "MLP", "--kind", "latent", "--train-csv", "C:\\Users\\IHCK\\Desktop\\1_10_69Final\\Hippocampal-Shape-Analysis-for-Epilepsy-Detection\\Output_Dataset\\plsda_latent_features\\right\\train_plsda_latent_features.csv", "--test-csv", "C:\\Users\\IHCK\\Desktop\\1_10_69Final\\Hippocampal-Shape-Analysis-for-Epilepsy-Detection\\Output_Dataset\\plsda_latent_features\\right\\test_plsda_latent_features.csv", "--output-dir", "C:\\Users\\IHCK\\Desktop\\1_10_69Final\\Hippocampal-Shape-Analysis-for-Epilepsy-Detection\\Model_Results\\dataset_runs_20261004_earlystop_oof_threshold\\plsda_latent_features\\right\\MLP", "--epochs", "100", "--folds", "10", "--pls-components", "8", "--seed", "42", "--threads", "2", "--tune-threshold", "--early-stopping", "--patience", "10", "--min-delta", "0.0001", "--stop-fraction", "0.2", "--mlp-max-epochs", "100"]
Inner early stopping: plsda_latent_features/right/MLP; original Train=300 Test=77
epoch=1/100 loss=0.746933 validation_loss=0.6980153966740942 best=True
epoch=2/100 loss=0.688396 validation_loss=0.6566476708636014 best=True
epoch=3/100 loss=0.638183 validation_loss=0.6191280004931505 best=True
epoch=4/100 loss=0.593529 validation_loss=0.5856065471575017 best=True
epoch=5/100 loss=0.554035 validation_loss=0.5573127329667263 best=True
epoch=6/100 loss=0.518659 validation_loss=0.5337223529083472 best=True
epoch=7/100 loss=0.487523 validation_loss=0.5131410616821858 best=True
epoch=8/100 loss=0.457827 validation_loss=0.494111068027565 best=True
epoch=9/100 loss=0.429947 validation_loss=0.47678223595717834 best=True
epoch=10/100 loss=0.402624 validation_loss=0.46091758158779744 best=True
epoch=11/100 loss=0.375870 validation_loss=0.4462993498299294 best=True
epoch=12/100 loss=0.349651 validation_loss=0.43262662354398557 best=True
epoch=13/100 loss=0.322992 validation_loss=0.41966804080000636 best=True
epoch=14/100 loss=0.296278 validation_loss=0.4072565896667115 best=True
epoch=15/100 loss=0.269953 validation_loss=0.39572962161125985 best=True
epoch=16/100 loss=0.244960 validation_loss=0.38553995194273044 best=True
epoch=17/100 loss=0.220489 validation_loss=0.3768208921252437 best=True
epoch=18/100 loss=0.197611 validation_loss=0.36953219140493226 best=True
epoch=19/100 loss=0.176652 validation_loss=0.36368845680718587 best=True
epoch=20/100 loss=0.156847 validation_loss=0.35933548129710746 best=True
epoch=21/100 loss=0.139178 validation_loss=0.35671595790903304 best=True
epoch=22/100 loss=0.122873 validation_loss=0.3552010549902438 best=True
epoch=23/100 loss=0.108557 validation_loss=0.35477517428954075 best=True
epoch=24/100 loss=0.095519 validation_loss=0.3552224983891045 best=False
epoch=25/100 loss=0.084230 validation_loss=0.35629405279458326 best=False
epoch=26/100 loss=0.074370 validation_loss=0.35796119488066097 best=False
epoch=27/100 loss=0.065681 validation_loss=0.3602654925909218 best=False
epoch=28/100 loss=0.058060 validation_loss=0.36331746586850455 best=False
epoch=29/100 loss=0.051532 validation_loss=0.36686467172183485 best=False
epoch=30/100 loss=0.045702 validation_loss=0.37062025803662724 best=False
epoch=31/100 loss=0.040798 validation_loss=0.37463948888580423 best=False
epoch=32/100 loss=0.036429 validation_loss=0.3792933322888561 best=False
epoch=33/100 loss=0.032799 validation_loss=0.3844404986692068 best=False
fold=1/10 OOF_accuracy=0.666667 best_epoch=23
epoch=1/100 loss=0.743046 validation_loss=0.7081565041160643 best=True
epoch=2/100 loss=0.684461 validation_loss=0.6689920651186698 best=True
epoch=3/100 loss=0.633503 validation_loss=0.6355491622530034 best=True
epoch=4/100 loss=0.588002 validation_loss=0.6070699676882995 best=True
epoch=5/100 loss=0.547105 validation_loss=0.5837983006413426 best=True
epoch=6/100 loss=0.510478 validation_loss=0.56509613125659 best=True
epoch=7/100 loss=0.477970 validation_loss=0.5505957671212978 best=True
epoch=8/100 loss=0.447408 validation_loss=0.5397265004346022 best=True
epoch=9/100 loss=0.418444 validation_loss=0.5319984965071997 best=True
epoch=10/100 loss=0.390692 validation_loss=0.5269784244108588 best=True
epoch=11/100 loss=0.363973 validation_loss=0.5234157963124783 best=True
epoch=12/100 loss=0.337775 validation_loss=0.5203097221358547 best=True
epoch=13/100 loss=0.310685 validation_loss=0.5175226666512392 best=True
epoch=14/100 loss=0.283257 validation_loss=0.5154044639162634 best=True
epoch=15/100 loss=0.256008 validation_loss=0.5133180018631167 best=True
epoch=16/100 loss=0.230037 validation_loss=0.5116213851110467 best=True
epoch=17/100 loss=0.204964 validation_loss=0.5117620450598385 best=False
epoch=18/100 loss=0.181572 validation_loss=0.512853967798443 best=False
epoch=19/100 loss=0.160647 validation_loss=0.5151455515303849 best=False
epoch=20/100 loss=0.141273 validation_loss=0.5186698246051076 best=False
epoch=21/100 loss=0.124394 validation_loss=0.5229507215806991 best=False
epoch=22/100 loss=0.108901 validation_loss=0.5287193248284103 best=False
epoch=23/100 loss=0.095511 validation_loss=0.536341096155709 best=False
epoch=24/100 loss=0.083594 validation_loss=0.5462654834876561 best=False
epoch=25/100 loss=0.073307 validation_loss=0.5573921979907374 best=False
epoch=26/100 loss=0.064420 validation_loss=0.5689573023871511 best=False
fold=2/10 OOF_accuracy=0.866667 best_epoch=16
epoch=1/100 loss=0.740865 validation_loss=0.7031965131454825 best=True
epoch=2/100 loss=0.682856 validation_loss=0.668326393390541 best=True
epoch=3/100 loss=0.632076 validation_loss=0.6378146680464446 best=True
epoch=4/100 loss=0.587046 validation_loss=0.609867238166425 best=True
epoch=5/100 loss=0.547287 validation_loss=0.5854864855929099 best=True
epoch=6/100 loss=0.511043 validation_loss=0.5641996183470726 best=True
epoch=7/100 loss=0.478849 validation_loss=0.545900093662641 best=True
epoch=8/100 loss=0.448471 validation_loss=0.5300459884406442 best=True
epoch=9/100 loss=0.420343 validation_loss=0.5160835171664699 best=True
epoch=10/100 loss=0.392963 validation_loss=0.5038812561720525 best=True
epoch=11/100 loss=0.366575 validation_loss=0.49388619518103233 best=True
epoch=12/100 loss=0.340989 validation_loss=0.48602418063978026 best=True
epoch=13/100 loss=0.315599 validation_loss=0.4800716336965064 best=True
epoch=14/100 loss=0.290065 validation_loss=0.4761905246300571 best=True
epoch=15/100 loss=0.265102 validation_loss=0.4741695896891787 best=True
epoch=16/100 loss=0.240779 validation_loss=0.47375954668169257 best=True
epoch=17/100 loss=0.217003 validation_loss=0.47494145760911943 best=False
epoch=18/100 loss=0.194815 validation_loss=0.4777279882925176 best=False
epoch=19/100 loss=0.174528 validation_loss=0.48201120909261863 best=False
epoch=20/100 loss=0.155265 validation_loss=0.4877898875051509 best=False
epoch=21/100 loss=0.138427 validation_loss=0.49489911272225623 best=False
epoch=22/100 loss=0.122959 validation_loss=0.5026920840532755 best=False
epoch=23/100 loss=0.109477 validation_loss=0.5111549037547612 best=False
epoch=24/100 loss=0.097510 validation_loss=0.5196293678310822 best=False
epoch=25/100 loss=0.087018 validation_loss=0.5289628534204005 best=False
epoch=26/100 loss=0.077644 validation_loss=0.539879226777998 best=False
fold=3/10 OOF_accuracy=0.766667 best_epoch=16
epoch=1/100 loss=0.754020 validation_loss=0.6982444822904099 best=True
epoch=2/100 loss=0.700975 validation_loss=0.6655072859335135 best=True
epoch=3/100 loss=0.654685 validation_loss=0.6354024194260136 best=True
epoch=4/100 loss=0.612181 validation_loss=0.6066849081966535 best=True
epoch=5/100 loss=0.574109 validation_loss=0.5801767003493437 best=True
epoch=6/100 loss=0.539570 validation_loss=0.5566198338973842 best=True
epoch=7/100 loss=0.508435 validation_loss=0.5359053867145878 best=True
epoch=8/100 loss=0.478456 validation_loss=0.5170113191013179 best=True
epoch=9/100 loss=0.449129 validation_loss=0.49952705601346575 best=True
epoch=10/100 loss=0.420172 validation_loss=0.48256965974457383 best=True
epoch=11/100 loss=0.391365 validation_loss=0.4664464631739141 best=True
epoch=12/100 loss=0.362877 validation_loss=0.4524453126116144 best=True
epoch=13/100 loss=0.334259 validation_loss=0.4409986314981766 best=True
epoch=14/100 loss=0.305651 validation_loss=0.4314918173340394 best=True
epoch=15/100 loss=0.277998 validation_loss=0.4246355442254326 best=True
epoch=16/100 loss=0.251521 validation_loss=0.4200555461616456 best=True
epoch=17/100 loss=0.226755 validation_loss=0.416381330368212 best=True
epoch=18/100 loss=0.203595 validation_loss=0.41274075721584125 best=True
epoch=19/100 loss=0.182496 validation_loss=0.40980198930795564 best=True
epoch=20/100 loss=0.162796 validation_loss=0.4086727897310666 best=True
epoch=21/100 loss=0.145109 validation_loss=0.408864269149256 best=False
epoch=22/100 loss=0.128747 validation_loss=0.40968297045630064 best=False
epoch=23/100 loss=0.114328 validation_loss=0.4106670591676363 best=False
epoch=24/100 loss=0.101355 validation_loss=0.411515552168823 best=False
epoch=25/100 loss=0.090056 validation_loss=0.4121390557978581 best=False
epoch=26/100 loss=0.080152 validation_loss=0.4138138805562925 best=False
epoch=27/100 loss=0.071515 validation_loss=0.41737111968365564 best=False
epoch=28/100 loss=0.063790 validation_loss=0.42184607432167415 best=False
epoch=29/100 loss=0.057006 validation_loss=0.42746445782521714 best=False
epoch=30/100 loss=0.051155 validation_loss=0.43398251551113165 best=False
fold=4/10 OOF_accuracy=0.866667 best_epoch=20
epoch=1/100 loss=0.745065 validation_loss=0.7124729367273384 best=True
epoch=2/100 loss=0.689487 validation_loss=0.6730057326667543 best=True
epoch=3/100 loss=0.641471 validation_loss=0.637969186683963 best=True
epoch=4/100 loss=0.598569 validation_loss=0.6063933889826287 best=True
epoch=5/100 loss=0.561230 validation_loss=0.5790747692547151 best=True
epoch=6/100 loss=0.527308 validation_loss=0.5562216768290454 best=True
epoch=7/100 loss=0.496989 validation_loss=0.5367944169771224 best=True
epoch=8/100 loss=0.468292 validation_loss=0.5196473242889097 best=True
epoch=9/100 loss=0.440536 validation_loss=0.5043156068414875 best=True
epoch=10/100 loss=0.413194 validation_loss=0.4905672140984774 best=True
epoch=11/100 loss=0.386351 validation_loss=0.4784766482863302 best=True
epoch=12/100 loss=0.360188 validation_loss=0.4682397655813008 best=True
epoch=13/100 loss=0.333682 validation_loss=0.4592177486671422 best=True
epoch=14/100 loss=0.306971 validation_loss=0.4507066492739141 best=True
epoch=15/100 loss=0.280533 validation_loss=0.44321309459911906 best=True
epoch=16/100 loss=0.254528 validation_loss=0.4371610109809265 best=True
epoch=17/100 loss=0.229384 validation_loss=0.43253327656805757 best=True
epoch=18/100 loss=0.205434 validation_loss=0.4296680717851203 best=True
epoch=19/100 loss=0.183487 validation_loss=0.4290556300443447 best=True
epoch=20/100 loss=0.162999 validation_loss=0.43038336787607206 best=False
epoch=21/100 loss=0.144635 validation_loss=0.43299203854571267 best=False
epoch=22/100 loss=0.127833 validation_loss=0.4363769028514014 best=False
epoch=23/100 loss=0.113106 validation_loss=0.44087942734272506 best=False
epoch=24/100 loss=0.100141 validation_loss=0.44638174253383806 best=False
epoch=25/100 loss=0.088754 validation_loss=0.4525749199307516 best=False
epoch=26/100 loss=0.078867 validation_loss=0.45980570143016547 best=False
epoch=27/100 loss=0.070299 validation_loss=0.4675723377809732 best=False
epoch=28/100 loss=0.062712 validation_loss=0.47554429134268755 best=False
epoch=29/100 loss=0.056167 validation_loss=0.4837324151120805 best=False
fold=5/10 OOF_accuracy=0.933333 best_epoch=19
epoch=1/100 loss=0.746473 validation_loss=0.7095344541206792 best=True
epoch=2/100 loss=0.695037 validation_loss=0.6776075839301566 best=True
epoch=3/100 loss=0.650330 validation_loss=0.6505917463133349 best=True
epoch=4/100 loss=0.610033 validation_loss=0.626517362484578 best=True
epoch=5/100 loss=0.573372 validation_loss=0.6063646451090536 best=True
epoch=6/100 loss=0.539441 validation_loss=0.5895568747805146 best=True
epoch=7/100 loss=0.508769 validation_loss=0.5763997920592586 best=True
epoch=8/100 loss=0.478602 validation_loss=0.5654284569078825 best=True
epoch=9/100 loss=0.449689 validation_loss=0.5561472555488284 best=True
epoch=10/100 loss=0.420671 validation_loss=0.5489368041700458 best=True
epoch=11/100 loss=0.391751 validation_loss=0.5435521620877902 best=True
epoch=12/100 loss=0.363364 validation_loss=0.5400839728607778 best=True
epoch=13/100 loss=0.334558 validation_loss=0.5379298961570479 best=True
epoch=14/100 loss=0.305331 validation_loss=0.5367380971802622 best=True
epoch=15/100 loss=0.276817 validation_loss=0.5362721936444135 best=True
epoch=16/100 loss=0.249239 validation_loss=0.5370615061409368 best=False
epoch=17/100 loss=0.222465 validation_loss=0.5396429887867574 best=False
epoch=18/100 loss=0.197681 validation_loss=0.5438168145286549 best=False
epoch=19/100 loss=0.175048 validation_loss=0.5497837183961102 best=False
epoch=20/100 loss=0.154172 validation_loss=0.5563776647372454 best=False
epoch=21/100 loss=0.135723 validation_loss=0.5630819894800538 best=False
epoch=22/100 loss=0.118836 validation_loss=0.5708849930601436 best=False
epoch=23/100 loss=0.104101 validation_loss=0.5795478363054962 best=False
epoch=24/100 loss=0.091033 validation_loss=0.5900318169036398 best=False
epoch=25/100 loss=0.079535 validation_loss=0.6019030191939274 best=False
fold=6/10 OOF_accuracy=0.800000 best_epoch=15
epoch=1/100 loss=0.744120 validation_loss=0.6956448015068134 best=True
epoch=2/100 loss=0.686963 validation_loss=0.6592153478817275 best=True
epoch=3/100 loss=0.636939 validation_loss=0.6273455994305633 best=True
epoch=4/100 loss=0.592074 validation_loss=0.5993254526014572 best=True
epoch=5/100 loss=0.552517 validation_loss=0.575226658019888 best=True
epoch=6/100 loss=0.516438 validation_loss=0.5539335920155263 best=True
epoch=7/100 loss=0.484511 validation_loss=0.5349100254937966 best=True
epoch=8/100 loss=0.453913 validation_loss=0.5175186392303532 best=True
epoch=9/100 loss=0.425016 validation_loss=0.5014524648822326 best=True
epoch=10/100 loss=0.396613 validation_loss=0.48670470735770527 best=True
epoch=11/100 loss=0.368836 validation_loss=0.47370481663518293 best=True
epoch=12/100 loss=0.342361 validation_loss=0.4613540462338437 best=True
epoch=13/100 loss=0.315474 validation_loss=0.4488741439783573 best=True
epoch=14/100 loss=0.288774 validation_loss=0.4369468865565864 best=True
epoch=15/100 loss=0.262571 validation_loss=0.4252348887503985 best=True
epoch=16/100 loss=0.237211 validation_loss=0.4140041410791837 best=True
epoch=17/100 loss=0.212742 validation_loss=0.4036769285193398 best=True
epoch=18/100 loss=0.190052 validation_loss=0.3942780523465223 best=True
epoch=19/100 loss=0.169477 validation_loss=0.38603537566481044 best=True
epoch=20/100 loss=0.150312 validation_loss=0.3786931609910933 best=True
epoch=21/100 loss=0.133459 validation_loss=0.3725169995869279 best=True
epoch=22/100 loss=0.118080 validation_loss=0.36805681507706206 best=True
epoch=23/100 loss=0.104680 validation_loss=0.365400235734428 best=True
epoch=24/100 loss=0.092953 validation_loss=0.36409624576936456 best=True
epoch=25/100 loss=0.082545 validation_loss=0.36369137700816084 best=True
epoch=26/100 loss=0.073464 validation_loss=0.3634309268993658 best=True
epoch=27/100 loss=0.065445 validation_loss=0.3626165166152291 best=True
epoch=28/100 loss=0.058395 validation_loss=0.3617725711936835 best=True
epoch=29/100 loss=0.052231 validation_loss=0.3617925812995711 best=False
epoch=30/100 loss=0.046834 validation_loss=0.3618989287634355 best=False
epoch=31/100 loss=0.042169 validation_loss=0.3621163946566728 best=False
epoch=32/100 loss=0.038073 validation_loss=0.3629369645750586 best=False
epoch=33/100 loss=0.034511 validation_loss=0.3640386905191108 best=False
epoch=34/100 loss=0.031379 validation_loss=0.36561712039757377 best=False
epoch=35/100 loss=0.028639 validation_loss=0.3674583251928776 best=False
epoch=36/100 loss=0.026233 validation_loss=0.36951862834987587 best=False
epoch=37/100 loss=0.024124 validation_loss=0.3717441698407374 best=False
epoch=38/100 loss=0.022219 validation_loss=0.373442200040343 best=False
fold=7/10 OOF_accuracy=0.900000 best_epoch=28
epoch=1/100 loss=0.737297 validation_loss=0.687129853670126 best=True
epoch=2/100 loss=0.680786 validation_loss=0.6497648810417614 best=True
epoch=3/100 loss=0.632171 validation_loss=0.6186306198620877 best=True
epoch=4/100 loss=0.588602 validation_loss=0.5911090120682763 best=True
epoch=5/100 loss=0.550170 validation_loss=0.5675955389984276 best=True
epoch=6/100 loss=0.515168 validation_loss=0.5473662773133936 best=True
epoch=7/100 loss=0.484126 validation_loss=0.5295178260400343 best=True
epoch=8/100 loss=0.454591 validation_loss=0.5138464164289827 best=True
epoch=9/100 loss=0.426741 validation_loss=0.5000354916110682 best=True
epoch=10/100 loss=0.399674 validation_loss=0.48731073608528785 best=True
epoch=11/100 loss=0.373271 validation_loss=0.4757763562809043 best=True
epoch=12/100 loss=0.347490 validation_loss=0.46541525211263635 best=True
epoch=13/100 loss=0.321049 validation_loss=0.4558320433736873 best=True
epoch=14/100 loss=0.294852 validation_loss=0.4468327124267909 best=True
epoch=15/100 loss=0.269094 validation_loss=0.43791352359112734 best=True
epoch=16/100 loss=0.244498 validation_loss=0.4294737811128514 best=True
epoch=17/100 loss=0.220289 validation_loss=0.42210817169712234 best=True
epoch=18/100 loss=0.197830 validation_loss=0.41585423615599143 best=True
epoch=19/100 loss=0.177126 validation_loss=0.41047216211757004 best=True
epoch=20/100 loss=0.157640 validation_loss=0.40562242719826985 best=True
epoch=21/100 loss=0.140137 validation_loss=0.4013258060959322 best=True
epoch=22/100 loss=0.123736 validation_loss=0.39824324844768 best=True
epoch=23/100 loss=0.109634 validation_loss=0.3962099218222711 best=True
epoch=24/100 loss=0.096941 validation_loss=0.3950849707406205 best=True
epoch=25/100 loss=0.085887 validation_loss=0.3945156079441967 best=True
epoch=26/100 loss=0.076197 validation_loss=0.39456860733717736 best=False
epoch=27/100 loss=0.067592 validation_loss=0.3954358940496055 best=False
epoch=28/100 loss=0.059927 validation_loss=0.3966020803176022 best=False
epoch=29/100 loss=0.053229 validation_loss=0.398022871605407 best=False
epoch=30/100 loss=0.047275 validation_loss=0.40008656410811205 best=False
epoch=31/100 loss=0.042161 validation_loss=0.40265223911306797 best=False
epoch=32/100 loss=0.037643 validation_loss=0.4054552306113293 best=False
epoch=33/100 loss=0.033809 validation_loss=0.4084713256453844 best=False
epoch=34/100 loss=0.030475 validation_loss=0.41187569279077557 best=False
epoch=35/100 loss=0.027562 validation_loss=0.4154844898843311 best=False
fold=8/10 OOF_accuracy=0.700000 best_epoch=25
epoch=1/100 loss=0.746365 validation_loss=0.6871753611174456 best=True
epoch=2/100 loss=0.691552 validation_loss=0.6571282480744649 best=True
epoch=3/100 loss=0.644085 validation_loss=0.6317597141474882 best=True
epoch=4/100 loss=0.601438 validation_loss=0.6088113515887542 best=True
epoch=5/100 loss=0.563557 validation_loss=0.5884929457337447 best=True
epoch=6/100 loss=0.528743 validation_loss=0.5703803775984135 best=True
epoch=7/100 loss=0.497255 validation_loss=0.5545236665831889 best=True
epoch=8/100 loss=0.467025 validation_loss=0.5405317167720786 best=True
epoch=9/100 loss=0.437886 validation_loss=0.5276635737901691 best=True
epoch=10/100 loss=0.409216 validation_loss=0.5156496286538719 best=True
epoch=11/100 loss=0.381265 validation_loss=0.5046053539811308 best=True
epoch=12/100 loss=0.354061 validation_loss=0.4942284430279248 best=True
epoch=13/100 loss=0.326474 validation_loss=0.48454564303799036 best=True
epoch=14/100 loss=0.298834 validation_loss=0.47655733272258877 best=True
epoch=15/100 loss=0.271719 validation_loss=0.46988709359420183 best=True
epoch=16/100 loss=0.245597 validation_loss=0.464364190620594 best=True
epoch=17/100 loss=0.220100 validation_loss=0.4604109310405581 best=True
epoch=18/100 loss=0.196171 validation_loss=0.457344888098939 best=True
epoch=19/100 loss=0.174382 validation_loss=0.4553665338438236 best=True
epoch=20/100 loss=0.153923 validation_loss=0.45445718410621966 best=True
epoch=21/100 loss=0.136035 validation_loss=0.455145122722118 best=False
epoch=22/100 loss=0.119709 validation_loss=0.4573970087698769 best=False
epoch=23/100 loss=0.105686 validation_loss=0.46129441539568306 best=False
epoch=24/100 loss=0.093138 validation_loss=0.4669189149369564 best=False
epoch=25/100 loss=0.082024 validation_loss=0.47373520156817267 best=False
epoch=26/100 loss=0.072442 validation_loss=0.4806229777813445 best=False
epoch=27/100 loss=0.063954 validation_loss=0.4869493596355816 best=False
epoch=28/100 loss=0.056546 validation_loss=0.49369582974637016 best=False
epoch=29/100 loss=0.050126 validation_loss=0.5012241621754634 best=False
epoch=30/100 loss=0.044387 validation_loss=0.5087916886195819 best=False
fold=9/10 OOF_accuracy=0.800000 best_epoch=20
epoch=1/100 loss=0.732129 validation_loss=0.7102814869512664 best=True
epoch=2/100 loss=0.681266 validation_loss=0.6771163391044411 best=True
epoch=3/100 loss=0.638757 validation_loss=0.6478610206983013 best=True
epoch=4/100 loss=0.600996 validation_loss=0.6204742321488385 best=True
epoch=5/100 loss=0.567019 validation_loss=0.5954775680700993 best=True
epoch=6/100 loss=0.536040 validation_loss=0.5726276744674428 best=True
epoch=7/100 loss=0.508743 validation_loss=0.5526234873210588 best=True
epoch=8/100 loss=0.482517 validation_loss=0.5350870691536104 best=True
epoch=9/100 loss=0.456987 validation_loss=0.51937518076032 best=True
epoch=10/100 loss=0.431717 validation_loss=0.5048146898287774 best=True
epoch=11/100 loss=0.406553 validation_loss=0.4908668877876977 best=True
epoch=12/100 loss=0.381535 validation_loss=0.47757386242355576 best=True
epoch=13/100 loss=0.355695 validation_loss=0.46466982534952733 best=True
epoch=14/100 loss=0.328799 validation_loss=0.4522053143901934 best=True
epoch=15/100 loss=0.301547 validation_loss=0.4409505494989728 best=True
epoch=16/100 loss=0.274711 validation_loss=0.43091479669892174 best=True
epoch=17/100 loss=0.248177 validation_loss=0.4211498641089281 best=True
epoch=18/100 loss=0.223096 validation_loss=0.41239987348606977 best=True
epoch=19/100 loss=0.199929 validation_loss=0.40445036636806375 best=True
epoch=20/100 loss=0.178079 validation_loss=0.3971573198178659 best=True
epoch=21/100 loss=0.158426 validation_loss=0.39061729690108443 best=True
epoch=22/100 loss=0.140123 validation_loss=0.38478424826059254 best=True
epoch=23/100 loss=0.123976 validation_loss=0.3796706922355584 best=True
epoch=24/100 loss=0.109610 validation_loss=0.3754361374339113 best=True
epoch=25/100 loss=0.096878 validation_loss=0.3724492465151183 best=True
epoch=26/100 loss=0.085719 validation_loss=0.3705771319044404 best=True
epoch=27/100 loss=0.075892 validation_loss=0.36981933603737394 best=True
epoch=28/100 loss=0.067213 validation_loss=0.369753025678381 best=True
epoch=29/100 loss=0.059555 validation_loss=0.370125636825038 best=False
epoch=30/100 loss=0.052914 validation_loss=0.37094126116102155 best=False
epoch=31/100 loss=0.047043 validation_loss=0.37188358902681384 best=False
epoch=32/100 loss=0.042010 validation_loss=0.37303725239344926 best=False
epoch=33/100 loss=0.037634 validation_loss=0.3743608764839636 best=False
epoch=34/100 loss=0.033794 validation_loss=0.37596540577187204 best=False
epoch=35/100 loss=0.030489 validation_loss=0.37785419224963374 best=False
epoch=36/100 loss=0.027614 validation_loss=0.3797050172464871 best=False
epoch=37/100 loss=0.025157 validation_loss=0.38118941501719067 best=False
fold=10/10 OOF_accuracy=0.800000 best_epoch=28
Frozen OOF threshold=0.59129172563552856; final refit epochs=20
epoch=1/20 loss=0.733600 validation_loss=None best=False
epoch=2/20 loss=0.671438 validation_loss=None best=False
epoch=3/20 loss=0.621230 validation_loss=None best=False
epoch=4/20 loss=0.575177 validation_loss=None best=False
epoch=5/20 loss=0.532921 validation_loss=None best=False
epoch=6/20 loss=0.495023 validation_loss=None best=False
epoch=7/20 loss=0.460326 validation_loss=None best=False
epoch=8/20 loss=0.426456 validation_loss=None best=False
epoch=9/20 loss=0.393905 validation_loss=None best=False
epoch=10/20 loss=0.362053 validation_loss=None best=False
epoch=11/20 loss=0.330688 validation_loss=None best=False
epoch=12/20 loss=0.299670 validation_loss=None best=False
epoch=13/20 loss=0.269820 validation_loss=None best=False
epoch=14/20 loss=0.240556 validation_loss=None best=False
epoch=15/20 loss=0.213872 validation_loss=None best=False
epoch=16/20 loss=0.188779 validation_loss=None best=False
epoch=17/20 loss=0.166390 validation_loss=None best=False
epoch=18/20 loss=0.145870 validation_loss=None best=False
epoch=19/20 loss=0.127894 validation_loss=None best=False
epoch=20/20 loss=0.112319 validation_loss=None best=False
{"cv_oof": {"accuracy": 0.81, "balanced_accuracy": 0.7259428378149839, "sensitivity": 0.5432098765432098, "specificity": 0.908675799086758, "f1_macro": 0.7408109132247063, "roc_auc": 0.7994249957720277, "confusion_matrix": [[199, 20], [37, 44]], "classification_report": {"0": {"precision": 0.8432203389830508, "recall": 0.908675799086758, "f1-score": 0.8747252747252747, "support": 219.0}, "1": {"precision": 0.6875, "recall": 0.5432098765432098, "f1-score": 0.6068965517241379, "support": 81.0}, "accuracy": 0.81, "macro avg": {"precision": 0.7653601694915254, "recall": 0.7259428378149839, "f1-score": 0.7408109132247063, "support": 300.0}, "weighted avg": {"precision": 0.8011758474576272, "recall": 0.81, "f1-score": 0.8024115195149678, "support": 300.0}}}, "test": {"accuracy": 0.8311688311688312, "balanced_accuracy": 0.7351190476190477, "sensitivity": 0.5238095238095238, "specificity": 0.9464285714285714, "f1_macro": 0.7596638655462185, "roc_auc": 0.8341836734693877, "confusion_matrix": [[53, 3], [10, 11]], "classification_report": {"0": {"precision": 0.8412698412698413, "recall": 0.9464285714285714, "f1-score": 0.8907563025210085, "support": 56.0}, "1": {"precision": 0.7857142857142857, "recall": 0.5238095238095238, "f1-score": 0.6285714285714286, "support": 21.0}, "accuracy": 0.8311688311688312, "macro avg": {"precision": 0.8134920634920635, "recall": 0.7351190476190477, "f1-score": 0.7596638655462185, "support": 77.0}, "weighted avg": {"precision": 0.8261183261183261, "recall": 0.8311688311688312, "f1-score": 0.8192513368983957, "support": 77.0}}}, "test_default": {"accuracy": 0.7922077922077922, "balanced_accuracy": 0.7232142857142857, "sensitivity": 0.5714285714285714, "specificity": 0.875, "f1_macro": 0.7298245614035088, "roc_auc": 0.8341836734693877, "confusion_matrix": [[49, 7], [9, 12]], "classification_report": {"0": {"precision": 0.8448275862068966, "recall": 0.875, "f1-score": 0.8596491228070176, "support": 56.0}, "1": {"precision": 0.631578947368421, "recall": 0.5714285714285714, "f1-score": 0.6, "support": 21.0}, "accuracy": 0.7922077922077922, "macro avg": {"precision": 0.7382032667876588, "recall": 0.7232142857142857, "f1-score": 0.7298245614035088, "support": 77.0}, "weighted avg": {"precision": 0.786668866523676, "recall": 0.7922077922077922, "f1-score": 0.788835725677831, "support": 77.0}}}, "oof_threshold_selection": {"accuracy": 0.8233333333333334, "balanced_accuracy": 0.7234060544562828, "sensitivity": 0.5061728395061729, "specificity": 0.9406392694063926, "f1_macro": 0.7467144563918757, "roc_auc": 0.7994249957720277, "confusion_matrix": [[206, 13], [40, 41]], "classification_report": {"0": {"precision": 0.8373983739837398, "recall": 0.9406392694063926, "f1-score": 0.886021505376344, "support": 219.0}, "1": {"precision": 0.7592592592592593, "recall": 0.5061728395061729, "f1-score": 0.6074074074074074, "support": 81.0}, "accuracy": 0.8233333333333334, "macro avg": {"precision": 0.7983288166214996, "recall": 0.7234060544562828, "f1-score": 0.7467144563918757, "support": 300.0}, "weighted avg": {"precision": 0.8163008130081302, "recall": 0.8233333333333334, "f1-score": 0.8107956989247311, "support": 300.0}}}, "decision_threshold": 0.5912917256355286, "folds": 10, "original_train_rows": 300, "train_rows": 300, "test_rows": 77, "final_epochs": 20, "elapsed_seconds": 2.077999999979511, "test_accuracy_change": 0.038961038961038974}
