Command: ["C:\\Users\\IHCK\\AppData\\Local\\Programs\\Python\\Python312\\python.exe", "-u", "C:\\Users\\IHCK\\Desktop\\1_10_69Final\\Hippocampal-Shape-Analysis-for-Epilepsy-Detection\\Model\\train_dataset_model.py", "--dataset", "plsda_latent_features", "--side", "left", "--model", "ResNetAE", "--kind", "latent", "--train-csv", "C:\\Users\\IHCK\\Desktop\\1_10_69Final\\Hippocampal-Shape-Analysis-for-Epilepsy-Detection\\Output_Dataset\\plsda_latent_features\\left\\train_plsda_latent_features.csv", "--test-csv", "C:\\Users\\IHCK\\Desktop\\1_10_69Final\\Hippocampal-Shape-Analysis-for-Epilepsy-Detection\\Output_Dataset\\plsda_latent_features\\left\\test_plsda_latent_features.csv", "--output-dir", "C:\\Users\\IHCK\\Desktop\\1_10_69Final\\Hippocampal-Shape-Analysis-for-Epilepsy-Detection\\Model_Results\\dataset_runs_20261004_earlystop_oof_threshold\\plsda_latent_features\\left\\ResNetAE", "--epochs", "100", "--folds", "10", "--pls-components", "8", "--seed", "42", "--threads", "2", "--tune-threshold", "--early-stopping", "--patience", "10", "--min-delta", "0.0001", "--stop-fraction", "0.2", "--mlp-max-epochs", "100"]
Inner early stopping: plsda_latent_features/left/ResNetAE; original Train=300 Test=73
Device=cuda; inner stopping people=54; max_epochs=100; patience=10
epoch=1/100 loss=0.885693 validation_loss=1.052661 best=True
epoch=2/100 loss=0.391703 validation_loss=0.959381 best=True
epoch=3/100 loss=0.264232 validation_loss=0.933393 best=True
epoch=4/100 loss=0.202789 validation_loss=1.022536 best=False
epoch=5/100 loss=0.149571 validation_loss=1.115570 best=False
epoch=6/100 loss=0.118822 validation_loss=1.115264 best=False
epoch=7/100 loss=0.098589 validation_loss=1.094971 best=False
epoch=8/100 loss=0.076430 validation_loss=1.200883 best=False
epoch=9/100 loss=0.059994 validation_loss=1.267992 best=False
epoch=10/100 loss=0.055017 validation_loss=1.307065 best=False
epoch=11/100 loss=0.049768 validation_loss=1.282777 best=False
epoch=12/100 loss=0.047087 validation_loss=1.312563 best=False
epoch=13/100 loss=0.048833 validation_loss=1.293170 best=False
fold=1/10 OOF_accuracy=0.766667 best_epoch=3
Device=cuda; inner stopping people=54; max_epochs=100; patience=10
epoch=1/100 loss=0.903654 validation_loss=1.096918 best=True
epoch=2/100 loss=0.381757 validation_loss=0.942247 best=True
epoch=3/100 loss=0.235187 validation_loss=0.832287 best=True
epoch=4/100 loss=0.175948 validation_loss=0.834949 best=False
epoch=5/100 loss=0.142099 validation_loss=0.908756 best=False
epoch=6/100 loss=0.101498 validation_loss=0.960267 best=False
epoch=7/100 loss=0.080881 validation_loss=0.978731 best=False
epoch=8/100 loss=0.075013 validation_loss=0.998786 best=False
epoch=9/100 loss=0.071146 validation_loss=1.022851 best=False
epoch=10/100 loss=0.055996 validation_loss=1.006340 best=False
epoch=11/100 loss=0.051163 validation_loss=1.029191 best=False
epoch=12/100 loss=0.046267 validation_loss=1.073882 best=False
epoch=13/100 loss=0.042417 validation_loss=1.090689 best=False
fold=2/10 OOF_accuracy=0.733333 best_epoch=3
Device=cuda; inner stopping people=54; max_epochs=100; patience=10
epoch=1/100 loss=0.947424 validation_loss=1.135279 best=True
epoch=2/100 loss=0.436445 validation_loss=1.023339 best=True
epoch=3/100 loss=0.276212 validation_loss=0.921462 best=True
epoch=4/100 loss=0.216287 validation_loss=0.935962 best=False
epoch=5/100 loss=0.167049 validation_loss=1.052039 best=False
epoch=6/100 loss=0.125223 validation_loss=1.044489 best=False
epoch=7/100 loss=0.102157 validation_loss=1.063667 best=False
epoch=8/100 loss=0.088983 validation_loss=1.155656 best=False
epoch=9/100 loss=0.082808 validation_loss=1.238790 best=False
epoch=10/100 loss=0.073178 validation_loss=1.202935 best=False
epoch=11/100 loss=0.053388 validation_loss=1.253991 best=False
epoch=12/100 loss=0.055203 validation_loss=1.248727 best=False
epoch=13/100 loss=0.056648 validation_loss=1.256552 best=False
fold=3/10 OOF_accuracy=0.700000 best_epoch=3
Device=cuda; inner stopping people=54; max_epochs=100; patience=10
epoch=1/100 loss=0.877570 validation_loss=1.035531 best=True
epoch=2/100 loss=0.394948 validation_loss=0.937502 best=True
epoch=3/100 loss=0.247210 validation_loss=0.882400 best=True
epoch=4/100 loss=0.176430 validation_loss=0.935948 best=False
epoch=5/100 loss=0.129009 validation_loss=0.993686 best=False
epoch=6/100 loss=0.109257 validation_loss=1.081900 best=False
epoch=7/100 loss=0.083497 validation_loss=1.074614 best=False
epoch=8/100 loss=0.079347 validation_loss=1.116704 best=False
epoch=9/100 loss=0.068194 validation_loss=1.179461 best=False
epoch=10/100 loss=0.057382 validation_loss=1.177882 best=False
epoch=11/100 loss=0.060593 validation_loss=1.165273 best=False
epoch=12/100 loss=0.051334 validation_loss=1.166401 best=False
epoch=13/100 loss=0.043391 validation_loss=1.185730 best=False
fold=4/10 OOF_accuracy=0.800000 best_epoch=3
Device=cuda; inner stopping people=54; max_epochs=100; patience=10
epoch=1/100 loss=0.942577 validation_loss=1.077871 best=True
epoch=2/100 loss=0.464226 validation_loss=0.944994 best=True
epoch=3/100 loss=0.304811 validation_loss=0.815977 best=True
epoch=4/100 loss=0.206927 validation_loss=0.801476 best=True
epoch=5/100 loss=0.153322 validation_loss=0.959066 best=False
epoch=6/100 loss=0.107887 validation_loss=1.044890 best=False
epoch=7/100 loss=0.085047 validation_loss=1.068743 best=False
epoch=8/100 loss=0.078411 validation_loss=1.068044 best=False
epoch=9/100 loss=0.066806 validation_loss=1.134242 best=False
epoch=10/100 loss=0.057146 validation_loss=1.157497 best=False
epoch=11/100 loss=0.060284 validation_loss=1.152339 best=False
epoch=12/100 loss=0.051344 validation_loss=1.256761 best=False
epoch=13/100 loss=0.047742 validation_loss=1.282930 best=False
epoch=14/100 loss=0.048243 validation_loss=1.239840 best=False
fold=5/10 OOF_accuracy=0.733333 best_epoch=4
Device=cuda; inner stopping people=54; max_epochs=100; patience=10
epoch=1/100 loss=0.895200 validation_loss=1.117604 best=True
epoch=2/100 loss=0.401829 validation_loss=0.995093 best=True
epoch=3/100 loss=0.262762 validation_loss=0.886620 best=True
epoch=4/100 loss=0.211793 validation_loss=0.852424 best=True
epoch=5/100 loss=0.170786 validation_loss=0.847682 best=True
epoch=6/100 loss=0.125620 validation_loss=0.861836 best=False
epoch=7/100 loss=0.105303 validation_loss=0.955999 best=False
epoch=8/100 loss=0.081719 validation_loss=1.009142 best=False
epoch=9/100 loss=0.068675 validation_loss=1.005096 best=False
epoch=10/100 loss=0.059722 validation_loss=1.026114 best=False
epoch=11/100 loss=0.061239 validation_loss=1.029189 best=False
epoch=12/100 loss=0.060943 validation_loss=1.063239 best=False
epoch=13/100 loss=0.049906 validation_loss=1.067994 best=False
epoch=14/100 loss=0.050447 validation_loss=1.072126 best=False
epoch=15/100 loss=0.059344 validation_loss=1.164664 best=False
fold=6/10 OOF_accuracy=0.733333 best_epoch=5
Device=cuda; inner stopping people=54; max_epochs=100; patience=10
epoch=1/100 loss=0.930137 validation_loss=1.053026 best=True
epoch=2/100 loss=0.434930 validation_loss=0.920690 best=True
epoch=3/100 loss=0.264390 validation_loss=0.822798 best=True
epoch=4/100 loss=0.186690 validation_loss=0.825988 best=False
epoch=5/100 loss=0.145789 validation_loss=0.882233 best=False
epoch=6/100 loss=0.109979 validation_loss=0.931562 best=False
epoch=7/100 loss=0.083065 validation_loss=0.984201 best=False
epoch=8/100 loss=0.084699 validation_loss=1.028598 best=False
epoch=9/100 loss=0.070044 validation_loss=1.046809 best=False
epoch=10/100 loss=0.066000 validation_loss=1.070826 best=False
epoch=11/100 loss=0.054589 validation_loss=1.093500 best=False
epoch=12/100 loss=0.053634 validation_loss=1.101885 best=False
epoch=13/100 loss=0.049723 validation_loss=1.113210 best=False
fold=7/10 OOF_accuracy=0.800000 best_epoch=3
Device=cuda; inner stopping people=54; max_epochs=100; patience=10
epoch=1/100 loss=0.929385 validation_loss=1.026396 best=True
epoch=2/100 loss=0.416091 validation_loss=0.883305 best=True
epoch=3/100 loss=0.258080 validation_loss=0.723295 best=True
epoch=4/100 loss=0.201201 validation_loss=0.652869 best=True
epoch=5/100 loss=0.158620 validation_loss=0.671981 best=False
epoch=6/100 loss=0.127742 validation_loss=0.707948 best=False
epoch=7/100 loss=0.097713 validation_loss=0.738354 best=False
epoch=8/100 loss=0.090036 validation_loss=0.754025 best=False
epoch=9/100 loss=0.075559 validation_loss=0.762312 best=False
epoch=10/100 loss=0.069859 validation_loss=0.772823 best=False
epoch=11/100 loss=0.066250 validation_loss=0.787988 best=False
epoch=12/100 loss=0.060228 validation_loss=0.815599 best=False
epoch=13/100 loss=0.051201 validation_loss=0.851726 best=False
epoch=14/100 loss=0.050458 validation_loss=0.871899 best=False
fold=8/10 OOF_accuracy=0.766667 best_epoch=4
Device=cuda; inner stopping people=54; max_epochs=100; patience=10
epoch=1/100 loss=0.929438 validation_loss=1.068185 best=True
epoch=2/100 loss=0.404191 validation_loss=0.896351 best=True
epoch=3/100 loss=0.255280 validation_loss=0.722987 best=True
epoch=4/100 loss=0.195628 validation_loss=0.593134 best=True
epoch=5/100 loss=0.174205 validation_loss=0.577394 best=True
epoch=6/100 loss=0.130714 validation_loss=0.590376 best=False
epoch=7/100 loss=0.098210 validation_loss=0.654193 best=False
epoch=8/100 loss=0.091917 validation_loss=0.610824 best=False
epoch=9/100 loss=0.071642 validation_loss=0.632343 best=False
epoch=10/100 loss=0.066642 validation_loss=0.649333 best=False
epoch=11/100 loss=0.051701 validation_loss=0.649062 best=False
epoch=12/100 loss=0.060344 validation_loss=0.659057 best=False
epoch=13/100 loss=0.045633 validation_loss=0.675968 best=False
epoch=14/100 loss=0.038934 validation_loss=0.685939 best=False
epoch=15/100 loss=0.056279 validation_loss=0.741700 best=False
fold=9/10 OOF_accuracy=0.733333 best_epoch=5
Device=cuda; inner stopping people=54; max_epochs=100; patience=10
epoch=1/100 loss=0.912899 validation_loss=1.041015 best=True
epoch=2/100 loss=0.420007 validation_loss=0.922052 best=True
epoch=3/100 loss=0.251869 validation_loss=0.870050 best=True
epoch=4/100 loss=0.193632 validation_loss=0.919277 best=False
epoch=5/100 loss=0.146239 validation_loss=1.009544 best=False
epoch=6/100 loss=0.108975 validation_loss=1.067506 best=False
epoch=7/100 loss=0.089992 validation_loss=1.089954 best=False
epoch=8/100 loss=0.081174 validation_loss=1.145999 best=False
epoch=9/100 loss=0.058248 validation_loss=1.165827 best=False
epoch=10/100 loss=0.056738 validation_loss=1.204274 best=False
epoch=11/100 loss=0.050687 validation_loss=1.245850 best=False
epoch=12/100 loss=0.046283 validation_loss=1.267485 best=False
epoch=13/100 loss=0.047025 validation_loss=1.269170 best=False
fold=10/10 OOF_accuracy=0.700000 best_epoch=3
Frozen OOF threshold=0.54251128435134888; final refit epochs=3
Device=cuda; epochs=3; batch=32; model=ResNetAutoencoder1D
epoch=1/3 loss=0.850979 seconds=0.06
epoch=2/3 loss=0.384800 seconds=0.05
epoch=3/3 loss=0.228286 seconds=0.05
{"cv_oof": {"accuracy": 0.7466666666666667, "balanced_accuracy": 0.7109375, "sensitivity": 0.5833333333333334, "specificity": 0.8385416666666666, "f1_macro": 0.7164038011841385, "roc_auc": 0.7746431327160493, "confusion_matrix": [[161, 31], [45, 63]], "classification_report": {"0": {"precision": 0.7815533980582524, "recall": 0.8385416666666666, "f1-score": 0.8090452261306532, "support": 192.0}, "1": {"precision": 0.6702127659574468, "recall": 0.5833333333333334, "f1-score": 0.6237623762376238, "support": 108.0}, "accuracy": 0.7466666666666667, "macro avg": {"precision": 0.7258830820078497, "recall": 0.7109375, "f1-score": 0.7164038011841385, "support": 300.0}, "weighted avg": {"precision": 0.7414707705019625, "recall": 0.7466666666666667, "f1-score": 0.7423434001691627, "support": 300.0}}}, "test": {"accuracy": 0.7808219178082192, "balanced_accuracy": 0.752454991816694, "sensitivity": 0.6538461538461539, "specificity": 0.851063829787234, "f1_macro": 0.7566666666666667, "roc_auc": 0.8625204582651391, "confusion_matrix": [[40, 7], [9, 17]], "classification_report": {"0": {"precision": 0.8163265306122449, "recall": 0.851063829787234, "f1-score": 0.8333333333333334, "support": 47.0}, "1": {"precision": 0.7083333333333334, "recall": 0.6538461538461539, "f1-score": 0.68, "support": 26.0}, "accuracy": 0.7808219178082192, "macro avg": {"precision": 0.7623299319727892, "recall": 0.752454991816694, "f1-score": 0.7566666666666667, "support": 73.0}, "weighted avg": {"precision": 0.7778632000745505, "recall": 0.7808219178082192, "f1-score": 0.7787214611872146, "support": 73.0}}}, "test_default": {"accuracy": 0.7945205479452054, "balanced_accuracy": 0.7802782324058919, "sensitivity": 0.7307692307692307, "specificity": 0.8297872340425532, "f1_macro": 0.7778454047474133, "roc_auc": 0.8625204582651391, "confusion_matrix": [[39, 8], [7, 19]], "classification_report": {"0": {"precision": 0.8478260869565217, "recall": 0.8297872340425532, "f1-score": 0.8387096774193549, "support": 47.0}, "1": {"precision": 0.7037037037037037, "recall": 0.7307692307692307, "f1-score": 0.7169811320754716, "support": 26.0}, "accuracy": 0.7945205479452054, "macro avg": {"precision": 0.7757648953301127, "recall": 0.7802782324058919, "f1-score": 0.7778454047474133, "support": 73.0}, "weighted avg": {"precision": 0.7964948271678468, "recall": 0.7945205479452054, "f1-score": 0.7953543051050951, "support": 73.0}}}, "oof_threshold_selection": {"accuracy": 0.7633333333333333, "balanced_accuracy": 0.7239583333333334, "sensitivity": 0.5833333333333334, "specificity": 0.8645833333333334, "f1_macro": 0.731707624289907, "roc_auc": 0.7746431327160493, "confusion_matrix": [[166, 26], [45, 63]], "classification_report": {"0": {"precision": 0.7867298578199052, "recall": 0.8645833333333334, "f1-score": 0.8238213399503722, "support": 192.0}, "1": {"precision": 0.7078651685393258, "recall": 0.5833333333333334, "f1-score": 0.6395939086294417, "support": 108.0}, "accuracy": 0.7633333333333333, "macro avg": {"precision": 0.7472975131796156, "recall": 0.7239583333333334, "f1-score": 0.731707624289907, "support": 300.0}, "weighted avg": {"precision": 0.7583385696788967, "recall": 0.7633333333333333, "f1-score": 0.7574994646748371, "support": 300.0}}}, "decision_threshold": 0.5425112843513489, "folds": 10, "original_train_rows": 300, "train_rows": 300, "test_rows": 73, "final_epochs": 3, "elapsed_seconds": 10.297000000020489, "test_accuracy_change": -0.013698630136986245}
