Run invocation: ["Model/run_dataset_models.py", "--early-stopping", "--workers", "2", "--output-root", "Model_Results/dataset_runs_20261004_earlystop_oof_threshold", "--epochs", "100", "--mlp-max-epochs", "100", "--patience", "10", "--min-delta", "0.0001", "--stop-fraction", "0.2", "--folds", "10", "--pls-components", "8", "--seed", "42"]
Python: C:\Users\IHCK\AppData\Local\Programs\Python\Python312\python.exe; jobs=68; folds=10; neural_epochs=100
[1/68] START ('coef_raw', 'left', 'SVM') -> C:\Users\IHCK\Desktop\1_10_69Final\Hippocampal-Shape-Analysis-for-Epilepsy-Detection\Model_Results\dataset_runs_20261004_earlystop_oof_threshold\_logs\coef_raw_left_SVM.log
[2/68] START ('coef_raw', 'left', 'MLP') -> C:\Users\IHCK\Desktop\1_10_69Final\Hippocampal-Shape-Analysis-for-Epilepsy-Detection\Model_Results\dataset_runs_20261004_earlystop_oof_threshold\_logs\coef_raw_left_MLP.log
[1/68] completed ('coef_raw', 'left', 'SVM') seconds=2.72 test_accuracy=0.8356164383561644 AUC=0.8412438625204584 threshold=0.9603795436096602 change=0.0547945205479452
[3/68] START ('coef_raw', 'left', 'ResNet') -> C:\Users\IHCK\Desktop\1_10_69Final\Hippocampal-Shape-Analysis-for-Epilepsy-Detection\Model_Results\dataset_runs_20261004_earlystop_oof_threshold\_logs\coef_raw_left_ResNet.log
[2/68] completed ('coef_raw', 'left', 'MLP') seconds=3.31 test_accuracy=0.8356164383561644 AUC=0.8608837970540099 threshold=0.5636128187179565 change=0.013698630136986356
[4/68] START ('coef_raw', 'left', 'ResNetAE') -> C:\Users\IHCK\Desktop\1_10_69Final\Hippocampal-Shape-Analysis-for-Epilepsy-Detection\Model_Results\dataset_runs_20261004_earlystop_oof_threshold\_logs\coef_raw_left_ResNetAE.log
[3/68] completed ('coef_raw', 'left', 'ResNet') seconds=13.16 test_accuracy=0.7945205479452054 AUC=0.8592471358428806 threshold=0.5 change=0.0
[5/68] START ('coef_raw', 'left', 'MobileNet') -> C:\Users\IHCK\Desktop\1_10_69Final\Hippocampal-Shape-Analysis-for-Epilepsy-Detection\Model_Results\dataset_runs_20261004_earlystop_oof_threshold\_logs\coef_raw_left_MobileNet.log
[4/68] completed ('coef_raw', 'left', 'ResNetAE') seconds=19.44 test_accuracy=0.7945205479452054 AUC=0.8600654664484452 threshold=0.676832914352417 change=-0.013698630136986356
[6/68] START ('coef_raw', 'left', 'SqueezeNet') -> C:\Users\IHCK\Desktop\1_10_69Final\Hippocampal-Shape-Analysis-for-Epilepsy-Detection\Model_Results\dataset_runs_20261004_earlystop_oof_threshold\_logs\coef_raw_left_SqueezeNet.log
[5/68] completed ('coef_raw', 'left', 'MobileNet') seconds=15.09 test_accuracy=0.7808219178082192 AUC=0.8657937806873978 threshold=0.7026807069778442 change=0.04109589041095896
[7/68] START ('coef_raw', 'right', 'SVM') -> C:\Users\IHCK\Desktop\1_10_69Final\Hippocampal-Shape-Analysis-for-Epilepsy-Detection\Model_Results\dataset_runs_20261004_earlystop_oof_threshold\_logs\coef_raw_right_SVM.log
[7/68] completed ('coef_raw', 'right', 'SVM') seconds=2.73 test_accuracy=0.8181818181818182 AUC=0.8401360544217688 threshold=0.7699908739108519 change=0.0
[8/68] START ('coef_raw', 'right', 'MLP') -> C:\Users\IHCK\Desktop\1_10_69Final\Hippocampal-Shape-Analysis-for-Epilepsy-Detection\Model_Results\dataset_runs_20261004_earlystop_oof_threshold\_logs\coef_raw_right_MLP.log
[6/68] completed ('coef_raw', 'left', 'SqueezeNet') seconds=12.0 test_accuracy=0.7397260273972602 AUC=0.8543371522094926 threshold=0.657620906829834 change=0.0
[9/68] START ('coef_raw', 'right', 'ResNet') -> C:\Users\IHCK\Desktop\1_10_69Final\Hippocampal-Shape-Analysis-for-Epilepsy-Detection\Model_Results\dataset_runs_20261004_earlystop_oof_threshold\_logs\coef_raw_right_ResNet.log
[8/68] completed ('coef_raw', 'right', 'MLP') seconds=3.11 test_accuracy=0.8051948051948052 AUC=0.8741496598639455 threshold=0.3804990351200104 change=-0.051948051948051854
[10/68] START ('coef_raw', 'right', 'ResNetAE') -> C:\Users\IHCK\Desktop\1_10_69Final\Hippocampal-Shape-Analysis-for-Epilepsy-Detection\Model_Results\dataset_runs_20261004_earlystop_oof_threshold\_logs\coef_raw_right_ResNetAE.log
[9/68] completed ('coef_raw', 'right', 'ResNet') seconds=11.59 test_accuracy=0.8051948051948052 AUC=0.816326530612245 threshold=0.7416409850120544 change=-0.012987012987012991
[11/68] START ('coef_raw', 'right', 'MobileNet') -> C:\Users\IHCK\Desktop\1_10_69Final\Hippocampal-Shape-Analysis-for-Epilepsy-Detection\Model_Results\dataset_runs_20261004_earlystop_oof_threshold\_logs\coef_raw_right_MobileNet.log
[10/68] completed ('coef_raw', 'right', 'ResNetAE') seconds=22.31 test_accuracy=0.8181818181818182 AUC=0.8452380952380952 threshold=0.6388633251190186 change=0.0
[12/68] START ('coef_raw', 'right', 'SqueezeNet') -> C:\Users\IHCK\Desktop\1_10_69Final\Hippocampal-Shape-Analysis-for-Epilepsy-Detection\Model_Results\dataset_runs_20261004_earlystop_oof_threshold\_logs\coef_raw_right_SqueezeNet.log
[11/68] completed ('coef_raw', 'right', 'MobileNet') seconds=15.72 test_accuracy=0.8181818181818182 AUC=0.8639455782312925 threshold=0.29414448142051697 change=-0.012987012987012991
[13/68] START ('coef_raw_balanced_jitter', 'left', 'SVM') -> C:\Users\IHCK\Desktop\1_10_69Final\Hippocampal-Shape-Analysis-for-Epilepsy-Detection\Model_Results\dataset_runs_20261004_earlystop_oof_threshold\_logs\coef_raw_balanced_jitter_left_SVM.log
[13/68] completed ('coef_raw_balanced_jitter', 'left', 'SVM') seconds=3.08 test_accuracy=0.8356164383561644 AUC=0.8477905073649754 threshold=0.9580841682224219 change=0.0547945205479452
[14/68] START ('coef_raw_balanced_jitter', 'left', 'MLP') -> C:\Users\IHCK\Desktop\1_10_69Final\Hippocampal-Shape-Analysis-for-Epilepsy-Detection\Model_Results\dataset_runs_20261004_earlystop_oof_threshold\_logs\coef_raw_balanced_jitter_left_MLP.log
[14/68] completed ('coef_raw_balanced_jitter', 'left', 'MLP') seconds=3.86 test_accuracy=0.7945205479452054 AUC=0.8486088379705401 threshold=0.5143439173698425 change=0.0
[15/68] START ('coef_raw_balanced_jitter', 'left', 'ResNet') -> C:\Users\IHCK\Desktop\1_10_69Final\Hippocampal-Shape-Analysis-for-Epilepsy-Detection\Model_Results\dataset_runs_20261004_earlystop_oof_threshold\_logs\coef_raw_balanced_jitter_left_ResNet.log
[12/68] completed ('coef_raw', 'right', 'SqueezeNet') seconds=13.02 test_accuracy=0.8181818181818182 AUC=0.8545918367346939 threshold=0.8296221494674683 change=-0.03896103896103886
[16/68] START ('coef_raw_balanced_jitter', 'left', 'ResNetAE') -> C:\Users\IHCK\Desktop\1_10_69Final\Hippocampal-Shape-Analysis-for-Epilepsy-Detection\Model_Results\dataset_runs_20261004_earlystop_oof_threshold\_logs\coef_raw_balanced_jitter_left_ResNetAE.log
[15/68] completed ('coef_raw_balanced_jitter', 'left', 'ResNet') seconds=11.7 test_accuracy=0.8356164383561644 AUC=0.8363338788870703 threshold=0.5227873921394348 change=0.0
[17/68] START ('coef_raw_balanced_jitter', 'left', 'MobileNet') -> C:\Users\IHCK\Desktop\1_10_69Final\Hippocampal-Shape-Analysis-for-Epilepsy-Detection\Model_Results\dataset_runs_20261004_earlystop_oof_threshold\_logs\coef_raw_balanced_jitter_left_MobileNet.log
[16/68] completed ('coef_raw_balanced_jitter', 'left', 'ResNetAE') seconds=18.39 test_accuracy=0.7808219178082192 AUC=0.8518821603927986 threshold=0.5 change=0.0
[18/68] START ('coef_raw_balanced_jitter', 'left', 'SqueezeNet') -> C:\Users\IHCK\Desktop\1_10_69Final\Hippocampal-Shape-Analysis-for-Epilepsy-Detection\Model_Results\dataset_runs_20261004_earlystop_oof_threshold\_logs\coef_raw_balanced_jitter_left_SqueezeNet.log
[17/68] completed ('coef_raw_balanced_jitter', 'left', 'MobileNet') seconds=16.58 test_accuracy=0.821917808219178 AUC=0.869885433715221 threshold=0.5651581287384033 change=0.0
[19/68] START ('coef_raw_balanced_jitter', 'right', 'SVM') -> C:\Users\IHCK\Desktop\1_10_69Final\Hippocampal-Shape-Analysis-for-Epilepsy-Detection\Model_Results\dataset_runs_20261004_earlystop_oof_threshold\_logs\coef_raw_balanced_jitter_right_SVM.log
[19/68] completed ('coef_raw_balanced_jitter', 'right', 'SVM') seconds=3.38 test_accuracy=0.8051948051948052 AUC=0.8375850340136055 threshold=0.792780432634521 change=-0.012987012987012991
[20/68] START ('coef_raw_balanced_jitter', 'right', 'MLP') -> C:\Users\IHCK\Desktop\1_10_69Final\Hippocampal-Shape-Analysis-for-Epilepsy-Detection\Model_Results\dataset_runs_20261004_earlystop_oof_threshold\_logs\coef_raw_balanced_jitter_right_MLP.log
[18/68] completed ('coef_raw_balanced_jitter', 'left', 'SqueezeNet') seconds=14.09 test_accuracy=0.6712328767123288 AUC=0.7643207855973814 threshold=0.5222148895263672 change=-0.013698630136986245
[21/68] START ('coef_raw_balanced_jitter', 'right', 'ResNet') -> C:\Users\IHCK\Desktop\1_10_69Final\Hippocampal-Shape-Analysis-for-Epilepsy-Detection\Model_Results\dataset_runs_20261004_earlystop_oof_threshold\_logs\coef_raw_balanced_jitter_right_ResNet.log
[20/68] completed ('coef_raw_balanced_jitter', 'right', 'MLP') seconds=4.09 test_accuracy=0.8441558441558441 AUC=0.852891156462585 threshold=0.5661048293113708 change=0.0
[22/68] START ('coef_raw_balanced_jitter', 'right', 'ResNetAE') -> C:\Users\IHCK\Desktop\1_10_69Final\Hippocampal-Shape-Analysis-for-Epilepsy-Detection\Model_Results\dataset_runs_20261004_earlystop_oof_threshold\_logs\coef_raw_balanced_jitter_right_ResNetAE.log
[21/68] completed ('coef_raw_balanced_jitter', 'right', 'ResNet') seconds=13.02 test_accuracy=0.8311688311688312 AUC=0.8511904761904762 threshold=0.5344477891921997 change=0.0
[23/68] START ('coef_raw_balanced_jitter', 'right', 'MobileNet') -> C:\Users\IHCK\Desktop\1_10_69Final\Hippocampal-Shape-Analysis-for-Epilepsy-Detection\Model_Results\dataset_runs_20261004_earlystop_oof_threshold\_logs\coef_raw_balanced_jitter_right_MobileNet.log
[22/68] completed ('coef_raw_balanced_jitter', 'right', 'ResNetAE') seconds=25.36 test_accuracy=0.7922077922077922 AUC=0.869047619047619 threshold=0.6656976342201233 change=-0.012987012987012991
[24/68] START ('coef_raw_balanced_jitter', 'right', 'SqueezeNet') -> C:\Users\IHCK\Desktop\1_10_69Final\Hippocampal-Shape-Analysis-for-Epilepsy-Detection\Model_Results\dataset_runs_20261004_earlystop_oof_threshold\_logs\coef_raw_balanced_jitter_right_SqueezeNet.log
[23/68] completed ('coef_raw_balanced_jitter', 'right', 'MobileNet') seconds=18.36 test_accuracy=0.8441558441558441 AUC=0.8299319727891156 threshold=0.6912893652915955 change=-0.012987012987012991
[25/68] START ('coef_plsda', 'left', 'SVM') -> C:\Users\IHCK\Desktop\1_10_69Final\Hippocampal-Shape-Analysis-for-Epilepsy-Detection\Model_Results\dataset_runs_20261004_earlystop_oof_threshold\_logs\coef_plsda_left_SVM.log
[25/68] completed ('coef_plsda', 'left', 'SVM') seconds=3.67 test_accuracy=0.8356164383561644 AUC=0.8518821603927987 threshold=0.9803265026941489 change=0.0547945205479452
[26/68] START ('coef_plsda', 'left', 'MLP') -> C:\Users\IHCK\Desktop\1_10_69Final\Hippocampal-Shape-Analysis-for-Epilepsy-Detection\Model_Results\dataset_runs_20261004_earlystop_oof_threshold\_logs\coef_plsda_left_MLP.log
[26/68] completed ('coef_plsda', 'left', 'MLP') seconds=4.19 test_accuracy=0.7945205479452054 AUC=0.8527004909983634 threshold=0.5 change=0.0
[27/68] START ('coef_plsda', 'left', 'ResNet') -> C:\Users\IHCK\Desktop\1_10_69Final\Hippocampal-Shape-Analysis-for-Epilepsy-Detection\Model_Results\dataset_runs_20261004_earlystop_oof_threshold\_logs\coef_plsda_left_ResNet.log
[24/68] completed ('coef_raw_balanced_jitter', 'right', 'SqueezeNet') seconds=16.09 test_accuracy=0.7922077922077922 AUC=0.8477891156462585 threshold=0.9251450896263123 change=-0.038961038961038974
[28/68] START ('coef_plsda', 'left', 'ResNetAE') -> C:\Users\IHCK\Desktop\1_10_69Final\Hippocampal-Shape-Analysis-for-Epilepsy-Detection\Model_Results\dataset_runs_20261004_earlystop_oof_threshold\_logs\coef_plsda_left_ResNetAE.log
[27/68] completed ('coef_plsda', 'left', 'ResNet') seconds=12.38 test_accuracy=0.7945205479452054 AUC=0.8363338788870704 threshold=0.5402568578720093 change=0.0
[29/68] START ('coef_plsda', 'left', 'MobileNet') -> C:\Users\IHCK\Desktop\1_10_69Final\Hippocampal-Shape-Analysis-for-Epilepsy-Detection\Model_Results\dataset_runs_20261004_earlystop_oof_threshold\_logs\coef_plsda_left_MobileNet.log
[28/68] completed ('coef_plsda', 'left', 'ResNetAE') seconds=19.91 test_accuracy=0.7945205479452054 AUC=0.8518821603927987 threshold=0.7370998859405518 change=0.041095890410958846
[30/68] START ('coef_plsda', 'left', 'SqueezeNet') -> C:\Users\IHCK\Desktop\1_10_69Final\Hippocampal-Shape-Analysis-for-Epilepsy-Detection\Model_Results\dataset_runs_20261004_earlystop_oof_threshold\_logs\coef_plsda_left_SqueezeNet.log
[29/68] completed ('coef_plsda', 'left', 'MobileNet') seconds=16.34 test_accuracy=0.7397260273972602 AUC=0.8379705400981997 threshold=0.6287953853607178 change=0.041095890410958846
[31/68] START ('coef_plsda', 'right', 'SVM') -> C:\Users\IHCK\Desktop\1_10_69Final\Hippocampal-Shape-Analysis-for-Epilepsy-Detection\Model_Results\dataset_runs_20261004_earlystop_oof_threshold\_logs\coef_plsda_right_SVM.log
[31/68] completed ('coef_plsda', 'right', 'SVM') seconds=3.62 test_accuracy=0.8051948051948052 AUC=0.8503401360544217 threshold=0.8443154207324148 change=-0.06493506493506485
[32/68] START ('coef_plsda', 'right', 'MLP') -> C:\Users\IHCK\Desktop\1_10_69Final\Hippocampal-Shape-Analysis-for-Epilepsy-Detection\Model_Results\dataset_runs_20261004_earlystop_oof_threshold\_logs\coef_plsda_right_MLP.log
[30/68] completed ('coef_plsda', 'left', 'SqueezeNet') seconds=13.08 test_accuracy=0.7397260273972602 AUC=0.7921440261865793 threshold=0.4676326513290405 change=0.0
[33/68] START ('coef_plsda', 'right', 'ResNet') -> C:\Users\IHCK\Desktop\1_10_69Final\Hippocampal-Shape-Analysis-for-Epilepsy-Detection\Model_Results\dataset_runs_20261004_earlystop_oof_threshold\_logs\coef_plsda_right_ResNet.log
[32/68] completed ('coef_plsda', 'right', 'MLP') seconds=4.05 test_accuracy=0.8571428571428571 AUC=0.8767006802721088 threshold=0.6054235100746155 change=-0.025974025974025983
[34/68] START ('coef_plsda', 'right', 'ResNetAE') -> C:\Users\IHCK\Desktop\1_10_69Final\Hippocampal-Shape-Analysis-for-Epilepsy-Detection\Model_Results\dataset_runs_20261004_earlystop_oof_threshold\_logs\coef_plsda_right_ResNetAE.log
[33/68] completed ('coef_plsda', 'right', 'ResNet') seconds=12.88 test_accuracy=0.8441558441558441 AUC=0.8520408163265306 threshold=0.5784094929695129 change=0.0
[35/68] START ('coef_plsda', 'right', 'MobileNet') -> C:\Users\IHCK\Desktop\1_10_69Final\Hippocampal-Shape-Analysis-for-Epilepsy-Detection\Model_Results\dataset_runs_20261004_earlystop_oof_threshold\_logs\coef_plsda_right_MobileNet.log
[34/68] completed ('coef_plsda', 'right', 'ResNetAE') seconds=26.14 test_accuracy=0.8311688311688312 AUC=0.8095238095238095 threshold=0.8695269227027893 change=0.025974025974025983
[36/68] START ('coef_plsda', 'right', 'SqueezeNet') -> C:\Users\IHCK\Desktop\1_10_69Final\Hippocampal-Shape-Analysis-for-Epilepsy-Detection\Model_Results\dataset_runs_20261004_earlystop_oof_threshold\_logs\coef_plsda_right_SqueezeNet.log
[35/68] completed ('coef_plsda', 'right', 'MobileNet') seconds=17.42 test_accuracy=0.8181818181818182 AUC=0.8146258503401361 threshold=0.6135640144348145 change=0.0
[37/68] START ('augment_plsda_balanced', 'left', 'SVM') -> C:\Users\IHCK\Desktop\1_10_69Final\Hippocampal-Shape-Analysis-for-Epilepsy-Detection\Model_Results\dataset_runs_20261004_earlystop_oof_threshold\_logs\augment_plsda_balanced_left_SVM.log
[37/68] completed ('augment_plsda_balanced', 'left', 'SVM') seconds=10.55 test_accuracy=0.7671232876712328 AUC=0.837152209492635 threshold=0.9951350223058605 change=0.013698630136986245
[38/68] START ('augment_plsda_balanced', 'left', 'MLP') -> C:\Users\IHCK\Desktop\1_10_69Final\Hippocampal-Shape-Analysis-for-Epilepsy-Detection\Model_Results\dataset_runs_20261004_earlystop_oof_threshold\_logs\augment_plsda_balanced_left_MLP.log
[36/68] completed ('coef_plsda', 'right', 'SqueezeNet') seconds=14.31 test_accuracy=0.8311688311688312 AUC=0.8511904761904762 threshold=0.47759824991226196 change=0.0
[39/68] START ('augment_plsda_balanced', 'left', 'ResNet') -> C:\Users\IHCK\Desktop\1_10_69Final\Hippocampal-Shape-Analysis-for-Epilepsy-Detection\Model_Results\dataset_runs_20261004_earlystop_oof_threshold\_logs\augment_plsda_balanced_left_ResNet.log
[38/68] completed ('augment_plsda_balanced', 'left', 'MLP') seconds=9.5 test_accuracy=0.7534246575342466 AUC=0.8469721767594108 threshold=0.5459380149841309 change=0.0
[40/68] START ('augment_plsda_balanced', 'left', 'ResNetAE') -> C:\Users\IHCK\Desktop\1_10_69Final\Hippocampal-Shape-Analysis-for-Epilepsy-Detection\Model_Results\dataset_runs_20261004_earlystop_oof_threshold\_logs\augment_plsda_balanced_left_ResNetAE.log
[39/68] completed ('augment_plsda_balanced', 'left', 'ResNet') seconds=32.75 test_accuracy=0.7397260273972602 AUC=0.8289689034369885 threshold=0.5696987509727478 change=0.0
[41/68] START ('augment_plsda_balanced', 'left', 'MobileNet') -> C:\Users\IHCK\Desktop\1_10_69Final\Hippocampal-Shape-Analysis-for-Epilepsy-Detection\Model_Results\dataset_runs_20261004_earlystop_oof_threshold\_logs\augment_plsda_balanced_left_MobileNet.log
[40/68] completed ('augment_plsda_balanced', 'left', 'ResNetAE') seconds=47.73 test_accuracy=0.7534246575342466 AUC=0.8379705400981997 threshold=0.9295185804367065 change=0.0
[42/68] START ('augment_plsda_balanced', 'left', 'SqueezeNet') -> C:\Users\IHCK\Desktop\1_10_69Final\Hippocampal-Shape-Analysis-for-Epilepsy-Detection\Model_Results\dataset_runs_20261004_earlystop_oof_threshold\_logs\augment_plsda_balanced_left_SqueezeNet.log
[41/68] completed ('augment_plsda_balanced', 'left', 'MobileNet') seconds=44.3 test_accuracy=0.7534246575342466 AUC=0.8142389525368248 threshold=0.6080623865127563 change=0.013698630136986356
[43/68] START ('augment_plsda_balanced', 'right', 'SVM') -> C:\Users\IHCK\Desktop\1_10_69Final\Hippocampal-Shape-Analysis-for-Epilepsy-Detection\Model_Results\dataset_runs_20261004_earlystop_oof_threshold\_logs\augment_plsda_balanced_right_SVM.log
[42/68] completed ('augment_plsda_balanced', 'left', 'SqueezeNet') seconds=29.55 test_accuracy=0.6986301369863014 AUC=0.7667757774140752 threshold=0.6861044764518738 change=0.0
[44/68] START ('augment_plsda_balanced', 'right', 'MLP') -> C:\Users\IHCK\Desktop\1_10_69Final\Hippocampal-Shape-Analysis-for-Epilepsy-Detection\Model_Results\dataset_runs_20261004_earlystop_oof_threshold\_logs\augment_plsda_balanced_right_MLP.log
[43/68] completed ('augment_plsda_balanced', 'right', 'SVM') seconds=11.27 test_accuracy=0.8181818181818182 AUC=0.7933673469387754 threshold=0.6761780326955905 change=0.0
[45/68] START ('augment_plsda_balanced', 'right', 'ResNet') -> C:\Users\IHCK\Desktop\1_10_69Final\Hippocampal-Shape-Analysis-for-Epilepsy-Detection\Model_Results\dataset_runs_20261004_earlystop_oof_threshold\_logs\augment_plsda_balanced_right_ResNet.log
[44/68] completed ('augment_plsda_balanced', 'right', 'MLP') seconds=10.17 test_accuracy=0.7922077922077922 AUC=0.8171768707482993 threshold=0.6217851638793945 change=-0.025974025974025983
[46/68] START ('augment_plsda_balanced', 'right', 'ResNetAE') -> C:\Users\IHCK\Desktop\1_10_69Final\Hippocampal-Shape-Analysis-for-Epilepsy-Detection\Model_Results\dataset_runs_20261004_earlystop_oof_threshold\_logs\augment_plsda_balanced_right_ResNetAE.log
[45/68] completed ('augment_plsda_balanced', 'right', 'ResNet') seconds=40.41 test_accuracy=0.8181818181818182 AUC=0.7465986394557823 threshold=0.5779648423194885 change=0.0
[47/68] START ('augment_plsda_balanced', 'right', 'MobileNet') -> C:\Users\IHCK\Desktop\1_10_69Final\Hippocampal-Shape-Analysis-for-Epilepsy-Detection\Model_Results\dataset_runs_20261004_earlystop_oof_threshold\_logs\augment_plsda_balanced_right_MobileNet.log
[46/68] completed ('augment_plsda_balanced', 'right', 'ResNetAE') seconds=76.7 test_accuracy=0.8311688311688312 AUC=0.7780612244897959 threshold=0.9736137986183167 change=0.025974025974025983
[48/68] START ('augment_plsda_balanced', 'right', 'SqueezeNet') -> C:\Users\IHCK\Desktop\1_10_69Final\Hippocampal-Shape-Analysis-for-Epilepsy-Detection\Model_Results\dataset_runs_20261004_earlystop_oof_threshold\_logs\augment_plsda_balanced_right_SqueezeNet.log
[47/68] completed ('augment_plsda_balanced', 'right', 'MobileNet') seconds=52.22 test_accuracy=0.8181818181818182 AUC=0.7721088435374149 threshold=0.5976212620735168 change=0.025974025974025983
[49/68] START ('plsda_latent_features', 'left', 'SVM') -> C:\Users\IHCK\Desktop\1_10_69Final\Hippocampal-Shape-Analysis-for-Epilepsy-Detection\Model_Results\dataset_runs_20261004_earlystop_oof_threshold\_logs\plsda_latent_features_left_SVM.log
[49/68] completed ('plsda_latent_features', 'left', 'SVM') seconds=2.97 test_accuracy=0.7945205479452054 AUC=0.8420621931260229 threshold=0.9161692403410756 change=0.0273972602739726
[50/68] START ('plsda_latent_features', 'left', 'MLP') -> C:\Users\IHCK\Desktop\1_10_69Final\Hippocampal-Shape-Analysis-for-Epilepsy-Detection\Model_Results\dataset_runs_20261004_earlystop_oof_threshold\_logs\plsda_latent_features_left_MLP.log
[50/68] completed ('plsda_latent_features', 'left', 'MLP') seconds=3.81 test_accuracy=0.8082191780821918 AUC=0.8477905073649754 threshold=0.5160877704620361 change=0.013698630136986356
[51/68] START ('plsda_latent_features', 'left', 'ResNet') -> C:\Users\IHCK\Desktop\1_10_69Final\Hippocampal-Shape-Analysis-for-Epilepsy-Detection\Model_Results\dataset_runs_20261004_earlystop_oof_threshold\_logs\plsda_latent_features_left_ResNet.log
[51/68] completed ('plsda_latent_features', 'left', 'ResNet') seconds=11.09 test_accuracy=0.7671232876712328 AUC=0.8657937806873977 threshold=0.48322010040283203 change=-0.0273972602739726
[52/68] START ('plsda_latent_features', 'left', 'ResNetAE') -> C:\Users\IHCK\Desktop\1_10_69Final\Hippocampal-Shape-Analysis-for-Epilepsy-Detection\Model_Results\dataset_runs_20261004_earlystop_oof_threshold\_logs\plsda_latent_features_left_ResNetAE.log
[48/68] completed ('augment_plsda_balanced', 'right', 'SqueezeNet') seconds=36.3 test_accuracy=0.7662337662337663 AUC=0.7593537414965986 threshold=0.7481832504272461 change=0.07792207792207795
[53/68] START ('plsda_latent_features', 'left', 'MobileNet') -> C:\Users\IHCK\Desktop\1_10_69Final\Hippocampal-Shape-Analysis-for-Epilepsy-Detection\Model_Results\dataset_runs_20261004_earlystop_oof_threshold\_logs\plsda_latent_features_left_MobileNet.log
[52/68] completed ('plsda_latent_features', 'left', 'ResNetAE') seconds=12.91 test_accuracy=0.7808219178082192 AUC=0.8625204582651391 threshold=0.5425112843513489 change=-0.013698630136986245
[54/68] START ('plsda_latent_features', 'left', 'SqueezeNet') -> C:\Users\IHCK\Desktop\1_10_69Final\Hippocampal-Shape-Analysis-for-Epilepsy-Detection\Model_Results\dataset_runs_20261004_earlystop_oof_threshold\_logs\plsda_latent_features_left_SqueezeNet.log
[54/68] completed ('plsda_latent_features', 'left', 'SqueezeNet') seconds=12.8 test_accuracy=0.7123287671232876 AUC=0.8445171849427169 threshold=0.5831376910209656 change=0.013698630136986245
[55/68] START ('plsda_latent_features', 'right', 'SVM') -> C:\Users\IHCK\Desktop\1_10_69Final\Hippocampal-Shape-Analysis-for-Epilepsy-Detection\Model_Results\dataset_runs_20261004_earlystop_oof_threshold\_logs\plsda_latent_features_right_SVM.log
[53/68] completed ('plsda_latent_features', 'left', 'MobileNet') seconds=15.55 test_accuracy=0.7808219178082192 AUC=0.8502454991816694 threshold=0.6021930575370789 change=0.0273972602739726
[56/68] START ('plsda_latent_features', 'right', 'MLP') -> C:\Users\IHCK\Desktop\1_10_69Final\Hippocampal-Shape-Analysis-for-Epilepsy-Detection\Model_Results\dataset_runs_20261004_earlystop_oof_threshold\_logs\plsda_latent_features_right_MLP.log
[55/68] completed ('plsda_latent_features', 'right', 'SVM') seconds=2.94 test_accuracy=0.8051948051948052 AUC=0.8324829931972789 threshold=0.7866268969840351 change=-0.012987012987012991
[57/68] START ('plsda_latent_features', 'right', 'ResNet') -> C:\Users\IHCK\Desktop\1_10_69Final\Hippocampal-Shape-Analysis-for-Epilepsy-Detection\Model_Results\dataset_runs_20261004_earlystop_oof_threshold\_logs\plsda_latent_features_right_ResNet.log
[56/68] completed ('plsda_latent_features', 'right', 'MLP') seconds=4.02 test_accuracy=0.8311688311688312 AUC=0.8341836734693877 threshold=0.5912917256355286 change=0.038961038961038974
[58/68] START ('plsda_latent_features', 'right', 'ResNetAE') -> C:\Users\IHCK\Desktop\1_10_69Final\Hippocampal-Shape-Analysis-for-Epilepsy-Detection\Model_Results\dataset_runs_20261004_earlystop_oof_threshold\_logs\plsda_latent_features_right_ResNetAE.log
[57/68] completed ('plsda_latent_features', 'right', 'ResNet') seconds=13.97 test_accuracy=0.8311688311688312 AUC=0.8222789115646258 threshold=0.38189348578453064 change=0.012987012987012991
[59/68] START ('plsda_latent_features', 'right', 'MobileNet') -> C:\Users\IHCK\Desktop\1_10_69Final\Hippocampal-Shape-Analysis-for-Epilepsy-Detection\Model_Results\dataset_runs_20261004_earlystop_oof_threshold\_logs\plsda_latent_features_right_MobileNet.log
[58/68] completed ('plsda_latent_features', 'right', 'ResNetAE') seconds=15.16 test_accuracy=0.8181818181818182 AUC=0.8350340136054422 threshold=0.7488524913787842 change=0.0
[60/68] START ('plsda_latent_features', 'right', 'SqueezeNet') -> C:\Users\IHCK\Desktop\1_10_69Final\Hippocampal-Shape-Analysis-for-Epilepsy-Detection\Model_Results\dataset_runs_20261004_earlystop_oof_threshold\_logs\plsda_latent_features_right_SqueezeNet.log
[59/68] completed ('plsda_latent_features', 'right', 'MobileNet') seconds=16.61 test_accuracy=0.8311688311688312 AUC=0.8018707482993197 threshold=0.34108102321624756 change=0.0
[61/68] START ('pointnet_raw', 'left', 'PointNet') -> C:\Users\IHCK\Desktop\1_10_69Final\Hippocampal-Shape-Analysis-for-Epilepsy-Detection\Model_Results\dataset_runs_20261004_earlystop_oof_threshold\_logs\pointnet_raw_left_PointNet.log
[60/68] completed ('plsda_latent_features', 'right', 'SqueezeNet') seconds=14.19 test_accuracy=0.8701298701298701 AUC=0.8613945578231292 threshold=0.5937864184379578 change=0.012987012987012991
[62/68] START ('pointnet_raw', 'right', 'PointNet') -> C:\Users\IHCK\Desktop\1_10_69Final\Hippocampal-Shape-Analysis-for-Epilepsy-Detection\Model_Results\dataset_runs_20261004_earlystop_oof_threshold\_logs\pointnet_raw_right_PointNet.log
[61/68] completed ('pointnet_raw', 'left', 'PointNet') seconds=39.16 test_accuracy=0.6438356164383562 AUC=0.4959083469721767 threshold=0.6788003444671631 change=0.28767123287671237
[63/68] START ('pointnet_raw_balanced_jitter', 'left', 'PointNet') -> C:\Users\IHCK\Desktop\1_10_69Final\Hippocampal-Shape-Analysis-for-Epilepsy-Detection\Model_Results\dataset_runs_20261004_earlystop_oof_threshold\_logs\pointnet_raw_balanced_jitter_left_PointNet.log
[62/68] completed ('pointnet_raw', 'right', 'PointNet') seconds=40.16 test_accuracy=0.7012987012987013 AUC=0.6726190476190476 threshold=0.8837752342224121 change=0.1558441558441559
[64/68] START ('pointnet_raw_balanced_jitter', 'right', 'PointNet') -> C:\Users\IHCK\Desktop\1_10_69Final\Hippocampal-Shape-Analysis-for-Epilepsy-Detection\Model_Results\dataset_runs_20261004_earlystop_oof_threshold\_logs\pointnet_raw_balanced_jitter_right_PointNet.log
[63/68] completed ('pointnet_raw_balanced_jitter', 'left', 'PointNet') seconds=53.95 test_accuracy=0.4794520547945205 AUC=0.7847790507364977 threshold=0.7767987847328186 change=0.0
[65/68] START ('pointnet_plsda', 'left', 'PointNet') -> C:\Users\IHCK\Desktop\1_10_69Final\Hippocampal-Shape-Analysis-for-Epilepsy-Detection\Model_Results\dataset_runs_20261004_earlystop_oof_threshold\_logs\pointnet_plsda_left_PointNet.log
[64/68] completed ('pointnet_raw_balanced_jitter', 'right', 'PointNet') seconds=64.14 test_accuracy=0.7402597402597403 AUC=0.7006802721088435 threshold=0.4302304685115814 change=0.0
[66/68] START ('pointnet_plsda', 'right', 'PointNet') -> C:\Users\IHCK\Desktop\1_10_69Final\Hippocampal-Shape-Analysis-for-Epilepsy-Detection\Model_Results\dataset_runs_20261004_earlystop_oof_threshold\_logs\pointnet_plsda_right_PointNet.log
[65/68] completed ('pointnet_plsda', 'left', 'PointNet') seconds=45.88 test_accuracy=0.7534246575342466 AUC=0.6718494271685761 threshold=0.5306949019432068 change=0.013698630136986356
[67/68] START ('plsda_direct', 'left', 'PLSDA') -> C:\Users\IHCK\Desktop\1_10_69Final\Hippocampal-Shape-Analysis-for-Epilepsy-Detection\Model_Results\dataset_runs_20261004_earlystop_oof_threshold\_logs\plsda_direct_left_PLSDA.log
[67/68] completed ('plsda_direct', 'left', 'PLSDA') seconds=2.59 test_accuracy=0.8356164383561644 AUC=0.8428805237315875 threshold=0.6014787143493079 change=0.06849315068493156
[68/68] START ('plsda_direct', 'right', 'PLSDA') -> C:\Users\IHCK\Desktop\1_10_69Final\Hippocampal-Shape-Analysis-for-Epilepsy-Detection\Model_Results\dataset_runs_20261004_earlystop_oof_threshold\_logs\plsda_direct_right_PLSDA.log
[68/68] completed ('plsda_direct', 'right', 'PLSDA') seconds=2.53 test_accuracy=0.8311688311688312 AUC=0.842687074829932 threshold=0.4897012206090581 change=0.0
[66/68] completed ('pointnet_plsda', 'right', 'PointNet') seconds=46.12 test_accuracy=0.7142857142857143 AUC=0.7559523809523809 threshold=0.6070055365562439 change=0.012987012987012991
Completed=68 Failed=0 Reused=0
